[INFO] Scanning for projects...
[WARNING] 
[WARNING] Some problems were encountered while building the effective model for cn.kong:reader-engine:jar:1.0.0
[WARNING] 'dependencies.dependency.systemPath' for com.github.gedoor:rhino-android:jar should not point at files within the project directory, ${project.basedir}/src/lib/rhino-1.7.13-1.jar will be unresolvable by dependent projects @ line 108, column 25
[WARNING] 'dependencies.dependency.systemPath' for xmlpull:xmlpull:jar should not point at files within the project directory, ${project.basedir}/src/lib/xmlpull-1.1.3.1.jar will be unresolvable by dependent projects @ line 193, column 25
[WARNING] 
[WARNING] It is highly recommended to fix these problems because they threaten the stability of your build.
[WARNING] 
[WARNING] For this reason, future Maven versions might no longer support building such malformed projects.
[WARNING] 
[INFO] 
[INFO] -----------------------< cn.kong:reader-engine >------------------------
[INFO] Building reader-engine 1.0.0
[INFO] --------------------------------[ jar ]---------------------------------
[INFO] 
[INFO] --- jacoco-maven-plugin:0.8.11:prepare-agent (default) @ reader-engine ---
[INFO] argLine set to -javaagent:E:\\Maven\\maven_repository\\org\\jacoco\\org.jacoco.agent\\0.8.11\\org.jacoco.agent-0.8.11-runtime.jar=destfile=E:\\WorkSpace\\IDEA\\reader-engine\\target\\jacoco.exec
[INFO] 
[INFO] --- kotlin-maven-plugin:1.8.22:compile (compile) @ reader-engine ---
[WARNING] E:\WorkSpace\IDEA\reader-engine\src\main\kotlin\io\legado\app\model\Debugger.kt: (151, 32) Unnecessary safe call on a non-null receiver of type List<BookChapter>
[WARNING] E:\WorkSpace\IDEA\reader-engine\src\main\kotlin\io\legado\app\model\analyzeRule\AnalyzeByJSoup.kt: (318, 61) Unchecked cast: Any to Triple<Int?, Int?, Int>
[WARNING] E:\WorkSpace\IDEA\reader-engine\src\main\kotlin\io\legado\app\model\analyzeRule\AnalyzeByJSoup.kt: (357, 59) Type mismatch: inferred type is Nothing? but Element was expected
[WARNING] E:\WorkSpace\IDEA\reader-engine\src\main\kotlin\io\legado\app\model\analyzeRule\AnalyzeByJSoup.kt: (359, 36) Type mismatch: inferred type is List<Nothing?> but Collection<Element> was expected
[WARNING] E:\WorkSpace\IDEA\reader-engine\src\main\kotlin\io\legado\app\model\analyzeRule\AnalyzeRule.kt: (637, 24) Unnecessary safe call on a non-null receiver of type RuleDataInterface
[WARNING] E:\WorkSpace\IDEA\reader-engine\src\main\kotlin\io\legado\app\model\analyzeRule\AnalyzeUrl.kt: (344, 9) Parameter 'jsStr' is never used
[WARNING] E:\WorkSpace\IDEA\reader-engine\src\main\kotlin\io\legado\app\model\analyzeRule\AnalyzeUrl.kt: (345, 9) Parameter 'sourceRegex' is never used
[WARNING] E:\WorkSpace\IDEA\reader-engine\src\main\kotlin\io\legado\app\utils\ACache.kt: (14, 44) Parameter 'saveTime' is never used
[WARNING] E:\WorkSpace\IDEA\reader-engine\src\main\kotlin\io\legado\app\utils\ACache.kt: (18, 41) Parameter 'saveTime' is never used
[WARNING] E:\WorkSpace\IDEA\reader-engine\src\main\kotlin\io\legado\app\utils\FileUtils.kt: (641, 21) Parameter 'pathOrUrl' is never used
[INFO] 
[INFO] --- maven-resources-plugin:3.2.0:resources (default-resources) @ reader-engine ---
[INFO] Using 'UTF-8' encoding to copy filtered resources.
[INFO] Using 'UTF-8' encoding to copy filtered properties files.
[INFO] Copying 0 resource
[INFO] Copying 1 resource
[INFO] 
[INFO] --- maven-compiler-plugin:3.10.1:compile (default-compile) @ reader-engine ---
[INFO] Changes detected - recompiling the module!
[INFO] Compiling 5 source files to E:\WorkSpace\IDEA\reader-engine\target\classes
[INFO] 
[INFO] --- maven-resources-plugin:3.2.0:testResources (default-testResources) @ reader-engine ---
[INFO] Using 'UTF-8' encoding to copy filtered resources.
[INFO] Using 'UTF-8' encoding to copy filtered properties files.
[INFO] Copying 8 resources
[INFO] 
[INFO] --- maven-compiler-plugin:3.10.1:testCompile (default-testCompile) @ reader-engine ---
[INFO] Changes detected - recompiling the module!
[INFO] Compiling 2 source files to E:\WorkSpace\IDEA\reader-engine\target\test-classes
[INFO] 
[INFO] --- kotlin-maven-plugin:1.8.22:test-compile (test-compile) @ reader-engine ---
[WARNING] No sources found skipping Kotlin compile
[INFO] 
[INFO] --- maven-surefire-plugin:2.22.2:test (default-test) @ reader-engine ---
[INFO] 
[INFO] -------------------------------------------------------
[INFO]  T E S T S
[INFO] -------------------------------------------------------
[INFO] Running cn.kong.app.model.NovelSourceTest
21:11:34.830 [main] INFO cn.kong.app.model.NovelSourceTest - ========== ��Դ�������̲��� ==========
21:11:35.112 [main] DEBUG com.jayway.jsonpath.internal.path.CompiledPath - Evaluating path: $
21:11:35.173 [main] INFO cn.kong.app.model.NovelSourceTest - 
���������� ? ����С˵ (http://www.80ge.info) ����������
21:11:35.173 [main] INFO cn.kong.app.model.NovelSourceTest - 
  -------- �ؼ��� [���Ʋ��] --------
21:11:35.173 [main] INFO cn.kong.app.model.NovelSourceTest -   --- Step 1: ���� [���Ʋ��] ---
21:11:35.483 [OkHttp http://www.80ge.info/...] DEBUG io.legado.app.model.DebugLog - --> POST http://www.80ge.info/modules/article/search.php http/1.1
21:11:35.483 [OkHttp http://www.80ge.info/...] DEBUG io.legado.app.model.DebugLog - User-Agent: Mozilla/5.0 (Windows NT 10.0; Win64; x64) AppleWebKit/537.36 (KHTML, like Gecko) Chrome/75.0.3770.142 Safari/537.36
21:11:35.483 [OkHttp http://www.80ge.info/...] DEBUG io.legado.app.model.DebugLog - Keep-Alive: 300
21:11:35.483 [OkHttp http://www.80ge.info/...] DEBUG io.legado.app.model.DebugLog - Connection: Keep-Alive
21:11:35.483 [OkHttp http://www.80ge.info/...] DEBUG io.legado.app.model.DebugLog - Cache-Control: no-cache
21:11:35.483 [OkHttp http://www.80ge.info/...] DEBUG io.legado.app.model.DebugLog - Content-Type: application/x-www-form-urlencoded
21:11:35.483 [OkHttp http://www.80ge.info/...] DEBUG io.legado.app.model.DebugLog - Content-Length: 69
21:11:35.483 [OkHttp http://www.80ge.info/...] DEBUG io.legado.app.model.DebugLog - Host: www.80ge.info
21:11:35.484 [OkHttp http://www.80ge.info/...] DEBUG io.legado.app.model.DebugLog - Accept-Encoding: gzip
21:11:35.484 [OkHttp http://www.80ge.info/...] DEBUG io.legado.app.model.DebugLog - 
21:11:35.484 [OkHttp http://www.80ge.info/...] DEBUG io.legado.app.model.DebugLog - searchkey=%E6%96%97%E7%A0%B4%E8%8B%8D%E7%A9%B9&searchtype=articlename
21:11:35.484 [OkHttp http://www.80ge.info/...] DEBUG io.legado.app.model.DebugLog - --> END POST (69-byte body)
21:11:35.749 [OkHttp http://www.80ge.info/...] DEBUG io.legado.app.model.DebugLog - <-- 200 OK http://www.80ge.info/modules/article/search.php (263ms)
21:11:35.749 [OkHttp http://www.80ge.info/...] DEBUG io.legado.app.model.DebugLog - Server: nginx
21:11:35.749 [OkHttp http://www.80ge.info/...] DEBUG io.legado.app.model.DebugLog - Date: Fri, 14 Aug 2026 13:11:35 GMT
21:11:35.749 [OkHttp http://www.80ge.info/...] DEBUG io.legado.app.model.DebugLog - Content-Type: text/html; charset=UTF-8
21:11:35.749 [OkHttp http://www.80ge.info/...] DEBUG io.legado.app.model.DebugLog - Transfer-Encoding: chunked
21:11:35.749 [OkHttp http://www.80ge.info/...] DEBUG io.legado.app.model.DebugLog - Connection: keep-alive
21:11:35.749 [OkHttp http://www.80ge.info/...] DEBUG io.legado.app.model.DebugLog - Content-Encoding: gzip
21:11:35.749 [OkHttp http://www.80ge.info/...] DEBUG io.legado.app.model.DebugLog - Cache-Control: max-age=600
21:11:36.124 [OkHttp http://www.80ge.info/...] DEBUG io.legado.app.model.DebugLog - 
21:11:36.132 [OkHttp http://www.80ge.info/...] DEBUG io.legado.app.model.DebugLog - <!DOCTYPE html PUBLIC "-//W3C//DTD XHTML 1.0 Transitional//EN" "http://www.w3.org/TR/xhtml1/DTD/xhtml1-transitional.dtd"><html xmlns="http://www.w3.org/1999/xhtml"><head><meta http-equiv="Content-Type" content="text/html; charset=utf-8" /><meta name="renderer" content="webkit" /><title>�롰����ص��鼮 - ���������(80ge.info)</title><link type="text/css" rel="stylesheet" href="/skin/style.css" /><script type="text/javascript" src="/skin/com.js"></script>
<script src="/3VoXzBkr/n5CFlgZnRx.js"></script><script type="text/javascript" src="/skin/btn.js"></script></head><body>
<div id="container">
<div class="topnave">
<div class="pad_width">
<script>login();shoucang();</script>
</div>
</div>
<div id="head">
<div class="head_frame">
<div id="logo"><a href="http://www.80ge.info"><img src="http://img.80ge.info/skin/image/logo.gif" alt="���������" /></a></div>
<div id="banner"><script>banner();</script></div>
<div id="head_search">
<div id="search">
<label class="reg"><a href="http://www.80ge.info/top/lastupdate/1.html" target="_blank">������µ�С˵</a></label>
<label class="login"><a href="http://www.80ge.info/top/toptime/1.html" target="_blank">�༭�Ƽ���С˵</a></label>
<script>search_tag();</script>
</div>
</div>
</div>
<div id="menu">
<div id="nav">
<ul>
<li><span>������</span></li><li class="menu_txt"></li>
<li><a href="/sort3/1.html" title="�������">�������</a></li><li class="menu_txt"></li>
<li><a href="/sort13/1.html" title="���ħ��" >���ħ��</a></li><li class="menu_txt"></li>
<li><a href="/sort1/1.html" title="��������">��������</a></li><li class="menu_txt"></li>
<li><a href="/sort12/1.html" title="��������" >��������</a></li><li class="menu_txt"></li>
<li><a href="/sort14/1.html" title="��������" >��������</a></li><li class="menu_txt"></li>
<li><a href="/sort15/1.html" title="��������" >��������</a></li><li class="menu_txt"></li>
<li><a href="/sort9/1.html" title="δ������" >δ������</a></li><li class="menu_txt"></li>
<li><a href="/sort10/1.html" title="������" >������</a></li><li class="menu_txt"></li>
<li><a href="/sort22/1.html" title="̽�ս���" >̽�ս���</a></li><li class="menu_txt"></li>
<li><a href="/sort6/1.html" title="��ʷ����" >��ʷ����</a></li><li class="menu_txt"></li>
<li><a href="/sort7/1.html" title="���־���" >���־���</a></li><li class="menu_txt"></li>
<li><a href="/sort16/1.html" title="��������" >����</a></li><li class="menu_txt"></li>
<li><a href="/sort8/1.html" title="��������" >����</a></li><li class="menu_txt"></li>
</ul>
</div>
<div id="nav">
<ul>
<li><span>Ů����</span></li><li class="menu_txt"></li>
<li><a href="/sort2/1.html" title="ħ��Ůǿ">ħ��Ůǿ</a></li><li class="menu_txt"></li>
<li><a href="/sort4/1.html" title="���л���">���л���</a></li><li class="menu_txt"></li>
<li><a href="/sort5/1.html" title="�ٺ�֮��" >�ٺ�֮��</a></li><li class="menu_txt"></li>
<li><a href="/sort11/1.html" title="ͬ������" >ͬ������</a></li><li class="menu_txt"></li>
<li><a href="/sort17/1.html" title="��Խ�ܿ�" >��Խ�ܿ�</a></li><li class="menu_txt"></li>
<li><a href="/sort18/1.html" title="���ҹ���" >���ҹ���</a></li><li class="menu_txt"></li>
<li><a href="/sort19/1.html" title="ħ��У԰" >ħ��У԰</a></li><li class="menu_txt"></li>
<li><a href="/sort20/1.html" title="��������" >��������</a></li><li class="menu_txt"></li>
<li><a href="/sort21/1.html" title="��ְ��ս" >��ְ��ս</a></li><li class="menu_txt"></li>
<li><a href="/sort23/1.html" title="�����ս" >�����ս</a></li><li class="menu_txt"></li>
<li><a href="/sort24/1.html" title="Ψ������" >Ψ������</a></li><li class="menu_txt"></li>
<li><a href="/sort25/1.html" title="ʫ���ļ�" >ʫ���ļ�</a></li>
</ul>
</div>
</div>
</div>
<div class="main">
<div id="centerl"><div id="content">
<link type="text/css" rel="stylesheet" href="/skin/css/list.css" />
<table class="grid" width="100%" align="center">
<caption>�롰<span style="color: blue"></span>����ص��鼮</caption>
<tr>
<div class="storelistbt5"> 
<ul>
<li class="storelistbt5a">
<a href="http://www.80ge.info/txtxz/426.html" target="_blank"><img src="http://img.80ge.info/0/426/426s.jpg" title="���Ʋ��"></a>
<a href="http://www.80ge.info/txtxz/426.html" title="���Ʋ��TXTȫ������" class="bookname" target="_blank">�����Ʋ�񷡷TXT����</a><span class="bookdata">�ܵ����3695138</span>
<p>���ߣ�<a href="/author/�������/" target="_blank">�������</a>���ࣺ�������</p>
<p> ...</p>
<p>״̬:<span class="strong blue">�����</span> ����:19-04-02 �����½�:����Ԫ����������ϴ�����ӭ����Ķ��� </p>
</li>
<li class="storelistbt5b">
<p><a href="http://www.80ge.info/txtxz/426.html" target="_blank">TXT����</a></p>
<p><a rel="nofollow" href="Javascript:void(0);" onclick="javascript:vote(426);">Ͷ�Ƽ�Ʊ</a></p>
<p><a rel="nofollow" href="Javascript:void(0);" onclick="javascript:addbookcase(426);">�������</a></p>
</li>
</ul>
</div>
  </tr>
<tr>
<div class="storelistbt5"> 
<ul>
<li class="storelistbt5a">
<a href="http://www.80ge.info/txtxz/80974.html" target="_blank"><img src="http://img.80ge.info/80/80974/80974s.jpg" title="��Խ���Ʋ��"></a>
<a href="http://www.80ge.info/txtxz/80974.html" title="��Խ���Ʋ��TXTȫ������" class="bookname" target="_blank">����Խ���Ʋ�񷡷TXT����</a><span class="bookdata">�ܵ����98560</span>
<p>���ߣ�<a href="/author/��ʱһ��/" target="_blank">��ʱһ��</a>���ࣺ��������</p>
<p>    (����:����ʥ���Ҵ���硷�ѷ�������֧�֣�)һ����������������Լ���Խ�����һ��Ǵ�Խ�����Ʋ��������ˣ��������ˣ�һ���ǳ�ţ�Ƶ�ϵͳ��    һ�������磬һ���������һ���ľ��飬��һ���ĸо��������������𣬶� ...</p>
<p>״̬:<span class="strong blue">�����</span> ����:18-09-27 �����½�:��Ů���� </p>
</li>
<li class="storelistbt5b">
<p><a href="http://www.80ge.info/txtxz/80974.html" target="_blank">TXT����</a></p>
<p><a rel="nofollow" href="Javascript:void(0);" onclick="javascript:vote(80974);">Ͷ�Ƽ�Ʊ</a></p>
<p><a rel="nofollow" href="Javascript:void(0);" onclick="javascript:addbookcase(80974);">�������</a></p>
</li>
</ul>
</div>
  </tr>
<tr>
<div class="storelistbt5"> 
<ul>
<li class="storelistbt5a">
<a href="http://www.80ge.info/txtxz/98149.html" target="_blank"><img src="http://img.80ge.info/98/98149/98149s.jpg" title="���Ʋ��.2"></a>
<a href="http://www.80ge.info/txtxz/98149.html" title="���Ʋ��.2TXTȫ������" class="bookname" target="_blank">�����Ʋ��.2��TXT����</a><span class="bookdata">�ܵ����17439</span>
<p>���ߣ�<a href="/author/������/" target="_blank">������</a>���ࣺ��������</p>
<p>    ��ʮ��Ӷ�����ʮ���������Ѫ�����ڣ�Ī�������������ƽ����ˣ������������еĶ��ƻ�û����ᣡ    �ֵ���������һ������������Ʋ�񷣡 ...</p>
<p>״̬:<span class="strong green">������</span> ����:19-06-25 �����½�:���� �ϲ���Ϯ_��325�£��쳾Ӱ���ճ��Σ����֣� </p>
</li>
<li class="storelistbt5b">
<p><a href="http://www.80ge.info/txtxz/98149.html" target="_blank">TXT����</a></p>
<p><a rel="nofollow" href="Javascript:void(0);" onclick="javascript:vote(98149);">Ͷ�Ƽ�Ʊ</a></p>
<p><a rel="nofollow" href="Javascript:void(0);" onclick="javascript:addbookcase(98149);">�������</a></p>
</li>
</ul>
</div>
  </tr>
<tr>
<div class="storelistbt5"> 
<ul>
<li class="storelistbt5a">
<a href="http://www.80ge.info/txtxz/27687.html" target="_blank"><img src="http://img.80ge.info/27/27687/27687s.jpg" title="���Ʋ������"></a>
<a href="http://www.80ge.info/txtxz/27687.html" title="���Ʋ������TXTȫ������" class="bookname" target="_blank">�����Ʋ��������TXT����</a><span class="bookdata">�ܵ����97267</span>
<p>���ߣ�<a href="/author/������/" target="_blank">������</a>���ࣺ��������</p>
<p>    ����ɢ��½���ڵ�������ٵ�ʱ�����һ������ը��Ѫ��׷ɡ���꿿��ǿ�����Ϊ�����漣���Ʈɢ����������������һ�������İ��䶷��������ү���ϡ���������������������ħ���ݺ������������һ��������еľ���
 ...</p>
<p>״̬:<span class="strong green">������</span> ����:13-09-24 �����½�:���ĵ���ʮ���� ��ȥ������ȥ </p>
</li>
<li class="storelistbt5b">
<p><a href="http://www.80ge.info/txtxz/27687.html" target="_blank">TXT����</a></p>
<p><a rel="nofollow" href="Javascript:void(0);" onclick="javascript:vote(27687);">Ͷ�Ƽ�Ʊ</a></p>
<p><a rel="nofollow" href="Javascript:void(0);" onclick="javascript:addbookcase(27687);">�������</a></p>
</li>
</ul>
</div>
  </tr>
<tr>
<div class="storelistbt5"> 
<ul>
<li class="storelistbt5a">
<a href="http://www.80ge.info/txtxz/20696.html" target="_blank"><img src="http://img.80ge.info/modules/article/images/nocover.jpg" title="�����"></a>
<a href="http://www.80ge.info/txtxz/20696.html" title="�����TXTȫ������" class="bookname" target="_blank">������ơ�TXT����</a><span class="bookdata">�ܵ����5016</span>
<p>���ߣ�<a href="/author/ͽ���ǿ�/" target="_blank">ͽ���ǿ�</a>���ࣺ�������</p>
<p>    �������������Ʋ�񷣡����
 ...</p>
<p>״̬:<span class="strong green">������</span> ����:13-07-14 �����½�:����ʮ���� �м� </p>
</li>
<li class="storelistbt5b">
<p><a href="http://www.80ge.info/txtxz/20696.html" target="_blank">TXT����</a></p>
<p><a rel="nofollow" href="Javascript:void(0);" onclick="javascript:vote(20696);">Ͷ�Ƽ�Ʊ</a></p>
<p><a rel="nofollow" href="Javascript:void(0);" onclick="javascript:addbookcase(20696);">�������</a></p>
</li>
</ul>
</div>
  </tr>
<tr>
<div class="storelistbt5"> 
<ul>
<li class="storelistbt5a">
<a href="http://www.80ge.info/txtxz/502.html" target="_blank"><img src="http://img.80ge.info/0/502/502s.jpg" title="��Խ���Ʋ��֮����"></a>
<a href="http://www.80ge.info/txtxz/502.html" title="��Խ���Ʋ��֮����TXTȫ������" class="bookname" target="_blank">����Խ���Ʋ��֮���ۡ�TXT����</a><span class="bookdata">�ܵ����80067</span>
<p>���ߣ�<a href="/author/��������/" target="_blank">��������</a>���ࣺħ������</p>
<p>
    ��������������ʵ��Խǿ������Խ�����ο������ƿ���������ĵۼ�ǿ�ߣ�Ϊ�λ�ͻȻȫ����ʧ���أ�����ʧ�٣�����ʧ��
    ���ܹ���ǿ��ͻ�Ƴ�Ϊ�ۼ����ֵı�Դ��������β�������Ϊ�λ���ʧ�أ�
    �����峤ǧ ...</p>
<p>״̬:<span class="strong blue">�����</span> ����:13-05-26 �����½�:��417�� ������� </p>
</li>
<li class="storelistbt5b">
<p><a href="http://www.80ge.info/txtxz/502.html" target="_blank">TXT����</a></p>
<p><a rel="nofollow" href="Javascript:void(0);" onclick="javascript:vote(502);">Ͷ�Ƽ�Ʊ</a></p>
<p><a rel="nofollow" href="Javascript:void(0);" onclick="javascript:addbookcase(502);">�������</a></p>
</li>
</ul>
</div>
  </tr>
<tr>
<div class="storelistbt5"> 
<ul>
<li class="storelistbt5a">
<a href="http://www.80ge.info/txtxz/80701.html" target="_blank"><img src="http://img.80ge.info/80/80701/80701s.jpg" title="�Ӷ��Ʋ�񷿪ʼ��"></a>
<a href="http://www.80ge.info/txtxz/80701.html" title="�Ӷ��Ʋ�񷿪ʼ��TXTȫ������" class="bookname" target="_blank">���Ӷ��Ʋ�񷿪ʼ�㡷TXT����</a><span class="bookdata">�ܵ����38683</span>
<p>���ߣ�<a href="/author/���޾�/" target="_blank">���޾�</a>���ࣺδ������</p>
<p>    ���޵�ˬ�ġ����Σ�����ָһ������ɽ���飬������    ����գ���Ϊʦһ��̤���ƣ��ԣ�񷣡�����ƣ���ǣ�����ϵ�С���֣�������Ȼͽ����������ҵĴ��ţ������������˻�ģ�����һ�ã�����������������ϧ�Ŀ��ŷ�ɫ���꣬ ...</p>
<p>״̬:<span class="strong green">������</span> ����:19-01-01 �����½�:��208�� ������������ǣ� </p>
</li>
<li class="storelistbt5b">
<p><a href="http://www.80ge.info/txtxz/80701.html" target="_blank">TXT����</a></p>
<p><a rel="nofollow" href="Javascript:void(0);" onclick="javascript:vote(80701);">Ͷ�Ƽ�Ʊ</a></p>
<p><a rel="nofollow" href="Javascript:void(0);" onclick="javascript:addbookcase(80701);">�������</a></p>
</li>
</ul>
</div>
  </tr>
<tr>
<div class="storelistbt5"> 
<ul>
<li class="storelistbt5a">
<a href="http://www.80ge.info/txtxz/95785.html" target="_blank"><img src="http://img.80ge.info/95/95785/95785s.jpg" title="���Ʋ����֮�׵�"></a>
<a href="http://www.80ge.info/txtxz/95785.html" title="���Ʋ����֮�׵�TXTȫ������" class="bookname" target="_blank">�����Ʋ����֮�׵ۡ�TXT����</a><span class="bookdata">�ܵ����32378</span>
<p>���ߣ�<a href="/author/������ϼ/" target="_blank">������ϼ</a>���ࣺ��������</p>
<p>    �����߽磬������棡    �����߽磬Ϊ�����ˣ�    ������ƣ�����ϳ���    �����׼������֮����    ����ɯ����ʯ��֮ͫ��    Ѭ����֪������һЦ��    ���������ѣ�һ�趯�ķ���    ��������ղ� ...</p>
<p>״̬:<span class="strong green">������</span> ����:23-09-11 �����½�:�������ˣ�ȫְ��ʦ֮��������ߣ� </p>
</li>
<li class="storelistbt5b">
<p><a href="http://www.80ge.info/txtxz/95785.html" target="_blank">TXT����</a></p>
<p><a rel="nofollow" href="Javascript:void(0);" onclick="javascript:vote(95785);">Ͷ�Ƽ�Ʊ</a></p>
<p><a rel="nofollow" href="Javascript:void(0);" onclick="javascript:addbookcase(95785);">�������</a></p>
</li>
</ul>
</div>
  </tr>
<tr>
<div class="storelistbt5"> 
<ul>
<li class="storelistbt5a">
<a href="http://www.80ge.info/txtxz/183071.html" target="_blank"><img src="http://img.80ge.info/183/183071/183071s.jpg" title="���Ʋ�񷣺������ҫ"></a>
<a href="http://www.80ge.info/txtxz/183071.html" title="���Ʋ�񷣺������ҫTXTȫ������" class="bookname" target="_blank">�����Ʋ�񷣺������ҫ��TXT����</a><span class="bookdata">�ܵ����0</span>
<p>���ߣ�<a href="/author/���˲���Ȱ/" target="_blank">���˲���Ȱ</a>���ࣺ�������</p>
<p>    Զ�ŵ��������֮�����ǿ����ϡ�����ʣ����������ħ�޲��壿������Ϣ���춦�����䣬�����Ĳ��㣬�����Ĵ��졭��Щδ��������δ�������������������Լ�����֮��Ĺ��£�һ�����Ӿ��ʷ׳ʵĶ�����½�� ...</p>
<p>״̬:<span class="strong green">������</span> ����:24-02-21 �����½�:�ڶ�ʮ���£����� </p>
</li>
<li class="storelistbt5b">
<p><a href="http://www.80ge.info/txtxz/183071.html" target="_blank">TXT����</a></p>
<p><a rel="nofollow" href="Javascript:void(0);" onclick="javascript:vote(183071);">Ͷ�Ƽ�Ʊ</a></p>
<p><a rel="nofollow" href="Javascript:void(0);" onclick="javascript:addbookcase(183071);">�������</a></p>
</li>
</ul>
</div>
  </tr>
<tr>
<div class="storelistbt5"> 
<ul>
<li class="storelistbt5a">
<a href="http://www.80ge.info/txtxz/34583.html" target="_blank"><img src="http://img.80ge.info/34/34583/34583s.jpg" title="ս������ڶ��Ʋ��"></a>
<a href="http://www.80ge.info/txtxz/34583.html" title="ս������ڶ��Ʋ��TXTȫ������" class="bookname" target="_blank">��ս������ڶ��Ʋ�񷡷TXT����</a><span class="bookdata">�ܵ����58552</span>
<p>���ߣ�<a href="/author/����ĵ���/" target="_blank">����ĵ���</a>���ࣺ����ͬ��</p>
<p>    ����ͬ�ˣ�����ʿ���룡��ϲ�������Ƶ����У�
 ...</p>
<p>״̬:<span class="strong blue">�����</span> ����:17-07-27 �����½�:���� ��һ������  �����½� </p>
</li>
<li class="storelistbt5b">
<p><a href="http://www.80ge.info/txtxz/34583.html" target="_blank">TXT����</a></p>
<p><a rel="nofollow" href="Javascript:void(0);" onclick="javascript:vote(34583);">Ͷ�Ƽ�Ʊ</a></p>
<p><a rel="nofollow" href="Javascript:void(0);" onclick="javascript:addbookcase(34583);">�������</a></p>
</li>
</ul>
</div>
  </tr>
<tr>
<div class="storelistbt5"> 
<ul>
<li class="storelistbt5a">
<a href="http://www.80ge.info/txtxz/95314.html" target="_blank"><img src="http://img.80ge.info/95/95314/95314s.jpg" title="���Ʋ��֮����ϵͳ"></a>
<a href="http://www.80ge.info/txtxz/95314.html" title="���Ʋ��֮����ϵͳTXTȫ������" class="bookname" target="_blank">�����Ʋ��֮����ϵͳ��TXT����</a><span class="bookdata">�ܵ����10395</span>
<p>���ߣ�<a href="/author/����׷��/" target="_blank">����׷��</a>���ࣺ��������</p>
<p>    ӵ���붷�Ʋ��������ͬ���ֵ����ף�ȴ����Ϊ��ʱ�䰾ҹͨ�����������Ĵ�Խ���˶������磬��Ī������ı�����Ӱ����ϵͳ���󶨣��Ӵ��Ժ�������̤����һ�����翪��һ���Ϊǿ�ߵ�·;��    �������ƣ���    �����С�� ...</p>
<p>״̬:<span class="strong green">������</span> ����:20-01-09 �����½�:��������ʮ���� ��Ѫħ���� </p>
</li>
<li class="storelistbt5b">
<p><a href="http://www.80ge.info/txtxz/95314.html" target="_blank">TXT����</a></p>
<p><a rel="nofollow" href="Javascript:void(0);" onclick="javascript:vote(95314);">Ͷ�Ƽ�Ʊ</a></p>
<p><a rel="nofollow" href="Javascript:void(0);" onclick="javascript:addbookcase(95314);">�������</a></p>
</li>
</ul>
</div>
  </tr>
<tr>
<div class="storelistbt5"> 
<ul>
<li class="storelistbt5a">
<a href="http://www.80ge.info/txtxz/77562.html" target="_blank"><img src="http://img.80ge.info/77/77562/77562s.jpg" title="�����Ӷ��Ʋ�񷿪ʼ"></a>
<a href="http://www.80ge.info/txtxz/77562.html" title="�����Ӷ��Ʋ�񷿪ʼTXTȫ������" class="bookname" target="_blank">�������Ӷ��Ʋ�񷿪ʼ��TXT����</a><span class="bookdata">�ܵ����156633</span>
<p>���ߣ�<a href="/author/�����о�/" target="_blank">�����о�</a>���ࣺ��������</p>
<p>    ϵͳ���֣��������У������������ϵͳ���Ӷ��Ʋ�񷿪ʼ�������Ӵ��ݺ�������硭�� ...</p>
<p>״̬:<span class="strong green">������</span> ����:21-08-21 �����½�:�������ʮ���� �ȳ��׵����� </p>
</li>
<li class="storelistbt5b">
<p><a href="http://www.80ge.info/txtxz/77562.html" target="_blank">TXT����</a></p>
<p><a rel="nofollow" href="Javascript:void(0);" onclick="javascript:vote(77562);">Ͷ�Ƽ�Ʊ</a></p>
<p><a rel="nofollow" href="Javascript:void(0);" onclick="javascript:addbookcase(77562);">�������</a></p>
</li>
</ul>
</div>
  </tr>
<tr>
<div class="storelistbt5"> 
<ul>
<li class="storelistbt5a">
<a href="http://www.80ge.info/txtxz/109063.html" target="_blank"><img src="http://img.80ge.info/109/109063/109063s.jpg" title="�Ӷ��Ʋ�񷿪ʼ��"></a>
<a href="http://www.80ge.info/txtxz/109063.html" title="�Ӷ��Ʋ�񷿪ʼ��TXTȫ������" class="bookname" target="_blank">���Ӷ��Ʋ�񷿪ʼ�򿨡�TXT����</a><span class="bookdata">�ܵ����5972</span>
<p>���ߣ�<a href="/author/��Ǳˮ����Ϻ/" target="_blank">��Ǳˮ����Ϻ</a>���ࣺ������Ϸ</p>
<p>    ������С˵��������ġ�������Ʒ����Խ�������Ʋ�񷡷���磬�õ��򿨸���ϵͳ��    �������򿨸���ϵͳ��������������ʮ���������������е�һ�δ򿨡����Ӵˣ�һϵ�д������������ϵͳ�������ģ�����һ�����𺳴�½ ...</p>
<p>״̬:<span class="strong green">������</span> ����:20-01-06 �����½�:��003�� �Ķζ�֮�������Ƽ����ղأ� </p>
</li>
<li class="storelistbt5b">
<p><a href="http://www.80ge.info/txtxz/109063.html" target="_blank">TXT����</a></p>
<p><a rel="nofollow" href="Javascript:void(0);" onclick="javascript:vote(109063);">Ͷ�Ƽ�Ʊ</a></p>
<p><a rel="nofollow" href="Javascript:void(0);" onclick="javascript:addbookcase(109063);">�������</a></p>
</li>
</ul>
</div>
  </tr>
<tr>
<div class="storelistbt5"> 
<ul>
<li class="storelistbt5a">
<a href="http://www.80ge.info/txtxz/158347.html" target="_blank"><img src="http://img.80ge.info/158/158347/158347s.jpg" title="�Ӷ��Ʋ��ǩ����ʼ"></a>
<a href="http://www.80ge.info/txtxz/158347.html" title="�Ӷ��Ʋ��ǩ����ʼTXTȫ������" class="bookname" target="_blank">���Ӷ��Ʋ��ǩ����ʼ��TXT����</a><span class="bookdata">�ܵ����1489</span>
<p>���ߣ�<a href="/author/����/" target="_blank">����</a>���ࣺ������Ϸ</p>
<p>    ��ϵͳ�����޵�����    �����Խ������½����ǩ��Ů��ϵͳ��    ǩ��Ů����޹������ý�������Դ������    ǩ��Ů����������ý�������β�ɺ���    ǩ��Ů�����ϣ���ý������������壡    ǩ��Ů�� ...</p>
<p>״̬:<span class="strong green">������</span> ����:25-01-15 �����½�:��355�� �����̻굤 </p>
</li>
<li class="storelistbt5b">
<p><a href="http://www.80ge.info/txtxz/158347.html" target="_blank">TXT����</a></p>
<p><a rel="nofollow" href="Javascript:void(0);" onclick="javascript:vote(158347);">Ͷ�Ƽ�Ʊ</a></p>
<p><a rel="nofollow" href="Javascript:void(0);" onclick="javascript:addbookcase(158347);">�������</a></p>
</li>
</ul>
</div>
  </tr>
<tr>
<div class="storelistbt5"> 
<ul>
<li class="storelistbt5a">
<a href="http://www.80ge.info/txtxz/76926.html" target="_blank"><img src="http://img.80ge.info/76/76926/76926s.jpg" title="���Ʋ��֮����������"></a>
<a href="http://www.80ge.info/txtxz/76926.html" title="���Ʋ��֮����������TXTȫ������" class="bookname" target="_blank">�����Ʋ��֮���������硷TXT����</a><span class="bookdata">�ܵ����18110</span>
<p>���ߣ�<a href="/author/������˿/" target="_blank">������˿</a>���ࣺ������Ϸ</p>
<p>    ��д���������ϡ�Ѭ�������ۡ�Сҽ������������̣� ...</p>
<p>״̬:<span class="strong green">������</span> ����:18-01-24 �����½�:����˵�������������Ƽ� </p>
</li>
<li class="storelistbt5b">
<p><a href="http://www.80ge.info/txtxz/76926.html" target="_blank">TXT����</a></p>
<p><a rel="nofollow" href="Javascript:void(0);" onclick="javascript:vote(76926);">Ͷ�Ƽ�Ʊ</a></p>
<p><a rel="nofollow" href="Javascript:void(0);" onclick="javascript:addbookcase(76926);">�������</a></p>
</li>
</ul>
</div>
  </tr>
<tr>
<div class="storelistbt5"> 
<ul>
<li class="storelistbt5a">
<a href="http://www.80ge.info/txtxz/56598.html" target="_blank"><img src="http://img.80ge.info/56/56598/56598s.jpg" title="���Ʋ��֮��Ǿ���"></a>
<a href="http://www.80ge.info/txtxz/56598.html" title="���Ʋ��֮��Ǿ���TXTȫ������" class="bookname" target="_blank">�����Ʋ��֮��Ǿ�����TXT����</a><span class="bookdata">�ܵ����53855</span>
<p>���ߣ�<a href="/author/����ȫ�ű��/" target="_blank">����ȫ�ű��</a>���ࣺ��ƪ�ۺ�</p>
<p>    ����ʮ��Ӷ�����ʮ�������Ī����������������Ҳ����족ͻ�ƶ��ۺ�����������һ���µĴ�½��������֤�����仰�أ�
    �������������������׼������СС��͵�޹����Ϊ�ο��������������ĵĽ�۷������أ���Ԫ������ ...</p>
<p>״̬:<span class="strong green">������</span> ����:23-07-12 �����½�:��1761�� ���ѡ�� </p>
</li>
<li class="storelistbt5b">
<p><a href="http://www.80ge.info/txtxz/56598.html" target="_blank">TXT����</a></p>
<p><a rel="nofollow" href="Javascript:void(0);" onclick="javascript:vote(56598);">Ͷ�Ƽ�Ʊ</a></p>
<p><a rel="nofollow" href="Javascript:void(0);" onclick="javascript:addbookcase(56598);">�������</a></p>
</li>
</ul>
</div>
  </tr>
<tr>
<div class="storelistbt5"> 
<ul>
<li class="storelistbt5a">
<a href="http://www.80ge.info/txtxz/580.html" target="_blank"><img src="http://img.80ge.info/0/580/580s.jpg" title="���Ʋ��֮����֮��"></a>
<a href="http://www.80ge.info/txtxz/580.html" title="���Ʋ��֮����֮��TXTȫ������" class="bookname" target="_blank">�����Ʋ��֮����֮����TXT����</a><span class="bookdata">�ܵ����1757389</span>
<p>���ߣ�<a href="/author/ҹ������0/" target="_blank">ҹ������0</a>���ࣺħ������</p>
<p>    �㳣˵����������ҵ�ʹ��������ȴ��֪�����ػ��㣬������һ��������
    �ȼ��ƶȣ����ۡ����ɡ����񡢵�֮����
 ...</p>
<p>״̬:<span class="strong green">������</span> ����:26-08-12 �����½�:����ǧ������ʮ���� ���׵���� </p>
</li>
<li class="storelistbt5b">
<p><a href="http://www.80ge.info/txtxz/580.html" target="_blank">TXT����</a></p>
<p><a rel="nofollow" href="Javascript:void(0);" onclick="javascript:vote(580);">Ͷ�Ƽ�Ʊ</a></p>
<p><a rel="nofollow" href="Javascript:void(0);" onclick="javascript:addbookcase(580);">�������</a></p>
</li>
</ul>
</div>
  </tr>
<tr>
<div class="storelistbt5"> 
<ul>
<li class="storelistbt5a">
<a href="http://www.80ge.info/txtxz/88555.html" target="_blank"><img src="http://img.80ge.info/88/88555/88555s.jpg" title="���Ʋ��֮�ٻ����"></a>
<a href="http://www.80ge.info/txtxz/88555.html" title="���Ʋ��֮�ٻ����TXTȫ������" class="bookname" target="_blank">�����Ʋ��֮�ٻ���ۡ�TXT����</a><span class="bookdata">�ܵ����8210</span>
<p>���ߣ�<a href="/author/İ����/" target="_blank">İ����</a>���ࣺ������</p>
<p>    ���Ź�۵Ļ��ǣ���Խ������½��    ������������ֲ���˹����    �����ַ���ǰ��ͨͨ����������    ���ף����㵽���Ǻ��ˣ���    �ַ���������ʲô��    �ҼȲ��������޹����Ҳ���������Сҽ�ɣ����Ӳ��� ...</p>
<p>״̬:<span class="strong green">������</span> ����:19-03-17 �����½�:��249�� ����٤�� </p>
</li>
<li class="storelistbt5b">
<p><a href="http://www.80ge.info/txtxz/88555.html" target="_blank">TXT����</a></p>
<p><a rel="nofollow" href="Javascript:void(0);" onclick="javascript:vote(88555);">Ͷ�Ƽ�Ʊ</a></p>
<p><a rel="nofollow" href="Javascript:void(0);" onclick="javascript:addbookcase(88555);">�������</a></p>
</li>
</ul>
</div>
  </tr>
<tr>
<div class="storelistbt5"> 
<ul>
<li class="storelistbt5a">
<a href="http://www.80ge.info/txtxz/166586.html" target="_blank"><img src="http://img.80ge.info/166/166586/166586s.jpg" title="���Ʋ��֮ҩ���峤"></a>
<a href="http://www.80ge.info/txtxz/166586.html" title="���Ʋ��֮ҩ���峤TXTȫ������" class="bookname" target="_blank">�����Ʋ��֮ҩ���峤��TXT����</a><span class="bookdata">�ܵ����655</span>
<p>���ߣ�<a href="/author/����OX4wgj/" target="_blank">����OX4wgj</a>���ࣺ�������</p>
<p>    ������ӽ���Ϯ,���ҷ������ر���,���а�����ѿ����������Ʋ���С�����괩���˶��Ʋ���ҩ���峤��    ǿ�����Ƕ�ʥ������������ݺ����ر�ȫҩ�壬���������۵������ƻ���    ���˴�Ů������ϲ���硣 ...</p>
<p>״̬:<span class="strong green">������</span> ����:23-02-22 �����½�:�ڰ�ʮ���� ͶӰ </p>
</li>
<li class="storelistbt5b">
<p><a href="http://www.80ge.info/txtxz/166586.html" target="_blank">TXT����</a></p>
<p><a rel="nofollow" href="Javascript:void(0);" onclick="javascript:vote(166586);">Ͷ�Ƽ�Ʊ</a></p>
<p><a rel="nofollow" href="Javascript:void(0);" onclick="javascript:addbookcase(166586);">�������</a></p>
</li>
</ul>
</div>
  </tr>
<tr>
<div class="storelistbt5"> 
<ul>
<li class="storelistbt5a">
<a href="http://www.80ge.info/txtxz/170059.html" target="_blank"><img src="http://img.80ge.info/170/170059/170059s.jpg" title="���Ʋ��֮�ƶ�Ǭ��"></a>
<a href="http://www.80ge.info/txtxz/170059.html" title="���Ʋ��֮�ƶ�Ǭ��TXTȫ������" class="bookname" target="_blank">�����Ʋ��֮�ƶ�Ǭ����TXT����</a><span class="bookdata">�ܵ����1552</span>
<p>���ߣ�<a href="/author/������/" target="_blank">������</a>���ࣺ������Ϸ</p>
<p>    �ҽ����ף��ܲ��ɺ�ĳλ��ȫ������������ͬ��ͬ�գ������Һܻţ���Ϊ��ͻȻ�����Һ���Խ����������ˣ� ...</p>
<p>״̬:<span class="strong green">������</span> ����:25-01-20 �����½�:���� </p>
</li>
<li class="storelistbt5b">
<p><a href="http://www.80ge.info/txtxz/170059.html" target="_blank">TXT����</a></p>
<p><a rel="nofollow" href="Javascript:void(0);" onclick="javascript:vote(170059);">Ͷ�Ƽ�Ʊ</a></p>
<p><a rel="nofollow" href="Javascript:void(0);" onclick="javascript:addbookcase(170059);">�������</a></p>
</li>
</ul>
</div>
  </tr>
<tr>
<div class="storelistbt5"> 
<ul>
<li class="storelistbt5a">
<a href="http://www.80ge.info/txtxz/80048.html" target="_blank"><img src="http://img.80ge.info/80/80048/80048s.jpg" title="���Ʋ��֮�������"></a>
<a href="http://www.80ge.info/txtxz/80048.html" title="���Ʋ��֮�������TXTȫ������" class="bookname" target="_blank">�����Ʋ��֮������ס�TXT����</a><span class="bookdata">�ܵ����20679</span>
<p>���ߣ�<a href="/author/����ֻè/" target="_blank">����ֻè</a>���ࣺ��������</p>
<p>    ����2018����Ԫ���ռ����ġ�������Ʒ����Խ�������磬������֮�ţ�    ��һ�����������������޷���������ͨ�ˣ�������ڶ��Ʋ���������㣬һ������Ϯ���ǣ���������������磡 ...</p>
<p>״̬:<span class="strong green">������</span> ����:19-01-30 �����½�:��239��  </p>
</li>
<li class="storelistbt5b">
<p><a href="http://www.80ge.info/txtxz/80048.html" target="_blank">TXT����</a></p>
<p><a rel="nofollow" href="Javascript:void(0);" onclick="javascript:vote(80048);">Ͷ�Ƽ�Ʊ</a></p>
<p><a rel="nofollow" href="Javascript:void(0);" onclick="javascript:addbookcase(80048);">�������</a></p>
</li>
</ul>
</div>
  </tr>
<tr>
<div class="storelistbt5"> 
<ul>
<li class="storelistbt5a">
<a href="http://www.80ge.info/txtxz/106294.html" target="_blank"><img src="http://img.80ge.info/106/106294/106294s.jpg" title="�Ӷ��Ʋ�񷿪ʼ�޵а�"></a>
<a href="http://www.80ge.info/txtxz/106294.html" title="�Ӷ��Ʋ�񷿪ʼ�޵а�TXTȫ������" class="bookname" target="_blank">���Ӷ��Ʋ�񷿪ʼ�޵аɡ�TXT����</a><span class="bookdata">�ܵ����2024</span>
<p>���ߣ�<a href="/author/��СѾ��/" target="_blank">��СѾ��</a>���ࣺ������Ϸ</p>
<p>    �������ʵ���Ҷ��ǧ�����Ĵ�����������Ʒ��    ���Ʋ�񷣺�����ѧ�������ȵ�ҩ��    �������ռǣ������䡢����ߡ������Ӱ�۹�    ����ѧԺ����Ӱ�۹�vs�������棡    �������磺���ɶ���ն��������ɳ³ ...</p>
<p>״̬:<span class="strong green">������</span> ����:19-11-26 �����½�:��8�� �Ϸ� </p>
</li>
<li class="storelistbt5b">
<p><a href="http://www.80ge.info/txtxz/106294.html" target="_blank">TXT����</a></p>
<p><a rel="nofollow" href="Javascript:void(0);" onclick="javascript:vote(106294);">Ͷ�Ƽ�Ʊ</a></p>
<p><a rel="nofollow" href="Javascript:void(0);" onclick="javascript:addbookcase(106294);">�������</a></p>
</li>
</ul>
</div>
  </tr>
<tr>
<div class="storelistbt5"> 
<ul>
<li class="storelistbt5a">
<a href="http://www.80ge.info/txtxz/109127.html" target="_blank"><img src="http://img.80ge.info/109/109127/109127s.jpg" title="���Ʋ��֮���а�"></a>
<a href="http://www.80ge.info/txtxz/109127.html" title="���Ʋ��֮���а�TXTȫ������" class="bookname" target="_blank">�����Ʋ��֮���а¡�TXT����</a><span class="bookdata">�ܵ����1700</span>
<p>���ߣ�<a href="/author/�������°�/" target="_blank">�������°�</a>���ࣺ������Ϸ</p>
<p>    ��Խ��������½�Ǽ����£�����ע����Ϊ���ɾͲ�����ô�����ˡ��������������𣬼��аºܻš��� ...</p>
<p>״̬:<span class="strong green">������</span> ����:20-06-02 �����½�:��һ����ʮ���� �ֵ����� </p>
</li>
<li class="storelistbt5b">
<p><a href="http://www.80ge.info/txtxz/109127.html" target="_blank">TXT����</a></p>
<p><a rel="nofollow" href="Javascript:void(0);" onclick="javascript:vote(109127);">Ͷ�Ƽ�Ʊ</a></p>
<p><a rel="nofollow" href="Javascript:void(0);" onclick="javascript:addbookcase(109127);">�������</a></p>
</li>
</ul>
</div>
  </tr>
<tr>
<div class="storelistbt5"> 
<ul>
<li class="storelistbt5a">
<a href="http://www.80ge.info/txtxz/72253.html" target="_blank"><img src="http://img.80ge.info/72/72253/72253s.jpg" title="���Ʋ��֮����̳�"></a>
<a href="http://www.80ge.info/txtxz/72253.html" title="���Ʋ��֮����̳�TXTȫ������" class="bookname" target="_blank">�����Ʋ��֮����̳ǡ�TXT����</a><span class="bookdata">�ܵ����119235</span>
<p>���ߣ�<a href="/author/�λ�Ϧ��/" target="_blank">�λ�Ϧ��</a>���ࣺ������Ϸ</p>
<p>    �����������Ʋ�������ҹ�r��ӵ��һ��������磬���ٻ�һ���ˡ��¡�����̳ǣ�һ����λ��֮�����ٴ�½������һĻĻ�����ĵĻ��棬Զ���Ĺ�ƾ�ճ�����������½Ψ�Ҷ���    ʲôԶ�Ű��壿̫��������˲���ô��Сү���Դ� ...</p>
<p>״̬:<span class="strong green">������</span> ����:19-03-06 �����½�:���顶������ǿ��ҡ� </p>
</li>
<li class="storelistbt5b">
<p><a href="http://www.80ge.info/txtxz/72253.html" target="_blank">TXT����</a></p>
<p><a rel="nofollow" href="Javascript:void(0);" onclick="javascript:vote(72253);">Ͷ�Ƽ�Ʊ</a></p>
<p><a rel="nofollow" href="Javascript:void(0);" onclick="javascript:addbookcase(72253);">�������</a></p>
</li>
</ul>
</div>
  </tr>
<tr>
<div class="storelistbt5"> 
<ul>
<li class="storelistbt5a">
<a href="http://www.80ge.info/txtxz/66282.html" target="_blank"><img src="http://img.80ge.info/66/66282/66282s.jpg" title="ս�Ʋ��"></a>
<a href="http://www.80ge.info/txtxz/66282.html" title="ս�Ʋ��TXTȫ������" class="bookname" target="_blank">��ս�Ʋ�񷡷TXT����</a><span class="bookdata">�ܵ����14510</span>
<p>���ߣ�<a href="/author/������/" target="_blank">������</a>���ࣺ�ֲ����</p>
<p>    ����һ���ܡ�Ӳ���Ĺ��¡�
    ����һ�δ��桭��
    ���ѽ���Ⱥ�� 167776076
 ...</p>
<p>״̬:<span class="strong green">������</span> ����:18-01-01 �����½�:���߰���ʮ���� �°汾�ǳ�(���֣� </p>
</li>
<li class="storelistbt5b">
<p><a href="http://www.80ge.info/txtxz/66282.html" target="_blank">TXT����</a></p>
<p><a rel="nofollow" href="Javascript:void(0);" onclick="javascript:vote(66282);">Ͷ�Ƽ�Ʊ</a></p>
<p><a rel="nofollow" href="Javascript:void(0);" onclick="javascript:addbookcase(66282);">�������</a></p>
</li>
</ul>
</div>
  </tr>
<tr>
<div class="storelistbt5"> 
<ul>
<li class="storelistbt5a">
<a href="http://www.80ge.info/txtxz/8527.html" target="_blank"><img src="http://img.80ge.info/8/8527/8527s.jpg" title="���Ʋ��"></a>
<a href="http://www.80ge.info/txtxz/8527.html" title="���Ʋ��TXTȫ������" class="bookname" target="_blank">�����Ʋ�񷡷TXT����</a><span class="bookdata">�ܵ����119770</span>
<p>���ߣ�<a href="/author/��ҹ/" target="_blank">��ҹ</a>���ࣺ�������</p>
<p>
    һ�����ǵ�������ү��һȺ��ζ��ͬ��Ů�ӣ�һ�������Ķ�սʷ��һ��ӵ������ս�޵����꣬���������ˣ�һ����̤���۷壬Ӯ��������Ů���ģ����쿹����������ʲô�ʸ�
 ...</p>
<p>״̬:<span class="strong green">������</span> ����:14-09-17 �����½�:���顶����Ϊ�����Ѿ����ߣ� </p>
</li>
<li class="storelistbt5b">
<p><a href="http://www.80ge.info/txtxz/8527.html" target="_blank">TXT����</a></p>
<p><a rel="nofollow" href="Javascript:void(0);" onclick="javascript:vote(8527);">Ͷ�Ƽ�Ʊ</a></p>
<p><a rel="nofollow" href="Javascript:void(0);" onclick="javascript:addbookcase(8527);">�������</a></p>
</li>
</ul>
</div>
  </tr>
<tr>
<div class="storelistbt5"> 
<ul>
<li class="storelistbt5a">
<a href="http://www.80ge.info/txtxz/13604.html" target="_blank"><img src="http://img.80ge.info/13/13604/13604s.jpg" title="���Ʋ��"></a>
<a href="http://www.80ge.info/txtxz/13604.html" title="���Ʋ��TXTȫ������" class="bookname" target="_blank">�����Ʋ�񷡷TXT����</a><span class="bookdata">�ܵ����33113</span>
<p>���ߣ�<a href="/author/�����о�/" target="_blank">�����о�</a>���ࣺ��������</p>
<p>    ������½������ӿ�����������ƾ��ģ�ս�������������£�������У��߳��Լ����׵����ɾ������׵ۣ�
 ...</p>
<p>״̬:<span class="strong green">������</span> ����:14-09-04 �����½�:��һǧ����ʮ���� ����£ </p>
</li>
<li class="storelistbt5b">
<p><a href="http://www.80ge.info/txtxz/13604.html" target="_blank">TXT����</a></p>
<p><a rel="nofollow" href="Javascript:void(0);" onclick="javascript:vote(13604);">Ͷ�Ƽ�Ʊ</a></p>
<p><a rel="nofollow" href="Javascript:void(0);" onclick="javascript:addbookcase(13604);">�������</a></p>
</li>
</ul>
</div>
  </tr>
<tr>
<div class="storelistbt5"> 
<ul>
<li class="storelistbt5a">
<a href="http://www.80ge.info/txtxz/13747.html" target="_blank"><img src="http://img.80ge.info/13/13747/13747s.jpg" title="���Ʋ��"></a>
<a href="http://www.80ge.info/txtxz/13747.html" title="���Ʋ��TXTȫ������" class="bookname" target="_blank">�����Ʋ�񷡷TXT����</a><span class="bookdata">�ܵ����20855</span>
<p>���ߣ�<a href="/author/ľ����/" target="_blank">ľ����</a>���ࣺ�������</p>
<p>    �����˶��֣���Ϊ���ˣ���ȴĥ�����˹������Ժ���ǵ�ͷ�ԣ�
    �����õ����������Ͽɣ��ٶ�̤��������·���������ʵ��Ϊ����������ʵ�����ǻ������ںϣ�
    ����֮�գ�����֮�գ���½֮�գ�����֮�գ������� ...</p>
<p>״̬:<span class="strong blue">�����</span> ����:13-05-31 �����½�:��һ������ ���������磬����ΪԿ </p>
</li>
<li class="storelistbt5b">
<p><a href="http://www.80ge.info/txtxz/13747.html" target="_blank">TXT����</a></p>
<p><a rel="nofollow" href="Javascript:void(0);" onclick="javascript:vote(13747);">Ͷ�Ƽ�Ʊ</a></p>
<p><a rel="nofollow" href="Javascript:void(0);" onclick="javascript:addbookcase(13747);">�������</a></p>
</li>
</ul>
</div>
  </tr>
<tr>
<div class="storelistbt5"> 
<ul>
<li class="storelistbt5a">
<a href="http://www.80ge.info/txtxz/19817.html" target="_blank"><img src="http://img.80ge.info/19/19817/19817s.jpg" title="���Ʋ��"></a>
<a href="http://www.80ge.info/txtxz/19817.html" title="���Ʋ��TXTȫ������" class="bookname" target="_blank">�����Ʋ�񷡷TXT����</a><span class="bookdata">�ܵ����11877</span>
<p>���ߣ�<a href="/author/�̼Ҵ���/" target="_blank">�̼Ҵ���</a>���ࣺ�������</p>
<p>    һö��ָ��һ�Ѿ����Ե���һ����ս֮�壬������Ψһ���ˣ��߸�����������½���ȷ�Ѫ�꣬�ɴ˶���������·�ߣ�����
    ֧������II���ʻ������˦���ߡ�
    ���ƽ���Ⱥ�� 45214629 ��δ������ӭ���ļ��룡 ...</p>
<p>״̬:<span class="strong blue">�����</span> ����:17-07-27 �����½�:��5�� ����ˮ���� </p>
</li>
<li class="storelistbt5b">
<p><a href="http://www.80ge.info/txtxz/19817.html" target="_blank">TXT����</a></p>
<p><a rel="nofollow" href="Javascript:void(0);" onclick="javascript:vote(19817);">Ͷ�Ƽ�Ʊ</a></p>
<p><a rel="nofollow" href="Javascript:void(0);" onclick="javascript:addbookcase(19817);">�������</a></p>
</li>
</ul>
</div>
  </tr>
<tr>
<div class="storelistbt5"> 
<ul>
<li class="storelistbt5a">
<a href="http://www.80ge.info/txtxz/7833.html" target="_blank"><img src="http://img.80ge.info/7/7833/7833s.jpg" title="���Ʋ��"></a>
<a href="http://www.80ge.info/txtxz/7833.html" title="���Ʋ��TXTȫ������" class="bookname" target="_blank">�����Ʋ�񷡷TXT����</a><span class="bookdata">�ܵ����22751</span>
<p>���ߣ�<a href="/author/Ѫ������/" target="_blank">Ѫ������</a>���ࣺ��������</p>
<p>    ��������֮���ˣ���ֻ��һ����˵����������ȴ���֤ʵ�������˵��
    һ�����Ƶ���ᣬ���������������ҵķ�����ү��Ϊ����ĸ�ײ����۸���Ϊ�˱��ǿ�������첻ηǿ�ƣ�����ɱ����������һ�������ŵ߷�������
  ...</p>
<p>״̬:<span class="strong green">������</span> ����:13-10-28 �����½�:�걾���� </p>
</li>
<li class="storelistbt5b">
<p><a href="http://www.80ge.info/txtxz/7833.html" target="_blank">TXT����</a></p>
<p><a rel="nofollow" href="Javascript:void(0);" onclick="javascript:vote(7833);">Ͷ�Ƽ�Ʊ</a></p>
<p><a rel="nofollow" href="Javascript:void(0);" onclick="javascript:addbookcase(7833);">�������</a></p>
</li>
</ul>
</div>
  </tr>
<tr>
<div class="storelistbt5"> 
<ul>
<li class="storelistbt5a">
<a href="http://www.80ge.info/txtxz/329.html" target="_blank"><img src="http://img.80ge.info/0/329/329s.jpg" title="���Ʋ��"></a>
<a href="http://www.80ge.info/txtxz/329.html" title="���Ʋ��TXTȫ������" class="bookname" target="_blank">�����Ʋ�񷡷TXT����</a><span class="bookdata">�ܵ����14821</span>
<p>���ߣ�<a href="/author/��į����/" target="_blank">��į����</a>���ࣺ�ƻ�δ��</p>
<p>    ԭ��ս��������Ʋ�񷡣
    լ�д�Խʱ�գ�����һ��СС�����ʦ����������������Ľ��򣬲������ԣ�ֻΪ���ˡ�
    ����͵��������鷳�������������뵱Ӣ�ۣ���������ȴ����ȥ��Ӣ�ۡ�
    �ðɣ���Ӣ���� ...</p>
<p>״̬:<span class="strong blue">�����</span> ����:13-02-19 �����½�:���������� ���֣��£� </p>
</li>
<li class="storelistbt5b">
<p><a href="http://www.80ge.info/txtxz/329.html" target="_blank">TXT����</a></p>
<p><a rel="nofollow" href="Javascript:void(0);" onclick="javascript:vote(329);">Ͷ�Ƽ�Ʊ</a></p>
<p><a rel="nofollow" href="Javascript:void(0);" onclick="javascript:addbookcase(329);">�������</a></p>
</li>
</ul>
</div>
  </tr>
<tr>
<div class="storelistbt5"> 
<ul>
<li class="storelistbt5a">
<a href="http://www.80ge.info/txtxz/139897.html" target="_blank"><img src="http://img.80ge.info/139/139897/139897s.jpg" title="���Ʋ��"></a>
<a href="http://www.80ge.info/txtxz/139897.html" title="���Ʋ��TXTȫ������" class="bookname" target="_blank">�����Ʋ�񷡷TXT����</a><span class="bookdata">�ܵ����122</span>
<p>���ߣ�<a href="/author/�Ǻ�����/" target="_blank">�Ǻ�����</a>���ࣺ�������</p>
<p>    ����û�пƼ���û��ħ�����е�ֻ�ж��������������˴�Խ���������½��־��Ϊ�������˻ᷢ��ʲô���ľ����� ...</p>
<p>״̬:<span class="strong green">������</span> ����:21-07-01 �����½�:�ڶ��� �ڶ�������£�����֮ս�� </p>
</li>
<li class="storelistbt5b">
<p><a href="http://www.80ge.info/txtxz/139897.html" target="_blank">TXT����</a></p>
<p><a rel="nofollow" href="Javascript:void(0);" onclick="javascript:vote(139897);">Ͷ�Ƽ�Ʊ</a></p>
<p><a rel="nofollow" href="Javascript:void(0);" onclick="javascript:addbookcase(139897);">�������</a></p>
</li>
</ul>
</div>
  </tr>
<tr>
<div class="storelistbt5"> 
<ul>
<li class="storelistbt5a">
<a href="http://www.80ge.info/txtxz/171687.html" target="_blank"><img src="http://img.80ge.info/171/171687/171687s.jpg" title="���Ʋ��"></a>
<a href="http://www.80ge.info/txtxz/171687.html" title="���Ʋ��TXTȫ������" class="bookname" target="_blank">�����Ʋ�񷡷TXT����</a><span class="bookdata">�ܵ����378</span>
<p>���ߣ�<a href="/author/ղ��/" target="_blank">ղ��</a>���ࣺ�������</p>
<p>    ħ���붷�������磬����Ī��������񽣣�����һ����������˼���¼�����������ʷ�����࣬����ħ���ռ��Ծ���ҹ�Ƶ���Ӧ����Σ��뿴���Ʋ�񷣡    ϲ����������ѻ�ӭ�������Ʋ��ȺQQ:47453910(δ��)С�ܻᾡ�� ...</p>
<p>״̬:<span class="strong blue">�����</span> ����:23-03-09 �����½�:�����֡� </p>
</li>
<li class="storelistbt5b">
<p><a href="http://www.80ge.info/txtxz/171687.html" target="_blank">TXT����</a></p>
<p><a rel="nofollow" href="Javascript:void(0);" onclick="javascript:vote(171687);">Ͷ�Ƽ�Ʊ</a></p>
<p><a rel="nofollow" href="Javascript:void(0);" onclick="javascript:addbookcase(171687);">�������</a></p>
</li>
</ul>
</div>
  </tr>
<tr>
<div class="storelistbt5"> 
<ul>
<li class="storelistbt5a">
<a href="http://www.80ge.info/txtxz/212262.html" target="_blank"><img src="http://img.80ge.info/212/212262/212262s.jpg" title="˧�Ʋ��"></a>
<a href="http://www.80ge.info/txtxz/212262.html" title="˧�Ʋ��TXTȫ������" class="bookname" target="_blank">��˧�Ʋ�񷡷TXT����</a><span class="bookdata">�ܵ����0</span>
<p>���ߣ�<a href="/author/����/" target="_blank">����</a>���ࣺ�������</p>
<p>    ���˧��һ��˧��������ݵ����ˡ�    �������˶��ԣ�����˧�������ռ������룡    ����Ů�˶��ԣ�����˧�����������Ĵ�ҩ��    ���������������˧������    ���Ǿ��绮�֣�˧�ߡ�˧ʦ����˧ʦ��˧�顢˧����˧ ...</p>
<p>״̬:<span class="strong green">������</span> ����:26-02-28 �����½�:338.���񹲷ߣ� </p>
</li>
<li class="storelistbt5b">
<p><a href="http://www.80ge.info/txtxz/212262.html" target="_blank">TXT����</a></p>
<p><a rel="nofollow" href="Javascript:void(0);" onclick="javascript:vote(212262);">Ͷ�Ƽ�Ʊ</a></p>
<p><a rel="nofollow" href="Javascript:void(0);" onclick="javascript:addbookcase(212262);">�������</a></p>
</li>
</ul>
</div>
  </tr>
<tr>
<div class="storelistbt5"> 
<ul>
<li class="storelistbt5a">
<a href="http://www.80ge.info/txtxz/38998.html" target="_blank"><img src="http://img.80ge.info/38/38998/38998s.jpg" title="���Ʋ��"></a>
<a href="http://www.80ge.info/txtxz/38998.html" title="���Ʋ��TXTȫ������" class="bookname" target="_blank">�����Ʋ�񷡷TXT����</a><span class="bookdata">�ܵ����21526</span>
<p>���ߣ�<a href="/author/������/" target="_blank">������</a>���ࣺ�������</p>
<p>    ���顶��ƷŮ�ܲá��ѷ������ȥ���ɣ�
    ���顶��ƷŮ�ܲá��ѷ������ȥ���ɣ�
    ���顶��ƷŮ�ܲá��ѷ������ȥ���ɣ�
    ����֧�֣�����Ⱥ�����ˡ�221375444��ӭ��λ���Ѽ��룬����ͷһ��̽ ...</p>
<p>״̬:<span class="strong green">������</span> ����:17-07-27 �����½�:�����¶�ƪ��������������� </p>
</li>
<li class="storelistbt5b">
<p><a href="http://www.80ge.info/txtxz/38998.html" target="_blank">TXT����</a></p>
<p><a rel="nofollow" href="Javascript:void(0);" onclick="javascript:vote(38998);">Ͷ�Ƽ�Ʊ</a></p>
<p><a rel="nofollow" href="Javascript:void(0);" onclick="javascript:addbookcase(38998);">�������</a></p>
</li>
</ul>
</div>
  </tr>
<tr>
<div class="storelistbt5"> 
<ul>
<li class="storelistbt5a">
<a href="http://www.80ge.info/txtxz/27361.html" target="_blank"><img src="http://img.80ge.info/27/27361/27361s.jpg" title="���Ʋ��"></a>
<a href="http://www.80ge.info/txtxz/27361.html" title="���Ʋ��TXTȫ������" class="bookname" target="_blank">�����Ʋ�񷡷TXT����</a><span class="bookdata">�ܵ����9135</span>
<p>���ߣ�<a href="/author/��Ϧ֮¶/" target="_blank">��Ϧ֮¶</a>���ࣺ�������</p>
<p>    �ϲ���������أ�����ɵ��Ʋ��졣
    ���������������˭����ǰ�Ǭ����
    ����ʮ��Ψ�Ҷ���������������������¡�
    ����˻���ƾ���ŭ�����ʲ��˭�˸�Ϊ��
 ...</p>
<p>״̬:<span class="strong blue">�����</span> ����:13-12-02 �����½�:���İٰ�ʮ���� ���� </p>
</li>
<li class="storelistbt5b">
<p><a href="http://www.80ge.info/txtxz/27361.html" target="_blank">TXT����</a></p>
<p><a rel="nofollow" href="Javascript:void(0);" onclick="javascript:vote(27361);">Ͷ�Ƽ�Ʊ</a></p>
<p><a rel="nofollow" href="Javascript:void(0);" onclick="javascript:addbookcase(27361);">�������</a></p>
</li>
</ul>
</div>
  </tr>
<tr>
<div class="storelistbt5"> 
<ul>
<li class="storelistbt5a">
<a href="http://www.80ge.info/txtxz/46709.html" target="_blank"><img src="http://img.80ge.info/46/46709/46709s.jpg" title="���Ʋ��"></a>
<a href="http://www.80ge.info/txtxz/46709.html" title="���Ʋ��TXTȫ������" class="bookname" target="_blank">�����Ʋ�񷡷TXT����</a><span class="bookdata">�ܵ����50223</span>
<p>���ߣ�<a href="/author/��쭵���ţ/" target="_blank">��쭵���ţ</a>���ࣺ��������</p>
<p>    һ�����֣��������ߣ�
    �����ļ䣬Ц����񷡭����֮��������ɱ��
    ������
    ������
    �����ղأ������������Ѿ�װ�ã�10�ſ�ʼ���ָ��������¸��¡���
 ...</p>
<p>״̬:<span class="strong green">������</span> ����:18-04-20 �����½�:һ��δ��ɵĹ��� </p>
</li>
<li class="storelistbt5b">
<p><a href="http://www.80ge.info/txtxz/46709.html" target="_blank">TXT����</a></p>
<p><a rel="nofollow" href="Javascript:void(0);" onclick="javascript:vote(46709);">Ͷ�Ƽ�Ʊ</a></p>
<p><a rel="nofollow" href="Javascript:void(0);" onclick="javascript:addbookcase(46709);">�������</a></p>
</li>
</ul>
</div>
  </tr>
<tr>
<div class="storelistbt5"> 
<ul>
<li class="storelistbt5a">
<a href="http://www.80ge.info/txtxz/49097.html" target="_blank"><img src="http://img.80ge.info/49/49097/49097s.jpg" title="���Ʋ��"></a>
<a href="http://www.80ge.info/txtxz/49097.html" title="���Ʋ��TXTȫ������" class="bookname" target="_blank">�����Ʋ�񷡷TXT����</a><span class="bookdata">�ܵ����16608</span>
<p>���ߣ�<a href="/author/������/" target="_blank">������</a>���ࣺ��������</p>
<p>    ����һ���ˡ�ħ���������������硣
    �ˣ�������ǧ��ǿ��������
    ħ��������ݣ��������ơ�
    ���������ֻ�������һ����
    ���ɭ�ַ�������ǿʳ��
    ����һ�������ˣ����ⴳ�룬������ ...</p>
<p>״̬:<span class="strong green">������</span> ����:17-07-27 �����½�:��һ�������� ���� </p>
</li>
<li class="storelistbt5b">
<p><a href="http://www.80ge.info/txtxz/49097.html" target="_blank">TXT����</a></p>
<p><a rel="nofollow" href="Javascript:void(0);" onclick="javascript:vote(49097);">Ͷ�Ƽ�Ʊ</a></p>
<p><a rel="nofollow" href="Javascript:void(0);" onclick="javascript:addbookcase(49097);">�������</a></p>
</li>
</ul>
</div>
  </tr>
<tr>
<div class="storelistbt5"> 
<ul>
<li class="storelistbt5a">
<a href="http://www.80ge.info/txtxz/50893.html" target="_blank"><img src="http://img.80ge.info/50/50893/50893s.jpg" title="���Ʋ��"></a>
<a href="http://www.80ge.info/txtxz/50893.html" title="���Ʋ��TXTȫ������" class="bookname" target="_blank">�����Ʋ�񷡷TXT����</a><span class="bookdata">�ܵ����10505</span>
<p>���ߣ�<a href="/author/�ߺŵķ�/" target="_blank">�ߺŵķ�</a>���ࣺ��ƪ�ۺ�</p>
<p>    ����Ϊ�ڻ�Ե�ɺ�֮�µõ���һ���ؼ��Ĳб���һ�ſ��Ʒ�����������ӣ������Ĺ켣�������췭�ظ��ĸı䡣
    һ�����������ȴ�������绪��Ů�Ӻ���ͬ�۹��á�
    �����Ǿ����񷻹�Ǿ��Ļ�Ȫ��������������֮�� ...</p>
<p>״̬:<span class="strong green">������</span> ����:14-09-04 �����½�:��һǧ����ʮ���� ���������� �� </p>
</li>
<li class="storelistbt5b">
<p><a href="http://www.80ge.info/txtxz/50893.html" target="_blank">TXT����</a></p>
<p><a rel="nofollow" href="Javascript:void(0);" onclick="javascript:vote(50893);">Ͷ�Ƽ�Ʊ</a></p>
<p><a rel="nofollow" href="Javascript:void(0);" onclick="javascript:addbookcase(50893);">�������</a></p>
</li>
</ul>
</div>
  </tr>
<tr>
<div class="storelistbt5"> 
<ul>
<li class="storelistbt5a">
<a href="http://www.80ge.info/txtxz/95956.html" target="_blank"><img src="http://img.80ge.info/95/95956/95956s.jpg" title="���Ʋ��"></a>
<a href="http://www.80ge.info/txtxz/95956.html" title="���Ʋ��TXTȫ������" class="bookname" target="_blank">�����Ʋ�񷡷TXT����</a><span class="bookdata">�ܵ����12781</span>
<p>���ߣ�<a href="/author/̰����/" target="_blank">̰����</a>���ࣺ��������</p>
<p>    ���й������Ĳ�����Ʒ���Ե����ҷ磬Ѫ��ն�������ָ���¡�Ҫ�ɻʣ������κΣ�Ҫ����������裡    һ��������ῶ�ɽ����ȭΪ���飬��Ϊ���ѣ������裬ս���죬��Խһ�У������۷壡    ̰����Ⱥ168840211 ...</p>
<p>״̬:<span class="strong blue">�����</span> ����:14-09-10 �����½�:�����ʮ���� �������� </p>
</li>
<li class="storelistbt5b">
<p><a href="http://www.80ge.info/txtxz/95956.html" target="_blank">TXT����</a></p>
<p><a rel="nofollow" href="Javascript:void(0);" onclick="javascript:vote(95956);">Ͷ�Ƽ�Ʊ</a></p>
<p><a rel="nofollow" href="Javascript:void(0);" onclick="javascript:addbookcase(95956);">�������</a></p>
</li>
</ul>
</div>
  </tr>
<tr>
<div class="storelistbt5"> 
<ul>
<li class="storelistbt5a">
<a href="http://www.80ge.info/txtxz/105812.html" target="_blank"><img src="http://img.80ge.info/105/105812/105812s.jpg" title="�����Ʋ��"></a>
<a href="http://www.80ge.info/txtxz/105812.html" title="�����Ʋ��TXTȫ������" class="bookname" target="_blank">�������Ʋ�񷡷TXT����</a><span class="bookdata">�ܵ����597</span>
<p>���ߣ�<a href="/author/����˰���/" target="_blank">����˰���</a>���ࣺ�������</p>
<p>    һ���׵��������������½������������ǿʳ��ǿ����������磬�ҿ��������з��������������һ��������ħ�塢ս����Ϊ����һŭɱ�������ţ���ȭ���Ʋ��! ...</p>
<p>״̬:<span class="strong green">������</span> ����:19-12-19 �����½�:�ڰ�ʮ���� �������� </p>
</li>
<li class="storelistbt5b">
<p><a href="http://www.80ge.info/txtxz/105812.html" target="_blank">TXT����</a></p>
<p><a rel="nofollow" href="Javascript:void(0);" onclick="javascript:vote(105812);">Ͷ�Ƽ�Ʊ</a></p>
<p><a rel="nofollow" href="Javascript:void(0);" onclick="javascript:addbookcase(105812);">�������</a></p>
</li>
</ul>
</div>
  </tr>
<tr>
<div class="storelistbt5"> 
<ul>
<li class="storelistbt5a">
<a href="http://www.80ge.info/txtxz/110298.html" target="_blank"><img src="http://img.80ge.info/110/110298/110298s.jpg" title="���Ʋ��"></a>
<a href="http://www.80ge.info/txtxz/110298.html" title="���Ʋ��TXTȫ������" class="bookname" target="_blank">�����Ʋ�񷡷TXT����</a><span class="bookdata">�ܵ����614</span>
<p>���ߣ�<a href="/author/������/" target="_blank">������</a>���ࣺ�������</p>
<p>    ֻҪ�й���Ϳ����㣬û���������ҲҪ�㡣    ���Խ�ˣ��Դ������һ�׼���ϵͳ��    �����ŵ���ĿƼ��ɹ���ȥ��ս�޵������硣    ��һ��������ô������һ�����磿    �����ǻ�����ص���������ô���ģ� ...</p>
<p>״̬:<span class="strong green">������</span> ����:20-02-06 �����½�:����ʮ���� ���׶� </p>
</li>
<li class="storelistbt5b">
<p><a href="http://www.80ge.info/txtxz/110298.html" target="_blank">TXT����</a></p>
<p><a rel="nofollow" href="Javascript:void(0);" onclick="javascript:vote(110298);">Ͷ�Ƽ�Ʊ</a></p>
<p><a rel="nofollow" href="Javascript:void(0);" onclick="javascript:addbookcase(110298);">�������</a></p>
</li>
</ul>
</div>
  </tr>
<tr>
<div class="storelistbt5"> 
<ul>
<li class="storelistbt5a">
<a href="http://www.80ge.info/txtxz/156541.html" target="_blank"><img src="http://img.80ge.info/156/156541/156541s.jpg" title="���Ʋ��"></a>
<a href="http://www.80ge.info/txtxz/156541.html" title="���Ʋ��TXTȫ������" class="bookname" target="_blank">�����Ʋ�񷡷TXT����</a><span class="bookdata">�ܵ����1662</span>
<p>���ߣ�<a href="/author/��������/" target="_blank">��������</a>���ࣺ�ƻ�δ��</p>
<p>    ��������:һ����Ϊ�����⣬һ����ı�Ѿõ��¹ʣ���һ�����ʮ������������ƽ�����Ԩ��    ���ǡ������ˣ����ǻ����պ�������ɡ��������汾���:    ������������˧���������㣡��    ��������׺�ǿ���������� ...</p>
<p>״̬:<span class="strong green">������</span> ����:22-11-30 �����½�:����ʮ���� �� </p>
</li>
<li class="storelistbt5b">
<p><a href="http://www.80ge.info/txtxz/156541.html" target="_blank">TXT����</a></p>
<p><a rel="nofollow" href="Javascript:void(0);" onclick="javascript:vote(156541);">Ͷ�Ƽ�Ʊ</a></p>
<p><a rel="nofollow" href="Javascript:void(0);" onclick="javascript:addbookcase(156541);">�������</a></p>
</li>
</ul>
</div>
  </tr>
<tr>
<div class="storelistbt5"> 
<ul>
<li class="storelistbt5a">
<a href="http://www.80ge.info/txtxz/92284.html" target="_blank"><img src="http://img.80ge.info/92/92284/92284s.jpg" title="���Ʋ��"></a>
<a href="http://www.80ge.info/txtxz/92284.html" title="���Ʋ��TXTȫ������" class="bookname" target="_blank">�����Ʋ�񷡷TXT����</a><span class="bookdata">�ܵ����16993</span>
<p>���ߣ�<a href="/author/���޺�/" target="_blank">���޺�</a>���ࣺ��������</p>
<p>    ��ϵͳ������ˬ�ġ�    ��аħ�������񣬻ӵ��Ʋ�񷣡    �ִ�լ�д�Խ��磬��Ϊ�񾩳�ͷ�Ŵ���竣�һ���������ү��    �Һ���ӵ�е�������ϵͳ��ɱ���ޡ�ɱ�˶���������ǿ����������û��ƿ�������ܻ���񼶹����� ...</p>
<p>״̬:<span class="strong blue">�����</span> ����:19-02-28 �����½�:��2555�� ����Բ������+�����ԣ� </p>
</li>
<li class="storelistbt5b">
<p><a href="http://www.80ge.info/txtxz/92284.html" target="_blank">TXT����</a></p>
<p><a rel="nofollow" href="Javascript:void(0);" onclick="javascript:vote(92284);">Ͷ�Ƽ�Ʊ</a></p>
<p><a rel="nofollow" href="Javascript:void(0);" onclick="javascript:addbookcase(92284);">�������</a></p>
</li>
</ul>
</div>
  </tr>
<tr>
<div class="storelistbt5"> 
<ul>
<li class="storelistbt5a">
<a href="http://www.80ge.info/txtxz/197851.html" target="_blank"><img src="http://img.80ge.info/197/197851/197851s.jpg" title="���Ʋ��"></a>
<a href="http://www.80ge.info/txtxz/197851.html" title="���Ʋ��TXTȫ������" class="bookname" target="_blank">�����Ʋ�񷡷TXT����</a><span class="bookdata">�ܵ����0</span>
<p>���ߣ�<a href="/author/���ϵûؼҵ�·/" target="_blank">���ϵûؼҵ�·</a>���ࣺ��������</p>
<p>    ���ؿͻ��ˣ��鿴������Ʒ��顣 ...</p>
<p>״̬:<span class="strong green">������</span> ����:24-11-10 �����½�:��9�� ����֮�� </p>
</li>
<li class="storelistbt5b">
<p><a href="http://www.80ge.info/txtxz/197851.html" target="_blank">TXT����</a></p>
<p><a rel="nofollow" href="Javascript:void(0);" onclick="javascript:vote(197851);">Ͷ�Ƽ�Ʊ</a></p>
<p><a rel="nofollow" href="Javascript:void(0);" onclick="javascript:addbookcase(197851);">�������</a></p>
</li>
</ul>
</div>
  </tr>
<tr>
<div class="storelistbt5"> 
<ul>
<li class="storelistbt5a">
<a href="http://www.80ge.info/txtxz/69426.html" target="_blank"><img src="http://img.80ge.info/69/69426/69426s.jpg" title="һ�дӶ��Ʋ�񷿪ʼ"></a>
<a href="http://www.80ge.info/txtxz/69426.html" title="һ�дӶ��Ʋ�񷿪ʼTXTȫ������" class="bookname" target="_blank">��һ�дӶ��Ʋ�񷿪ʼ��TXT����</a><span class="bookdata">�ܵ����317099</span>
<p>���ߣ�<a href="/author/ǧӰ�й�/" target="_blank">ǧӰ�й�</a>���ࣺ��ƪ�ۺ�</p>
<p>    ֻ�����Ա�Թһ����������а��ͻȻ֮��ʹ�Խ�ˣ���Խ�ĵط���Ȼ�Ƕ��Ʋ������磬һ����ͨ�������ǿ�����ƵĶ�����½�����أ����ã���а�������Լ��Ľ���ָ�����ϵͳ��Ϊ��׬ȡ��ݵ㣬��аֻ����װ�Ƶĵ�·��Խ��ԽԶ�ˡ��� ...</p>
<p>״̬:<span class="strong green">������</span> ����:18-03-01 �����½�:���顶���֮���޸�������������֧�֡� </p>
</li>
<li class="storelistbt5b">
<p><a href="http://www.80ge.info/txtxz/69426.html" target="_blank">TXT����</a></p>
<p><a rel="nofollow" href="Javascript:void(0);" onclick="javascript:vote(69426);">Ͷ�Ƽ�Ʊ</a></p>
<p><a rel="nofollow" href="Javascript:void(0);" onclick="javascript:addbookcase(69426);">�������</a></p>
</li>
</ul>
</div>
  </tr>
<tr>
<div class="storelistbt5"> 
<ul>
<li class="storelistbt5a">
<a href="http://www.80ge.info/txtxz/181508.html" target="_blank"><img src="http://img.80ge.info/181/181508/181508s.jpg" title="���Ʋ��֮���ܿ�ħ"></a>
<a href="http://www.80ge.info/txtxz/181508.html" title="���Ʋ��֮���ܿ�ħTXTȫ������" class="bookname" target="_blank">�����Ʋ��֮���ܿ�ħ��TXT����</a><span class="bookdata">�ܵ����0</span>
<p>���ߣ�<a href="/author/û�������/" target="_blank">û�������</a>���ࣺ������Ϸ</p>
<p>    ����ʮ��Ӷ�����ʮ�������Ī���������\n    �����ӣ����Ǻ�«�����׻����׾�ơ�ƽ���Ѽ����\n    ��.......��\n����֮Լ��������Ȼ���Ŷ��ʼ�������������˳�Ĭ��    \n����������ͷ�������� ...</p>
<p>״̬:<span class="strong green">������</span> ����:24-01-07 �����½�:����ʮ���� ���Ҳ²�����ʲôϵͳ </p>
</li>
<li class="storelistbt5b">
<p><a href="http://www.80ge.info/txtxz/181508.html" target="_blank">TXT����</a></p>
<p><a rel="nofollow" href="Javascript:void(0);" onclick="javascript:vote(181508);">Ͷ�Ƽ�Ʊ</a></p>
<p><a rel="nofollow" href="Javascript:void(0);" onclick="javascript:addbookcase(181508);">�������</a></p>
</li>
</ul>
</div>
  </tr>
<tr>
<div class="storelistbt5"> 
<ul>
<li class="storelistbt5a">
<a href="http://www.80ge.info/txtxz/825.html" target="_blank"><img src="http://img.80ge.info/0/825/825s.jpg" title="�궷���"></a>
<a href="http://www.80ge.info/txtxz/825.html" title="�궷���TXTȫ������" class="bookname" target="_blank">���궷��񷡷TXT����</a><span class="bookdata">�ܵ����16314</span>
<p>���ߣ�<a href="/author/���½�/" target="_blank">���½�</a>���ࣺ��������</p>
<p>    ��λ�ֵܣ���Υ�ˣ��¸£�
    �������ڱ��Ҹ����ڳ����ˣ�����ǣ�2518644������������۾���
    ��λ�ֵܣ��鷳ǰ���ղغ�Ͷ����Ʊѽ����л�����ˣ�
 ...</p>
<p>״̬:<span class="strong blue">�����</span> ����:17-07-27 �����½�:������ </p>
</li>
<li class="storelistbt5b">
<p><a href="http://www.80ge.info/txtxz/825.html" target="_blank">TXT����</a></p>
<p><a rel="nofollow" href="Javascript:void(0);" onclick="javascript:vote(825);">Ͷ�Ƽ�Ʊ</a></p>
<p><a rel="nofollow" href="Javascript:void(0);" onclick="javascript:addbookcase(825);">�������</a></p>
</li>
</ul>
</div>
  </tr>
<tr>
<div class="storelistbt5"> 
<ul>
<li class="storelistbt5a">
<a href="http://www.80ge.info/txtxz/18453.html" target="_blank"><img src="http://img.80ge.info/18/18453/18453s.jpg" title="��񷶷ʥ"></a>
<a href="http://www.80ge.info/txtxz/18453.html" title="��񷶷ʥTXTȫ������" class="bookname" target="_blank">����񷶷ʥ��TXT����</a><span class="bookdata">�ܵ����6151</span>
<p>���ߣ�<a href="/author/��٦/" target="_blank">��٦</a>���ࣺ�������</p>
<p>    ������û�����ҵ��쳽����Ѫͳ��������Ϊ�͵�սʿ���ڼ����б����������ۡ�����������ɱʱ��ȴ��һ���������쳽����ս���������µĿռ���ӣ��õ���ϴ�軻Ѫ�Ļ��ᣬ�ڳ�����ս�������ʣ�������ȴ�������˸��޴����Ц���� ...</p>
<p>״̬:<span class="strong green">������</span> ����:13-05-29 �����½�:��һ�� ս�ҵ��� </p>
</li>
<li class="storelistbt5b">
<p><a href="http://www.80ge.info/txtxz/18453.html" target="_blank">TXT����</a></p>
<p><a rel="nofollow" href="Javascript:void(0);" onclick="javascript:vote(18453);">Ͷ�Ƽ�Ʊ</a></p>
<p><a rel="nofollow" href="Javascript:void(0);" onclick="javascript:addbookcase(18453);">�������</a></p>
</li>
</ul>
</div>
  </tr>
<tr>
<div class="storelistbt5"> 
<ul>
<li class="storelistbt5a">
<a href="http://www.80ge.info/txtxz/11600.html" target="_blank"><img src="http://img.80ge.info/11/11600/11600s.jpg" title="���ǲ��"></a>
<a href="http://www.80ge.info/txtxz/11600.html" title="���ǲ��TXTȫ������" class="bookname" target="_blank">�����ǲ�񷡷TXT����</a><span class="bookdata">�ܵ����23433</span>
<p>���ߣ�<a href="/author/�ɶ���/" target="_blank">�ɶ���</a>���ࣺ��������</p>
<p>    ��������һ����һ�����С�
    ����һ�����������Ҳơ�
    ���˶����͵ض������춷����Ҫ�޾������������ܶ��Ʋ�񷣡
    �շ�ū�ͽ����ƣ������Ƹ��ҹ��򺰵����������������硣
    ��138���������� ...</p>
<p>״̬:<span class="strong blue">�����</span> ����:13-07-31 �����½�:���İ���ʮ���� ����� </p>
</li>
<li class="storelistbt5b">
<p><a href="http://www.80ge.info/txtxz/11600.html" target="_blank">TXT����</a></p>
<p><a rel="nofollow" href="Javascript:void(0);" onclick="javascript:vote(11600);">Ͷ�Ƽ�Ʊ</a></p>
<p><a rel="nofollow" href="Javascript:void(0);" onclick="javascript:addbookcase(11600);">�������</a></p>
</li>
</ul>
</div>
  </tr>
<tr>
<div class="storelistbt5"> 
<ul>
<li class="storelistbt5a">
<a href="http://www.80ge.info/txtxz/165810.html" target="_blank"><img src="http://img.80ge.info/165/165810/165810s.jpg" title="���β��"></a>
<a href="http://www.80ge.info/txtxz/165810.html" title="���β��TXTȫ������" class="bookname" target="_blank">�����β�񷡷TXT����</a><span class="bookdata">�ܵ����51</span>
<p>���ߣ�<a href="/author/����/" target="_blank">����</a>���ࣺ��ƪ�ۺ�</p>
<p>    ��������    ��ĥ���ǵĴ�������������    һ�����ڵ�����    ���Ƕ�δ��������΢�������    ��������    �����Ĵ����    �Ƕ�ҩ    ������    �����    �� ...</p>
<p>״̬:<span class="strong green">������</span> ����:22-10-06 �����½�:�ھ��� ���塾������������ɵġ������׽���Ʒ�� </p>
</li>
<li class="storelistbt5b">
<p><a href="http://www.80ge.info/txtxz/165810.html" target="_blank">TXT����</a></p>
<p><a rel="nofollow" href="Javascript:void(0);" onclick="javascript:vote(165810);">Ͷ�Ƽ�Ʊ</a></p>
<p><a rel="nofollow" href="Javascript:void(0);" onclick="javascript:addbookcase(165810);">�������</a></p>
</li>
</ul>
</div>
  </tr>
<tr>
<div class="storelistbt5"> 
<ul>
<li class="storelistbt5a">
<a href="http://www.80ge.info/txtxz/63556.html" target="_blank"><img src="http://img.80ge.info/63/63556/63556s.jpg" title="����֮ս�Ʋ��"></a>
<a href="http://www.80ge.info/txtxz/63556.html" title="����֮ս�Ʋ��TXTȫ������" class="bookname" target="_blank">������֮ս�Ʋ�񷡷TXT����</a><span class="bookdata">�ܵ����11745</span>
<p>���ߣ�<a href="/author/���»�ѩ/" target="_blank">���»�ѩ</a>���ࣺ��������</p>
<p>    Ѫɷ���ޣ�һ�������ν��ŷ�ɥ�������֣�ȴ��ʳ������꣬�������������٣���ȴ���ò����½������С� δ��һ���ж�Ѫ����֪��׳�����졣
 ...</p>
<p>״̬:<span class="strong green">������</span> ����:17-08-24 �����½�:��841�£������� </p>
</li>
<li class="storelistbt5b">
<p><a href="http://www.80ge.info/txtxz/63556.html" target="_blank">TXT����</a></p>
<p><a rel="nofollow" href="Javascript:void(0);" onclick="javascript:vote(63556);">Ͷ�Ƽ�Ʊ</a></p>
<p><a rel="nofollow" href="Javascript:void(0);" onclick="javascript:addbookcase(63556);">�������</a></p>
</li>
</ul>
</div>
  </tr>
<tr>
<div class="storelistbt5"> 
<ul>
<li class="storelistbt5a">
<a href="http://www.80ge.info/txtxz/110662.html" target="_blank"><img src="http://img.80ge.info/110/110662/110662s.jpg" title="߱���Ʋ��"></a>
<a href="http://www.80ge.info/txtxz/110662.html" title="߱���Ʋ��TXTȫ������" class="bookname" target="_blank">��߱���Ʋ�񷡷TXT����</a><span class="bookdata">�ܵ����362</span>
<p>���ߣ�<a href="/author/�γ�ŵ/" target="_blank">�γ�ŵ</a>���ࣺ�������</p>
<p>    ����    ���ʵ���Ҷ��ǧ�����Ĵ�����������Ʒ������ƽ�⣬����½��˭Ҳ��֪������ᷢ��ʲô��û��ƽ�⣬һ�ж������� ...</p>
<p>״̬:<span class="strong green">������</span> ����:20-02-03 �����½�:�ڰ��� ̽�鶫���� </p>
</li>
<li class="storelistbt5b">
<p><a href="http://www.80ge.info/txtxz/110662.html" target="_blank">TXT����</a></p>
<p><a rel="nofollow" href="Javascript:void(0);" onclick="javascript:vote(110662);">Ͷ�Ƽ�Ʊ</a></p>
<p><a rel="nofollow" href="Javascript:void(0);" onclick="javascript:addbookcase(110662);">�������</a></p>
</li>
</ul>
</div>
  </tr>
<tr>
<div class="storelistbt5"> 
<ul>
<li class="storelistbt5a">
<a href="http://www.80ge.info/txtxz/164796.html" target="_blank"><img src="http://img.80ge.info/164/164796/164796s.jpg" title="���Ʋ�񷣺�ҵ�ʦ��������"></a>
<a href="http://www.80ge.info/txtxz/164796.html" title="���Ʋ�񷣺�ҵ�ʦ��������TXTȫ������" class="bookname" target="_blank">�����Ʋ�񷣺�ҵ�ʦ�������ϡ�TXT����</a><span class="bookdata">�ܵ����399</span>
<p>���ߣ�<a href="/author/���̸�/" target="_blank">���̸�</a>���ࣺ������Ϸ</p>
<p>    ��ʮһ���͵����꣬������������������½��Ȼ������û�뵽���ǣ�    �����ﲻ�Ƕ�����½�𣿡�    ������ڣ��ⲻ�Ǳ����Ǹ������𣿡�    ���ҿɲ����������������뽫�Լ��������������˵�����Ŭ���̿���������� ...</p>
<p>״̬:<span class="strong green">������</span> ����:22-09-28 �����½�:��ʮ���� Ѱ�� </p>
</li>
<li class="storelistbt5b">
<p><a href="http://www.80ge.info/txtxz/164796.html" target="_blank">TXT����</a></p>
<p><a rel="nofollow" href="Javascript:void(0);" onclick="javascript:vote(164796);">Ͷ�Ƽ�Ʊ</a></p>
<p><a rel="nofollow" href="Javascript:void(0);" onclick="javascript:addbookcase(164796);">�������</a></p>
</li>
</ul>
</div>
  </tr>
<tr>
<div class="storelistbt5"> 
<ul>
<li class="storelistbt5a">
<a href="http://www.80ge.info/txtxz/160189.html" target="_blank"><img src="http://img.80ge.info/160/160189/160189s.jpg" title="���Ʋ�񷣺��Ů�����µİ������"></a>
<a href="http://www.80ge.info/txtxz/160189.html" title="���Ʋ�񷣺��Ů�����µİ������TXTȫ������" class="bookname" target="_blank">�����Ʋ�񷣺��Ů�����µİ������TXT����</a><span class="bookdata">�ܵ����336</span>
<p>���ߣ�<a href="/author/��ɵ�è02/" target="_blank">��ɵ�è02</a>���ࣺ�������</p>
<p>    ���Ʋ��ͬ�ˣ���Ҫ��������������ɯŮ������ ...</p>
<p>״̬:<span class="strong green">������</span> ����:22-06-21 �����½�:�ڶ�ʮ���� ����鷳 </p>
</li>
<li class="storelistbt5b">
<p><a href="http://www.80ge.info/txtxz/160189.html" target="_blank">TXT����</a></p>
<p><a rel="nofollow" href="Javascript:void(0);" onclick="javascript:vote(160189);">Ͷ�Ƽ�Ʊ</a></p>
<p><a rel="nofollow" href="Javascript:void(0);" onclick="javascript:addbookcase(160189);">�������</a></p>
</li>
</ul>
</div>
  </tr>
<tr>
<div class="storelistbt5"> 
<ul>
<li class="storelistbt5a">
<a href="http://www.80ge.info/txtxz/43049.html" target="_blank"><img src="http://img.80ge.info/43/43049/43049s.jpg" title="�Ʋ�񷶨Ǭ��"></a>
<a href="http://www.80ge.info/txtxz/43049.html" title="�Ʋ�񷶨Ǭ��TXTȫ������" class="bookname" target="_blank">���Ʋ�񷶨Ǭ����TXT����</a><span class="bookdata">�ܵ����5179</span>
<p>���ߣ�<a href="/author/������K/" target="_blank">������K</a>���ࣺ�������</p>
<p>    ��ħ�磬���ȡ���������ˡ� ������ɴ��۾�������һ��Ծ�Ȼ�����Ǹ��ˡ� ����һ���¶�������һ������������������ʱ����һ������Ӥ���� ��ָ�⶯��˷����������������⣻ ��������磬����һ�������������ҹ��ӣ��ڶ� ...</p>
<p>״̬:<span class="strong green">������</span> ����:14-01-15 �����½�:������ </p>
</li>
<li class="storelistbt5b">
<p><a href="http://www.80ge.info/txtxz/43049.html" target="_blank">TXT����</a></p>
<p><a rel="nofollow" href="Javascript:void(0);" onclick="javascript:vote(43049);">Ͷ�Ƽ�Ʊ</a></p>
<p><a rel="nofollow" href="Javascript:void(0);" onclick="javascript:addbookcase(43049);">�������</a></p>
</li>
</ul>
</div>
  </tr>
<tr>
<div class="storelistbt5"> 
<ul>
<li class="storelistbt5a">
<a href="http://www.80ge.info/txtxz/84577.html" target="_blank"><img src="http://img.80ge.info/84/84577/84577s.jpg" title="��֮�����"></a>
<a href="http://www.80ge.info/txtxz/84577.html" title="��֮�����TXTȫ������" class="bookname" target="_blank">����֮����ơ�TXT����</a><span class="bookdata">�ܵ����706</span>
<p>���ߣ�<a href="/author/��������/" target="_blank">��������</a>���ࣺ��������</p>
<p>    &#12288;&#12288;��ǧ��Ĳ���ƣ�˭�����Ȳ������磬˭������һλ���������� ...</p>
<p>״̬:<span class="strong green">������</span> ����:18-11-18 �����½�:����ʮ���£��������� </p>
</li>
<li class="storelistbt5b">
<p><a href="http://www.80ge.info/txtxz/84577.html" target="_blank">TXT����</a></p>
<p><a rel="nofollow" href="Javascript:void(0);" onclick="javascript:vote(84577);">Ͷ�Ƽ�Ʊ</a></p>
<p><a rel="nofollow" href="Javascript:void(0);" onclick="javascript:addbookcase(84577);">�������</a></p>
</li>
</ul>
</div>
  </tr>
<tr>
<div class="storelistbt5"> 
<ul>
<li class="storelistbt5a">
<a href="http://www.80ge.info/txtxz/195045.html" target="_blank"><img src="http://img.80ge.info/195/195045/195045s.jpg" title="������Ʋ��"></a>
<a href="http://www.80ge.info/txtxz/195045.html" title="������Ʋ��TXTȫ������" class="bookname" target="_blank">��������Ʋ�񷡷TXT����</a><span class="bookdata">�ܵ����0</span>
<p>���ߣ�<a href="/author/yize����/" target="_blank">yize����</a>���ࣺ�������</p>
<p>    ȡ��������������䱻��Ϊ��սʤ��ȴ����ͥ�ĵȼ�ѹ������������    ���������������ɣ�������ս��ͥȨ�����ٴ�̤������֮�á���ձ�ø��ˣ�ѧϰʧ���似���ɷ���������ڤ�ظ���ֻΪѰ�ҳ�Խ������������    �������� ...</p>
<p>״̬:<span class="strong green">������</span> ����:24-09-19 �����½�:��ʮһ�£����ɵ���� </p>
</li>
<li class="storelistbt5b">
<p><a href="http://www.80ge.info/txtxz/195045.html" target="_blank">TXT����</a></p>
<p><a rel="nofollow" href="Javascript:void(0);" onclick="javascript:vote(195045);">Ͷ�Ƽ�Ʊ</a></p>
<p><a rel="nofollow" href="Javascript:void(0);" onclick="javascript:addbookcase(195045);">�������</a></p>
</li>
</ul>
</div>
  </tr>
<tr>
<div class="storelistbt5"> 
<ul>
<li class="storelistbt5a">
<a href="http://www.80ge.info/txtxz/219122.html" target="_blank"><img src="http://img.80ge.info/219/219122/219122s.jpg" title="��������Ʋ��"></a>
<a href="http://www.80ge.info/txtxz/219122.html" title="��������Ʋ��TXTȫ������" class="bookname" target="_blank">����������Ʋ�񷡷TXT����</a><span class="bookdata">�ܵ����0</span>
<p>���ߣ�<a href="/author/��������/" target="_blank">��������</a>���ࣺ�������</p>
<p>    �˱����ƶ�ȴ�в��֮�ġ�Ǭ���Ѷ�������������⣺���������޸ߵ͹�����ƶ�֮�֣����³�����ţ���������װ����ز�񷣻��ʹ����ע���˳�������㣬��һ����Ҳֻ��˳�ӱ��ġ�����Լ������������ۡ���������    ������֮ ...</p>
<p>״̬:<span class="strong green">������</span> ����:26-03-20 �����½�:�ڰ��£����е��� </p>
</li>
<li class="storelistbt5b">
<p><a href="http://www.80ge.info/txtxz/219122.html" target="_blank">TXT����</a></p>
<p><a rel="nofollow" href="Javascript:void(0);" onclick="javascript:vote(219122);">Ͷ�Ƽ�Ʊ</a></p>
<p><a rel="nofollow" href="Javascript:void(0);" onclick="javascript:addbookcase(219122);">�������</a></p>
</li>
</ul>
</div>
  </tr>
<tr>
<div class="storelistbt5"> 
<ul>
<li class="storelistbt5a">
<a href="http://www.80ge.info/txtxz/86627.html" target="_blank"><img src="http://img.80ge.info/86/86627/86627s.jpg" title="���Ʋ��֮������������"></a>
<a href="http://www.80ge.info/txtxz/86627.html" title="���Ʋ��֮������������TXTȫ������" class="bookname" target="_blank">�����Ʋ��֮��������������TXT����</a><span class="bookdata">�ܵ����1508</span>
<p>���ߣ�<a href="/author/������/" target="_blank">������</a>���ࣺ��������</p>
<p>    ���Ƿ������ǧƪһ�ɳ����뻯���书��ڣ����һ�޵��书�ȼ������������������úͿƻ���һ�壬������һ������ģ������ֲ�Ϊ�ȼ������ֵ�λ�ߵ͡�    ���ﲻ�����书�����磬�����书Ҳ��Ϊ��ǿ�����������ǵ��Ṧ�������� ...</p>
<p>״̬:<span class="strong green">������</span> ����:18-12-10 �����½�:��25�� �����ж� </p>
</li>
<li class="storelistbt5b">
<p><a href="http://www.80ge.info/txtxz/86627.html" target="_blank">TXT����</a></p>
<p><a rel="nofollow" href="Javascript:void(0);" onclick="javascript:vote(86627);">Ͷ�Ƽ�Ʊ</a></p>
<p><a rel="nofollow" href="Javascript:void(0);" onclick="javascript:addbookcase(86627);">�������</a></p>
</li>
</ul>
</div>
  </tr>
<tr>
<div class="storelistbt5"> 
<ul>
<li class="storelistbt5a">
<a href="http://www.80ge.info/txtxz/80880.html" target="_blank"><img src="http://img.80ge.info/80/80880/80880s.jpg" title="��������"></a>
<a href="http://www.80ge.info/txtxz/80880.html" title="��������TXTȫ������" class="bookname" target="_blank">�����������TXT����</a><span class="bookdata">�ܵ����1694</span>
<p>���ߣ�<a href="/author/�͵���/" target="_blank">�͵���</a>���ࣺ��������</p>
<p>    &#12288;&#12288;���������ʳ���������ӵܣ��������ƹ������Ʋ��֣���������������գ�����ȫ��δ�е�Ǳ����������ս��ش�٣��ػ��ҹ����ػ����ݣ�����һ������д��������һҳ�����������꣬���������ᣬ ...</p>
<p>״̬:<span class="strong green">������</span> ����:18-09-29 �����½�:����ʮ���� ��� </p>
</li>
<li class="storelistbt5b">
<p><a href="http://www.80ge.info/txtxz/80880.html" target="_blank">TXT����</a></p>
<p><a rel="nofollow" href="Javascript:void(0);" onclick="javascript:vote(80880);">Ͷ�Ƽ�Ʊ</a></p>
<p><a rel="nofollow" href="Javascript:void(0);" onclick="javascript:addbookcase(80880);">�������</a></p>
</li>
</ul>
</div>
  </tr>
<tr>
<div class="storelistbt5"> 
<ul>
<li class="storelistbt5a">
<a href="http://www.80ge.info/txtxz/29793.html" target="_blank"><img src="http://img.80ge.info/29/29793/29793s.jpg" title="���ƺ�"></a>
<a href="http://www.80ge.info/txtxz/29793.html" title="���ƺ�TXTȫ������" class="bookname" target="_blank">�����ƺ󴫡�TXT����</a><span class="bookdata">�ܵ����37955</span>
<p>���ߣ�<a href="/author/��̳���/" target="_blank">��̳���</a>���ࣺ����ͬ��</p>
<p>    ����������ǩԼ��Ʒ��
    ͨ�����Ǳ���ʲô��
    ���ۻ��ǵ߷�ǿ��ô��
    ���׹�ȥ�ֽ�����ʲô���������أ�
    ����ǰ������½�ϵ�ǿ�߾���ȥ�����
    ��������������½�����żȻô��
   ...</p>
<p>״̬:<span class="strong green">������</span> ����:17-07-27 �����½�:��Ҷ������Լ������Ľ������������²��շѡ� </p>
</li>
<li class="storelistbt5b">
<p><a href="http://www.80ge.info/txtxz/29793.html" target="_blank">TXT����</a></p>
<p><a rel="nofollow" href="Javascript:void(0);" onclick="javascript:vote(29793);">Ͷ�Ƽ�Ʊ</a></p>
<p><a rel="nofollow" href="Javascript:void(0);" onclick="javascript:addbookcase(29793);">�������</a></p>
</li>
</ul>
</div>
  </tr>
<tr>
<div class="storelistbt5"> 
<ul>
<li class="storelistbt5a">
<a href="http://www.80ge.info/txtxz/5434.html" target="_blank"><img src="http://img.80ge.info/5/5434/5434s.jpg" title="�ݺᶷ��"></a>
<a href="http://www.80ge.info/txtxz/5434.html" title="�ݺᶷ��TXTȫ������" class="bookname" target="_blank">���ݺᶷ�ơ�TXT����</a><span class="bookdata">�ܵ����40949</span>
<p>���ߣ�<a href="/author/�ű�/" target="_blank">�ű�</a>���ࣺ����ͬ��</p>
<p>    ���齲������Я����֮�ܴ�Խ���ƵĹ��£���ͷ�����ѿ��������޸ģ���������ȥ�Ǿ��Բ�������ʧ����
    �Ѿ��������꣬��Ȼ���»�������Ҳ�Ѿ����ʣ�Ψһ��ŵ������̫�࣬����λ�����ղأ�
    �ݺᶷ������Ⱥ��һ�� ...</p>
<p>״̬:<span class="strong blue">�����</span> ����:14-04-25 �����½�:�ڶ��ٰ�ʮһ�� ���֮�ߣ�ǿ�߹��� </p>
</li>
<li class="storelistbt5b">
<p><a href="http://www.80ge.info/txtxz/5434.html" target="_blank">TXT����</a></p>
<p><a rel="nofollow" href="Javascript:void(0);" onclick="javascript:vote(5434);">Ͷ�Ƽ�Ʊ</a></p>
<p><a rel="nofollow" href="Javascript:void(0);" onclick="javascript:addbookcase(5434);">�������</a></p>
</li>
</ul>
</div>
  </tr>
<tr>
<div class="storelistbt5"> 
<ul>
<li class="storelistbt5a">
<a href="http://www.80ge.info/txtxz/48631.html" target="_blank"><img src="http://img.80ge.info/48/48631/48631s.jpg" title="����ʱ��"></a>
<a href="http://www.80ge.info/txtxz/48631.html" title="����ʱ��TXTȫ������" class="bookname" target="_blank">������ʱ�ա�TXT����</a><span class="bookdata">�ܵ����24193</span>
<p>���ߣ�<a href="/author/��������/" target="_blank">��������</a>���ࣺ�������</p>
<p>    Ȩ�ƣ�����ʲô������ ��ң��Ҷൽ�����������ʡ�
    ��ҩ���Ҷ�þ���ι���� �������ؽ�֮���Ҷ�����ѧ��
    ���������֮�±��ó��������ˡ� ���ˣ�ͳͳ��������
    ���ζ�����õ��Ҽ����Ҫ�� ���� ...</p>
<p>״̬:<span class="strong green">������</span> ����:17-08-10 �����½�:�ڶ�����ʮ�� ˫��ͬԴ </p>
</li>
<li class="storelistbt5b">
<p><a href="http://www.80ge.info/txtxz/48631.html" target="_blank">TXT����</a></p>
<p><a rel="nofollow" href="Javascript:void(0);" onclick="javascript:vote(48631);">Ͷ�Ƽ�Ʊ</a></p>
<p><a rel="nofollow" href="Javascript:void(0);" onclick="javascript:addbookcase(48631);">�������</a></p>
</li>
</ul>
</div>
  </tr>
<tr>
<div class="storelistbt5"> 
<ul>
<li class="storelistbt5a">
<a href="http://www.80ge.info/txtxz/143979.html" target="_blank"><img src="http://img.80ge.info/143/143979/143979s.jpg" title="���Ʋ��֮�ҵ�ʦ��������"></a>
<a href="http://www.80ge.info/txtxz/143979.html" title="���Ʋ��֮�ҵ�ʦ��������TXTȫ������" class="bookname" target="_blank">�����Ʋ��֮�ҵ�ʦ�������ϡ�TXT����</a><span class="bookdata">�ܵ����1695</span>
<p>���ߣ�<a href="/author/�����³�/" target="_blank">�����³�</a>���ࣺ�������</p>
<p>    ��ѧ��Ž�������˰��㣬����괩������½�������������������Ϊ�����ӡ�    СС���겻����Ϊ������ǣ��ǾͿ���Խ�ߺ�λ��֮�ӵĽ���������ǿ���� ...</p>
<p>״̬:<span class="strong green">������</span> ����:21-10-19 �����½�:����ʮ���� �������� </p>
</li>
<li class="storelistbt5b">
<p><a href="http://www.80ge.info/txtxz/143979.html" target="_blank">TXT����</a></p>
<p><a rel="nofollow" href="Javascript:void(0);" onclick="javascript:vote(143979);">Ͷ�Ƽ�Ʊ</a></p>
<p><a rel="nofollow" href="Javascript:void(0);" onclick="javascript:addbookcase(143979);">�������</a></p>
</li>
</ul>
</div>
  </tr>
<tr>
<div class="storelistbt5"> 
<ul>
<li class="storelistbt5a">
<a href="http://www.80ge.info/txtxz/169512.html" target="_blank"><img src="http://img.80ge.info/169/169512/169512s.jpg" title="���Ʋ��֮���ǵ۶���"></a>
<a href="http://www.80ge.info/txtxz/169512.html" title="���Ʋ��֮���ǵ۶���TXTȫ������" class="bookname" target="_blank">�����Ʋ��֮���ǵ۶�����TXT����</a><span class="bookdata">�ܵ����230</span>
<p>���ߣ�<a href="/author/��⽳���/" target="_blank">��⽳���</a>���ࣺ������Ϸ</p>
<p>    �ҽ����ף���������һ����һ���Ķ��Ʋ�񷣬�����������ҵ����������������...�ɹ��ˣ�    ���Ǻ����ҳ�Ϊ�˶�����½����Ķ����棡��ʥүү�������ף���Ʒ��ҩʦ�����裬��Щ��ֻ�Ǳ�ɽһ�ǣ�    ����Ϊ��Ϊ ...</p>
<p>״̬:<span class="strong green">������</span> ����:23-01-13 �����½�:�����£����� </p>
</li>
<li class="storelistbt5b">
<p><a href="http://www.80ge.info/txtxz/169512.html" target="_blank">TXT����</a></p>
<p><a rel="nofollow" href="Javascript:void(0);" onclick="javascript:vote(169512);">Ͷ�Ƽ�Ʊ</a></p>
<p><a rel="nofollow" href="Javascript:void(0);" onclick="javascript:addbookcase(169512);">�������</a></p>
</li>
</ul>
</div>
  </tr>
<tr>
<div class="storelistbt5"> 
<ul>
<li class="storelistbt5a">
<a href="http://www.80ge.info/txtxz/174139.html" target="_blank"><img src="http://img.80ge.info/174/174139/174139s.jpg" title="���������"></a>
<a href="http://www.80ge.info/txtxz/174139.html" title="���������TXTȫ������" class="bookname" target="_blank">����������񷡷TXT����</a><span class="bookdata">�ܵ����45</span>
<p>���ߣ�<a href="/author/�����ܷ���/" target="_blank">�����ܷ���</a>���ࣺ�������</p>
<p>    �������������֮�á��ҿ��������֮��������һ���� ...</p>
<p>״̬:<span class="strong green">������</span> ����:23-08-19 �����½�:����ʮһ��̫������ </p>
</li>
<li class="storelistbt5b">
<p><a href="http://www.80ge.info/txtxz/174139.html" target="_blank">TXT����</a></p>
<p><a rel="nofollow" href="Javascript:void(0);" onclick="javascript:vote(174139);">Ͷ�Ƽ�Ʊ</a></p>
<p><a rel="nofollow" href="Javascript:void(0);" onclick="javascript:addbookcase(174139);">�������</a></p>
</li>
</ul>
</div>
  </tr>
<tr>
<div class="storelistbt5"> 
<ul>
<li class="storelistbt5a">
<a href="http://www.80ge.info/txtxz/8775.html" target="_blank"><img src="http://img.80ge.info/modules/article/images/nocover.jpg" title="����֮���Ʋ��"></a>
<a href="http://www.80ge.info/txtxz/8775.html" title="����֮���Ʋ��TXTȫ������" class="bookname" target="_blank">������֮���Ʋ�񷡷TXT����</a><span class="bookdata">�ܵ����8168</span>
<p>���ߣ�<a href="/author/����/" target="_blank">����</a>���ࣺħ������</p>
<p>
    ���մ��ˣ���Ҳ�ʹ��ˣ�����������ȴƫƫ������һ���ϲ����ϣ�����һ���ϲ�����Ҳ�Ͱ��ˣ�������ָָ��㡣
    ��ǿ�������ǿ
    ������ǰħ�屻����ħ
 ...</p>
<p>״̬:<span class="strong blue">�����</span> ����:17-07-27 �����½�:��һ��һʮ���� ���� </p>
</li>
<li class="storelistbt5b">
<p><a href="http://www.80ge.info/txtxz/8775.html" target="_blank">TXT����</a></p>
<p><a rel="nofollow" href="Javascript:void(0);" onclick="javascript:vote(8775);">Ͷ�Ƽ�Ʊ</a></p>
<p><a rel="nofollow" href="Javascript:void(0);" onclick="javascript:addbookcase(8775);">�������</a></p>
</li>
</ul>
</div>
  </tr>
<tr>
<div class="storelistbt5"> 
<ul>
<li class="storelistbt5a">
<a href="http://www.80ge.info/txtxz/3166.html" target="_blank"><img src="http://img.80ge.info/3/3166/3166s.jpg" title="����֮���Ʋ��"></a>
<a href="http://www.80ge.info/txtxz/3166.html" title="����֮���Ʋ��TXTȫ������" class="bookname" target="_blank">������֮���Ʋ�񷡷TXT����</a><span class="bookdata">�ܵ����186341</span>
<p>���ߣ�<a href="/author/����������/" target="_blank">����������</a>���ࣺ������Ϸ</p>
<p>    ����һ���ܡ��䡯�Ĺ��¡�
    ����һ�δ��桭��
    �ѣ��ѣ��ѣ���
    ������ϷȺҲ�Ƕ���Ⱥ����ӭ��ҽ�����
    187439411(���¿���500�˴�Ⱥ)
    ����vipȺ141876215 ...</p>
<p>״̬:<span class="strong green">������</span> ����:12-12-05 �����½�:�걾���� </p>
</li>
<li class="storelistbt5b">
<p><a href="http://www.80ge.info/txtxz/3166.html" target="_blank">TXT����</a></p>
<p><a rel="nofollow" href="Javascript:void(0);" onclick="javascript:vote(3166);">Ͷ�Ƽ�Ʊ</a></p>
<p><a rel="nofollow" href="Javascript:void(0);" onclick="javascript:addbookcase(3166);">�������</a></p>
</li>
</ul>
</div>
  </tr>
<tr>
<div class="storelistbt5"> 
<ul>
<li class="storelistbt5a">
<a href="http://www.80ge.info/txtxz/139956.html" target="_blank"><img src="http://img.80ge.info/139/139956/139956s.jpg" title="ϵͳ֮���ܸı���鶷�Ʋ��ƪ"></a>
<a href="http://www.80ge.info/txtxz/139956.html" title="ϵͳ֮���ܸı���鶷�Ʋ��ƪTXTȫ������" class="bookname" target="_blank">��ϵͳ֮���ܸı���鶷�Ʋ��ƪ��TXT����</a><span class="bookdata">�ܵ����561</span>
<p>���ߣ�<a href="/author/��˪��ѩ/" target="_blank">��˪��ѩ</a>���ࣺ�������</p>
<p>    ������������磬�����������ı䣬������Ů������¶ˮ��Ե�����������Ʋ������� ...</p>
<p>״̬:<span class="strong green">������</span> ����:21-07-02 �����½�:�����и� </p>
</li>
<li class="storelistbt5b">
<p><a href="http://www.80ge.info/txtxz/139956.html" target="_blank">TXT����</a></p>
<p><a rel="nofollow" href="Javascript:void(0);" onclick="javascript:vote(139956);">Ͷ�Ƽ�Ʊ</a></p>
<p><a rel="nofollow" href="Javascript:void(0);" onclick="javascript:addbookcase(139956);">�������</a></p>
</li>
</ul>
</div>
  </tr>
<tr>
<div class="storelistbt5"> 
<ul>
<li class="storelistbt5a">
<a href="http://www.80ge.info/txtxz/9198.html" target="_blank"><img src="http://img.80ge.info/9/9198/9198s.jpg" title="����֮���Ʋ��"></a>
<a href="http://www.80ge.info/txtxz/9198.html" title="����֮���Ʋ��TXTȫ������" class="bookname" target="_blank">������֮���Ʋ�񷡷TXT����</a><span class="bookdata">�ܵ����40047</span>
<p>���ߣ�<a href="/author/�����������/" target="_blank">�����������</a>���ࣺ������Ϸ</p>
<p>    ʧ��С����롾��������Ϸ�������Լ��������񻰡�����Ϸ���죬�������ְҵ��ǿ��Ĺ���һ�δε�����������������ȴ��һ�δεİ��������ļ��¡�����׽�������˽������ϵĴ���Ϸ���۷�ˤ�£�ȴ��һ�δεĸ�����ϲ�������鷢��ֱ�� ...</p>
<p>״̬:<span class="strong green">������</span> ����:13-05-26 �����½�:���İٶ�ʮ���� ���ص�Ӣ�ۣ����֣� </p>
</li>
<li class="storelistbt5b">
<p><a href="http://www.80ge.info/txtxz/9198.html" target="_blank">TXT����</a></p>
<p><a rel="nofollow" href="Javascript:void(0);" onclick="javascript:vote(9198);">Ͷ�Ƽ�Ʊ</a></p>
<p><a rel="nofollow" href="Javascript:void(0);" onclick="javascript:addbookcase(9198);">�������</a></p>
</li>
</ul>
</div>
  </tr>
<tr>
<div class="storelistbt5"> 
<ul>
<li class="storelistbt5a">
<a href="http://www.80ge.info/txtxz/34139.html" target="_blank"><img src="http://img.80ge.info/34/34139/34139s.jpg" title="����֮ǹ�Ʋ��"></a>
<a href="http://www.80ge.info/txtxz/34139.html" title="����֮ǹ�Ʋ��TXTȫ������" class="bookname" target="_blank">������֮ǹ�Ʋ�񷡷TXT����</a><span class="bookdata">�ܵ����15831</span>
<p>���ߣ�<a href="/author/�������/" target="_blank">�������</a>���ࣺ������Ϸ</p>
<p>    �����ص�����񷡷����ǰϦ��
    ����������ǿ����������֪һ�����ʶ������Ϊ�������ͽ���ң�����������֮���Ӧ���������������������绢������������ϲ���۷�֮·ʱ��������Ů�����������ӵ̤����������ԭ��ƽ������ ...</p>
<p>״̬:<span class="strong green">������</span> ����:14-05-03 �����½�:���İ��� </p>
</li>
<li class="storelistbt5b">
<p><a href="http://www.80ge.info/txtxz/34139.html" target="_blank">TXT����</a></p>
<p><a rel="nofollow" href="Javascript:void(0);" onclick="javascript:vote(34139);">Ͷ�Ƽ�Ʊ</a></p>
<p><a rel="nofollow" href="Javascript:void(0);" onclick="javascript:addbookcase(34139);">�������</a></p>
</li>
</ul>
</div>
  </tr>
<tr>
<div class="storelistbt5"> 
<ul>
<li class="storelistbt5a">
<a href="http://www.80ge.info/txtxz/46431.html" target="_blank"><img src="http://img.80ge.info/46/46431/46431s.jpg" title="���Ʋ������"></a>
<a href="http://www.80ge.info/txtxz/46431.html" title="���Ʋ������TXTȫ������" class="bookname" target="_blank">�����Ʋ������TXT����</a><span class="bookdata">�ܵ����3209</span>
<p>���ߣ�<a href="/author/��������/" target="_blank">��������</a>���ࣺ��������</p>
<p>    ���������������Ŀ��ܳ�Ϊ��
    ˭������������������ƿ��ˣ�
    ���˻��ų�Ϊ����ͳ���ߵ����룬��ʼ�˼��ѵ���������������ͳ���ߵ������������ɨ���£���ս���£�
    qqȺ��292345043 ...</p>
<p>״̬:<span class="strong green">������</span> ����:17-07-27 �����½�:�ڰ�ʮ���µ�����ս </p>
</li>
<li class="storelistbt5b">
<p><a href="http://www.80ge.info/txtxz/46431.html" target="_blank">TXT����</a></p>
<p><a rel="nofollow" href="Javascript:void(0);" onclick="javascript:vote(46431);">Ͷ�Ƽ�Ʊ</a></p>
<p><a rel="nofollow" href="Javascript:void(0);" onclick="javascript:addbookcase(46431);">�������</a></p>
</li>
</ul>
</div>
  </tr>
<tr>
<div class="storelistbt5"> 
<ul>
<li class="storelistbt5a">
<a href="http://www.80ge.info/txtxz/109933.html" target="_blank"><img src="http://img.80ge.info/109/109933/109933s.jpg" title="�������Ʋ��"></a>
<a href="http://www.80ge.info/txtxz/109933.html" title="�������Ʋ��TXTȫ������" class="bookname" target="_blank">���������Ʋ�񷡷TXT����</a><span class="bookdata">�ܵ����711</span>
<p>���ߣ�<a href="/author/��Խ/" target="_blank">��Խ</a>���ࣺ�������</p>
<p>    ����ϲ���Ⱦƣ����˵ĵ��˺ܶ࣬��Ҫ��Ź����ǵö�׼����ơ�����������֮ǰ���������׼���ľƹ������ࡣ    ���Ʊ����˺ȳ��������½��Ӳͨ�����ܸ��˰�ȫ�еĲ�����ʵ�������Ǿơ� ...</p>
<p>״̬:<span class="strong green">������</span> ����:20-01-21 �����½�:��12�� ץ������� </p>
</li>
<li class="storelistbt5b">
<p><a href="http://www.80ge.info/txtxz/109933.html" target="_blank">TXT����</a></p>
<p><a rel="nofollow" href="Javascript:void(0);" onclick="javascript:vote(109933);">Ͷ�Ƽ�Ʊ</a></p>
<p><a rel="nofollow" href="Javascript:void(0);" onclick="javascript:addbookcase(109933);">�������</a></p>
</li>
</ul>
</div>
  </tr>
<tr>
<div class="storelistbt5"> 
<ul>
<li class="storelistbt5a">
<a href="http://www.80ge.info/txtxz/115354.html" target="_blank"><img src="http://img.80ge.info/115/115354/115354s.jpg" title="���Ʋ��ʮ����"></a>
<a href="http://www.80ge.info/txtxz/115354.html" title="���Ʋ��ʮ����TXTȫ������" class="bookname" target="_blank">�����Ʋ��ʮ���TXT����</a><span class="bookdata">�ܵ����747</span>
<p>���ߣ�<a href="/author/ҹ������/" target="_blank">ҹ������</a>���ࣺ��������</p>
<p>    ��һ�꣬���ǵ��滨�������ޡ�    ��������ŭ��̤���֣�żһ������    �������滨��ĸ�׵����Ц�ա�    ���е����벻�ң���������ʱ��    ��������Ҳ�ã�����ȨҲ�գ�    ���ս���ʱ��    ֻ���滨�� ...</p>
<p>״̬:<span class="strong green">������</span> ����:20-06-23 �����½�:�ھ�ʮ��  ������������ </p>
</li>
<li class="storelistbt5b">
<p><a href="http://www.80ge.info/txtxz/115354.html" target="_blank">TXT����</a></p>
<p><a rel="nofollow" href="Javascript:void(0);" onclick="javascript:vote(115354);">Ͷ�Ƽ�Ʊ</a></p>
<p><a rel="nofollow" href="Javascript:void(0);" onclick="javascript:addbookcase(115354);">�������</a></p>
</li>
</ul>
</div>
  </tr>
<tr>
<div class="storelistbt5"> 
<ul>
<li class="storelistbt5a">
<a href="http://www.80ge.info/txtxz/82671.html" target="_blank"><img src="http://img.80ge.info/82/82671/82671s.jpg" title="����֮��������"></a>
<a href="http://www.80ge.info/txtxz/82671.html" title="����֮��������TXTȫ������" class="bookname" target="_blank">������֮��������TXT����</a><span class="bookdata">�ܵ����4907</span>
<p>���ߣ�<a href="/author/����ҹɫ��/" target="_blank">����ҹɫ��</a>���ࣺ��������</p>
<p>    ���궷�Ʋ��ʮ���꣬���Դ����򾭵��¾���������ƣ�ϣ��ʱ���Ͽ����Ǻϣ����Ʋ��09��4��14�տ��飬������19��4��14�ոպ�д�������뿪������½����ʼ��ǧ����ƪ��    �����д��������������׵���һ�������ǧ ...</p>
<p>״̬:<span class="strong green">������</span> ����:18-10-16 �����½�:��19�� һȭ���� </p>
</li>
<li class="storelistbt5b">
<p><a href="http://www.80ge.info/txtxz/82671.html" target="_blank">TXT����</a></p>
<p><a rel="nofollow" href="Javascript:void(0);" onclick="javascript:vote(82671);">Ͷ�Ƽ�Ʊ</a></p>
<p><a rel="nofollow" href="Javascript:void(0);" onclick="javascript:addbookcase(82671);">�������</a></p>
</li>
</ul>
</div>
  </tr>
<tr>
<div class="storelistbt5"> 
<ul>
<li class="storelistbt5a">
<a href="http://www.80ge.info/txtxz/43322.html" target="_blank"><img src="http://img.80ge.info/43/43322/43322s.jpg" title="�ʺ����춷���"></a>
<a href="http://www.80ge.info/txtxz/43322.html" title="�ʺ����춷���TXTȫ������" class="bookname" target="_blank">���ʺ����춷��񷡷TXT����</a><span class="bookdata">�ܵ����66625</span>
<p>���ߣ�<a href="/author/����Ϫ/" target="_blank">����Ϫ</a>���ࣺ��Խ����</p>
<p>    �ʺ����춷��������½��У�С˵���ʺ����춷��񷡷����Ϫ/��,�ʺ����춷���ȫ���Ķ�    ����������ϵ��֮���졿-����Ϫ|
    ʲô��
    ����½�ǳ��۹���һ������ҳ�Ů�����֣�
    Ҫ���ǳ���һ ...</p>
<p>״̬:<span class="strong green">������</span> ����:17-08-28 �����½�:����-ʱ�մ����꣩ </p>
</li>
<li class="storelistbt5b">
<p><a href="http://www.80ge.info/txtxz/43322.html" target="_blank">TXT����</a></p>
<p><a rel="nofollow" href="Javascript:void(0);" onclick="javascript:vote(43322);">Ͷ�Ƽ�Ʊ</a></p>
<p><a rel="nofollow" href="Javascript:void(0);" onclick="javascript:addbookcase(43322);">�������</a></p>
</li>
</ul>
</div>
  </tr>
<tr>
<div class="storelistbt5"> 
<ul>
<li class="storelistbt5a">
<a href="http://www.80ge.info/txtxz/14161.html" target="_blank"><img src="http://img.80ge.info/14/14161/14161s.jpg" title="�ʺ����춷���"></a>
<a href="http://www.80ge.info/txtxz/14161.html" title="�ʺ����춷���TXTȫ������" class="bookname" target="_blank">���ʺ����춷��񷡷TXT����</a><span class="bookdata">�ܵ����49990</span>
<p>���ߣ�<a href="/author/��������/" target="_blank">��������</a>���ࣺħ������</p>
<p>    ����������ϵ��֮���졿-����Ϫ|
    ʲô��
    ����½�ǳ��۹���һ������ҳ�Ů�����֣�
    Ҫ���ǳ���һ��ţ�̫�ӵ������е���Ļ�Լ��
    ���ޣ�
    �ֲ���ȫ����Ů��Ⱥ�����֮�������� ...</p>
<p>״̬:<span class="strong green">������</span> ����:17-11-08 �����½�:����-ʱ�մ����꣩ </p>
</li>
<li class="storelistbt5b">
<p><a href="http://www.80ge.info/txtxz/14161.html" target="_blank">TXT����</a></p>
<p><a rel="nofollow" href="Javascript:void(0);" onclick="javascript:vote(14161);">Ͷ�Ƽ�Ʊ</a></p>
<p><a rel="nofollow" href="Javascript:void(0);" onclick="javascript:addbookcase(14161);">�������</a></p>
</li>
</ul>
</div>
  </tr>
<tr>
<div class="storelistbt5"> 
<ul>
<li class="storelistbt5a">
<a href="http://www.80ge.info/txtxz/49772.html" target="_blank"><img src="http://img.80ge.info/49/49772/49772s.jpg" title="�������"></a>
<a href="http://www.80ge.info/txtxz/49772.html" title="�������TXTȫ������" class="bookname" target="_blank">��������졷TXT����</a><span class="bookdata">�ܵ����7334</span>
<p>���ߣ�<a href="/author/���һ��/" target="_blank">���һ��</a>���ࣺ��ƪ�ۺ�</p>
<p>    ������������½��У�С˵��������졷���һ��/��,�������ȫ���Ķ�    ���罫Ҫ����,��԰��Ҫ����;����ѧ��Ф��,ż������Զ�����Ѱ�����֮��,Ф骶�����ս���,ն��������ħ;����¾���,��ƴ�������.��!�� ...</p>
<p>״̬:<span class="strong green">������</span> ����:17-07-27 �����½�:����ʮ���� һȭ֮���� </p>
</li>
<li class="storelistbt5b">
<p><a href="http://www.80ge.info/txtxz/49772.html" target="_blank">TXT����</a></p>
<p><a rel="nofollow" href="Javascript:void(0);" onclick="javascript:vote(49772);">Ͷ�Ƽ�Ʊ</a></p>
<p><a rel="nofollow" href="Javascript:void(0);" onclick="javascript:addbookcase(49772);">�������</a></p>
</li>
</ul>
</div>
  </tr>
<tr>
<div class="storelistbt5"> 
<ul>
<li class="storelistbt5a">
<a href="http://www.80ge.info/txtxz/29980.html" target="_blank"><img src="http://img.80ge.info/29/29980/29980s.jpg" title="��������"></a>
<a href="http://www.80ge.info/txtxz/29980.html" title="��������TXTȫ������" class="bookname" target="_blank">���������졷TXT����</a><span class="bookdata">�ܵ����17963</span>
<p>���ߣ�<a href="/author/�����ħ������/" target="_blank">�����ħ������</a>���ࣺ�������</p>
<p>    ����----һ�������ϵ���ͨլ�У���Ϊһ�����⣬��괩Խ����������һ�鶷����½�ϣ������Ǹ������˸ոճ�Ϊ��½��ʷ�ϵ��ĸ���ʥ�����ϣ�������������ĵ�һ���£�����XXOO��½�϶�������Ů......
 ...</p>
<p>״̬:<span class="strong blue">�����</span> ����:17-07-27 �����½�:����ʮ���� �ø� </p>
</li>
<li class="storelistbt5b">
<p><a href="http://www.80ge.info/txtxz/29980.html" target="_blank">TXT����</a></p>
<p><a rel="nofollow" href="Javascript:void(0);" onclick="javascript:vote(29980);">Ͷ�Ƽ�Ʊ</a></p>
<p><a rel="nofollow" href="Javascript:void(0);" onclick="javascript:addbookcase(29980);">�������</a></p>
</li>
</ul>
</div>
  </tr>
<tr>
<div class="storelistbt5"> 
<ul>
<li class="storelistbt5a">
<a href="http://www.80ge.info/txtxz/115457.html" target="_blank"><img src="http://img.80ge.info/115/115457/115457s.jpg" title="���ƴ�½"></a>
<a href="http://www.80ge.info/txtxz/115457.html" title="���ƴ�½TXTȫ������" class="bookname" target="_blank">�����ƴ�½��TXT����</a><span class="bookdata">�ܵ����1919</span>
<p>���ߣ�<a href="/author/��������/" target="_blank">��������</a>���ࣺ��������</p>
<p>    ���������������ߵ����磬һ���������ݵ������½��û�л���������ħ�����еģ���������������ؼ��������    Ī��������޷������Է�� ...</p>
<p>״̬:<span class="strong green">������</span> ����:20-07-11 �����½�:�ڶ�������� ���ĻԻ� </p>
</li>
<li class="storelistbt5b">
<p><a href="http://www.80ge.info/txtxz/115457.html" target="_blank">TXT����</a></p>
<p><a rel="nofollow" href="Javascript:void(0);" onclick="javascript:vote(115457);">Ͷ�Ƽ�Ʊ</a></p>
<p><a rel="nofollow" href="Javascript:void(0);" onclick="javascript:addbookcase(115457);">�������</a></p>
</li>
</ul>
</div>
  </tr>
<tr>
<div class="storelistbt5"> 
<ul>
<li class="storelistbt5a">
<a href="http://www.80ge.info/txtxz/152086.html" target="_blank"><img src="http://img.80ge.info/152/152086/152086s.jpg" title="����Ԫӥ"></a>
<a href="http://www.80ge.info/txtxz/152086.html" title="����ԪӥTXTȫ������" class="bookname" target="_blank">������Ԫӥ��TXT����</a><span class="bookdata">�ܵ����478</span>
<p>���ߣ�<a href="/author/����������/" target="_blank">����������</a>���ࣺ�������</p>
<p>    �ܾúܾ���ǰ���кܶ�δ֪֮�أ�����Щδ֪֮�أ�ס�źܶ�δ֪���ˣ������źܶ�δ֪���¡���һ����սԪӥ����ս�����콣�ڶ�Ԫӥ����Ԫӥ����    �漴�����콣��Ҳ�����Ϸ���˼⡣�������콣�ڵ�����̳��һ���������ı���� ...</p>
<p>״̬:<span class="strong green">������</span> ����:22-02-20 �����½�:��24�� ӦҪ�󷢲�˵�� </p>
</li>
<li class="storelistbt5b">
<p><a href="http://www.80ge.info/txtxz/152086.html" target="_blank">TXT����</a></p>
<p><a rel="nofollow" href="Javascript:void(0);" onclick="javascript:vote(152086);">Ͷ�Ƽ�Ʊ</a></p>
<p><a rel="nofollow" href="Javascript:void(0);" onclick="javascript:addbookcase(152086);">�������</a></p>
</li>
</ul>
</div>
  </tr>
<tr>
<div class="storelistbt5"> 
<ul>
<li class="storelistbt5a">
<a href="http://www.80ge.info/txtxz/161871.html" target="_blank"><img src="http://img.80ge.info/161/161871/161871s.jpg" title="���ƣ�����֮��"></a>
<a href="http://www.80ge.info/txtxz/161871.html" title="���ƣ�����֮��TXTȫ������" class="bookname" target="_blank">�����ƣ�����֮����TXT����</a><span class="bookdata">�ܵ����1152</span>
<p>���ߣ�<a href="/author/����ʱ����/" target="_blank">����ʱ����</a>���ࣺ������Ϸ</p>
<p>    ��Խ������½����������֮����    ���������й��ʳ�ķ�֮�ơ�    ����    ����Ǹ������ĺܶ�����    һ������Ź�Ĺ��ϵ�Ǹ��    ����    ���������û����...�á���    ����    ���㾹 ...</p>
<p>״̬:<span class="strong green">������</span> ����:23-01-31 �����½�:�ڶ��ٰ�ʮ���� </p>
</li>
<li class="storelistbt5b">
<p><a href="http://www.80ge.info/txtxz/161871.html" target="_blank">TXT����</a></p>
<p><a rel="nofollow" href="Javascript:void(0);" onclick="javascript:vote(161871);">Ͷ�Ƽ�Ʊ</a></p>
<p><a rel="nofollow" href="Javascript:void(0);" onclick="javascript:addbookcase(161871);">�������</a></p>
</li>
</ul>
</div>
  </tr>
<tr>
<div class="storelistbt5"> 
<ul>
<li class="storelistbt5a">
<a href="http://www.80ge.info/txtxz/27745.html" target="_blank"><img src="http://img.80ge.info/27/27745/27745s.jpg" title="���֮���Ʋ��"></a>
<a href="http://www.80ge.info/txtxz/27745.html" title="���֮���Ʋ��TXTȫ������" class="bookname" target="_blank">�����֮���Ʋ�񷡷TXT����</a><span class="bookdata">�ܵ����11450</span>
<p>���ߣ�<a href="/author/�Ƹ�/" target="_blank">�Ƹ�</a>���ࣺ�������</p>
<p>    ������½��һ��ǿ��Ϊ������磡ps:���顶���к��١��ѷ�����ȥ�ղذɡ���
    ˭�ķ���������˷���˭�������ܺ�绽�ꣿ���ǰ�կ��������ʵ����
    �ٶȣ���˲�ƵĿ���
    ��������һ����ɱ��
    ...</p>
<p>״̬:<span class="strong blue">�����</span> ����:14-01-13 �����½�:��217�� �µ����񣨴��֣� </p>
</li>
<li class="storelistbt5b">
<p><a href="http://www.80ge.info/txtxz/27745.html" target="_blank">TXT����</a></p>
<p><a rel="nofollow" href="Javascript:void(0);" onclick="javascript:vote(27745);">Ͷ�Ƽ�Ʊ</a></p>
<p><a rel="nofollow" href="Javascript:void(0);" onclick="javascript:addbookcase(27745);">�������</a></p>
</li>
</ul>
</div>
  </tr>
<tr>
<div class="storelistbt5"> 
<ul>
<li class="storelistbt5a">
<a href="http://www.80ge.info/txtxz/124014.html" target="_blank"><img src="http://img.80ge.info/124/124014/124014s.jpg" title="����֮ս��"></a>
<a href="http://www.80ge.info/txtxz/124014.html" title="����֮ս��TXTȫ������" class="bookname" target="_blank">������֮ս�ۡ�TXT����</a><span class="bookdata">�ܵ����3843</span>
<p>���ߣ�<a href="/author/һ������/" target="_blank">һ������</a>���ࣺ������Ϸ</p>
<p>    ��Խ�����Ʋ�����磬�������ս�����˼������˶��ӡ�    ���ǿ���ѧĳλ���������˱�˵������������ж���֮�ˡ���    ���ű��˶��ӵĴ������������۷壡    ��������ʵʵ�û���ץ�ߣ�����һ������ɿֲ���˹�Ķ��� ...</p>
<p>״̬:<span class="strong green">������</span> ����:21-02-06 �����½�:��������ʮ�� �µĶ��� </p>
</li>
<li class="storelistbt5b">
<p><a href="http://www.80ge.info/txtxz/124014.html" target="_blank">TXT����</a></p>
<p><a rel="nofollow" href="Javascript:void(0);" onclick="javascript:vote(124014);">Ͷ�Ƽ�Ʊ</a></p>
<p><a rel="nofollow" href="Javascript:void(0);" onclick="javascript:addbookcase(124014);">�������</a></p>
</li>
</ul>
</div>
  </tr>
<tr>
<div class="storelistbt5"> 
<ul>
<li class="storelistbt5a">
<a href="http://www.80ge.info/txtxz/202297.html" target="_blank"><img src="http://img.80ge.info/202/202297/202297s.jpg" title="���춷��"></a>
<a href="http://www.80ge.info/txtxz/202297.html" title="���춷��TXTȫ������" class="bookname" target="_blank">�����춷��TXT����</a><span class="bookdata">�ܵ����0</span>
<p>���ߣ�<a href="/author/Ϊ�γ�����/" target="_blank">Ϊ�γ�����</a>���ࣺ�������</p>
<p>    һ���츳����ȴ�������������꣬һ��̽��ɽ��ʱ�������˹��ϵ�ʯ���ʹ���֮�����Ӷ������ǿ��Ķ����� ...</p>
<p>״̬:<span class="strong green">������</span> ����:25-03-10 �����½�:Զ��ս���ļ��� </p>
</li>
<li class="storelistbt5b">
<p><a href="http://www.80ge.info/txtxz/202297.html" target="_blank">TXT����</a></p>
<p><a rel="nofollow" href="Javascript:void(0);" onclick="javascript:vote(202297);">Ͷ�Ƽ�Ʊ</a></p>
<p><a rel="nofollow" href="Javascript:void(0);" onclick="javascript:addbookcase(202297);">�������</a></p>
</li>
</ul>
</div>
  </tr>
<tr>
<div class="storelistbt5"> 
<ul>
<li class="storelistbt5a">
<a href="http://www.80ge.info/txtxz/208082.html" target="_blank"><img src="http://img.80ge.info/208/208082/208082s.jpg" title="�������ɴ�"></a>
<a href="http://www.80ge.info/txtxz/208082.html" title="�������ɴ�TXTȫ������" class="bookname" target="_blank">���������ɴ���TXT����</a><span class="bookdata">�ܵ����0</span>
<p>���ߣ�<a href="/author/�����/" target="_blank">�����</a>���ࣺ�������</p>
<p>    ���Ƕɽٴ����ڶɽ�ʱ�����һ������ը��Ѫ��׷ɣ���꿿����Ϊ��ǿ���漣��Ľ��붷�ƴ�½��һ���ϲ�������    û��ϵͳ��û����үү������ǰ���ľ���͹���������������������������ֱ��˵�����ĵĸ�λ����Сſ�� ...</p>
<p>״̬:<span class="strong green">������</span> ����:25-04-10 �����½�:����ʮ�£�ͻ���������� </p>
</li>
<li class="storelistbt5b">
<p><a href="http://www.80ge.info/txtxz/208082.html" target="_blank">TXT����</a></p>
<p><a rel="nofollow" href="Javascript:void(0);" onclick="javascript:vote(208082);">Ͷ�Ƽ�Ʊ</a></p>
<p><a rel="nofollow" href="Javascript:void(0);" onclick="javascript:addbookcase(208082);">�������</a></p>
</li>
</ul>
</div>
  </tr>
<tr>
<div class="storelistbt5"> 
<ul>
<li class="storelistbt5a">
<a href="http://www.80ge.info/txtxz/117822.html" target="_blank"><img src="http://img.80ge.info/117/117822/117822s.jpg" title="����֮���ֶ���Ѫ��"></a>
<a href="http://www.80ge.info/txtxz/117822.html" title="����֮���ֶ���Ѫ��TXTȫ������" class="bookname" target="_blank">������֮���ֶ���Ѫ����TXT����</a><span class="bookdata">�ܵ����3470</span>
<p>���ߣ�<a href="/author/�޳�Ԫ˧/" target="_blank">�޳�Ԫ˧</a>���ࣺ������Ϸ</p>
<p>    ��Խ���ƣ����ֱ��ö���Ѫ��������    ������Ȼ�԰�:��ʮ�������Ƕ��ߣ�������콾��    ��������:��һ��ʱ�䣬�Ӷ�֮������������֮���˶Σ�˭��������    �����Ȼ����:���Ǳ���ҫ�ˣ������������������ٶȾ� ...</p>
<p>״̬:<span class="strong green">������</span> ����:23-02-05 �����½�:�Ƽ��ÿ��������� </p>
</li>
<li class="storelistbt5b">
<p><a href="http://www.80ge.info/txtxz/117822.html" target="_blank">TXT����</a></p>
<p><a rel="nofollow" href="Javascript:void(0);" onclick="javascript:vote(117822);">Ͷ�Ƽ�Ʊ</a></p>
<p><a rel="nofollow" href="Javascript:void(0);" onclick="javascript:addbookcase(117822);">�������</a></p>
</li>
</ul>
</div>
  </tr>
<tr>
<div class="storelistbt5"> 
<ul>
<li class="storelistbt5a">
<a href="http://www.80ge.info/txtxz/104721.html" target="_blank"><img src="http://img.80ge.info/104/104721/104721s.jpg" title="����֮�����ɵ�"></a>
<a href="http://www.80ge.info/txtxz/104721.html" title="����֮�����ɵ�TXTȫ������" class="bookname" target="_blank">������֮�����ɵۡ�TXT����</a><span class="bookdata">�ܵ����12393</span>
<p>���ߣ�<a href="/author/Ϊ��/" target="_blank">Ϊ��</a>���ࣺ������Ϸ</p>
<p>    ��ʲô����û����˧�������Ƕ�ʦ�������������ҽ��޶��������ǳ��ɡ� ...</p>
<p>״̬:<span class="strong green">������</span> ����:19-12-31 �����½�:��һ����ʮ���´��� </p>
</li>
<li class="storelistbt5b">
<p><a href="http://www.80ge.info/txtxz/104721.html" target="_blank">TXT����</a></p>
<p><a rel="nofollow" href="Javascript:void(0);" onclick="javascript:vote(104721);">Ͷ�Ƽ�Ʊ</a></p>
<p><a rel="nofollow" href="Javascript:void(0);" onclick="javascript:addbookcase(104721);">�������</a></p>
</li>
</ul>
</div>
  </tr>
<tr>
<div class="storelistbt5"> 
<ul>
<li class="storelistbt5a">
<a href="http://www.80ge.info/txtxz/9889.html" target="_blank"><img src="http://img.80ge.info/9/9889/9889s.jpg" title="���Ʋ�񷣺������ү̫����"></a>
<a href="http://www.80ge.info/txtxz/9889.html" title="���Ʋ�񷣺������ү̫����TXTȫ������" class="bookname" target="_blank">�����Ʋ�񷣺������ү̫������TXT����</a><span class="bookdata">�ܵ����5169</span>
<p>���ߣ�<a href="/author/��h/" target="_blank">��h</a>���ࣺ��ʷ����</p>
<p>
    ���Ʋ�񷣺������ү̫�������
    {���ɿ���}���������ִ��������Ů�����һʧ���ǧ�źޣ���Ȼ���Լ��ĺ������Լ��������촩�ˣ�������ݾ�Ȼ�ǹ������ðɣ���Ȼ
 ...</p>
<p>״̬:<span class="strong green">������</span> ����:13-09-08 �����½�:206.����19(����) </p>
</li>
<li class="storelistbt5b">
<p><a href="http://www.80ge.info/txtxz/9889.html" target="_blank">TXT����</a></p>
<p><a rel="nofollow" href="Javascript:void(0);" onclick="javascript:vote(9889);">Ͷ�Ƽ�Ʊ</a></p>
<p><a rel="nofollow" href="Javascript:void(0);" onclick="javascript:addbookcase(9889);">�������</a></p>
</li>
</ul>
</div>
  </tr>
<tr>
<div class="storelistbt5"> 
<ul>
<li class="storelistbt5a">
<a href="http://www.80ge.info/txtxz/30047.html" target="_blank"><img src="http://img.80ge.info/30/30047/30047s.jpg" title="���֮���ƺ��"></a>
<a href="http://www.80ge.info/txtxz/30047.html" title="���֮���ƺ��TXTȫ������" class="bookname" target="_blank">�����֮���ƺ�ġ�TXT����</a><span class="bookdata">�ܵ����20702</span>
<p>���ߣ�<a href="/author/Τ��ү/" target="_blank">Τ��ү</a>���ࣺ��������</p>
<p>    �������ӹС˵��������¡��е������ǡ���������棬������������С��Ů��������󣬴����Լ��ȷ�����յ��������磬Ȼ�����С��Ůһ����ȥ������˭֪�������ϸ���û��ʲô�������磬ֻ�г���Σ���ͱ�Ű�ĺ�ķ����硣������� ...</p>
<p>״̬:<span class="strong blue">�����</span> ����:17-07-27 �����½�:187�� </p>
</li>
<li class="storelistbt5b">
<p><a href="http://www.80ge.info/txtxz/30047.html" target="_blank">TXT����</a></p>
<p><a rel="nofollow" href="Javascript:void(0);" onclick="javascript:vote(30047);">Ͷ�Ƽ�Ʊ</a></p>
<p><a rel="nofollow" href="Javascript:void(0);" onclick="javascript:addbookcase(30047);">�������</a></p>
</li>
</ul>
</div>
  </tr>
<tr>
<div class="storelistbt5"> 
<ul>
<li class="storelistbt5a">
<a href="http://www.80ge.info/txtxz/81038.html" target="_blank"><img src="http://img.80ge.info/81/81038/81038s.jpg" title="����֮��������"></a>
<a href="http://www.80ge.info/txtxz/81038.html" title="����֮��������TXTȫ������" class="bookname" target="_blank">������֮��������TXT����</a><span class="bookdata">�ܵ����41099</span>
<p>���ߣ�<a href="/author/�����/" target="_blank">�����</a>���ࣺ��������</p>
<p>    ���ף���������Ȼ���������˻�ġ���������Ȼ������ʮ���...��...�������԰����ҡ�����ô������仰�������������������� ...</p>
<p>״̬:<span class="strong green">������</span> ����:25-05-12 �����½�:�����ѷ���������֮���ʡ� </p>
</li>
<li class="storelistbt5b">
<p><a href="http://www.80ge.info/txtxz/81038.html" target="_blank">TXT����</a></p>
<p><a rel="nofollow" href="Javascript:void(0);" onclick="javascript:vote(81038);">Ͷ�Ƽ�Ʊ</a></p>
<p><a rel="nofollow" href="Javascript:void(0);" onclick="javascript:addbookcase(81038);">�������</a></p>
</li>
</ul>
</div>
  </tr>
<tr>
<div class="storelistbt5"> 
<ul>
<li class="storelistbt5a">
<a href="http://www.80ge.info/txtxz/89077.html" target="_blank"><img src="http://img.80ge.info/89/89077/89077s.jpg" title="����֮Ůװ����"></a>
<a href="http://www.80ge.info/txtxz/89077.html" title="����֮Ůװ����TXTȫ������" class="bookname" target="_blank">������֮Ůװ���С�TXT����</a><span class="bookdata">�ܵ����10817</span>
<p>���ߣ�<a href="/author/������/" target="_blank">������</a>���ࣺ��������</p>
<p>    ��ʥת�����������ƣ�̤�ϲ�һ��������·������Ҫ��������Ҫ�գ����죡    ��������Ҫ����һ�⣡Ůװ������ʽ���٣��� ...</p>
<p>״̬:<span class="strong green">������</span> ����:19-05-01 �����½�:�顶����ѧԺ֮�����ѧ�ҡ��ѷ����� </p>
</li>
<li class="storelistbt5b">
<p><a href="http://www.80ge.info/txtxz/89077.html" target="_blank">TXT����</a></p>
<p><a rel="nofollow" href="Javascript:void(0);" onclick="javascript:vote(89077);">Ͷ�Ƽ�Ʊ</a></p>
<p><a rel="nofollow" href="Javascript:void(0);" onclick="javascript:addbookcase(89077);">�������</a></p>
</li>
</ul>
</div>
  </tr>
<tr>
<div class="storelistbt5"> 
<ul>
<li class="storelistbt5a">
<a href="http://www.80ge.info/txtxz/100408.html" target="_blank"><img src="http://img.80ge.info/100/100408/100408s.jpg" title="����֮��ѡ��"></a>
<a href="http://www.80ge.info/txtxz/100408.html" title="����֮��ѡ��TXTȫ������" class="bookname" target="_blank">������֮��ѡ��TXT����</a><span class="bookdata">�ܵ����6444</span>
<p>���ߣ�<a href="/author/����û����/" target="_blank">����û����</a>���ࣺ��������</p>
<p>    ����2019��С˵ӣ�������ġ�������Ʒ��    �մ�Խ�����Ʋ�����磬��Ԫ�ͱ�������Ů����������׼���͸����ĵ�ū����    ���ý�Ҫ��ͷ������ѡ��ϵͳ��    ѡ���������ɯŮ������÷���һ�š�    ѡ������ ...</p>
<p>״̬:<span class="strong green">������</span> ����:19-08-10 �����½�:��35�� ֪ͨ�� </p>
</li>
<li class="storelistbt5b">
<p><a href="http://www.80ge.info/txtxz/100408.html" target="_blank">TXT����</a></p>
<p><a rel="nofollow" href="Javascript:void(0);" onclick="javascript:vote(100408);">Ͷ�Ƽ�Ʊ</a></p>
<p><a rel="nofollow" href="Javascript:void(0);" onclick="javascript:addbookcase(100408);">�������</a></p>
</li>
</ul>
</div>
  </tr>
<tr>
<div class="storelistbt5"> 
<ul>
<li class="storelistbt5a">
<a href="http://www.80ge.info/txtxz/103529.html" target="_blank"><img src="http://img.80ge.info/103/103529/103529s.jpg" title="����֮�񼶸���"></a>
<a href="http://www.80ge.info/txtxz/103529.html" title="����֮�񼶸���TXTȫ������" class="bookname" target="_blank">������֮�񼶸�����TXT����</a><span class="bookdata">�ܵ����5216</span>
<p>���ߣ�<a href="/author/��ǧ��/" target="_blank">��ǧ��</a>���ࣺ������Ϸ</p>
<p>    ��Խ�������磬��Ϊ����ڵ��ӣ������ϵͳ��������½�����Ҷ�������    �����죬�����Ϊ������½������������һ�ۣ�����ͬ�ˣ�ϲ���������� ...</p>
<p>״̬:<span class="strong green">������</span> ����:20-02-11 �����½�:��֪ </p>
</li>
<li class="storelistbt5b">
<p><a href="http://www.80ge.info/txtxz/103529.html" target="_blank">TXT����</a></p>
<p><a rel="nofollow" href="Javascript:void(0);" onclick="javascript:vote(103529);">Ͷ�Ƽ�Ʊ</a></p>
<p><a rel="nofollow" href="Javascript:void(0);" onclick="javascript:addbookcase(103529);">�������</a></p>
</li>
</ul>
</div>
  </tr>
<tr>
<div class="storelistbt5"> 
<ul>
<li class="storelistbt5a">
<a href="http://www.80ge.info/txtxz/111563.html" target="_blank"><img src="http://img.80ge.info/111/111563/111563s.jpg" title="���ڶ��ƴ�"></a>
<a href="http://www.80ge.info/txtxz/111563.html" title="���ڶ��ƴ�TXTȫ������" class="bookname" target="_blank">�����ڶ��ƴ򿨡�TXT����</a><span class="bookdata">�ܵ����2366</span>
<p>���ߣ�<a href="/author/ѩɫ�̷�/" target="_blank">ѩɫ�̷�</a>���ࣺ������Ϸ</p>
<p>    ��������ţ�Ƶ��ˣ����������ǵģ��һᡣPS.�������ǡ��Ӷ��ƿ�ʼ������Ů������ƪ��Ʒ���б��ϣ����϶��ߣ�������ղ� ...</p>
<p>״̬:<span class="strong green">������</span> ����:20-02-20 �����½�:����ʮһ�� ���������� </p>
</li>
<li class="storelistbt5b">
<p><a href="http://www.80ge.info/txtxz/111563.html" target="_blank">TXT����</a></p>
<p><a rel="nofollow" href="Javascript:void(0);" onclick="javascript:vote(111563);">Ͷ�Ƽ�Ʊ</a></p>
<p><a rel="nofollow" href="Javascript:void(0);" onclick="javascript:addbookcase(111563);">�������</a></p>
</li>
</ul>
</div>
  </tr>
<tr>
<div class="storelistbt5"> 
<ul>
<li class="storelistbt5a">
<a href="http://www.80ge.info/txtxz/111820.html" target="_blank"><img src="http://img.80ge.info/111/111820/111820s.jpg" title="����֮�����"></a>
<a href="http://www.80ge.info/txtxz/111820.html" title="����֮�����TXTȫ������" class="bookname" target="_blank">������֮����ۡ�TXT����</a><span class="bookdata">�ܵ����1728</span>
<p>���ߣ�<a href="/author/�紵��/" target="_blank">�紵��</a>���ࣺ������Ϸ</p>
<p>    ������С˵��������ġ�������Ʒ��    һ��ɱ��֮��Ҷ껴�Խ��ǧ��ǰ�Ķ�������    �����ڶ������ķ��ɡ�����ۡ����ϣ��������Ҵ�ʱ���׻�δ������    �ǰ��վ��鱻���׻��ܣ����ǽ�����ɱ��ҡ�����У�    �� ...</p>
<p>״̬:<span class="strong green">������</span> ����:20-02-24 �����½�:��29�� �굤 </p>
</li>
<li class="storelistbt5b">
<p><a href="http://www.80ge.info/txtxz/111820.html" target="_blank">TXT����</a></p>
<p><a rel="nofollow" href="Javascript:void(0);" onclick="javascript:vote(111820);">Ͷ�Ƽ�Ʊ</a></p>
<p><a rel="nofollow" href="Javascript:void(0);" onclick="javascript:addbookcase(111820);">�������</a></p>
</li>
</ul>
</div>
  </tr>
<tr>
<div class="storelistbt5"> 
<ul>
<li class="storelistbt5a">
<a href="http://www.80ge.info/txtxz/112805.html" target="_blank"><img src="http://img.80ge.info/112/112805/112805s.jpg" title="����֮��ǿ�Ϲ�"></a>
<a href="http://www.80ge.info/txtxz/112805.html" title="����֮��ǿ�Ϲ�TXTȫ������" class="bookname" target="_blank">������֮��ǿ�Ϲ���TXT����</a><span class="bookdata">�ܵ����7929</span>
<p>���ߣ�<a href="/author/�Ұ���/" target="_blank">�Ұ���</a>���ࣺ������Ϸ</p>
<p>    ���Ʋ�����Ц�Ŷ�������Ȼ˵��    ����ˮ������ǧ���Ҳֻȡ��һư��������ѧԺ�����������ʹ�壻    �������а���ǧ�죬Ψ����������֮���ӡ������޴�½�������ԸΪ�Լ���ϧһ�е�ǧ��ѩ���������еľƱ��� ...</p>
<p>״̬:<span class="strong green">������</span> ����:20-11-10 �����½�:�����ѷ�������֮��ǿ���� </p>
</li>
<li class="storelistbt5b">
<p><a href="http://www.80ge.info/txtxz/112805.html" target="_blank">TXT����</a></p>
<p><a rel="nofollow" href="Javascript:void(0);" onclick="javascript:vote(112805);">Ͷ�Ƽ�Ʊ</a></p>
<p><a rel="nofollow" href="Javascript:void(0);" onclick="javascript:addbookcase(112805);">�������</a></p>
</li>
</ul>
</div>
  </tr>
<tr>
<div class="storelistbt5"> 
<ul>
<li class="storelistbt5a">
<a href="http://www.80ge.info/txtxz/113153.html" target="_blank"><img src="http://img.80ge.info/113/113153/113153s.jpg" title="�ڶ��������"></a>
<a href="http://www.80ge.info/txtxz/113153.html" title="�ڶ��������TXTȫ������" class="bookname" target="_blank">���ڶ�������򿨡�TXT����</a><span class="bookdata">�ܵ����6089</span>
<p>���ߣ�<a href="/author/�人κ����/" target="_blank">�人κ����</a>���ࣺ������Ϸ</p>
<p>    ����ս���������������Գ�����    ����ս������С��è�����Գ�����    ����ս������Ů�ѣ����Գ�����    ����ս����������ң�����Գ�����    ����ս������ħ����¥�����Գ�����    ����ս��������ɲ�񣬿��� ...</p>
<p>״̬:<span class="strong green">������</span> ����:21-04-14 �����½�:��һ����ʮ���� ��غ������� </p>
</li>
<li class="storelistbt5b">
<p><a href="http://www.80ge.info/txtxz/113153.html" target="_blank">TXT����</a></p>
<p><a rel="nofollow" href="Javascript:void(0);" onclick="javascript:vote(113153);">Ͷ�Ƽ�Ʊ</a></p>
<p><a rel="nofollow" href="Javascript:void(0);" onclick="javascript:addbookcase(113153);">�������</a></p>
</li>
</ul>
</div>
  </tr>
<tr>
<div class="storelistbt5"> 
<ul>
<li class="storelistbt5a">
<a href="http://www.80ge.info/txtxz/116003.html" target="_blank"><img src="http://img.80ge.info/116/116003/116003s.jpg" title="����֮���ߴ�ʦ"></a>
<a href="http://www.80ge.info/txtxz/116003.html" title="����֮���ߴ�ʦTXTȫ������" class="bookname" target="_blank">������֮���ߴ�ʦ��TXT����</a><span class="bookdata">�ܵ����1104</span>
<p>���ߣ�<a href="/author/��Ӱ����/" target="_blank">��Ӱ����</a>���ࣺ������Ϸ</p>
<p>    �������������Ȼû��ȥ�˻飬���׸�����ճ������׺�Ѭ����һ�𹼸���������Ȼ����������������Ȼָ����޹���󺰣���ʮ��Ӷ���ʮ�������Ī����Ů�    ��Խ�����ƻ������ϵͳ�������������Ȼ�ĵܵܣ������ܿ��Ž���� ...</p>
<p>״̬:<span class="strong green">������</span> ����:20-05-27 �����½�:��61�� ����ħ�� </p>
</li>
<li class="storelistbt5b">
<p><a href="http://www.80ge.info/txtxz/116003.html" target="_blank">TXT����</a></p>
<p><a rel="nofollow" href="Javascript:void(0);" onclick="javascript:vote(116003);">Ͷ�Ƽ�Ʊ</a></p>
<p><a rel="nofollow" href="Javascript:void(0);" onclick="javascript:addbookcase(116003);">�������</a></p>
</li>
</ul>
</div>
  </tr>
</table>

</div>
<div id="footer">
<div id="f_link">
<a href="/support/about.html" title="��������" target="_blank">��������</a>-<a href="/support/help.html" title="txtС˵���ذ���" target="_blank">��վ����</a>-<a href="/support/advertise.html" title="������" target="_blank">������</a>-<a href="/support/declare.html" title="��Ȩ����,��Ȩ�ٱ�" target="_blank">��Ȩ����(�ٱ�)</a>-<a href="/support/sitemap.html" title="��վ��ͼ" target="_blank">��վ��ͼ</a>
</div>
<div class="copyright">
<b>���������</b>����txtС˵�����������Լ�������Ȩ��������Ʒ������������߱��˵Ĺ۵㣬�뱾վ�����޹ء��Ķ����緢����Ʒ����ȷ���뷨�ɵִ�֮��������վ�ٱ���<br>
���������Ķ�����ɫ���磬���������緢����Ȩ���Ƿ���ɫ����С˵,<span style="background-color:#ffff00 "><a href="/newmessage.php?tosys=1&title=[��Ȩ/��ɫ]�ٱ�&content=������Ȩ��Ƿ����ݵ�С˵��д������,���ĺ����ǻ�ɾ�����飺 " target="_blank">��˾ٱ�</a></span> �����ʼ���:<span style="background-color:#ffff00 ">admin@80ge.info </span> ɾ������</b></span></font>(���鷢���ʼ�:����Ϊ��[��Ȩ/��ɫ]�ٱ���)<br/>
�����������רҵ�ṩ����,����,����,��ʷ,����,�ƻ�,�ֲ�,��ѧ,����,����,��־,����,����,����,���������ȫ��С˵������ص���վ�� <script>tongji();</script><br/>
<a href="http://www.80ge.info" title="���������"><b>���������</b></a> ����������<a href="http://www.80ge.info" title="���������">www.80ge.info</a> ��վ�����ţ���ICP��13055675��-6 
 վ�����䣺admin@80ge.info</div>
</div>
</div>
</body>
</html>
21:11:36.140 [OkHttp http://www.80ge.info/...] DEBUG io.legado.app.model.DebugLog - <-- END HTTP (131858-byte, 25994-gzipped-byte body)
21:11:36.147 [main @coroutine#1] INFO io.legado.app.model.DebugLog - sourceUrl: http://www.80ge.info, msg: �Ի�ȡ�ɹ�:/modules/article/search.php,{
  "method": "post",
  "body": "searchkey=���Ʋ��&searchtype=articlename"
}
21:11:36.149 [main @coroutine#1] INFO io.legado.app.model.DebugLog - sourceUrl: http://www.80ge.info, msg: ����ȡ�鼮�б�
21:11:36.252 [main @coroutine#1] INFO io.legado.app.model.DebugLog - sourceUrl: http://www.80ge.info, msg: ���б��С:100
21:11:36.255 [main @coroutine#1] INFO io.legado.app.model.DebugLog - sourceUrl: http://www.80ge.info, msg: ����ȡ����
21:11:36.257 [main @coroutine#1] INFO io.legado.app.model.DebugLog - sourceUrl: http://www.80ge.info, msg: �����Ʋ��
21:11:36.258 [main @coroutine#1] INFO io.legado.app.model.DebugLog - sourceUrl: http://www.80ge.info, msg: ����ȡ����
21:11:36.258 [main @coroutine#1] INFO io.legado.app.model.DebugLog - sourceUrl: http://www.80ge.info, msg: ���������
21:11:36.258 [main @coroutine#1] INFO io.legado.app.model.DebugLog - sourceUrl: http://www.80ge.info, msg: ����ȡ����
21:11:36.259 [main @coroutine#1] INFO io.legado.app.model.DebugLog - sourceUrl: http://www.80ge.info, msg: ���������,�����,19-04-02
21:11:36.260 [main @coroutine#1] INFO io.legado.app.model.DebugLog - sourceUrl: http://www.80ge.info, msg: ����ȡ����
21:11:36.261 [main @coroutine#1] INFO io.legado.app.model.DebugLog - sourceUrl: http://www.80ge.info, msg: ��
21:11:36.261 [main @coroutine#1] INFO io.legado.app.model.DebugLog - sourceUrl: http://www.80ge.info, msg: ����ȡ�����½�
21:11:36.261 [main @coroutine#1] INFO io.legado.app.model.DebugLog - sourceUrl: http://www.80ge.info, msg: ������Ԫ����������ϴ�����ӭ����Ķ���
21:11:36.261 [main @coroutine#1] INFO io.legado.app.model.DebugLog - sourceUrl: http://www.80ge.info, msg: ����ȡ���
21:11:36.262 [main @coroutine#1] INFO io.legado.app.model.DebugLog - sourceUrl: http://www.80ge.info, msg: ��...
21:11:36.262 [main @coroutine#1] INFO io.legado.app.model.DebugLog - sourceUrl: http://www.80ge.info, msg: ����ȡ��������
21:11:36.262 [main @coroutine#1] INFO io.legado.app.model.DebugLog - sourceUrl: http://www.80ge.info, msg: ��http://img.80ge.info/0/426/426s.jpg
21:11:36.262 [main @coroutine#1] INFO io.legado.app.model.DebugLog - sourceUrl: http://www.80ge.info, msg: ����ȡ����ҳ����
21:11:36.263 [main @coroutine#1] INFO io.legado.app.model.DebugLog - sourceUrl: http://www.80ge.info, msg: ��http://www.80ge.info/txtxz/426.html
21:11:36.362 [main] INFO cn.kong.app.model.NovelSourceTest -   �������: 100 ��
21:11:36.362 [main] INFO cn.kong.app.model.NovelSourceTest -     [1] ���Ʋ�� | �������
21:11:36.362 [main] INFO cn.kong.app.model.NovelSourceTest -     [2] ��Խ���Ʋ�� | ��ʱһ��
21:11:36.362 [main] INFO cn.kong.app.model.NovelSourceTest -     [3] ���Ʋ��.2 | ������
21:11:36.362 [main] INFO cn.kong.app.model.NovelSourceTest -   --- Step 2: ��ȡ���� ---
21:11:36.370 [OkHttp http://www.80ge.info/...] DEBUG io.legado.app.model.DebugLog - --> GET http://www.80ge.info/txtxz/426.html http/1.1
21:11:36.370 [OkHttp http://www.80ge.info/...] DEBUG io.legado.app.model.DebugLog - User-Agent: Mozilla/5.0 (Windows NT 10.0; Win64; x64) AppleWebKit/537.36 (KHTML, like Gecko) Chrome/75.0.3770.142 Safari/537.36
21:11:36.370 [OkHttp http://www.80ge.info/...] DEBUG io.legado.app.model.DebugLog - Keep-Alive: 300
21:11:36.370 [OkHttp http://www.80ge.info/...] DEBUG io.legado.app.model.DebugLog - Connection: Keep-Alive
21:11:36.370 [OkHttp http://www.80ge.info/...] DEBUG io.legado.app.model.DebugLog - Cache-Control: no-cache
21:11:36.370 [OkHttp http://www.80ge.info/...] DEBUG io.legado.app.model.DebugLog - Host: www.80ge.info
21:11:36.370 [OkHttp http://www.80ge.info/...] DEBUG io.legado.app.model.DebugLog - Accept-Encoding: gzip
21:11:36.370 [OkHttp http://www.80ge.info/...] DEBUG io.legado.app.model.DebugLog - --> END GET
21:11:36.542 [OkHttp http://www.80ge.info/...] DEBUG io.legado.app.model.DebugLog - <-- 200 OK http://www.80ge.info/txtxz/426.html (171ms)
21:11:36.542 [OkHttp http://www.80ge.info/...] DEBUG io.legado.app.model.DebugLog - Server: nginx
21:11:36.542 [OkHttp http://www.80ge.info/...] DEBUG io.legado.app.model.DebugLog - Date: Fri, 14 Aug 2026 13:11:36 GMT
21:11:36.542 [OkHttp http://www.80ge.info/...] DEBUG io.legado.app.model.DebugLog - Content-Type: text/html
21:11:36.542 [OkHttp http://www.80ge.info/...] DEBUG io.legado.app.model.DebugLog - Transfer-Encoding: chunked
21:11:36.542 [OkHttp http://www.80ge.info/...] DEBUG io.legado.app.model.DebugLog - Connection: keep-alive
21:11:36.542 [OkHttp http://www.80ge.info/...] DEBUG io.legado.app.model.DebugLog - Cache-Control: max-age=60
21:11:36.542 [OkHttp http://www.80ge.info/...] DEBUG io.legado.app.model.DebugLog - Content-Encoding: gzip
21:11:36.542 [OkHttp http://www.80ge.info/...] DEBUG io.legado.app.model.DebugLog - X-Cache-Status: EXPIRED
21:11:36.550 [OkHttp http://www.80ge.info/...] DEBUG io.legado.app.model.DebugLog - 
21:11:36.551 [OkHttp http://www.80ge.info/...] DEBUG io.legado.app.model.DebugLog - <!DOCTYPE html PUBLIC "-//W3C//DTD XHTML 1.0 Transitional//EN" "http://www.w3.org/TR/xhtml1/DTD/xhtml1-transitional.dtd"><html xmlns="http://www.w3.org/1999/xhtml"><head><meta http-equiv="Content-Type" content="text/html; charset=utf-8" /><meta name="renderer" content="webkit" /><title>���Ʋ��TXT����,���Ʋ��ȫ��,ȫ��,���,ȫ��������С˵TXT�������������_���������</title><meta name="keywords" content="���Ʋ��txtȫ������,���Ʋ��txt����,���Ʋ��ȫ��,���,ȫ��,ȫ��������С˵,���Ʋ��txt�������������,���������" /><meta name="description" content="����������ṩ���Ʋ��txtȫ������,�Լ����Ʋ��txt���غͶ��Ʋ��ȫ��������txt�����Լ�����С˵����ͼ�����ء����ض��Ʋ��txtȫ������,��һ��Ҫ����������������ض��Ʋ��txtŶ�����Ʋ��txtȫ��ȫ�����أ�" /><link type="text/css" rel="stylesheet" href="/skin/style.css" /><script type="text/javascript" src="/skin/com.js"></script>
<script src="/3VoXzBkr/n5CFlgZnRx.js"></script><script type="text/javascript" src="/skin/btn.js"></script></head><body>
<div id="container">
<div class="topnave">
<div class="pad_width">
<script>login();shoucang();</script>
</div>
</div>
<div id="head">
<div class="head_frame">
<div id="logo"><a href="http://www.80ge.info"><img src="http://img.80ge.info/skin/image/logo.gif" alt="���������" /></a></div>
<div id="banner"><script>banner();</script></div>
<div id="head_search">
<div id="search">
<label class="reg"><a href="http://www.80ge.info/top/lastupdate/1.html" target="_blank">������µ�С˵</a></label>
<label class="login"><a href="http://www.80ge.info/top/toptime/1.html" target="_blank">�༭�Ƽ���С˵</a></label>
<script>search_tag();</script>
</div>
</div>
</div>
<div id="menu">
<div id="nav">
<ul>
<li><span>������</span></li><li class="menu_txt"></li>
<li><a href="/sort3/1.html" title="�������">�������</a></li><li class="menu_txt"></li>
<li><a href="/sort13/1.html" title="���ħ��" >���ħ��</a></li><li class="menu_txt"></li>
<li><a href="/sort1/1.html" title="��������">��������</a></li><li class="menu_txt"></li>
<li><a href="/sort12/1.html" title="��������" >��������</a></li><li class="menu_txt"></li>
<li><a href="/sort14/1.html" title="��������" >��������</a></li><li class="menu_txt"></li>
<li><a href="/sort15/1.html" title="��������" >��������</a></li><li class="menu_txt"></li>
<li><a href="/sort9/1.html" title="δ������" >δ������</a></li><li class="menu_txt"></li>
<li><a href="/sort10/1.html" title="������" >������</a></li><li class="menu_txt"></li>
<li><a href="/sort22/1.html" title="̽�ս���" >̽�ս���</a></li><li class="menu_txt"></li>
<li><a href="/sort6/1.html" title="��ʷ����" >��ʷ����</a></li><li class="menu_txt"></li>
<li><a href="/sort7/1.html" title="���־���" >���־���</a></li><li class="menu_txt"></li>
<li><a href="/sort16/1.html" title="��������" >����</a></li><li class="menu_txt"></li>
<li><a href="/sort8/1.html" title="��������" >����</a></li><li class="menu_txt"></li>
</ul>
</div>
<div id="nav">
<ul>
<li><span>Ů����</span></li><li class="menu_txt"></li>
<li><a href="/sort2/1.html" title="ħ��Ůǿ">ħ��Ůǿ</a></li><li class="menu_txt"></li>
<li><a href="/sort4/1.html" title="���л���">���л���</a></li><li class="menu_txt"></li>
<li><a href="/sort5/1.html" title="�ٺ�֮��" >�ٺ�֮��</a></li><li class="menu_txt"></li>
<li><a href="/sort11/1.html" title="ͬ������" >ͬ������</a></li><li class="menu_txt"></li>
<li><a href="/sort17/1.html" title="��Խ�ܿ�" >��Խ�ܿ�</a></li><li class="menu_txt"></li>
<li><a href="/sort18/1.html" title="���ҹ���" >���ҹ���</a></li><li class="menu_txt"></li>
<li><a href="/sort19/1.html" title="ħ��У԰" >ħ��У԰</a></li><li class="menu_txt"></li>
<li><a href="/sort20/1.html" title="��������" >��������</a></li><li class="menu_txt"></li>
<li><a href="/sort21/1.html" title="��ְ��ս" >��ְ��ս</a></li><li class="menu_txt"></li>
<li><a href="/sort23/1.html" title="�����ս" >�����ս</a></li><li class="menu_txt"></li>
<li><a href="/sort24/1.html" title="Ψ������" >Ψ������</a></li><li class="menu_txt"></li>
<li><a href="/sort25/1.html" title="ʫ���ļ�" >ʫ���ļ�</a></li>
</ul>
</div>
<div id="ad1"><script>ad1();</script></div>
<div class="fenxiang"><script>xzfav();</script></div>
</div>
</div>
<div class="main">
<div id="centerl"><div id="content">

<div id="textbox">
<div class="path">�����ڵ�λ�ã�<a href="http://www.80ge.info">���������</a> �� <a href="/author/�������/">���������Ʒ��</a> �� <a href="http://www.80ge.info/txtxz/426.html">���Ʋ��TXTȫ��</a><div id="index_tip"><b>������ַ��www.80ge.info</b></div></div>
<div id="main_down">
<div id="show_container">
<div id="soft_info_para">
<h1>���Ʋ��TXTȫ������</h1>
<div class="soft_info_l"><script>ad7();</script></div> 
<div class="soft_info_r">
<img src="http://img.80ge.info/0/426/426s.jpg" width="190px" height="255px" border="0" class="info_img"/>
<li><b>С˵���ߣ�</b><a href="/author/�������/" title="�������������Ʒȫ��TXT����">�������</a></li>
<li><b>С˵��С��</b>22M</li>
<li><b>���յ����</b>555 ��</li>
<li><b>���ܵ����</b>555 ��</li>
<li><b>���µ����</b>41167 ��</li>
<li><b>�ܵ������</b>3695138 ��</li>
<!--<li><b>���Ƽ�����</b>2450 ��</li>-->
<li><b>д�����ȣ�</b><strong class="strong blue">�����</strong></li>
<li class="str-over-dot-no100"><b>����ʱ�䣺</b>2019-04-02 07:59:51</li>
<li><b>�Ƽ���Ϣ��</b><a href="http://www.80ge.info/top/lastupdate/1.html" class="strong yellow">���µ���������</a></li>
<li><b>�����½ڣ�</b>����Ԫ����������ϴ�����ӭ����Ķ���</li>
<li style="height:25px;"><!--<a href="http://www.80ge.info/txtml_426.html" class="tools">�½�Ŀ¼</a>--> <a href="Javascript:void(0);" onclick="javascript:vote(426);" rel="nofollow" class="tools">����Ƽ�</a> <a href="Javascript:void(0);" onclick="javascript:addbookcase(426);" rel="nofollow" class="tools">�������</a> <a rel="nofollow" href="http://www.80ge.info/support/help.html" style="color:green;" class="tools">�鿴���ذ���</a>  </li>
<li><b><a href="/txtxz/426/down.html" title="������붷�Ʋ��TXT����" id="read_book">TXT�����б�</a></b>
<b><a href="http://www.80ge.info/txtml_426.html" title="������붷�Ʋ���½�Ŀ¼" id="read_book" >�����Ķ�_Ŀ¼</a></b></li>
</div>
</div>
<!--<div class="img"><img src="http://img.80ge.info/0/426/426s.jpg" width="180" height="150" border="0"/></div>-->
</div>
<div id="main_content_2013">
<div class="adrx"><script>adrx();</script></div>
<div class="ad5"><script>ad5();</script></div>
</div>
<div id="main_content_2013">
<h2><span class="boxhead col-icon1">��������</span></h2>
<div id="story">
<div id="mainSoftIntro">
<p> &nbsp; <B>���������</B>���Ϊ�����ṩ<a href="http://www.80ge.info/author/�������/">�������</a>������<strong><a href="http://www.80ge.info/txtxz/426.html">���Ʋ��txtȫ������</a></strong>;�������ñ�վ�ṩ��<a href="http://www.80ge.info">txt�������������</a>����,���<a href="http://www.80ge.info/txtxz/426.html">���Ʋ��txtȫ������</a>�����Ƽ���������ѣ�<br />
<br />
����<strong><a href="http://www.80ge.info/txtxz/426.html">���Ʋ��TXT����</a></strong>,����<a href="http://www.80ge.info">txtС˵����</a>,�����ע��������顣</p>
</div>
</div>
</div>
<div id="main_content_2013">
<div class="head"><h2>���Ʋ��TXTȫ����������</h2></div>
<table width="100%" border="0" cellspacing="0" cellpadding="0">
<DIV class="usercom">���棺<font color="#FF0000"><a href="http://txt.80ge.info/426/���Ʋ��.txt">���Ʋ��TXTȫ������</a> ���޸����Դ����ɵĲ�����б�Ǹ���� </font></DIV>
<DIV class="time"><b><a rel="nofollow" href="http://www.80ge.info/support/help.html" style="color:green;">�鿴txt���ذ���</a></b></DIV>
<DIV class="usercom">���棺<b>���Ʋ�� ��ʽ��ͨ �ֻ�TXTȫ������ !!</b></DIV>
<DIV class="time"><b><a rel="nofollow" href="http://www.80ge.info/support/help.html" style="color:green;">�鿴txt���ذ���</a></b></DIV>
<DIV class="usercom">���棺<b>���Ʋ�� ��ʽ��ͨ ����TXTȫ������ !!</b></DIV>
<DIV class="usercom">���棺<b><font color="#FF6600">���Ʋ��</font></b>  ������ 2012-05-14 
<a href="" target="_blank"><font color="006699">�鿴���භ�Ʋ������....</font></a></DIV>
</table>
<form name="frmreview" method="post" action="http://www.80ge.info/modules/article/reviews.php?aid=426" target="_blank">
<textarea name="pcontent" id="pcontent" cols="86" rows="6"></textarea>
<td><input type="submit" name="Submit" value="��������"> �ѿ�ͨ�ο�����������ˢ�����������߹ؽ��ջ��߻������㴦���</td></form>
</div>
<div id="main_content_2013">
<h2 class="xihuan"><span class="boxhead col-icon10">�����ܻ������µ��������Ȥ</span></h2>
<div class="down_link">
<li class="listimg1"><a href="http://www.80ge.info/txtxz/202930.html" target="_blank"><img src="http://img.80ge.info/202/202930/202930s.jpg" width="95" height="130" border="0" title="���ڳ�ʥħ�ŵ��˲�"></a><span></span><a href="http://www.80ge.info/txtxz/202930.html" title="���ڳ�ʥħ�ŵ��˲�TXTȫ������" target="_blank">���ڳ�ʥħ�ŵ��˲�</a></li>

<li class="listimg1"><a href="http://www.80ge.info/txtxz/138357.html" target="_blank"><img src="http://img.80ge.info/138/138357/138357s.jpg" width="95" height="130" border="0" title="ҹ�޽�"></a><span></span><a href="http://www.80ge.info/txtxz/138357.html" title="ҹ�޽�TXTȫ������" target="_blank">ҹ�޽�</a></li>

<li class="listimg1"><a href="http://www.80ge.info/txtxz/221873.html" target="_blank"><img src="http://img.80ge.info/221/221873/221873s.jpg" width="95" height="130" border="0" title="��ū���֣��˼�ȭ����ʮ������"></a><span></span><a href="http://www.80ge.info/txtxz/221873.html" title="��ū���֣��˼�ȭ����ʮ������TXTȫ������" target="_blank">��ū���֣��˼�ȭ����ʮ������</a></li>

<li class="listimg1"><a href="http://www.80ge.info/txtxz/221855.html" target="_blank"><img src="http://img.80ge.info/221/221855/221855s.jpg" width="95" height="130" border="0" title="��ѧ��;"></a><span></span><a href="http://www.80ge.info/txtxz/221855.html" title="��ѧ��;TXTȫ������" target="_blank">��ѧ��;</a></li>

<li class="listimg1"><a href="http://www.80ge.info/txtxz/221857.html" target="_blank"><img src="http://img.80ge.info/221/221857/221857s.jpg" width="95" height="130" border="0" title="������ֻ����ƽ�ұ����޵�"></a><span></span><a href="http://www.80ge.info/txtxz/221857.html" title="������ֻ����ƽ�ұ����޵�TXTȫ������" target="_blank">������ֻ����ƽ�ұ����޵�</a></li>

<li class="listimg1"><a href="http://www.80ge.info/txtxz/221839.html" target="_blank"><img src="http://img.80ge.info/221/221839/221839s.jpg" width="95" height="130" border="0" title="�������ɵ�ѧԺ���³�����ָ��"></a><span></span><a href="http://www.80ge.info/txtxz/221839.html" title="�������ɵ�ѧԺ���³�����ָ��TXTȫ������" target="_blank">�������ɵ�ѧԺ���³�����ָ��</a></li>

</div>
</div>
<div id="subBox">
<ul id="divide">
<li class="share">��<a href="#top"><b>�� �ص����� </b></a>��</li>
</ul>
<ul id="loft">
<li class="share">��<a href="javascript:history.back(-1)">�ص���ҳ</a>��</li>
</ul>
</div>
</div>
<div id="right">
<div class="rt_block itisstxt">
<script>ad8();</script>
<h2><a href="/sort1/1.html">���������Ƽ�������</a></h2>
<div class="z_Pic">
<div id="album">
<ul>
<li><a href="http://www.80ge.info/txtxz/87215.html" target="_blank" ><img src="http://img.80ge.info/87/87215/87215s.jpg" width="122" height="166" border="0" title="�׵۾�"></a><br /><a href="http://www.80ge.info/txtxz/87215.html" title="�׵۾�TXTȫ������" target="_blank">�׵۾�</a></li>

<li><a href="http://www.80ge.info/txtxz/21599.html" target="_blank" ><img src="http://img.80ge.info/21/21599/21599s.jpg" width="122" height="166" border="0" title="������"></a><br /><a href="http://www.80ge.info/txtxz/21599.html" title="������TXTȫ������" target="_blank">������</a></li>
</ul>
</div>
</div>
<div class="sarts">
<li><span>1. </span><a href="http://www.80ge.info/txtxz/103960.html" target="_blank" title="ħ����ͩTXTȫ������">ħ����ͩ</a></li><li><span>2. </span><a href="http://www.80ge.info/txtxz/47.html" target="_blank" title="У�����������TXTȫ������">У�����������</a></li><li><span>3. </span><a href="http://www.80ge.info/txtxz/426.html" target="_blank" title="���Ʋ��TXTȫ������">���Ʋ��</a></li><li><span>4. </span><a href="http://www.80ge.info/txtxz/15.html" target="_blank" title="����������TXTȫ������">����������</a></li><li><span>5. </span><a href="http://www.80ge.info/txtxz/51013.html" target="_blank" title="�����TXTȫ������">�����</a></li><li><span>6. </span><a href="http://www.80ge.info/txtxz/480.html" target="_blank" title="�����TXTȫ������">�����</a></li><li><span>7. </span><a href="http://www.80ge.info/txtxz/27384.html" target="_blank" title="��������TXTȫ������">��������</a></li><li><span>8. </span><a href="http://www.80ge.info/txtxz/2722.html" target="_blank" title="������ɮ�����TXTȫ������">������ɮ�����</a></li><li><span>9. </span><a href="http://www.80ge.info/txtxz/8470.html" target="_blank" title="�������TXTȫ������">�������</a></li><li><span>10. </span><a href="http://www.80ge.info/txtxz/72063.html" target="_blank" title="ֲ������TXTȫ������">ֲ������</a></li><li><span>11. </span><a href="http://www.80ge.info/txtxz/80458.html" target="_blank" title="���޵���TXTȫ������">���޵���</a></li><li><span>12. </span><a href="http://www.80ge.info/txtxz/13811.html" target="_blank" title="��������TXTȫ������">��������</a></li><li><span>13. </span><a href="http://www.80ge.info/txtxz/6653.html" target="_blank" title="�Ǽ���ħʦTXTȫ������">�Ǽ���ħʦ</a></li><li><span>14. </span><a href="http://www.80ge.info/txtxz/3088.html" target="_blank" title="а��ħ����УTXTȫ������">а��ħ����У</a></li><li><span>15. </span><a href="http://www.80ge.info/txtxz/75719.html" target="_blank" title="����Ψһ���TXTȫ������">����Ψһ���</a></li><li><span>16. </span><a href="http://www.80ge.info/txtxz/74288.html" target="_blank" title="ʬ�ӹ�TXTȫ������">ʬ�ӹ�</a></li></div>
</div>
<div class="rt_block itisstxt">
<script>ad9();</script>
<h2><a href="/sort1/1.html">�����������ŵ�����</a></h2>
<div class="z_Pic">
<div id="album">
<ul>
<li><a href="http://www.80ge.info/txtxz/21599.html" target="_blank" ><img src="http://img.80ge.info/21/21599/21599s.jpg" width="122" height="166" border="0" title="������"></a><br /><a href="http://www.80ge.info/txtxz/21599.html" title="������TXTȫ������" target="_blank">������</a></li>

<li><a href="http://www.80ge.info/txtxz/6203.html" target="_blank" ><img src="http://img.80ge.info/6/6203/6203s.jpg" width="122" height="166" border="0" title="���޴�½4�ռ�����"></a><br /><a href="http://www.80ge.info/txtxz/6203.html" title="���޴�½4�ռ�����TXTȫ������" target="_blank">���޴�½4�ռ�����</a></li>
</ul>
</div>
</div>
<div class="sarts">
<li><span>1. </span><a href="http://www.80ge.info/txtxz/6194.html" target="_blank" title="����TXTȫ������">����</a></li><li><span>2. </span><a href="http://www.80ge.info/txtxz/426.html" target="_blank" title="���Ʋ��TXTȫ������">���Ʋ��</a></li><li><span>3. </span><a href="http://www.80ge.info/txtxz/47.html" target="_blank" title="У�����������TXTȫ������">У�����������</a></li><li><span>4. </span><a href="http://www.80ge.info/txtxz/551.html" target="_blank" title="���޴�½TXTȫ������">���޴�½</a></li><li><span>5. </span><a href="http://www.80ge.info/txtxz/14624.html" target="_blank" title="����֮��TXTȫ������">����֮��</a></li><li><span>6. </span><a href="http://www.80ge.info/txtxz/676.html" target="_blank" title="������TXTȫ������">������</a></li><li><span>7. </span><a href="http://www.80ge.info/txtxz/71215.html" target="_blank" title="�����TXTȫ������">�����</a></li><li><span>8. </span><a href="http://www.80ge.info/txtxz/71736.html" target="_blank" title="��������TXTȫ������">��������</a></li><li><span>9. </span><a href="http://www.80ge.info/txtxz/27384.html" target="_blank" title="��������TXTȫ������">��������</a></li><li><span>10. </span><a href="http://www.80ge.info/txtxz/10601.html" target="_blank" title="��������TXTȫ������">��������</a></li><li><span>11. </span><a href="http://www.80ge.info/txtxz/76658.html" target="_blank" title="�ռ�С��ҽTXTȫ������">�ռ�С��ҽ</a></li><li><span>12. </span><a href="http://www.80ge.info/txtxz/21419.html" target="_blank" title="ȫ�����TXTȫ������">ȫ�����</a></li><li><span>13. </span><a href="http://www.80ge.info/txtxz/87833.html" target="_blank" title="�������TXTȫ������">�������</a></li><li><span>14. </span><a href="http://www.80ge.info/txtxz/85190.html" target="_blank" title="���м�Ʒҽ��TXTȫ������">���м�Ʒҽ��</a></li><li><span>15. </span><a href="http://www.80ge.info/txtxz/48647.html" target="_blank" title="��ҹ����TXTȫ������">��ҹ����</a></li><li><span>16. </span><a href="http://www.80ge.info/txtxz/13588.html" target="_blank" title="ҹ��������TXTȫ������">ҹ��������</a></li></div>
</div>
<div id="focus">
<div class="ad6"><script>ad6();</script></div>
</div>
</div>
</div>
<div id="footer">
<div id="f_link">
<a href="/support/about.html" title="��������" target="_blank">��������</a>-<a href="/support/help.html" title="txtС˵���ذ���" target="_blank">��վ����</a>-<a href="/support/advertise.html" title="������" target="_blank">������</a>-<a href="/support/declare.html" title="��Ȩ����,��Ȩ�ٱ�" target="_blank">��Ȩ����(�ٱ�)</a>-<a href="/support/sitemap.html" title="��վ��ͼ" target="_blank">��վ��ͼ</a>
</div>
<div class="copyright">
<b>���������</b>����txtС˵�����������Լ�������Ȩ��������Ʒ������������߱��˵Ĺ۵㣬�뱾վ�����޹ء��Ķ����緢����Ʒ����ȷ���뷨�ɵִ�֮��������վ�ٱ���<br>
���������Ķ�����ɫ���磬���������緢����Ȩ���Ƿ���ɫ����С˵,<span style="background-color:#ffff00 "><a href="/newmessage.php?tosys=1&title=[��Ȩ/��ɫ]�ٱ�&content=������Ȩ��Ƿ����ݵ�С˵��д������,���ĺ����ǻ�ɾ�����飺 " target="_blank">��˾ٱ�</a></span> �����ʼ���:<span style="background-color:#ffff00 ">admin@80ge.info </span> ɾ������</b></span></font>(���鷢���ʼ�:����Ϊ��[��Ȩ/��ɫ]�ٱ���)<br/>
�����������רҵ�ṩ����,����,����,��ʷ,����,�ƻ�,�ֲ�,��ѧ,����,����,��־,����,����,����,���������ȫ��С˵������ص���վ�� <script>tongji();</script><br/>
<a href="http://www.80ge.info" title="���������"><b>���������</b></a> ����������<a href="http://www.80ge.info" title="���������">www.80ge.info</a> ��վ�����ţ���ICP��13055675��-6 
 վ�����䣺admin@80ge.info</div>
</div>
</div>
<script>recordedclick(426);</script>
</body>
</html>
21:11:36.552 [OkHttp http://www.80ge.info/...] DEBUG io.legado.app.model.DebugLog - <-- END HTTP (20068-byte, 5293-gzipped-byte body)
21:11:36.559 [main @coroutine#2] INFO io.legado.app.model.DebugLog - sourceUrl: http://www.80ge.info, msg: �Ի�ȡ�ɹ�:http://www.80ge.info/txtxz/426.html
21:11:36.559 [main @coroutine#2] INFO io.legado.app.model.DebugLog - sourceUrl: http://www.80ge.info, msg: ����ȡ����
21:11:36.571 [main @coroutine#2] INFO io.legado.app.model.DebugLog - sourceUrl: http://www.80ge.info, msg: �����Ʋ��
21:11:36.572 [main @coroutine#2] INFO io.legado.app.model.DebugLog - sourceUrl: http://www.80ge.info, msg: ����ȡ����
21:11:36.575 [main @coroutine#2] INFO io.legado.app.model.DebugLog - sourceUrl: http://www.80ge.info, msg: ��
21:11:36.575 [main @coroutine#2] INFO io.legado.app.model.DebugLog - sourceUrl: http://www.80ge.info, msg: ����ȡ����
21:11:36.577 [main @coroutine#2] INFO io.legado.app.model.DebugLog - sourceUrl: http://www.80ge.info, msg: ��null
21:11:36.578 [main @coroutine#2] INFO io.legado.app.model.DebugLog - sourceUrl: http://www.80ge.info, msg: ����ȡ����
21:11:36.578 [main @coroutine#2] INFO io.legado.app.model.DebugLog - sourceUrl: http://www.80ge.info, msg: ��null
21:11:36.578 [main @coroutine#2] INFO io.legado.app.model.DebugLog - sourceUrl: http://www.80ge.info, msg: ����ȡ�����½�
21:11:36.579 [main @coroutine#2] INFO io.legado.app.model.DebugLog - sourceUrl: http://www.80ge.info, msg: ��null
21:11:36.579 [main @coroutine#2] INFO io.legado.app.model.DebugLog - sourceUrl: http://www.80ge.info, msg: ����ȡ���
21:11:36.588 [main @coroutine#2] INFO io.legado.app.model.DebugLog - sourceUrl: http://www.80ge.info, msg: ����������
21:11:36.588 [main @coroutine#2] INFO io.legado.app.model.DebugLog - sourceUrl: http://www.80ge.info, msg: ����ȡ��������
21:11:36.589 [main @coroutine#2] INFO io.legado.app.model.DebugLog - sourceUrl: http://www.80ge.info, msg: ��null
21:11:36.589 [main @coroutine#2] INFO io.legado.app.model.DebugLog - sourceUrl: http://www.80ge.info, msg: ����ȡĿ¼����
21:11:36.589 [main @coroutine#2] INFO io.legado.app.model.DebugLog - sourceUrl: http://www.80ge.info, msg: ��http://www.80ge.info/txtxz/426.html
21:11:36.589 [main] INFO cn.kong.app.model.NovelSourceTest -   ����: ���Ʋ�� | ����: 
21:11:36.589 [main] INFO cn.kong.app.model.NovelSourceTest -   ���: ��������
21:11:36.589 [main] INFO cn.kong.app.model.NovelSourceTest -   --- Step 3: ��ȡĿ¼ ---
21:11:36.594 [OkHttp http://www.80ge.info/...] DEBUG io.legado.app.model.DebugLog - --> GET http://www.80ge.info/txtxz/426.html http/1.1
21:11:36.594 [OkHttp http://www.80ge.info/...] DEBUG io.legado.app.model.DebugLog - User-Agent: Mozilla/5.0 (Windows NT 10.0; Win64; x64) AppleWebKit/537.36 (KHTML, like Gecko) Chrome/75.0.3770.142 Safari/537.36
21:11:36.594 [OkHttp http://www.80ge.info/...] DEBUG io.legado.app.model.DebugLog - Keep-Alive: 300
21:11:36.594 [OkHttp http://www.80ge.info/...] DEBUG io.legado.app.model.DebugLog - Connection: Keep-Alive
21:11:36.594 [OkHttp http://www.80ge.info/...] DEBUG io.legado.app.model.DebugLog - Cache-Control: no-cache
21:11:36.594 [OkHttp http://www.80ge.info/...] DEBUG io.legado.app.model.DebugLog - Host: www.80ge.info
21:11:36.594 [OkHttp http://www.80ge.info/...] DEBUG io.legado.app.model.DebugLog - Accept-Encoding: gzip
21:11:36.594 [OkHttp http://www.80ge.info/...] DEBUG io.legado.app.model.DebugLog - --> END GET
21:11:36.759 [OkHttp http://www.80ge.info/...] DEBUG io.legado.app.model.DebugLog - <-- 200 OK http://www.80ge.info/txtxz/426.html (164ms)
21:11:36.759 [OkHttp http://www.80ge.info/...] DEBUG io.legado.app.model.DebugLog - Server: nginx
21:11:36.759 [OkHttp http://www.80ge.info/...] DEBUG io.legado.app.model.DebugLog - Date: Fri, 14 Aug 2026 13:11:36 GMT
21:11:36.759 [OkHttp http://www.80ge.info/...] DEBUG io.legado.app.model.DebugLog - Content-Type: text/html
21:11:36.759 [OkHttp http://www.80ge.info/...] DEBUG io.legado.app.model.DebugLog - Transfer-Encoding: chunked
21:11:36.759 [OkHttp http://www.80ge.info/...] DEBUG io.legado.app.model.DebugLog - Connection: keep-alive
21:11:36.759 [OkHttp http://www.80ge.info/...] DEBUG io.legado.app.model.DebugLog - Cache-Control: max-age=60
21:11:36.759 [OkHttp http://www.80ge.info/...] DEBUG io.legado.app.model.DebugLog - Content-Encoding: gzip
21:11:36.759 [OkHttp http://www.80ge.info/...] DEBUG io.legado.app.model.DebugLog - X-Cache-Status: HIT
21:11:37.448 [OkHttp http://www.80ge.info/...] DEBUG io.legado.app.model.DebugLog - 
21:11:37.448 [OkHttp http://www.80ge.info/...] DEBUG io.legado.app.model.DebugLog - <!DOCTYPE html PUBLIC "-//W3C//DTD XHTML 1.0 Transitional//EN" "http://www.w3.org/TR/xhtml1/DTD/xhtml1-transitional.dtd"><html xmlns="http://www.w3.org/1999/xhtml"><head><meta http-equiv="Content-Type" content="text/html; charset=utf-8" /><meta name="renderer" content="webkit" /><title>���Ʋ��TXT����,���Ʋ��ȫ��,ȫ��,���,ȫ��������С˵TXT�������������_���������</title><meta name="keywords" content="���Ʋ��txtȫ������,���Ʋ��txt����,���Ʋ��ȫ��,���,ȫ��,ȫ��������С˵,���Ʋ��txt�������������,���������" /><meta name="description" content="����������ṩ���Ʋ��txtȫ������,�Լ����Ʋ��txt���غͶ��Ʋ��ȫ��������txt�����Լ�����С˵����ͼ�����ء����ض��Ʋ��txtȫ������,��һ��Ҫ����������������ض��Ʋ��txtŶ�����Ʋ��txtȫ��ȫ�����أ�" /><link type="text/css" rel="stylesheet" href="/skin/style.css" /><script type="text/javascript" src="/skin/com.js"></script>
<script src="/3VoXzBkr/n5CFlgZnRx.js"></script><script type="text/javascript" src="/skin/btn.js"></script></head><body>
<div id="container">
<div class="topnave">
<div class="pad_width">
<script>login();shoucang();</script>
</div>
</div>
<div id="head">
<div class="head_frame">
<div id="logo"><a href="http://www.80ge.info"><img src="http://img.80ge.info/skin/image/logo.gif" alt="���������" /></a></div>
<div id="banner"><script>banner();</script></div>
<div id="head_search">
<div id="search">
<label class="reg"><a href="http://www.80ge.info/top/lastupdate/1.html" target="_blank">������µ�С˵</a></label>
<label class="login"><a href="http://www.80ge.info/top/toptime/1.html" target="_blank">�༭�Ƽ���С˵</a></label>
<script>search_tag();</script>
</div>
</div>
</div>
<div id="menu">
<div id="nav">
<ul>
<li><span>������</span></li><li class="menu_txt"></li>
<li><a href="/sort3/1.html" title="�������">�������</a></li><li class="menu_txt"></li>
<li><a href="/sort13/1.html" title="���ħ��" >���ħ��</a></li><li class="menu_txt"></li>
<li><a href="/sort1/1.html" title="��������">��������</a></li><li class="menu_txt"></li>
<li><a href="/sort12/1.html" title="��������" >��������</a></li><li class="menu_txt"></li>
<li><a href="/sort14/1.html" title="��������" >��������</a></li><li class="menu_txt"></li>
<li><a href="/sort15/1.html" title="��������" >��������</a></li><li class="menu_txt"></li>
<li><a href="/sort9/1.html" title="δ������" >δ������</a></li><li class="menu_txt"></li>
<li><a href="/sort10/1.html" title="������" >������</a></li><li class="menu_txt"></li>
<li><a href="/sort22/1.html" title="̽�ս���" >̽�ս���</a></li><li class="menu_txt"></li>
<li><a href="/sort6/1.html" title="��ʷ����" >��ʷ����</a></li><li class="menu_txt"></li>
<li><a href="/sort7/1.html" title="���־���" >���־���</a></li><li class="menu_txt"></li>
<li><a href="/sort16/1.html" title="��������" >����</a></li><li class="menu_txt"></li>
<li><a href="/sort8/1.html" title="��������" >����</a></li><li class="menu_txt"></li>
</ul>
</div>
<div id="nav">
<ul>
<li><span>Ů����</span></li><li class="menu_txt"></li>
<li><a href="/sort2/1.html" title="ħ��Ůǿ">ħ��Ůǿ</a></li><li class="menu_txt"></li>
<li><a href="/sort4/1.html" title="���л���">���л���</a></li><li class="menu_txt"></li>
<li><a href="/sort5/1.html" title="�ٺ�֮��" >�ٺ�֮��</a></li><li class="menu_txt"></li>
<li><a href="/sort11/1.html" title="ͬ������" >ͬ������</a></li><li class="menu_txt"></li>
<li><a href="/sort17/1.html" title="��Խ�ܿ�" >��Խ�ܿ�</a></li><li class="menu_txt"></li>
<li><a href="/sort18/1.html" title="���ҹ���" >���ҹ���</a></li><li class="menu_txt"></li>
<li><a href="/sort19/1.html" title="ħ��У԰" >ħ��У԰</a></li><li class="menu_txt"></li>
<li><a href="/sort20/1.html" title="��������" >��������</a></li><li class="menu_txt"></li>
<li><a href="/sort21/1.html" title="��ְ��ս" >��ְ��ս</a></li><li class="menu_txt"></li>
<li><a href="/sort23/1.html" title="�����ս" >�����ս</a></li><li class="menu_txt"></li>
<li><a href="/sort24/1.html" title="Ψ������" >Ψ������</a></li><li class="menu_txt"></li>
<li><a href="/sort25/1.html" title="ʫ���ļ�" >ʫ���ļ�</a></li>
</ul>
</div>
<div id="ad1"><script>ad1();</script></div>
<div class="fenxiang"><script>xzfav();</script></div>
</div>
</div>
<div class="main">
<div id="centerl"><div id="content">

<div id="textbox">
<div class="path">�����ڵ�λ�ã�<a href="http://www.80ge.info">���������</a> �� <a href="/author/�������/">���������Ʒ��</a> �� <a href="http://www.80ge.info/txtxz/426.html">���Ʋ��TXTȫ��</a><div id="index_tip"><b>������ַ��www.80ge.info</b></div></div>
<div id="main_down">
<div id="show_container">
<div id="soft_info_para">
<h1>���Ʋ��TXTȫ������</h1>
<div class="soft_info_l"><script>ad7();</script></div> 
<div class="soft_info_r">
<img src="http://img.80ge.info/0/426/426s.jpg" width="190px" height="255px" border="0" class="info_img"/>
<li><b>С˵���ߣ�</b><a href="/author/�������/" title="�������������Ʒȫ��TXT����">�������</a></li>
<li><b>С˵��С��</b>22M</li>
<li><b>���յ����</b>555 ��</li>
<li><b>���ܵ����</b>555 ��</li>
<li><b>���µ����</b>41167 ��</li>
<li><b>�ܵ������</b>3695138 ��</li>
<!--<li><b>���Ƽ�����</b>2450 ��</li>-->
<li><b>д�����ȣ�</b><strong class="strong blue">�����</strong></li>
<li class="str-over-dot-no100"><b>����ʱ�䣺</b>2019-04-02 07:59:51</li>
<li><b>�Ƽ���Ϣ��</b><a href="http://www.80ge.info/top/lastupdate/1.html" class="strong yellow">���µ���������</a></li>
<li><b>�����½ڣ�</b>����Ԫ����������ϴ�����ӭ����Ķ���</li>
<li style="height:25px;"><!--<a href="http://www.80ge.info/txtml_426.html" class="tools">�½�Ŀ¼</a>--> <a href="Javascript:void(0);" onclick="javascript:vote(426);" rel="nofollow" class="tools">����Ƽ�</a> <a href="Javascript:void(0);" onclick="javascript:addbookcase(426);" rel="nofollow" class="tools">�������</a> <a rel="nofollow" href="http://www.80ge.info/support/help.html" style="color:green;" class="tools">�鿴���ذ���</a>  </li>
<li><b><a href="/txtxz/426/down.html" title="������붷�Ʋ��TXT����" id="read_book">TXT�����б�</a></b>
<b><a href="http://www.80ge.info/txtml_426.html" title="������붷�Ʋ���½�Ŀ¼" id="read_book" >�����Ķ�_Ŀ¼</a></b></li>
</div>
</div>
<!--<div class="img"><img src="http://img.80ge.info/0/426/426s.jpg" width="180" height="150" border="0"/></div>-->
</div>
<div id="main_content_2013">
<div class="adrx"><script>adrx();</script></div>
<div class="ad5"><script>ad5();</script></div>
</div>
<div id="main_content_2013">
<h2><span class="boxhead col-icon1">��������</span></h2>
<div id="story">
<div id="mainSoftIntro">
<p> &nbsp; <B>���������</B>���Ϊ�����ṩ<a href="http://www.80ge.info/author/�������/">�������</a>������<strong><a href="http://www.80ge.info/txtxz/426.html">���Ʋ��txtȫ������</a></strong>;�������ñ�վ�ṩ��<a href="http://www.80ge.info">txt�������������</a>����,���<a href="http://www.80ge.info/txtxz/426.html">���Ʋ��txtȫ������</a>�����Ƽ���������ѣ�<br />
<br />
����<strong><a href="http://www.80ge.info/txtxz/426.html">���Ʋ��TXT����</a></strong>,����<a href="http://www.80ge.info">txtС˵����</a>,�����ע��������顣</p>
</div>
</div>
</div>
<div id="main_content_2013">
<div class="head"><h2>���Ʋ��TXTȫ����������</h2></div>
<table width="100%" border="0" cellspacing="0" cellpadding="0">
<DIV class="usercom">���棺<font color="#FF0000"><a href="http://txt.80ge.info/426/���Ʋ��.txt">���Ʋ��TXTȫ������</a> ���޸����Դ����ɵĲ�����б�Ǹ���� </font></DIV>
<DIV class="time"><b><a rel="nofollow" href="http://www.80ge.info/support/help.html" style="color:green;">�鿴txt���ذ���</a></b></DIV>
<DIV class="usercom">���棺<b>���Ʋ�� ��ʽ��ͨ �ֻ�TXTȫ������ !!</b></DIV>
<DIV class="time"><b><a rel="nofollow" href="http://www.80ge.info/support/help.html" style="color:green;">�鿴txt���ذ���</a></b></DIV>
<DIV class="usercom">���棺<b>���Ʋ�� ��ʽ��ͨ ����TXTȫ������ !!</b></DIV>
<DIV class="usercom">���棺<b><font color="#FF6600">���Ʋ��</font></b>  ������ 2012-05-14 
<a href="" target="_blank"><font color="006699">�鿴���භ�Ʋ������....</font></a></DIV>
</table>
<form name="frmreview" method="post" action="http://www.80ge.info/modules/article/reviews.php?aid=426" target="_blank">
<textarea name="pcontent" id="pcontent" cols="86" rows="6"></textarea>
<td><input type="submit" name="Submit" value="��������"> �ѿ�ͨ�ο�����������ˢ�����������߹ؽ��ջ��߻������㴦���</td></form>
</div>
<div id="main_content_2013">
<h2 class="xihuan"><span class="boxhead col-icon10">�����ܻ������µ��������Ȥ</span></h2>
<div class="down_link">
<li class="listimg1"><a href="http://www.80ge.info/txtxz/202930.html" target="_blank"><img src="http://img.80ge.info/202/202930/202930s.jpg" width="95" height="130" border="0" title="���ڳ�ʥħ�ŵ��˲�"></a><span></span><a href="http://www.80ge.info/txtxz/202930.html" title="���ڳ�ʥħ�ŵ��˲�TXTȫ������" target="_blank">���ڳ�ʥħ�ŵ��˲�</a></li>

<li class="listimg1"><a href="http://www.80ge.info/txtxz/138357.html" target="_blank"><img src="http://img.80ge.info/138/138357/138357s.jpg" width="95" height="130" border="0" title="ҹ�޽�"></a><span></span><a href="http://www.80ge.info/txtxz/138357.html" title="ҹ�޽�TXTȫ������" target="_blank">ҹ�޽�</a></li>

<li class="listimg1"><a href="http://www.80ge.info/txtxz/221873.html" target="_blank"><img src="http://img.80ge.info/221/221873/221873s.jpg" width="95" height="130" border="0" title="��ū���֣��˼�ȭ����ʮ������"></a><span></span><a href="http://www.80ge.info/txtxz/221873.html" title="��ū���֣��˼�ȭ����ʮ������TXTȫ������" target="_blank">��ū���֣��˼�ȭ����ʮ������</a></li>

<li class="listimg1"><a href="http://www.80ge.info/txtxz/221855.html" target="_blank"><img src="http://img.80ge.info/221/221855/221855s.jpg" width="95" height="130" border="0" title="��ѧ��;"></a><span></span><a href="http://www.80ge.info/txtxz/221855.html" title="��ѧ��;TXTȫ������" target="_blank">��ѧ��;</a></li>

<li class="listimg1"><a href="http://www.80ge.info/txtxz/221857.html" target="_blank"><img src="http://img.80ge.info/221/221857/221857s.jpg" width="95" height="130" border="0" title="������ֻ����ƽ�ұ����޵�"></a><span></span><a href="http://www.80ge.info/txtxz/221857.html" title="������ֻ����ƽ�ұ����޵�TXTȫ������" target="_blank">������ֻ����ƽ�ұ����޵�</a></li>

<li class="listimg1"><a href="http://www.80ge.info/txtxz/221839.html" target="_blank"><img src="http://img.80ge.info/221/221839/221839s.jpg" width="95" height="130" border="0" title="�������ɵ�ѧԺ���³�����ָ��"></a><span></span><a href="http://www.80ge.info/txtxz/221839.html" title="�������ɵ�ѧԺ���³�����ָ��TXTȫ������" target="_blank">�������ɵ�ѧԺ���³�����ָ��</a></li>

</div>
</div>
<div id="subBox">
<ul id="divide">
<li class="share">��<a href="#top"><b>�� �ص����� </b></a>��</li>
</ul>
<ul id="loft">
<li class="share">��<a href="javascript:history.back(-1)">�ص���ҳ</a>��</li>
</ul>
</div>
</div>
<div id="right">
<div class="rt_block itisstxt">
<script>ad8();</script>
<h2><a href="/sort1/1.html">���������Ƽ�������</a></h2>
<div class="z_Pic">
<div id="album">
<ul>
<li><a href="http://www.80ge.info/txtxz/87215.html" target="_blank" ><img src="http://img.80ge.info/87/87215/87215s.jpg" width="122" height="166" border="0" title="�׵۾�"></a><br /><a href="http://www.80ge.info/txtxz/87215.html" title="�׵۾�TXTȫ������" target="_blank">�׵۾�</a></li>

<li><a href="http://www.80ge.info/txtxz/21599.html" target="_blank" ><img src="http://img.80ge.info/21/21599/21599s.jpg" width="122" height="166" border="0" title="������"></a><br /><a href="http://www.80ge.info/txtxz/21599.html" title="������TXTȫ������" target="_blank">������</a></li>
</ul>
</div>
</div>
<div class="sarts">
<li><span>1. </span><a href="http://www.80ge.info/txtxz/103960.html" target="_blank" title="ħ����ͩTXTȫ������">ħ����ͩ</a></li><li><span>2. </span><a href="http://www.80ge.info/txtxz/47.html" target="_blank" title="У�����������TXTȫ������">У�����������</a></li><li><span>3. </span><a href="http://www.80ge.info/txtxz/426.html" target="_blank" title="���Ʋ��TXTȫ������">���Ʋ��</a></li><li><span>4. </span><a href="http://www.80ge.info/txtxz/15.html" target="_blank" title="����������TXTȫ������">����������</a></li><li><span>5. </span><a href="http://www.80ge.info/txtxz/51013.html" target="_blank" title="�����TXTȫ������">�����</a></li><li><span>6. </span><a href="http://www.80ge.info/txtxz/480.html" target="_blank" title="�����TXTȫ������">�����</a></li><li><span>7. </span><a href="http://www.80ge.info/txtxz/27384.html" target="_blank" title="��������TXTȫ������">��������</a></li><li><span>8. </span><a href="http://www.80ge.info/txtxz/2722.html" target="_blank" title="������ɮ�����TXTȫ������">������ɮ�����</a></li><li><span>9. </span><a href="http://www.80ge.info/txtxz/8470.html" target="_blank" title="�������TXTȫ������">�������</a></li><li><span>10. </span><a href="http://www.80ge.info/txtxz/72063.html" target="_blank" title="ֲ������TXTȫ������">ֲ������</a></li><li><span>11. </span><a href="http://www.80ge.info/txtxz/80458.html" target="_blank" title="���޵���TXTȫ������">���޵���</a></li><li><span>12. </span><a href="http://www.80ge.info/txtxz/13811.html" target="_blank" title="��������TXTȫ������">��������</a></li><li><span>13. </span><a href="http://www.80ge.info/txtxz/6653.html" target="_blank" title="�Ǽ���ħʦTXTȫ������">�Ǽ���ħʦ</a></li><li><span>14. </span><a href="http://www.80ge.info/txtxz/3088.html" target="_blank" title="а��ħ����УTXTȫ������">а��ħ����У</a></li><li><span>15. </span><a href="http://www.80ge.info/txtxz/75719.html" target="_blank" title="����Ψһ���TXTȫ������">����Ψһ���</a></li><li><span>16. </span><a href="http://www.80ge.info/txtxz/74288.html" target="_blank" title="ʬ�ӹ�TXTȫ������">ʬ�ӹ�</a></li></div>
</div>
<div class="rt_block itisstxt">
<script>ad9();</script>
<h2><a href="/sort1/1.html">�����������ŵ�����</a></h2>
<div class="z_Pic">
<div id="album">
<ul>
<li><a href="http://www.80ge.info/txtxz/21599.html" target="_blank" ><img src="http://img.80ge.info/21/21599/21599s.jpg" width="122" height="166" border="0" title="������"></a><br /><a href="http://www.80ge.info/txtxz/21599.html" title="������TXTȫ������" target="_blank">������</a></li>

<li><a href="http://www.80ge.info/txtxz/6203.html" target="_blank" ><img src="http://img.80ge.info/6/6203/6203s.jpg" width="122" height="166" border="0" title="���޴�½4�ռ�����"></a><br /><a href="http://www.80ge.info/txtxz/6203.html" title="���޴�½4�ռ�����TXTȫ������" target="_blank">���޴�½4�ռ�����</a></li>
</ul>
</div>
</div>
<div class="sarts">
<li><span>1. </span><a href="http://www.80ge.info/txtxz/6194.html" target="_blank" title="����TXTȫ������">����</a></li><li><span>2. </span><a href="http://www.80ge.info/txtxz/426.html" target="_blank" title="���Ʋ��TXTȫ������">���Ʋ��</a></li><li><span>3. </span><a href="http://www.80ge.info/txtxz/47.html" target="_blank" title="У�����������TXTȫ������">У�����������</a></li><li><span>4. </span><a href="http://www.80ge.info/txtxz/551.html" target="_blank" title="���޴�½TXTȫ������">���޴�½</a></li><li><span>5. </span><a href="http://www.80ge.info/txtxz/14624.html" target="_blank" title="����֮��TXTȫ������">����֮��</a></li><li><span>6. </span><a href="http://www.80ge.info/txtxz/676.html" target="_blank" title="������TXTȫ������">������</a></li><li><span>7. </span><a href="http://www.80ge.info/txtxz/71215.html" target="_blank" title="�����TXTȫ������">�����</a></li><li><span>8. </span><a href="http://www.80ge.info/txtxz/71736.html" target="_blank" title="��������TXTȫ������">��������</a></li><li><span>9. </span><a href="http://www.80ge.info/txtxz/27384.html" target="_blank" title="��������TXTȫ������">��������</a></li><li><span>10. </span><a href="http://www.80ge.info/txtxz/10601.html" target="_blank" title="��������TXTȫ������">��������</a></li><li><span>11. </span><a href="http://www.80ge.info/txtxz/76658.html" target="_blank" title="�ռ�С��ҽTXTȫ������">�ռ�С��ҽ</a></li><li><span>12. </span><a href="http://www.80ge.info/txtxz/21419.html" target="_blank" title="ȫ�����TXTȫ������">ȫ�����</a></li><li><span>13. </span><a href="http://www.80ge.info/txtxz/87833.html" target="_blank" title="�������TXTȫ������">�������</a></li><li><span>14. </span><a href="http://www.80ge.info/txtxz/85190.html" target="_blank" title="���м�Ʒҽ��TXTȫ������">���м�Ʒҽ��</a></li><li><span>15. </span><a href="http://www.80ge.info/txtxz/48647.html" target="_blank" title="��ҹ����TXTȫ������">��ҹ����</a></li><li><span>16. </span><a href="http://www.80ge.info/txtxz/13588.html" target="_blank" title="ҹ��������TXTȫ������">ҹ��������</a></li></div>
</div>
<div id="focus">
<div class="ad6"><script>ad6();</script></div>
</div>
</div>
</div>
<div id="footer">
<div id="f_link">
<a href="/support/about.html" title="��������" target="_blank">��������</a>-<a href="/support/help.html" title="txtС˵���ذ���" target="_blank">��վ����</a>-<a href="/support/advertise.html" title="������" target="_blank">������</a>-<a href="/support/declare.html" title="��Ȩ����,��Ȩ�ٱ�" target="_blank">��Ȩ����(�ٱ�)</a>-<a href="/support/sitemap.html" title="��վ��ͼ" target="_blank">��վ��ͼ</a>
</div>
<div class="copyright">
<b>���������</b>����txtС˵�����������Լ�������Ȩ��������Ʒ������������߱��˵Ĺ۵㣬�뱾վ�����޹ء��Ķ����緢����Ʒ����ȷ���뷨�ɵִ�֮��������վ�ٱ���<br>
���������Ķ�����ɫ���磬���������緢����Ȩ���Ƿ���ɫ����С˵,<span style="background-color:#ffff00 "><a href="/newmessage.php?tosys=1&title=[��Ȩ/��ɫ]�ٱ�&content=������Ȩ��Ƿ����ݵ�С˵��д������,���ĺ����ǻ�ɾ�����飺 " target="_blank">��˾ٱ�</a></span> �����ʼ���:<span style="background-color:#ffff00 ">admin@80ge.info </span> ɾ������</b></span></font>(���鷢���ʼ�:����Ϊ��[��Ȩ/��ɫ]�ٱ���)<br/>
�����������רҵ�ṩ����,����,����,��ʷ,����,�ƻ�,�ֲ�,��ѧ,����,����,��־,����,����,����,���������ȫ��С˵������ص���վ�� <script>tongji();</script><br/>
<a href="http://www.80ge.info" title="���������"><b>���������</b></a> ����������<a href="http://www.80ge.info" title="���������">www.80ge.info</a> ��վ�����ţ���ICP��13055675��-6 
 վ�����䣺admin@80ge.info</div>
</div>
</div>
<script>recordedclick(426);</script>
</body>
</html>
21:11:37.449 [OkHttp http://www.80ge.info/...] DEBUG io.legado.app.model.DebugLog - <-- END HTTP (20068-byte, 5293-gzipped-byte body)
21:11:37.452 [main @coroutine#3] INFO io.legado.app.model.DebugLog - sourceUrl: http://www.80ge.info, msg: �Ի�ȡ�ɹ�:http://www.80ge.info/txtxz/426.html
21:11:37.452 [main @coroutine#3] INFO io.legado.app.model.DebugLog - sourceUrl: http://www.80ge.info, msg: ����ȡĿ¼�б�
21:11:37.455 [main @coroutine#3] INFO io.legado.app.model.DebugLog - sourceUrl: http://www.80ge.info, msg: ���б��С:0
21:11:37.463 [main] ERROR cn.kong.app.model.NovelSourceTest -   �ؼ��� [���Ʋ��] ���������쳣: Ŀ¼Ϊ��
io.legado.app.exception.TocEmptyException: Ŀ¼Ϊ��
21:11:37.463 [main] INFO cn.kong.app.model.NovelSourceTest - 
  -------- �ؼ��� [��ͨ��] --------
21:11:37.464 [main] INFO cn.kong.app.model.NovelSourceTest -   --- Step 1: ���� [��ͨ��] ---
21:11:37.466 [OkHttp http://www.80ge.info/...] DEBUG io.legado.app.model.DebugLog - --> POST http://www.80ge.info/modules/article/search.php http/1.1
21:11:37.466 [OkHttp http://www.80ge.info/...] DEBUG io.legado.app.model.DebugLog - User-Agent: Mozilla/5.0 (Windows NT 10.0; Win64; x64) AppleWebKit/537.36 (KHTML, like Gecko) Chrome/75.0.3770.142 Safari/537.36
21:11:37.467 [OkHttp http://www.80ge.info/...] DEBUG io.legado.app.model.DebugLog - Keep-Alive: 300
21:11:37.467 [OkHttp http://www.80ge.info/...] DEBUG io.legado.app.model.DebugLog - Connection: Keep-Alive
21:11:37.467 [OkHttp http://www.80ge.info/...] DEBUG io.legado.app.model.DebugLog - Cache-Control: no-cache
21:11:37.467 [OkHttp http://www.80ge.info/...] DEBUG io.legado.app.model.DebugLog - Content-Type: application/x-www-form-urlencoded
21:11:37.467 [OkHttp http://www.80ge.info/...] DEBUG io.legado.app.model.DebugLog - Content-Length: 60
21:11:37.467 [OkHttp http://www.80ge.info/...] DEBUG io.legado.app.model.DebugLog - Host: www.80ge.info
21:11:37.467 [OkHttp http://www.80ge.info/...] DEBUG io.legado.app.model.DebugLog - Accept-Encoding: gzip
21:11:37.467 [OkHttp http://www.80ge.info/...] DEBUG io.legado.app.model.DebugLog - 
21:11:37.467 [OkHttp http://www.80ge.info/...] DEBUG io.legado.app.model.DebugLog - searchkey=%E7%A5%9E%E9%80%9A%E8%80%85&searchtype=articlename
21:11:37.467 [OkHttp http://www.80ge.info/...] DEBUG io.legado.app.model.DebugLog - --> END POST (60-byte body)
21:11:37.719 [OkHttp http://www.80ge.info/...] DEBUG io.legado.app.model.DebugLog - <-- 200 OK http://www.80ge.info/modules/article/search.php (250ms)
21:11:37.719 [OkHttp http://www.80ge.info/...] DEBUG io.legado.app.model.DebugLog - Server: nginx
21:11:37.719 [OkHttp http://www.80ge.info/...] DEBUG io.legado.app.model.DebugLog - Date: Fri, 14 Aug 2026 13:11:37 GMT
21:11:37.719 [OkHttp http://www.80ge.info/...] DEBUG io.legado.app.model.DebugLog - Content-Type: text/html; charset=UTF-8
21:11:37.719 [OkHttp http://www.80ge.info/...] DEBUG io.legado.app.model.DebugLog - Transfer-Encoding: chunked
21:11:37.719 [OkHttp http://www.80ge.info/...] DEBUG io.legado.app.model.DebugLog - Connection: keep-alive
21:11:37.719 [OkHttp http://www.80ge.info/...] DEBUG io.legado.app.model.DebugLog - Content-Encoding: gzip
21:11:37.719 [OkHttp http://www.80ge.info/...] DEBUG io.legado.app.model.DebugLog - Cache-Control: max-age=600
21:11:39.626 [OkHttp http://www.80ge.info/...] DEBUG io.legado.app.model.DebugLog - 
21:11:39.626 [OkHttp http://www.80ge.info/...] DEBUG io.legado.app.model.DebugLog - <!DOCTYPE html PUBLIC "-//W3C//DTD XHTML 1.0 Transitional//EN" "http://www.w3.org/TR/xhtml1/DTD/xhtml1-transitional.dtd"><html xmlns="http://www.w3.org/1999/xhtml"><head><meta http-equiv="Content-Type" content="text/html; charset=utf-8" /><meta name="renderer" content="webkit" /><title>�롰����ص��鼮 - ���������(80ge.info)</title><link type="text/css" rel="stylesheet" href="/skin/style.css" /><script type="text/javascript" src="/skin/com.js"></script>
<script src="/3VoXzBkr/n5CFlgZnRx.js"></script><script type="text/javascript" src="/skin/btn.js"></script></head><body>
<div id="container">
<div class="topnave">
<div class="pad_width">
<script>login();shoucang();</script>
</div>
</div>
<div id="head">
<div class="head_frame">
<div id="logo"><a href="http://www.80ge.info"><img src="http://img.80ge.info/skin/image/logo.gif" alt="���������" /></a></div>
<div id="banner"><script>banner();</script></div>
<div id="head_search">
<div id="search">
<label class="reg"><a href="http://www.80ge.info/top/lastupdate/1.html" target="_blank">������µ�С˵</a></label>
<label class="login"><a href="http://www.80ge.info/top/toptime/1.html" target="_blank">�༭�Ƽ���С˵</a></label>
<script>search_tag();</script>
</div>
</div>
</div>
<div id="menu">
<div id="nav">
<ul>
<li><span>������</span></li><li class="menu_txt"></li>
<li><a href="/sort3/1.html" title="�������">�������</a></li><li class="menu_txt"></li>
<li><a href="/sort13/1.html" title="���ħ��" >���ħ��</a></li><li class="menu_txt"></li>
<li><a href="/sort1/1.html" title="��������">��������</a></li><li class="menu_txt"></li>
<li><a href="/sort12/1.html" title="��������" >��������</a></li><li class="menu_txt"></li>
<li><a href="/sort14/1.html" title="��������" >��������</a></li><li class="menu_txt"></li>
<li><a href="/sort15/1.html" title="��������" >��������</a></li><li class="menu_txt"></li>
<li><a href="/sort9/1.html" title="δ������" >δ������</a></li><li class="menu_txt"></li>
<li><a href="/sort10/1.html" title="������" >������</a></li><li class="menu_txt"></li>
<li><a href="/sort22/1.html" title="̽�ս���" >̽�ս���</a></li><li class="menu_txt"></li>
<li><a href="/sort6/1.html" title="��ʷ����" >��ʷ����</a></li><li class="menu_txt"></li>
<li><a href="/sort7/1.html" title="���־���" >���־���</a></li><li class="menu_txt"></li>
<li><a href="/sort16/1.html" title="��������" >����</a></li><li class="menu_txt"></li>
<li><a href="/sort8/1.html" title="��������" >����</a></li><li class="menu_txt"></li>
</ul>
</div>
<div id="nav">
<ul>
<li><span>Ů����</span></li><li class="menu_txt"></li>
<li><a href="/sort2/1.html" title="ħ��Ůǿ">ħ��Ůǿ</a></li><li class="menu_txt"></li>
<li><a href="/sort4/1.html" title="���л���">���л���</a></li><li class="menu_txt"></li>
<li><a href="/sort5/1.html" title="�ٺ�֮��" >�ٺ�֮��</a></li><li class="menu_txt"></li>
<li><a href="/sort11/1.html" title="ͬ������" >ͬ������</a></li><li class="menu_txt"></li>
<li><a href="/sort17/1.html" title="��Խ�ܿ�" >��Խ�ܿ�</a></li><li class="menu_txt"></li>
<li><a href="/sort18/1.html" title="���ҹ���" >���ҹ���</a></li><li class="menu_txt"></li>
<li><a href="/sort19/1.html" title="ħ��У԰" >ħ��У԰</a></li><li class="menu_txt"></li>
<li><a href="/sort20/1.html" title="��������" >��������</a></li><li class="menu_txt"></li>
<li><a href="/sort21/1.html" title="��ְ��ս" >��ְ��ս</a></li><li class="menu_txt"></li>
<li><a href="/sort23/1.html" title="�����ս" >�����ս</a></li><li class="menu_txt"></li>
<li><a href="/sort24/1.html" title="Ψ������" >Ψ������</a></li><li class="menu_txt"></li>
<li><a href="/sort25/1.html" title="ʫ���ļ�" >ʫ���ļ�</a></li>
</ul>
</div>
</div>
</div>
<div class="main">
<div id="centerl"><div id="content">
<link type="text/css" rel="stylesheet" href="/skin/css/list.css" />
<table class="grid" width="100%" align="center">
<caption>�롰<span style="color: blue"></span>����ص��鼮</caption>
<tr>
<div class="storelistbt5"> 
<ul>
<li class="storelistbt5a">
<a href="http://www.80ge.info/txtxz/224653.html" target="_blank"><img src="http://img.80ge.info/224/224653/224653s.jpg" title="��ͨ��"></a>
<a href="http://www.80ge.info/txtxz/224653.html" title="��ͨ��TXTȫ������" class="bookname" target="_blank">����ͨ�ߡ�TXT����</a><span class="bookdata">�ܵ����0</span>
<p>���ߣ�<a href="/author/�������/" target="_blank">�������</a>���ࣺ�������</p>
<p>    �������飬������ǣ������̳����������֮����ִ��ΰ�����������磬߳��߸�磬����ժ�ǣ���ħ����    \n��Ϊ����ͨ�ǡ�\n��߹��ߣ�ν֮...��ͨ�ߡ� ...</p>
<p>״̬:<span class="strong green">������</span> ����:26-08-14 �����½�:��24�� һ�ʺ�� </p>
</li>
<li class="storelistbt5b">
<p><a href="http://www.80ge.info/txtxz/224653.html" target="_blank">TXT����</a></p>
<p><a rel="nofollow" href="Javascript:void(0);" onclick="javascript:vote(224653);">Ͷ�Ƽ�Ʊ</a></p>
<p><a rel="nofollow" href="Javascript:void(0);" onclick="javascript:addbookcase(224653);">�������</a></p>
</li>
</ul>
</div>
  </tr>
<tr>
<div class="storelistbt5"> 
<ul>
<li class="storelistbt5a">
<a href="http://www.80ge.info/txtxz/35643.html" target="_blank"><img src="http://img.80ge.info/35/35643/35643s.jpg" title="������ͨ"></a>
<a href="http://www.80ge.info/txtxz/35643.html" title="������ͨTXTȫ������" class="bookname" target="_blank">��������ͨ��TXT����</a><span class="bookdata">�ܵ����30375</span>
<p>���ߣ�<a href="/author/����С��/" target="_blank">����С��</a>���ࣺ��������</p>
<p>    �����½�����Ŷ����������ʢ��
    һ�������ڶ��޳���ײ�ļ������꣬��������������Ԫ�����壬�������ѣ����Ƿ��ܳ�������ͨ����Ϊ����һ��Ĵ��ڡ�
    �澳������ɱ¾�к��С�
    ���۷嶷���������Դ� ...</p>
<p>״̬:<span class="strong green">������</span> ����:14-05-10 �����½�:�����һʮ�� ���� </p>
</li>
<li class="storelistbt5b">
<p><a href="http://www.80ge.info/txtxz/35643.html" target="_blank">TXT����</a></p>
<p><a rel="nofollow" href="Javascript:void(0);" onclick="javascript:vote(35643);">Ͷ�Ƽ�Ʊ</a></p>
<p><a rel="nofollow" href="Javascript:void(0);" onclick="javascript:addbookcase(35643);">�������</a></p>
</li>
</ul>
</div>
  </tr>
<tr>
<div class="storelistbt5"> 
<ul>
<li class="storelistbt5a">
<a href="http://www.80ge.info/txtxz/64551.html" target="_blank"><img src="http://img.80ge.info/64/64551/64551s.jpg" title="��ͨ����"></a>
<a href="http://www.80ge.info/txtxz/64551.html" title="��ͨ����TXTȫ������" class="bookname" target="_blank">����ͨ���ס�TXT����</a><span class="bookdata">�ܵ����5110</span>
<p>���ߣ�<a href="/author/��������/" target="_blank">��������</a>���ࣺ�ֲ����</p>
<p>    ���ζ���ĺ��ɽ������΢ĩ��ͨ��
    Ю̩ɽ�Գ�������Ҳ������ͨ���ɡ�
    ���������д���ժ��׽�£��Ǻ����ڡ�
    ���ɼ����Ǵ���ͨ�ߴ�����ţ�һ��һ�ѣ��������㡣
    ����һ����ͨ�����硣�������� ...</p>
<p>״̬:<span class="strong green">������</span> ����:18-01-29 �����½�:��һ�ٶ�ʮ�� ����������£�ȫ���� </p>
</li>
<li class="storelistbt5b">
<p><a href="http://www.80ge.info/txtxz/64551.html" target="_blank">TXT����</a></p>
<p><a rel="nofollow" href="Javascript:void(0);" onclick="javascript:vote(64551);">Ͷ�Ƽ�Ʊ</a></p>
<p><a rel="nofollow" href="Javascript:void(0);" onclick="javascript:addbookcase(64551);">�������</a></p>
</li>
</ul>
</div>
  </tr>
<tr>
<div class="storelistbt5"> 
<ul>
<li class="storelistbt5a">
<a href="http://www.80ge.info/txtxz/22958.html" target="_blank"><img src="http://img.80ge.info/22/22958/22958s.jpg" title="������ͨ"></a>
<a href="http://www.80ge.info/txtxz/22958.html" title="������ͨTXTȫ������" class="bookname" target="_blank">��������ͨ��TXT����</a><span class="bookdata">�ܵ����2581</span>
<p>���ߣ�<a href="/author/����/" target="_blank">����</a>���ࣺ��������</p>
<p> ...</p>
<p>״̬:<span class="strong green">������</span> ����:13-12-29 �����½�:�ھ�ʮ���� ʬ�� </p>
</li>
<li class="storelistbt5b">
<p><a href="http://www.80ge.info/txtxz/22958.html" target="_blank">TXT����</a></p>
<p><a rel="nofollow" href="Javascript:void(0);" onclick="javascript:vote(22958);">Ͷ�Ƽ�Ʊ</a></p>
<p><a rel="nofollow" href="Javascript:void(0);" onclick="javascript:addbookcase(22958);">�������</a></p>
</li>
</ul>
</div>
  </tr>
<tr>
<div class="storelistbt5"> 
<ul>
<li class="storelistbt5a">
<a href="http://www.80ge.info/txtxz/140303.html" target="_blank"><img src="http://img.80ge.info/140/140303/140303s.jpg" title="��ͨ����"></a>
<a href="http://www.80ge.info/txtxz/140303.html" title="��ͨ����TXTȫ������" class="bookname" target="_blank">����ͨ���ࡷTXT����</a><span class="bookdata">�ܵ����9849</span>
<p>���ߣ�<a href="/author/̫������/" target="_blank">̫������</a>���ࣺ��������</p>
<p>    ��Ǭ�����صĲ�������˺�����磬Ȼ����û������ʼ��������ħ���޲T�ش��ĺ�Ľ��ɻ춴���浹��������ߡ�    ���ᣡ    �춴��������֮�ʿ�ʼ���ᣬ��������Ǭ�������ں��˻춴��������飬��Ϊ��һ����н��ɾ���ȴû ...</p>
<p>״̬:<span class="strong green">������</span> ����:26-06-29 �����½�:����ǧ����ʮ���� ���˻�� </p>
</li>
<li class="storelistbt5b">
<p><a href="http://www.80ge.info/txtxz/140303.html" target="_blank">TXT����</a></p>
<p><a rel="nofollow" href="Javascript:void(0);" onclick="javascript:vote(140303);">Ͷ�Ƽ�Ʊ</a></p>
<p><a rel="nofollow" href="Javascript:void(0);" onclick="javascript:addbookcase(140303);">�������</a></p>
</li>
</ul>
</div>
  </tr>
<tr>
<div class="storelistbt5"> 
<ul>
<li class="storelistbt5a">
<a href="http://www.80ge.info/txtxz/202808.html" target="_blank"><img src="http://img.80ge.info/202/202808/202808s.jpg" title="��ͨ��"></a>
<a href="http://www.80ge.info/txtxz/202808.html" title="��ͨ��TXTȫ������" class="bookname" target="_blank">����ͨ����TXT����</a><span class="bookdata">�ܵ����0</span>
<p>���ߣ�<a href="/author/������/" target="_blank">������</a>���ࣺ�������</p>
<p>    �������棬�˼��ս������������ѪȾ�����֮�ڣ�˭��������˭������ת������������ب�ż�����    ��������ͨ���ѣ���Ҫ    ��������Ѫ��ɽ����Ω����������ˡ��� ...</p>
<p>״̬:<span class="strong green">������</span> ����:25-03-10 �����½�:��һ��Ե���Ķ� ������ ��i�� </p>
</li>
<li class="storelistbt5b">
<p><a href="http://www.80ge.info/txtxz/202808.html" target="_blank">TXT����</a></p>
<p><a rel="nofollow" href="Javascript:void(0);" onclick="javascript:vote(202808);">Ͷ�Ƽ�Ʊ</a></p>
<p><a rel="nofollow" href="Javascript:void(0);" onclick="javascript:addbookcase(202808);">�������</a></p>
</li>
</ul>
</div>
  </tr>
<tr>
<div class="storelistbt5"> 
<ul>
<li class="storelistbt5a">
<a href="http://www.80ge.info/txtxz/43679.html" target="_blank"><img src="http://img.80ge.info/43/43679/43679s.jpg" title="��ͨ��ש"></a>
<a href="http://www.80ge.info/txtxz/43679.html" title="��ͨ��שTXTȫ������" class="bookname" target="_blank">����ͨ��ש��TXT����</a><span class="bookdata">�ܵ����87519</span>
<p>���ߣ�<a href="/author/����/" target="_blank">����</a>���ࣺ��������</p>
<p>    �����ɵ����ӣ�������˭�����ӣ�
    ������ǰ�����Ѿ����ˣ���������㲻�ܴ�����Ұ�����ͳͳ�����������
 ...</p>
<p>״̬:<span class="strong green">������</span> ����:17-07-27 �����½�:��1289�� ����֮·�����֣� </p>
</li>
<li class="storelistbt5b">
<p><a href="http://www.80ge.info/txtxz/43679.html" target="_blank">TXT����</a></p>
<p><a rel="nofollow" href="Javascript:void(0);" onclick="javascript:vote(43679);">Ͷ�Ƽ�Ʊ</a></p>
<p><a rel="nofollow" href="Javascript:void(0);" onclick="javascript:addbookcase(43679);">�������</a></p>
</li>
</ul>
</div>
  </tr>
<tr>
<div class="storelistbt5"> 
<ul>
<li class="storelistbt5a">
<a href="http://www.80ge.info/txtxz/66434.html" target="_blank"><img src="http://img.80ge.info/66/66434/66434s.jpg" title="��ͨ����"></a>
<a href="http://www.80ge.info/txtxz/66434.html" title="��ͨ����TXTȫ������" class="bookname" target="_blank">����ͨ������TXT����</a><span class="bookdata">�ܵ����3171</span>
<p>���ߣ�<a href="/author/ո�µ�С���/" target="_blank">ո�µ�С���</a>���ࣺ��������</p>
<p>    ���۽�������������Ǭ�����Ǻӣ���ɫ���ս��أ�Ǭ���컯�����顤����
    ����֮־��Ψ�г�����
 ...</p>
<p>״̬:<span class="strong green">������</span> ����:16-11-24 �����½�:����ʮ���� �Ǽʴ����� </p>
</li>
<li class="storelistbt5b">
<p><a href="http://www.80ge.info/txtxz/66434.html" target="_blank">TXT����</a></p>
<p><a rel="nofollow" href="Javascript:void(0);" onclick="javascript:vote(66434);">Ͷ�Ƽ�Ʊ</a></p>
<p><a rel="nofollow" href="Javascript:void(0);" onclick="javascript:addbookcase(66434);">�������</a></p>
</li>
</ul>
</div>
  </tr>
<tr>
<div class="storelistbt5"> 
<ul>
<li class="storelistbt5a">
<a href="http://www.80ge.info/txtxz/18498.html" target="_blank"><img src="http://img.80ge.info/18/18498/18498s.jpg" title="����ͨ"></a>
<a href="http://www.80ge.info/txtxz/18498.html" title="����ͨTXTȫ������" class="bookname" target="_blank">������ͨ��TXT����</a><span class="bookdata">�ܵ����24322</span>
<p>���ߣ�<a href="/author/���³���/" target="_blank">���³���</a>���ࣺ��������</p>
<p>    �����߲�֪�������Գ����󣬱�ããȻ׷Ѱ���µ�����������������Ϊ�٣�������Ϊ��ǿ���������֣������Գ����磬����Ϊ��ͥ�����������ĩ��!�������죬������˵���������ƴ�֣�ֱ�������ɴ��������
    ���顶���� ...</p>
<p>״̬:<span class="strong blue">�����</span> ����:13-05-26 �����½�:��1177�� �������񣡣����֣� </p>
</li>
<li class="storelistbt5b">
<p><a href="http://www.80ge.info/txtxz/18498.html" target="_blank">TXT����</a></p>
<p><a rel="nofollow" href="Javascript:void(0);" onclick="javascript:vote(18498);">Ͷ�Ƽ�Ʊ</a></p>
<p><a rel="nofollow" href="Javascript:void(0);" onclick="javascript:addbookcase(18498);">�������</a></p>
</li>
</ul>
</div>
  </tr>
<tr>
<div class="storelistbt5"> 
<ul>
<li class="storelistbt5a">
<a href="http://www.80ge.info/txtxz/20603.html" target="_blank"><img src="http://img.80ge.info/20/20603/20603s.jpg" title="������ͨ"></a>
<a href="http://www.80ge.info/txtxz/20603.html" title="������ͨTXTȫ������" class="bookname" target="_blank">��������ͨ��TXT����</a><span class="bookdata">�ܵ����8572</span>
<p>���ߣ�<a href="/author/x����/" target="_blank">x����</a>���ࣺ��������</p>
<p>    "��ؼ���Ψ��������,"��ؼ���Ψ�������������ʥ��һ�����죬������㣬��������
    һ��΢�ĵ������������򸮵��������ƣ��������ɡ����������Ե�ɺ�֮�£��������������������ȡ�����ӳ�Ϊ���������
 ...</p>
<p>״̬:<span class="strong blue">�����</span> ����:17-07-27 �����½�:��443�� ����ʤ�� (2) </p>
</li>
<li class="storelistbt5b">
<p><a href="http://www.80ge.info/txtxz/20603.html" target="_blank">TXT����</a></p>
<p><a rel="nofollow" href="Javascript:void(0);" onclick="javascript:vote(20603);">Ͷ�Ƽ�Ʊ</a></p>
<p><a rel="nofollow" href="Javascript:void(0);" onclick="javascript:addbookcase(20603);">�������</a></p>
</li>
</ul>
</div>
  </tr>
<tr>
<div class="storelistbt5"> 
<ul>
<li class="storelistbt5a">
<a href="http://www.80ge.info/txtxz/21095.html" target="_blank"><img src="http://img.80ge.info/21/21095/21095s.jpg" title="������ͨ"></a>
<a href="http://www.80ge.info/txtxz/21095.html" title="������ͨTXTȫ������" class="bookname" target="_blank">��������ͨ��TXT����</a><span class="bookdata">�ܵ����97892</span>
<p>���ߣ�<a href="/author/�����޺�/" target="_blank">�����޺�</a>���ࣺ��������</p>
<p>    �����з�Ѫ�����������������������������ֻ�������������ʱ��������������һ��ӵ����������������������硣
    ��������û��������ȴѪ���쳣��������������޾����������ȫ������֮·����Ҫ���������������ֻ���� ...</p>
<p>״̬:<span class="strong green">������</span> ����:17-07-27 �����½�:��һ���٣� </p>
</li>
<li class="storelistbt5b">
<p><a href="http://www.80ge.info/txtxz/21095.html" target="_blank">TXT����</a></p>
<p><a rel="nofollow" href="Javascript:void(0);" onclick="javascript:vote(21095);">Ͷ�Ƽ�Ʊ</a></p>
<p><a rel="nofollow" href="Javascript:void(0);" onclick="javascript:addbookcase(21095);">�������</a></p>
</li>
</ul>
</div>
  </tr>
<tr>
<div class="storelistbt5"> 
<ul>
<li class="storelistbt5a">
<a href="http://www.80ge.info/txtxz/5230.html" target="_blank"><img src="http://img.80ge.info/5/5230/5230s.jpg" title="��ͨǬ��"></a>
<a href="http://www.80ge.info/txtxz/5230.html" title="��ͨǬ��TXTȫ������" class="bookname" target="_blank">����ͨǬ����TXT����</a><span class="bookdata">�ܵ����3534</span>
<p>���ߣ�<a href="/author/��Ƴ���/" target="_blank">��Ƴ���</a>���ࣺ�������</p>
<p>
    ������ֻΪ����������컯������������������������ҵ��֮�ࡣ

    ��֮һ;������꣬�����������ޱ���ͨ���컯Ǭ����

    ��غƵ�������Ϳ̿����һ��֮��������һ���������Ͼ��졣

    ���׷ ...</p>
<p>״̬:<span class="strong blue">�����</span> ����:13-05-26 �����½�:��ʮ���� ɱ�������֣� </p>
</li>
<li class="storelistbt5b">
<p><a href="http://www.80ge.info/txtxz/5230.html" target="_blank">TXT����</a></p>
<p><a rel="nofollow" href="Javascript:void(0);" onclick="javascript:vote(5230);">Ͷ�Ƽ�Ʊ</a></p>
<p><a rel="nofollow" href="Javascript:void(0);" onclick="javascript:addbookcase(5230);">�������</a></p>
</li>
</ul>
</div>
  </tr>
<tr>
<div class="storelistbt5"> 
<ul>
<li class="storelistbt5a">
<a href="http://www.80ge.info/txtxz/7210.html" target="_blank"><img src="http://img.80ge.info/7/7210/7210s.jpg" title="������ͨ"></a>
<a href="http://www.80ge.info/txtxz/7210.html" title="������ͨTXTȫ������" class="bookname" target="_blank">��������ͨ��TXT����</a><span class="bookdata">�ܵ����46872</span>
<p>���ߣ�<a href="/author/�̹�/" target="_blank">�̹�</a>���ࣺ�������</p>
<p>
    ���ϵ���������Ů��㣬��Ʒ�Ӵ�һ��������ʰ���������þ������ң�С��ð����ﲨ������������Ȩ���ӣ����ֻ�÷�������
    ��Ȼ��Σ�������������ţ�������
 ...</p>
<p>״̬:<span class="strong blue">�����</span> ����:13-05-26 �����½�:��1364�� ���.����� </p>
</li>
<li class="storelistbt5b">
<p><a href="http://www.80ge.info/txtxz/7210.html" target="_blank">TXT����</a></p>
<p><a rel="nofollow" href="Javascript:void(0);" onclick="javascript:vote(7210);">Ͷ�Ƽ�Ʊ</a></p>
<p><a rel="nofollow" href="Javascript:void(0);" onclick="javascript:addbookcase(7210);">�������</a></p>
</li>
</ul>
</div>
  </tr>
<tr>
<div class="storelistbt5"> 
<ul>
<li class="storelistbt5a">
<a href="http://www.80ge.info/txtxz/70687.html" target="_blank"><img src="http://img.80ge.info/70/70687/70687s.jpg" title="��ͨ����"></a>
<a href="http://www.80ge.info/txtxz/70687.html" title="��ͨ����TXTȫ������" class="bookname" target="_blank">����ͨ���ࡷTXT����</a><span class="bookdata">�ܵ����1650</span>
<p>���ߣ�<a href="/author/��֦��/" target="_blank">��֦��</a>���ࣺ�ֲ����</p>
<p>    ����̫һ�������ھ���֮�ϣ�����˪����������ۡ��������Ե�����֮ʱ��һȺ�Գ���ħ��������壬��Ȼ����½����ʱ��������ưԵ��˵�ʢ��......
 ...</p>
<p>״̬:<span class="strong green">������</span> ����:17-04-04 �����½�:����ʮһ�� ʤ�� </p>
</li>
<li class="storelistbt5b">
<p><a href="http://www.80ge.info/txtxz/70687.html" target="_blank">TXT����</a></p>
<p><a rel="nofollow" href="Javascript:void(0);" onclick="javascript:vote(70687);">Ͷ�Ƽ�Ʊ</a></p>
<p><a rel="nofollow" href="Javascript:void(0);" onclick="javascript:addbookcase(70687);">�������</a></p>
</li>
</ul>
</div>
  </tr>
<tr>
<div class="storelistbt5"> 
<ul>
<li class="storelistbt5a">
<a href="http://www.80ge.info/txtxz/50925.html" target="_blank"><img src="http://img.80ge.info/50/50925/50925s.jpg" title="��ͨ�齱��"></a>
<a href="http://www.80ge.info/txtxz/50925.html" title="��ͨ�齱��TXTȫ������" class="bookname" target="_blank">����ͨ�齱�̡�TXT����</a><span class="bookdata">�ܵ����19060</span>
<p>���ߣ�<a href="/author/��ʯ/" target="_blank">��ʯ</a>���ࣺ��ƪ�ۺ�</p>
<p>    ��ͨ�齱�������½��У�С˵����ͨ�齱�̡���ʯ/��,��ͨ�齱��ȫ���Ķ�    �����鵤��ҩ�����淨��������������������ͨ�齱�̣���ǧ��ͨ���ҳ�ȡ!
    �����ͨ����������ı��ϣ�
    �����ͨ���������Ե�ǰ ...</p>
<p>״̬:<span class="strong green">������</span> ����:17-07-27 �����½�:���顶��ԽЯ��Ǭ���������� </p>
</li>
<li class="storelistbt5b">
<p><a href="http://www.80ge.info/txtxz/50925.html" target="_blank">TXT����</a></p>
<p><a rel="nofollow" href="Javascript:void(0);" onclick="javascript:vote(50925);">Ͷ�Ƽ�Ʊ</a></p>
<p><a rel="nofollow" href="Javascript:void(0);" onclick="javascript:addbookcase(50925);">�������</a></p>
</li>
</ul>
</div>
  </tr>
<tr>
<div class="storelistbt5"> 
<ul>
<li class="storelistbt5a">
<a href="http://www.80ge.info/txtxz/4825.html" target="_blank"><img src="http://img.80ge.info/4/4825/4825s.jpg" title="��ͨ���"></a>
<a href="http://www.80ge.info/txtxz/4825.html" title="��ͨ���TXTȫ������" class="bookname" target="_blank">����ͨ�����TXT����</a><span class="bookdata">�ܵ����7511</span>
<p>���ߣ�<a href="/author/���ὣ/" target="_blank">���ὣ</a>���ࣺ��������</p>
<p>    ��һ���Ļ�ɽ�ɡ�
    ��һ���������ˡ�
    �������������鶯�����ҡ����......
    ������Ĳ��ǡ�Ц�����������磡
    ��һ�����������һ��Ľ�����
    ��������ḻ��ʶ��������ڴ����� ...</p>
<p>״̬:<span class="strong blue">�����</span> ����:13-05-29 �����½�:���������� �������������֣� </p>
</li>
<li class="storelistbt5b">
<p><a href="http://www.80ge.info/txtxz/4825.html" target="_blank">TXT����</a></p>
<p><a rel="nofollow" href="Javascript:void(0);" onclick="javascript:vote(4825);">Ͷ�Ƽ�Ʊ</a></p>
<p><a rel="nofollow" href="Javascript:void(0);" onclick="javascript:addbookcase(4825);">�������</a></p>
</li>
</ul>
</div>
  </tr>
<tr>
<div class="storelistbt5"> 
<ul>
<li class="storelistbt5a">
<a href="http://www.80ge.info/txtxz/88897.html" target="_blank"><img src="http://img.80ge.info/88/88897/88897s.jpg" title="����ͨ��"></a>
<a href="http://www.80ge.info/txtxz/88897.html" title="����ͨ��TXTȫ������" class="bookname" target="_blank">������ͨ����TXT����</a><span class="bookdata">�ܵ����47680</span>
<p>���ߣ�<a href="/author/������/" target="_blank">������</a>���ࣺ�������</p>
<p>    [���˰�]    һ����Ƴ����    �������ľ���ء�    �������������⣬    ��������Ц���    ���;�������ģ�ִ��ӡ���������죬�ݺ���ǧ���磬�ⳤ��֮·��������һ����    [Ⱥ���]     ...</p>
<p>״̬:<span class="strong green">������</span> ����:24-04-23 �����½�:��1754�� �����ƽ��ս��� </p>
</li>
<li class="storelistbt5b">
<p><a href="http://www.80ge.info/txtxz/88897.html" target="_blank">TXT����</a></p>
<p><a rel="nofollow" href="Javascript:void(0);" onclick="javascript:vote(88897);">Ͷ�Ƽ�Ʊ</a></p>
<p><a rel="nofollow" href="Javascript:void(0);" onclick="javascript:addbookcase(88897);">�������</a></p>
</li>
</ul>
</div>
  </tr>
<tr>
<div class="storelistbt5"> 
<ul>
<li class="storelistbt5a">
<a href="http://www.80ge.info/txtxz/104287.html" target="_blank"><img src="http://img.80ge.info/104/104287/104287s.jpg" title="����ͨ��"></a>
<a href="http://www.80ge.info/txtxz/104287.html" title="����ͨ��TXTȫ������" class="bookname" target="_blank">������ͨ�졷TXT����</a><span class="bookdata">�ܵ����1073</span>
<p>���ߣ�<a href="/author/΢��������/" target="_blank">΢��������</a>���ࣺ�������</p>
<p>    ͳ��ħ�������У����������ʱ�ա�һ���������񣬳е��������ѡ� ...</p>
<p>״̬:<span class="strong green">������</span> ����:20-01-04 �����½�:�ڶ��ٶ�ʮ����  �������񾫴⣡ </p>
</li>
<li class="storelistbt5b">
<p><a href="http://www.80ge.info/txtxz/104287.html" target="_blank">TXT����</a></p>
<p><a rel="nofollow" href="Javascript:void(0);" onclick="javascript:vote(104287);">Ͷ�Ƽ�Ʊ</a></p>
<p><a rel="nofollow" href="Javascript:void(0);" onclick="javascript:addbookcase(104287);">�������</a></p>
</li>
</ul>
</div>
  </tr>
<tr>
<div class="storelistbt5"> 
<ul>
<li class="storelistbt5a">
<a href="http://www.80ge.info/txtxz/107290.html" target="_blank"><img src="http://img.80ge.info/107/107290/107290s.jpg" title="��֮ͨ��"></a>
<a href="http://www.80ge.info/txtxz/107290.html" title="��֮ͨ��TXTȫ������" class="bookname" target="_blank">����֮ͨ�١�TXT����</a><span class="bookdata">�ܵ����1730</span>
<p>���ߣ�<a href="/author/īͫ����/" target="_blank">īͫ����</a>���ࣺ�������</p>
<p>    ��֮ͨ�٣�����֮����һλС��֮�е�̫�ӣ�һλ����������һλλ�ʻ���Ѫ�������ǿ���������ǰ�����ǵ�ѡ���ǣ�    ������������������֮���ޣ��ҿ�������ƣ��ҽ������һλС��̫�ӣ����Ǽ����Ժ��ҷ�����Ҫ��һ�в� ...</p>
<p>״̬:<span class="strong green">������</span> ����:21-07-02 �����½�:��һ�ٰ�ʮ�� ���Ľ�� </p>
</li>
<li class="storelistbt5b">
<p><a href="http://www.80ge.info/txtxz/107290.html" target="_blank">TXT����</a></p>
<p><a rel="nofollow" href="Javascript:void(0);" onclick="javascript:vote(107290);">Ͷ�Ƽ�Ʊ</a></p>
<p><a rel="nofollow" href="Javascript:void(0);" onclick="javascript:addbookcase(107290);">�������</a></p>
</li>
</ul>
</div>
  </tr>
<tr>
<div class="storelistbt5"> 
<ul>
<li class="storelistbt5a">
<a href="http://www.80ge.info/txtxz/70625.html" target="_blank"><img src="http://img.80ge.info/70/70625/70625s.jpg" title="�޵д���ͨ"></a>
<a href="http://www.80ge.info/txtxz/70625.html" title="�޵д���ͨTXTȫ������" class="bookname" target="_blank">���޵д���ͨ��TXT����</a><span class="bookdata">�ܵ����3019</span>
<p>���ߣ�<a href="/author/��������/" target="_blank">��������</a>���ࣺ��������</p>
<p>    ����������������Ϊͨ����޵У��ݵó�����ң��������ͨ����Ȼ������һ���������꣬��Ѫ��������޵д���ͨ����ɨ����Ĺ��£�
 ...</p>
<p>״̬:<span class="strong green">������</span> ����:17-03-07 �����½�:088�� ���ư� </p>
</li>
<li class="storelistbt5b">
<p><a href="http://www.80ge.info/txtxz/70625.html" target="_blank">TXT����</a></p>
<p><a rel="nofollow" href="Javascript:void(0);" onclick="javascript:vote(70625);">Ͷ�Ƽ�Ʊ</a></p>
<p><a rel="nofollow" href="Javascript:void(0);" onclick="javascript:addbookcase(70625);">�������</a></p>
</li>
</ul>
</div>
  </tr>
<tr>
<div class="storelistbt5"> 
<ul>
<li class="storelistbt5a">
<a href="http://www.80ge.info/txtxz/150286.html" target="_blank"><img src="http://img.80ge.info/150/150286/150286s.jpg" title="����������ͨ"></a>
<a href="http://www.80ge.info/txtxz/150286.html" title="����������ͨTXTȫ������" class="bookname" target="_blank">������������ͨ��TXT����</a><span class="bookdata">�ܵ����655</span>
<p>���ߣ�<a href="/author/�賿������/" target="_blank">�賿������</a>���ࣺ�ƻ�δ��</p>
<p>    ��ͨΪ�ǣ������ѣ�������ս����    �ҽ����𣬸����ǣ��������漣��    ���ԣ��Ҵӱ��������ѣ���ò���������ͨ��    &nb......sp;��ͨ����ÿ��һ�Σ����ַ�һλ�������ˣ�    ������׷ɱ�ǳ�̬ ...</p>
<p>״̬:<span class="strong green">������</span> ����:21-12-03 �����½�:��46��  ��� </p>
</li>
<li class="storelistbt5b">
<p><a href="http://www.80ge.info/txtxz/150286.html" target="_blank">TXT����</a></p>
<p><a rel="nofollow" href="Javascript:void(0);" onclick="javascript:vote(150286);">Ͷ�Ƽ�Ʊ</a></p>
<p><a rel="nofollow" href="Javascript:void(0);" onclick="javascript:addbookcase(150286);">�������</a></p>
</li>
</ul>
</div>
  </tr>
<tr>
<div class="storelistbt5"> 
<ul>
<li class="storelistbt5a">
<a href="http://www.80ge.info/txtxz/76738.html" target="_blank"><img src="http://img.80ge.info/76/76738/76738s.jpg" title="��ͨ����"></a>
<a href="http://www.80ge.info/txtxz/76738.html" title="��ͨ����TXTȫ������" class="bookname" target="_blank">����ͨ������TXT����</a><span class="bookdata">�ܵ����50992</span>
<p>���ߣ�<a href="/author/СɮտȻ/" target="_blank">СɮտȻ</a>���ࣺ��������</p>
<p>    �˰���ǰ��������Ϊ�����ɣ��趫��֮ˮ�������ɽ��˭Ҳû��ע�⣬̤�������Ļ���ʮ��ֻ�з�����У���һֻ���ҵõ���̤������֮·��    �˰���䣬���Ԫ��˥΢���������ݣ��������������ɲ���������ϧ����������ʮ�ɺ쳾�� ...</p>
<p>״̬:<span class="strong green">������</span> ����:20-03-12 �����½�:���顶�����̽�ն���졷���ߣ� </p>
</li>
<li class="storelistbt5b">
<p><a href="http://www.80ge.info/txtxz/76738.html" target="_blank">TXT����</a></p>
<p><a rel="nofollow" href="Javascript:void(0);" onclick="javascript:vote(76738);">Ͷ�Ƽ�Ʊ</a></p>
<p><a rel="nofollow" href="Javascript:void(0);" onclick="javascript:addbookcase(76738);">�������</a></p>
</li>
</ul>
</div>
  </tr>
<tr>
<div class="storelistbt5"> 
<ul>
<li class="storelistbt5a">
<a href="http://www.80ge.info/txtxz/208597.html" target="_blank"><img src="http://img.80ge.info/208/208597/208597s.jpg" title="����֮ͨ��"></a>
<a href="http://www.80ge.info/txtxz/208597.html" title="����֮ͨ��TXTȫ������" class="bookname" target="_blank">������֮ͨ����TXT����</a><span class="bookdata">�ܵ����0</span>
<p>���ߣ�<a href="/author/����Ϻ��/" target="_blank">����Ϻ��</a>���ࣺ��������</p>
<p>    ũ��3230����ֱ䱬����������������λ�õ��䣬���ݳ�Ϊ������������ء�    3255�꣬���½�����ڽ��ܵ��顣    ������˵�����������ĳ����ߣ�����Ȩ�����ҡ��� ...</p>
<p>״̬:<span class="strong green">������</span> ����:26-08-14 �����½�:��636���Ͼ����Ұ�� </p>
</li>
<li class="storelistbt5b">
<p><a href="http://www.80ge.info/txtxz/208597.html" target="_blank">TXT����</a></p>
<p><a rel="nofollow" href="Javascript:void(0);" onclick="javascript:vote(208597);">Ͷ�Ƽ�Ʊ</a></p>
<p><a rel="nofollow" href="Javascript:void(0);" onclick="javascript:addbookcase(208597);">�������</a></p>
</li>
</ul>
</div>
  </tr>
<tr>
<div class="storelistbt5"> 
<ul>
<li class="storelistbt5a">
<a href="http://www.80ge.info/txtxz/82535.html" target="_blank"><img src="http://img.80ge.info/82/82535/82535s.jpg" title="��������ͨ��"></a>
<a href="http://www.80ge.info/txtxz/82535.html" title="��������ͨ��TXTȫ������" class="bookname" target="_blank">����������ͨ����TXT����</a><span class="bookdata">�ܵ����2085</span>
<p>���ߣ�<a href="/author/��ʯ�ɽ�/" target="_blank">��ʯ�ɽ�</a>���ࣺ���л���</p>
<p>    &#12288;&#12288;�����ɹ��������õ�ǰ�Ŀ��н�ħ����չ�������뷲Ů�ζ���ʶ���˼��һ�����������������а�����ħ��Ϊ�˽���ζ������о綾����ӥ��¥�ޣ����Ǳ�һ̤ͬ����ǰ��ɫ���������ó̡�    & ...</p>
<p>״̬:<span class="strong green">������</span> ����:19-05-15 �����½�:��һ�ٶ�ʮ�� ����֮�� </p>
</li>
<li class="storelistbt5b">
<p><a href="http://www.80ge.info/txtxz/82535.html" target="_blank">TXT����</a></p>
<p><a rel="nofollow" href="Javascript:void(0);" onclick="javascript:vote(82535);">Ͷ�Ƽ�Ʊ</a></p>
<p><a rel="nofollow" href="Javascript:void(0);" onclick="javascript:addbookcase(82535);">�������</a></p>
</li>
</ul>
</div>
  </tr>
<tr>
<div class="storelistbt5"> 
<ul>
<li class="storelistbt5a">
<a href="http://www.80ge.info/txtxz/95655.html" target="_blank"><img src="http://img.80ge.info/95/95655/95655s.jpg" title="����������ͨ"></a>
<a href="http://www.80ge.info/txtxz/95655.html" title="����������ͨTXTȫ������" class="bookname" target="_blank">������������ͨ��TXT����</a><span class="bookdata">�ܵ����1911</span>
<p>���ߣ�<a href="/author/��ľ��/" target="_blank">��ľ��</a>���ࣺ��������</p>
<p>    ����ȡ������ͨ�����츳��    һ����ħ�Ĺ�����������ת����������ͨ���顣    �����������+10��ɣ�����Ϊ�ͽ���ͨ���֮�塣    ���ĵͽ���ͨ���֮��+100��ɣ�����Ϊ�н���ͨ���������    �������� ...</p>
<p>״̬:<span class="strong green">������</span> ����:19-05-17 �����½�:�ھ�ʮ���� ��Ǹ�� </p>
</li>
<li class="storelistbt5b">
<p><a href="http://www.80ge.info/txtxz/95655.html" target="_blank">TXT����</a></p>
<p><a rel="nofollow" href="Javascript:void(0);" onclick="javascript:vote(95655);">Ͷ�Ƽ�Ʊ</a></p>
<p><a rel="nofollow" href="Javascript:void(0);" onclick="javascript:addbookcase(95655);">�������</a></p>
</li>
</ul>
</div>
  </tr>
<tr>
<div class="storelistbt5"> 
<ul>
<li class="storelistbt5a">
<a href="http://www.80ge.info/txtxz/74745.html" target="_blank"><img src="http://img.80ge.info/74/74745/74745s.jpg" title="������ͨ·"></a>
<a href="http://www.80ge.info/txtxz/74745.html" title="������ͨ·TXTȫ������" class="bookname" target="_blank">��������ͨ·��TXT����</a><span class="bookdata">�ܵ����26022</span>
<p>���ߣ�<a href="/author/�Ժ�/" target="_blank">�Ժ�</a>���ࣺ�������</p>
<p>    ��ֵ�������֮ʱ�����̤������·���������������֮���� ...</p>
<p>״̬:<span class="strong green">������</span> ����:18-06-26 �����½�:���顶�񻰿��������ϴ������ղأ����Ƽ���  </p>
</li>
<li class="storelistbt5b">
<p><a href="http://www.80ge.info/txtxz/74745.html" target="_blank">TXT����</a></p>
<p><a rel="nofollow" href="Javascript:void(0);" onclick="javascript:vote(74745);">Ͷ�Ƽ�Ʊ</a></p>
<p><a rel="nofollow" href="Javascript:void(0);" onclick="javascript:addbookcase(74745);">�������</a></p>
</li>
</ul>
</div>
  </tr>
<tr>
<div class="storelistbt5"> 
<ul>
<li class="storelistbt5a">
<a href="http://www.80ge.info/txtxz/75051.html" target="_blank"><img src="http://img.80ge.info/75/75051/75051s.jpg" title="���ǹ���ͨ"></a>
<a href="http://www.80ge.info/txtxz/75051.html" title="���ǹ���ͨTXTȫ������" class="bookname" target="_blank">�����ǹ���ͨ��TXT����</a><span class="bookdata">�ܵ����4375</span>
<p>���ߣ�<a href="/author/ˮ���ȷ�/" target="_blank">ˮ���ȷ�</a>���ࣺ�ֲ����</p>
<p>    ʧ��û��ϵ������ɢɢ�ģ�˵�����������أ�    ̰��û��ϵ���Գ��ɿ�����˵�������ͨ�����أ�    ƽ��Ҳû��ϵ������ô֪�����û����ħ����أ�    ����һ�����ɵ�������£������в��ŵ�����ħʦ�����Ը�ٱ��Ů ...</p>
<p>״̬:<span class="strong green">������</span> ����:18-03-22 �����½�:��0-0�� �辡�����ڣ��˻���δ�� </p>
</li>
<li class="storelistbt5b">
<p><a href="http://www.80ge.info/txtxz/75051.html" target="_blank">TXT����</a></p>
<p><a rel="nofollow" href="Javascript:void(0);" onclick="javascript:vote(75051);">Ͷ�Ƽ�Ʊ</a></p>
<p><a rel="nofollow" href="Javascript:void(0);" onclick="javascript:addbookcase(75051);">�������</a></p>
</li>
</ul>
</div>
  </tr>
<tr>
<div class="storelistbt5"> 
<ul>
<li class="storelistbt5a">
<a href="http://www.80ge.info/txtxz/135703.html" target="_blank"><img src="http://img.80ge.info/135/135703/135703s.jpg" title="ľҶ֮��ͨ�޵�"></a>
<a href="http://www.80ge.info/txtxz/135703.html" title="ľҶ֮��ͨ�޵�TXTȫ������" class="bookname" target="_blank">��ľҶ֮��ͨ�޵С�TXT����</a><span class="bookdata">�ܵ����6439</span>
<p>���ߣ�<a href="/author/����С��/" target="_blank">����С��</a>���ࣺ������Ϸ</p>
<p>    һҳ�����飬��ǧ��ͨ�����ؿձ�һҳ��������Я����Խ��Ӱ��ֻ��ʹ������о���������ȴ�����ʱ���ĺ�����    ��ֹˮ�������ô�����ô���������Ǹ�ƭ�ӡ���    ��С�����㻹С���Դ���û������ȫ��������ô����ô�� ...</p>
<p>״̬:<span class="strong green">������</span> ����:24-03-11 �����½�:���顶���죺����һ����o��������� </p>
</li>
<li class="storelistbt5b">
<p><a href="http://www.80ge.info/txtxz/135703.html" target="_blank">TXT����</a></p>
<p><a rel="nofollow" href="Javascript:void(0);" onclick="javascript:vote(135703);">Ͷ�Ƽ�Ʊ</a></p>
<p><a rel="nofollow" href="Javascript:void(0);" onclick="javascript:addbookcase(135703);">�������</a></p>
</li>
</ul>
</div>
  </tr>
<tr>
<div class="storelistbt5"> 
<ul>
<li class="storelistbt5a">
<a href="http://www.80ge.info/txtxz/119374.html" target="_blank"><img src="http://img.80ge.info/119/119374/119374s.jpg" title="��֮ͨ���˾�"></a>
<a href="http://www.80ge.info/txtxz/119374.html" title="��֮ͨ���˾�TXTȫ������" class="bookname" target="_blank">����֮ͨ���˾��TXT����</a><span class="bookdata">�ܵ����345</span>
<p>���ߣ�<a href="/author/���ҵ���/" target="_blank">���ҵ���</a>���ࣺ��������</p>
<p>    ̽·������;������˭���ȷ� ...</p>
<p>״̬:<span class="strong green">������</span> ����:20-06-25 �����½�:���޳� </p>
</li>
<li class="storelistbt5b">
<p><a href="http://www.80ge.info/txtxz/119374.html" target="_blank">TXT����</a></p>
<p><a rel="nofollow" href="Javascript:void(0);" onclick="javascript:vote(119374);">Ͷ�Ƽ�Ʊ</a></p>
<p><a rel="nofollow" href="Javascript:void(0);" onclick="javascript:addbookcase(119374);">�������</a></p>
</li>
</ul>
</div>
  </tr>
<tr>
<div class="storelistbt5"> 
<ul>
<li class="storelistbt5a">
<a href="http://www.80ge.info/txtxz/66617.html" target="_blank"><img src="http://img.80ge.info/66/66617/66617s.jpg" title="ά��֮��ͨ�ݻ�"></a>
<a href="http://www.80ge.info/txtxz/66617.html" title="ά��֮��ͨ�ݻ�TXTȫ������" class="bookname" target="_blank">��ά��֮��ͨ�ݻ���TXT����</a><span class="bookdata">�ܵ����4905</span>
<p>���ߣ�<a href="/author/��֪��/" target="_blank">��֪��</a>���ࣺ�ֲ����</p>
<p>    һ��ӵ�и�������������ĳ����ߣ����������޾�ά������Ĵ�˵��
    ����--������ƣ�Ӱ��--������ߣ��������--������ƣ�����--���Σ�����--�Գ����棬Ԫ�ؿ���--Ԫ�ػ������ǿ����--����֮����ռ俪�� ...</p>
<p>״̬:<span class="strong green">������</span> ����:19-04-12 �����½�:���顶���������� </p>
</li>
<li class="storelistbt5b">
<p><a href="http://www.80ge.info/txtxz/66617.html" target="_blank">TXT����</a></p>
<p><a rel="nofollow" href="Javascript:void(0);" onclick="javascript:vote(66617);">Ͷ�Ƽ�Ʊ</a></p>
<p><a rel="nofollow" href="Javascript:void(0);" onclick="javascript:addbookcase(66617);">�������</a></p>
</li>
</ul>
</div>
  </tr>
<tr>
<div class="storelistbt5"> 
<ul>
<li class="storelistbt5a">
<a href="http://www.80ge.info/txtxz/8598.html" target="_blank"><img src="http://img.80ge.info/8/8598/8598s.jpg" title="��Ʒ��ͨ"></a>
<a href="http://www.80ge.info/txtxz/8598.html" title="��Ʒ��ͨTXTȫ������" class="bookname" target="_blank">����Ʒ��ͨ��TXT����</a><span class="bookdata">�ܵ����10189</span>
<p>���ߣ�<a href="/author/��ɬ���𿧷�/" target="_blank">��ɬ���𿧷�</a>���ࣺ��������</p>
<p>    �ұ�����һ���ˣ�
    �����������ɳ���
    ��ͨ����Դ���ġ�
    ��ң��Ϸ��Ѱ�棡
    ��Խ�ˣ���Խ���������磬��������ԡ���ͨ��Ϊ����Ц����磡
    �����ǿ��ȵ�����С˵�����Ҷ��֧�֣��� ...</p>
<p>״̬:<span class="strong blue">�����</span> ����:13-05-26 �����½�:��������ʮ�� �ع飨���֣� </p>
</li>
<li class="storelistbt5b">
<p><a href="http://www.80ge.info/txtxz/8598.html" target="_blank">TXT����</a></p>
<p><a rel="nofollow" href="Javascript:void(0);" onclick="javascript:vote(8598);">Ͷ�Ƽ�Ʊ</a></p>
<p><a rel="nofollow" href="Javascript:void(0);" onclick="javascript:addbookcase(8598);">�������</a></p>
</li>
</ul>
</div>
  </tr>
<tr>
<div class="storelistbt5"> 
<ul>
<li class="storelistbt5a">
<a href="http://www.80ge.info/txtxz/140213.html" target="_blank"><img src="http://img.80ge.info/140/140213/140213s.jpg" title="����ǩ�������ͨ"></a>
<a href="http://www.80ge.info/txtxz/140213.html" title="����ǩ�������ͨTXTȫ������" class="bookname" target="_blank">������ǩ�������ͨ��TXT����</a><span class="bookdata">�ܵ����17707</span>
<p>���ߣ�<a href="/author/����Ʈ��/" target="_blank">����Ʈ��</a>���ࣺ��������</p>
<p>    ��Խ���������Եĺ�����磬Ҷ�������������ɽ����ΪѲɽ�ˡ�    ͬʱ���ǩ��ϵͳ��ֻҪ�ڲ�ͬ�ĵط�ǩ�����ͻ��ø��ֽ�����    ��Ů�����ǩ������ô����ͨ��������桿�������ش�������������    ��̫�� ...</p>
<p>״̬:<span class="strong green">������</span> ����:22-01-17 �����½�:��225�£�ʥ��֮������������� </p>
</li>
<li class="storelistbt5b">
<p><a href="http://www.80ge.info/txtxz/140213.html" target="_blank">TXT����</a></p>
<p><a rel="nofollow" href="Javascript:void(0);" onclick="javascript:vote(140213);">Ͷ�Ƽ�Ʊ</a></p>
<p><a rel="nofollow" href="Javascript:void(0);" onclick="javascript:addbookcase(140213);">�������</a></p>
</li>
</ul>
</div>
  </tr>
<tr>
<div class="storelistbt5"> 
<ul>
<li class="storelistbt5a">
<a href="http://www.80ge.info/txtxz/202826.html" target="_blank"><img src="http://img.80ge.info/202/202826/202826s.jpg" title="��������ͨ�ɣ�"></a>
<a href="http://www.80ge.info/txtxz/202826.html" title="��������ͨ�ɣ�TXTȫ������" class="bookname" target="_blank">����������ͨ�ɣ���TXT����</a><span class="bookdata">�ܵ����0</span>
<p>���ߣ�<a href="/author/����/" target="_blank">����</a>���ࣺ�������</p>
<p>    ���������ס������ؼ䱾��ʮ���˵������У����������߷��䣬����һ�ֶ�Ǭ����    ��������10����3+7+1�����ף������ڣ��������ﲻ̫��Ѽ���� ...</p>
<p>״̬:<span class="strong green">������</span> ����:26-08-12 �����½�:���İ���ʮ���� ��ͷƤ���顿 </p>
</li>
<li class="storelistbt5b">
<p><a href="http://www.80ge.info/txtxz/202826.html" target="_blank">TXT����</a></p>
<p><a rel="nofollow" href="Javascript:void(0);" onclick="javascript:vote(202826);">Ͷ�Ƽ�Ʊ</a></p>
<p><a rel="nofollow" href="Javascript:void(0);" onclick="javascript:addbookcase(202826);">�������</a></p>
</li>
</ul>
</div>
  </tr>
<tr>
<div class="storelistbt5"> 
<ul>
<li class="storelistbt5a">
<a href="http://www.80ge.info/txtxz/195041.html" target="_blank"><img src="http://img.80ge.info/195/195041/195041s.jpg" title="���ܼӳ���ǧ��ͨ"></a>
<a href="http://www.80ge.info/txtxz/195041.html" title="���ܼӳ���ǧ��ͨTXTȫ������" class="bookname" target="_blank">�����ܼӳ���ǧ��ͨ��TXT����</a><span class="bookdata">�ܵ����0</span>
<p>���ߣ�<a href="/author/����̫ƽ��/" target="_blank">����̫ƽ��</a>���ࣺ�������</p>
<p>    ���������������ء���������ǿʳ�����ߺ��аԵ���������������Զ��Σ��֮�ʾ�����ϵͳ��    ������ھ��ϣ��ӳ�ʮ�����ٱ������������������������룬�ӳֳ������߼���������ͨ��������������������������ǧ�������� ...</p>
<p>״̬:<span class="strong green">������</span> ����:25-08-04 �����½�:�����ѷ��� </p>
</li>
<li class="storelistbt5b">
<p><a href="http://www.80ge.info/txtxz/195041.html" target="_blank">TXT����</a></p>
<p><a rel="nofollow" href="Javascript:void(0);" onclick="javascript:vote(195041);">Ͷ�Ƽ�Ʊ</a></p>
<p><a rel="nofollow" href="Javascript:void(0);" onclick="javascript:addbookcase(195041);">�������</a></p>
</li>
</ul>
</div>
  </tr>
<tr>
<div class="storelistbt5"> 
<ul>
<li class="storelistbt5a">
<a href="http://www.80ge.info/txtxz/19583.html" target="_blank"><img src="http://img.80ge.info/19/19583/19583s.jpg" title="�ҵ���ͨ�м���"></a>
<a href="http://www.80ge.info/txtxz/19583.html" title="�ҵ���ͨ�м���TXTȫ������" class="bookname" target="_blank">���ҵ���ͨ�м�����TXT����</a><span class="bookdata">�ܵ����10222</span>
<p>���ߣ�<a href="/author/����׺�/" target="_blank">����׺�</a>���ࣺ�������</p>
<p>    ��������һ����ͨ������ͨ�ķ�����ͨ���������֣�����С֮��ȴ�����޿��ܡ�    ���м�����ʹ����ͨ�ļ����� ...</p>
<p>״̬:<span class="strong green">������</span> ����:21-08-30 �����½�:����ʮ���� ��� </p>
</li>
<li class="storelistbt5b">
<p><a href="http://www.80ge.info/txtxz/19583.html" target="_blank">TXT����</a></p>
<p><a rel="nofollow" href="Javascript:void(0);" onclick="javascript:vote(19583);">Ͷ�Ƽ�Ʊ</a></p>
<p><a rel="nofollow" href="Javascript:void(0);" onclick="javascript:addbookcase(19583);">�������</a></p>
</li>
</ul>
</div>
  </tr>
<tr>
<div class="storelistbt5"> 
<ul>
<li class="storelistbt5a">
<a href="http://www.80ge.info/txtxz/100163.html" target="_blank"><img src="http://img.80ge.info/100/100163/100163s.jpg" title="�ҵ���ͨȫ����"></a>
<a href="http://www.80ge.info/txtxz/100163.html" title="�ҵ���ͨȫ����TXTȫ������" class="bookname" target="_blank">���ҵ���ͨȫ����TXT����</a><span class="bookdata">�ܵ����7415</span>
<p>���ߣ�<a href="/author/����/" target="_blank">����</a>���ࣺ�������</p>
<p>    ����ϲ�����񵽼�Ʒ��������츳����10000�㡣������ϲ�����񵽲�ȱ�Ϲ����׾��Ͼ����Ʒ����    ����ϵͳ������ʾ�����������񱦵������е�ǫѷ����վ����װ�Ƶ�������ĺ����ţ�    ����ҹ��Խ�������磬�����۾� ...</p>
<p>״̬:<span class="strong green">������</span> ����:19-09-30 �����½�:��226�� �Լ��ɻ����� </p>
</li>
<li class="storelistbt5b">
<p><a href="http://www.80ge.info/txtxz/100163.html" target="_blank">TXT����</a></p>
<p><a rel="nofollow" href="Javascript:void(0);" onclick="javascript:vote(100163);">Ͷ�Ƽ�Ʊ</a></p>
<p><a rel="nofollow" href="Javascript:void(0);" onclick="javascript:addbookcase(100163);">�������</a></p>
</li>
</ul>
</div>
  </tr>
<tr>
<div class="storelistbt5"> 
<ul>
<li class="storelistbt5a">
<a href="http://www.80ge.info/txtxz/105676.html" target="_blank"><img src="http://img.80ge.info/105/105676/105676s.jpg" title="��ʥ��������ͨ��"></a>
<a href="http://www.80ge.info/txtxz/105676.html" title="��ʥ��������ͨ��TXTȫ������" class="bookname" target="_blank">����ʥ��������ͨ�ɡ�TXT����</a><span class="bookdata">�ܵ����765</span>
<p>���ߣ�<a href="/author/��Ҷ���»�/" target="_blank">��Ҷ���»�</a>���ࣺ�������</p>
<p>    �γ�һ�������������Լ���Խ�ˡ�    ����ֻǿ�������Χ�����ң��׷׾�η�ĳƺ���Ϊ������    ��������ռɽΪ���������Ż���������ܹ�·��ʿ���ַ�����Ҫ�����ܱ������Ĺ���һ����˵��ûʲô���³��ġ�    ���� ...</p>
<p>״̬:<span class="strong green">������</span> ����:19-11-21 �����½�:����ʮ�� Ե����� </p>
</li>
<li class="storelistbt5b">
<p><a href="http://www.80ge.info/txtxz/105676.html" target="_blank">TXT����</a></p>
<p><a rel="nofollow" href="Javascript:void(0);" onclick="javascript:vote(105676);">Ͷ�Ƽ�Ʊ</a></p>
<p><a rel="nofollow" href="Javascript:void(0);" onclick="javascript:addbookcase(105676);">�������</a></p>
</li>
</ul>
</div>
  </tr>
<tr>
<div class="storelistbt5"> 
<ul>
<li class="storelistbt5a">
<a href="http://www.80ge.info/txtxz/127582.html" target="_blank"><img src="http://img.80ge.info/127/127582/127582s.jpg" title="�����ͨ������"></a>
<a href="http://www.80ge.info/txtxz/127582.html" title="�����ͨ������TXTȫ������" class="bookname" target="_blank">�������ͨ�����졷TXT����</a><span class="bookdata">�ܵ����10660</span>
<p>���ߣ�<a href="/author/��ʷ��/" target="_blank">��ʷ��</a>���ࣺ�������</p>
<p>    ����֮�У��춨���ϻ���������磬�������Ϸ���������·�ϣ����������˵���������죬���������������ͨ����������� ...</p>
<p>״̬:<span class="strong green">������</span> ����:22-10-06 �����½�:�ڰ˰���ʮ���� ����(��) </p>
</li>
<li class="storelistbt5b">
<p><a href="http://www.80ge.info/txtxz/127582.html" target="_blank">TXT����</a></p>
<p><a rel="nofollow" href="Javascript:void(0);" onclick="javascript:vote(127582);">Ͷ�Ƽ�Ʊ</a></p>
<p><a rel="nofollow" href="Javascript:void(0);" onclick="javascript:addbookcase(127582);">�������</a></p>
</li>
</ul>
</div>
  </tr>
<tr>
<div class="storelistbt5"> 
<ul>
<li class="storelistbt5a">
<a href="http://www.80ge.info/txtxz/121485.html" target="_blank"><img src="http://img.80ge.info/121/121485/121485s.jpg" title="ħ������������ͨ��"></a>
<a href="http://www.80ge.info/txtxz/121485.html" title="ħ������������ͨ��TXTȫ������" class="bookname" target="_blank">��ħ������������ͨ�ɡ�TXT����</a><span class="bookdata">�ܵ����201</span>
<p>���ߣ�<a href="/author/����ͼ��è/" target="_blank">����ͼ��è</a>���ࣺ��������</p>
<p>    ������������ף����Ǵ��С���ý������Ĵ�����������Ʒ��������������ͨ�˵���ݸ������ദ���ɻ�����ȴ����Զ����װ�ˣ���̯���ˡ�    ����ħ���� ...</p>
<p>״̬:<span class="strong green">������</span> ����:20-12-10 �����½�:����ʮ���� </p>
</li>
<li class="storelistbt5b">
<p><a href="http://www.80ge.info/txtxz/121485.html" target="_blank">TXT����</a></p>
<p><a rel="nofollow" href="Javascript:void(0);" onclick="javascript:vote(121485);">Ͷ�Ƽ�Ʊ</a></p>
<p><a rel="nofollow" href="Javascript:void(0);" onclick="javascript:addbookcase(121485);">�������</a></p>
</li>
</ul>
</div>
  </tr>
<tr>
<div class="storelistbt5"> 
<ul>
<li class="storelistbt5a">
<a href="http://www.80ge.info/txtxz/195641.html" target="_blank"><img src="http://img.80ge.info/195/195641/195641s.jpg" title="���䣺���ֵ�ָ��ͨ"></a>
<a href="http://www.80ge.info/txtxz/195641.html" title="���䣺���ֵ�ָ��ͨTXTȫ������" class="bookname" target="_blank">�����䣺���ֵ�ָ��ͨ��TXT����</a><span class="bookdata">�ܵ����0</span>
<p>���ߣ�<a href="/author/�곽��/" target="_blank">�곽��</a>���ࣺ�������</p>
<p>    ���Խ�ˡ�����Ϣ��������ˡ�����Ϣ���йҡ������񣺵����顣���������������Ե����������һ����ֱ��������һ���ֵ�Ŀ����ǧ�Ρ�    ��������������ָ��ͨ�������������磬������֡������������硣    ������ ...</p>
<p>״̬:<span class="strong green">������</span> ����:25-01-12 �����½�:�ڶ��ٶ�ʮ���� �ֲ�������ս����ǰһ�ٲ������ǣ����⽱���� </p>
</li>
<li class="storelistbt5b">
<p><a href="http://www.80ge.info/txtxz/195641.html" target="_blank">TXT����</a></p>
<p><a rel="nofollow" href="Javascript:void(0);" onclick="javascript:vote(195641);">Ͷ�Ƽ�Ʊ</a></p>
<p><a rel="nofollow" href="Javascript:void(0);" onclick="javascript:addbookcase(195641);">�������</a></p>
</li>
</ul>
</div>
  </tr>
<tr>
<div class="storelistbt5"> 
<ul>
<li class="storelistbt5a">
<a href="http://www.80ge.info/txtxz/161585.html" target="_blank"><img src="http://img.80ge.info/161/161585/161585s.jpg" title="��ͨ����ɷ��ʮ����"></a>
<a href="http://www.80ge.info/txtxz/161585.html" title="��ͨ����ɷ��ʮ����TXTȫ������" class="bookname" target="_blank">����ͨ����ɷ��ʮ������TXT����</a><span class="bookdata">�ܵ����1225</span>
<p>���ߣ�<a href="/author/��������/" target="_blank">��������</a>���ࣺ��������</p>
<p>    ��һ�꣬����Ϊ�ˣ�����Ϊ�ܣ�ɱ�ˣ����壬ʳ�⡣��һ�꣬����Ϊ�ң��ٰ��������˷磬���ˣ��ֺ���    ��һ�꣬�����������ܱߣ��������������ۣ���а��......��һ�꣬��ð�ϰ�õ�ɷ��ʮ������ն������ħ����а�� ...</p>
<p>״̬:<span class="strong green">������</span> ����:22-07-24 �����½�:���� </p>
</li>
<li class="storelistbt5b">
<p><a href="http://www.80ge.info/txtxz/161585.html" target="_blank">TXT����</a></p>
<p><a rel="nofollow" href="Javascript:void(0);" onclick="javascript:vote(161585);">Ͷ�Ƽ�Ʊ</a></p>
<p><a rel="nofollow" href="Javascript:void(0);" onclick="javascript:addbookcase(161585);">�������</a></p>
</li>
</ul>
</div>
  </tr>
<tr>
<div class="storelistbt5"> 
<ul>
<li class="storelistbt5a">
<a href="http://www.80ge.info/txtxz/6516.html" target="_blank"><img src="http://img.80ge.info/6/6516/6516s.jpg" title="��֮ͨ�������"></a>
<a href="http://www.80ge.info/txtxz/6516.html" title="��֮ͨ�������TXTȫ������" class="bookname" target="_blank">����֮ͨ������ԡ�TXT����</a><span class="bookdata">�ܵ����5942</span>
<p>���ߣ�<a href="/author/���߽�/" target="_blank">���߽�</a>���ࣺ�������</p>
<p>
    ��

    ������һ���꣬�ɷ����������ͨ�˵õ���������罫����ʲôģ�����뿴�ɷ���ͨ���ִ����ܰ棬ʷ����ǿ��ݣ�2012�ĳ��ܴ�ս��

    ��

    ������������ʲô���룿��

     ...</p>
<p>״̬:<span class="strong green">������</span> ����:13-05-31 �����½�:163߯��˹֮���ľ��� </p>
</li>
<li class="storelistbt5b">
<p><a href="http://www.80ge.info/txtxz/6516.html" target="_blank">TXT����</a></p>
<p><a rel="nofollow" href="Javascript:void(0);" onclick="javascript:vote(6516);">Ͷ�Ƽ�Ʊ</a></p>
<p><a rel="nofollow" href="Javascript:void(0);" onclick="javascript:addbookcase(6516);">�������</a></p>
</li>
</ul>
</div>
  </tr>
<tr>
<div class="storelistbt5"> 
<ul>
<li class="storelistbt5a">
<a href="http://www.80ge.info/txtxz/203327.html" target="_blank"><img src="http://img.80ge.info/modules/article/images/nocover.jpg" title="���ɣ�������ͨ�ٳ���"></a>
<a href="http://www.80ge.info/txtxz/203327.html" title="���ɣ�������ͨ�ٳ���TXTȫ������" class="bookname" target="_blank">�����ɣ�������ͨ�ٳ�����TXT����</a><span class="bookdata">�ܵ����0</span>
<p>���ߣ�<a href="/author/����/" target="_blank">����</a>���ࣺ��������</p>
<p>    ��������������ϵͳ��\n����Ϣ����Ϊ��Խ�ĸ������³����ڵ�һ�����е�ʱ�򣬷������Լ��Ľ���ָ������ɷ��ʮ����ͨ��    \n����Ϣ������ʮ����ֻͨ��ѡ��������\nһ��˼��֮�󣬳³���ѡ���˷�ʳ�����⡣    \n ...</p>
<p>״̬:<span class="strong green">������</span> ����:25-11-12 �����½�:��720�� �������ʵ�����֣� </p>
</li>
<li class="storelistbt5b">
<p><a href="http://www.80ge.info/txtxz/203327.html" target="_blank">TXT����</a></p>
<p><a rel="nofollow" href="Javascript:void(0);" onclick="javascript:vote(203327);">Ͷ�Ƽ�Ʊ</a></p>
<p><a rel="nofollow" href="Javascript:void(0);" onclick="javascript:addbookcase(203327);">�������</a></p>
</li>
</ul>
</div>
  </tr>
<tr>
<div class="storelistbt5"> 
<ul>
<li class="storelistbt5a">
<a href="http://www.80ge.info/txtxz/90527.html" target="_blank"><img src="http://img.80ge.info/90/90527/90527s.jpg" title="��Խ���֮��ͨ�޵�"></a>
<a href="http://www.80ge.info/txtxz/90527.html" title="��Խ���֮��ͨ�޵�TXTȫ������" class="bookname" target="_blank">����Խ���֮��ͨ�޵С�TXT����</a><span class="bookdata">�ܵ����44100</span>
<p>���ߣ�<a href="/author/���/" target="_blank">���</a>���ࣺδ������</p>
<p>    ���޵��ġ��޹��²ۣ�Ī������������Ը���������޵еĴ��ڡ�Ը��һ��λ����ô�࣬����ȥ���������������ɵĴ�Խ���ɺã�    Ը��������������ʲô��̫Σ�գ��ҵ��й���������У����������ʲô��̫�ۣ�������ֱ���޵пɺ� ...</p>
<p>״̬:<span class="strong green">������</span> ����:19-07-11 �����½�:�����ٶ�ʮ���£����䷲�� </p>
</li>
<li class="storelistbt5b">
<p><a href="http://www.80ge.info/txtxz/90527.html" target="_blank">TXT����</a></p>
<p><a rel="nofollow" href="Javascript:void(0);" onclick="javascript:vote(90527);">Ͷ�Ƽ�Ʊ</a></p>
<p><a rel="nofollow" href="Javascript:void(0);" onclick="javascript:addbookcase(90527);">�������</a></p>
</li>
</ul>
</div>
  </tr>
<tr>
<div class="storelistbt5"> 
<ul>
<li class="storelistbt5a">
<a href="http://www.80ge.info/txtxz/182227.html" target="_blank"><img src="http://img.80ge.info/182/182227/182227s.jpg" title="�ӵ��俪ʼ����ͨ��"></a>
<a href="http://www.80ge.info/txtxz/182227.html" title="�ӵ��俪ʼ����ͨ��TXTȫ������" class="bookname" target="_blank">���ӵ��俪ʼ����ͨ����TXT����</a><span class="bookdata">�ܵ����0</span>
<p>���ߣ�<a href="/author/�˼����·�/" target="_blank">�˼����·�</a>���ࣺ�������</p>
<p>    ��ؾ��飬����ĩ����һ��������½Ԩ��Խ����һ������������书��������ʽ΢��������еȴ���ٷ�չ��ʢ���������硣    ��������Զ������������귢�׷���Ȧ����ū����̤ǧ���ｭɽ��    ������в�������ѳ� ...</p>
<p>״̬:<span class="strong green">������</span> ����:25-03-26 �����½�:�ֵ��ȣ��ַ������� </p>
</li>
<li class="storelistbt5b">
<p><a href="http://www.80ge.info/txtxz/182227.html" target="_blank">TXT����</a></p>
<p><a rel="nofollow" href="Javascript:void(0);" onclick="javascript:vote(182227);">Ͷ�Ƽ�Ʊ</a></p>
<p><a rel="nofollow" href="Javascript:void(0);" onclick="javascript:addbookcase(182227);">�������</a></p>
</li>
</ul>
</div>
  </tr>
<tr>
<div class="storelistbt5"> 
<ul>
<li class="storelistbt5a">
<a href="http://www.80ge.info/txtxz/184461.html" target="_blank"><img src="http://img.80ge.info/184/184461/184461s.jpg" title="������ͨ����ħ��н��"></a>
<a href="http://www.80ge.info/txtxz/184461.html" title="������ͨ����ħ��н��TXTȫ������" class="bookname" target="_blank">��������ͨ����ħ��н��TXT����</a><span class="bookdata">�ܵ����0</span>
<p>���ߣ�<a href="/author/�ɴ�/" target="_blank">�ɴ�</a>���ࣺ��������</p>
<p>    ���h�����ָ����ڡ��򷨼�¼���ĵ�һҳ֮�ϣ��Ժ��еļ��仺�����֡�    �������������ȡ�������Ƿ��ȡ��ͨ����    �����γ�ȡ�ؼ���Ϊ��λ�ƣ���    ����ȡ�������h������ԥ��ѡ��    ��������ϲ�㣬������ ...</p>
<p>״̬:<span class="strong green">������</span> ����:25-06-20 �����½�:����100������ </p>
</li>
<li class="storelistbt5b">
<p><a href="http://www.80ge.info/txtxz/184461.html" target="_blank">TXT����</a></p>
<p><a rel="nofollow" href="Javascript:void(0);" onclick="javascript:vote(184461);">Ͷ�Ƽ�Ʊ</a></p>
<p><a rel="nofollow" href="Javascript:void(0);" onclick="javascript:addbookcase(184461);">�������</a></p>
</li>
</ul>
</div>
  </tr>
<tr>
<div class="storelistbt5"> 
<ul>
<li class="storelistbt5a">
<a href="http://www.80ge.info/txtxz/185496.html" target="_blank"><img src="http://img.80ge.info/185/185496/185496s.jpg" title="�޿�ѧ�󷨣���������ͨ"></a>
<a href="http://www.80ge.info/txtxz/185496.html" title="�޿�ѧ�󷨣���������ͨTXTȫ������" class="bookname" target="_blank">���޿�ѧ�󷨣���������ͨ��TXT����</a><span class="bookdata">�ܵ����0</span>
<p>���ߣ�<a href="/author/��������/" target="_blank">��������</a>���ࣺ�ƻ�δ��</p>
<p>    һ���߼����������ܣ�һ���������ɣ��ɵ����ٵ����硣���������������Ž��ɸ�ݡ�    ���ǿ��������ѹ�У�����ǿ��ʮ��֮���˾��й����޿�ѧ�󷨣������Ӵ����    ������ʥ��������ͨ���ƾ����С�    ���������� ...</p>
<p>״̬:<span class="strong green">������</span> ����:24-07-31 �����½�:��200�� ��Ԫ����֮�� </p>
</li>
<li class="storelistbt5b">
<p><a href="http://www.80ge.info/txtxz/185496.html" target="_blank">TXT����</a></p>
<p><a rel="nofollow" href="Javascript:void(0);" onclick="javascript:vote(185496);">Ͷ�Ƽ�Ʊ</a></p>
<p><a rel="nofollow" href="Javascript:void(0);" onclick="javascript:addbookcase(185496);">�������</a></p>
</li>
</ul>
</div>
  </tr>
<tr>
<div class="storelistbt5"> 
<ul>
<li class="storelistbt5a">
<a href="http://www.80ge.info/txtxz/188911.html" target="_blank"><img src="http://img.80ge.info/188/188911/188911s.jpg" title="������֤ͨ������"></a>
<a href="http://www.80ge.info/txtxz/188911.html" title="������֤ͨ������TXTȫ������" class="bookname" target="_blank">��������֤ͨ��������TXT����</a><span class="bookdata">�ܵ����0</span>
<p>���ߣ�<a href="/author/˷ʱ��/" target="_blank">˷ʱ��</a>���ࣺ��������</p>
<p>    ̥�����ɽ磬��Ϊ��Դ����һ������ǰ��С�ޡ���������ͨ����������    ��ֻҪ���ڿҿ�����Ӱ࣬����������ܻ�һ�ڷɽ�����996��������������    ��������Ϊ�Ⱳ��Ҳ������ʱ��ȴ���������ͨ���������ۡ����Դ����� ...</p>
<p>״̬:<span class="strong green">������</span> ����:25-07-28 �����½�:��������������������֤���ɡ� </p>
</li>
<li class="storelistbt5b">
<p><a href="http://www.80ge.info/txtxz/188911.html" target="_blank">TXT����</a></p>
<p><a rel="nofollow" href="Javascript:void(0);" onclick="javascript:vote(188911);">Ͷ�Ƽ�Ʊ</a></p>
<p><a rel="nofollow" href="Javascript:void(0);" onclick="javascript:addbookcase(188911);">�������</a></p>
</li>
</ul>
</div>
  </tr>
<tr>
<div class="storelistbt5"> 
<ul>
<li class="storelistbt5a">
<a href="http://www.80ge.info/txtxz/2452.html" target="_blank"><img src="http://img.80ge.info/2/2452/2452s.jpg" title="���֮��շ�ħ��ͨ"></a>
<a href="http://www.80ge.info/txtxz/2452.html" title="���֮��շ�ħ��ͨTXTȫ������" class="bookname" target="_blank">�����֮��շ�ħ��ͨ��TXT����</a><span class="bookdata">�ܵ����19190</span>
<p>���ߣ�<a href="/author/����֮��/" target="_blank">����֮��</a>���ࣺ�������</p>
<p>    �׶���һ����Խ�������������ϵ�ȫ������������һ��һ���ʵǵ������ķ嶥�����ճ�Ϊ��˵�Ĵ��ڡ�
 ...</p>
<p>״̬:<span class="strong blue">�����</span> ����:17-07-27 �����½�:��ͣ���� </p>
</li>
<li class="storelistbt5b">
<p><a href="http://www.80ge.info/txtxz/2452.html" target="_blank">TXT����</a></p>
<p><a rel="nofollow" href="Javascript:void(0);" onclick="javascript:vote(2452);">Ͷ�Ƽ�Ʊ</a></p>
<p><a rel="nofollow" href="Javascript:void(0);" onclick="javascript:addbookcase(2452);">�������</a></p>
</li>
</ul>
</div>
  </tr>
<tr>
<div class="storelistbt5"> 
<ul>
<li class="storelistbt5a">
<a href="http://www.80ge.info/txtxz/173150.html" target="_blank"><img src="http://img.80ge.info/173/173150/173150s.jpg" title="�Ұ��ճ����ܸγ�����ͨ"></a>
<a href="http://www.80ge.info/txtxz/173150.html" title="�Ұ��ճ����ܸγ�����ͨTXTȫ������" class="bookname" target="_blank">���Ұ��ճ����ܸγ�����ͨ��TXT����</a><span class="bookdata">�ܵ����1068</span>
<p>���ߣ�<a href="/author/���ں�����/" target="_blank">���ں�����</a>���ࣺ�������</p>
<p>    ��Խ���������磬��Ϊ������������������б�ʣ����ò������ƾ٣�������������    ������    ���εۡ�ϵͳ�����������ȣ��������ա����ǿ��Խ��ճ��ļ��ܣ��γɶ�����ͨ��    ������������֮����̡�������֮�л滭 ...</p>
<p>״̬:<span class="strong green">������</span> ����:25-03-21 �����½�:���顶�ҵ���������ʮ����ҡ���֧�� </p>
</li>
<li class="storelistbt5b">
<p><a href="http://www.80ge.info/txtxz/173150.html" target="_blank">TXT����</a></p>
<p><a rel="nofollow" href="Javascript:void(0);" onclick="javascript:vote(173150);">Ͷ�Ƽ�Ʊ</a></p>
<p><a rel="nofollow" href="Javascript:void(0);" onclick="javascript:addbookcase(173150);">�������</a></p>
</li>
</ul>
</div>
  </tr>
<tr>
<div class="storelistbt5"> 
<ul>
<li class="storelistbt5a">
<a href="http://www.80ge.info/txtxz/216119.html" target="_blank"><img src="http://img.80ge.info/216/216119/216119s.jpg" title="ʦ�֣������ͨ���డ"></a>
<a href="http://www.80ge.info/txtxz/216119.html" title="ʦ�֣������ͨ���డTXTȫ������" class="bookname" target="_blank">��ʦ�֣������ͨ���డ��TXT����</a><span class="bookdata">�ܵ����0</span>
<p>���ߣ�<a href="/author/�Է�����/" target="_blank">�Է�����</a>���ࣺ�������</p>
<p>    ������ʮ�����ϵͳ�����˻������ɻ�����Ե㣬���Ե������������Ϊ ...</p>
<p>״̬:<span class="strong green">������</span> ����:26-01-15 �����½�:��30�� ��߲ص������ƾͼ� </p>
</li>
<li class="storelistbt5b">
<p><a href="http://www.80ge.info/txtxz/216119.html" target="_blank">TXT����</a></p>
<p><a rel="nofollow" href="Javascript:void(0);" onclick="javascript:vote(216119);">Ͷ�Ƽ�Ʊ</a></p>
<p><a rel="nofollow" href="Javascript:void(0);" onclick="javascript:addbookcase(216119);">�������</a></p>
</li>
</ul>
</div>
  </tr>
<tr>
<div class="storelistbt5"> 
<ul>
<li class="storelistbt5a">
<a href="http://www.80ge.info/txtxz/224388.html" target="_blank"><img src="http://img.80ge.info/224/224388/224388s.jpg" title="������ÿ����һ����ͨ"></a>
<a href="http://www.80ge.info/txtxz/224388.html" title="������ÿ����һ����ͨTXTȫ������" class="bookname" target="_blank">��������ÿ����һ����ͨ��TXT����</a><span class="bookdata">�ܵ����0</span>
<p>���ߣ�<a href="/author/��ˮ����/" target="_blank">��ˮ����</a>���ࣺ��ʷ����</p>
<p>    ������+��ߠx+�޵�+ÿ���ȡ�¼��ܡ�\nһ��996������ִ�����һ���۾����˴������ֻʵ���馵ĵ����ӡ�����ߠx��    \n�������ˡ�ÿ����ͨǩ��ϵͳ�������컯֮����ʮ�����䣬���Ƽ��������ÿ��һ��������ͨ�� ...</p>
<p>״̬:<span class="strong green">������</span> ����:26-08-14 �����½�:��194�� ����ʿ�� </p>
</li>
<li class="storelistbt5b">
<p><a href="http://www.80ge.info/txtxz/224388.html" target="_blank">TXT����</a></p>
<p><a rel="nofollow" href="Javascript:void(0);" onclick="javascript:vote(224388);">Ͷ�Ƽ�Ʊ</a></p>
<p><a rel="nofollow" href="Javascript:void(0);" onclick="javascript:addbookcase(224388);">�������</a></p>
</li>
</ul>
</div>
  </tr>
<tr>
<div class="storelistbt5"> 
<ul>
<li class="storelistbt5a">
<a href="http://www.80ge.info/txtxz/51493.html" target="_blank"><img src="http://img.80ge.info/51/51493/51493s.jpg" title="�ų��߱�����ͨ"></a>
<a href="http://www.80ge.info/txtxz/51493.html" title="�ų��߱�����ͨTXTȫ������" class="bookname" target="_blank">���ų��߱�����ͨ��TXT����</a><span class="bookdata">�ܵ����29158</span>
<p>���ߣ�<a href="/author/��ܲ/" target="_blank">��ܲ</a>���ࣺ��������</p>
<p>    ����ǰ����δ�������ݺ����������Ӹ��Ǳ�һһ���ˡ�����������Ŷ������ǿ�ƹ�������߻�����С�ȱ���������������    ½ҹ���̽������ŷ�ɥ���Ĵ��ڣ���Ϊ�Լ����˺��ӾͿ�������׷���ˣ�û�뵽���Ǵ���©���Ƥ�п� ...</p>
<p>״̬:<span class="strong blue">�����</span> ����:21-07-10 �����½�:��683�� ����ӡ�� </p>
</li>
<li class="storelistbt5b">
<p><a href="http://www.80ge.info/txtxz/51493.html" target="_blank">TXT����</a></p>
<p><a rel="nofollow" href="Javascript:void(0);" onclick="javascript:vote(51493);">Ͷ�Ƽ�Ʊ</a></p>
<p><a rel="nofollow" href="Javascript:void(0);" onclick="javascript:addbookcase(51493);">�������</a></p>
</li>
</ul>
</div>
  </tr>
<tr>
<div class="storelistbt5"> 
<ul>
<li class="storelistbt5a">
<a href="http://www.80ge.info/txtxz/156462.html" target="_blank"><img src="http://img.80ge.info/156/156462/156462s.jpg" title="������֮ͨ��ǿ����ʦ"></a>
<a href="http://www.80ge.info/txtxz/156462.html" title="������֮ͨ��ǿ����ʦTXTȫ������" class="bookname" target="_blank">��������֮ͨ��ǿ����ʦ��TXT����</a><span class="bookdata">�ܵ����1235</span>
<p>���ߣ�<a href="/author/�Ҳ���С˵��/" target="_blank">�Ҳ���С˵��</a>���ࣺ������Ϸ</p>
<p>    ˮ�������𡢷磬�ܹ���������һ��Ԫ�ص��˱���Ϊ����ʦ��������Ҳ�ɴ˵�����ˮ�ơ���ǿ�����ҡ������ĸ����Ҳ��塣    ����ֻ�н�����ͨ�ܹ�ͬʱ��������Ԫ�أ���Ϊ�Ĺ����������ά�������ƽ�⡣    Ȼ������һ����ǰ ...</p>
<p>״̬:<span class="strong green">������</span> ����:23-08-17 �����½�:����ʮ���� ��� </p>
</li>
<li class="storelistbt5b">
<p><a href="http://www.80ge.info/txtxz/156462.html" target="_blank">TXT����</a></p>
<p><a rel="nofollow" href="Javascript:void(0);" onclick="javascript:vote(156462);">Ͷ�Ƽ�Ʊ</a></p>
<p><a rel="nofollow" href="Javascript:void(0);" onclick="javascript:addbookcase(156462);">�������</a></p>
</li>
</ul>
</div>
  </tr>
<tr>
<div class="storelistbt5"> 
<ul>
<li class="storelistbt5a">
<a href="http://www.80ge.info/txtxz/196991.html" target="_blank"><img src="http://img.80ge.info/196/196991/196991s.jpg" title="��������ͨ�����ң��"></a>
<a href="http://www.80ge.info/txtxz/196991.html" title="��������ͨ�����ң��TXTȫ������" class="bookname" target="_blank">����������ͨ�����ң�ɡ�TXT����</a><span class="bookdata">�ܵ����0</span>
<p>���ߣ�<a href="/author/����/" target="_blank">����</a>���ࣺ��������</p>
<p>    �ҷ���ǿ������û��Ϊ�ϲ��𣬺ο��һ�����һ���꣬����úܣ���Ȼ�ҳ��ϣ����ų����ѣ���Ϊ����һǿ�ߣ�����Ϊ���������˭˵�����¶��ˣ��������ͬ�٣����Ķ���ʱ��ȥ������С�����̽�֣��������Դ�������İ��ء�    ...</p>
<p>״̬:<span class="strong green">������</span> ����:24-12-19 �����½�:��117�� ���� </p>
</li>
<li class="storelistbt5b">
<p><a href="http://www.80ge.info/txtxz/196991.html" target="_blank">TXT����</a></p>
<p><a rel="nofollow" href="Javascript:void(0);" onclick="javascript:vote(196991);">Ͷ�Ƽ�Ʊ</a></p>
<p><a rel="nofollow" href="Javascript:void(0);" onclick="javascript:addbookcase(196991);">�������</a></p>
</li>
</ul>
</div>
  </tr>
<tr>
<div class="storelistbt5"> 
<ul>
<li class="storelistbt5a">
<a href="http://www.80ge.info/txtxz/205620.html" target="_blank"><img src="http://img.80ge.info/205/205620/205620s.jpg" title="���ã�����͵ȡ������ͨ"></a>
<a href="http://www.80ge.info/txtxz/205620.html" title="���ã�����͵ȡ������ͨTXTȫ������" class="bookname" target="_blank">�����ã�����͵ȡ������ͨ��TXT����</a><span class="bookdata">�ܵ����0</span>
<p>���ߣ�<a href="/author/����ɫ/" target="_blank">����ɫ</a>���ࣺ�������</p>
<p>    ��ɽ������������ʥ�˷�ӡ֮�أ����������Ż��50��Ķ������䡣    Ϊ�������䣬��ɽ��ħ����ף������ӡ֮�ء�    �������䣬����������û��ϵ��    ������Ѫ�飬��͵ȡ������ͨ��    ͵��������׳׳���� ...</p>
<p>״̬:<span class="strong green">������</span> ����:25-06-25 �����½�:����ʮ���� �飡 </p>
</li>
<li class="storelistbt5b">
<p><a href="http://www.80ge.info/txtxz/205620.html" target="_blank">TXT����</a></p>
<p><a rel="nofollow" href="Javascript:void(0);" onclick="javascript:vote(205620);">Ͷ�Ƽ�Ʊ</a></p>
<p><a rel="nofollow" href="Javascript:void(0);" onclick="javascript:addbookcase(205620);">�������</a></p>
</li>
</ul>
</div>
  </tr>
<tr>
<div class="storelistbt5"> 
<ul>
<li class="storelistbt5a">
<a href="http://www.80ge.info/txtxz/58938.html" target="_blank"><img src="http://img.80ge.info/58/58938/58938s.jpg" title="��¹��"></a>
<a href="http://www.80ge.info/txtxz/58938.html" title="��¹��TXTȫ������" class="bookname" target="_blank">����¹�ߡ�TXT����</a><span class="bookdata">�ܵ����10256</span>
<p>���ߣ�<a href="/author/����Ҷ/" target="_blank">����Ҷ</a>���ࣺ��ʷ����</p>
<p>    �й��Դ���ǧ����ǰ����ʼ��ͳһȫ���Ժ��м��ɷ��Ѷ�ͳһ��ͳһ�����ѣ��г�ƽҲ��ս�ң���������೯����ֱ��������ǰ�������ɹ����Ա�������
    �ɹ�������ǿ���ı��������������й��������еĸֵ������������Ӷ� ...</p>
<p>״̬:<span class="strong green">������</span> ����:17-07-27 �����½�:����ˣ� </p>
</li>
<li class="storelistbt5b">
<p><a href="http://www.80ge.info/txtxz/58938.html" target="_blank">TXT����</a></p>
<p><a rel="nofollow" href="Javascript:void(0);" onclick="javascript:vote(58938);">Ͷ�Ƽ�Ʊ</a></p>
<p><a rel="nofollow" href="Javascript:void(0);" onclick="javascript:addbookcase(58938);">�������</a></p>
</li>
</ul>
</div>
  </tr>
<tr>
<div class="storelistbt5"> 
<ul>
<li class="storelistbt5a">
<a href="http://www.80ge.info/txtxz/25374.html" target="_blank"><img src="http://img.80ge.info/25/25374/25374s.jpg" title="������"></a>
<a href="http://www.80ge.info/txtxz/25374.html" title="������TXTȫ������" class="bookname" target="_blank">�������ߡ�TXT����</a><span class="bookdata">�ܵ����22274</span>
<p>���ߣ�<a href="/author/Ц������/" target="_blank">Ц������</a>���ࣺ��ս�ع�</p>
<p>    һ����죬�ɼ��������NB�ؿ����˹����ص��ѧ��ֻ�����巢���˱仯���۾���͸�ӡ�����ٶ����֣�
    ˮ���ʹ����������ߴ��ߣ������죬�Կ������ߵ�ʲô���ĸ߶ȣ�
    �Ƹ�����Ǯ����λ��
    ������Ů ...</p>
<p>״̬:<span class="strong green">������</span> ����:17-07-27 �����½�:ʹ�࣡ </p>
</li>
<li class="storelistbt5b">
<p><a href="http://www.80ge.info/txtxz/25374.html" target="_blank">TXT����</a></p>
<p><a rel="nofollow" href="Javascript:void(0);" onclick="javascript:vote(25374);">Ͷ�Ƽ�Ʊ</a></p>
<p><a rel="nofollow" href="Javascript:void(0);" onclick="javascript:addbookcase(25374);">�������</a></p>
</li>
</ul>
</div>
  </tr>
<tr>
<div class="storelistbt5"> 
<ul>
<li class="storelistbt5a">
<a href="http://www.80ge.info/txtxz/3211.html" target="_blank"><img src="http://img.80ge.info/3/3211/3211s.jpg" title="������"></a>
<a href="http://www.80ge.info/txtxz/3211.html" title="������TXTȫ������" class="bookname" target="_blank">�������ߡ�TXT����</a><span class="bookdata">�ܵ����37556</span>
<p>���ߣ�<a href="/author/����ѻ/" target="_blank">����ѻ</a>���ࣺ��������</p>
<p>
    ������ӿ��ʱ����һ�����ֱ�����ʱ������ʷ������ת��һ����Ȧ��

    һ��С�����������ƽ�������ĵ�����롣

    ��֮��ʧ���������֮��һ��������ȽȽ����
 ...</p>
<p>״̬:<span class="strong blue">�����</span> ����:17-07-27 �����½�:������ �ϰ��ڿ�(��) </p>
</li>
<li class="storelistbt5b">
<p><a href="http://www.80ge.info/txtxz/3211.html" target="_blank">TXT����</a></p>
<p><a rel="nofollow" href="Javascript:void(0);" onclick="javascript:vote(3211);">Ͷ�Ƽ�Ʊ</a></p>
<p><a rel="nofollow" href="Javascript:void(0);" onclick="javascript:addbookcase(3211);">�������</a></p>
</li>
</ul>
</div>
  </tr>
<tr>
<div class="storelistbt5"> 
<ul>
<li class="storelistbt5a">
<a href="http://www.80ge.info/txtxz/917.html" target="_blank"><img src="http://img.80ge.info/0/917/917s.jpg" title="ͨ����"></a>
<a href="http://www.80ge.info/txtxz/917.html" title="ͨ����TXTȫ������" class="bookname" target="_blank">��ͨ���ߡ�TXT����</a><span class="bookdata">�ܵ����5535</span>
<p>���ߣ�<a href="/author/������/" target="_blank">������</a>���ࣺ�������</p>
<p>
    ����������类��Ϊ��������½�����ж���������˵�����Ĳ��������ﲻ����������ڣ�����͵͵Խ�����������ħ����������ܵĴ�Խ�ߺ��ᡣ����һ����Կ϶��������Ĵ��ڵĵط�����������������Ҷ����Ϊ���µ����ǡ�ֻ���� ...</p>
<p>״̬:<span class="strong blue">�����</span> ����:12-05-14 �����½�:��һ����ʮ�߼� ����ǰ�� </p>
</li>
<li class="storelistbt5b">
<p><a href="http://www.80ge.info/txtxz/917.html" target="_blank">TXT����</a></p>
<p><a rel="nofollow" href="Javascript:void(0);" onclick="javascript:vote(917);">Ͷ�Ƽ�Ʊ</a></p>
<p><a rel="nofollow" href="Javascript:void(0);" onclick="javascript:addbookcase(917);">�������</a></p>
</li>
</ul>
</div>
  </tr>
<tr>
<div class="storelistbt5"> 
<ul>
<li class="storelistbt5a">
<a href="http://www.80ge.info/txtxz/1703.html" target="_blank"><img src="http://img.80ge.info/1/1703/1703s.jpg" title="������"></a>
<a href="http://www.80ge.info/txtxz/1703.html" title="������TXTȫ������" class="bookname" target="_blank">�������ߡ�TXT����</a><span class="bookdata">�ܵ����25415</span>
<p>���ߣ�<a href="/author/����ʯ/" target="_blank">����ʯ</a>���ࣺ�������</p>
<p>    ���ԣ�δ֪�����缴��չ��������ʯ���������������������Ӱ��ʲô���ı�ʲô��һ�н������С�
 ...</p>
<p>״̬:<span class="strong green">������</span> ����:13-05-26 �����½�:����ʮ���� ���� </p>
</li>
<li class="storelistbt5b">
<p><a href="http://www.80ge.info/txtxz/1703.html" target="_blank">TXT����</a></p>
<p><a rel="nofollow" href="Javascript:void(0);" onclick="javascript:vote(1703);">Ͷ�Ƽ�Ʊ</a></p>
<p><a rel="nofollow" href="Javascript:void(0);" onclick="javascript:addbookcase(1703);">�������</a></p>
</li>
</ul>
</div>
  </tr>
<tr>
<div class="storelistbt5"> 
<ul>
<li class="storelistbt5a">
<a href="http://www.80ge.info/txtxz/2093.html" target="_blank"><img src="http://img.80ge.info/2/2093/2093s.jpg" title="�ڰ���"></a>
<a href="http://www.80ge.info/txtxz/2093.html" title="�ڰ���TXTȫ������" class="bookname" target="_blank">���ڰ��ߡ�TXT����</a><span class="bookdata">�ܵ����35045</span>
<p>���ߣ�<a href="/author/�ƾ����/" target="_blank">�ƾ����</a>���ࣺ�������</p>
<p>    ��һ����͢�����У������ԺյĿ���˹����ҷ�����Ψһ���Ҵ��߾��������¡�����˹��
    ������Ҫ�Ķ�������Ի������������
    �����ͷ���������壬���Ĳ������������̤����һ���ڰ�֮·��ƾ��������츳�ͽܳ��� ...</p>
<p>״̬:<span class="strong blue">�����</span> ����:13-05-26 �����½�:���վ� �ڰ���(����) </p>
</li>
<li class="storelistbt5b">
<p><a href="http://www.80ge.info/txtxz/2093.html" target="_blank">TXT����</a></p>
<p><a rel="nofollow" href="Javascript:void(0);" onclick="javascript:vote(2093);">Ͷ�Ƽ�Ʊ</a></p>
<p><a rel="nofollow" href="Javascript:void(0);" onclick="javascript:addbookcase(2093);">�������</a></p>
</li>
</ul>
</div>
  </tr>
<tr>
<div class="storelistbt5"> 
<ul>
<li class="storelistbt5a">
<a href="http://www.80ge.info/txtxz/87693.html" target="_blank"><img src="http://img.80ge.info/87/87693/87693s.jpg" title="����"></a>
<a href="http://www.80ge.info/txtxz/87693.html" title="����TXTȫ������" class="bookname" target="_blank">�����ߡ�TXT����</a><span class="bookdata">�ܵ����1310</span>
<p>���ߣ�<a href="/author/ZTĢ����ɭ/" target="_blank">ZTĢ����ɭ</a>���ࣺ��������</p>
<p>    &#12288;&#12288;Ϊ����������紫����&#12288;&#12288;ʯ����������Ϊ�ߡ�    &#12288;&#12288;���Ȼ���һʱ�Իͣ�&#12288;&#12288;�������һ�������� ...</p>
<p>״̬:<span class="strong green">������</span> ����:19-03-15 �����½�:�ھ�ʮ���� ��׷���� </p>
</li>
<li class="storelistbt5b">
<p><a href="http://www.80ge.info/txtxz/87693.html" target="_blank">TXT����</a></p>
<p><a rel="nofollow" href="Javascript:void(0);" onclick="javascript:vote(87693);">Ͷ�Ƽ�Ʊ</a></p>
<p><a rel="nofollow" href="Javascript:void(0);" onclick="javascript:addbookcase(87693);">�������</a></p>
</li>
</ul>
</div>
  </tr>
<tr>
<div class="storelistbt5"> 
<ul>
<li class="storelistbt5a">
<a href="http://www.80ge.info/txtxz/109695.html" target="_blank"><img src="http://img.80ge.info/109/109695/109695s.jpg" title="������"></a>
<a href="http://www.80ge.info/txtxz/109695.html" title="������TXTȫ������" class="bookname" target="_blank">�������ߡ�TXT����</a><span class="bookdata">�ܵ����568</span>
<p>���ߣ�<a href="/author/��ϲ��/" target="_blank">��ϲ��</a>���ࣺ�ֲ����</p>
<p>    ����˼�������˽�֯��ѧ����ʵ�����ã������۷���׵ģ���ı����һ�ж���������Ѫ������ʵ�ʵ����� ...</p>
<p>״̬:<span class="strong green">������</span> ����:20-02-05 �����½�:��һ������Ǿ������̨�Ļ ����� </p>
</li>
<li class="storelistbt5b">
<p><a href="http://www.80ge.info/txtxz/109695.html" target="_blank">TXT����</a></p>
<p><a rel="nofollow" href="Javascript:void(0);" onclick="javascript:vote(109695);">Ͷ�Ƽ�Ʊ</a></p>
<p><a rel="nofollow" href="Javascript:void(0);" onclick="javascript:addbookcase(109695);">�������</a></p>
</li>
</ul>
</div>
  </tr>
<tr>
<div class="storelistbt5"> 
<ul>
<li class="storelistbt5a">
<a href="http://www.80ge.info/txtxz/111778.html" target="_blank"><img src="http://img.80ge.info/111/111778/111778s.jpg" title="����"></a>
<a href="http://www.80ge.info/txtxz/111778.html" title="����TXTȫ������" class="bookname" target="_blank">�����ߡ�TXT����</a><span class="bookdata">�ܵ����498</span>
<p>���ߣ�<a href="/author/��������/" target="_blank">��������</a>���ࣺ��������</p>
<p>    ��������������������ꡣ��а�������������ǲ�ɣ����Ϊ������Ϊа��    ���鱾����а֮�֣�һ�о���ʵ��Ϊ����а֮�������ģ�����������    ����غ㣬����������������ʣ����´������ݹ�����ǧ���꣬����֮�������� ...</p>
<p>״̬:<span class="strong green">������</span> ����:20-03-03 �����½�:�ڶ������а ��82�£�ץ������ </p>
</li>
<li class="storelistbt5b">
<p><a href="http://www.80ge.info/txtxz/111778.html" target="_blank">TXT����</a></p>
<p><a rel="nofollow" href="Javascript:void(0);" onclick="javascript:vote(111778);">Ͷ�Ƽ�Ʊ</a></p>
<p><a rel="nofollow" href="Javascript:void(0);" onclick="javascript:addbookcase(111778);">�������</a></p>
</li>
</ul>
</div>
  </tr>
<tr>
<div class="storelistbt5"> 
<ul>
<li class="storelistbt5a">
<a href="http://www.80ge.info/txtxz/71174.html" target="_blank"><img src="http://img.80ge.info/71/71174/71174s.jpg" title="������"></a>
<a href="http://www.80ge.info/txtxz/71174.html" title="������TXTȫ������" class="bookname" target="_blank">�������ߡ�TXT����</a><span class="bookdata">�ܵ����1584</span>
<p>���ߣ�<a href="/author/��ջ�/" target="_blank">��ջ�</a>���ࣺ��ƪ�ۺ�</p>
<p>    ����һ������ȱʧ�����磬�Ϳ��������Ϊ���Ļ���������꣬�ս�̤��������;��
 ...</p>
<p>״̬:<span class="strong green">������</span> ����:17-09-16 �����½�:��209�� �����ط� </p>
</li>
<li class="storelistbt5b">
<p><a href="http://www.80ge.info/txtxz/71174.html" target="_blank">TXT����</a></p>
<p><a rel="nofollow" href="Javascript:void(0);" onclick="javascript:vote(71174);">Ͷ�Ƽ�Ʊ</a></p>
<p><a rel="nofollow" href="Javascript:void(0);" onclick="javascript:addbookcase(71174);">�������</a></p>
</li>
</ul>
</div>
  </tr>
<tr>
<div class="storelistbt5"> 
<ul>
<li class="storelistbt5a">
<a href="http://www.80ge.info/txtxz/115871.html" target="_blank"><img src="http://img.80ge.info/115/115871/115871s.jpg" title="������"></a>
<a href="http://www.80ge.info/txtxz/115871.html" title="������TXTȫ������" class="bookname" target="_blank">�������ߡ�TXT����</a><span class="bookdata">�ܵ����374</span>
<p>���ߣ�<a href="/author/ѩޱޱޱ/" target="_blank">ѩޱޱޱ</a>���ࣺ�ֲ����</p>
<p>    ��ɫ���������ŵ���ݻ�ɫ�������������뷣û��ָ��������˿������ֵ��۾�ֻ��ƽ�����ֵĲ���û�кۼ����о֣������ԡ��� ...</p>
<p>״̬:<span class="strong green">������</span> ����:20-04-29 �����½�:����ʧ�٣��գ� </p>
</li>
<li class="storelistbt5b">
<p><a href="http://www.80ge.info/txtxz/115871.html" target="_blank">TXT����</a></p>
<p><a rel="nofollow" href="Javascript:void(0);" onclick="javascript:vote(115871);">Ͷ�Ƽ�Ʊ</a></p>
<p><a rel="nofollow" href="Javascript:void(0);" onclick="javascript:addbookcase(115871);">�������</a></p>
</li>
</ul>
</div>
  </tr>
<tr>
<div class="storelistbt5"> 
<ul>
<li class="storelistbt5a">
<a href="http://www.80ge.info/txtxz/155517.html" target="_blank"><img src="http://img.80ge.info/155/155517/155517s.jpg" title="�ܽ���"></a>
<a href="http://www.80ge.info/txtxz/155517.html" title="�ܽ���TXTȫ������" class="bookname" target="_blank">���ܽ��ߡ�TXT����</a><span class="bookdata">�ܵ����96</span>
<p>���ߣ�<a href="/author/�֘�/" target="_blank">�֘�</a>���ࣺ��ƪ�ۺ�</p>
<p>    �����������˽�����ί��绰������������ ...</p>
<p>״̬:<span class="strong green">������</span> ����:22-05-01 �����½�:��ʮ�ߡ�������֮ҹ </p>
</li>
<li class="storelistbt5b">
<p><a href="http://www.80ge.info/txtxz/155517.html" target="_blank">TXT����</a></p>
<p><a rel="nofollow" href="Javascript:void(0);" onclick="javascript:vote(155517);">Ͷ�Ƽ�Ʊ</a></p>
<p><a rel="nofollow" href="Javascript:void(0);" onclick="javascript:addbookcase(155517);">�������</a></p>
</li>
</ul>
</div>
  </tr>
<tr>
<div class="storelistbt5"> 
<ul>
<li class="storelistbt5a">
<a href="http://www.80ge.info/txtxz/92990.html" target="_blank"><img src="http://img.80ge.info/92/92990/92990s.jpg" title="��Խ��"></a>
<a href="http://www.80ge.info/txtxz/92990.html" title="��Խ��TXTȫ������" class="bookname" target="_blank">����Խ�ߡ�TXT����</a><span class="bookdata">�ܵ����14665</span>
<p>���ߣ�<a href="/author/����У/" target="_blank">����У</a>���ࣺ���л���</p>
<p>    СŮ������ͷ�ʣ�ʲô��ʱ�⴩Խ�ߣ�    �ѽ���˵�����ǿ��Կ�Խʱ�գ��ı���ʷ��ŤתǬ�����������࡭�������Ǻ�ʱ�����ܵ��ˡ� ...</p>
<p>״̬:<span class="strong blue">�����</span> ����:19-03-10 �����½�:����  ��ջ� </p>
</li>
<li class="storelistbt5b">
<p><a href="http://www.80ge.info/txtxz/92990.html" target="_blank">TXT����</a></p>
<p><a rel="nofollow" href="Javascript:void(0);" onclick="javascript:vote(92990);">Ͷ�Ƽ�Ʊ</a></p>
<p><a rel="nofollow" href="Javascript:void(0);" onclick="javascript:addbookcase(92990);">�������</a></p>
</li>
</ul>
</div>
  </tr>
<tr>
<div class="storelistbt5"> 
<ul>
<li class="storelistbt5a">
<a href="http://www.80ge.info/txtxz/141524.html" target="_blank"><img src="http://img.80ge.info/141/141524/141524s.jpg" title="����"></a>
<a href="http://www.80ge.info/txtxz/141524.html" title="����TXTȫ������" class="bookname" target="_blank">�����ߡ�TXT����</a><span class="bookdata">�ܵ����355</span>
<p>���ߣ�<a href="/author/��Ϧ/" target="_blank">��Ϧ</a>���ࣺ�������</p>
<p>    ����������Ǻǧ�������ϱ������Թ���������һ�գ�����ͷҲ��������ʧ�ں������·�ڡ�    ����һʱ�������������Գ������࣬��������Զ���˼侪���硣 ...</p>
<p>״̬:<span class="strong green">������</span> ����:21-07-19 �����½�:�׺�һ���������壩 </p>
</li>
<li class="storelistbt5b">
<p><a href="http://www.80ge.info/txtxz/141524.html" target="_blank">TXT����</a></p>
<p><a rel="nofollow" href="Javascript:void(0);" onclick="javascript:vote(141524);">Ͷ�Ƽ�Ʊ</a></p>
<p><a rel="nofollow" href="Javascript:void(0);" onclick="javascript:addbookcase(141524);">�������</a></p>
</li>
</ul>
</div>
  </tr>
<tr>
<div class="storelistbt5"> 
<ul>
<li class="storelistbt5a">
<a href="http://www.80ge.info/txtxz/118652.html" target="_blank"><img src="http://img.80ge.info/118/118652/118652s.jpg" title="�����"></a>
<a href="http://www.80ge.info/txtxz/118652.html" title="�����TXTȫ������" class="bookname" target="_blank">������ߡ�TXT����</a><span class="bookdata">�ܵ����1766</span>
<p>���ߣ�<a href="/author/��дһ��/" target="_blank">��дһ��</a>���ࣺ��������</p>
<p>    ����ߣ���Ϊ��������Ϊ�ɣ������ֻ�Լ���������޾�ʱ��һ�ۼ�ɿ����������һ���ɶ�������ֻء� ...</p>
<p>״̬:<span class="strong green">������</span> ����:21-04-28 �����½�:��һ�ٰ�ʮ���� �������� </p>
</li>
<li class="storelistbt5b">
<p><a href="http://www.80ge.info/txtxz/118652.html" target="_blank">TXT����</a></p>
<p><a rel="nofollow" href="Javascript:void(0);" onclick="javascript:vote(118652);">Ͷ�Ƽ�Ʊ</a></p>
<p><a rel="nofollow" href="Javascript:void(0);" onclick="javascript:addbookcase(118652);">�������</a></p>
</li>
</ul>
</div>
  </tr>
<tr>
<div class="storelistbt5"> 
<ul>
<li class="storelistbt5a">
<a href="http://www.80ge.info/txtxz/167765.html" target="_blank"><img src="http://img.80ge.info/167/167765/167765s.jpg" title="Ϊ����Ϊ��"></a>
<a href="http://www.80ge.info/txtxz/167765.html" title="Ϊ����Ϊ��TXTȫ������" class="bookname" target="_blank">��Ϊ����Ϊ�ߡ�TXT����</a><span class="bookdata">�ܵ����2976</span>
<p>���ߣ�<a href="/author/·������Ԫ/" target="_blank">·������Ԫ</a>���ࣺ������Ϸ</p>
<p>    ??������ӽڣ�12��1�մ��а�����������ѿ����ҷ��⡢������������??�����ױȵ�������    �������޾��ĲƸ���������������Ը������ң���ÿ��ҹ���˾����¸���֮ʱ���Ҷ����鲻�Խ���������˼������������˭�ܹ����� ...</p>
<p>״̬:<span class="strong green">������</span> ����:24-03-10 �����½�:���顪����Ψ�ҵ��� </p>
</li>
<li class="storelistbt5b">
<p><a href="http://www.80ge.info/txtxz/167765.html" target="_blank">TXT����</a></p>
<p><a rel="nofollow" href="Javascript:void(0);" onclick="javascript:vote(167765);">Ͷ�Ƽ�Ʊ</a></p>
<p><a rel="nofollow" href="Javascript:void(0);" onclick="javascript:addbookcase(167765);">�������</a></p>
</li>
</ul>
</div>
  </tr>
<tr>
<div class="storelistbt5"> 
<ul>
<li class="storelistbt5a">
<a href="http://www.80ge.info/txtxz/201056.html" target="_blank"><img src="http://img.80ge.info/201/201056/201056s.jpg" title="����"></a>
<a href="http://www.80ge.info/txtxz/201056.html" title="����TXTȫ������" class="bookname" target="_blank">�����ߡ�TXT����</a><span class="bookdata">�ܵ����0</span>
<p>���ߣ�<a href="/author/��Я��/" target="_blank">��Я��</a>���ࣺ�������</p>
<p>    ��������è����һ����������ճ�����    �ֵ�����è����һ����ɽ��ı�׼װ��    �ε�����è����һ��ս��ʱ�Ļ�������    ����    ��Ҫ��ʦ������ɱ��������    ���ǰ���֮�������������    ʦ��˵�� ...</p>
<p>״̬:<span class="strong green">������</span> ����:25-01-27 �����½�:���� ����ʮ����  һ���һ� </p>
</li>
<li class="storelistbt5b">
<p><a href="http://www.80ge.info/txtxz/201056.html" target="_blank">TXT����</a></p>
<p><a rel="nofollow" href="Javascript:void(0);" onclick="javascript:vote(201056);">Ͷ�Ƽ�Ʊ</a></p>
<p><a rel="nofollow" href="Javascript:void(0);" onclick="javascript:addbookcase(201056);">�������</a></p>
</li>
</ul>
</div>
  </tr>
<tr>
<div class="storelistbt5"> 
<ul>
<li class="storelistbt5a">
<a href="http://www.80ge.info/txtxz/223382.html" target="_blank"><img src="http://img.80ge.info/223/223382/223382s.jpg" title="��λ��"></a>
<a href="http://www.80ge.info/txtxz/223382.html" title="��λ��TXTȫ������" class="bookname" target="_blank">����λ�ߡ�TXT����</a><span class="bookdata">�ܵ����0</span>
<p>���ߣ�<a href="/author/����/" target="_blank">����</a>���ࣺ��������</p>
<p>    ����������͸�鰮���ڸ������ֻ��������ֵ���ң����Բ����������������...... ...</p>
<p>״̬:<span class="strong green">������</span> ����:26-08-14 �����½�:��121�� ��������� </p>
</li>
<li class="storelistbt5b">
<p><a href="http://www.80ge.info/txtxz/223382.html" target="_blank">TXT����</a></p>
<p><a rel="nofollow" href="Javascript:void(0);" onclick="javascript:vote(223382);">Ͷ�Ƽ�Ʊ</a></p>
<p><a rel="nofollow" href="Javascript:void(0);" onclick="javascript:addbookcase(223382);">�������</a></p>
</li>
</ul>
</div>
  </tr>
<tr>
<div class="storelistbt5"> 
<ul>
<li class="storelistbt5a">
<a href="http://www.80ge.info/txtxz/224666.html" target="_blank"><img src="http://img.80ge.info/224/224666/224666s.jpg" title="�����"></a>
<a href="http://www.80ge.info/txtxz/224666.html" title="�����TXTȫ������" class="bookname" target="_blank">������ߡ�TXT����</a><span class="bookdata">�ܵ����0</span>
<p>���ߣ�<a href="/author/����ԭ��/" target="_blank">����ԭ��</a>���ࣺ�������</p>
<p>    �������飬���е��ǣ����ɳɵ���������ǧ����ǿ������ǡ�ӵ���ߣ���̤�����ժ�����գ�ն����ħ��ν֮����ߡ�    Ҷ�Ž���������ǣ����˵�֪��ֱ������������󣬲ű�������ǡ��������Ŷ����᲻���컯��    Ȼ������ ...</p>
<p>״̬:<span class="strong green">������</span> ����:26-08-03 �����½�:��4�� �ڶ����� </p>
</li>
<li class="storelistbt5b">
<p><a href="http://www.80ge.info/txtxz/224666.html" target="_blank">TXT����</a></p>
<p><a rel="nofollow" href="Javascript:void(0);" onclick="javascript:vote(224666);">Ͷ�Ƽ�Ʊ</a></p>
<p><a rel="nofollow" href="Javascript:void(0);" onclick="javascript:addbookcase(224666);">�������</a></p>
</li>
</ul>
</div>
  </tr>
<tr>
<div class="storelistbt5"> 
<ul>
<li class="storelistbt5a">
<a href="http://www.80ge.info/txtxz/41723.html" target="_blank"><img src="http://img.80ge.info/41/41723/41723s.jpg" title="��η��"></a>
<a href="http://www.80ge.info/txtxz/41723.html" title="��η��TXTȫ������" class="bookname" target="_blank">����η�ߡ�TXT����</a><span class="bookdata">�ܵ����2784</span>
<p>���ߣ�<a href="/author/����ʱ/" target="_blank">����ʱ</a>���ࣺ��������</p>
<p>    һ������̤���ѧ�ż���ѧ��,����Ů���Ѷ�����ĥʱ����ǷǶ����˼���������֮�ؼ����Ĺ����һ��˹�ȥ,�ɴ�ȴ�ı�����һ������������......
    ���齲�������ĸ���ͬʱ��̸��������,���벻�ö���˵����.... ...</p>
<p>״̬:<span class="strong green">������</span> ����:17-07-27 �����½�:����ʮ��   ��     �� </p>
</li>
<li class="storelistbt5b">
<p><a href="http://www.80ge.info/txtxz/41723.html" target="_blank">TXT����</a></p>
<p><a rel="nofollow" href="Javascript:void(0);" onclick="javascript:vote(41723);">Ͷ�Ƽ�Ʊ</a></p>
<p><a rel="nofollow" href="Javascript:void(0);" onclick="javascript:addbookcase(41723);">�������</a></p>
</li>
</ul>
</div>
  </tr>
<tr>
<div class="storelistbt5"> 
<ul>
<li class="storelistbt5a">
<a href="http://www.80ge.info/txtxz/65399.html" target="_blank"><img src="http://img.80ge.info/65/65399/65399s.jpg" title="��թ��"></a>
<a href="http://www.80ge.info/txtxz/65399.html" title="��թ��TXTȫ������" class="bookname" target="_blank">����թ�ߡ�TXT����</a><span class="bookdata">�ܵ����1213</span>
<p>���ߣ�<a href="/author/īɽ��/" target="_blank">īɽ��</a>���ࣺ�ֲ����</p>
<p>    �������������˻�������ƭ����������ƭƽ��������ƭ��ͽ���������ְ���������Ū�ڹ���֮�䡣����ŷ������ƽ����˵����������֮����֪������һ��֮����������֮��Դ�����й��򣬹��ɵĴ������γɶ���������֮�ֵ�ת�������� ...</p>
<p>״̬:<span class="strong green">������</span> ����:17-07-27 �����½�:һЩ�뷨 </p>
</li>
<li class="storelistbt5b">
<p><a href="http://www.80ge.info/txtxz/65399.html" target="_blank">TXT����</a></p>
<p><a rel="nofollow" href="Javascript:void(0);" onclick="javascript:vote(65399);">Ͷ�Ƽ�Ʊ</a></p>
<p><a rel="nofollow" href="Javascript:void(0);" onclick="javascript:addbookcase(65399);">�������</a></p>
</li>
</ul>
</div>
  </tr>
<tr>
<div class="storelistbt5"> 
<ul>
<li class="storelistbt5a">
<a href="http://www.80ge.info/txtxz/12802.html" target="_blank"><img src="http://img.80ge.info/12/12802/12802s.jpg" title="ȭ����"></a>
<a href="http://www.80ge.info/txtxz/12802.html" title="ȭ����TXTȫ������" class="bookname" target="_blank">��ȭ���ߡ�TXT����</a><span class="bookdata">�ܵ����14530</span>
<p>���ߣ�<a href="/author/ľ�״���/" target="_blank">ľ�״���</a>���ࣺ��������</p>
<p>    ���ԣ�
    ȭ��֮�������֮������������������������
    ȭ���ߣ���˫ȭ֮��������һƬǿ�ߵ���ա�
    ��������������������
    ǿ�ߣ�����һ��Ҫ��������ˣ���֤���Լ���һ��ǿ�ߡ�
    ֻҪ�� ...</p>
<p>״̬:<span class="strong green">������</span> ����:16-02-01 �����½�:���鷢�����֧�� </p>
</li>
<li class="storelistbt5b">
<p><a href="http://www.80ge.info/txtxz/12802.html" target="_blank">TXT����</a></p>
<p><a rel="nofollow" href="Javascript:void(0);" onclick="javascript:vote(12802);">Ͷ�Ƽ�Ʊ</a></p>
<p><a rel="nofollow" href="Javascript:void(0);" onclick="javascript:addbookcase(12802);">�������</a></p>
</li>
</ul>
</div>
  </tr>
<tr>
<div class="storelistbt5"> 
<ul>
<li class="storelistbt5a">
<a href="http://www.80ge.info/txtxz/28662.html" target="_blank"><img src="http://img.80ge.info/28/28662/28662s.jpg" title="����"></a>
<a href="http://www.80ge.info/txtxz/28662.html" title="����TXTȫ������" class="bookname" target="_blank">�����ߡ�TXT����</a><span class="bookdata">�ܵ����2767</span>
<p>���ߣ�<a href="/author/�۷�����/" target="_blank">�۷�����</a>���ࣺ��������</p>
<p>    ������ţ�����������һ��ǧ�Ŵ��������������ޣ�������������̤���ս����������Ÿ��������صأ����췭�ظ��������������壬�������ȣ���������죡�����������ʣ�̤��һ����ţ���ң���㣬������Ů������     ���ղأ��� ...</p>
<p>״̬:<span class="strong green">������</span> ����:17-07-27 �����½�:��һ�� �������� </p>
</li>
<li class="storelistbt5b">
<p><a href="http://www.80ge.info/txtxz/28662.html" target="_blank">TXT����</a></p>
<p><a rel="nofollow" href="Javascript:void(0);" onclick="javascript:vote(28662);">Ͷ�Ƽ�Ʊ</a></p>
<p><a rel="nofollow" href="Javascript:void(0);" onclick="javascript:addbookcase(28662);">�������</a></p>
</li>
</ul>
</div>
  </tr>
<tr>
<div class="storelistbt5"> 
<ul>
<li class="storelistbt5a">
<a href="http://www.80ge.info/txtxz/32577.html" target="_blank"><img src="http://img.80ge.info/32/32577/32577s.jpg" title="����"></a>
<a href="http://www.80ge.info/txtxz/32577.html" title="����TXTȫ������" class="bookname" target="_blank">�����ߡ�TXT����</a><span class="bookdata">�ܵ����7028</span>
<p>���ߣ�<a href="/author/��ǽ��/" target="_blank">��ǽ��</a>���ࣺ������Ϸ</p>
<p>    ÿ���˶���ÿ���˵�����ÿ���˶���ÿ���˵Ľ١������١������ɴ˶�����
    ÿһ���˶���һ������һ�������������ǲ������壬������꣬������־��ֻ�ǵ����������ѡ�
    ֻ�а������н��Ѳſɳ��������������١����� ...</p>
<p>״̬:<span class="strong green">������</span> ����:17-07-27 �����½�:��Ҳ���ˣ���ɢ����ת˲�� </p>
</li>
<li class="storelistbt5b">
<p><a href="http://www.80ge.info/txtxz/32577.html" target="_blank">TXT����</a></p>
<p><a rel="nofollow" href="Javascript:void(0);" onclick="javascript:vote(32577);">Ͷ�Ƽ�Ʊ</a></p>
<p><a rel="nofollow" href="Javascript:void(0);" onclick="javascript:addbookcase(32577);">�������</a></p>
</li>
</ul>
</div>
  </tr>
<tr>
<div class="storelistbt5"> 
<ul>
<li class="storelistbt5a">
<a href="http://www.80ge.info/txtxz/4276.html" target="_blank"><img src="http://img.80ge.info/4/4276/4276s.jpg" title="�ֽ���"></a>
<a href="http://www.80ge.info/txtxz/4276.html" title="�ֽ���TXTȫ������" class="bookname" target="_blank">���ֽ��ߡ�TXT����</a><span class="bookdata">�ܵ����26274</span>
<p>���ߣ�<a href="/author/ά��/" target="_blank">ά��</a>���ࣺ��Խ����</p>
<p>    һ����ְҽ��������֮�ã�
    ʹ���տܡ��λش��ơ�������ա��ٹ�ҹ�С���
    ��ʵ����éɽ�õ���Ѱ��̽�桭��
    С�����˵��������ߣ�Ӣ���ˬ��Ůս�񣬷������ֵľ�β���������벻���������㣬ı��ǧ�� ...</p>
<p>״̬:<span class="strong green">������</span> ����:14-10-17 �����½�:��889�� </p>
</li>
<li class="storelistbt5b">
<p><a href="http://www.80ge.info/txtxz/4276.html" target="_blank">TXT����</a></p>
<p><a rel="nofollow" href="Javascript:void(0);" onclick="javascript:vote(4276);">Ͷ�Ƽ�Ʊ</a></p>
<p><a rel="nofollow" href="Javascript:void(0);" onclick="javascript:addbookcase(4276);">�������</a></p>
</li>
</ul>
</div>
  </tr>
<tr>
<div class="storelistbt5"> 
<ul>
<li class="storelistbt5a">
<a href="http://www.80ge.info/txtxz/323.html" target="_blank"><img src="http://img.80ge.info/0/323/323s.jpg" title="��Ȩ��"></a>
<a href="http://www.80ge.info/txtxz/323.html" title="��Ȩ��TXTȫ������" class="bookname" target="_blank">����Ȩ�ߡ�TXT����</a><span class="bookdata">�ܵ����175887</span>
<p>���ߣ�<a href="/author/һ�����߾�/" target="_blank">һ�����߾�</a>���ࣺ�ٳ�ְ��</p>
<p>    �ж�����Ȩ���������˼䡣
    .
    .
    ���顶��λ�������2650882��
    ����һ���ݸ����꣬Ұ�Ĳ���̤��ٳ���һ·��ƴ������ֱ�ϡ�
    �ҿ�����������������֯��ϵ������ҵ�гɡ����� ...</p>
<p>״̬:<span class="strong blue">�����</span> ����:14-12-17 �����½�:��1173�� Ϊ���ڷ���� </p>
</li>
<li class="storelistbt5b">
<p><a href="http://www.80ge.info/txtxz/323.html" target="_blank">TXT����</a></p>
<p><a rel="nofollow" href="Javascript:void(0);" onclick="javascript:vote(323);">Ͷ�Ƽ�Ʊ</a></p>
<p><a rel="nofollow" href="Javascript:void(0);" onclick="javascript:addbookcase(323);">�������</a></p>
</li>
</ul>
</div>
  </tr>
<tr>
<div class="storelistbt5"> 
<ul>
<li class="storelistbt5a">
<a href="http://www.80ge.info/txtxz/78343.html" target="_blank"><img src="http://img.80ge.info/78/78343/78343s.jpg" title="����"></a>
<a href="http://www.80ge.info/txtxz/78343.html" title="����TXTȫ������" class="bookname" target="_blank">�����ߡ�TXT����</a><span class="bookdata">�ܵ����65657</span>
<p>���ߣ�<a href="/author/��Ʒ/" target="_blank">��Ʒ</a>���ࣺ���־���</p>
<p>    �����б��������ǣ�����ӥ�����ƺ����������ˣ����Ҿƣ���ս�죬ɱ���顣    ����������������η���������֣����ұ�����PS��ȼ�������Ѫ��ȼ����������٣����źŽǳ������������Ѫ�ж��ĳ�����飡    ����ᡶ�� ...</p>
<p>״̬:<span class="strong green">������</span> ����:20-01-12 �����½�:��968�� ���ߣ������� </p>
</li>
<li class="storelistbt5b">
<p><a href="http://www.80ge.info/txtxz/78343.html" target="_blank">TXT����</a></p>
<p><a rel="nofollow" href="Javascript:void(0);" onclick="javascript:vote(78343);">Ͷ�Ƽ�Ʊ</a></p>
<p><a rel="nofollow" href="Javascript:void(0);" onclick="javascript:addbookcase(78343);">�������</a></p>
</li>
</ul>
</div>
  </tr>
<tr>
<div class="storelistbt5"> 
<ul>
<li class="storelistbt5a">
<a href="http://www.80ge.info/txtxz/94684.html" target="_blank"><img src="http://img.80ge.info/94/94684/94684s.jpg" title="����"></a>
<a href="http://www.80ge.info/txtxz/94684.html" title="����TXTȫ������" class="bookname" target="_blank">�����ߡ�TXT����</a><span class="bookdata">�ܵ����594</span>
<p>���ߣ�<a href="/author/����/" target="_blank">����</a>���ࣺ��������</p>
<p>    &#12288;&#12288;    ��Ϊ�˳ɵ�����˵��һ�ǣ�������һ���������£��������ֺη����� ...</p>
<p>״̬:<span class="strong green">������</span> ����:18-08-20 �����½�:������    ɱ����ȡ�� </p>
</li>
<li class="storelistbt5b">
<p><a href="http://www.80ge.info/txtxz/94684.html" target="_blank">TXT����</a></p>
<p><a rel="nofollow" href="Javascript:void(0);" onclick="javascript:vote(94684);">Ͷ�Ƽ�Ʊ</a></p>
<p><a rel="nofollow" href="Javascript:void(0);" onclick="javascript:addbookcase(94684);">�������</a></p>
</li>
</ul>
</div>
  </tr>
<tr>
<div class="storelistbt5"> 
<ul>
<li class="storelistbt5a">
<a href="http://www.80ge.info/txtxz/93217.html" target="_blank"><img src="http://img.80ge.info/93/93217/93217s.jpg" title="ȡ����"></a>
<a href="http://www.80ge.info/txtxz/93217.html" title="ȡ����TXTȫ������" class="bookname" target="_blank">��ȡ���ߡ�TXT����</a><span class="bookdata">�ܵ����607</span>
<p>���ߣ�<a href="/author/ľ��ľ��/" target="_blank">ľ��ľ��</a>���ࣺ���л���</p>
<p>    &#12288;&#12288;�׷������ս���У�Ⱥ���ϳ���¹��˭�֣�    &#12288;&#12288;���������������У������ܿܣ�˭�Ƕ�Ȩ���ĸ߷壿    &#12288;&#12288;���˺����۵Ľ�ɽ ...</p>
<p>״̬:<span class="strong green">������</span> ����:19-02-24 �����½�:525.��ʵû��ʤ�� </p>
</li>
<li class="storelistbt5b">
<p><a href="http://www.80ge.info/txtxz/93217.html" target="_blank">TXT����</a></p>
<p><a rel="nofollow" href="Javascript:void(0);" onclick="javascript:vote(93217);">Ͷ�Ƽ�Ʊ</a></p>
<p><a rel="nofollow" href="Javascript:void(0);" onclick="javascript:addbookcase(93217);">�������</a></p>
</li>
</ul>
</div>
  </tr>
<tr>
<div class="storelistbt5"> 
<ul>
<li class="storelistbt5a">
<a href="http://www.80ge.info/txtxz/99327.html" target="_blank"><img src="http://img.80ge.info/99/99327/99327s.jpg" title="����"></a>
<a href="http://www.80ge.info/txtxz/99327.html" title="����TXTȫ������" class="bookname" target="_blank">�����ߡ�TXT����</a><span class="bookdata">�ܵ����559</span>
<p>���ߣ�<a href="/author/̫�ӹ���/" target="_blank">̫�ӹ���</a>���ࣺ��ʷ����</p>
<p>    �ü����壺����䣬���ڼ䣬�з��䣬�����䣬�����䡣    ̽����������磬�����д�õ�ǰ;��Ȼ��һ��ս�������Ƽ��������ұ���������̤���ԭ����һ��������һ���㴦�ںڰ�֮�У�Ǳ���з�����Ϊ���ߡ�    ��ã��ԭ�� ...</p>
<p>״̬:<span class="strong green">������</span> ����:19-03-08 �����½�:283 �������²��꣩ </p>
</li>
<li class="storelistbt5b">
<p><a href="http://www.80ge.info/txtxz/99327.html" target="_blank">TXT����</a></p>
<p><a rel="nofollow" href="Javascript:void(0);" onclick="javascript:vote(99327);">Ͷ�Ƽ�Ʊ</a></p>
<p><a rel="nofollow" href="Javascript:void(0);" onclick="javascript:addbookcase(99327);">�������</a></p>
</li>
</ul>
</div>
  </tr>
<tr>
<div class="storelistbt5"> 
<ul>
<li class="storelistbt5a">
<a href="http://www.80ge.info/txtxz/70371.html" target="_blank"><img src="http://img.80ge.info/70/70371/70371s.jpg" title="�����"></a>
<a href="http://www.80ge.info/txtxz/70371.html" title="�����TXTȫ������" class="bookname" target="_blank">������ߡ�TXT����</a><span class="bookdata">�ܵ����2528</span>
<p>���ߣ�<a href="/author/���ʶ���/" target="_blank">���ʶ���</a>���ࣺ�ֲ����</p>
<p>    �������ĸ�Դ��������Ա��ƵĻ����������
    �����沨������Ҳ��׷Ѱϣ�����ھ�����һϵ�а��������ƺ��ҵ��˴𰸡���
    ����˷����İ����У���̫��Ĳ�����ɻ��ҽҿ�����Ѱ�����������еĺ��֣��Ǿ� ...</p>
<p>״̬:<span class="strong green">������</span> ����:17-10-06 �����½�:��530�� ʮ��֮�󣨴��֣� </p>
</li>
<li class="storelistbt5b">
<p><a href="http://www.80ge.info/txtxz/70371.html" target="_blank">TXT����</a></p>
<p><a rel="nofollow" href="Javascript:void(0);" onclick="javascript:vote(70371);">Ͷ�Ƽ�Ʊ</a></p>
<p><a rel="nofollow" href="Javascript:void(0);" onclick="javascript:addbookcase(70371);">�������</a></p>
</li>
</ul>
</div>
  </tr>
<tr>
<div class="storelistbt5"> 
<ul>
<li class="storelistbt5a">
<a href="http://www.80ge.info/txtxz/71776.html" target="_blank"><img src="http://img.80ge.info/71/71776/71776s.jpg" title="˫����"></a>
<a href="http://www.80ge.info/txtxz/71776.html" title="˫����TXTȫ������" class="bookname" target="_blank">��˫���ߡ�TXT����</a><span class="bookdata">�ܵ����1180</span>
<p>���ߣ�<a href="/author/����ҥ��/" target="_blank">����ҥ��</a>���ࣺ��������</p>
<p>    һȺ����ۼ���һ�𻨷��������һ��ר�Ű�æ���ײ���˽�����µ���֯��    ������֯�ڲ�������Ҫ���ĲȡǮ�ƣ�������ĳ�����ز���˾�������������֯�ڲ���˿�ʼ������ɡ� ...</p>
<p>״̬:<span class="strong green">������</span> ����:17-12-04 �����½�:����ʮ���� ����µ����� </p>
</li>
<li class="storelistbt5b">
<p><a href="http://www.80ge.info/txtxz/71776.html" target="_blank">TXT����</a></p>
<p><a rel="nofollow" href="Javascript:void(0);" onclick="javascript:vote(71776);">Ͷ�Ƽ�Ʊ</a></p>
<p><a rel="nofollow" href="Javascript:void(0);" onclick="javascript:addbookcase(71776);">�������</a></p>
</li>
</ul>
</div>
  </tr>
<tr>
<div class="storelistbt5"> 
<ul>
<li class="storelistbt5a">
<a href="http://www.80ge.info/txtxz/72006.html" target="_blank"><img src="http://img.80ge.info/72/72006/72006s.jpg" title="������"></a>
<a href="http://www.80ge.info/txtxz/72006.html" title="������TXTȫ������" class="bookname" target="_blank">�������ߡ�TXT����</a><span class="bookdata">�ܵ����7339</span>
<p>���ߣ�<a href="/author/��������/" target="_blank">��������</a>���ࣺ��������</p>
<p>    ����Ǵ������һ��𣬲��������������Ϊ����������������һ�㶼�����������Է��ع����Լ������С�    ��ˣ�Ѷ�ʵļ������ڹ��ģ�Ҫ�÷��������˸��ܵ��㹻��ѹ����ʵ�ʰ����У����㷸����������Ե���ȷ�䡢��ֵ�֤�ݣ�Ҳ ...</p>
<p>״̬:<span class="strong green">������</span> ����:18-01-30 �����½�:���� </p>
</li>
<li class="storelistbt5b">
<p><a href="http://www.80ge.info/txtxz/72006.html" target="_blank">TXT����</a></p>
<p><a rel="nofollow" href="Javascript:void(0);" onclick="javascript:vote(72006);">Ͷ�Ƽ�Ʊ</a></p>
<p><a rel="nofollow" href="Javascript:void(0);" onclick="javascript:addbookcase(72006);">�������</a></p>
</li>
</ul>
</div>
  </tr>
<tr>
<div class="storelistbt5"> 
<ul>
<li class="storelistbt5a">
<a href="http://www.80ge.info/txtxz/72356.html" target="_blank"><img src="http://img.80ge.info/72/72356/72356s.jpg" title="������"></a>
<a href="http://www.80ge.info/txtxz/72356.html" title="������TXTȫ������" class="bookname" target="_blank">�������ߡ�TXT����</a><span class="bookdata">�ܵ����1385</span>
<p>���ߣ�<a href="/author/����ã/" target="_blank">����ã</a>���ࣺ������Ϸ</p>
<p>    �ҽк�������ʵ��������    ��������ʵ��������Ͽ������棬һ�������ʵ�Ĳٵ�����    ÿ����Ŵ��㹤����һ����һ�٣����ϸ��Լ������Ĳٵ�������    ������������ϻ������������������űߵĲٵ��Ρ�    �� ...</p>
<p>״̬:<span class="strong green">������</span> ����:17-10-06 �����½�:�۵ø�������һ�� </p>
</li>
<li class="storelistbt5b">
<p><a href="http://www.80ge.info/txtxz/72356.html" target="_blank">TXT����</a></p>
<p><a rel="nofollow" href="Javascript:void(0);" onclick="javascript:vote(72356);">Ͷ�Ƽ�Ʊ</a></p>
<p><a rel="nofollow" href="Javascript:void(0);" onclick="javascript:addbookcase(72356);">�������</a></p>
</li>
</ul>
</div>
  </tr>
<tr>
<div class="storelistbt5"> 
<ul>
<li class="storelistbt5a">
<a href="http://www.80ge.info/txtxz/150830.html" target="_blank"><img src="http://img.80ge.info/150/150830/150830s.jpg" title="����"></a>
<a href="http://www.80ge.info/txtxz/150830.html" title="����TXTȫ������" class="bookname" target="_blank">�����ߡ�TXT����</a><span class="bookdata">�ܵ����181</span>
<p>���ߣ�<a href="/author/ʮ����/" target="_blank">ʮ����</a>���ࣺ�������</p>
<p>    ��Ϊ�������Ƴ�Х������ƽ���п�����Ϊ���߳�ǹ����ͷ�����һ�������Ϊ���߻���Ϊ����Ը���½�Ϊ���� ...</p>
<p>״̬:<span class="strong green">������</span> ����:21-12-27 �����½�:����ʮ���� ��ʦһ�� </p>
</li>
<li class="storelistbt5b">
<p><a href="http://www.80ge.info/txtxz/150830.html" target="_blank">TXT����</a></p>
<p><a rel="nofollow" href="Javascript:void(0);" onclick="javascript:vote(150830);">Ͷ�Ƽ�Ʊ</a></p>
<p><a rel="nofollow" href="Javascript:void(0);" onclick="javascript:addbookcase(150830);">�������</a></p>
</li>
</ul>
</div>
  </tr>
<tr>
<div class="storelistbt5"> 
<ul>
<li class="storelistbt5a">
<a href="http://www.80ge.info/txtxz/131044.html" target="_blank"><img src="http://img.80ge.info/131/131044/131044s.jpg" title="����"></a>
<a href="http://www.80ge.info/txtxz/131044.html" title="����TXTȫ������" class="bookname" target="_blank">�����ߡ�TXT����</a><span class="bookdata">�ܵ����268</span>
<p>���ߣ�<a href="/author/Ը�����ߢ/" target="_blank">Ը�����ߢ</a>���ࣺ��������</p>
<p>    ���µ�һ�Ľ��ͣ�������˽����Ĵ��ɱɱ���۽��ڽ�������������һ��¥������һ���ϾƵ�С����    Ȼ�������˵ĵط����н��������������ȥ���磿�������Ķ�Թ�Ƿǣ������������ʹ�����ò�������������������棬�����ǽ� ...</p>
<p>״̬:<span class="strong green">������</span> ����:21-03-03 �����½�:������ ��Ը </p>
</li>
<li class="storelistbt5b">
<p><a href="http://www.80ge.info/txtxz/131044.html" target="_blank">TXT����</a></p>
<p><a rel="nofollow" href="Javascript:void(0);" onclick="javascript:vote(131044);">Ͷ�Ƽ�Ʊ</a></p>
<p><a rel="nofollow" href="Javascript:void(0);" onclick="javascript:addbookcase(131044);">�������</a></p>
</li>
</ul>
</div>
  </tr>
<tr>
<div class="storelistbt5"> 
<ul>
<li class="storelistbt5a">
<a href="http://www.80ge.info/txtxz/135504.html" target="_blank"><img src="http://img.80ge.info/135/135504/135504s.jpg" title="������"></a>
<a href="http://www.80ge.info/txtxz/135504.html" title="������TXTȫ������" class="bookname" target="_blank">�������ߡ�TXT����</a><span class="bookdata">�ܵ����326</span>
<p>���ߣ�<a href="/author/��ͷ����/" target="_blank">��ͷ����</a>���ࣺ�������</p>
<p>    �����ϱ���û�о��ԵĹ�ƽ��ֻ�н�����Ϊ��Ҷ���Ĥ�ݵ�    ����������һ�������������˽���������ֻ����Ϊ������ʵ��̫ǿ������û��������е�����ƽ��    ���Ǻã��Ҿ���ȭͷΪ�ҵĽ���......����˵����� ...</p>
<p>״̬:<span class="strong green">������</span> ����:21-04-09 �����½�:��ʮ����  ���½���� </p>
</li>
<li class="storelistbt5b">
<p><a href="http://www.80ge.info/txtxz/135504.html" target="_blank">TXT����</a></p>
<p><a rel="nofollow" href="Javascript:void(0);" onclick="javascript:vote(135504);">Ͷ�Ƽ�Ʊ</a></p>
<p><a rel="nofollow" href="Javascript:void(0);" onclick="javascript:addbookcase(135504);">�������</a></p>
</li>
</ul>
</div>
  </tr>
<tr>
<div class="storelistbt5"> 
<ul>
<li class="storelistbt5a">
<a href="http://www.80ge.info/txtxz/166090.html" target="_blank"><img src="http://img.80ge.info/166/166090/166090s.jpg" title="����"></a>
<a href="http://www.80ge.info/txtxz/166090.html" title="����TXTȫ������" class="bookname" target="_blank">�����ߡ�TXT����</a><span class="bookdata">�ܵ����14351</span>
<p>���ߣ�<a href="/author/����/" target="_blank">����</a>���ࣺ��������</p>
<p>    ��ν���ߣ�������������ȡ���֮������������֮��̥�������֮�컯��    һ����΢����ë��ū���������˰��ţ����������Ĵ�˵����֪����ֻ�г�Ϊ���ߣ��������ⷽ�����ô�Ϣ֮��. ...</p>
<p>״̬:<span class="strong green">������</span> ����:24-05-13 �����½�:��һǧ����ʮһ�� ��Ļ </p>
</li>
<li class="storelistbt5b">
<p><a href="http://www.80ge.info/txtxz/166090.html" target="_blank">TXT����</a></p>
<p><a rel="nofollow" href="Javascript:void(0);" onclick="javascript:vote(166090);">Ͷ�Ƽ�Ʊ</a></p>
<p><a rel="nofollow" href="Javascript:void(0);" onclick="javascript:addbookcase(166090);">�������</a></p>
</li>
</ul>
</div>
  </tr>
<tr>
<div class="storelistbt5"> 
<ul>
<li class="storelistbt5a">
<a href="http://www.80ge.info/txtxz/167252.html" target="_blank"><img src="http://img.80ge.info/167/167252/167252s.jpg" title="��Ц��"></a>
<a href="http://www.80ge.info/txtxz/167252.html" title="��Ц��TXTȫ������" class="bookname" target="_blank">����Ц�ߡ�TXT����</a><span class="bookdata">�ܵ����238</span>
<p>���ߣ�<a href="/author/Rongke/" target="_blank">Rongke</a>���ࣺ��ƪ�ۺ�</p>
<p>    ������ӽ���Ϯ,���ҷ������ر���,���а�����ѿ����ھ����Ǹ�����ô¶��Ļ쵰в���£��ֻ����������������������������������ǧ��ٹֹ���������С�    �ֻ������е����桢���������Ľ�������������������Ѱ�������� ...</p>
<p>״̬:<span class="strong blue">�����</span> ����:25-11-01 �����½�:���顶�������ϼܣ���ӭ����Ķ��� </p>
</li>
<li class="storelistbt5b">
<p><a href="http://www.80ge.info/txtxz/167252.html" target="_blank">TXT����</a></p>
<p><a rel="nofollow" href="Javascript:void(0);" onclick="javascript:vote(167252);">Ͷ�Ƽ�Ʊ</a></p>
<p><a rel="nofollow" href="Javascript:void(0);" onclick="javascript:addbookcase(167252);">�������</a></p>
</li>
</ul>
</div>
  </tr>
<tr>
<div class="storelistbt5"> 
<ul>
<li class="storelistbt5a">
<a href="http://www.80ge.info/txtxz/197042.html" target="_blank"><img src="http://img.80ge.info/197/197042/197042s.jpg" title="��Ⱦ��"></a>
<a href="http://www.80ge.info/txtxz/197042.html" title="��Ⱦ��TXTȫ������" class="bookname" target="_blank">����Ⱦ�ߡ�TXT����</a><span class="bookdata">�ܵ����0</span>
<p>���ߣ�<a href="/author/��̱�/" target="_blank">��̱�</a>���ࣺ�ƻ�δ��</p>
<p>    �ܻ��Ĵ��������Ρ�    ��ֻ��ӱ��˵�����·����    ���������˶�������ܡ�    ������Ϊ�ϴ�ѧ�����»������ܻ��Ŀ�ʼ���������ڱ��˵������Ҵڡ�    İ��ͬѧ�μ�����ԣ��μ��ϵ���ɱ����ʲô���½������� ...</p>
<p>״̬:<span class="strong green">������</span> ����:26-08-03 �����½�:216 �� 216 �� </p>
</li>
<li class="storelistbt5b">
<p><a href="http://www.80ge.info/txtxz/197042.html" target="_blank">TXT����</a></p>
<p><a rel="nofollow" href="Javascript:void(0);" onclick="javascript:vote(197042);">Ͷ�Ƽ�Ʊ</a></p>
<p><a rel="nofollow" href="Javascript:void(0);" onclick="javascript:addbookcase(197042);">�������</a></p>
</li>
</ul>
</div>
  </tr>
<tr>
<div class="storelistbt5"> 
<ul>
<li class="storelistbt5a">
<a href="http://www.80ge.info/txtxz/178519.html" target="_blank"><img src="http://img.80ge.info/178/178519/178519s.jpg" title="�ƿ���"></a>
<a href="http://www.80ge.info/txtxz/178519.html" title="�ƿ���TXTȫ������" class="bookname" target="_blank">���ƿ��ߡ�TXT����</a><span class="bookdata">�ܵ����0</span>
<p>���ߣ�<a href="/author/�ؾ�/" target="_blank">�ؾ�</a>���ࣺ��ƪ�ۺ�</p>
<p>    ��ȫ����᡿    ��׷�޻��᳡/�ƾ���Բ/˫����/HE��    ���±�������Ͷ�������ղء�    1    ��ѧУ԰���˲�֪�����ޣ��������渵���Ӷ����컨�弶��Ĵ��ڣ�����ҫ�������������������ո���Ů�ġ�    ...</p>
<p>״̬:<span class="strong blue">�����</span> ����:23-11-05 �����½�:102 ���⣨ȫ����ᣩ </p>
</li>
<li class="storelistbt5b">
<p><a href="http://www.80ge.info/txtxz/178519.html" target="_blank">TXT����</a></p>
<p><a rel="nofollow" href="Javascript:void(0);" onclick="javascript:vote(178519);">Ͷ�Ƽ�Ʊ</a></p>
<p><a rel="nofollow" href="Javascript:void(0);" onclick="javascript:addbookcase(178519);">�������</a></p>
</li>
</ul>
</div>
  </tr>
<tr>
<div class="storelistbt5"> 
<ul>
<li class="storelistbt5a">
<a href="http://www.80ge.info/txtxz/186377.html" target="_blank"><img src="http://img.80ge.info/186/186377/186377s.jpg" title="ִ����"></a>
<a href="http://www.80ge.info/txtxz/186377.html" title="ִ����TXTȫ������" class="bookname" target="_blank">��ִ���ߡ�TXT����</a><span class="bookdata">�ܵ����0</span>
<p>���ߣ�<a href="/author/�Ϲ����U/" target="_blank">�Ϲ����U</a>���ࣺ��������</p>
<p>    ���£�һ�����������Ĵ��ߣ���թƭ�Ż����������ƽ�����磬ռ��ִ�����̾������壬���ͼ������������Ӵ˱��Ϊ��������粻��֮ͽ��ج�Ρ��� ...</p>
<p>״̬:<span class="strong green">������</span> ����:24-06-20 �����½�:��225��   ͬ�⣨���֣� </p>
</li>
<li class="storelistbt5b">
<p><a href="http://www.80ge.info/txtxz/186377.html" target="_blank">TXT����</a></p>
<p><a rel="nofollow" href="Javascript:void(0);" onclick="javascript:vote(186377);">Ͷ�Ƽ�Ʊ</a></p>
<p><a rel="nofollow" href="Javascript:void(0);" onclick="javascript:addbookcase(186377);">�������</a></p>
</li>
</ul>
</div>
  </tr>
<tr>
<div class="storelistbt5"> 
<ul>
<li class="storelistbt5a">
<a href="http://www.80ge.info/txtxz/222280.html" target="_blank"><img src="http://img.80ge.info/222/222280/222280s.jpg" title="Ѱ����"></a>
<a href="http://www.80ge.info/txtxz/222280.html" title="Ѱ����TXTȫ������" class="bookname" target="_blank">��Ѱ���ߡ�TXT����</a><span class="bookdata">�ܵ����0</span>
<p>���ߣ�<a href="/author/������/" target="_blank">������</a>���ࣺ��ƪ�ۺ�</p>
<p>    ����һ��DNA����ʦ����һ��ͻ������Ϊ�Լ�����һ�����Ӽ�����������ֲ�������ǰ�ĸ�ĸ������    ���ǿ�ʼ��������Ѱ��֮·��ͬʱҲ�Ӵ��˸��ָ�����Ѱ���ߣ���Ϊ�����ҵ����ˡ���    ��ÿλ��Ѱ�������ж���һ���ˣ� ...</p>
<p>״̬:<span class="strong green">������</span> ����:26-08-13 �����½�:��94�� ���εĽ�� </p>
</li>
<li class="storelistbt5b">
<p><a href="http://www.80ge.info/txtxz/222280.html" target="_blank">TXT����</a></p>
<p><a rel="nofollow" href="Javascript:void(0);" onclick="javascript:vote(222280);">Ͷ�Ƽ�Ʊ</a></p>
<p><a rel="nofollow" href="Javascript:void(0);" onclick="javascript:addbookcase(222280);">�������</a></p>
</li>
</ul>
</div>
  </tr>
<tr>
<div class="storelistbt5"> 
<ul>
<li class="storelistbt5a">
<a href="http://www.80ge.info/txtxz/44248.html" target="_blank"><img src="http://img.80ge.info/44/44248/44248s.jpg" title="��Խ�ߴ�Խ�˴�Խ��"></a>
<a href="http://www.80ge.info/txtxz/44248.html" title="��Խ�ߴ�Խ�˴�Խ��TXTȫ������" class="bookname" target="_blank">����Խ�ߴ�Խ�˴�Խ�ߡ�TXT����</a><span class="bookdata">�ܵ����120734</span>
<p>���ߣ�<a href="/author/èƣ/" target="_blank">èƣ</a>���ࣺ��Խ����</p>
<p> ...</p>
<p>״̬:<span class="strong green">������</span> ����:18-07-27 �����½�:�ƺ�ɽ�ı˶�֮��Ӧ������֮�ڣ� </p>
</li>
<li class="storelistbt5b">
<p><a href="http://www.80ge.info/txtxz/44248.html" target="_blank">TXT����</a></p>
<p><a rel="nofollow" href="Javascript:void(0);" onclick="javascript:vote(44248);">Ͷ�Ƽ�Ʊ</a></p>
<p><a rel="nofollow" href="Javascript:void(0);" onclick="javascript:addbookcase(44248);">�������</a></p>
</li>
</ul>
</div>
  </tr>
</table>

</div>
<div id="footer">
<div id="f_link">
<a href="/support/about.html" title="��������" target="_blank">��������</a>-<a href="/support/help.html" title="txtС˵���ذ���" target="_blank">��վ����</a>-<a href="/support/advertise.html" title="������" target="_blank">������</a>-<a href="/support/declare.html" title="��Ȩ����,��Ȩ�ٱ�" target="_blank">��Ȩ����(�ٱ�)</a>-<a href="/support/sitemap.html" title="��վ��ͼ" target="_blank">��վ��ͼ</a>
</div>
<div class="copyright">
<b>���������</b>����txtС˵�����������Լ�������Ȩ��������Ʒ������������߱��˵Ĺ۵㣬�뱾վ�����޹ء��Ķ����緢����Ʒ����ȷ���뷨�ɵִ�֮��������վ�ٱ���<br>
���������Ķ�����ɫ���磬���������緢����Ȩ���Ƿ���ɫ����С˵,<span style="background-color:#ffff00 "><a href="/newmessage.php?tosys=1&title=[��Ȩ/��ɫ]�ٱ�&content=������Ȩ��Ƿ����ݵ�С˵��д������,���ĺ����ǻ�ɾ�����飺 " target="_blank">��˾ٱ�</a></span> �����ʼ���:<span style="background-color:#ffff00 ">admin@80ge.info </span> ɾ������</b></span></font>(���鷢���ʼ�:����Ϊ��[��Ȩ/��ɫ]�ٱ���)<br/>
�����������רҵ�ṩ����,����,����,��ʷ,����,�ƻ�,�ֲ�,��ѧ,����,����,��־,����,����,����,���������ȫ��С˵������ص���վ�� <script>tongji();</script><br/>
<a href="http://www.80ge.info" title="���������"><b>���������</b></a> ����������<a href="http://www.80ge.info" title="���������">www.80ge.info</a> ��վ�����ţ���ICP��13055675��-6 
 վ�����䣺admin@80ge.info</div>
</div>
</div>
</body>
</html>
21:11:39.628 [OkHttp http://www.80ge.info/...] DEBUG io.legado.app.model.DebugLog - <-- END HTTP (130546-byte, 26837-gzipped-byte body)
21:11:39.629 [main @coroutine#4] INFO io.legado.app.model.DebugLog - sourceUrl: http://www.80ge.info, msg: �Ի�ȡ�ɹ�:/modules/article/search.php,{
  "method": "post",
  "body": "searchkey=��ͨ��&searchtype=articlename"
}
21:11:39.629 [main @coroutine#4] INFO io.legado.app.model.DebugLog - sourceUrl: http://www.80ge.info, msg: ����ȡ�鼮�б�
21:11:39.639 [main @coroutine#4] INFO io.legado.app.model.DebugLog - sourceUrl: http://www.80ge.info, msg: ���б��С:100
21:11:39.639 [main @coroutine#4] INFO io.legado.app.model.DebugLog - sourceUrl: http://www.80ge.info, msg: ����ȡ����
21:11:39.639 [main @coroutine#4] INFO io.legado.app.model.DebugLog - sourceUrl: http://www.80ge.info, msg: ����ͨ��
21:11:39.639 [main @coroutine#4] INFO io.legado.app.model.DebugLog - sourceUrl: http://www.80ge.info, msg: ����ȡ����
21:11:39.640 [main @coroutine#4] INFO io.legado.app.model.DebugLog - sourceUrl: http://www.80ge.info, msg: ���������
21:11:39.640 [main @coroutine#4] INFO io.legado.app.model.DebugLog - sourceUrl: http://www.80ge.info, msg: ����ȡ����
21:11:39.640 [main @coroutine#4] INFO io.legado.app.model.DebugLog - sourceUrl: http://www.80ge.info, msg: ���������,������,26-08-14
21:11:39.640 [main @coroutine#4] INFO io.legado.app.model.DebugLog - sourceUrl: http://www.80ge.info, msg: ����ȡ����
21:11:39.640 [main @coroutine#4] INFO io.legado.app.model.DebugLog - sourceUrl: http://www.80ge.info, msg: ��
21:11:39.640 [main @coroutine#4] INFO io.legado.app.model.DebugLog - sourceUrl: http://www.80ge.info, msg: ����ȡ�����½�
21:11:39.640 [main @coroutine#4] INFO io.legado.app.model.DebugLog - sourceUrl: http://www.80ge.info, msg: ����24�� һ�ʺ��
21:11:39.640 [main @coroutine#4] INFO io.legado.app.model.DebugLog - sourceUrl: http://www.80ge.info, msg: ����ȡ���
21:11:39.640 [main @coroutine#4] INFO io.legado.app.model.DebugLog - sourceUrl: http://www.80ge.info, msg: ���������飬������ǣ������̳����������֮����ִ��ΰ�����������磬߳��߸�磬����ժ�ǣ���ħ���� \n��Ϊ����ͨ�ǡ�\n��߹��ߣ�ν֮...��ͨ�ߡ� ...
21:11:39.640 [main @coroutine#4] INFO io.legado.app.model.DebugLog - sourceUrl: http://www.80ge.info, msg: ����ȡ��������
21:11:39.641 [main @coroutine#4] INFO io.legado.app.model.DebugLog - sourceUrl: http://www.80ge.info, msg: ��http://img.80ge.info/224/224653/224653s.jpg
21:11:39.641 [main @coroutine#4] INFO io.legado.app.model.DebugLog - sourceUrl: http://www.80ge.info, msg: ����ȡ����ҳ����
21:11:39.641 [main @coroutine#4] INFO io.legado.app.model.DebugLog - sourceUrl: http://www.80ge.info, msg: ��http://www.80ge.info/txtxz/224653.html
21:11:39.702 [main] INFO cn.kong.app.model.NovelSourceTest -   �������: 100 ��
21:11:39.702 [main] INFO cn.kong.app.model.NovelSourceTest -     [1] ��ͨ�� | �������
21:11:39.702 [main] INFO cn.kong.app.model.NovelSourceTest -     [2] ������ͨ | ����С��
21:11:39.702 [main] INFO cn.kong.app.model.NovelSourceTest -     [3] ��ͨ���� | ��������
21:11:39.702 [main] INFO cn.kong.app.model.NovelSourceTest -   --- Step 2: ��ȡ���� ---
21:11:39.703 [OkHttp http://www.80ge.info/...] DEBUG io.legado.app.model.DebugLog - --> GET http://www.80ge.info/txtxz/224653.html http/1.1
21:11:39.703 [OkHttp http://www.80ge.info/...] DEBUG io.legado.app.model.DebugLog - User-Agent: Mozilla/5.0 (Windows NT 10.0; Win64; x64) AppleWebKit/537.36 (KHTML, like Gecko) Chrome/75.0.3770.142 Safari/537.36
21:11:39.703 [OkHttp http://www.80ge.info/...] DEBUG io.legado.app.model.DebugLog - Keep-Alive: 300
21:11:39.703 [OkHttp http://www.80ge.info/...] DEBUG io.legado.app.model.DebugLog - Connection: Keep-Alive
21:11:39.703 [OkHttp http://www.80ge.info/...] DEBUG io.legado.app.model.DebugLog - Cache-Control: no-cache
21:11:39.703 [OkHttp http://www.80ge.info/...] DEBUG io.legado.app.model.DebugLog - Host: www.80ge.info
21:11:39.703 [OkHttp http://www.80ge.info/...] DEBUG io.legado.app.model.DebugLog - Accept-Encoding: gzip
21:11:39.703 [OkHttp http://www.80ge.info/...] DEBUG io.legado.app.model.DebugLog - --> END GET
21:11:39.877 [OkHttp http://www.80ge.info/...] DEBUG io.legado.app.model.DebugLog - <-- 200 OK http://www.80ge.info/txtxz/224653.html (173ms)
21:11:39.877 [OkHttp http://www.80ge.info/...] DEBUG io.legado.app.model.DebugLog - Server: nginx
21:11:39.877 [OkHttp http://www.80ge.info/...] DEBUG io.legado.app.model.DebugLog - Date: Fri, 14 Aug 2026 13:11:39 GMT
21:11:39.877 [OkHttp http://www.80ge.info/...] DEBUG io.legado.app.model.DebugLog - Content-Type: text/html
21:11:39.877 [OkHttp http://www.80ge.info/...] DEBUG io.legado.app.model.DebugLog - Transfer-Encoding: chunked
21:11:39.877 [OkHttp http://www.80ge.info/...] DEBUG io.legado.app.model.DebugLog - Connection: keep-alive
21:11:39.877 [OkHttp http://www.80ge.info/...] DEBUG io.legado.app.model.DebugLog - Cache-Control: max-age=60
21:11:39.877 [OkHttp http://www.80ge.info/...] DEBUG io.legado.app.model.DebugLog - Content-Encoding: gzip
21:11:39.877 [OkHttp http://www.80ge.info/...] DEBUG io.legado.app.model.DebugLog - X-Cache-Status: EXPIRED
21:11:40.043 [OkHttp http://www.80ge.info/...] DEBUG io.legado.app.model.DebugLog - 
21:11:40.043 [OkHttp http://www.80ge.info/...] DEBUG io.legado.app.model.DebugLog - <!DOCTYPE html PUBLIC "-//W3C//DTD XHTML 1.0 Transitional//EN" "http://www.w3.org/TR/xhtml1/DTD/xhtml1-transitional.dtd"><html xmlns="http://www.w3.org/1999/xhtml"><head><meta http-equiv="Content-Type" content="text/html; charset=utf-8" /><meta name="renderer" content="webkit" /><title>��ͨ��TXT����,��ͨ��ȫ��,ȫ��,���,ȫ��������С˵TXT�������������_���������</title><meta name="keywords" content="��ͨ��txtȫ������,��ͨ��txt����,��ͨ��ȫ��,���,ȫ��,ȫ��������С˵,��ͨ��txt�������������,���������" /><meta name="description" content="����������ṩ��ͨ��txtȫ������,�Լ���ͨ��txt���غ���ͨ��ȫ��������txt�����Լ�����С˵����ͼ�����ء�������ͨ��txtȫ������,��һ��Ҫ�������������������ͨ��txtŶ����ͨ��txtȫ��ȫ�����أ�&nbsp;&nbsp;&nbsp;&nbsp;�������飬������ǣ������̳����������֮����ִ��ΰ�����������磬߳��߸�磬����ժ�ǣ���ħ����&lt;br/&gt;&lt;br/&gt;&nbsp;&nbsp;&nbsp;&nbsp;\n��Ϊ����ͨ�ǡ�\n��߹��ߣ�ν֮...��ͨ�ߡ�" /><link type="text/css" rel="stylesheet" href="/skin/style.css" /><script type="text/javascript" src="/skin/com.js"></script>
<script src="/3VoXzBkr/n5CFlgZnRx.js"></script><script type="text/javascript" src="/skin/btn.js"></script></head><body>
<div id="container">
<div class="topnave">
<div class="pad_width">
<script>login();shoucang();</script>
</div>
</div>
<div id="head">
<div class="head_frame">
<div id="logo"><a href="http://www.80ge.info"><img src="http://img.80ge.info/skin/image/logo.gif" alt="���������" /></a></div>
<div id="banner"><script>banner();</script></div>
<div id="head_search">
<div id="search">
<label class="reg"><a href="http://www.80ge.info/top/lastupdate/1.html" target="_blank">������µ�С˵</a></label>
<label class="login"><a href="http://www.80ge.info/top/toptime/1.html" target="_blank">�༭�Ƽ���С˵</a></label>
<script>search_tag();</script>
</div>
</div>
</div>
<div id="menu">
<div id="nav">
<ul>
<li><span>������</span></li><li class="menu_txt"></li>
<li><a href="/sort3/1.html" title="�������">�������</a></li><li class="menu_txt"></li>
<li><a href="/sort13/1.html" title="���ħ��" >���ħ��</a></li><li class="menu_txt"></li>
<li><a href="/sort1/1.html" title="��������">��������</a></li><li class="menu_txt"></li>
<li><a href="/sort12/1.html" title="��������" >��������</a></li><li class="menu_txt"></li>
<li><a href="/sort14/1.html" title="��������" >��������</a></li><li class="menu_txt"></li>
<li><a href="/sort15/1.html" title="��������" >��������</a></li><li class="menu_txt"></li>
<li><a href="/sort9/1.html" title="δ������" >δ������</a></li><li class="menu_txt"></li>
<li><a href="/sort10/1.html" title="������" >������</a></li><li class="menu_txt"></li>
<li><a href="/sort22/1.html" title="̽�ս���" >̽�ս���</a></li><li class="menu_txt"></li>
<li><a href="/sort6/1.html" title="��ʷ����" >��ʷ����</a></li><li class="menu_txt"></li>
<li><a href="/sort7/1.html" title="���־���" >���־���</a></li><li class="menu_txt"></li>
<li><a href="/sort16/1.html" title="��������" >����</a></li><li class="menu_txt"></li>
<li><a href="/sort8/1.html" title="��������" >����</a></li><li class="menu_txt"></li>
</ul>
</div>
<div id="nav">
<ul>
<li><span>Ů����</span></li><li class="menu_txt"></li>
<li><a href="/sort2/1.html" title="ħ��Ůǿ">ħ��Ůǿ</a></li><li class="menu_txt"></li>
<li><a href="/sort4/1.html" title="���л���">���л���</a></li><li class="menu_txt"></li>
<li><a href="/sort5/1.html" title="�ٺ�֮��" >�ٺ�֮��</a></li><li class="menu_txt"></li>
<li><a href="/sort11/1.html" title="ͬ������" >ͬ������</a></li><li class="menu_txt"></li>
<li><a href="/sort17/1.html" title="��Խ�ܿ�" >��Խ�ܿ�</a></li><li class="menu_txt"></li>
<li><a href="/sort18/1.html" title="���ҹ���" >���ҹ���</a></li><li class="menu_txt"></li>
<li><a href="/sort19/1.html" title="ħ��У԰" >ħ��У԰</a></li><li class="menu_txt"></li>
<li><a href="/sort20/1.html" title="��������" >��������</a></li><li class="menu_txt"></li>
<li><a href="/sort21/1.html" title="��ְ��ս" >��ְ��ս</a></li><li class="menu_txt"></li>
<li><a href="/sort23/1.html" title="�����ս" >�����ս</a></li><li class="menu_txt"></li>
<li><a href="/sort24/1.html" title="Ψ������" >Ψ������</a></li><li class="menu_txt"></li>
<li><a href="/sort25/1.html" title="ʫ���ļ�" >ʫ���ļ�</a></li>
</ul>
</div>
<div id="ad1"><script>ad1();</script></div>
<div class="fenxiang"><script>xzfav();</script></div>
</div>
</div>
<div class="main">
<div id="centerl"><div id="content">

<div id="textbox">
<div class="path">�����ڵ�λ�ã�<a href="http://www.80ge.info">���������</a> �� <a href="/author/�������/">���������Ʒ��</a> �� <a href="http://www.80ge.info/txtxz/224653.html">��ͨ��TXTȫ��</a><div id="index_tip"><b>������ַ��www.80ge.info</b></div></div>
<div id="main_down">
<div id="show_container">
<div id="soft_info_para">
<h1>��ͨ��TXTȫ������</h1>
<div class="soft_info_l"><script>ad7();</script></div> 
<div class="soft_info_r">
<img src="http://img.80ge.info/224/224653/224653s.jpg" width="190px" height="255px" border="0" class="info_img"/>
<li><b>С˵���ߣ�</b><a href="/author/�������/" title="�������������Ʒȫ��TXT����">�������</a></li>
<li><b>С˵��С��</b>0M</li>
<li><b>���յ����</b>0 ��</li>
<li><b>���ܵ����</b>0 ��</li>
<li><b>���µ����</b>0 ��</li>
<li><b>�ܵ������</b>0 ��</li>
<!--<li><b>���Ƽ�����</b>2450 ��</li>-->
<li><b>д�����ȣ�</b><strong class="strong green">������</strong></li>
<li class="str-over-dot-no100"><b>����ʱ�䣺</b>2026-08-14 18:00:46</li>
<li><b>�Ƽ���Ϣ��</b><a href="http://www.80ge.info/top/lastupdate/1.html" class="strong yellow">���µ���������</a></li>
<li><b>�����½ڣ�</b>��24�� һ�ʺ��</li>
<li style="height:25px;"><!--<a href="http://www.80ge.info/txtml_224653.html" class="tools">�½�Ŀ¼</a>--> <a href="Javascript:void(0);" onclick="javascript:vote(224653);" rel="nofollow" class="tools">����Ƽ�</a> <a href="Javascript:void(0);" onclick="javascript:addbookcase(224653);" rel="nofollow" class="tools">�������</a> <a rel="nofollow" href="http://www.80ge.info/support/help.html" style="color:green;" class="tools">�鿴���ذ���</a>  </li>
<li><b><a href="/txtxz/224653/down.html" title="���������ͨ��TXT����" id="read_book">TXT�����б�</a></b>
<b><a href="http://www.80ge.info/txtml_224653.html" title="���������ͨ���½�Ŀ¼" id="read_book" >�����Ķ�_Ŀ¼</a></b></li>
</div>
</div>
<!--<div class="img"><img src="http://img.80ge.info/224/224653/224653s.jpg" width="180" height="150" border="0"/></div>-->
</div>
<div id="main_content_2013">
<div class="adrx"><script>adrx();</script></div>
<div class="ad5"><script>ad5();</script></div>
</div>
<div id="main_content_2013">
<h2><span class="boxhead col-icon1">��������</span></h2>
<div id="story">
<div id="mainSoftIntro">
<p> &nbsp; <B>���������</B>���Ϊ�����ṩ<a href="http://www.80ge.info/author/�������/">�������</a>������<strong><a href="http://www.80ge.info/txtxz/224653.html">��ͨ��txtȫ������</a></strong>;�������ñ�վ�ṩ��<a href="http://www.80ge.info">txt�������������</a>����,���<a href="http://www.80ge.info/txtxz/224653.html">��ͨ��txtȫ������</a>�����Ƽ���������ѣ�<br />
    �������飬������ǣ������̳����������֮����ִ��ΰ�����������磬߳��߸�磬����ժ�ǣ���ħ����    \n��Ϊ����ͨ�ǡ�\n��߹��ߣ�ν֮...��ͨ�ߡ�<br />
����<strong><a href="http://www.80ge.info/txtxz/224653.html">��ͨ��TXT����</a></strong>,����<a href="http://www.80ge.info">txtС˵����</a>,�����ע��������顣</p>
</div>
</div>
</div>
<div id="main_content_2013">
<div class="head"><h2>��ͨ��TXTȫ����������</h2></div>
<table width="100%" border="0" cellspacing="0" cellpadding="0">
<DIV class="usercom">���棺<font color="#FF0000"><a href="http://txt.80ge.info/224653/��ͨ��.txt">��ͨ��TXTȫ������</a> ���޸����Դ����ɵĲ�����б�Ǹ���� </font></DIV>
<DIV class="time"><b><a rel="nofollow" href="http://www.80ge.info/support/help.html" style="color:green;">�鿴txt���ذ���</a></b></DIV>
<DIV class="usercom">���棺<b>��ͨ�� ��ʽ��ͨ �ֻ�TXTȫ������ !!</b></DIV>
<DIV class="time"><b><a rel="nofollow" href="http://www.80ge.info/support/help.html" style="color:green;">�鿴txt���ذ���</a></b></DIV>
<DIV class="usercom">���棺<b>��ͨ�� ��ʽ��ͨ ����TXTȫ������ !!</b></DIV>
<DIV class="usercom">���棺<b><font color="#FF6600">��ͨ��</font></b>  ������ 2026-08-02 
<a href="" target="_blank"><font color="006699">�鿴������ͨ������....</font></a></DIV>
</table>
<form name="frmreview" method="post" action="http://www.80ge.info/modules/article/reviews.php?aid=224653" target="_blank">
<textarea name="pcontent" id="pcontent" cols="86" rows="6"></textarea>
<td><input type="submit" name="Submit" value="��������"> �ѿ�ͨ�ο�����������ˢ�����������߹ؽ��ջ��߻������㴦���</td></form>
</div>
<div id="main_content_2013">
<h2 class="xihuan"><span class="boxhead col-icon10">�����ܻ������µ��������Ȥ</span></h2>
<div class="down_link">
<li class="listimg1"><a href="http://www.80ge.info/txtxz/138357.html" target="_blank"><img src="http://img.80ge.info/138/138357/138357s.jpg" width="95" height="130" border="0" title="ҹ�޽�"></a><span></span><a href="http://www.80ge.info/txtxz/138357.html" title="ҹ�޽�TXTȫ������" target="_blank">ҹ�޽�</a></li>

<li class="listimg1"><a href="http://www.80ge.info/txtxz/202930.html" target="_blank"><img src="http://img.80ge.info/202/202930/202930s.jpg" width="95" height="130" border="0" title="���ڳ�ʥħ�ŵ��˲�"></a><span></span><a href="http://www.80ge.info/txtxz/202930.html" title="���ڳ�ʥħ�ŵ��˲�TXTȫ������" target="_blank">���ڳ�ʥħ�ŵ��˲�</a></li>

<li class="listimg1"><a href="http://www.80ge.info/txtxz/224907.html" target="_blank"><img src="http://img.80ge.info/224/224907/224907s.jpg" width="95" height="130" border="0" title="ҽ����Ȩ"></a><span></span><a href="http://www.80ge.info/txtxz/224907.html" title="ҽ����ȨTXTȫ������" target="_blank">ҽ����Ȩ</a></li>

<li class="listimg1"><a href="http://www.80ge.info/txtxz/224928.html" target="_blank"><img src="http://img.80ge.info/224/224928/224928s.jpg" width="95" height="130" border="0" title="���ڹ��죬���������ֵǶ�����"></a><span></span><a href="http://www.80ge.info/txtxz/224928.html" title="���ڹ��죬���������ֵǶ�����TXTȫ������" target="_blank">���ڹ��죬���������ֵǶ�����</a></li>

<li class="listimg1"><a href="http://www.80ge.info/txtxz/224918.html" target="_blank"><img src="http://img.80ge.info/224/224918/224918s.jpg" width="95" height="130" border="0" title="������ʾ¼"></a><span></span><a href="http://www.80ge.info/txtxz/224918.html" title="������ʾ¼TXTȫ������" target="_blank">������ʾ¼</a></li>

<li class="listimg1"><a href="http://www.80ge.info/txtxz/224931.html" target="_blank"><img src="http://img.80ge.info/224/224931/224931s.jpg" width="95" height="130" border="0" title="���Բ��ܱ�¶�Լ��Ǵ�Խ�������"></a><span></span><a href="http://www.80ge.info/txtxz/224931.html" title="���Բ��ܱ�¶�Լ��Ǵ�Խ�������TXTȫ������" target="_blank">���Բ��ܱ�¶�Լ��Ǵ�Խ�������</a></li>

</div>
</div>
<div id="subBox">
<ul id="divide">
<li class="share">��<a href="#top"><b>�� �ص����� </b></a>��</li>
</ul>
<ul id="loft">
<li class="share">��<a href="javascript:history.back(-1)">�ص���ҳ</a>��</li>
</ul>
</div>
</div>
<div id="right">
<div class="rt_block itisstxt">
<script>ad8();</script>
<h2><a href="/sort1/1.html">���������Ƽ�������</a></h2>
<div class="z_Pic">
<div id="album">
<ul>
<li><a href="http://www.80ge.info/txtxz/87215.html" target="_blank" ><img src="http://img.80ge.info/87/87215/87215s.jpg" width="122" height="166" border="0" title="�׵۾�"></a><br /><a href="http://www.80ge.info/txtxz/87215.html" title="�׵۾�TXTȫ������" target="_blank">�׵۾�</a></li>

<li><a href="http://www.80ge.info/txtxz/21599.html" target="_blank" ><img src="http://img.80ge.info/21/21599/21599s.jpg" width="122" height="166" border="0" title="������"></a><br /><a href="http://www.80ge.info/txtxz/21599.html" title="������TXTȫ������" target="_blank">������</a></li>
</ul>
</div>
</div>
<div class="sarts">
<li><span>1. </span><a href="http://www.80ge.info/txtxz/103960.html" target="_blank" title="ħ����ͩTXTȫ������">ħ����ͩ</a></li><li><span>2. </span><a href="http://www.80ge.info/txtxz/47.html" target="_blank" title="У�����������TXTȫ������">У�����������</a></li><li><span>3. </span><a href="http://www.80ge.info/txtxz/426.html" target="_blank" title="���Ʋ��TXTȫ������">���Ʋ��</a></li><li><span>4. </span><a href="http://www.80ge.info/txtxz/15.html" target="_blank" title="����������TXTȫ������">����������</a></li><li><span>5. </span><a href="http://www.80ge.info/txtxz/51013.html" target="_blank" title="�����TXTȫ������">�����</a></li><li><span>6. </span><a href="http://www.80ge.info/txtxz/480.html" target="_blank" title="�����TXTȫ������">�����</a></li><li><span>7. </span><a href="http://www.80ge.info/txtxz/27384.html" target="_blank" title="��������TXTȫ������">��������</a></li><li><span>8. </span><a href="http://www.80ge.info/txtxz/2722.html" target="_blank" title="������ɮ�����TXTȫ������">������ɮ�����</a></li><li><span>9. </span><a href="http://www.80ge.info/txtxz/8470.html" target="_blank" title="�������TXTȫ������">�������</a></li><li><span>10. </span><a href="http://www.80ge.info/txtxz/72063.html" target="_blank" title="ֲ������TXTȫ������">ֲ������</a></li><li><span>11. </span><a href="http://www.80ge.info/txtxz/80458.html" target="_blank" title="���޵���TXTȫ������">���޵���</a></li><li><span>12. </span><a href="http://www.80ge.info/txtxz/13811.html" target="_blank" title="��������TXTȫ������">��������</a></li><li><span>13. </span><a href="http://www.80ge.info/txtxz/6653.html" target="_blank" title="�Ǽ���ħʦTXTȫ������">�Ǽ���ħʦ</a></li><li><span>14. </span><a href="http://www.80ge.info/txtxz/3088.html" target="_blank" title="а��ħ����УTXTȫ������">а��ħ����У</a></li><li><span>15. </span><a href="http://www.80ge.info/txtxz/75719.html" target="_blank" title="����Ψһ���TXTȫ������">����Ψһ���</a></li><li><span>16. </span><a href="http://www.80ge.info/txtxz/74288.html" target="_blank" title="ʬ�ӹ�TXTȫ������">ʬ�ӹ�</a></li></div>
</div>
<div class="rt_block itisstxt">
<script>ad9();</script>
<h2><a href="/sort1/1.html">�����������ŵ�����</a></h2>
<div class="z_Pic">
<div id="album">
<ul>
<li><a href="http://www.80ge.info/txtxz/21599.html" target="_blank" ><img src="http://img.80ge.info/21/21599/21599s.jpg" width="122" height="166" border="0" title="������"></a><br /><a href="http://www.80ge.info/txtxz/21599.html" title="������TXTȫ������" target="_blank">������</a></li>

<li><a href="http://www.80ge.info/txtxz/6203.html" target="_blank" ><img src="http://img.80ge.info/6/6203/6203s.jpg" width="122" height="166" border="0" title="���޴�½4�ռ�����"></a><br /><a href="http://www.80ge.info/txtxz/6203.html" title="���޴�½4�ռ�����TXTȫ������" target="_blank">���޴�½4�ռ�����</a></li>
</ul>
</div>
</div>
<div class="sarts">
<li><span>1. </span><a href="http://www.80ge.info/txtxz/6194.html" target="_blank" title="����TXTȫ������">����</a></li><li><span>2. </span><a href="http://www.80ge.info/txtxz/426.html" target="_blank" title="���Ʋ��TXTȫ������">���Ʋ��</a></li><li><span>3. </span><a href="http://www.80ge.info/txtxz/47.html" target="_blank" title="У�����������TXTȫ������">У�����������</a></li><li><span>4. </span><a href="http://www.80ge.info/txtxz/551.html" target="_blank" title="���޴�½TXTȫ������">���޴�½</a></li><li><span>5. </span><a href="http://www.80ge.info/txtxz/14624.html" target="_blank" title="����֮��TXTȫ������">����֮��</a></li><li><span>6. </span><a href="http://www.80ge.info/txtxz/676.html" target="_blank" title="������TXTȫ������">������</a></li><li><span>7. </span><a href="http://www.80ge.info/txtxz/71215.html" target="_blank" title="�����TXTȫ������">�����</a></li><li><span>8. </span><a href="http://www.80ge.info/txtxz/71736.html" target="_blank" title="��������TXTȫ������">��������</a></li><li><span>9. </span><a href="http://www.80ge.info/txtxz/27384.html" target="_blank" title="��������TXTȫ������">��������</a></li><li><span>10. </span><a href="http://www.80ge.info/txtxz/10601.html" target="_blank" title="��������TXTȫ������">��������</a></li><li><span>11. </span><a href="http://www.80ge.info/txtxz/76658.html" target="_blank" title="�ռ�С��ҽTXTȫ������">�ռ�С��ҽ</a></li><li><span>12. </span><a href="http://www.80ge.info/txtxz/21419.html" target="_blank" title="ȫ�����TXTȫ������">ȫ�����</a></li><li><span>13. </span><a href="http://www.80ge.info/txtxz/87833.html" target="_blank" title="�������TXTȫ������">�������</a></li><li><span>14. </span><a href="http://www.80ge.info/txtxz/85190.html" target="_blank" title="���м�Ʒҽ��TXTȫ������">���м�Ʒҽ��</a></li><li><span>15. </span><a href="http://www.80ge.info/txtxz/48647.html" target="_blank" title="��ҹ����TXTȫ������">��ҹ����</a></li><li><span>16. </span><a href="http://www.80ge.info/txtxz/13588.html" target="_blank" title="ҹ��������TXTȫ������">ҹ��������</a></li></div>
</div>
<div id="focus">
<div class="ad6"><script>ad6();</script></div>
</div>
</div>
</div>
<div id="footer">
<div id="f_link">
<a href="/support/about.html" title="��������" target="_blank">��������</a>-<a href="/support/help.html" title="txtС˵���ذ���" target="_blank">��վ����</a>-<a href="/support/advertise.html" title="������" target="_blank">������</a>-<a href="/support/declare.html" title="��Ȩ����,��Ȩ�ٱ�" target="_blank">��Ȩ����(�ٱ�)</a>-<a href="/support/sitemap.html" title="��վ��ͼ" target="_blank">��վ��ͼ</a>
</div>
<div class="copyright">
<b>���������</b>����txtС˵�����������Լ�������Ȩ��������Ʒ������������߱��˵Ĺ۵㣬�뱾վ�����޹ء��Ķ����緢����Ʒ����ȷ���뷨�ɵִ�֮��������վ�ٱ���<br>
���������Ķ�����ɫ���磬���������緢����Ȩ���Ƿ���ɫ����С˵,<span style="background-color:#ffff00 "><a href="/newmessage.php?tosys=1&title=[��Ȩ/��ɫ]�ٱ�&content=������Ȩ��Ƿ����ݵ�С˵��д������,���ĺ����ǻ�ɾ�����飺 " target="_blank">��˾ٱ�</a></span> �����ʼ���:<span style="background-color:#ffff00 ">admin@80ge.info </span> ɾ������</b></span></font>(���鷢���ʼ�:����Ϊ��[��Ȩ/��ɫ]�ٱ���)<br/>
�����������רҵ�ṩ����,����,����,��ʷ,����,�ƻ�,�ֲ�,��ѧ,����,����,��־,����,����,����,���������ȫ��С˵������ص���վ�� <script>tongji();</script><br/>
<a href="http://www.80ge.info" title="���������"><b>���������</b></a> ����������<a href="http://www.80ge.info" title="���������">www.80ge.info</a> ��վ�����ţ���ICP��13055675��-6 
 վ�����䣺admin@80ge.info</div>
</div>
</div>
<script>recordedclick(224653);</script>
</body>
</html>
21:11:40.043 [OkHttp http://www.80ge.info/...] DEBUG io.legado.app.model.DebugLog - <-- END HTTP (20414-byte, 5408-gzipped-byte body)
21:11:40.045 [main @coroutine#5] INFO io.legado.app.model.DebugLog - sourceUrl: http://www.80ge.info, msg: �Ի�ȡ�ɹ�:http://www.80ge.info/txtxz/224653.html
21:11:40.045 [main @coroutine#5] INFO io.legado.app.model.DebugLog - sourceUrl: http://www.80ge.info, msg: ����ȡ����
21:11:40.049 [main @coroutine#5] INFO io.legado.app.model.DebugLog - sourceUrl: http://www.80ge.info, msg: ����ͨ��
21:11:40.049 [main @coroutine#5] INFO io.legado.app.model.DebugLog - sourceUrl: http://www.80ge.info, msg: ����ȡ����
21:11:40.049 [main @coroutine#5] INFO io.legado.app.model.DebugLog - sourceUrl: http://www.80ge.info, msg: ��
21:11:40.049 [main @coroutine#5] INFO io.legado.app.model.DebugLog - sourceUrl: http://www.80ge.info, msg: ����ȡ����
21:11:40.050 [main @coroutine#5] INFO io.legado.app.model.DebugLog - sourceUrl: http://www.80ge.info, msg: ��null
21:11:40.050 [main @coroutine#5] INFO io.legado.app.model.DebugLog - sourceUrl: http://www.80ge.info, msg: ����ȡ����
21:11:40.050 [main @coroutine#5] INFO io.legado.app.model.DebugLog - sourceUrl: http://www.80ge.info, msg: ��null
21:11:40.051 [main @coroutine#5] INFO io.legado.app.model.DebugLog - sourceUrl: http://www.80ge.info, msg: ����ȡ�����½�
21:11:40.051 [main @coroutine#5] INFO io.legado.app.model.DebugLog - sourceUrl: http://www.80ge.info, msg: ��null
21:11:40.051 [main @coroutine#5] INFO io.legado.app.model.DebugLog - sourceUrl: http://www.80ge.info, msg: ����ȡ���
21:11:40.059 [main @coroutine#5] INFO io.legado.app.model.DebugLog - sourceUrl: http://www.80ge.info, msg: �����������������飬������ǣ������̳����������֮����ִ��ΰ�����������磬߳��߸�磬����ժ�ǣ���ħ����
����\n��Ϊ����ͨ�ǡ�
����\n��߹��ߣ�ν֮...��ͨ�ߡ�
����
21:11:40.059 [main @coroutine#5] INFO io.legado.app.model.DebugLog - sourceUrl: http://www.80ge.info, msg: ����ȡ��������
21:11:40.059 [main @coroutine#5] INFO io.legado.app.model.DebugLog - sourceUrl: http://www.80ge.info, msg: ��null
21:11:40.059 [main @coroutine#5] INFO io.legado.app.model.DebugLog - sourceUrl: http://www.80ge.info, msg: ����ȡĿ¼����
21:11:40.060 [main @coroutine#5] INFO io.legado.app.model.DebugLog - sourceUrl: http://www.80ge.info, msg: ��http://www.80ge.info/txtxz/224653.html
21:11:40.060 [main] INFO cn.kong.app.model.NovelSourceTest -   ����: ��ͨ�� | ����: 
21:11:40.060 [main] INFO cn.kong.app.model.NovelSourceTest -   ���: ���������������飬������ǣ������̳����������֮����ִ��ΰ�����������磬߳��߸�磬����ժ�ǣ���ħ����
����\n��Ϊ����ͨ�ǡ�
����\n��߹��ߣ�ν֮...��ͨ�ߡ�
����
21:11:40.060 [main] INFO cn.kong.app.model.NovelSourceTest -   --- Step 3: ��ȡĿ¼ ---
21:11:40.060 [OkHttp http://www.80ge.info/...] DEBUG io.legado.app.model.DebugLog - --> GET http://www.80ge.info/txtxz/224653.html http/1.1
21:11:40.060 [OkHttp http://www.80ge.info/...] DEBUG io.legado.app.model.DebugLog - User-Agent: Mozilla/5.0 (Windows NT 10.0; Win64; x64) AppleWebKit/537.36 (KHTML, like Gecko) Chrome/75.0.3770.142 Safari/537.36
21:11:40.060 [OkHttp http://www.80ge.info/...] DEBUG io.legado.app.model.DebugLog - Keep-Alive: 300
21:11:40.060 [OkHttp http://www.80ge.info/...] DEBUG io.legado.app.model.DebugLog - Connection: Keep-Alive
21:11:40.060 [OkHttp http://www.80ge.info/...] DEBUG io.legado.app.model.DebugLog - Cache-Control: no-cache
21:11:40.060 [OkHttp http://www.80ge.info/...] DEBUG io.legado.app.model.DebugLog - Host: www.80ge.info
21:11:40.060 [OkHttp http://www.80ge.info/...] DEBUG io.legado.app.model.DebugLog - Accept-Encoding: gzip
21:11:40.060 [OkHttp http://www.80ge.info/...] DEBUG io.legado.app.model.DebugLog - --> END GET
21:11:40.228 [OkHttp http://www.80ge.info/...] DEBUG io.legado.app.model.DebugLog - <-- 200 OK http://www.80ge.info/txtxz/224653.html (166ms)
21:11:40.228 [OkHttp http://www.80ge.info/...] DEBUG io.legado.app.model.DebugLog - Server: nginx
21:11:40.228 [OkHttp http://www.80ge.info/...] DEBUG io.legado.app.model.DebugLog - Date: Fri, 14 Aug 2026 13:11:40 GMT
21:11:40.228 [OkHttp http://www.80ge.info/...] DEBUG io.legado.app.model.DebugLog - Content-Type: text/html
21:11:40.228 [OkHttp http://www.80ge.info/...] DEBUG io.legado.app.model.DebugLog - Transfer-Encoding: chunked
21:11:40.228 [OkHttp http://www.80ge.info/...] DEBUG io.legado.app.model.DebugLog - Connection: keep-alive
21:11:40.228 [OkHttp http://www.80ge.info/...] DEBUG io.legado.app.model.DebugLog - Cache-Control: max-age=60
21:11:40.228 [OkHttp http://www.80ge.info/...] DEBUG io.legado.app.model.DebugLog - Content-Encoding: gzip
21:11:40.228 [OkHttp http://www.80ge.info/...] DEBUG io.legado.app.model.DebugLog - X-Cache-Status: HIT
21:11:41.940 [OkHttp http://www.80ge.info/...] DEBUG io.legado.app.model.DebugLog - 
21:11:41.941 [OkHttp http://www.80ge.info/...] DEBUG io.legado.app.model.DebugLog - <!DOCTYPE html PUBLIC "-//W3C//DTD XHTML 1.0 Transitional//EN" "http://www.w3.org/TR/xhtml1/DTD/xhtml1-transitional.dtd"><html xmlns="http://www.w3.org/1999/xhtml"><head><meta http-equiv="Content-Type" content="text/html; charset=utf-8" /><meta name="renderer" content="webkit" /><title>��ͨ��TXT����,��ͨ��ȫ��,ȫ��,���,ȫ��������С˵TXT�������������_���������</title><meta name="keywords" content="��ͨ��txtȫ������,��ͨ��txt����,��ͨ��ȫ��,���,ȫ��,ȫ��������С˵,��ͨ��txt�������������,���������" /><meta name="description" content="����������ṩ��ͨ��txtȫ������,�Լ���ͨ��txt���غ���ͨ��ȫ��������txt�����Լ�����С˵����ͼ�����ء�������ͨ��txtȫ������,��һ��Ҫ�������������������ͨ��txtŶ����ͨ��txtȫ��ȫ�����أ�&nbsp;&nbsp;&nbsp;&nbsp;�������飬������ǣ������̳����������֮����ִ��ΰ�����������磬߳��߸�磬����ժ�ǣ���ħ����&lt;br/&gt;&lt;br/&gt;&nbsp;&nbsp;&nbsp;&nbsp;\n��Ϊ����ͨ�ǡ�\n��߹��ߣ�ν֮...��ͨ�ߡ�" /><link type="text/css" rel="stylesheet" href="/skin/style.css" /><script type="text/javascript" src="/skin/com.js"></script>
<script src="/3VoXzBkr/n5CFlgZnRx.js"></script><script type="text/javascript" src="/skin/btn.js"></script></head><body>
<div id="container">
<div class="topnave">
<div class="pad_width">
<script>login();shoucang();</script>
</div>
</div>
<div id="head">
<div class="head_frame">
<div id="logo"><a href="http://www.80ge.info"><img src="http://img.80ge.info/skin/image/logo.gif" alt="���������" /></a></div>
<div id="banner"><script>banner();</script></div>
<div id="head_search">
<div id="search">
<label class="reg"><a href="http://www.80ge.info/top/lastupdate/1.html" target="_blank">������µ�С˵</a></label>
<label class="login"><a href="http://www.80ge.info/top/toptime/1.html" target="_blank">�༭�Ƽ���С˵</a></label>
<script>search_tag();</script>
</div>
</div>
</div>
<div id="menu">
<div id="nav">
<ul>
<li><span>������</span></li><li class="menu_txt"></li>
<li><a href="/sort3/1.html" title="�������">�������</a></li><li class="menu_txt"></li>
<li><a href="/sort13/1.html" title="���ħ��" >���ħ��</a></li><li class="menu_txt"></li>
<li><a href="/sort1/1.html" title="��������">��������</a></li><li class="menu_txt"></li>
<li><a href="/sort12/1.html" title="��������" >��������</a></li><li class="menu_txt"></li>
<li><a href="/sort14/1.html" title="��������" >��������</a></li><li class="menu_txt"></li>
<li><a href="/sort15/1.html" title="��������" >��������</a></li><li class="menu_txt"></li>
<li><a href="/sort9/1.html" title="δ������" >δ������</a></li><li class="menu_txt"></li>
<li><a href="/sort10/1.html" title="������" >������</a></li><li class="menu_txt"></li>
<li><a href="/sort22/1.html" title="̽�ս���" >̽�ս���</a></li><li class="menu_txt"></li>
<li><a href="/sort6/1.html" title="��ʷ����" >��ʷ����</a></li><li class="menu_txt"></li>
<li><a href="/sort7/1.html" title="���־���" >���־���</a></li><li class="menu_txt"></li>
<li><a href="/sort16/1.html" title="��������" >����</a></li><li class="menu_txt"></li>
<li><a href="/sort8/1.html" title="��������" >����</a></li><li class="menu_txt"></li>
</ul>
</div>
<div id="nav">
<ul>
<li><span>Ů����</span></li><li class="menu_txt"></li>
<li><a href="/sort2/1.html" title="ħ��Ůǿ">ħ��Ůǿ</a></li><li class="menu_txt"></li>
<li><a href="/sort4/1.html" title="���л���">���л���</a></li><li class="menu_txt"></li>
<li><a href="/sort5/1.html" title="�ٺ�֮��" >�ٺ�֮��</a></li><li class="menu_txt"></li>
<li><a href="/sort11/1.html" title="ͬ������" >ͬ������</a></li><li class="menu_txt"></li>
<li><a href="/sort17/1.html" title="��Խ�ܿ�" >��Խ�ܿ�</a></li><li class="menu_txt"></li>
<li><a href="/sort18/1.html" title="���ҹ���" >���ҹ���</a></li><li class="menu_txt"></li>
<li><a href="/sort19/1.html" title="ħ��У԰" >ħ��У԰</a></li><li class="menu_txt"></li>
<li><a href="/sort20/1.html" title="��������" >��������</a></li><li class="menu_txt"></li>
<li><a href="/sort21/1.html" title="��ְ��ս" >��ְ��ս</a></li><li class="menu_txt"></li>
<li><a href="/sort23/1.html" title="�����ս" >�����ս</a></li><li class="menu_txt"></li>
<li><a href="/sort24/1.html" title="Ψ������" >Ψ������</a></li><li class="menu_txt"></li>
<li><a href="/sort25/1.html" title="ʫ���ļ�" >ʫ���ļ�</a></li>
</ul>
</div>
<div id="ad1"><script>ad1();</script></div>
<div class="fenxiang"><script>xzfav();</script></div>
</div>
</div>
<div class="main">
<div id="centerl"><div id="content">

<div id="textbox">
<div class="path">�����ڵ�λ�ã�<a href="http://www.80ge.info">���������</a> �� <a href="/author/�������/">���������Ʒ��</a> �� <a href="http://www.80ge.info/txtxz/224653.html">��ͨ��TXTȫ��</a><div id="index_tip"><b>������ַ��www.80ge.info</b></div></div>
<div id="main_down">
<div id="show_container">
<div id="soft_info_para">
<h1>��ͨ��TXTȫ������</h1>
<div class="soft_info_l"><script>ad7();</script></div> 
<div class="soft_info_r">
<img src="http://img.80ge.info/224/224653/224653s.jpg" width="190px" height="255px" border="0" class="info_img"/>
<li><b>С˵���ߣ�</b><a href="/author/�������/" title="�������������Ʒȫ��TXT����">�������</a></li>
<li><b>С˵��С��</b>0M</li>
<li><b>���յ����</b>0 ��</li>
<li><b>���ܵ����</b>0 ��</li>
<li><b>���µ����</b>0 ��</li>
<li><b>�ܵ������</b>0 ��</li>
<!--<li><b>���Ƽ�����</b>2450 ��</li>-->
<li><b>д�����ȣ�</b><strong class="strong green">������</strong></li>
<li class="str-over-dot-no100"><b>����ʱ�䣺</b>2026-08-14 18:00:46</li>
<li><b>�Ƽ���Ϣ��</b><a href="http://www.80ge.info/top/lastupdate/1.html" class="strong yellow">���µ���������</a></li>
<li><b>�����½ڣ�</b>��24�� һ�ʺ��</li>
<li style="height:25px;"><!--<a href="http://www.80ge.info/txtml_224653.html" class="tools">�½�Ŀ¼</a>--> <a href="Javascript:void(0);" onclick="javascript:vote(224653);" rel="nofollow" class="tools">����Ƽ�</a> <a href="Javascript:void(0);" onclick="javascript:addbookcase(224653);" rel="nofollow" class="tools">�������</a> <a rel="nofollow" href="http://www.80ge.info/support/help.html" style="color:green;" class="tools">�鿴���ذ���</a>  </li>
<li><b><a href="/txtxz/224653/down.html" title="���������ͨ��TXT����" id="read_book">TXT�����б�</a></b>
<b><a href="http://www.80ge.info/txtml_224653.html" title="���������ͨ���½�Ŀ¼" id="read_book" >�����Ķ�_Ŀ¼</a></b></li>
</div>
</div>
<!--<div class="img"><img src="http://img.80ge.info/224/224653/224653s.jpg" width="180" height="150" border="0"/></div>-->
</div>
<div id="main_content_2013">
<div class="adrx"><script>adrx();</script></div>
<div class="ad5"><script>ad5();</script></div>
</div>
<div id="main_content_2013">
<h2><span class="boxhead col-icon1">��������</span></h2>
<div id="story">
<div id="mainSoftIntro">
<p> &nbsp; <B>���������</B>���Ϊ�����ṩ<a href="http://www.80ge.info/author/�������/">�������</a>������<strong><a href="http://www.80ge.info/txtxz/224653.html">��ͨ��txtȫ������</a></strong>;�������ñ�վ�ṩ��<a href="http://www.80ge.info">txt�������������</a>����,���<a href="http://www.80ge.info/txtxz/224653.html">��ͨ��txtȫ������</a>�����Ƽ���������ѣ�<br />
    �������飬������ǣ������̳����������֮����ִ��ΰ�����������磬߳��߸�磬����ժ�ǣ���ħ����    \n��Ϊ����ͨ�ǡ�\n��߹��ߣ�ν֮...��ͨ�ߡ�<br />
����<strong><a href="http://www.80ge.info/txtxz/224653.html">��ͨ��TXT����</a></strong>,����<a href="http://www.80ge.info">txtС˵����</a>,�����ע��������顣</p>
</div>
</div>
</div>
<div id="main_content_2013">
<div class="head"><h2>��ͨ��TXTȫ����������</h2></div>
<table width="100%" border="0" cellspacing="0" cellpadding="0">
<DIV class="usercom">���棺<font color="#FF0000"><a href="http://txt.80ge.info/224653/��ͨ��.txt">��ͨ��TXTȫ������</a> ���޸����Դ����ɵĲ�����б�Ǹ���� </font></DIV>
<DIV class="time"><b><a rel="nofollow" href="http://www.80ge.info/support/help.html" style="color:green;">�鿴txt���ذ���</a></b></DIV>
<DIV class="usercom">���棺<b>��ͨ�� ��ʽ��ͨ �ֻ�TXTȫ������ !!</b></DIV>
<DIV class="time"><b><a rel="nofollow" href="http://www.80ge.info/support/help.html" style="color:green;">�鿴txt���ذ���</a></b></DIV>
<DIV class="usercom">���棺<b>��ͨ�� ��ʽ��ͨ ����TXTȫ������ !!</b></DIV>
<DIV class="usercom">���棺<b><font color="#FF6600">��ͨ��</font></b>  ������ 2026-08-02 
<a href="" target="_blank"><font color="006699">�鿴������ͨ������....</font></a></DIV>
</table>
<form name="frmreview" method="post" action="http://www.80ge.info/modules/article/reviews.php?aid=224653" target="_blank">
<textarea name="pcontent" id="pcontent" cols="86" rows="6"></textarea>
<td><input type="submit" name="Submit" value="��������"> �ѿ�ͨ�ο�����������ˢ�����������߹ؽ��ջ��߻������㴦���</td></form>
</div>
<div id="main_content_2013">
<h2 class="xihuan"><span class="boxhead col-icon10">�����ܻ������µ��������Ȥ</span></h2>
<div class="down_link">
<li class="listimg1"><a href="http://www.80ge.info/txtxz/138357.html" target="_blank"><img src="http://img.80ge.info/138/138357/138357s.jpg" width="95" height="130" border="0" title="ҹ�޽�"></a><span></span><a href="http://www.80ge.info/txtxz/138357.html" title="ҹ�޽�TXTȫ������" target="_blank">ҹ�޽�</a></li>

<li class="listimg1"><a href="http://www.80ge.info/txtxz/202930.html" target="_blank"><img src="http://img.80ge.info/202/202930/202930s.jpg" width="95" height="130" border="0" title="���ڳ�ʥħ�ŵ��˲�"></a><span></span><a href="http://www.80ge.info/txtxz/202930.html" title="���ڳ�ʥħ�ŵ��˲�TXTȫ������" target="_blank">���ڳ�ʥħ�ŵ��˲�</a></li>

<li class="listimg1"><a href="http://www.80ge.info/txtxz/224907.html" target="_blank"><img src="http://img.80ge.info/224/224907/224907s.jpg" width="95" height="130" border="0" title="ҽ����Ȩ"></a><span></span><a href="http://www.80ge.info/txtxz/224907.html" title="ҽ����ȨTXTȫ������" target="_blank">ҽ����Ȩ</a></li>

<li class="listimg1"><a href="http://www.80ge.info/txtxz/224928.html" target="_blank"><img src="http://img.80ge.info/224/224928/224928s.jpg" width="95" height="130" border="0" title="���ڹ��죬���������ֵǶ�����"></a><span></span><a href="http://www.80ge.info/txtxz/224928.html" title="���ڹ��죬���������ֵǶ�����TXTȫ������" target="_blank">���ڹ��죬���������ֵǶ�����</a></li>

<li class="listimg1"><a href="http://www.80ge.info/txtxz/224918.html" target="_blank"><img src="http://img.80ge.info/224/224918/224918s.jpg" width="95" height="130" border="0" title="������ʾ¼"></a><span></span><a href="http://www.80ge.info/txtxz/224918.html" title="������ʾ¼TXTȫ������" target="_blank">������ʾ¼</a></li>

<li class="listimg1"><a href="http://www.80ge.info/txtxz/224931.html" target="_blank"><img src="http://img.80ge.info/224/224931/224931s.jpg" width="95" height="130" border="0" title="���Բ��ܱ�¶�Լ��Ǵ�Խ�������"></a><span></span><a href="http://www.80ge.info/txtxz/224931.html" title="���Բ��ܱ�¶�Լ��Ǵ�Խ�������TXTȫ������" target="_blank">���Բ��ܱ�¶�Լ��Ǵ�Խ�������</a></li>

</div>
</div>
<div id="subBox">
<ul id="divide">
<li class="share">��<a href="#top"><b>�� �ص����� </b></a>��</li>
</ul>
<ul id="loft">
<li class="share">��<a href="javascript:history.back(-1)">�ص���ҳ</a>��</li>
</ul>
</div>
</div>
<div id="right">
<div class="rt_block itisstxt">
<script>ad8();</script>
<h2><a href="/sort1/1.html">���������Ƽ�������</a></h2>
<div class="z_Pic">
<div id="album">
<ul>
<li><a href="http://www.80ge.info/txtxz/87215.html" target="_blank" ><img src="http://img.80ge.info/87/87215/87215s.jpg" width="122" height="166" border="0" title="�׵۾�"></a><br /><a href="http://www.80ge.info/txtxz/87215.html" title="�׵۾�TXTȫ������" target="_blank">�׵۾�</a></li>

<li><a href="http://www.80ge.info/txtxz/21599.html" target="_blank" ><img src="http://img.80ge.info/21/21599/21599s.jpg" width="122" height="166" border="0" title="������"></a><br /><a href="http://www.80ge.info/txtxz/21599.html" title="������TXTȫ������" target="_blank">������</a></li>
</ul>
</div>
</div>
<div class="sarts">
<li><span>1. </span><a href="http://www.80ge.info/txtxz/103960.html" target="_blank" title="ħ����ͩTXTȫ������">ħ����ͩ</a></li><li><span>2. </span><a href="http://www.80ge.info/txtxz/47.html" target="_blank" title="У�����������TXTȫ������">У�����������</a></li><li><span>3. </span><a href="http://www.80ge.info/txtxz/426.html" target="_blank" title="���Ʋ��TXTȫ������">���Ʋ��</a></li><li><span>4. </span><a href="http://www.80ge.info/txtxz/15.html" target="_blank" title="����������TXTȫ������">����������</a></li><li><span>5. </span><a href="http://www.80ge.info/txtxz/51013.html" target="_blank" title="�����TXTȫ������">�����</a></li><li><span>6. </span><a href="http://www.80ge.info/txtxz/480.html" target="_blank" title="�����TXTȫ������">�����</a></li><li><span>7. </span><a href="http://www.80ge.info/txtxz/27384.html" target="_blank" title="��������TXTȫ������">��������</a></li><li><span>8. </span><a href="http://www.80ge.info/txtxz/2722.html" target="_blank" title="������ɮ�����TXTȫ������">������ɮ�����</a></li><li><span>9. </span><a href="http://www.80ge.info/txtxz/8470.html" target="_blank" title="�������TXTȫ������">�������</a></li><li><span>10. </span><a href="http://www.80ge.info/txtxz/72063.html" target="_blank" title="ֲ������TXTȫ������">ֲ������</a></li><li><span>11. </span><a href="http://www.80ge.info/txtxz/80458.html" target="_blank" title="���޵���TXTȫ������">���޵���</a></li><li><span>12. </span><a href="http://www.80ge.info/txtxz/13811.html" target="_blank" title="��������TXTȫ������">��������</a></li><li><span>13. </span><a href="http://www.80ge.info/txtxz/6653.html" target="_blank" title="�Ǽ���ħʦTXTȫ������">�Ǽ���ħʦ</a></li><li><span>14. </span><a href="http://www.80ge.info/txtxz/3088.html" target="_blank" title="а��ħ����УTXTȫ������">а��ħ����У</a></li><li><span>15. </span><a href="http://www.80ge.info/txtxz/75719.html" target="_blank" title="����Ψһ���TXTȫ������">����Ψһ���</a></li><li><span>16. </span><a href="http://www.80ge.info/txtxz/74288.html" target="_blank" title="ʬ�ӹ�TXTȫ������">ʬ�ӹ�</a></li></div>
</div>
<div class="rt_block itisstxt">
<script>ad9();</script>
<h2><a href="/sort1/1.html">�����������ŵ�����</a></h2>
<div class="z_Pic">
<div id="album">
<ul>
<li><a href="http://www.80ge.info/txtxz/21599.html" target="_blank" ><img src="http://img.80ge.info/21/21599/21599s.jpg" width="122" height="166" border="0" title="������"></a><br /><a href="http://www.80ge.info/txtxz/21599.html" title="������TXTȫ������" target="_blank">������</a></li>

<li><a href="http://www.80ge.info/txtxz/6203.html" target="_blank" ><img src="http://img.80ge.info/6/6203/6203s.jpg" width="122" height="166" border="0" title="���޴�½4�ռ�����"></a><br /><a href="http://www.80ge.info/txtxz/6203.html" title="���޴�½4�ռ�����TXTȫ������" target="_blank">���޴�½4�ռ�����</a></li>
</ul>
</div>
</div>
<div class="sarts">
<li><span>1. </span><a href="http://www.80ge.info/txtxz/6194.html" target="_blank" title="����TXTȫ������">����</a></li><li><span>2. </span><a href="http://www.80ge.info/txtxz/426.html" target="_blank" title="���Ʋ��TXTȫ������">���Ʋ��</a></li><li><span>3. </span><a href="http://www.80ge.info/txtxz/47.html" target="_blank" title="У�����������TXTȫ������">У�����������</a></li><li><span>4. </span><a href="http://www.80ge.info/txtxz/551.html" target="_blank" title="���޴�½TXTȫ������">���޴�½</a></li><li><span>5. </span><a href="http://www.80ge.info/txtxz/14624.html" target="_blank" title="����֮��TXTȫ������">����֮��</a></li><li><span>6. </span><a href="http://www.80ge.info/txtxz/676.html" target="_blank" title="������TXTȫ������">������</a></li><li><span>7. </span><a href="http://www.80ge.info/txtxz/71215.html" target="_blank" title="�����TXTȫ������">�����</a></li><li><span>8. </span><a href="http://www.80ge.info/txtxz/71736.html" target="_blank" title="��������TXTȫ������">��������</a></li><li><span>9. </span><a href="http://www.80ge.info/txtxz/27384.html" target="_blank" title="��������TXTȫ������">��������</a></li><li><span>10. </span><a href="http://www.80ge.info/txtxz/10601.html" target="_blank" title="��������TXTȫ������">��������</a></li><li><span>11. </span><a href="http://www.80ge.info/txtxz/76658.html" target="_blank" title="�ռ�С��ҽTXTȫ������">�ռ�С��ҽ</a></li><li><span>12. </span><a href="http://www.80ge.info/txtxz/21419.html" target="_blank" title="ȫ�����TXTȫ������">ȫ�����</a></li><li><span>13. </span><a href="http://www.80ge.info/txtxz/87833.html" target="_blank" title="�������TXTȫ������">�������</a></li><li><span>14. </span><a href="http://www.80ge.info/txtxz/85190.html" target="_blank" title="���м�Ʒҽ��TXTȫ������">���м�Ʒҽ��</a></li><li><span>15. </span><a href="http://www.80ge.info/txtxz/48647.html" target="_blank" title="��ҹ����TXTȫ������">��ҹ����</a></li><li><span>16. </span><a href="http://www.80ge.info/txtxz/13588.html" target="_blank" title="ҹ��������TXTȫ������">ҹ��������</a></li></div>
</div>
<div id="focus">
<div class="ad6"><script>ad6();</script></div>
</div>
</div>
</div>
<div id="footer">
<div id="f_link">
<a href="/support/about.html" title="��������" target="_blank">��������</a>-<a href="/support/help.html" title="txtС˵���ذ���" target="_blank">��վ����</a>-<a href="/support/advertise.html" title="������" target="_blank">������</a>-<a href="/support/declare.html" title="��Ȩ����,��Ȩ�ٱ�" target="_blank">��Ȩ����(�ٱ�)</a>-<a href="/support/sitemap.html" title="��վ��ͼ" target="_blank">��վ��ͼ</a>
</div>
<div class="copyright">
<b>���������</b>����txtС˵�����������Լ�������Ȩ��������Ʒ������������߱��˵Ĺ۵㣬�뱾վ�����޹ء��Ķ����緢����Ʒ����ȷ���뷨�ɵִ�֮��������վ�ٱ���<br>
���������Ķ�����ɫ���磬���������緢����Ȩ���Ƿ���ɫ����С˵,<span style="background-color:#ffff00 "><a href="/newmessage.php?tosys=1&title=[��Ȩ/��ɫ]�ٱ�&content=������Ȩ��Ƿ����ݵ�С˵��д������,���ĺ����ǻ�ɾ�����飺 " target="_blank">��˾ٱ�</a></span> �����ʼ���:<span style="background-color:#ffff00 ">admin@80ge.info </span> ɾ������</b></span></font>(���鷢���ʼ�:����Ϊ��[��Ȩ/��ɫ]�ٱ���)<br/>
�����������רҵ�ṩ����,����,����,��ʷ,����,�ƻ�,�ֲ�,��ѧ,����,����,��־,����,����,����,���������ȫ��С˵������ص���վ�� <script>tongji();</script><br/>
<a href="http://www.80ge.info" title="���������"><b>���������</b></a> ����������<a href="http://www.80ge.info" title="���������">www.80ge.info</a> ��վ�����ţ���ICP��13055675��-6 
 վ�����䣺admin@80ge.info</div>
</div>
</div>
<script>recordedclick(224653);</script>
</body>
</html>
21:11:41.941 [OkHttp http://www.80ge.info/...] DEBUG io.legado.app.model.DebugLog - <-- END HTTP (20414-byte, 5408-gzipped-byte body)
21:11:41.942 [main @coroutine#6] INFO io.legado.app.model.DebugLog - sourceUrl: http://www.80ge.info, msg: �Ի�ȡ�ɹ�:http://www.80ge.info/txtxz/224653.html
21:11:41.942 [main @coroutine#6] INFO io.legado.app.model.DebugLog - sourceUrl: http://www.80ge.info, msg: ����ȡĿ¼�б�
21:11:41.946 [main @coroutine#6] INFO io.legado.app.model.DebugLog - sourceUrl: http://www.80ge.info, msg: ���б��С:0
21:11:41.946 [main] ERROR cn.kong.app.model.NovelSourceTest -   �ؼ��� [��ͨ��] ���������쳣: Ŀ¼Ϊ��
io.legado.app.exception.TocEmptyException: Ŀ¼Ϊ��
21:11:41.946 [main] INFO cn.kong.app.model.NovelSourceTest - 
  -------- �ؼ��� [ҹ��������] --------
21:11:41.946 [main] INFO cn.kong.app.model.NovelSourceTest -   --- Step 1: ���� [ҹ��������] ---
21:11:41.948 [OkHttp http://www.80ge.info/...] DEBUG io.legado.app.model.DebugLog - --> POST http://www.80ge.info/modules/article/search.php http/1.1
21:11:41.949 [OkHttp http://www.80ge.info/...] DEBUG io.legado.app.model.DebugLog - User-Agent: Mozilla/5.0 (Windows NT 10.0; Win64; x64) AppleWebKit/537.36 (KHTML, like Gecko) Chrome/75.0.3770.142 Safari/537.36
21:11:41.949 [OkHttp http://www.80ge.info/...] DEBUG io.legado.app.model.DebugLog - Keep-Alive: 300
21:11:41.949 [OkHttp http://www.80ge.info/...] DEBUG io.legado.app.model.DebugLog - Connection: Keep-Alive
21:11:41.949 [OkHttp http://www.80ge.info/...] DEBUG io.legado.app.model.DebugLog - Cache-Control: no-cache
21:11:41.949 [OkHttp http://www.80ge.info/...] DEBUG io.legado.app.model.DebugLog - Content-Type: application/x-www-form-urlencoded
21:11:41.949 [OkHttp http://www.80ge.info/...] DEBUG io.legado.app.model.DebugLog - Content-Length: 78
21:11:41.949 [OkHttp http://www.80ge.info/...] DEBUG io.legado.app.model.DebugLog - Host: www.80ge.info
21:11:41.949 [OkHttp http://www.80ge.info/...] DEBUG io.legado.app.model.DebugLog - Accept-Encoding: gzip
21:11:41.949 [OkHttp http://www.80ge.info/...] DEBUG io.legado.app.model.DebugLog - 
21:11:41.949 [OkHttp http://www.80ge.info/...] DEBUG io.legado.app.model.DebugLog - searchkey=%E5%A4%9C%E7%9A%84%E5%91%BD%E5%90%8D%E6%9C%AF&searchtype=articlename
21:11:41.949 [OkHttp http://www.80ge.info/...] DEBUG io.legado.app.model.DebugLog - --> END POST (78-byte body)
21:11:42.188 [OkHttp http://www.80ge.info/...] DEBUG io.legado.app.model.DebugLog - <-- 200 OK http://www.80ge.info/modules/article/search.php (239ms)
21:11:42.188 [OkHttp http://www.80ge.info/...] DEBUG io.legado.app.model.DebugLog - Server: nginx
21:11:42.188 [OkHttp http://www.80ge.info/...] DEBUG io.legado.app.model.DebugLog - Date: Fri, 14 Aug 2026 13:11:42 GMT
21:11:42.188 [OkHttp http://www.80ge.info/...] DEBUG io.legado.app.model.DebugLog - Content-Type: text/html; charset=UTF-8
21:11:42.188 [OkHttp http://www.80ge.info/...] DEBUG io.legado.app.model.DebugLog - Transfer-Encoding: chunked
21:11:42.188 [OkHttp http://www.80ge.info/...] DEBUG io.legado.app.model.DebugLog - Connection: keep-alive
21:11:42.188 [OkHttp http://www.80ge.info/...] DEBUG io.legado.app.model.DebugLog - Content-Encoding: gzip
21:11:42.188 [OkHttp http://www.80ge.info/...] DEBUG io.legado.app.model.DebugLog - Cache-Control: max-age=600
21:11:44.397 [OkHttp http://www.80ge.info/...] DEBUG io.legado.app.model.DebugLog - 
21:11:44.397 [OkHttp http://www.80ge.info/...] DEBUG io.legado.app.model.DebugLog - <!DOCTYPE html PUBLIC "-//W3C//DTD XHTML 1.0 Transitional//EN" "http://www.w3.org/TR/xhtml1/DTD/xhtml1-transitional.dtd"><html xmlns="http://www.w3.org/1999/xhtml"><head><meta http-equiv="Content-Type" content="text/html; charset=utf-8" /><meta name="renderer" content="webkit" /><title>�롰����ص��鼮 - ���������(80ge.info)</title><link type="text/css" rel="stylesheet" href="/skin/style.css" /><script type="text/javascript" src="/skin/com.js"></script>
<script src="/3VoXzBkr/n5CFlgZnRx.js"></script><script type="text/javascript" src="/skin/btn.js"></script></head><body>
<div id="container">
<div class="topnave">
<div class="pad_width">
<script>login();shoucang();</script>
</div>
</div>
<div id="head">
<div class="head_frame">
<div id="logo"><a href="http://www.80ge.info"><img src="http://img.80ge.info/skin/image/logo.gif" alt="���������" /></a></div>
<div id="banner"><script>banner();</script></div>
<div id="head_search">
<div id="search">
<label class="reg"><a href="http://www.80ge.info/top/lastupdate/1.html" target="_blank">������µ�С˵</a></label>
<label class="login"><a href="http://www.80ge.info/top/toptime/1.html" target="_blank">�༭�Ƽ���С˵</a></label>
<script>search_tag();</script>
</div>
</div>
</div>
<div id="menu">
<div id="nav">
<ul>
<li><span>������</span></li><li class="menu_txt"></li>
<li><a href="/sort3/1.html" title="�������">�������</a></li><li class="menu_txt"></li>
<li><a href="/sort13/1.html" title="���ħ��" >���ħ��</a></li><li class="menu_txt"></li>
<li><a href="/sort1/1.html" title="��������">��������</a></li><li class="menu_txt"></li>
<li><a href="/sort12/1.html" title="��������" >��������</a></li><li class="menu_txt"></li>
<li><a href="/sort14/1.html" title="��������" >��������</a></li><li class="menu_txt"></li>
<li><a href="/sort15/1.html" title="��������" >��������</a></li><li class="menu_txt"></li>
<li><a href="/sort9/1.html" title="δ������" >δ������</a></li><li class="menu_txt"></li>
<li><a href="/sort10/1.html" title="������" >������</a></li><li class="menu_txt"></li>
<li><a href="/sort22/1.html" title="̽�ս���" >̽�ս���</a></li><li class="menu_txt"></li>
<li><a href="/sort6/1.html" title="��ʷ����" >��ʷ����</a></li><li class="menu_txt"></li>
<li><a href="/sort7/1.html" title="���־���" >���־���</a></li><li class="menu_txt"></li>
<li><a href="/sort16/1.html" title="��������" >����</a></li><li class="menu_txt"></li>
<li><a href="/sort8/1.html" title="��������" >����</a></li><li class="menu_txt"></li>
</ul>
</div>
<div id="nav">
<ul>
<li><span>Ů����</span></li><li class="menu_txt"></li>
<li><a href="/sort2/1.html" title="ħ��Ůǿ">ħ��Ůǿ</a></li><li class="menu_txt"></li>
<li><a href="/sort4/1.html" title="���л���">���л���</a></li><li class="menu_txt"></li>
<li><a href="/sort5/1.html" title="�ٺ�֮��" >�ٺ�֮��</a></li><li class="menu_txt"></li>
<li><a href="/sort11/1.html" title="ͬ������" >ͬ������</a></li><li class="menu_txt"></li>
<li><a href="/sort17/1.html" title="��Խ�ܿ�" >��Խ�ܿ�</a></li><li class="menu_txt"></li>
<li><a href="/sort18/1.html" title="���ҹ���" >���ҹ���</a></li><li class="menu_txt"></li>
<li><a href="/sort19/1.html" title="ħ��У԰" >ħ��У԰</a></li><li class="menu_txt"></li>
<li><a href="/sort20/1.html" title="��������" >��������</a></li><li class="menu_txt"></li>
<li><a href="/sort21/1.html" title="��ְ��ս" >��ְ��ս</a></li><li class="menu_txt"></li>
<li><a href="/sort23/1.html" title="�����ս" >�����ս</a></li><li class="menu_txt"></li>
<li><a href="/sort24/1.html" title="Ψ������" >Ψ������</a></li><li class="menu_txt"></li>
<li><a href="/sort25/1.html" title="ʫ���ļ�" >ʫ���ļ�</a></li>
</ul>
</div>
</div>
</div>
<div class="main">
<div id="centerl"><div id="content">
<link type="text/css" rel="stylesheet" href="/skin/css/list.css" />
<table class="grid" width="100%" align="center">
<caption>�롰<span style="color: blue"></span>����ص��鼮</caption>
<tr>
<div class="storelistbt5"> 
<ul>
<li class="storelistbt5a">
<a href="http://www.80ge.info/txtxz/13588.html" target="_blank"><img src="http://img.80ge.info/13/13588/13588s.jpg" title="ҹ��������"></a>
<a href="http://www.80ge.info/txtxz/13588.html" title="ҹ��������TXTȫ������" class="bookname" target="_blank">��ҹ����������TXT����</a><span class="bookdata">�ܵ����1065432</span>
<p>���ߣ�<a href="/author/��˵��������/" target="_blank">��˵��������</a>���ࣺ�������</p>
<p>    �����ϵ��޺��У�Ũ�ܵĸ�������£����ݺ�����ǰ�ˣ��ǿƼ�����֮������磬Ҳ����ʵ����õķֽ硣    ���������壬��ȥ��δ��������������������粢�棬��ǰ��һ�У�����ʱ��֮ǽ������ǰ��    �ڰ������֡����� ...</p>
<p>״̬:<span class="strong green">������</span> ����:24-05-25 �����½�:���顶��ɽ���ѷ��� </p>
</li>
<li class="storelistbt5b">
<p><a href="http://www.80ge.info/txtxz/13588.html" target="_blank">TXT����</a></p>
<p><a rel="nofollow" href="Javascript:void(0);" onclick="javascript:vote(13588);">Ͷ�Ƽ�Ʊ</a></p>
<p><a rel="nofollow" href="Javascript:void(0);" onclick="javascript:addbookcase(13588);">�������</a></p>
</li>
</ul>
</div>
  </tr>
<tr>
<div class="storelistbt5"> 
<ul>
<li class="storelistbt5a">
<a href="http://www.80ge.info/txtxz/3247.html" target="_blank"><img src="http://img.80ge.info/3/3247/3247s.jpg" title="������"></a>
<a href="http://www.80ge.info/txtxz/3247.html" title="������TXTȫ������" class="bookname" target="_blank">����������TXT����</a><span class="bookdata">�ܵ����6058</span>
<p>���ߣ�<a href="/author/�����ȳ�/" target="_blank">�����ȳ�</a>���ࣺ��������</p>
<p>    �����ȳ����걾С˵���������ȳ�ϵ��֮����˲�䡷�������ȳ�ϵ��֮�������㡷�����ּ�į����������䡷�������ȳ�ϵ��֮������������������еĩ�ա�������������Ѫ�������ɡ������ĸ����ڶ��С���ʮһ��С˵��
    Ŀǰ���� ...</p>
<p>״̬:<span class="strong blue">�����</span> ����:13-05-26 �����½�:��ʮһ�� ����֮�������� </p>
</li>
<li class="storelistbt5b">
<p><a href="http://www.80ge.info/txtxz/3247.html" target="_blank">TXT����</a></p>
<p><a rel="nofollow" href="Javascript:void(0);" onclick="javascript:vote(3247);">Ͷ�Ƽ�Ʊ</a></p>
<p><a rel="nofollow" href="Javascript:void(0);" onclick="javascript:addbookcase(3247);">�������</a></p>
</li>
</ul>
</div>
  </tr>
<tr>
<div class="storelistbt5"> 
<ul>
<li class="storelistbt5a">
<a href="http://www.80ge.info/txtxz/92110.html" target="_blank"><img src="http://img.80ge.info/92/92110/92110s.jpg" title="����������"></a>
<a href="http://www.80ge.info/txtxz/92110.html" title="����������TXTȫ������" class="bookname" target="_blank">�����������硷TXT����</a><span class="bookdata">�ܵ����1637</span>
<p>���ߣ�<a href="/author/�����ˮ/" target="_blank">�����ˮ</a>���ࣺ��������</p>
<p>    &#12288;&#12288;���ججʮ���꣬����ʮ���������һ��ɵ�ӣ������˳�Ц��    ����Ϊ��ֻ��һ���Σ�����ĳһ�������ˡ����������Ѿ�����ԭ�����Ǹ������� ...</p>
<p>״̬:<span class="strong green">������</span> ����:19-04-03 �����½�:����ʮ�� ���� </p>
</li>
<li class="storelistbt5b">
<p><a href="http://www.80ge.info/txtxz/92110.html" target="_blank">TXT����</a></p>
<p><a rel="nofollow" href="Javascript:void(0);" onclick="javascript:vote(92110);">Ͷ�Ƽ�Ʊ</a></p>
<p><a rel="nofollow" href="Javascript:void(0);" onclick="javascript:addbookcase(92110);">�������</a></p>
</li>
</ul>
</div>
  </tr>
<tr>
<div class="storelistbt5"> 
<ul>
<li class="storelistbt5a">
<a href="http://www.80ge.info/txtxz/49052.html" target="_blank"><img src="http://img.80ge.info/49/49052/49052s.jpg" title="ҹ������"></a>
<a href="http://www.80ge.info/txtxz/49052.html" title="ҹ������TXTȫ������" class="bookname" target="_blank">��ҹ�����TXT����</a><span class="bookdata">�ܵ����12424</span>
<p>���ߣ�<a href="/author/��Ȫ/" target="_blank">��Ȫ</a>���ࣺ�������</p>
<p>    ����ò�����İ���������Ը����������ҹһ���������ӣ���������ѱ��������Ů�ӣ���ȴֻ�����������������Լ��Ļ�����ȥ����ʹ�����顭����������һ�������İ�����������ճ���********************* ...</p>
<p>״̬:<span class="strong blue">�����</span> ����:17-07-27 �����½�:�ھ�ʮ��  ���� </p>
</li>
<li class="storelistbt5b">
<p><a href="http://www.80ge.info/txtxz/49052.html" target="_blank">TXT����</a></p>
<p><a rel="nofollow" href="Javascript:void(0);" onclick="javascript:vote(49052);">Ͷ�Ƽ�Ʊ</a></p>
<p><a rel="nofollow" href="Javascript:void(0);" onclick="javascript:addbookcase(49052);">�������</a></p>
</li>
</ul>
</div>
  </tr>
<tr>
<div class="storelistbt5"> 
<ul>
<li class="storelistbt5a">
<a href="http://www.80ge.info/txtxz/73788.html" target="_blank"><img src="http://img.80ge.info/73/73788/73788s.jpg" title="������˹�İ���ʦ"></a>
<a href="http://www.80ge.info/txtxz/73788.html" title="������˹�İ���ʦTXTȫ������" class="bookname" target="_blank">��������˹�İ���ʦ��TXT����</a><span class="bookdata">�ܵ����77433</span>
<p>���ߣ�<a href="/author/������/" target="_blank">������</a>���ࣺ������Ϸ</p>
<p>    ̽Ѱ�������������WOW�����أ�׷Ѱ���������С���һ���İ�����˹����һ����ħ�����硣    �����������?����¡�����³Ǵ����ʦ���Ҽ���������־���Ҽ��ǰ���֮�ԡ�    ����Ⱥ��297229149 ...</p>
<p>״̬:<span class="strong green">������</span> ����:24-06-08 �����½�:д�������԰� </p>
</li>
<li class="storelistbt5b">
<p><a href="http://www.80ge.info/txtxz/73788.html" target="_blank">TXT����</a></p>
<p><a rel="nofollow" href="Javascript:void(0);" onclick="javascript:vote(73788);">Ͷ�Ƽ�Ʊ</a></p>
<p><a rel="nofollow" href="Javascript:void(0);" onclick="javascript:addbookcase(73788);">�������</a></p>
</li>
</ul>
</div>
  </tr>
<tr>
<div class="storelistbt5"> 
<ul>
<li class="storelistbt5a">
<a href="http://www.80ge.info/txtxz/95616.html" target="_blank"><img src="http://img.80ge.info/95/95616/95616s.jpg" title="ǧҹ����ĩ"></a>
<a href="http://www.80ge.info/txtxz/95616.html" title="ǧҹ����ĩTXTȫ������" class="bookname" target="_blank">��ǧҹ����ĩ��TXT����</a><span class="bookdata">�ܵ����387</span>
<p>���ߣ�<a href="/author/��ƬJack/" target="_blank">��ƬJack</a>���ࣺ��������</p>
<p>    ��ڵ�ҹ����������Ƭ���࿪�����أ�ͬʱ�����΢���Ļ��Ϩ��ֻ���¼ž���ڰ���    �����ǲ�֪�Ӻγ��֣��������������Ӱ�У���¼�Ų����������ڰ�������Χ�������˵�š�    �����������Լ�����ǰ��Զ�޷����� ...</p>
<p>״̬:<span class="strong green">������</span> ����:19-05-18 �����½�:��ѻ�������� ���� </p>
</li>
<li class="storelistbt5b">
<p><a href="http://www.80ge.info/txtxz/95616.html" target="_blank">TXT����</a></p>
<p><a rel="nofollow" href="Javascript:void(0);" onclick="javascript:vote(95616);">Ͷ�Ƽ�Ʊ</a></p>
<p><a rel="nofollow" href="Javascript:void(0);" onclick="javascript:addbookcase(95616);">�������</a></p>
</li>
</ul>
</div>
  </tr>
<tr>
<div class="storelistbt5"> 
<ul>
<li class="storelistbt5a">
<a href="http://www.80ge.info/txtxz/89615.html" target="_blank"><img src="http://img.80ge.info/89/89615/89615s.jpg" title="�ܲõ�ҹ��"></a>
<a href="http://www.80ge.info/txtxz/89615.html" title="�ܲõ�ҹ��TXTȫ������" class="bookname" target="_blank">���ܲõ�ҹ�衷TXT����</a><span class="bookdata">�ܵ����808</span>
<p>���ߣ�<a href="/author/�~����/" target="_blank">�~����</a>���ࣺ���л���</p>
<p>    &#12288;&#12288;��һ�꣬365�����ҹ����������ȥ������������һ����ż��˺�ѣ�ҹҹ���ֻ࣬�����ĵĻ��䣬û�а��ĳ�ŵ&#12288;&#12288;�������̰���������ҵ������Ϊ������Ϊ���������� ...</p>
<p>״̬:<span class="strong green">������</span> ����:18-08-02 �����½�:�ھ�ʮ����:��͵��� </p>
</li>
<li class="storelistbt5b">
<p><a href="http://www.80ge.info/txtxz/89615.html" target="_blank">TXT����</a></p>
<p><a rel="nofollow" href="Javascript:void(0);" onclick="javascript:vote(89615);">Ͷ�Ƽ�Ʊ</a></p>
<p><a rel="nofollow" href="Javascript:void(0);" onclick="javascript:addbookcase(89615);">�������</a></p>
</li>
</ul>
</div>
  </tr>
<tr>
<div class="storelistbt5"> 
<ul>
<li class="storelistbt5a">
<a href="http://www.80ge.info/txtxz/21182.html" target="_blank"><img src="http://img.80ge.info/21/21182/21182s.jpg" title="����"></a>
<a href="http://www.80ge.info/txtxz/21182.html" title="����TXTȫ������" class="bookname" target="_blank">��������TXT����</a><span class="bookdata">�ܵ����607819</span>
<p>���ߣ�<a href="/author/����/" target="_blank">����</a>���ࣺ��������</p>
<p>    �����н鹫˾�ľ�������ΰ����һ������������ӵ���ˡ��������������ܡ�
    �����������������Կ��巿����ҵ�еĶ�����թ���жϳ��ͻ�����ʵ�뷨���ڷ�����ҵ��ķ���ˮ��
    ���ǡ��󸾡�Ůǿ�˵ȸ�ʽ�����Ŀͻ��� ...</p>
<p>״̬:<span class="strong green">������</span> ����:15-09-21 �����½�:�������飬����С��ҽ�� </p>
</li>
<li class="storelistbt5b">
<p><a href="http://www.80ge.info/txtxz/21182.html" target="_blank">TXT����</a></p>
<p><a rel="nofollow" href="Javascript:void(0);" onclick="javascript:vote(21182);">Ͷ�Ƽ�Ʊ</a></p>
<p><a rel="nofollow" href="Javascript:void(0);" onclick="javascript:addbookcase(21182);">�������</a></p>
</li>
</ul>
</div>
  </tr>
<tr>
<div class="storelistbt5"> 
<ul>
<li class="storelistbt5a">
<a href="http://www.80ge.info/txtxz/2392.html" target="_blank"><img src="http://img.80ge.info/2/2392/2392s.jpg" title="��ɱ"></a>
<a href="http://www.80ge.info/txtxz/2392.html" title="��ɱTXTȫ������" class="bookname" target="_blank">����ɱ��TXT����</a><span class="bookdata">�ܵ����5103</span>
<p>���ߣ�<a href="/author/�ҡ���ľ/" target="_blank">�ҡ���ľ</a>���ࣺ�������</p>
<p>    һ��������ʿ��
    һ���Զ�Ԧ�޵Ľ�����ʿ��
    һ����ͨ�����Ľ�����ʿ��
    һ����һ��㶷������͵�ҩ���ƵĽ�����ʿ��
    ���һ���һ���Ƚ��ó��������ԵĽ�����ʿ��
    �����ڸ���ҽ��� ...</p>
<p>״̬:<span class="strong blue">�����</span> ����:13-05-26 �����½�:��403�� ����ʼ�� </p>
</li>
<li class="storelistbt5b">
<p><a href="http://www.80ge.info/txtxz/2392.html" target="_blank">TXT����</a></p>
<p><a rel="nofollow" href="Javascript:void(0);" onclick="javascript:vote(2392);">Ͷ�Ƽ�Ʊ</a></p>
<p><a rel="nofollow" href="Javascript:void(0);" onclick="javascript:addbookcase(2392);">�������</a></p>
</li>
</ul>
</div>
  </tr>
<tr>
<div class="storelistbt5"> 
<ul>
<li class="storelistbt5a">
<a href="http://www.80ge.info/txtxz/78625.html" target="_blank"><img src="http://img.80ge.info/78/78625/78625s.jpg" title="����"></a>
<a href="http://www.80ge.info/txtxz/78625.html" title="����TXTȫ������" class="bookname" target="_blank">��������TXT����</a><span class="bookdata">�ܵ����30301</span>
<p>���ߣ�<a href="/author/��������/" target="_blank">��������</a>���ࣺʫ���ļ�</p>
<p>    ������ǰ���������������Ů�����Ƶ�һ��С����ȥ����Ϊ�͡������⿴��С���������ϵ����֣����ᶼҪ�������ˣ���ү�����Ǵ����������˵��������ܳŴ�����Ȼ������Ҫ�������࣬�ܲ��ܾͷŹ�����һ�⣿ ...</p>
<p>״̬:<span class="strong green">������</span> ����:25-03-05 �����½�:���ġ������ </p>
</li>
<li class="storelistbt5b">
<p><a href="http://www.80ge.info/txtxz/78625.html" target="_blank">TXT����</a></p>
<p><a rel="nofollow" href="Javascript:void(0);" onclick="javascript:vote(78625);">Ͷ�Ƽ�Ʊ</a></p>
<p><a rel="nofollow" href="Javascript:void(0);" onclick="javascript:addbookcase(78625);">�������</a></p>
</li>
</ul>
</div>
  </tr>
<tr>
<div class="storelistbt5"> 
<ul>
<li class="storelistbt5a">
<a href="http://www.80ge.info/txtxz/81945.html" target="_blank"><img src="http://img.80ge.info/81/81945/81945s.jpg" title="�ֽ���"></a>
<a href="http://www.80ge.info/txtxz/81945.html" title="�ֽ���TXTȫ������" class="bookname" target="_blank">���ֽ�����TXT����</a><span class="bookdata">�ܵ����3515</span>
<p>���ߣ�<a href="/author/����/" target="_blank">����</a>���ࣺ������</p>
<p>    �������ж���ɽ�����������ഫ���ֽ�֮��ֻ������֮�󡣵�Ĺһ�У�������أ����ؿ����У���Ƿ��ծ��ʱΪ�Һ������Էֽ�֮�����������컯������Ǭ���� ...</p>
<p>״̬:<span class="strong green">������</span> ����:18-12-31 �����½�:��171�� ����Ź����գ� </p>
</li>
<li class="storelistbt5b">
<p><a href="http://www.80ge.info/txtxz/81945.html" target="_blank">TXT����</a></p>
<p><a rel="nofollow" href="Javascript:void(0);" onclick="javascript:vote(81945);">Ͷ�Ƽ�Ʊ</a></p>
<p><a rel="nofollow" href="Javascript:void(0);" onclick="javascript:addbookcase(81945);">�������</a></p>
</li>
</ul>
</div>
  </tr>
<tr>
<div class="storelistbt5"> 
<ul>
<li class="storelistbt5a">
<a href="http://www.80ge.info/txtxz/101167.html" target="_blank"><img src="http://img.80ge.info/101/101167/101167s.jpg" title="������"></a>
<a href="http://www.80ge.info/txtxz/101167.html" title="������TXTȫ������" class="bookname" target="_blank">����������TXT����</a><span class="bookdata">�ܵ����636</span>
<p>���ߣ�<a href="/author/ҹɫ������/" target="_blank">ҹɫ������</a>���ࣺ��������</p>
<p>    &#12288;&#12288;�Թ����������˽�������������������֮����̽Ѱ���ɳ���֮������ڤ��Ȫ�����������������ɽ�ӣ���������ޣ�����֮·���Ҽ��������з��ſ����Ѱ��    ����а�񣬶Դ��ѷ֣�����Ϊ�Σ���ν ...</p>
<p>״̬:<span class="strong green">������</span> ����:19-09-06 �����½�:��һ�ٰ�ʮ�� ��֮���� </p>
</li>
<li class="storelistbt5b">
<p><a href="http://www.80ge.info/txtxz/101167.html" target="_blank">TXT����</a></p>
<p><a rel="nofollow" href="Javascript:void(0);" onclick="javascript:vote(101167);">Ͷ�Ƽ�Ʊ</a></p>
<p><a rel="nofollow" href="Javascript:void(0);" onclick="javascript:addbookcase(101167);">�������</a></p>
</li>
</ul>
</div>
  </tr>
<tr>
<div class="storelistbt5"> 
<ul>
<li class="storelistbt5a">
<a href="http://www.80ge.info/txtxz/111791.html" target="_blank"><img src="http://img.80ge.info/111/111791/111791s.jpg" title="����"></a>
<a href="http://www.80ge.info/txtxz/111791.html" title="����TXTȫ������" class="bookname" target="_blank">��������TXT����</a><span class="bookdata">�ܵ����599</span>
<p>���ߣ�<a href="/author/ľľ��ʮ/" target="_blank">ľľ��ʮ</a>���ࣺ��ƪ�ۺ�</p>
<p>    ����������Ժ    �����ǵ�2020���������Ĵ�����������Ʒ�������ǧ�����ͬ����������������߽�����    ���ٺ��ɣ�˭Ϊ���֣���������֮���ܷ����յ����Լ������ˣ�������Ϊ�������壬ȴ�������Կ�η�����ݺ����£� ...</p>
<p>״̬:<span class="strong green">������</span> ����:20-04-12 �����½�:��ʮ���� ��̸ҹ�� </p>
</li>
<li class="storelistbt5b">
<p><a href="http://www.80ge.info/txtxz/111791.html" target="_blank">TXT����</a></p>
<p><a rel="nofollow" href="Javascript:void(0);" onclick="javascript:vote(111791);">Ͷ�Ƽ�Ʊ</a></p>
<p><a rel="nofollow" href="Javascript:void(0);" onclick="javascript:addbookcase(111791);">�������</a></p>
</li>
</ul>
</div>
  </tr>
<tr>
<div class="storelistbt5"> 
<ul>
<li class="storelistbt5a">
<a href="http://www.80ge.info/txtxz/131297.html" target="_blank"><img src="http://img.80ge.info/131/131297/131297s.jpg" title="ͨ����"></a>
<a href="http://www.80ge.info/txtxz/131297.html" title="ͨ����TXTȫ������" class="bookname" target="_blank">��ͨ������TXT����</a><span class="bookdata">�ܵ����994</span>
<p>���ߣ�<a href="/author/���Ϲ���/" target="_blank">���Ϲ���</a>���ࣺ��������</p>
<p>    ��鴩Խ������������Ȼ���ǿ���ƽ��������ȴ������һ��������ˣ������Գƾ��ߣ����Ƕ�������һ������ȡ��ͨ�죡 ...</p>
<p>״̬:<span class="strong green">������</span> ����:21-04-22 �����½�:�ڶ�����ʮ����  �����3�� </p>
</li>
<li class="storelistbt5b">
<p><a href="http://www.80ge.info/txtxz/131297.html" target="_blank">TXT����</a></p>
<p><a rel="nofollow" href="Javascript:void(0);" onclick="javascript:vote(131297);">Ͷ�Ƽ�Ʊ</a></p>
<p><a rel="nofollow" href="Javascript:void(0);" onclick="javascript:addbookcase(131297);">�������</a></p>
</li>
</ul>
</div>
  </tr>
<tr>
<div class="storelistbt5"> 
<ul>
<li class="storelistbt5a">
<a href="http://www.80ge.info/txtxz/122782.html" target="_blank"><img src="http://img.80ge.info/122/122782/122782s.jpg" title="����"></a>
<a href="http://www.80ge.info/txtxz/122782.html" title="����TXTȫ������" class="bookname" target="_blank">��������TXT����</a><span class="bookdata">�ܵ����869</span>
<p>���ߣ�<a href="/author/��������/" target="_blank">��������</a>���ࣺ��ƪ�ۺ�</p>
<p>    ��������ͬѧ����ʲô���飿�����������������ɾ�ʥƽ������������ѧУ    ������ϰԺ�����·������ͬ���ֵܡ����Ѳ���ȴδ���и����ɾ�����û�����м򵥡�    ����ûʱ������������ɡ���֡���������ѹ֮�·��˲���� ...</p>
<p>״̬:<span class="strong green">������</span> ����:22-08-14 �����½�:��һ����ʮ���� β�� </p>
</li>
<li class="storelistbt5b">
<p><a href="http://www.80ge.info/txtxz/122782.html" target="_blank">TXT����</a></p>
<p><a rel="nofollow" href="Javascript:void(0);" onclick="javascript:vote(122782);">Ͷ�Ƽ�Ʊ</a></p>
<p><a rel="nofollow" href="Javascript:void(0);" onclick="javascript:addbookcase(122782);">�������</a></p>
</li>
</ul>
</div>
  </tr>
<tr>
<div class="storelistbt5"> 
<ul>
<li class="storelistbt5a">
<a href="http://www.80ge.info/txtxz/213980.html" target="_blank"><img src="http://img.80ge.info/213/213980/213980s.jpg" title="���"></a>
<a href="http://www.80ge.info/txtxz/213980.html" title="���TXTȫ������" class="bookname" target="_blank">�������TXT����</a><span class="bookdata">�ܵ����0</span>
<p>���ߣ�<a href="/author/�������/" target="_blank">�������</a>���ࣺ��ʷ����</p>
<p>    ������ᣬ������������У�Ԥ�ա�С��Ů����ͬ����ۣ����û顷��ӭ�ղء�    �����İ���    ʮ����ǰ��ׯ��欵�Ը���Ǽ޸��Ǹ������Ĳɵ�С�ƹ��Դ˲�������Ϊū��    ʮ��������ҿ�����С�ƹ�Ȣ����һ����Ѿ ...</p>
<p>״̬:<span class="strong green">������</span> ����:26-01-29 �����½�:184 ̫�ͼ���6 </p>
</li>
<li class="storelistbt5b">
<p><a href="http://www.80ge.info/txtxz/213980.html" target="_blank">TXT����</a></p>
<p><a rel="nofollow" href="Javascript:void(0);" onclick="javascript:vote(213980);">Ͷ�Ƽ�Ʊ</a></p>
<p><a rel="nofollow" href="Javascript:void(0);" onclick="javascript:addbookcase(213980);">�������</a></p>
</li>
</ul>
</div>
  </tr>
<tr>
<div class="storelistbt5"> 
<ul>
<li class="storelistbt5a">
<a href="http://www.80ge.info/txtxz/15497.html" target="_blank"><img src="http://img.80ge.info/15/15497/15497s.jpg" title="����"></a>
<a href="http://www.80ge.info/txtxz/15497.html" title="����TXTȫ������" class="bookname" target="_blank">��������TXT����</a><span class="bookdata">�ܵ����12372</span>
<p>���ߣ�<a href="/author/�ηƶ�/" target="_blank">�ηƶ�</a>���ࣺ��������</p>
<p>
    ��һ�仰�İ��������˶���Ϊ�˳�����ϯ�㣬ֻ������֪�������հ桿�˳����뿪��һ�꣬�����ºݻ�˵�����������ű��������У���Ȼ����ô������֪����������������������ȴ�ʣ���ز�������������桿�������ĳ�գ������� ...</p>
<p>״̬:<span class="strong blue">�����</span> ����:13-08-15 �����½�:63 ���¾��ã��ģ� </p>
</li>
<li class="storelistbt5b">
<p><a href="http://www.80ge.info/txtxz/15497.html" target="_blank">TXT����</a></p>
<p><a rel="nofollow" href="Javascript:void(0);" onclick="javascript:vote(15497);">Ͷ�Ƽ�Ʊ</a></p>
<p><a rel="nofollow" href="Javascript:void(0);" onclick="javascript:addbookcase(15497);">�������</a></p>
</li>
</ul>
</div>
  </tr>
<tr>
<div class="storelistbt5"> 
<ul>
<li class="storelistbt5a">
<a href="http://www.80ge.info/txtxz/253.html" target="_blank"><img src="http://img.80ge.info/0/253/253s.jpg" title="����"></a>
<a href="http://www.80ge.info/txtxz/253.html" title="����TXTȫ������" class="bookname" target="_blank">��������TXT����</a><span class="bookdata">�ܵ����327336</span>
<p>���ߣ�<a href="/author/������/" target="_blank">������</a>���ࣺ�ٳ�ְ��</p>
<p>    �絴�ƹ���ӥХ�ĺ����ٳ��糤�յ��������Ȩı��
    ����һȺ��102792678��200�����ˣ���л��į�ṩ����
    ��������Ⱥ��116237180����л������Щ���ֵ��ṩ��500�˳�����Ⱥ��ע������Ⱥֻ ...</p>
<p>״̬:<span class="strong green">������</span> ����:17-07-27 �����½�:�����ٰ�ʮ���� ������Ĵ�ׯ </p>
</li>
<li class="storelistbt5b">
<p><a href="http://www.80ge.info/txtxz/253.html" target="_blank">TXT����</a></p>
<p><a rel="nofollow" href="Javascript:void(0);" onclick="javascript:vote(253);">Ͷ�Ƽ�Ʊ</a></p>
<p><a rel="nofollow" href="Javascript:void(0);" onclick="javascript:addbookcase(253);">�������</a></p>
</li>
</ul>
</div>
  </tr>
<tr>
<div class="storelistbt5"> 
<ul>
<li class="storelistbt5a">
<a href="http://www.80ge.info/txtxz/97508.html" target="_blank"><img src="http://img.80ge.info/97/97508/97508s.jpg" title="ǧ��"></a>
<a href="http://www.80ge.info/txtxz/97508.html" title="ǧ��TXTȫ������" class="bookname" target="_blank">��ǧ����TXT����</a><span class="bookdata">�ܵ����1759</span>
<p>���ߣ�<a href="/author/������/" target="_blank">������</a>���ࣺ���л���</p>
<p>    һ������������𣬺��о�ʾ���õĽ�����Ʒ�� ...</p>
<p>״̬:<span class="strong green">������</span> ����:19-07-17 �����½�:�����£�ǧ�֣�8�� </p>
</li>
<li class="storelistbt5b">
<p><a href="http://www.80ge.info/txtxz/97508.html" target="_blank">TXT����</a></p>
<p><a rel="nofollow" href="Javascript:void(0);" onclick="javascript:vote(97508);">Ͷ�Ƽ�Ʊ</a></p>
<p><a rel="nofollow" href="Javascript:void(0);" onclick="javascript:addbookcase(97508);">�������</a></p>
</li>
</ul>
</div>
  </tr>
<tr>
<div class="storelistbt5"> 
<ul>
<li class="storelistbt5a">
<a href="http://www.80ge.info/txtxz/88625.html" target="_blank"><img src="http://img.80ge.info/88/88625/88625s.jpg" title="����"></a>
<a href="http://www.80ge.info/txtxz/88625.html" title="����TXTȫ������" class="bookname" target="_blank">��������TXT����</a><span class="bookdata">�ܵ����4616</span>
<p>���ߣ�<a href="/author/�ŵ�Ȫˮ/" target="_blank">�ŵ�Ȫˮ</a>���ࣺ������</p>
<p>    ������qȺ��475955554��ϣ����Ҽ��룩үΪ�˾��ң��ڳ�������ʮ��Ķ��ơ����Ӵ��Ҿ����˹��ܵĹƳ����磡    �置ʮ���׳棬�Ϲ����ع��������˺������١�����׷������Ĺ�����ֵ��һ����    �걾���飺�� ...</p>
<p>״̬:<span class="strong blue">�����</span> ����:19-01-09 �����½�:�������֪ͨ </p>
</li>
<li class="storelistbt5b">
<p><a href="http://www.80ge.info/txtxz/88625.html" target="_blank">TXT����</a></p>
<p><a rel="nofollow" href="Javascript:void(0);" onclick="javascript:vote(88625);">Ͷ�Ƽ�Ʊ</a></p>
<p><a rel="nofollow" href="Javascript:void(0);" onclick="javascript:addbookcase(88625);">�������</a></p>
</li>
</ul>
</div>
  </tr>
<tr>
<div class="storelistbt5"> 
<ul>
<li class="storelistbt5a">
<a href="http://www.80ge.info/txtxz/98659.html" target="_blank"><img src="http://img.80ge.info/98/98659/98659s.jpg" title="������"></a>
<a href="http://www.80ge.info/txtxz/98659.html" title="������TXTȫ������" class="bookname" target="_blank">����������TXT����</a><span class="bookdata">�ܵ����682</span>
<p>���ߣ�<a href="/author/С��/" target="_blank">С��</a>���ࣺ������</p>
<p>    ����ξ�����ʵ֮����һ�ȴ���͸������ῴ����һ���������һ���Լ���    ������ôȥ���壬�ı����ξ����ı�����ʵ��һ������ȴװ��������ꡣ    ʧȥ�ļ������ԭ���Ͳ������Լ�������������ע����һ��Ҫ���������� ...</p>
<p>״̬:<span class="strong green">������</span> ����:19-07-05 �����½�:������ ʬ�� �� </p>
</li>
<li class="storelistbt5b">
<p><a href="http://www.80ge.info/txtxz/98659.html" target="_blank">TXT����</a></p>
<p><a rel="nofollow" href="Javascript:void(0);" onclick="javascript:vote(98659);">Ͷ�Ƽ�Ʊ</a></p>
<p><a rel="nofollow" href="Javascript:void(0);" onclick="javascript:addbookcase(98659);">�������</a></p>
</li>
</ul>
</div>
  </tr>
<tr>
<div class="storelistbt5"> 
<ul>
<li class="storelistbt5a">
<a href="http://www.80ge.info/txtxz/156624.html" target="_blank"><img src="http://img.80ge.info/156/156624/156624s.jpg" title="����"></a>
<a href="http://www.80ge.info/txtxz/156624.html" title="����TXTȫ������" class="bookname" target="_blank">��������TXT����</a><span class="bookdata">�ܵ����3063</span>
<p>���ߣ�<a href="/author/������/" target="_blank">������</a>���ࣺ��ƪ�ۺ�</p>
<p>    �ճ����ȣ�������Ԩ������۫�������̫ɽ����������ۣ����������Լ�����Ҫ�������˲��С� ...</p>
<p>״̬:<span class="strong green">������</span> ����:24-04-26 �����½�:�ڰ�ʮ���� ���� </p>
</li>
<li class="storelistbt5b">
<p><a href="http://www.80ge.info/txtxz/156624.html" target="_blank">TXT����</a></p>
<p><a rel="nofollow" href="Javascript:void(0);" onclick="javascript:vote(156624);">Ͷ�Ƽ�Ʊ</a></p>
<p><a rel="nofollow" href="Javascript:void(0);" onclick="javascript:addbookcase(156624);">�������</a></p>
</li>
</ul>
</div>
  </tr>
<tr>
<div class="storelistbt5"> 
<ul>
<li class="storelistbt5a">
<a href="http://www.80ge.info/txtxz/122557.html" target="_blank"><img src="http://img.80ge.info/122/122557/122557s.jpg" title="����"></a>
<a href="http://www.80ge.info/txtxz/122557.html" title="����TXTȫ������" class="bookname" target="_blank">�����桷TXT����</a><span class="bookdata">�ܵ����462</span>
<p>���ߣ�<a href="/author/������/" target="_blank">������</a>���ࣺ�������</p>
<p>    ���´����Ψ����������һ������ͨ�죬�ɳ��أ���������ħ����̤�����졣 ...</p>
<p>״̬:<span class="strong green">������</span> ����:21-10-17 �����½�:153 �� </p>
</li>
<li class="storelistbt5b">
<p><a href="http://www.80ge.info/txtxz/122557.html" target="_blank">TXT����</a></p>
<p><a rel="nofollow" href="Javascript:void(0);" onclick="javascript:vote(122557);">Ͷ�Ƽ�Ʊ</a></p>
<p><a rel="nofollow" href="Javascript:void(0);" onclick="javascript:addbookcase(122557);">�������</a></p>
</li>
</ul>
</div>
  </tr>
<tr>
<div class="storelistbt5"> 
<ul>
<li class="storelistbt5a">
<a href="http://www.80ge.info/txtxz/165831.html" target="_blank"><img src="http://img.80ge.info/165/165831/165831s.jpg" title="��ʬ"></a>
<a href="http://www.80ge.info/txtxz/165831.html" title="��ʬTXTȫ������" class="bookname" target="_blank">����ʬ��TXT����</a><span class="bookdata">�ܵ����41</span>
<p>���ߣ�<a href="/author/��ʮ��ʮ/" target="_blank">��ʮ��ʮ</a>���ࣺ��ƪ�ۺ�</p>
<p>    ���ؿͻ��ˣ��鿴������Ʒ��顣 ...</p>
<p>״̬:<span class="strong green">������</span> ����:22-11-23 �����½�:��76�� ��ɷ��ʼ </p>
</li>
<li class="storelistbt5b">
<p><a href="http://www.80ge.info/txtxz/165831.html" target="_blank">TXT����</a></p>
<p><a rel="nofollow" href="Javascript:void(0);" onclick="javascript:vote(165831);">Ͷ�Ƽ�Ʊ</a></p>
<p><a rel="nofollow" href="Javascript:void(0);" onclick="javascript:addbookcase(165831);">�������</a></p>
</li>
</ul>
</div>
  </tr>
<tr>
<div class="storelistbt5"> 
<ul>
<li class="storelistbt5a">
<a href="http://www.80ge.info/txtxz/59947.html" target="_blank"><img src="http://img.80ge.info/59/59947/59947s.jpg" title="�����������������"></a>
<a href="http://www.80ge.info/txtxz/59947.html" title="�����������������TXTȫ������" class="bookname" target="_blank">������������������ߡ�TXT����</a><span class="bookdata">�ܵ����5516</span>
<p>���ߣ�<a href="/author/����/" target="_blank">����</a>���ࣺ��������</p>
<p>    ����Ϊ����������½����ȴ�������Ĵ��������ܾ�---����֮�飬���������ʢ�˵�������һ����������������ү���ϣ���ƾ�����֮���ϵİ��Ŷݼס������񡢰ٺ�֮��������������������չ��������ײ�������첨������
 ...</p>
<p>״̬:<span class="strong green">������</span> ����:17-12-15 �����½�:���顶�������֡� </p>
</li>
<li class="storelistbt5b">
<p><a href="http://www.80ge.info/txtxz/59947.html" target="_blank">TXT����</a></p>
<p><a rel="nofollow" href="Javascript:void(0);" onclick="javascript:vote(59947);">Ͷ�Ƽ�Ʊ</a></p>
<p><a rel="nofollow" href="Javascript:void(0);" onclick="javascript:addbookcase(59947);">�������</a></p>
</li>
</ul>
</div>
  </tr>
<tr>
<div class="storelistbt5"> 
<ul>
<li class="storelistbt5a">
<a href="http://www.80ge.info/txtxz/61688.html" target="_blank"><img src="http://img.80ge.info/61/61688/61688s.jpg" title="��Ӱ֮��������"></a>
<a href="http://www.80ge.info/txtxz/61688.html" title="��Ӱ֮��������TXTȫ������" class="bookname" target="_blank">����Ӱ֮����������TXT����</a><span class="bookdata">�ܵ����4831</span>
<p>���ߣ�<a href="/author/������/" target="_blank">������</a>���ࣺ��ƪ�ۺ�</p>
<p>    �������棬���������ศ��ɣ�������һ�Σ���ǿ���������Һ�ǹ��Զ��������ɱ��Ƭ�ײ����
 ...</p>
<p>״̬:<span class="strong green">������</span> ����:16-10-12 �����½�:��157�� ��ħ </p>
</li>
<li class="storelistbt5b">
<p><a href="http://www.80ge.info/txtxz/61688.html" target="_blank">TXT����</a></p>
<p><a rel="nofollow" href="Javascript:void(0);" onclick="javascript:vote(61688);">Ͷ�Ƽ�Ʊ</a></p>
<p><a rel="nofollow" href="Javascript:void(0);" onclick="javascript:addbookcase(61688);">�������</a></p>
</li>
</ul>
</div>
  </tr>
<tr>
<div class="storelistbt5"> 
<ul>
<li class="storelistbt5a">
<a href="http://www.80ge.info/txtxz/64243.html" target="_blank"><img src="http://img.80ge.info/64/64243/64243s.jpg" title="����֮������������"></a>
<a href="http://www.80ge.info/txtxz/64243.html" title="����֮������������TXTȫ������" class="bookname" target="_blank">������֮��������������TXT����</a><span class="bookdata">�ܵ����11372</span>
<p>���ߣ�<a href="/author/��Ӱ��è/" target="_blank">��Ӱ��è</a>���ࣺ�ֲ����</p>
<p>    ��ΪżȻ��������������һ�����Դ���ʱ�յĽ�ָ�����������������ָ��Ȼ�ǿ�����ѹ���˵ı���������ֵ�����Ų����������ռ�ݸ��������������õ�Խ������֮���ӳ֣�����������ֵ��Խ�ߣ���������Ҳ��Խ�����������Ļ������� ...</p>
<p>״̬:<span class="strong green">������</span> ����:17-07-27 �����½�:���� </p>
</li>
<li class="storelistbt5b">
<p><a href="http://www.80ge.info/txtxz/64243.html" target="_blank">TXT����</a></p>
<p><a rel="nofollow" href="Javascript:void(0);" onclick="javascript:vote(64243);">Ͷ�Ƽ�Ʊ</a></p>
<p><a rel="nofollow" href="Javascript:void(0);" onclick="javascript:addbookcase(64243);">�������</a></p>
</li>
</ul>
</div>
  </tr>
<tr>
<div class="storelistbt5"> 
<ul>
<li class="storelistbt5a">
<a href="http://www.80ge.info/txtxz/105058.html" target="_blank"><img src="http://img.80ge.info/105/105058/105058s.jpg" title="����������ʦ"></a>
<a href="http://www.80ge.info/txtxz/105058.html" title="����������ʦTXTȫ������" class="bookname" target="_blank">������������ʦ��TXT����</a><span class="bookdata">�ܵ����748</span>
<p>���ߣ�<a href="/author/�����/" target="_blank">�����</a>���ࣺ��ƪ�ۺ�</p>
<p>    ����2019�������＾���ġ�������Ʒ������һ�ţ��ഫ��������һ��ΪУξ��һ��Ϊ��ʦ��    Уξ��ƣ���ʦѰ��������ʦ�ߣ����ס��ֵ�ͷ�������仯Ϊ���ס�����ش��Ի������������ѧ���й����֮�����̽����֮���أ��� ...</p>
<p>״̬:<span class="strong green">������</span> ����:19-12-19 �����½�:��67�� �־���� </p>
</li>
<li class="storelistbt5b">
<p><a href="http://www.80ge.info/txtxz/105058.html" target="_blank">TXT����</a></p>
<p><a rel="nofollow" href="Javascript:void(0);" onclick="javascript:vote(105058);">Ͷ�Ƽ�Ʊ</a></p>
<p><a rel="nofollow" href="Javascript:void(0);" onclick="javascript:addbookcase(105058);">�������</a></p>
</li>
</ul>
</div>
  </tr>
<tr>
<div class="storelistbt5"> 
<ul>
<li class="storelistbt5a">
<a href="http://www.80ge.info/txtxz/145617.html" target="_blank"><img src="http://img.80ge.info/145/145617/145617s.jpg" title="�ҵĲɼ�����������"></a>
<a href="http://www.80ge.info/txtxz/145617.html" title="�ҵĲɼ�����������TXTȫ������" class="bookname" target="_blank">���ҵĲɼ����������⡷TXT����</a><span class="bookdata">�ܵ����1041</span>
<p>���ߣ�<a href="/author/����������/" target="_blank">����������</a>���ࣺ������Ϸ</p>
<p>    �ع��������������ա�    ��ر�������Ⱦ����Ϊ������ֲ�ķ�����    ������С������ɵĵع�����Ϊ��ȫ��20��������Ϊ���ı��ء�    �ع��ڣ��а��ػ��ص��ż���Σ�յ���������ı��ء�    ������������һ�� ...</p>
<p>״̬:<span class="strong green">������</span> ����:21-10-04 �����½�:��28�� ɽԳ�����ϣ� </p>
</li>
<li class="storelistbt5b">
<p><a href="http://www.80ge.info/txtxz/145617.html" target="_blank">TXT����</a></p>
<p><a rel="nofollow" href="Javascript:void(0);" onclick="javascript:vote(145617);">Ͷ�Ƽ�Ʊ</a></p>
<p><a rel="nofollow" href="Javascript:void(0);" onclick="javascript:addbookcase(145617);">�������</a></p>
</li>
</ul>
</div>
  </tr>
<tr>
<div class="storelistbt5"> 
<ul>
<li class="storelistbt5a">
<a href="http://www.80ge.info/txtxz/182401.html" target="_blank"><img src="http://img.80ge.info/182/182401/182401s.jpg" title="Ī����Ԧ��֮��"></a>
<a href="http://www.80ge.info/txtxz/182401.html" title="Ī����Ԧ��֮��TXTȫ������" class="bookname" target="_blank">��Ī����Ԧ��֮����TXT����</a><span class="bookdata">�ܵ����0</span>
<p>���ߣ�<a href="/author/С��/" target="_blank">С��</a>���ࣺ��ƪ�ۺ�</p>
<p>    ���Ȼ�󰮡�+������ʦ׷�ޡ�+���Թ�Ӥ����\n    �����壬Ƿ�ҵ�Ǯʲôʱ�򻹣���\n    ��ʲôǮ����\n    �������Ѱ�����\n����嫶���С������˫�Ǻ��Լ�һģһ���ĵ���ɫ������    �����鶼���ó��� ...</p>
<p>״̬:<span class="strong green">������</span> ����:25-03-01 �����½�:���� ����֮�Ļ������� </p>
</li>
<li class="storelistbt5b">
<p><a href="http://www.80ge.info/txtxz/182401.html" target="_blank">TXT����</a></p>
<p><a rel="nofollow" href="Javascript:void(0);" onclick="javascript:vote(182401);">Ͷ�Ƽ�Ʊ</a></p>
<p><a rel="nofollow" href="Javascript:void(0);" onclick="javascript:addbookcase(182401);">�������</a></p>
</li>
</ul>
</div>
  </tr>
<tr>
<div class="storelistbt5"> 
<ul>
<li class="storelistbt5a">
<a href="http://www.80ge.info/txtxz/161561.html" target="_blank"><img src="http://img.80ge.info/161/161561/161561s.jpg" title="ľҶ�е�����ר��"></a>
<a href="http://www.80ge.info/txtxz/161561.html" title="ľҶ�е�����ר��TXTȫ������" class="bookname" target="_blank">��ľҶ�е�����ר�ҡ�TXT����</a><span class="bookdata">�ܵ����1841</span>
<p>���ߣ�<a href="/author/����ǹ���/" target="_blank">����ǹ���</a>���ࣺ������Ϸ</p>
<p>    ���̿��Ժ󣬱�ͽ�ܴ����衢ʦ���������������ֱ���һ�٣����������������������̶���    ����Ҫ�̳���λ�õ�5����Ӱ�������������ǧ��һ�塤������    ǧ��ɭ����ǰ�����Ǳ��������ˣ���    ������    ���� ...</p>
<p>״̬:<span class="strong blue">�����</span> ����:23-02-10 �����½�:���顶ħŮ�����ɡ� </p>
</li>
<li class="storelistbt5b">
<p><a href="http://www.80ge.info/txtxz/161561.html" target="_blank">TXT����</a></p>
<p><a rel="nofollow" href="Javascript:void(0);" onclick="javascript:vote(161561);">Ͷ�Ƽ�Ʊ</a></p>
<p><a rel="nofollow" href="Javascript:void(0);" onclick="javascript:addbookcase(161561);">�������</a></p>
</li>
</ul>
</div>
  </tr>
<tr>
<div class="storelistbt5"> 
<ul>
<li class="storelistbt5a">
<a href="http://www.80ge.info/txtxz/43314.html" target="_blank"><img src="http://img.80ge.info/43/43314/43314s.jpg" title="��ϯ�İ�ҹ����"></a>
<a href="http://www.80ge.info/txtxz/43314.html" title="��ϯ�İ�ҹ����TXTȫ������" class="bookname" target="_blank">����ϯ�İ�ҹ���ˡ�TXT����</a><span class="bookdata">�ܵ����7319</span>
<p>���ߣ�<a href="/author/���/" target="_blank">���</a>���ࣺ��͢����</p>
<p>    ��ȻΪ���Լ��͵ܵܣ�������������������ɴ�ѧѧҵ���������Ĺ�˾����Ա�������ʱ�䣬������������������ˡ���������ϣ����������ӷ��������������ǧ��������Ķ�����Ϣ���������ѡ�ʧ�����ǵػص���Ԣ�������Ȼ������ ...</p>
<p>״̬:<span class="strong green">������</span> ����:17-07-27 �����½�:��460�� �������� </p>
</li>
<li class="storelistbt5b">
<p><a href="http://www.80ge.info/txtxz/43314.html" target="_blank">TXT����</a></p>
<p><a rel="nofollow" href="Javascript:void(0);" onclick="javascript:vote(43314);">Ͷ�Ƽ�Ʊ</a></p>
<p><a rel="nofollow" href="Javascript:void(0);" onclick="javascript:addbookcase(43314);">�������</a></p>
</li>
</ul>
</div>
  </tr>
<tr>
<div class="storelistbt5"> 
<ul>
<li class="storelistbt5a">
<a href="http://www.80ge.info/txtxz/44671.html" target="_blank"><img src="http://img.80ge.info/44/44671/44671s.jpg" title="ҹ���ӵķ�����ʹ"></a>
<a href="http://www.80ge.info/txtxz/44671.html" title="ҹ���ӵķ�����ʹTXTȫ������" class="bookname" target="_blank">��ҹ���ӵķ�����ʹ��TXT����</a><span class="bookdata">�ܵ����3972</span>
<p>���ߣ�<a href="/author/������/" target="_blank">������</a>���ࣺħ������</p>
<p>    һλ��ѩ��ӱ������ʹ���������������Ů��ȴ��Ϊʮ����ǰ��һ������������������ٲ�������Ԩ��
    Ϊ������ʹ��Ļ��䣬��ѡ����ʧ�䣬��˻������˸���ѡ�
    �Ӵ����������ĵ�·�ϱ������������ɫ��Ҳ������Ϊ ...</p>
<p>״̬:<span class="strong green">������</span> ����:14-02-05 �����½�:�����񶼱��ж��� </p>
</li>
<li class="storelistbt5b">
<p><a href="http://www.80ge.info/txtxz/44671.html" target="_blank">TXT����</a></p>
<p><a rel="nofollow" href="Javascript:void(0);" onclick="javascript:vote(44671);">Ͷ�Ƽ�Ʊ</a></p>
<p><a rel="nofollow" href="Javascript:void(0);" onclick="javascript:addbookcase(44671);">�������</a></p>
</li>
</ul>
</div>
  </tr>
<tr>
<div class="storelistbt5"> 
<ul>
<li class="storelistbt5a">
<a href="http://www.80ge.info/txtxz/115934.html" target="_blank"><img src="http://img.80ge.info/115/115934/115934s.jpg" title="�ҵ�ҹ�����"></a>
<a href="http://www.80ge.info/txtxz/115934.html" title="�ҵ�ҹ�����TXTȫ������" class="bookname" target="_blank">���ҵ�ҹ����ˡ�TXT����</a><span class="bookdata">�ܵ����510</span>
<p>���ߣ�<a href="/author/��ˮ��/" target="_blank">��ˮ��</a>���ࣺ��ƪ�ۺ�</p>
<p>    ��ҹ������ȱϱ��������    ��Ҫϱ����ʲô����    ����    С�㾫�Ȼ��    ���������ĺ������ҹ�����°���ᣬ��Ȼ����Ϊɢ�ɣ�ȴ������ĥ�������ھ��������µ�������    ���Թ��Ƿ��ѳ����磬���������� ...</p>
<p>״̬:<span class="strong green">������</span> ����:20-10-19 �����½�:��162��   �ҵ�ҹ����� </p>
</li>
<li class="storelistbt5b">
<p><a href="http://www.80ge.info/txtxz/115934.html" target="_blank">TXT����</a></p>
<p><a rel="nofollow" href="Javascript:void(0);" onclick="javascript:vote(115934);">Ͷ�Ƽ�Ʊ</a></p>
<p><a rel="nofollow" href="Javascript:void(0);" onclick="javascript:addbookcase(115934);">�������</a></p>
</li>
</ul>
</div>
  </tr>
<tr>
<div class="storelistbt5"> 
<ul>
<li class="storelistbt5a">
<a href="http://www.80ge.info/txtxz/193292.html" target="_blank"><img src="http://img.80ge.info/193/193292/193292s.jpg" title="����֮·��ҹ�Ϻ�"></a>
<a href="http://www.80ge.info/txtxz/193292.html" title="����֮·��ҹ�Ϻ�TXTȫ������" class="bookname" target="_blank">������֮·��ҹ�Ϻ���TXT����</a><span class="bookdata">�ܵ����0</span>
<p>���ߣ�<a href="/author/�峺��䬶���ˮ/" target="_blank">�峺��䬶���ˮ</a>���ࣺ�ֲ����</p>
<p>    �Ϻ�̲��������ƽ��ֽ����ԣ�½��������ʮ��ǰ�İ����ţ���ʱ�������������ɫ������һ��ĬĬ���ŵ���ʦ��    ��һ������������һ�����۸��ӵ���ı�����ղ�����ͷ��������������Ӱɢȥ�����˸���������һ�εĻ��ᡣ ...</p>
<p>״̬:<span class="strong green">������</span> ����:24-11-16 �����½�:��191�� </p>
</li>
<li class="storelistbt5b">
<p><a href="http://www.80ge.info/txtxz/193292.html" target="_blank">TXT����</a></p>
<p><a rel="nofollow" href="Javascript:void(0);" onclick="javascript:vote(193292);">Ͷ�Ƽ�Ʊ</a></p>
<p><a rel="nofollow" href="Javascript:void(0);" onclick="javascript:addbookcase(193292);">�������</a></p>
</li>
</ul>
</div>
  </tr>
<tr>
<div class="storelistbt5"> 
<ul>
<li class="storelistbt5a">
<a href="http://www.80ge.info/txtxz/42649.html" target="_blank"><img src="http://img.80ge.info/42/42649/42649s.jpg" title="�ܲõİ�ҹ����"></a>
<a href="http://www.80ge.info/txtxz/42649.html" title="�ܲõİ�ҹ����TXTȫ������" class="bookname" target="_blank">���ܲõİ�ҹ���ˡ�TXT����</a><span class="bookdata">�ܵ����7943</span>
<p>���ߣ�<a href="/author/���/" target="_blank">���</a>���ࣺ��͢����</p>
<p>    ��ȻΪ���Լ��͵ܵܣ�������������������ɴ�ѧѧҵ���������Ĺ�˾����Ա�������ʱ�䣬������������������ˡ���������ϣ����������ӷ��������������ǧ��������Ķ�����Ϣ���������ѡ�ʧ�����ǵػص���Ԣ�������Ȼ������ ...</p>
<p>״̬:<span class="strong green">������</span> ����:17-07-27 �����½�:��460�� �������� </p>
</li>
<li class="storelistbt5b">
<p><a href="http://www.80ge.info/txtxz/42649.html" target="_blank">TXT����</a></p>
<p><a rel="nofollow" href="Javascript:void(0);" onclick="javascript:vote(42649);">Ͷ�Ƽ�Ʊ</a></p>
<p><a rel="nofollow" href="Javascript:void(0);" onclick="javascript:addbookcase(42649);">�������</a></p>
</li>
</ul>
</div>
  </tr>
<tr>
<div class="storelistbt5"> 
<ul>
<li class="storelistbt5a">
<a href="http://www.80ge.info/txtxz/12091.html" target="_blank"><img src="http://img.80ge.info/12/12091/12091s.jpg" title="ҹ������������"></a>
<a href="http://www.80ge.info/txtxz/12091.html" title="ҹ������������TXTȫ������" class="bookname" target="_blank">��ҹ�����������TXT����</a><span class="bookdata">�ܵ����7747</span>
<p>���ߣ�<a href="/author/�����h/" target="_blank">�����h</a>���ࣺ��������</p>
<p>
    ����������Ѱ�������������ܷ��ܺ��õ�Ů�ӡ�

    ��ϧ���������Ǹ��¶���֪���������ޣ�����ȡ������Ѫ�������Ų������ֱ���

    ������˫��������˧������ͨɱ������������������ᷳ�չˡ�С������ ...</p>
<p>״̬:<span class="strong blue">�����</span> ����:17-07-27 �����½�:��218�� ��֣����ǳ����ǰ��� </p>
</li>
<li class="storelistbt5b">
<p><a href="http://www.80ge.info/txtxz/12091.html" target="_blank">TXT����</a></p>
<p><a rel="nofollow" href="Javascript:void(0);" onclick="javascript:vote(12091);">Ͷ�Ƽ�Ʊ</a></p>
<p><a rel="nofollow" href="Javascript:void(0);" onclick="javascript:addbookcase(12091);">�������</a></p>
</li>
</ul>
</div>
  </tr>
<tr>
<div class="storelistbt5"> 
<ul>
<li class="storelistbt5a">
<a href="http://www.80ge.info/txtxz/55040.html" target="_blank"><img src="http://img.80ge.info/55/55040/55040s.jpg" title="�������"></a>
<a href="http://www.80ge.info/txtxz/55040.html" title="�������TXTȫ������" class="bookname" target="_blank">�����������TXT����</a><span class="bookdata">�ܵ����26201</span>
<p>���ߣ�<a href="/author/���ֶ���/" target="_blank">���ֶ���</a>���ࣺ�������</p>
<p>    ���Ƿ�ʦ��ά����Ϊ�������ԡ�����һ��Ӣ�۱�������׳����ʱ��������һ�����컻�ز�ɣ�ޱ��ʱ���������գ�������һ�����ҿ���İ��������
    ��λ����Ҫ�Ǿ��á����������������Ļ��벻Ҫ��������qqȺ��΢��������� ...</p>
<p>״̬:<span class="strong green">������</span> ����:17-07-15 �����½�:���顶��˫����ʿ���Ѿ����������λ����֧�֣� </p>
</li>
<li class="storelistbt5b">
<p><a href="http://www.80ge.info/txtxz/55040.html" target="_blank">TXT����</a></p>
<p><a rel="nofollow" href="Javascript:void(0);" onclick="javascript:vote(55040);">Ͷ�Ƽ�Ʊ</a></p>
<p><a rel="nofollow" href="Javascript:void(0);" onclick="javascript:addbookcase(55040);">�������</a></p>
</li>
</ul>
</div>
  </tr>
<tr>
<div class="storelistbt5"> 
<ul>
<li class="storelistbt5a">
<a href="http://www.80ge.info/txtxz/57222.html" target="_blank"><img src="http://img.80ge.info/57/57222/57222s.jpg" title="������ʦ"></a>
<a href="http://www.80ge.info/txtxz/57222.html" title="������ʦTXTȫ������" class="bookname" target="_blank">��������ʦ��TXT����</a><span class="bookdata">�ܵ����2479</span>
<p>���ߣ�<a href="/author/ӹ��/" target="_blank">ӹ��</a>���ࣺ�ֲ����</p>
<p>    ��ʦһ����ͨ������仯����������������컯������١�
    �ʳ�����������£�ת���˾��֣�������ֻأ�����ʦ�����
 ...</p>
<p>״̬:<span class="strong green">������</span> ����:16-10-08 �����½�:���İ���ʮ���� һֱ�ߵ���ĵ��� </p>
</li>
<li class="storelistbt5b">
<p><a href="http://www.80ge.info/txtxz/57222.html" target="_blank">TXT����</a></p>
<p><a rel="nofollow" href="Javascript:void(0);" onclick="javascript:vote(57222);">Ͷ�Ƽ�Ʊ</a></p>
<p><a rel="nofollow" href="Javascript:void(0);" onclick="javascript:addbookcase(57222);">�������</a></p>
</li>
</ul>
</div>
  </tr>
<tr>
<div class="storelistbt5"> 
<ul>
<li class="storelistbt5a">
<a href="http://www.80ge.info/txtxz/57962.html" target="_blank"><img src="http://img.80ge.info/57/57962/57962s.jpg" title="��������"></a>
<a href="http://www.80ge.info/txtxz/57962.html" title="��������TXTȫ������" class="bookname" target="_blank">���������¡�TXT����</a><span class="bookdata">�ܵ����2805</span>
<p>���ߣ�<a href="/author/����ę́/" target="_blank">����ę́</a>���ࣺ�ֲ����</p>
<p>    �����ľ�������������󵨵Ĳ²⣬Ȼ���뾡һ�а취ȥ֤������
    PS������һֻ��ƹ�������ȼ���Ĺ��£�
 ...</p>
<p>״̬:<span class="strong green">������</span> ����:17-07-27 �����½�:�ڶ�����ʮ���� �¾ɵĽ��棨���֣� </p>
</li>
<li class="storelistbt5b">
<p><a href="http://www.80ge.info/txtxz/57962.html" target="_blank">TXT����</a></p>
<p><a rel="nofollow" href="Javascript:void(0);" onclick="javascript:vote(57962);">Ͷ�Ƽ�Ʊ</a></p>
<p><a rel="nofollow" href="Javascript:void(0);" onclick="javascript:addbookcase(57962);">�������</a></p>
</li>
</ul>
</div>
  </tr>
<tr>
<div class="storelistbt5"> 
<ul>
<li class="storelistbt5a">
<a href="http://www.80ge.info/txtxz/39384.html" target="_blank"><img src="http://img.80ge.info/39/39384/39384s.jpg" title="��������"></a>
<a href="http://www.80ge.info/txtxz/39384.html" title="��������TXTȫ������" class="bookname" target="_blank">����������TXT����</a><span class="bookdata">�ܵ����2341</span>
<p>���ߣ�<a href="/author/����Ҷ��/" target="_blank">����Ҷ��</a>���ࣺ��������</p>
<p>    ������ǿ���ֲ��������һ���鳤�����������������½����������
    �����ʵ��Ϊ��Ĵ�½��ӵ�����ĵ�����������һ������̤���۷壬��������һ������������
    ����Խ��̤ɽ����������������ַ���ݶ�ʦ������ͽ��ѧ ...</p>
<p>״̬:<span class="strong green">������</span> ����:17-07-27 �����½�:�ڶ���һʮ���� ���䣬�������ϰ�ȥ </p>
</li>
<li class="storelistbt5b">
<p><a href="http://www.80ge.info/txtxz/39384.html" target="_blank">TXT����</a></p>
<p><a rel="nofollow" href="Javascript:void(0);" onclick="javascript:vote(39384);">Ͷ�Ƽ�Ʊ</a></p>
<p><a rel="nofollow" href="Javascript:void(0);" onclick="javascript:addbookcase(39384);">�������</a></p>
</li>
</ul>
</div>
  </tr>
<tr>
<div class="storelistbt5"> 
<ul>
<li class="storelistbt5a">
<a href="http://www.80ge.info/txtxz/61859.html" target="_blank"><img src="http://img.80ge.info/61/61859/61859s.jpg" title="��������"></a>
<a href="http://www.80ge.info/txtxz/61859.html" title="��������TXTȫ������" class="bookname" target="_blank">����������TXT����</a><span class="bookdata">�ܵ����1060</span>
<p>���ߣ�<a href="/author/������/" target="_blank">������</a>���ࣺ�ֲ����</p>
<p>    Ҫ��椣�Ҫ������Ҫɱ�ˣ�Ҫ�ᱦ��Ҫ��������
    ����Ҫ��Ϊ������������ˣ�
 ...</p>
<p>״̬:<span class="strong green">������</span> ����:17-07-27 �����½�:����ʮ���� �µķ�����ᣩ </p>
</li>
<li class="storelistbt5b">
<p><a href="http://www.80ge.info/txtxz/61859.html" target="_blank">TXT����</a></p>
<p><a rel="nofollow" href="Javascript:void(0);" onclick="javascript:vote(61859);">Ͷ�Ƽ�Ʊ</a></p>
<p><a rel="nofollow" href="Javascript:void(0);" onclick="javascript:addbookcase(61859);">�������</a></p>
</li>
</ul>
</div>
  </tr>
<tr>
<div class="storelistbt5"> 
<ul>
<li class="storelistbt5a">
<a href="http://www.80ge.info/txtxz/62248.html" target="_blank"><img src="http://img.80ge.info/62/62248/62248s.jpg" title="�߽�����"></a>
<a href="http://www.80ge.info/txtxz/62248.html" title="�߽�����TXTȫ������" class="bookname" target="_blank">���߽�������TXT����</a><span class="bookdata">�ܵ����1808</span>
<p>���ߣ�<a href="/author/д�����/" target="_blank">д�����</a>���ࣺ�ֲ����</p>
<p>    �ڴ����������֮�ϣ������˰�����
    ������֮ǰ����̫��һ����˵��������֮��������һ����˵��
    ����������صĹ����磬���¶���������̽������ĵ�·�ϣ�����߾����İ�ɫ�����������ĺ�ɫ����������̽������ ...</p>
<p>״̬:<span class="strong green">������</span> ����:17-01-20 �����½�:���� </p>
</li>
<li class="storelistbt5b">
<p><a href="http://www.80ge.info/txtxz/62248.html" target="_blank">TXT����</a></p>
<p><a rel="nofollow" href="Javascript:void(0);" onclick="javascript:vote(62248);">Ͷ�Ƽ�Ʊ</a></p>
<p><a rel="nofollow" href="Javascript:void(0);" onclick="javascript:addbookcase(62248);">�������</a></p>
</li>
</ul>
</div>
  </tr>
<tr>
<div class="storelistbt5"> 
<ul>
<li class="storelistbt5a">
<a href="http://www.80ge.info/txtxz/62796.html" target="_blank"><img src="http://img.80ge.info/62/62796/62796s.jpg" title="���컯��"></a>
<a href="http://www.80ge.info/txtxz/62796.html" title="���컯��TXTȫ������" class="bookname" target="_blank">�����컯����TXT����</a><span class="bookdata">�ܵ����1859</span>
<p>���ߣ�<a href="/author/��ˮ����/" target="_blank">��ˮ����</a>���ࣺ�ֲ����</p>
<p>    ����һ��׷���۷彣�����������磬��������ƽ���ƾ��һ�����컯������ת���������������֮����ʶ�һ������
 ...</p>
<p>״̬:<span class="strong green">������</span> ����:16-10-04 �����½�:��96�� ��Ļ </p>
</li>
<li class="storelistbt5b">
<p><a href="http://www.80ge.info/txtxz/62796.html" target="_blank">TXT����</a></p>
<p><a rel="nofollow" href="Javascript:void(0);" onclick="javascript:vote(62796);">Ͷ�Ƽ�Ʊ</a></p>
<p><a rel="nofollow" href="Javascript:void(0);" onclick="javascript:addbookcase(62796);">�������</a></p>
</li>
</ul>
</div>
  </tr>
<tr>
<div class="storelistbt5"> 
<ul>
<li class="storelistbt5a">
<a href="http://www.80ge.info/txtxz/9632.html" target="_blank"><img src="http://img.80ge.info/9/9632/9632s.jpg" title="��������"></a>
<a href="http://www.80ge.info/txtxz/9632.html" title="��������TXTȫ������" class="bookname" target="_blank">������������TXT����</a><span class="bookdata">�ܵ����23642</span>
<p>���ߣ�<a href="/author/ѩ������/" target="_blank">ѩ������</a>���ࣺ�ֲ����</p>
<p>    ԭ֭ԭζ��������£�����Ī��ĵ��ŷ�����û�з���ݵأ�ֻ��һ��ƽ���ĵ���ͨ�˸�������һ��������Ĺ��£�
    ����Ⱥ��242999488.��λ����������û���θ�ڣ�����֧�֣��������Ƽ����ղػ��ǵ�������ж��� ...</p>
<p>״̬:<span class="strong green">������</span> ����:12-12-12 �����½�:�ڶ�ʮ���� ���� </p>
</li>
<li class="storelistbt5b">
<p><a href="http://www.80ge.info/txtxz/9632.html" target="_blank">TXT����</a></p>
<p><a rel="nofollow" href="Javascript:void(0);" onclick="javascript:vote(9632);">Ͷ�Ƽ�Ʊ</a></p>
<p><a rel="nofollow" href="Javascript:void(0);" onclick="javascript:addbookcase(9632);">�������</a></p>
</li>
</ul>
</div>
  </tr>
<tr>
<div class="storelistbt5"> 
<ul>
<li class="storelistbt5a">
<a href="http://www.80ge.info/txtxz/10685.html" target="_blank"><img src="http://img.80ge.info/10/10685/10685s.jpg" title="��������"></a>
<a href="http://www.80ge.info/txtxz/10685.html" title="��������TXTȫ������" class="bookname" target="_blank">����������TXT����</a><span class="bookdata">�ܵ����11960</span>
<p>���ߣ�<a href="/author/����������/" target="_blank">����������</a>���ࣺ�������</p>
<p>    ����ǰ������ѧȢ���Ż���������л����ĸȴ��ûǮ��ҽҩ�Ѷ�������ҽԺ��ҹ�Լ��յĹ�����ȴ������ǿ�±����������ݺ�����λ�����������ؼ��߸�·���߳����������ƺ����в��Ҷ����������Ϸ�������
    ���º�������� ...</p>
<p>״̬:<span class="strong blue">�����</span> ����:13-05-26 �����½�:���İ��� ��ԭ��ˮ����ǰ�����������֣� </p>
</li>
<li class="storelistbt5b">
<p><a href="http://www.80ge.info/txtxz/10685.html" target="_blank">TXT����</a></p>
<p><a rel="nofollow" href="Javascript:void(0);" onclick="javascript:vote(10685);">Ͷ�Ƽ�Ʊ</a></p>
<p><a rel="nofollow" href="Javascript:void(0);" onclick="javascript:addbookcase(10685);">�������</a></p>
</li>
</ul>
</div>
  </tr>
<tr>
<div class="storelistbt5"> 
<ul>
<li class="storelistbt5a">
<a href="http://www.80ge.info/txtxz/34105.html" target="_blank"><img src="http://img.80ge.info/34/34105/34105s.jpg" title="�洫����"></a>
<a href="http://www.80ge.info/txtxz/34105.html" title="�洫����TXTȫ������" class="bookname" target="_blank">���洫������TXT����</a><span class="bookdata">�ܵ����21317</span>
<p>���ߣ�<a href="/author/��ʦ������/" target="_blank">��ʦ������</a>���ࣺ�ֲ����</p>
<p>    ����䷢�ּ������ϴ��µ��������飬��Ȼ�漰ɽ��ҽ��������������巽�棬���ָ���ͨ���������ϵ�ѧϰ�������������˹�����������ʲô��ͬ������ʲô��һ���ľ������ص�ײа�����ɹ������ҹ·���ǽ�����������������ࡢ���� ...</p>
<p>״̬:<span class="strong green">������</span> ����:17-07-27 �����½�:��ʦ���顶���ˡ���֧�֣� </p>
</li>
<li class="storelistbt5b">
<p><a href="http://www.80ge.info/txtxz/34105.html" target="_blank">TXT����</a></p>
<p><a rel="nofollow" href="Javascript:void(0);" onclick="javascript:vote(34105);">Ͷ�Ƽ�Ʊ</a></p>
<p><a rel="nofollow" href="Javascript:void(0);" onclick="javascript:addbookcase(34105);">�������</a></p>
</li>
</ul>
</div>
  </tr>
<tr>
<div class="storelistbt5"> 
<ul>
<li class="storelistbt5a">
<a href="http://www.80ge.info/txtxz/34716.html" target="_blank"><img src="http://img.80ge.info/34/34716/34716s.jpg" title="��Ů��"></a>
<a href="http://www.80ge.info/txtxz/34716.html" title="��Ů��TXTȫ������" class="bookname" target="_blank">����Ů����TXT����</a><span class="bookdata">�ܵ����413624</span>
<p>���ߣ�<a href="/author/���ο�/" target="_blank">���ο�</a>���ࣺ��������</p>
<p>    ����Ů����Ϊа����ħ���֮�����޳���������������֮���о�ɫ�������žŸ����硣ÿ����һ������Ͷ��һ����ɫ������������������Ů��Ϊ����
    ���Դ��鱻��������Ϊ���ܣ��������ɳ�Ϊħ�䡣
    ��˵�õ����� ...</p>
<p>״̬:<span class="strong green">������</span> ����:17-07-27 �����½�:�ڶ��������� Ϊ�������Ϊ����� </p>
</li>
<li class="storelistbt5b">
<p><a href="http://www.80ge.info/txtxz/34716.html" target="_blank">TXT����</a></p>
<p><a rel="nofollow" href="Javascript:void(0);" onclick="javascript:vote(34716);">Ͷ�Ƽ�Ʊ</a></p>
<p><a rel="nofollow" href="Javascript:void(0);" onclick="javascript:addbookcase(34716);">�������</a></p>
</li>
</ul>
</div>
  </tr>
<tr>
<div class="storelistbt5"> 
<ul>
<li class="storelistbt5a">
<a href="http://www.80ge.info/txtxz/7979.html" target="_blank"><img src="http://img.80ge.info/7/7979/7979s.jpg" title="��������"></a>
<a href="http://www.80ge.info/txtxz/7979.html" title="��������TXTȫ������" class="bookname" target="_blank">������������TXT����</a><span class="bookdata">�ܵ����16261</span>
<p>���ߣ�<a href="/author/������/" target="_blank">������</a>���ࣺ��������</p>
<p>    �̽����£����еĶ���������������ƣ����ϳ�ʥ����֮·
 ...</p>
<p>״̬:<span class="strong blue">�����</span> ����:13-08-11 �����½�:��330�� Ⱥʥ�����ɽ </p>
</li>
<li class="storelistbt5b">
<p><a href="http://www.80ge.info/txtxz/7979.html" target="_blank">TXT����</a></p>
<p><a rel="nofollow" href="Javascript:void(0);" onclick="javascript:vote(7979);">Ͷ�Ƽ�Ʊ</a></p>
<p><a rel="nofollow" href="Javascript:void(0);" onclick="javascript:addbookcase(7979);">�������</a></p>
</li>
</ul>
</div>
  </tr>
<tr>
<div class="storelistbt5"> 
<ul>
<li class="storelistbt5a">
<a href="http://www.80ge.info/txtxz/83805.html" target="_blank"><img src="http://img.80ge.info/83/83805/83805s.jpg" title="����ͨ��"></a>
<a href="http://www.80ge.info/txtxz/83805.html" title="����ͨ��TXTȫ������" class="bookname" target="_blank">������ͨ��TXT����</a><span class="bookdata">�ܵ����9109</span>
<p>���ߣ�<a href="/author/�������/" target="_blank">�������</a>���ࣺ������</p>
<p>    �������꣬����У�Ը��۸��ˡ����ҵ���һ���ˣ�һ������ͯ�������¼��йص��ˡ�    ��������һ���й����Ķ���������º��ҵ�ͬѧ�棬��У��KO������ȭ����ȴû����ѧϰ��    �˼�������ȭ������ȭ��̫���������ơ�ͨ ...</p>
<p>״̬:<span class="strong blue">�����</span> ����:18-11-02 �����½�:ȫ���½�_�����պ�˵Щʱ�䣬�ռ���¶� </p>
</li>
<li class="storelistbt5b">
<p><a href="http://www.80ge.info/txtxz/83805.html" target="_blank">TXT����</a></p>
<p><a rel="nofollow" href="Javascript:void(0);" onclick="javascript:vote(83805);">Ͷ�Ƽ�Ʊ</a></p>
<p><a rel="nofollow" href="Javascript:void(0);" onclick="javascript:addbookcase(83805);">�������</a></p>
</li>
</ul>
</div>
  </tr>
<tr>
<div class="storelistbt5"> 
<ul>
<li class="storelistbt5a">
<a href="http://www.80ge.info/txtxz/103493.html" target="_blank"><img src="http://img.80ge.info/103/103493/103493s.jpg" title="�ش�����"></a>
<a href="http://www.80ge.info/txtxz/103493.html" title="�ش�����TXTȫ������" class="bookname" target="_blank">���ش�������TXT����</a><span class="bookdata">�ܵ����1000</span>
<p>���ߣ�<a href="/author/�ټ���ʶ��/" target="_blank">�ټ���ʶ��</a>���ࣺ��ƪ�ۺ�</p>
<p>    ����������Թ��������������ᰱ���̤��һ���鲼�����ĺڻ�֮·����һ�������ĳ�Թ������ȴѡ���˵�;��һ��С�ĳ������������������Ƶľ����������������޳��˵�һ������    ������΢Цӯӯ������ȴ������ڡ�˵�õ���Ѫ���� ...</p>
<p>״̬:<span class="strong green">������</span> ����:21-05-17 �����½�:��һ����ʮһ�� ������˼ </p>
</li>
<li class="storelistbt5b">
<p><a href="http://www.80ge.info/txtxz/103493.html" target="_blank">TXT����</a></p>
<p><a rel="nofollow" href="Javascript:void(0);" onclick="javascript:vote(103493);">Ͷ�Ƽ�Ʊ</a></p>
<p><a rel="nofollow" href="Javascript:void(0);" onclick="javascript:addbookcase(103493);">�������</a></p>
</li>
</ul>
</div>
  </tr>
<tr>
<div class="storelistbt5"> 
<ul>
<li class="storelistbt5a">
<a href="http://www.80ge.info/txtxz/75190.html" target="_blank"><img src="http://img.80ge.info/75/75190/75190s.jpg" title="��������"></a>
<a href="http://www.80ge.info/txtxz/75190.html" title="��������TXTȫ������" class="bookname" target="_blank">���������͡�TXT����</a><span class="bookdata">�ܵ����74380</span>
<p>���ߣ�<a href="/author/��֮��/" target="_blank">��֮��</a>���ࣺ�������</p>
<p>    �����貵Ĺ������Ѿ�Զȥ��������ٹ����ڱ�ð�����������Ұ�����У������ǵ�������˵Ĺ�������Խ�����ã����������˵��������ڷ�չ��׳��    ���������������˥�䣿������˥�������ʼ�����е���������ս���� ...</p>
<p>״̬:<span class="strong green">������</span> ����:20-09-22 �����½�:���߰������ ��Ļ���� </p>
</li>
<li class="storelistbt5b">
<p><a href="http://www.80ge.info/txtxz/75190.html" target="_blank">TXT����</a></p>
<p><a rel="nofollow" href="Javascript:void(0);" onclick="javascript:vote(75190);">Ͷ�Ƽ�Ʊ</a></p>
<p><a rel="nofollow" href="Javascript:void(0);" onclick="javascript:addbookcase(75190);">�������</a></p>
</li>
</ul>
</div>
  </tr>
<tr>
<div class="storelistbt5"> 
<ul>
<li class="storelistbt5a">
<a href="http://www.80ge.info/txtxz/76270.html" target="_blank"><img src="http://img.80ge.info/76/76270/76270s.jpg" title="��ǿ����"></a>
<a href="http://www.80ge.info/txtxz/76270.html" title="��ǿ����TXTȫ������" class="bookname" target="_blank">����ǿ������TXT����</a><span class="bookdata">�ܵ����4219</span>
<p>���ߣ�<a href="/author/̫�ϼ�/" target="_blank">̫�ϼ�</a>���ࣺ��������</p>
<p>    ��ǿ�ļ���������һ��ʮ����Ҳ���ǰٲ�������ǡ��������������������������ϣ����Ҽ���֧�����飬Ⱥ��344059653�� ...</p>
<p>״̬:<span class="strong green">������</span> ����:18-07-03 �����½�:�������顶�����ڡ�����ӭΧ���²� </p>
</li>
<li class="storelistbt5b">
<p><a href="http://www.80ge.info/txtxz/76270.html" target="_blank">TXT����</a></p>
<p><a rel="nofollow" href="Javascript:void(0);" onclick="javascript:vote(76270);">Ͷ�Ƽ�Ʊ</a></p>
<p><a rel="nofollow" href="Javascript:void(0);" onclick="javascript:addbookcase(76270);">�������</a></p>
</li>
</ul>
</div>
  </tr>
<tr>
<div class="storelistbt5"> 
<ul>
<li class="storelistbt5a">
<a href="http://www.80ge.info/txtxz/77338.html" target="_blank"><img src="http://img.80ge.info/77/77338/77338s.jpg" title="���Ź���"></a>
<a href="http://www.80ge.info/txtxz/77338.html" title="���Ź���TXTȫ������" class="bookname" target="_blank">�����Ź�����TXT����</a><span class="bookdata">�ܵ����1648</span>
<p>���ߣ�<a href="/author/�־�����/" target="_blank">�־�����</a>���ࣺ������</p>
<p>    ����Ϊ�����������ã�����������û����������������ڰ��е����    ����Ϊ�������û�й��������ʵ������粻ֹ�й�����������ж�ħ������.....�ˡ�    ����Ϊ�Ȿ������ˣ��Ȿ����Ĳ����ˣ�һ�㶼������ ...</p>
<p>״̬:<span class="strong green">������</span> ����:18-07-21 �����½�:�����£���ν��� </p>
</li>
<li class="storelistbt5b">
<p><a href="http://www.80ge.info/txtxz/77338.html" target="_blank">TXT����</a></p>
<p><a rel="nofollow" href="Javascript:void(0);" onclick="javascript:vote(77338);">Ͷ�Ƽ�Ʊ</a></p>
<p><a rel="nofollow" href="Javascript:void(0);" onclick="javascript:addbookcase(77338);">�������</a></p>
</li>
</ul>
</div>
  </tr>
<tr>
<div class="storelistbt5"> 
<ul>
<li class="storelistbt5a">
<a href="http://www.80ge.info/txtxz/69755.html" target="_blank"><img src="http://img.80ge.info/69/69755/69755s.jpg" title="������̸"></a>
<a href="http://www.80ge.info/txtxz/69755.html" title="������̸TXTȫ������" class="bookname" target="_blank">��������̸��TXT����</a><span class="bookdata">�ܵ����1434</span>
<p>���ߣ�<a href="/author/���������/" target="_blank">���������</a>���ࣺ�ֲ����</p>
<p>    �ң���������Ϊ��Ե�ɺ�֮�¸������үѧϰ����������������ʹ��Ҹ�ƽ���Ĺ������ƽ����һ��֮ʱ��ȴ��һ����鷳�����������ʬ����֣�����ɷ...������������������ֽ����Ե���᾿���ǹ�ֿ��»����˸����£�������һϵ ...</p>
<p>״̬:<span class="strong green">������</span> ����:17-07-27 �����½�:�ޱ����½� </p>
</li>
<li class="storelistbt5b">
<p><a href="http://www.80ge.info/txtxz/69755.html" target="_blank">TXT����</a></p>
<p><a rel="nofollow" href="Javascript:void(0);" onclick="javascript:vote(69755);">Ͷ�Ƽ�Ʊ</a></p>
<p><a rel="nofollow" href="Javascript:void(0);" onclick="javascript:addbookcase(69755);">�������</a></p>
</li>
</ul>
</div>
  </tr>
<tr>
<div class="storelistbt5"> 
<ul>
<li class="storelistbt5a">
<a href="http://www.80ge.info/txtxz/123268.html" target="_blank"><img src="http://img.80ge.info/123/123268/123268s.jpg" title="�������"></a>
<a href="http://www.80ge.info/txtxz/123268.html" title="�������TXTȫ������" class="bookname" target="_blank">�����������TXT����</a><span class="bookdata">�ܵ����317</span>
<p>���ߣ�<a href="/author/���Ƹ�/" target="_blank">���Ƹ�</a>���ࣺ��ƪ�ۺ�</p>
<p>    ���ؿͻ��ˣ��鿴������Ʒ��顣 ...</p>
<p>״̬:<span class="strong green">������</span> ����:20-09-12 �����½�:����ʮ���� �������� </p>
</li>
<li class="storelistbt5b">
<p><a href="http://www.80ge.info/txtxz/123268.html" target="_blank">TXT����</a></p>
<p><a rel="nofollow" href="Javascript:void(0);" onclick="javascript:vote(123268);">Ͷ�Ƽ�Ʊ</a></p>
<p><a rel="nofollow" href="Javascript:void(0);" onclick="javascript:addbookcase(123268);">�������</a></p>
</li>
</ul>
</div>
  </tr>
<tr>
<div class="storelistbt5"> 
<ul>
<li class="storelistbt5a">
<a href="http://www.80ge.info/txtxz/153892.html" target="_blank"><img src="http://img.80ge.info/153/153892/153892s.jpg" title="������Ԫ"></a>
<a href="http://www.80ge.info/txtxz/153892.html" title="������ԪTXTȫ������" class="bookname" target="_blank">��������Ԫ��TXT����</a><span class="bookdata">�ܵ����5881</span>
<p>���ߣ�<a href="/author/������/" target="_blank">������</a>���ࣺ������Ϸ</p>
<p>    ����Ԫ����������ħ������е�����𡢳���������������硣����Խ������¬������ͷ�����۹���̽����һ��ǹָ���Դ���ʱ����������һ���ѡ�    �������ͳ��˽�ܵ۹�����������ֵ�̽������֪�����¬��ֻ��������������ҵ� ...</p>
<p>״̬:<span class="strong green">������</span> ����:23-10-27 �����½�:���顶�������ա� </p>
</li>
<li class="storelistbt5b">
<p><a href="http://www.80ge.info/txtxz/153892.html" target="_blank">TXT����</a></p>
<p><a rel="nofollow" href="Javascript:void(0);" onclick="javascript:vote(153892);">Ͷ�Ƽ�Ʊ</a></p>
<p><a rel="nofollow" href="Javascript:void(0);" onclick="javascript:addbookcase(153892);">�������</a></p>
</li>
</ul>
</div>
  </tr>
<tr>
<div class="storelistbt5"> 
<ul>
<li class="storelistbt5a">
<a href="http://www.80ge.info/txtxz/145834.html" target="_blank"><img src="http://img.80ge.info/145/145834/145834s.jpg" title="�Ҵ�������"></a>
<a href="http://www.80ge.info/txtxz/145834.html" title="�Ҵ�������TXTȫ������" class="bookname" target="_blank">���Ҵ���������TXT����</a><span class="bookdata">�ܵ����827</span>
<p>���ߣ�<a href="/author/����/" target="_blank">����</a>���ࣺ��������</p>
<p>    ���Ǿ���������ķ�մ���֮��Ĺ��£�������֮�����д�ͳ��������������־������ĸ��ഫ˵�����˹����־�ᣬż����ҽʩ�ȣ��ָ��Ƚţ���Ҳ��������ҽ������ʱ��ѧ�գ����ϣ��չ�֮ʱ�������Լ����ñ��˷��ӹ��ܣ�ǧ��Ѱ��.. ...</p>
<p>״̬:<span class="strong green">������</span> ����:21-11-07 �����½�:����ʮ���»ؼ� </p>
</li>
<li class="storelistbt5b">
<p><a href="http://www.80ge.info/txtxz/145834.html" target="_blank">TXT����</a></p>
<p><a rel="nofollow" href="Javascript:void(0);" onclick="javascript:vote(145834);">Ͷ�Ƽ�Ʊ</a></p>
<p><a rel="nofollow" href="Javascript:void(0);" onclick="javascript:addbookcase(145834);">�������</a></p>
</li>
</ul>
</div>
  </tr>
<tr>
<div class="storelistbt5"> 
<ul>
<li class="storelistbt5a">
<a href="http://www.80ge.info/txtxz/130656.html" target="_blank"><img src="http://img.80ge.info/130/130656/130656s.jpg" title="������ʦ"></a>
<a href="http://www.80ge.info/txtxz/130656.html" title="������ʦTXTȫ������" class="bookname" target="_blank">��������ʦ��TXT����</a><span class="bookdata">�ܵ����1003</span>
<p>���ߣ�<a href="/author/������/" target="_blank">������</a>���ࣺ��ƪ�ۺ�</p>
<p>    ���ؿͻ��ˣ��鿴������Ʒ��顣 ...</p>
<p>״̬:<span class="strong green">������</span> ����:22-04-08 �����½�:���顶������ʦ������ </p>
</li>
<li class="storelistbt5b">
<p><a href="http://www.80ge.info/txtxz/130656.html" target="_blank">TXT����</a></p>
<p><a rel="nofollow" href="Javascript:void(0);" onclick="javascript:vote(130656);">Ͷ�Ƽ�Ʊ</a></p>
<p><a rel="nofollow" href="Javascript:void(0);" onclick="javascript:addbookcase(130656);">�������</a></p>
</li>
</ul>
</div>
  </tr>
<tr>
<div class="storelistbt5"> 
<ul>
<li class="storelistbt5a">
<a href="http://www.80ge.info/txtxz/130721.html" target="_blank"><img src="http://img.80ge.info/130/130721/130721s.jpg" title="������Ԫ"></a>
<a href="http://www.80ge.info/txtxz/130721.html" title="������ԪTXTȫ������" class="bookname" target="_blank">��������Ԫ��TXT����</a><span class="bookdata">�ܵ����1872</span>
<p>���ߣ�<a href="/author/����ֹˮ/" target="_blank">����ֹˮ</a>���ࣺ�������</p>
<p>    ����һ������ħ�������磬һ�������ſ�������������硣�и��ָ�����ǿ����ħ�����������磬������ħ���ϼ����ۣ���������........���࣬�����Ǵ�һ������ϡ�    Ȼ��ҹ�ٺڣ�Ҳ�ռ�������    ���������ǿգ��� ...</p>
<p>״̬:<span class="strong green">������</span> ����:21-07-31 �����½�:��������ʮ���� ��������η </p>
</li>
<li class="storelistbt5b">
<p><a href="http://www.80ge.info/txtxz/130721.html" target="_blank">TXT����</a></p>
<p><a rel="nofollow" href="Javascript:void(0);" onclick="javascript:vote(130721);">Ͷ�Ƽ�Ʊ</a></p>
<p><a rel="nofollow" href="Javascript:void(0);" onclick="javascript:addbookcase(130721);">�������</a></p>
</li>
</ul>
</div>
  </tr>
<tr>
<div class="storelistbt5"> 
<ul>
<li class="storelistbt5a">
<a href="http://www.80ge.info/txtxz/130723.html" target="_blank"><img src="http://img.80ge.info/130/130723/130723s.jpg" title="����֮��"></a>
<a href="http://www.80ge.info/txtxz/130723.html" title="����֮��TXTȫ������" class="bookname" target="_blank">������֮����TXT����</a><span class="bookdata">�ܵ����648</span>
<p>���ߣ�<a href="/author/�������/" target="_blank">�������</a>���ࣺ��������</p>
<p>    һ�������������������硣���ж���ÿ���¹������Σ����񣬺�ĵĽ����齱��    �����������忴����ֻ����ͨ������ ...</p>
<p>״̬:<span class="strong green">������</span> ����:21-02-01 �����½�:�ڶ�����ʮ�� ���� </p>
</li>
<li class="storelistbt5b">
<p><a href="http://www.80ge.info/txtxz/130723.html" target="_blank">TXT����</a></p>
<p><a rel="nofollow" href="Javascript:void(0);" onclick="javascript:vote(130723);">Ͷ�Ƽ�Ʊ</a></p>
<p><a rel="nofollow" href="Javascript:void(0);" onclick="javascript:addbookcase(130723);">�������</a></p>
</li>
</ul>
</div>
  </tr>
<tr>
<div class="storelistbt5"> 
<ul>
<li class="storelistbt5a">
<a href="http://www.80ge.info/txtxz/138369.html" target="_blank"><img src="http://img.80ge.info/138/138369/138369s.jpg" title="����֮��"></a>
<a href="http://www.80ge.info/txtxz/138369.html" title="����֮��TXTȫ������" class="bookname" target="_blank">������֮����TXT����</a><span class="bookdata">�ܵ����997</span>
<p>���ߣ�<a href="/author/���µ���/" target="_blank">���µ���</a>���ࣺ�ֲ����</p>
<p>    ��һ�������£�˵һ�δ��������������Ľ��ڣ����Σ�����գ�ƽ�������ӣ����������칷��������Ү�գ�������Ī���ȣ������Ĺ��֮���������������Ϊ���ǽ���������ص������� ...</p>
<p>״̬:<span class="strong green">������</span> ����:21-07-01 �����½�:��һ����ʮ����ս�� </p>
</li>
<li class="storelistbt5b">
<p><a href="http://www.80ge.info/txtxz/138369.html" target="_blank">TXT����</a></p>
<p><a rel="nofollow" href="Javascript:void(0);" onclick="javascript:vote(138369);">Ͷ�Ƽ�Ʊ</a></p>
<p><a rel="nofollow" href="Javascript:void(0);" onclick="javascript:addbookcase(138369);">�������</a></p>
</li>
</ul>
</div>
  </tr>
<tr>
<div class="storelistbt5"> 
<ul>
<li class="storelistbt5a">
<a href="http://www.80ge.info/txtxz/119431.html" target="_blank"><img src="http://img.80ge.info/119/119431/119431s.jpg" title="��ʦ��˫"></a>
<a href="http://www.80ge.info/txtxz/119431.html" title="��ʦ��˫TXTȫ������" class="bookname" target="_blank">����ʦ��˫��TXT����</a><span class="bookdata">�ܵ����314</span>
<p>���ߣ�<a href="/author/һ��֪��/" target="_blank">һ��֪��</a>���ࣺ��������</p>
<p>    ������֮�ʣ������ϵ�������������éɽ����һ�����ɫ��������ӣ�����ʦ����־�Կ������Ϊ���Σ��������У�����ҫ�۵���֮���ӣ���ʮ�صĲ�ɣĥ�ѹ���ʱ����ֻ����Ϧ�����������Ŀ��ˣ�̤��ٴ�Я�����Σ� ...</p>
<p>״̬:<span class="strong green">������</span> ����:20-06-21 �����½�:��ʮһ�� ��Ů���� </p>
</li>
<li class="storelistbt5b">
<p><a href="http://www.80ge.info/txtxz/119431.html" target="_blank">TXT����</a></p>
<p><a rel="nofollow" href="Javascript:void(0);" onclick="javascript:vote(119431);">Ͷ�Ƽ�Ʊ</a></p>
<p><a rel="nofollow" href="Javascript:void(0);" onclick="javascript:addbookcase(119431);">�������</a></p>
</li>
</ul>
</div>
  </tr>
<tr>
<div class="storelistbt5"> 
<ul>
<li class="storelistbt5a">
<a href="http://www.80ge.info/txtxz/195455.html" target="_blank"><img src="http://img.80ge.info/195/195455/195455s.jpg" title="��������"></a>
<a href="http://www.80ge.info/txtxz/195455.html" title="��������TXTȫ������" class="bookname" target="_blank">������������TXT����</a><span class="bookdata">�ܵ����0</span>
<p>���ߣ�<a href="/author/Ļ�����/" target="_blank">Ļ�����</a>���ࣺ��������</p>
<p>    ����Ϊ�ó�����Ѱ����������Ѱ������֮ʯ��Ϊ�������ص������ܲ� ...</p>
<p>״̬:<span class="strong green">������</span> ����:24-09-27 �����½�:����ʮ����   ����·���� </p>
</li>
<li class="storelistbt5b">
<p><a href="http://www.80ge.info/txtxz/195455.html" target="_blank">TXT����</a></p>
<p><a rel="nofollow" href="Javascript:void(0);" onclick="javascript:vote(195455);">Ͷ�Ƽ�Ʊ</a></p>
<p><a rel="nofollow" href="Javascript:void(0);" onclick="javascript:addbookcase(195455);">�������</a></p>
</li>
</ul>
</div>
  </tr>
<tr>
<div class="storelistbt5"> 
<ul>
<li class="storelistbt5a">
<a href="http://www.80ge.info/txtxz/184365.html" target="_blank"><img src="http://img.80ge.info/184/184365/184365s.jpg" title="�۷�����"></a>
<a href="http://www.80ge.info/txtxz/184365.html" title="�۷�����TXTȫ������" class="bookname" target="_blank">���۷�������TXT����</a><span class="bookdata">�ܵ����0</span>
<p>���ߣ�<a href="/author/lkeh/" target="_blank">lkeh</a>���ࣺ��������</p>
<p>    ��Ů������һ��С�������¥�������������۷壡    ��С�ұ�����Ů��ʦ������С�ã��Ե�Ů���������ٸ��������Ҹ÷�˭�������أ���Ҷ��ÿ�춼����ô���Լ��� ...</p>
<p>״̬:<span class="strong green">������</span> ����:24-03-04 �����½�:��30�� ���ǲ��������ˣ� </p>
</li>
<li class="storelistbt5b">
<p><a href="http://www.80ge.info/txtxz/184365.html" target="_blank">TXT����</a></p>
<p><a rel="nofollow" href="Javascript:void(0);" onclick="javascript:vote(184365);">Ͷ�Ƽ�Ʊ</a></p>
<p><a rel="nofollow" href="Javascript:void(0);" onclick="javascript:addbookcase(184365);">�������</a></p>
</li>
</ul>
</div>
  </tr>
<tr>
<div class="storelistbt5"> 
<ul>
<li class="storelistbt5a">
<a href="http://www.80ge.info/txtxz/163047.html" target="_blank"><img src="http://img.80ge.info/163/163047/163047s.jpg" title="�������"></a>
<a href="http://www.80ge.info/txtxz/163047.html" title="�������TXTȫ������" class="bookname" target="_blank">��������ᡷTXT����</a><span class="bookdata">�ܵ����406</span>
<p>���ߣ�<a href="/author/���뾫Ʒ���˽�/" target="_blank">���뾫Ʒ���˽�</a>���ࣺ�ֲ����</p>
<p>    �������ᴫ����Ҳ��ͨ������һ�������������֮��������֮���Ĺ��¡�    ����һ����ӵ���������ˣ�������������������Թ����飬���µ�    ���񡱣���֯���ɵĹ��¡�����������ͨ    ��������ᡱ�����Կ�¼������ ...</p>
<p>״̬:<span class="strong green">������</span> ����:22-08-21 �����½�:��������С˵�����ˣ� </p>
</li>
<li class="storelistbt5b">
<p><a href="http://www.80ge.info/txtxz/163047.html" target="_blank">TXT����</a></p>
<p><a rel="nofollow" href="Javascript:void(0);" onclick="javascript:vote(163047);">Ͷ�Ƽ�Ʊ</a></p>
<p><a rel="nofollow" href="Javascript:void(0);" onclick="javascript:addbookcase(163047);">�������</a></p>
</li>
</ul>
</div>
  </tr>
<tr>
<div class="storelistbt5"> 
<ul>
<li class="storelistbt5a">
<a href="http://www.80ge.info/txtxz/163770.html" target="_blank"><img src="http://img.80ge.info/163/163770/163770s.jpg" title="����������"></a>
<a href="http://www.80ge.info/txtxz/163770.html" title="����������TXTȫ������" class="bookname" target="_blank">��������������TXT����</a><span class="bookdata">�ܵ����168</span>
<p>���ߣ�<a href="/author/��ӣ�Ÿ�/" target="_blank">��ӣ�Ÿ�</a>���ࣺ�������</p>
<p>    �Ҵӳ�����ʼ�����ǰ�������������֮����������ˣ��Ҳ������Ž�Ե��    �ⲻ֪��һ�У������������Ѱ��źõ�һ���Ծ� ...</p>
<p>״̬:<span class="strong green">������</span> ����:22-08-26 �����½�:��18��   ���������ط���� </p>
</li>
<li class="storelistbt5b">
<p><a href="http://www.80ge.info/txtxz/163770.html" target="_blank">TXT����</a></p>
<p><a rel="nofollow" href="Javascript:void(0);" onclick="javascript:vote(163770);">Ͷ�Ƽ�Ʊ</a></p>
<p><a rel="nofollow" href="Javascript:void(0);" onclick="javascript:addbookcase(163770);">�������</a></p>
</li>
</ul>
</div>
  </tr>
<tr>
<div class="storelistbt5"> 
<ul>
<li class="storelistbt5a">
<a href="http://www.80ge.info/txtxz/164166.html" target="_blank"><img src="http://img.80ge.info/164/164166/164166s.jpg" title="ǿ�߻�����"></a>
<a href="http://www.80ge.info/txtxz/164166.html" title="ǿ�߻�����TXTȫ������" class="bookname" target="_blank">��ǿ�߻�������TXT����</a><span class="bookdata">�ܵ����1998</span>
<p>���ߣ�<a href="/author/��ʹ����/" target="_blank">��ʹ����</a>���ࣺ�������</p>
<p>    ��������磬��Ȼ��书���ֻ����������ɱ��û���㣬�Ӵ���������·���������˹���Ϊ�鹹�� ...</p>
<p>״̬:<span class="strong blue">�����</span> ����:22-09-01 �����½�:��� </p>
</li>
<li class="storelistbt5b">
<p><a href="http://www.80ge.info/txtxz/164166.html" target="_blank">TXT����</a></p>
<p><a rel="nofollow" href="Javascript:void(0);" onclick="javascript:vote(164166);">Ͷ�Ƽ�Ʊ</a></p>
<p><a rel="nofollow" href="Javascript:void(0);" onclick="javascript:addbookcase(164166);">�������</a></p>
</li>
</ul>
</div>
  </tr>
<tr>
<div class="storelistbt5"> 
<ul>
<li class="storelistbt5a">
<a href="http://www.80ge.info/txtxz/189115.html" target="_blank"><img src="http://img.80ge.info/189/189115/189115s.jpg" title="Ƽ������"></a>
<a href="http://www.80ge.info/txtxz/189115.html" title="Ƽ������TXTȫ������" class="bookname" target="_blank">��Ƽ�����桷TXT����</a><span class="bookdata">�ܵ����0</span>
<p>���ߣ�<a href="/author/�书ɽ/" target="_blank">�书ɽ</a>���ࣺ��ʷ����</p>
<p>    ����һ���йش�ͳ��ҩ��ʷС˵��������ڣ������ͼ����������Ƽ��书ɽ��ʨĻ�����������Ϊҵ���������ҽ�������������Ϊ    ��Ƽ��������ͬ�γ��������ķ�ּ�������춥���˺�ѩ��֮������������    �����ϱ�������  ...</p>
<p>״̬:<span class="strong green">������</span> ����:24-05-29 �����½�:�� </p>
</li>
<li class="storelistbt5b">
<p><a href="http://www.80ge.info/txtxz/189115.html" target="_blank">TXT����</a></p>
<p><a rel="nofollow" href="Javascript:void(0);" onclick="javascript:vote(189115);">Ͷ�Ƽ�Ʊ</a></p>
<p><a rel="nofollow" href="Javascript:void(0);" onclick="javascript:addbookcase(189115);">�������</a></p>
</li>
</ul>
</div>
  </tr>
<tr>
<div class="storelistbt5"> 
<ul>
<li class="storelistbt5a">
<a href="http://www.80ge.info/txtxz/159996.html" target="_blank"><img src="http://img.80ge.info/159/159996/159996s.jpg" title="��������"></a>
<a href="http://www.80ge.info/txtxz/159996.html" title="��������TXTȫ������" class="bookname" target="_blank">������������TXT����</a><span class="bookdata">�ܵ����602</span>
<p>���ߣ�<a href="/author/��ɫī֭/" target="_blank">��ɫī֭</a>���ࣺ�ƻ�δ��</p>
<p>    ������������Ǽ�ʱ����������Ŀ�����������������˸��»�����һ����ϵľ����ȴ���»��������������Ǳ����������ױȵĹ�ʣ��Ǿ���������    ����Խ�������ʱ����ԭ��ֻ�����ž��컹ծ����û�뵽������������·��Խ�� ...</p>
<p>״̬:<span class="strong green">������</span> ����:22-06-23 �����½�:44.�������� </p>
</li>
<li class="storelistbt5b">
<p><a href="http://www.80ge.info/txtxz/159996.html" target="_blank">TXT����</a></p>
<p><a rel="nofollow" href="Javascript:void(0);" onclick="javascript:vote(159996);">Ͷ�Ƽ�Ʊ</a></p>
<p><a rel="nofollow" href="Javascript:void(0);" onclick="javascript:addbookcase(159996);">�������</a></p>
</li>
</ul>
</div>
  </tr>
<tr>
<div class="storelistbt5"> 
<ul>
<li class="storelistbt5a">
<a href="http://www.80ge.info/txtxz/210759.html" target="_blank"><img src="http://img.80ge.info/210/210759/210759s.jpg" title="ֽ������"></a>
<a href="http://www.80ge.info/txtxz/210759.html" title="ֽ������TXTȫ������" class="bookname" target="_blank">��ֽ��������TXT����</a><span class="bookdata">�ܵ����0</span>
<p>���ߣ�<a href="/author/���/" target="_blank">���</a>���ࣺ�ֲ����</p>
<p>    �ֲ� ...</p>
<p>״̬:<span class="strong green">������</span> ����:25-09-08 �����½�:��ʮ����ֽԨ�� </p>
</li>
<li class="storelistbt5b">
<p><a href="http://www.80ge.info/txtxz/210759.html" target="_blank">TXT����</a></p>
<p><a rel="nofollow" href="Javascript:void(0);" onclick="javascript:vote(210759);">Ͷ�Ƽ�Ʊ</a></p>
<p><a rel="nofollow" href="Javascript:void(0);" onclick="javascript:addbookcase(210759);">�������</a></p>
</li>
</ul>
</div>
  </tr>
<tr>
<div class="storelistbt5"> 
<ul>
<li class="storelistbt5a">
<a href="http://www.80ge.info/txtxz/215936.html" target="_blank"><img src="http://img.80ge.info/215/215936/215936s.jpg" title="��ҽ����"></a>
<a href="http://www.80ge.info/txtxz/215936.html" title="��ҽ����TXTȫ������" class="bookname" target="_blank">����ҽ������TXT����</a><span class="bookdata">�ܵ����0</span>
<p>���ߣ�<a href="/author/����Сè/" target="_blank">����Сè</a>���ࣺ��ƪ�ۺ�</p>
<p>    ʵϰҽ���ճ���������ŮԺ����ѩ�����кϻ�ɢ������ŮԺ��ǿ�д��ؼҡ�    ����������������ľ�����������ճ������������˹飬����Ϊ��������������ǿ���Ĵ��ڡ����� ...</p>
<p>״̬:<span class="strong green">������</span> ����:26-07-01 �����½�:��һ�� ��226�� ��װ���� </p>
</li>
<li class="storelistbt5b">
<p><a href="http://www.80ge.info/txtxz/215936.html" target="_blank">TXT����</a></p>
<p><a rel="nofollow" href="Javascript:void(0);" onclick="javascript:vote(215936);">Ͷ�Ƽ�Ʊ</a></p>
<p><a rel="nofollow" href="Javascript:void(0);" onclick="javascript:addbookcase(215936);">�������</a></p>
</li>
</ul>
</div>
  </tr>
<tr>
<div class="storelistbt5"> 
<ul>
<li class="storelistbt5a">
<a href="http://www.80ge.info/txtxz/56311.html" target="_blank"><img src="http://img.80ge.info/56/56311/56311s.jpg" title="��������"></a>
<a href="http://www.80ge.info/txtxz/56311.html" title="��������TXTȫ������" class="bookname" target="_blank">���������ġ�TXT����</a><span class="bookdata">�ܵ����1220</span>
<p>���ߣ�<a href="/author/һ����Ь��/" target="_blank">һ����Ь��</a>���ࣺ�ֲ����</p>
<p>    �ഫ�������ɾ���Ԫ�������ɣ���������Ԫ��֮�����˿ɴ���������������������Ī��֮�ܣ�����Щ�˱���֮Ϊ��ʿ���ҿ�һ���꣬���һ���������������۷壬��Ϊ��ʿ�����㡣
 ...</p>
<p>״̬:<span class="strong green">������</span> ����:17-02-08 �����½�:��һ��һʮ���� �ǿ���ʯ </p>
</li>
<li class="storelistbt5b">
<p><a href="http://www.80ge.info/txtxz/56311.html" target="_blank">TXT����</a></p>
<p><a rel="nofollow" href="Javascript:void(0);" onclick="javascript:vote(56311);">Ͷ�Ƽ�Ʊ</a></p>
<p><a rel="nofollow" href="Javascript:void(0);" onclick="javascript:addbookcase(56311);">�������</a></p>
</li>
</ul>
</div>
  </tr>
<tr>
<div class="storelistbt5"> 
<ul>
<li class="storelistbt5a">
<a href="http://www.80ge.info/txtxz/43764.html" target="_blank"><img src="http://img.80ge.info/43/43764/43764s.jpg" title="��ǿͫ��"></a>
<a href="http://www.80ge.info/txtxz/43764.html" title="��ǿͫ��TXTȫ������" class="bookname" target="_blank">����ǿͫ����TXT����</a><span class="bookdata">�ܵ����17562</span>
<p>���ߣ�<a href="/author/�ұ�����/" target="_blank">�ұ�����</a>���ࣺ��ս�ع�</p>
<p>    ��Ҷ�곽������ʱ�򣬷����Լ��������˴��ϣ�һ��������Ů������Ƥ��ŭ���Լ����Բۣ�����SM�Ľ��డ��
    ��Ҷ�곽��Ӧ���������ŷ����Լ���Ȼ��Խ�ˣ���һ���Ϲ�ǿ�ߴ�Խ����һ���������ӵ������
    �Լ��� ...</p>
<p>״̬:<span class="strong green">������</span> ����:17-07-27 �����½�:�ϸ�֪ͨ </p>
</li>
<li class="storelistbt5b">
<p><a href="http://www.80ge.info/txtxz/43764.html" target="_blank">TXT����</a></p>
<p><a rel="nofollow" href="Javascript:void(0);" onclick="javascript:vote(43764);">Ͷ�Ƽ�Ʊ</a></p>
<p><a rel="nofollow" href="Javascript:void(0);" onclick="javascript:addbookcase(43764);">�������</a></p>
</li>
</ul>
</div>
  </tr>
<tr>
<div class="storelistbt5"> 
<ul>
<li class="storelistbt5a">
<a href="http://www.80ge.info/txtxz/44905.html" target="_blank"><img src="http://img.80ge.info/44/44905/44905s.jpg" title="׷����"></a>
<a href="http://www.80ge.info/txtxz/44905.html" title="׷����TXTȫ������" class="bookname" target="_blank">��׷������TXT����</a><span class="bookdata">�ܵ����2182</span>
<p>���ߣ�<a href="/author/�ź��/" target="_blank">�ź��</a>���ࣺ��Խ����</p>
<p>    ׷���������½��У�С˵��׷�������ź��/��,׷����ȫ���Ķ�    ��ץ��������㾫���ֱ����㾫���ˣ�������̫��Ϊ����ȡ�����飬������̫�Ӷ���һ������Ե����������̫������������㾫��ͼ�뻽����̫�ӵ�ǰ������������ ...</p>
<p>״̬:<span class="strong green">������</span> ����:14-02-19 �����½�:��һ������� �����֣� </p>
</li>
<li class="storelistbt5b">
<p><a href="http://www.80ge.info/txtxz/44905.html" target="_blank">TXT����</a></p>
<p><a rel="nofollow" href="Javascript:void(0);" onclick="javascript:vote(44905);">Ͷ�Ƽ�Ʊ</a></p>
<p><a rel="nofollow" href="Javascript:void(0);" onclick="javascript:addbookcase(44905);">�������</a></p>
</li>
</ul>
</div>
  </tr>
<tr>
<div class="storelistbt5"> 
<ul>
<li class="storelistbt5a">
<a href="http://www.80ge.info/txtxz/45827.html" target="_blank"><img src="http://img.80ge.info/45/45827/45827s.jpg" title="�������"></a>
<a href="http://www.80ge.info/txtxz/45827.html" title="�������TXTȫ������" class="bookname" target="_blank">��������ۡ�TXT����</a><span class="bookdata">�ܵ����10258</span>
<p>���ߣ�<a href="/author/����/" target="_blank">����</a>���ࣺ��������</p>
<p>    ��ǧ���磬����ޱߡ��ڼ䣬�����������ڵ����棡
    ����ʢ�л�������������ʦ����ǿ��Ĵ��ڣ�
    һλ����ʦ���߶�����������һ�ӡ��������������ˣ���ɽ��ˮ�������컨����ǧ���������̼䣬����Ծ�������
 ...</p>
<p>״̬:<span class="strong green">������</span> ����:17-07-27 �����½�:��796�� ��սǰϦ </p>
</li>
<li class="storelistbt5b">
<p><a href="http://www.80ge.info/txtxz/45827.html" target="_blank">TXT����</a></p>
<p><a rel="nofollow" href="Javascript:void(0);" onclick="javascript:vote(45827);">Ͷ�Ƽ�Ʊ</a></p>
<p><a rel="nofollow" href="Javascript:void(0);" onclick="javascript:addbookcase(45827);">�������</a></p>
</li>
</ul>
</div>
  </tr>
<tr>
<div class="storelistbt5"> 
<ul>
<li class="storelistbt5a">
<a href="http://www.80ge.info/txtxz/63753.html" target="_blank"><img src="http://img.80ge.info/63/63753/63753s.jpg" title="������"></a>
<a href="http://www.80ge.info/txtxz/63753.html" title="������TXTȫ������" class="bookname" target="_blank">�������񸸡�TXT����</a><span class="bookdata">�ܵ����1218</span>
<p>���ߣ�<a href="/author/���˽���/" target="_blank">���˽���</a>���ࣺ�ֲ����</p>
<p>    ���ھ�������ϵ�����������Ǵ����µ�ʱ�������ð������»������ÿ�ѧ����ʹڡ�
    ������Ҳ���񸸣�������������ڱ���ڮ����ɢ��������ԡ�
    ����ħ��ʱ�����٣���������Ϊ����
 ...</p>
<p>״̬:<span class="strong green">������</span> ����:16-10-10 �����½�:����ʮ���� ����һ�λ��� </p>
</li>
<li class="storelistbt5b">
<p><a href="http://www.80ge.info/txtxz/63753.html" target="_blank">TXT����</a></p>
<p><a rel="nofollow" href="Javascript:void(0);" onclick="javascript:vote(63753);">Ͷ�Ƽ�Ʊ</a></p>
<p><a rel="nofollow" href="Javascript:void(0);" onclick="javascript:addbookcase(63753);">�������</a></p>
</li>
</ul>
</div>
  </tr>
<tr>
<div class="storelistbt5"> 
<ul>
<li class="storelistbt5a">
<a href="http://www.80ge.info/txtxz/67754.html" target="_blank"><img src="http://img.80ge.info/67/67754/67754s.jpg" title="������ʦ"></a>
<a href="http://www.80ge.info/txtxz/67754.html" title="������ʦTXTȫ������" class="bookname" target="_blank">��������ʦ��TXT����</a><span class="bookdata">�ܵ����3034</span>
<p>���ߣ�<a href="/author/С�ؾ�һ����/" target="_blank">С�ؾ�һ����</a>���ࣺ�ֲ����</p>
<p>    ����ǰ����һŭɱ���ˣ���������Ӽ����������߽�У԰������һ��������������ɵ�����̤����������ܵ����Ž�����������������գ��������޷��ˣ�Ϊ��һʯ����ǧ���ˣ����������ߡ����ࡢռ�������֡�
    ��������ʦ�� ...</p>
<p>״̬:<span class="strong green">������</span> ����:17-03-31 �����½�:��һ����ʮ���� ����֮�����������꣩ </p>
</li>
<li class="storelistbt5b">
<p><a href="http://www.80ge.info/txtxz/67754.html" target="_blank">TXT����</a></p>
<p><a rel="nofollow" href="Javascript:void(0);" onclick="javascript:vote(67754);">Ͷ�Ƽ�Ʊ</a></p>
<p><a rel="nofollow" href="Javascript:void(0);" onclick="javascript:addbookcase(67754);">�������</a></p>
</li>
</ul>
</div>
  </tr>
<tr>
<div class="storelistbt5"> 
<ul>
<li class="storelistbt5a">
<a href="http://www.80ge.info/txtxz/28180.html" target="_blank"><img src="http://img.80ge.info/28/28180/28180s.jpg" title="������ʥ"></a>
<a href="http://www.80ge.info/txtxz/28180.html" title="������ʥTXTȫ������" class="bookname" target="_blank">��������ʥ��TXT����</a><span class="bookdata">�ܵ����4127</span>
<p>���ߣ�<a href="/author/��İ/" target="_blank">��İ</a>���ࣺ�������</p>
<p>    һ�����踺�ص����꣬һ�����ҵ�С���ӣ��������������´�½��
    ����ħ���Ľ�ʿ����˫������ħ����
    ��˫���������飬���񷣬�����棡
    �ֵ��ǣ����鲻�װ��������ʱ��Ͷ����������ɣ���������ܺõ� ...</p>
<p>״̬:<span class="strong green">������</span> ����:17-07-27 �����½�:���ٰ߰�ʮ���� ʥ���½��Σ�� </p>
</li>
<li class="storelistbt5b">
<p><a href="http://www.80ge.info/txtxz/28180.html" target="_blank">TXT����</a></p>
<p><a rel="nofollow" href="Javascript:void(0);" onclick="javascript:vote(28180);">Ͷ�Ƽ�Ʊ</a></p>
<p><a rel="nofollow" href="Javascript:void(0);" onclick="javascript:addbookcase(28180);">�������</a></p>
</li>
</ul>
</div>
  </tr>
<tr>
<div class="storelistbt5"> 
<ul>
<li class="storelistbt5a">
<a href="http://www.80ge.info/txtxz/78427.html" target="_blank"><img src="http://img.80ge.info/78/78427/78427s.jpg" title="��ʤ��"></a>
<a href="http://www.80ge.info/txtxz/78427.html" title="��ʤ��TXTȫ������" class="bookname" target="_blank">����ʤ����TXT����</a><span class="bookdata">�ܵ����4970</span>
<p>���ߣ�<a href="/author/�ջ�ֻΪ���ѿ�/" target="_blank">�ջ�ֻΪ���ѿ�</a>���ࣺ������</p>
<p>    ����³����Ĵ��ˣ��Ǳ�үү����ģ�үү��ֹ��ѧ������С��ʱ�򾭳���үү����̫ү���£�үү���������ײ�Ҫʹ��³���飬�ǻ��������ˡ�    ����үү���������Ϊ����һ���¼���ʱ�򣬱�һ�����������ˣ�ֻ����һöľ���� ...</p>
<p>״̬:<span class="strong green">������</span> ����:19-01-13 �����½�:��л��ҵ�֧�֣� </p>
</li>
<li class="storelistbt5b">
<p><a href="http://www.80ge.info/txtxz/78427.html" target="_blank">TXT����</a></p>
<p><a rel="nofollow" href="Javascript:void(0);" onclick="javascript:vote(78427);">Ͷ�Ƽ�Ʊ</a></p>
<p><a rel="nofollow" href="Javascript:void(0);" onclick="javascript:addbookcase(78427);">�������</a></p>
</li>
</ul>
</div>
  </tr>
<tr>
<div class="storelistbt5"> 
<ul>
<li class="storelistbt5a">
<a href="http://www.80ge.info/txtxz/80162.html" target="_blank"><img src="http://img.80ge.info/80/80162/80162s.jpg" title="��Ʒ��ʦ"></a>
<a href="http://www.80ge.info/txtxz/80162.html" title="��Ʒ��ʦTXTȫ������" class="bookname" target="_blank">����Ʒ��ʦ��TXT����</a><span class="bookdata">�ܵ����4085</span>
<p>���ߣ�<a href="/author/ҹ��/" target="_blank">ҹ��</a>���ࣺ���л���</p>
<p>    ����������ǵ�Ȼ�����ڳ��Ϊ�������ߣ�ǧ������ƶ����գ�ûǮҲ�ܡ�    ���ڣ���Ů�������������Կ��ǡ� ...</p>
<p>״̬:<span class="strong green">������</span> ����:19-02-26 �����½�:���� ��������ʮ���� ���� </p>
</li>
<li class="storelistbt5b">
<p><a href="http://www.80ge.info/txtxz/80162.html" target="_blank">TXT����</a></p>
<p><a rel="nofollow" href="Javascript:void(0);" onclick="javascript:vote(80162);">Ͷ�Ƽ�Ʊ</a></p>
<p><a rel="nofollow" href="Javascript:void(0);" onclick="javascript:addbookcase(80162);">�������</a></p>
</li>
</ul>
</div>
  </tr>
<tr>
<div class="storelistbt5"> 
<ul>
<li class="storelistbt5a">
<a href="http://www.80ge.info/txtxz/93533.html" target="_blank"><img src="http://img.80ge.info/93/93533/93533s.jpg" title="��������"></a>
<a href="http://www.80ge.info/txtxz/93533.html" title="��������TXTȫ������" class="bookname" target="_blank">������������TXT����</a><span class="bookdata">�ܵ����551</span>
<p>���ߣ�<a href="/author/�������/" target="_blank">�������</a>���ࣺ��������</p>
<p>    ҹ��ãã����֮��Դ������֮�е������Ƿ���ʲô���Ըı��...... ...</p>
<p>״̬:<span class="strong green">������</span> ����:19-04-08 �����½�:��10�� ������ɫ�磡 </p>
</li>
<li class="storelistbt5b">
<p><a href="http://www.80ge.info/txtxz/93533.html" target="_blank">TXT����</a></p>
<p><a rel="nofollow" href="Javascript:void(0);" onclick="javascript:vote(93533);">Ͷ�Ƽ�Ʊ</a></p>
<p><a rel="nofollow" href="Javascript:void(0);" onclick="javascript:addbookcase(93533);">�������</a></p>
</li>
</ul>
</div>
  </tr>
<tr>
<div class="storelistbt5"> 
<ul>
<li class="storelistbt5a">
<a href="http://www.80ge.info/txtxz/60361.html" target="_blank"><img src="http://img.80ge.info/60/60361/60361s.jpg" title="��������"></a>
<a href="http://www.80ge.info/txtxz/60361.html" title="��������TXTȫ������" class="bookname" target="_blank">���������١�TXT����</a><span class="bookdata">�ܵ����1919</span>
<p>���ߣ�<a href="/author/׷��֮����/" target="_blank">׷��֮����</a>���ࣺ�ֲ����</p>
<p>    ��嫲�񷣬�޾����棬�������𣬲���ۼ�..
    ������ȴ���в������þ�ȫ������ͼ�����������ڹ���֤��...
    �ո�������ʧҵ�Ķ���������Ļ����Դ������һ���Ѿ���������Ĺ��������ڣ��ǻ�֮���Խά���ͳ� ...</p>
<p>״̬:<span class="strong green">������</span> ����:16-09-08 �����½�:�ڶ���һʮ����ͳһ���򣨽�֣� </p>
</li>
<li class="storelistbt5b">
<p><a href="http://www.80ge.info/txtxz/60361.html" target="_blank">TXT����</a></p>
<p><a rel="nofollow" href="Javascript:void(0);" onclick="javascript:vote(60361);">Ͷ�Ƽ�Ʊ</a></p>
<p><a rel="nofollow" href="Javascript:void(0);" onclick="javascript:addbookcase(60361);">�������</a></p>
</li>
</ul>
</div>
  </tr>
<tr>
<div class="storelistbt5"> 
<ul>
<li class="storelistbt5a">
<a href="http://www.80ge.info/txtxz/105001.html" target="_blank"><img src="http://img.80ge.info/105/105001/105001s.jpg" title="������Դ"></a>
<a href="http://www.80ge.info/txtxz/105001.html" title="������ԴTXTȫ������" class="bookname" target="_blank">��������Դ��TXT����</a><span class="bookdata">�ܵ����12465</span>
<p>���ߣ�<a href="/author/��ҹ��ʿ/" target="_blank">��ҹ��ʿ</a>���ࣺ�������</p>
<p>    Ф�����������������ܸı����磬���ǵ����һ���Ը����㶼����������ʱ��ȴ���ò����š�    �ȵȣ���ʲô���ԡ�    ����֮ǰ����Ҫȷ���Լ��ܰ�ȫ���󣬲�Ҫ�����ָ����Ź�����Ҫ��С������ʱ��������вֻ��һֻ���ӡ�  ...</p>
<p>״̬:<span class="strong green">������</span> ����:22-12-26 �����½�:���顶�������������� </p>
</li>
<li class="storelistbt5b">
<p><a href="http://www.80ge.info/txtxz/105001.html" target="_blank">TXT����</a></p>
<p><a rel="nofollow" href="Javascript:void(0);" onclick="javascript:vote(105001);">Ͷ�Ƽ�Ʊ</a></p>
<p><a rel="nofollow" href="Javascript:void(0);" onclick="javascript:addbookcase(105001);">�������</a></p>
</li>
</ul>
</div>
  </tr>
<tr>
<div class="storelistbt5"> 
<ul>
<li class="storelistbt5a">
<a href="http://www.80ge.info/txtxz/73203.html" target="_blank"><img src="http://img.80ge.info/73/73203/73203s.jpg" title="�������"></a>
<a href="http://www.80ge.info/txtxz/73203.html" title="�������TXTȫ������" class="bookname" target="_blank">�����������TXT����</a><span class="bookdata">�ܵ����45494</span>
<p>���ߣ�<a href="/author/�׾�/" target="_blank">�׾�</a>���ࣺ�ֲ����</p>
<p>    �������������Ϊ��������Ϊ������������ѧ������ץа���ȴ����һ����һ����ı���֮�С�    ���ص�ץ���֣��������ũ�ܣ��ֲ�������ɽ���ҿ����������ն��ħ������а��    �����Զ����ǩ:��Ц��ʦ��ʬ ...</p>
<p>״̬:<span class="strong green">������</span> ����:18-05-30 �����½�:����-аȥ�� </p>
</li>
<li class="storelistbt5b">
<p><a href="http://www.80ge.info/txtxz/73203.html" target="_blank">TXT����</a></p>
<p><a rel="nofollow" href="Javascript:void(0);" onclick="javascript:vote(73203);">Ͷ�Ƽ�Ʊ</a></p>
<p><a rel="nofollow" href="Javascript:void(0);" onclick="javascript:addbookcase(73203);">�������</a></p>
</li>
</ul>
</div>
  </tr>
<tr>
<div class="storelistbt5"> 
<ul>
<li class="storelistbt5a">
<a href="http://www.80ge.info/txtxz/77329.html" target="_blank"><img src="http://img.80ge.info/77/77329/77329s.jpg" title="������ʦ"></a>
<a href="http://www.80ge.info/txtxz/77329.html" title="������ʦTXTȫ������" class="bookname" target="_blank">��������ʦ��TXT����</a><span class="bookdata">�ܵ����30000</span>
<p>���ߣ�<a href="/author/��������/" target="_blank">��������</a>���ࣺ��������</p>
<p>    ���������Ψһ�ģ����Ƕ�һ�޶��ġ�    �����˵ĵõ�һ�У�������֪ʶ�����룬�Ƹ�����λ    ���˵���ⶼ��Ļ�����Ϊ�㰲�źõľ籾    ������ŵ����嶼����д�½��    ������Ϊ�ǣ��ܲ������׷�������� ...</p>
<p>״̬:<span class="strong green">������</span> ����:20-12-31 �����½�:���鷢�� </p>
</li>
<li class="storelistbt5b">
<p><a href="http://www.80ge.info/txtxz/77329.html" target="_blank">TXT����</a></p>
<p><a rel="nofollow" href="Javascript:void(0);" onclick="javascript:vote(77329);">Ͷ�Ƽ�Ʊ</a></p>
<p><a rel="nofollow" href="Javascript:void(0);" onclick="javascript:addbookcase(77329);">�������</a></p>
</li>
</ul>
</div>
  </tr>
<tr>
<div class="storelistbt5"> 
<ul>
<li class="storelistbt5a">
<a href="http://www.80ge.info/txtxz/77436.html" target="_blank"><img src="http://img.80ge.info/77/77436/77436s.jpg" title="���Ϲ���"></a>
<a href="http://www.80ge.info/txtxz/77436.html" title="���Ϲ���TXTȫ������" class="bookname" target="_blank">�����Ϲ�����TXT����</a><span class="bookdata">�ܵ����15664</span>
<p>���ߣ�<a href="/author/��Խ����/" target="_blank">��Խ����</a>���ࣺ������</p>
<p>    ���ϣ���Ϊ��Խ֮�أ����������в��ߡ������������Ի����ڡ�    ��Խ�׷�֮ʢ����ʷ��Զ��������������ͯ�ӡ�����Ů����˿������ͯ��ʱ���ұ����������ģ���Щɥ����û�뵽����������ҹ����ʷ�ٶ����ݣ� ...</p>
<p>״̬:<span class="strong green">������</span> ����:19-03-29 �����½�:���İ�һʮ���� ���� </p>
</li>
<li class="storelistbt5b">
<p><a href="http://www.80ge.info/txtxz/77436.html" target="_blank">TXT����</a></p>
<p><a rel="nofollow" href="Javascript:void(0);" onclick="javascript:vote(77436);">Ͷ�Ƽ�Ʊ</a></p>
<p><a rel="nofollow" href="Javascript:void(0);" onclick="javascript:addbookcase(77436);">�������</a></p>
</li>
</ul>
</div>
  </tr>
<tr>
<div class="storelistbt5"> 
<ul>
<li class="storelistbt5a">
<a href="http://www.80ge.info/txtxz/71992.html" target="_blank"><img src="http://img.80ge.info/71/71992/71992s.jpg" title="����������"></a>
<a href="http://www.80ge.info/txtxz/71992.html" title="����������TXTȫ������" class="bookname" target="_blank">��������������TXT����</a><span class="bookdata">�ܵ����9590</span>
<p>���ߣ�<a href="/author/ѩ������/" target="_blank">ѩ������</a>���ࣺ�������</p>
<p>    û�������ļ��ܣ�ֻ���������淨��    ��������Ϸ������ͼ��ļ�����������95�����ųơ�������ҡ����ߵ����ﶼ�Ǵ�ү����������Ҫ������߼����ʱ������Խ�ˡ�    �Ӵˣ���بʮ��������������ﲻ����    �� ...</p>
<p>״̬:<span class="strong green">������</span> ����:17-08-27 �����½�:��������ʮ���� ���� </p>
</li>
<li class="storelistbt5b">
<p><a href="http://www.80ge.info/txtxz/71992.html" target="_blank">TXT����</a></p>
<p><a rel="nofollow" href="Javascript:void(0);" onclick="javascript:vote(71992);">Ͷ�Ƽ�Ʊ</a></p>
<p><a rel="nofollow" href="Javascript:void(0);" onclick="javascript:addbookcase(71992);">�������</a></p>
</li>
</ul>
</div>
  </tr>
<tr>
<div class="storelistbt5"> 
<ul>
<li class="storelistbt5a">
<a href="http://www.80ge.info/txtxz/72437.html" target="_blank"><img src="http://img.80ge.info/72/72437/72437s.jpg" title="����֮·"></a>
<a href="http://www.80ge.info/txtxz/72437.html" title="����֮·TXTȫ������" class="bookname" target="_blank">������֮·��TXT����</a><span class="bookdata">�ܵ����5694</span>
<p>���ߣ�<a href="/author/��Ȫ��ʿ/" target="_blank">��Ȫ��ʿ</a>���ࣺ�������</p>
<p>    �ƶ�����һ�������װ�˹��½����Ϸʱ���õ��˴������ж������µ���Ϸϵͳ����Խ���װ�˹λ�档    ��ϵͳ�İ����£�������ҹ����Ѱ��������ڸ�����̽Ѱ֪ʶ�������߾ٰ���ʦ�����ģ�������ȼ����𣬳�Ϊ����֮�� ...</p>
<p>״̬:<span class="strong green">������</span> ����:19-03-12 �����½�:�ޱ����½� </p>
</li>
<li class="storelistbt5b">
<p><a href="http://www.80ge.info/txtxz/72437.html" target="_blank">TXT����</a></p>
<p><a rel="nofollow" href="Javascript:void(0);" onclick="javascript:vote(72437);">Ͷ�Ƽ�Ʊ</a></p>
<p><a rel="nofollow" href="Javascript:void(0);" onclick="javascript:addbookcase(72437);">�������</a></p>
</li>
</ul>
</div>
  </tr>
<tr>
<div class="storelistbt5"> 
<ul>
<li class="storelistbt5a">
<a href="http://www.80ge.info/txtxz/156198.html" target="_blank"><img src="http://img.80ge.info/156/156198/156198s.jpg" title="��������"></a>
<a href="http://www.80ge.info/txtxz/156198.html" title="��������TXTȫ������" class="bookname" target="_blank">���������̡�TXT����</a><span class="bookdata">�ܵ����2612</span>
<p>���ߣ�<a href="/author/�Ž���ʿ/" target="_blank">�Ž���ʿ</a>���ࣺ������Ϸ</p>
<p>    ����һ�������ʦ��˵�����ճ�ֻ��һ�еĻ�������ȷ�Ĵ򿪷�ʽ������Ҫ���ߵȰ·���ᣬ�Ǽ���ηս������װħ����ţ�λ��Ҫ����ʱ�ձ��ݣ�Ԫ�ؾ۱䷴Ӧ�ѣ������ʵ���......����������Ϸ�����¼��    ���ڴ�Խ������ ...</p>
<p>״̬:<span class="strong green">������</span> ����:25-07-06 �����½�:�������� </p>
</li>
<li class="storelistbt5b">
<p><a href="http://www.80ge.info/txtxz/156198.html" target="_blank">TXT����</a></p>
<p><a rel="nofollow" href="Javascript:void(0);" onclick="javascript:vote(156198);">Ͷ�Ƽ�Ʊ</a></p>
<p><a rel="nofollow" href="Javascript:void(0);" onclick="javascript:addbookcase(156198);">�������</a></p>
</li>
</ul>
</div>
  </tr>
<tr>
<div class="storelistbt5"> 
<ul>
<li class="storelistbt5a">
<a href="http://www.80ge.info/txtxz/83511.html" target="_blank"><img src="http://img.80ge.info/83/83511/83511s.jpg" title="������˫"></a>
<a href="http://www.80ge.info/txtxz/83511.html" title="������˫TXTȫ������" class="bookname" target="_blank">��������˫��TXT����</a><span class="bookdata">�ܵ����7211</span>
<p>���ߣ�<a href="/author/������aa/" target="_blank">������aa</a>���ࣺ������</p>
<p>    ����2018��������Ԫ�����ġ�������Ʒ�����崹�ᣬʯ����Ѫ�����������Ӱ�����������ȴ��һֻ����Ů���������ȥ�������� ...</p>
<p>״̬:<span class="strong green">������</span> ����:19-04-21 �����½�:��230��  </p>
</li>
<li class="storelistbt5b">
<p><a href="http://www.80ge.info/txtxz/83511.html" target="_blank">TXT����</a></p>
<p><a rel="nofollow" href="Javascript:void(0);" onclick="javascript:vote(83511);">Ͷ�Ƽ�Ʊ</a></p>
<p><a rel="nofollow" href="Javascript:void(0);" onclick="javascript:addbookcase(83511);">�������</a></p>
</li>
</ul>
</div>
  </tr>
<tr>
<div class="storelistbt5"> 
<ul>
<li class="storelistbt5a">
<a href="http://www.80ge.info/txtxz/87140.html" target="_blank"><img src="http://img.80ge.info/87/87140/87140s.jpg" title="������ҽ"></a>
<a href="http://www.80ge.info/txtxz/87140.html" title="������ҽTXTȫ������" class="bookname" target="_blank">��������ҽ��TXT����</a><span class="bookdata">�ܵ����2756</span>
<p>���ߣ�<a href="/author/������֮��/" target="_blank">������֮��</a>���ࣺ��������</p>
<p>    &#12288;&#12288;    ������Ǯ�ƣ����������ҽ���ι��ȫ���컯����&#12288;&#12288;    ��Ǯ����&#12288;&#12288;    ��ɫ����&#12288;&#12288; ...</p>
<p>״̬:<span class="strong green">������</span> ����:19-02-13 �����½�:��327��  ɱ����³˹ </p>
</li>
<li class="storelistbt5b">
<p><a href="http://www.80ge.info/txtxz/87140.html" target="_blank">TXT����</a></p>
<p><a rel="nofollow" href="Javascript:void(0);" onclick="javascript:vote(87140);">Ͷ�Ƽ�Ʊ</a></p>
<p><a rel="nofollow" href="Javascript:void(0);" onclick="javascript:addbookcase(87140);">�������</a></p>
</li>
</ul>
</div>
  </tr>
<tr>
<div class="storelistbt5"> 
<ul>
<li class="storelistbt5a">
<a href="http://www.80ge.info/txtxz/132673.html" target="_blank"><img src="http://img.80ge.info/132/132673/132673s.jpg" title="�Ŵ�������"></a>
<a href="http://www.80ge.info/txtxz/132673.html" title="�Ŵ�������TXTȫ������" class="bookname" target="_blank">���Ŵ���������TXT����</a><span class="bookdata">�ܵ����331</span>
<p>���ߣ�<a href="/author/����Ī��/" target="_blank">����Ī��</a>���ࣺ��ƪ�ۺ�</p>
<p>    �������Ӵ����Ŵ�����ˮ�㣬Ѿ�ߵ����ӣ�С���������Ϊ���չȭ�ţ����������ǵ�Ůة�ࣿ    �ٲ���Ҳ���Ǹ�Ů��ҽ��Ů��ʲô�ġ���������������������Ϣ��ȫ����ֵأ�������������ũ��������ũ�������˰ɡ��������Ļ� ...</p>
<p>״̬:<span class="strong green">������</span> ����:21-03-11 �����½�:����ʮ���� �ɲ��� </p>
</li>
<li class="storelistbt5b">
<p><a href="http://www.80ge.info/txtxz/132673.html" target="_blank">TXT����</a></p>
<p><a rel="nofollow" href="Javascript:void(0);" onclick="javascript:vote(132673);">Ͷ�Ƽ�Ʊ</a></p>
<p><a rel="nofollow" href="Javascript:void(0);" onclick="javascript:addbookcase(132673);">�������</a></p>
</li>
</ul>
</div>
  </tr>
<tr>
<div class="storelistbt5"> 
<ul>
<li class="storelistbt5a">
<a href="http://www.80ge.info/txtxz/137834.html" target="_blank"><img src="http://img.80ge.info/137/137834/137834s.jpg" title="��ʦ�ֲ�"></a>
<a href="http://www.80ge.info/txtxz/137834.html" title="��ʦ�ֲ�TXTȫ������" class="bookname" target="_blank">����ʦ�ֲᡷTXT����</a><span class="bookdata">�ܵ����51691</span>
<p>���ߣ�<a href="/author/����/" target="_blank">����</a>���ࣺ������Ϸ</p>
<p>    1668�꣬�����ڵĳ��б���Ϊȫ���ΰ���õĵ������ҶԴ������˲���ĥ��Ĺ��ס�    ��Ϊ�������ˡ� ...</p>
<p>״̬:<span class="strong green">������</span> ����:25-09-30 �����½�:����ʦ�ֲᡷ�����Ѿ�����Ѷ�������� </p>
</li>
<li class="storelistbt5b">
<p><a href="http://www.80ge.info/txtxz/137834.html" target="_blank">TXT����</a></p>
<p><a rel="nofollow" href="Javascript:void(0);" onclick="javascript:vote(137834);">Ͷ�Ƽ�Ʊ</a></p>
<p><a rel="nofollow" href="Javascript:void(0);" onclick="javascript:addbookcase(137834);">�������</a></p>
</li>
</ul>
</div>
  </tr>
<tr>
<div class="storelistbt5"> 
<ul>
<li class="storelistbt5a">
<a href="http://www.80ge.info/txtxz/134090.html" target="_blank"><img src="http://img.80ge.info/134/134090/134090s.jpg" title="������"></a>
<a href="http://www.80ge.info/txtxz/134090.html" title="������TXTȫ������" class="bookname" target="_blank">�������͡�TXT����</a><span class="bookdata">�ܵ����813</span>
<p>���ߣ�<a href="/author/�˽����/" target="_blank">�˽����</a>���ࣺ�ֲ����</p>
<p>    ���ˣ�������壬������֣�ħͷ����    ����֮�£�׷������;�У��˿��Գ�Ϊ�κι������    ����    ����ħ���������Ԫ�أ��Ƽ��������߾�ȫ��������죬ӵ����֮·����    ����    Ȼ��֮·�� ...</p>
<p>״̬:<span class="strong green">������</span> ����:21-03-30 �����½�:���� ����ʮ�� �������ǣ����� </p>
</li>
<li class="storelistbt5b">
<p><a href="http://www.80ge.info/txtxz/134090.html" target="_blank">TXT����</a></p>
<p><a rel="nofollow" href="Javascript:void(0);" onclick="javascript:vote(134090);">Ͷ�Ƽ�Ʊ</a></p>
<p><a rel="nofollow" href="Javascript:void(0);" onclick="javascript:addbookcase(134090);">�������</a></p>
</li>
</ul>
</div>
  </tr>
<tr>
<div class="storelistbt5"> 
<ul>
<li class="storelistbt5a">
<a href="http://www.80ge.info/txtxz/137228.html" target="_blank"><img src="http://img.80ge.info/137/137228/137228s.jpg" title="���¹���"></a>
<a href="http://www.80ge.info/txtxz/137228.html" title="���¹���TXTȫ������" class="bookname" target="_blank">�����¹�����TXT����</a><span class="bookdata">�ܵ����271</span>
<p>���ߣ�<a href="/author/³��ү/" target="_blank">³��ү</a>���ࣺ��������</p>
<p>    ���ؿͻ��ˣ��鿴������Ʒ��顣 ...</p>
<p>״̬:<span class="strong green">������</span> ����:21-05-12 �����½�:��17�£�������ľ�ף� </p>
</li>
<li class="storelistbt5b">
<p><a href="http://www.80ge.info/txtxz/137228.html" target="_blank">TXT����</a></p>
<p><a rel="nofollow" href="Javascript:void(0);" onclick="javascript:vote(137228);">Ͷ�Ƽ�Ʊ</a></p>
<p><a rel="nofollow" href="Javascript:void(0);" onclick="javascript:addbookcase(137228);">�������</a></p>
</li>
</ul>
</div>
  </tr>
<tr>
<div class="storelistbt5"> 
<ul>
<li class="storelistbt5a">
<a href="http://www.80ge.info/txtxz/119690.html" target="_blank"><img src="http://img.80ge.info/119/119690/119690s.jpg" title="��������"></a>
<a href="http://www.80ge.info/txtxz/119690.html" title="��������TXTȫ������" class="bookname" target="_blank">������������TXT����</a><span class="bookdata">�ܵ����1424</span>
<p>���ߣ�<a href="/author/������/" target="_blank">������</a>���ࣺ�ֲ����</p>
<p>    ����ʱ���¸���֮�Ӽֺ����������ȵ۳���ʹ�ٺ�Ѱ����֮���������顶ɽ�Ӽ���������ͼ���������棬��������������˹�ˣ�Ħ����ڣ�����Ȩ���Ĵ��������������ޱ̰��������ҫ֮ҹ����Ϊһ��͸�µó���֮����    ����һ������ ...</p>
<p>״̬:<span class="strong green">������</span> ����:20-08-26 �����½�:��һ�پ�ʮ���¡�����Ƴ� </p>
</li>
<li class="storelistbt5b">
<p><a href="http://www.80ge.info/txtxz/119690.html" target="_blank">TXT����</a></p>
<p><a rel="nofollow" href="Javascript:void(0);" onclick="javascript:vote(119690);">Ͷ�Ƽ�Ʊ</a></p>
<p><a rel="nofollow" href="Javascript:void(0);" onclick="javascript:addbookcase(119690);">�������</a></p>
</li>
</ul>
</div>
  </tr>
<tr>
<div class="storelistbt5"> 
<ul>
<li class="storelistbt5a">
<a href="http://www.80ge.info/txtxz/121078.html" target="_blank"><img src="http://img.80ge.info/121/121078/121078s.jpg" title="����ʦ"></a>
<a href="http://www.80ge.info/txtxz/121078.html" title="����ʦTXTȫ������" class="bookname" target="_blank">������ʦ��TXT����</a><span class="bookdata">�ܵ����423</span>
<p>���ߣ�<a href="/author/������͵�è/" target="_blank">������͵�è</a>���ࣺ�������</p>
<p>    ʲô��ħ�����Ƿ���ɶ����ǻ�ĳ��ң��������ڴ�صĺ��أ�������������������α���������Լ������Ϊ�ٻ��ޣ�����������ܷ�⿪��    ǰ����������䣿��������Ϊ�������ջᴴ����ô���ĻԻͣ� ...</p>
<p>״̬:<span class="strong green">������</span> ����:20-07-31 �����½�:��һ�ٰ�ʮ���� �鱨 </p>
</li>
<li class="storelistbt5b">
<p><a href="http://www.80ge.info/txtxz/121078.html" target="_blank">TXT����</a></p>
<p><a rel="nofollow" href="Javascript:void(0);" onclick="javascript:vote(121078);">Ͷ�Ƽ�Ʊ</a></p>
<p><a rel="nofollow" href="Javascript:void(0);" onclick="javascript:addbookcase(121078);">�������</a></p>
</li>
</ul>
</div>
  </tr>
<tr>
<div class="storelistbt5"> 
<ul>
<li class="storelistbt5a">
<a href="http://www.80ge.info/txtxz/165767.html" target="_blank"><img src="http://img.80ge.info/165/165767/165767s.jpg" title="�������"></a>
<a href="http://www.80ge.info/txtxz/165767.html" title="�������TXTȫ������" class="bookname" target="_blank">�����������TXT����</a><span class="bookdata">�ܵ����1014</span>
<p>���ߣ�<a href="/author/Ե����/" target="_blank">Ե����</a>���ࣺ�ֲ����</p>
<p>    ����һ������������߽��ץ���ˣ�ר��������Щ����η��Ķ�������ʱ�����Լ����㲻������Ƕ���Щʲô������    ɱ���������������������ĺ�����������ս����Ĺ��ʬ�����ޣ���˵�еĺڰ��޳���ʮ�����ޣ������ң����Ǿ��� ...</p>
<p>״̬:<span class="strong blue">�����</span> ����:22-10-06 �����½�:���İٰ�ʮ����  �˽ᣨ���֣� </p>
</li>
<li class="storelistbt5b">
<p><a href="http://www.80ge.info/txtxz/165767.html" target="_blank">TXT����</a></p>
<p><a rel="nofollow" href="Javascript:void(0);" onclick="javascript:vote(165767);">Ͷ�Ƽ�Ʊ</a></p>
<p><a rel="nofollow" href="Javascript:void(0);" onclick="javascript:addbookcase(165767);">�������</a></p>
</li>
</ul>
</div>
  </tr>
<tr>
<div class="storelistbt5"> 
<ul>
<li class="storelistbt5a">
<a href="http://www.80ge.info/txtxz/168426.html" target="_blank"><img src="http://img.80ge.info/168/168426/168426s.jpg" title="������ʦ"></a>
<a href="http://www.80ge.info/txtxz/168426.html" title="������ʦTXTȫ������" class="bookname" target="_blank">��������ʦ��TXT����</a><span class="bookdata">�ܵ����173</span>
<p>���ߣ�<a href="/author/�����/" target="_blank">�����</a>���ࣺ��������</p>
<p>    ������Ϊ�׻������峤֮�ӣ�ȴ��Ϊû�о��ѻ�ϵ�������Ӷ�������������    һ��֮�µ����������˰�ɱ��֯��Ҳ������������������Ҳ�����˾��ҵı仯��    �������ķ���������ƽ��������ȴ�ڱ���������֮�У���Ϊ�� ...</p>
<p>״̬:<span class="strong green">������</span> ����:23-01-18 �����½�:��64�� �׼����� </p>
</li>
<li class="storelistbt5b">
<p><a href="http://www.80ge.info/txtxz/168426.html" target="_blank">TXT����</a></p>
<p><a rel="nofollow" href="Javascript:void(0);" onclick="javascript:vote(168426);">Ͷ�Ƽ�Ʊ</a></p>
<p><a rel="nofollow" href="Javascript:void(0);" onclick="javascript:addbookcase(168426);">�������</a></p>
</li>
</ul>
</div>
  </tr>
</table>

</div>
<div id="footer">
<div id="f_link">
<a href="/support/about.html" title="��������" target="_blank">��������</a>-<a href="/support/help.html" title="txtС˵���ذ���" target="_blank">��վ����</a>-<a href="/support/advertise.html" title="������" target="_blank">������</a>-<a href="/support/declare.html" title="��Ȩ����,��Ȩ�ٱ�" target="_blank">��Ȩ����(�ٱ�)</a>-<a href="/support/sitemap.html" title="��վ��ͼ" target="_blank">��վ��ͼ</a>
</div>
<div class="copyright">
<b>���������</b>����txtС˵�����������Լ�������Ȩ��������Ʒ������������߱��˵Ĺ۵㣬�뱾վ�����޹ء��Ķ����緢����Ʒ����ȷ���뷨�ɵִ�֮��������վ�ٱ���<br>
���������Ķ�����ɫ���磬���������緢����Ȩ���Ƿ���ɫ����С˵,<span style="background-color:#ffff00 "><a href="/newmessage.php?tosys=1&title=[��Ȩ/��ɫ]�ٱ�&content=������Ȩ��Ƿ����ݵ�С˵��д������,���ĺ����ǻ�ɾ�����飺 " target="_blank">��˾ٱ�</a></span> �����ʼ���:<span style="background-color:#ffff00 ">admin@80ge.info </span> ɾ������</b></span></font>(���鷢���ʼ�:����Ϊ��[��Ȩ/��ɫ]�ٱ���)<br/>
�����������רҵ�ṩ����,����,����,��ʷ,����,�ƻ�,�ֲ�,��ѧ,����,����,��־,����,����,����,���������ȫ��С˵������ص���վ�� <script>tongji();</script><br/>
<a href="http://www.80ge.info" title="���������"><b>���������</b></a> ����������<a href="http://www.80ge.info" title="���������">www.80ge.info</a> ��վ�����ţ���ICP��13055675��-6 
 վ�����䣺admin@80ge.info</div>
</div>
</div>
</body>
</html>
21:11:44.398 [OkHttp http://www.80ge.info/...] DEBUG io.legado.app.model.DebugLog - <-- END HTTP (130278-byte, 27036-gzipped-byte body)
21:11:44.399 [main @coroutine#7] INFO io.legado.app.model.DebugLog - sourceUrl: http://www.80ge.info, msg: �Ի�ȡ�ɹ�:/modules/article/search.php,{
  "method": "post",
  "body": "searchkey=ҹ��������&searchtype=articlename"
}
21:11:44.400 [main @coroutine#7] INFO io.legado.app.model.DebugLog - sourceUrl: http://www.80ge.info, msg: ����ȡ�鼮�б�
21:11:44.409 [main @coroutine#7] INFO io.legado.app.model.DebugLog - sourceUrl: http://www.80ge.info, msg: ���б��С:100
21:11:44.410 [main @coroutine#7] INFO io.legado.app.model.DebugLog - sourceUrl: http://www.80ge.info, msg: ����ȡ����
21:11:44.410 [main @coroutine#7] INFO io.legado.app.model.DebugLog - sourceUrl: http://www.80ge.info, msg: ��ҹ��������
21:11:44.410 [main @coroutine#7] INFO io.legado.app.model.DebugLog - sourceUrl: http://www.80ge.info, msg: ����ȡ����
21:11:44.410 [main @coroutine#7] INFO io.legado.app.model.DebugLog - sourceUrl: http://www.80ge.info, msg: ����˵��������
21:11:44.410 [main @coroutine#7] INFO io.legado.app.model.DebugLog - sourceUrl: http://www.80ge.info, msg: ����ȡ����
21:11:44.410 [main @coroutine#7] INFO io.legado.app.model.DebugLog - sourceUrl: http://www.80ge.info, msg: ���������,������,24-05-25
21:11:44.410 [main @coroutine#7] INFO io.legado.app.model.DebugLog - sourceUrl: http://www.80ge.info, msg: ����ȡ����
21:11:44.411 [main @coroutine#7] INFO io.legado.app.model.DebugLog - sourceUrl: http://www.80ge.info, msg: ��
21:11:44.411 [main @coroutine#7] INFO io.legado.app.model.DebugLog - sourceUrl: http://www.80ge.info, msg: ����ȡ�����½�
21:11:44.411 [main @coroutine#7] INFO io.legado.app.model.DebugLog - sourceUrl: http://www.80ge.info, msg: �����顶��ɽ���ѷ���
21:11:44.411 [main @coroutine#7] INFO io.legado.app.model.DebugLog - sourceUrl: http://www.80ge.info, msg: ����ȡ���
21:11:44.411 [main @coroutine#7] INFO io.legado.app.model.DebugLog - sourceUrl: http://www.80ge.info, msg: �������ϵ��޺��У�Ũ�ܵĸ�������£����ݺ�����ǰ�ˣ��ǿƼ�����֮������磬Ҳ����ʵ����õķֽ硣 ���������壬��ȥ��δ��������������������粢�棬��ǰ��һ�У�����ʱ��֮ǽ������ǰ�� �ڰ������֡����� ...
21:11:44.411 [main @coroutine#7] INFO io.legado.app.model.DebugLog - sourceUrl: http://www.80ge.info, msg: ����ȡ��������
21:11:44.411 [main @coroutine#7] INFO io.legado.app.model.DebugLog - sourceUrl: http://www.80ge.info, msg: ��http://img.80ge.info/13/13588/13588s.jpg
21:11:44.411 [main @coroutine#7] INFO io.legado.app.model.DebugLog - sourceUrl: http://www.80ge.info, msg: ����ȡ����ҳ����
21:11:44.412 [main @coroutine#7] INFO io.legado.app.model.DebugLog - sourceUrl: http://www.80ge.info, msg: ��http://www.80ge.info/txtxz/13588.html
21:11:44.468 [main] INFO cn.kong.app.model.NovelSourceTest -   �������: 100 ��
21:11:44.468 [main] INFO cn.kong.app.model.NovelSourceTest -     [1] ҹ�������� | ��˵��������
21:11:44.468 [main] INFO cn.kong.app.model.NovelSourceTest -     [2] ������ | �����ȳ�
21:11:44.468 [main] INFO cn.kong.app.model.NovelSourceTest -     [3] ���������� | �����ˮ
21:11:44.468 [main] INFO cn.kong.app.model.NovelSourceTest -   --- Step 2: ��ȡ���� ---
21:11:44.469 [OkHttp http://www.80ge.info/...] DEBUG io.legado.app.model.DebugLog - --> GET http://www.80ge.info/txtxz/13588.html http/1.1
21:11:44.469 [OkHttp http://www.80ge.info/...] DEBUG io.legado.app.model.DebugLog - User-Agent: Mozilla/5.0 (Windows NT 10.0; Win64; x64) AppleWebKit/537.36 (KHTML, like Gecko) Chrome/75.0.3770.142 Safari/537.36
21:11:44.469 [OkHttp http://www.80ge.info/...] DEBUG io.legado.app.model.DebugLog - Keep-Alive: 300
21:11:44.469 [OkHttp http://www.80ge.info/...] DEBUG io.legado.app.model.DebugLog - Connection: Keep-Alive
21:11:44.469 [OkHttp http://www.80ge.info/...] DEBUG io.legado.app.model.DebugLog - Cache-Control: no-cache
21:11:44.469 [OkHttp http://www.80ge.info/...] DEBUG io.legado.app.model.DebugLog - Host: www.80ge.info
21:11:44.469 [OkHttp http://www.80ge.info/...] DEBUG io.legado.app.model.DebugLog - Accept-Encoding: gzip
21:11:44.469 [OkHttp http://www.80ge.info/...] DEBUG io.legado.app.model.DebugLog - --> END GET
21:11:44.639 [OkHttp http://www.80ge.info/...] DEBUG io.legado.app.model.DebugLog - <-- 200 OK http://www.80ge.info/txtxz/13588.html (169ms)
21:11:44.639 [OkHttp http://www.80ge.info/...] DEBUG io.legado.app.model.DebugLog - Server: nginx
21:11:44.640 [OkHttp http://www.80ge.info/...] DEBUG io.legado.app.model.DebugLog - Date: Fri, 14 Aug 2026 13:11:44 GMT
21:11:44.640 [OkHttp http://www.80ge.info/...] DEBUG io.legado.app.model.DebugLog - Content-Type: text/html
21:11:44.640 [OkHttp http://www.80ge.info/...] DEBUG io.legado.app.model.DebugLog - Transfer-Encoding: chunked
21:11:44.640 [OkHttp http://www.80ge.info/...] DEBUG io.legado.app.model.DebugLog - Connection: keep-alive
21:11:44.640 [OkHttp http://www.80ge.info/...] DEBUG io.legado.app.model.DebugLog - Cache-Control: max-age=60
21:11:44.640 [OkHttp http://www.80ge.info/...] DEBUG io.legado.app.model.DebugLog - Content-Encoding: gzip
21:11:44.640 [OkHttp http://www.80ge.info/...] DEBUG io.legado.app.model.DebugLog - X-Cache-Status: HIT
21:11:44.806 [OkHttp http://www.80ge.info/...] DEBUG io.legado.app.model.DebugLog - 
21:11:44.806 [OkHttp http://www.80ge.info/...] DEBUG io.legado.app.model.DebugLog - <!DOCTYPE html PUBLIC "-//W3C//DTD XHTML 1.0 Transitional//EN" "http://www.w3.org/TR/xhtml1/DTD/xhtml1-transitional.dtd"><html xmlns="http://www.w3.org/1999/xhtml"><head><meta http-equiv="Content-Type" content="text/html; charset=utf-8" /><meta name="renderer" content="webkit" /><title>ҹ��������TXT����,ҹ��������ȫ��,ȫ��,���,ȫ��������С˵TXT�������������_���������</title><meta name="keywords" content="ҹ��������txtȫ������,ҹ��������txt����,ҹ��������ȫ��,���,ȫ��,ȫ��������С˵,ҹ��������txt�������������,���������" /><meta name="description" content="����������ṩҹ��������txtȫ������,�Լ�ҹ��������txt���غ�ҹ��������ȫ��������txt�����Լ�����С˵����ͼ�����ء�����ҹ��������txtȫ������,��һ��Ҫ�����������������ҹ��������txtŶ��ҹ��������txtȫ��ȫ�����أ�&nbsp;&nbsp;&nbsp;&nbsp;�����ϵ��޺��У�Ũ�ܵĸ�������£����ݺ�����ǰ�ˣ��ǿƼ�����֮������磬Ҳ����ʵ����õķֽ硣&lt;br/&gt;&lt;br/&gt;&nbsp;&nbsp;&nbsp;&nbsp;���������壬��ȥ��δ��������������������粢�棬��ǰ��һ�У�����ʱ��֮ǽ������ǰ��&lt;br/&gt;&lt;br/&gt;&nbsp;&nbsp;&nbsp;&nbsp;�ڰ������֡�����Ҫ���װ��ҵ����ѣ����ǲ���������ȥӦ�Ժڰ���Ҫ�û�" /><link type="text/css" rel="stylesheet" href="/skin/style.css" /><script type="text/javascript" src="/skin/com.js"></script>
<script src="/3VoXzBkr/n5CFlgZnRx.js"></script><script type="text/javascript" src="/skin/btn.js"></script></head><body>
<div id="container">
<div class="topnave">
<div class="pad_width">
<script>login();shoucang();</script>
</div>
</div>
<div id="head">
<div class="head_frame">
<div id="logo"><a href="http://www.80ge.info"><img src="http://img.80ge.info/skin/image/logo.gif" alt="���������" /></a></div>
<div id="banner"><script>banner();</script></div>
<div id="head_search">
<div id="search">
<label class="reg"><a href="http://www.80ge.info/top/lastupdate/1.html" target="_blank">������µ�С˵</a></label>
<label class="login"><a href="http://www.80ge.info/top/toptime/1.html" target="_blank">�༭�Ƽ���С˵</a></label>
<script>search_tag();</script>
</div>
</div>
</div>
<div id="menu">
<div id="nav">
<ul>
<li><span>������</span></li><li class="menu_txt"></li>
<li><a href="/sort3/1.html" title="�������">�������</a></li><li class="menu_txt"></li>
<li><a href="/sort13/1.html" title="���ħ��" >���ħ��</a></li><li class="menu_txt"></li>
<li><a href="/sort1/1.html" title="��������">��������</a></li><li class="menu_txt"></li>
<li><a href="/sort12/1.html" title="��������" >��������</a></li><li class="menu_txt"></li>
<li><a href="/sort14/1.html" title="��������" >��������</a></li><li class="menu_txt"></li>
<li><a href="/sort15/1.html" title="��������" >��������</a></li><li class="menu_txt"></li>
<li><a href="/sort9/1.html" title="δ������" >δ������</a></li><li class="menu_txt"></li>
<li><a href="/sort10/1.html" title="������" >������</a></li><li class="menu_txt"></li>
<li><a href="/sort22/1.html" title="̽�ս���" >̽�ս���</a></li><li class="menu_txt"></li>
<li><a href="/sort6/1.html" title="��ʷ����" >��ʷ����</a></li><li class="menu_txt"></li>
<li><a href="/sort7/1.html" title="���־���" >���־���</a></li><li class="menu_txt"></li>
<li><a href="/sort16/1.html" title="��������" >����</a></li><li class="menu_txt"></li>
<li><a href="/sort8/1.html" title="��������" >����</a></li><li class="menu_txt"></li>
</ul>
</div>
<div id="nav">
<ul>
<li><span>Ů����</span></li><li class="menu_txt"></li>
<li><a href="/sort2/1.html" title="ħ��Ůǿ">ħ��Ůǿ</a></li><li class="menu_txt"></li>
<li><a href="/sort4/1.html" title="���л���">���л���</a></li><li class="menu_txt"></li>
<li><a href="/sort5/1.html" title="�ٺ�֮��" >�ٺ�֮��</a></li><li class="menu_txt"></li>
<li><a href="/sort11/1.html" title="ͬ������" >ͬ������</a></li><li class="menu_txt"></li>
<li><a href="/sort17/1.html" title="��Խ�ܿ�" >��Խ�ܿ�</a></li><li class="menu_txt"></li>
<li><a href="/sort18/1.html" title="���ҹ���" >���ҹ���</a></li><li class="menu_txt"></li>
<li><a href="/sort19/1.html" title="ħ��У԰" >ħ��У԰</a></li><li class="menu_txt"></li>
<li><a href="/sort20/1.html" title="��������" >��������</a></li><li class="menu_txt"></li>
<li><a href="/sort21/1.html" title="��ְ��ս" >��ְ��ս</a></li><li class="menu_txt"></li>
<li><a href="/sort23/1.html" title="�����ս" >�����ս</a></li><li class="menu_txt"></li>
<li><a href="/sort24/1.html" title="Ψ������" >Ψ������</a></li><li class="menu_txt"></li>
<li><a href="/sort25/1.html" title="ʫ���ļ�" >ʫ���ļ�</a></li>
</ul>
</div>
<div id="ad1"><script>ad1();</script></div>
<div class="fenxiang"><script>xzfav();</script></div>
</div>
</div>
<div class="main">
<div id="centerl"><div id="content">

<div id="textbox">
<div class="path">�����ڵ�λ�ã�<a href="http://www.80ge.info">���������</a> �� <a href="/author/��˵��������/">��˵����������Ʒ��</a> �� <a href="http://www.80ge.info/txtxz/13588.html">ҹ��������TXTȫ��</a><div id="index_tip"><b>������ַ��www.80ge.info</b></div></div>
<div id="main_down">
<div id="show_container">
<div id="soft_info_para">
<h1>ҹ��������TXTȫ������</h1>
<div class="soft_info_l"><script>ad7();</script></div> 
<div class="soft_info_r">
<img src="http://img.80ge.info/13/13588/13588s.jpg" width="190px" height="255px" border="0" class="info_img"/>
<li><b>С˵���ߣ�</b><a href="/author/��˵��������/" title="��˵��������������Ʒȫ��TXT����">��˵��������</a></li>
<li><b>С˵��С��</b>22M</li>
<li><b>���յ����</b>19 ��</li>
<li><b>���ܵ����</b>19 ��</li>
<li><b>���µ����</b>2308 ��</li>
<li><b>�ܵ������</b>1065432 ��</li>
<!--<li><b>���Ƽ�����</b>2450 ��</li>-->
<li><b>д�����ȣ�</b><strong class="strong green">������</strong></li>
<li class="str-over-dot-no100"><b>����ʱ�䣺</b>2024-05-25 00:09:35</li>
<li><b>�Ƽ���Ϣ��</b><a href="http://www.80ge.info/top/lastupdate/1.html" class="strong yellow">���µ���������</a></li>
<li><b>�����½ڣ�</b>���顶��ɽ���ѷ���</li>
<li style="height:25px;"><!--<a href="http://www.80ge.info/txtml_13588.html" class="tools">�½�Ŀ¼</a>--> <a href="Javascript:void(0);" onclick="javascript:vote(13588);" rel="nofollow" class="tools">����Ƽ�</a> <a href="Javascript:void(0);" onclick="javascript:addbookcase(13588);" rel="nofollow" class="tools">�������</a> <a rel="nofollow" href="http://www.80ge.info/support/help.html" style="color:green;" class="tools">�鿴���ذ���</a>  </li>
<li><b><a href="/txtxz/13588/down.html" title="�������ҹ��������TXT����" id="read_book">TXT�����б�</a></b>
<b><a href="http://www.80ge.info/txtml_13588.html" title="�������ҹ���������½�Ŀ¼" id="read_book" >�����Ķ�_Ŀ¼</a></b></li>
</div>
</div>
<!--<div class="img"><img src="http://img.80ge.info/13/13588/13588s.jpg" width="180" height="150" border="0"/></div>-->
</div>
<div id="main_content_2013">
<div class="adrx"><script>adrx();</script></div>
<div class="ad5"><script>ad5();</script></div>
</div>
<div id="main_content_2013">
<h2><span class="boxhead col-icon1">��������</span></h2>
<div id="story">
<div id="mainSoftIntro">
<p> &nbsp; <B>���������</B>���Ϊ�����ṩ<a href="http://www.80ge.info/author/��˵��������/">��˵��������</a>������<strong><a href="http://www.80ge.info/txtxz/13588.html">ҹ��������txtȫ������</a></strong>;�������ñ�վ�ṩ��<a href="http://www.80ge.info">txt�������������</a>����,���<a href="http://www.80ge.info/txtxz/13588.html">ҹ��������txtȫ������</a>�����Ƽ���������ѣ�<br />
    �����ϵ��޺��У�Ũ�ܵĸ�������£����ݺ�����ǰ�ˣ��ǿƼ�����֮������磬Ҳ����ʵ����õķֽ硣    ���������壬��ȥ��δ��������������������粢�棬��ǰ��һ�У�����ʱ��֮ǽ������ǰ��    �ڰ������֡�����Ҫ���װ��ҵ����ѣ����ǲ���������ȥӦ�Ժڰ���Ҫ�û�<br />
����<strong><a href="http://www.80ge.info/txtxz/13588.html">ҹ��������TXT����</a></strong>,����<a href="http://www.80ge.info">txtС˵����</a>,�����ע��������顣</p>
</div>
</div>
</div>
<div id="main_content_2013">
<div class="head"><h2>ҹ��������TXTȫ����������</h2></div>
<table width="100%" border="0" cellspacing="0" cellpadding="0">
<DIV class="usercom">���棺<font color="#FF0000"><a href="http://txt.80ge.info/13588/ҹ��������.txt">ҹ��������TXTȫ������</a> ���޸����Դ����ɵĲ�����б�Ǹ���� </font></DIV>
<DIV class="time"><b><a rel="nofollow" href="http://www.80ge.info/support/help.html" style="color:green;">�鿴txt���ذ���</a></b></DIV>
<DIV class="usercom">���棺<b>ҹ�������� ��ʽ��ͨ �ֻ�TXTȫ������ !!</b></DIV>
<DIV class="time"><b><a rel="nofollow" href="http://www.80ge.info/support/help.html" style="color:green;">�鿴txt���ذ���</a></b></DIV>
<DIV class="usercom">���棺<b>ҹ�������� ��ʽ��ͨ ����TXTȫ������ !!</b></DIV>
<DIV class="usercom">���棺<b><font color="#FF6600">ҹ��������</font></b>  ������ 2013-03-20 
<a href="" target="_blank"><font color="006699">�鿴����ҹ������������....</font></a></DIV>
</table>
<form name="frmreview" method="post" action="http://www.80ge.info/modules/article/reviews.php?aid=13588" target="_blank">
<textarea name="pcontent" id="pcontent" cols="86" rows="6"></textarea>
<td><input type="submit" name="Submit" value="��������"> �ѿ�ͨ�ο�����������ˢ�����������߹ؽ��ջ��߻������㴦���</td></form>
</div>
<div id="main_content_2013">
<h2 class="xihuan"><span class="boxhead col-icon10">�����ܻ������µ��������Ȥ</span></h2>
<div class="down_link">
<li class="listimg1"><a href="http://www.80ge.info/txtxz/202930.html" target="_blank"><img src="http://img.80ge.info/202/202930/202930s.jpg" width="95" height="130" border="0" title="���ڳ�ʥħ�ŵ��˲�"></a><span></span><a href="http://www.80ge.info/txtxz/202930.html" title="���ڳ�ʥħ�ŵ��˲�TXTȫ������" target="_blank">���ڳ�ʥħ�ŵ��˲�</a></li>

<li class="listimg1"><a href="http://www.80ge.info/txtxz/138357.html" target="_blank"><img src="http://img.80ge.info/138/138357/138357s.jpg" width="95" height="130" border="0" title="ҹ�޽�"></a><span></span><a href="http://www.80ge.info/txtxz/138357.html" title="ҹ�޽�TXTȫ������" target="_blank">ҹ�޽�</a></li>

<li class="listimg1"><a href="http://www.80ge.info/txtxz/221857.html" target="_blank"><img src="http://img.80ge.info/221/221857/221857s.jpg" width="95" height="130" border="0" title="������ֻ����ƽ�ұ����޵�"></a><span></span><a href="http://www.80ge.info/txtxz/221857.html" title="������ֻ����ƽ�ұ����޵�TXTȫ������" target="_blank">������ֻ����ƽ�ұ����޵�</a></li>

<li class="listimg1"><a href="http://www.80ge.info/txtxz/221873.html" target="_blank"><img src="http://img.80ge.info/221/221873/221873s.jpg" width="95" height="130" border="0" title="��ū���֣��˼�ȭ����ʮ������"></a><span></span><a href="http://www.80ge.info/txtxz/221873.html" title="��ū���֣��˼�ȭ����ʮ������TXTȫ������" target="_blank">��ū���֣��˼�ȭ����ʮ������</a></li>

<li class="listimg1"><a href="http://www.80ge.info/txtxz/221839.html" target="_blank"><img src="http://img.80ge.info/221/221839/221839s.jpg" width="95" height="130" border="0" title="�������ɵ�ѧԺ���³�����ָ��"></a><span></span><a href="http://www.80ge.info/txtxz/221839.html" title="�������ɵ�ѧԺ���³�����ָ��TXTȫ������" target="_blank">�������ɵ�ѧԺ���³�����ָ��</a></li>

<li class="listimg1"><a href="http://www.80ge.info/txtxz/221855.html" target="_blank"><img src="http://img.80ge.info/221/221855/221855s.jpg" width="95" height="130" border="0" title="��ѧ��;"></a><span></span><a href="http://www.80ge.info/txtxz/221855.html" title="��ѧ��;TXTȫ������" target="_blank">��ѧ��;</a></li>

</div>
</div>
<div id="subBox">
<ul id="divide">
<li class="share">��<a href="#top"><b>�� �ص����� </b></a>��</li>
</ul>
<ul id="loft">
<li class="share">��<a href="javascript:history.back(-1)">�ص���ҳ</a>��</li>
</ul>
</div>
</div>
<div id="right">
<div class="rt_block itisstxt">
<script>ad8();</script>
<h2><a href="/sort1/1.html">���������Ƽ�������</a></h2>
<div class="z_Pic">
<div id="album">
<ul>
<li><a href="http://www.80ge.info/txtxz/87215.html" target="_blank" ><img src="http://img.80ge.info/87/87215/87215s.jpg" width="122" height="166" border="0" title="�׵۾�"></a><br /><a href="http://www.80ge.info/txtxz/87215.html" title="�׵۾�TXTȫ������" target="_blank">�׵۾�</a></li>

<li><a href="http://www.80ge.info/txtxz/21599.html" target="_blank" ><img src="http://img.80ge.info/21/21599/21599s.jpg" width="122" height="166" border="0" title="������"></a><br /><a href="http://www.80ge.info/txtxz/21599.html" title="������TXTȫ������" target="_blank">������</a></li>
</ul>
</div>
</div>
<div class="sarts">
<li><span>1. </span><a href="http://www.80ge.info/txtxz/103960.html" target="_blank" title="ħ����ͩTXTȫ������">ħ����ͩ</a></li><li><span>2. </span><a href="http://www.80ge.info/txtxz/47.html" target="_blank" title="У�����������TXTȫ������">У�����������</a></li><li><span>3. </span><a href="http://www.80ge.info/txtxz/426.html" target="_blank" title="���Ʋ��TXTȫ������">���Ʋ��</a></li><li><span>4. </span><a href="http://www.80ge.info/txtxz/15.html" target="_blank" title="����������TXTȫ������">����������</a></li><li><span>5. </span><a href="http://www.80ge.info/txtxz/51013.html" target="_blank" title="�����TXTȫ������">�����</a></li><li><span>6. </span><a href="http://www.80ge.info/txtxz/480.html" target="_blank" title="�����TXTȫ������">�����</a></li><li><span>7. </span><a href="http://www.80ge.info/txtxz/27384.html" target="_blank" title="��������TXTȫ������">��������</a></li><li><span>8. </span><a href="http://www.80ge.info/txtxz/2722.html" target="_blank" title="������ɮ�����TXTȫ������">������ɮ�����</a></li><li><span>9. </span><a href="http://www.80ge.info/txtxz/8470.html" target="_blank" title="�������TXTȫ������">�������</a></li><li><span>10. </span><a href="http://www.80ge.info/txtxz/72063.html" target="_blank" title="ֲ������TXTȫ������">ֲ������</a></li><li><span>11. </span><a href="http://www.80ge.info/txtxz/80458.html" target="_blank" title="���޵���TXTȫ������">���޵���</a></li><li><span>12. </span><a href="http://www.80ge.info/txtxz/13811.html" target="_blank" title="��������TXTȫ������">��������</a></li><li><span>13. </span><a href="http://www.80ge.info/txtxz/6653.html" target="_blank" title="�Ǽ���ħʦTXTȫ������">�Ǽ���ħʦ</a></li><li><span>14. </span><a href="http://www.80ge.info/txtxz/3088.html" target="_blank" title="а��ħ����УTXTȫ������">а��ħ����У</a></li><li><span>15. </span><a href="http://www.80ge.info/txtxz/75719.html" target="_blank" title="����Ψһ���TXTȫ������">����Ψһ���</a></li><li><span>16. </span><a href="http://www.80ge.info/txtxz/74288.html" target="_blank" title="ʬ�ӹ�TXTȫ������">ʬ�ӹ�</a></li></div>
</div>
<div class="rt_block itisstxt">
<script>ad9();</script>
<h2><a href="/sort1/1.html">�����������ŵ�����</a></h2>
<div class="z_Pic">
<div id="album">
<ul>
<li><a href="http://www.80ge.info/txtxz/21599.html" target="_blank" ><img src="http://img.80ge.info/21/21599/21599s.jpg" width="122" height="166" border="0" title="������"></a><br /><a href="http://www.80ge.info/txtxz/21599.html" title="������TXTȫ������" target="_blank">������</a></li>

<li><a href="http://www.80ge.info/txtxz/6203.html" target="_blank" ><img src="http://img.80ge.info/6/6203/6203s.jpg" width="122" height="166" border="0" title="���޴�½4�ռ�����"></a><br /><a href="http://www.80ge.info/txtxz/6203.html" title="���޴�½4�ռ�����TXTȫ������" target="_blank">���޴�½4�ռ�����</a></li>
</ul>
</div>
</div>
<div class="sarts">
<li><span>1. </span><a href="http://www.80ge.info/txtxz/6194.html" target="_blank" title="����TXTȫ������">����</a></li><li><span>2. </span><a href="http://www.80ge.info/txtxz/426.html" target="_blank" title="���Ʋ��TXTȫ������">���Ʋ��</a></li><li><span>3. </span><a href="http://www.80ge.info/txtxz/47.html" target="_blank" title="У�����������TXTȫ������">У�����������</a></li><li><span>4. </span><a href="http://www.80ge.info/txtxz/551.html" target="_blank" title="���޴�½TXTȫ������">���޴�½</a></li><li><span>5. </span><a href="http://www.80ge.info/txtxz/14624.html" target="_blank" title="����֮��TXTȫ������">����֮��</a></li><li><span>6. </span><a href="http://www.80ge.info/txtxz/676.html" target="_blank" title="������TXTȫ������">������</a></li><li><span>7. </span><a href="http://www.80ge.info/txtxz/71215.html" target="_blank" title="�����TXTȫ������">�����</a></li><li><span>8. </span><a href="http://www.80ge.info/txtxz/71736.html" target="_blank" title="��������TXTȫ������">��������</a></li><li><span>9. </span><a href="http://www.80ge.info/txtxz/27384.html" target="_blank" title="��������TXTȫ������">��������</a></li><li><span>10. </span><a href="http://www.80ge.info/txtxz/10601.html" target="_blank" title="��������TXTȫ������">��������</a></li><li><span>11. </span><a href="http://www.80ge.info/txtxz/76658.html" target="_blank" title="�ռ�С��ҽTXTȫ������">�ռ�С��ҽ</a></li><li><span>12. </span><a href="http://www.80ge.info/txtxz/21419.html" target="_blank" title="ȫ�����TXTȫ������">ȫ�����</a></li><li><span>13. </span><a href="http://www.80ge.info/txtxz/87833.html" target="_blank" title="�������TXTȫ������">�������</a></li><li><span>14. </span><a href="http://www.80ge.info/txtxz/85190.html" target="_blank" title="���м�Ʒҽ��TXTȫ������">���м�Ʒҽ��</a></li><li><span>15. </span><a href="http://www.80ge.info/txtxz/48647.html" target="_blank" title="��ҹ����TXTȫ������">��ҹ����</a></li><li><span>16. </span><a href="http://www.80ge.info/txtxz/13588.html" target="_blank" title="ҹ��������TXTȫ������">ҹ��������</a></li></div>
</div>
<div id="focus">
<div class="ad6"><script>ad6();</script></div>
</div>
</div>
</div>
<div id="footer">
<div id="f_link">
<a href="/support/about.html" title="��������" target="_blank">��������</a>-<a href="/support/help.html" title="txtС˵���ذ���" target="_blank">��վ����</a>-<a href="/support/advertise.html" title="������" target="_blank">������</a>-<a href="/support/declare.html" title="��Ȩ����,��Ȩ�ٱ�" target="_blank">��Ȩ����(�ٱ�)</a>-<a href="/support/sitemap.html" title="��վ��ͼ" target="_blank">��վ��ͼ</a>
</div>
<div class="copyright">
<b>���������</b>����txtС˵�����������Լ�������Ȩ��������Ʒ������������߱��˵Ĺ۵㣬�뱾վ�����޹ء��Ķ����緢����Ʒ����ȷ���뷨�ɵִ�֮��������վ�ٱ���<br>
���������Ķ�����ɫ���磬���������緢����Ȩ���Ƿ���ɫ����С˵,<span style="background-color:#ffff00 "><a href="/newmessage.php?tosys=1&title=[��Ȩ/��ɫ]�ٱ�&content=������Ȩ��Ƿ����ݵ�С˵��д������,���ĺ����ǻ�ɾ�����飺 " target="_blank">��˾ٱ�</a></span> �����ʼ���:<span style="background-color:#ffff00 ">admin@80ge.info </span> ɾ������</b></span></font>(���鷢���ʼ�:����Ϊ��[��Ȩ/��ɫ]�ٱ���)<br/>
�����������רҵ�ṩ����,����,����,��ʷ,����,�ƻ�,�ֲ�,��ѧ,����,����,��־,����,����,����,���������ȫ��С˵������ص���վ�� <script>tongji();</script><br/>
<a href="http://www.80ge.info" title="���������"><b>���������</b></a> ����������<a href="http://www.80ge.info" title="���������">www.80ge.info</a> ��վ�����ţ���ICP��13055675��-6 
 վ�����䣺admin@80ge.info</div>
</div>
</div>
<script>recordedclick(13588);</script>
</body>
</html>
21:11:44.806 [OkHttp http://www.80ge.info/...] DEBUG io.legado.app.model.DebugLog - <-- END HTTP (21065-byte, 5563-gzipped-byte body)
21:11:44.807 [main @coroutine#8] INFO io.legado.app.model.DebugLog - sourceUrl: http://www.80ge.info, msg: �Ի�ȡ�ɹ�:http://www.80ge.info/txtxz/13588.html
21:11:44.807 [main @coroutine#8] INFO io.legado.app.model.DebugLog - sourceUrl: http://www.80ge.info, msg: ����ȡ����
21:11:44.810 [main @coroutine#8] INFO io.legado.app.model.DebugLog - sourceUrl: http://www.80ge.info, msg: ��ҹ��������
21:11:44.810 [main @coroutine#8] INFO io.legado.app.model.DebugLog - sourceUrl: http://www.80ge.info, msg: ����ȡ����
21:11:44.810 [main @coroutine#8] INFO io.legado.app.model.DebugLog - sourceUrl: http://www.80ge.info, msg: ��
21:11:44.810 [main @coroutine#8] INFO io.legado.app.model.DebugLog - sourceUrl: http://www.80ge.info, msg: ����ȡ����
21:11:44.810 [main @coroutine#8] INFO io.legado.app.model.DebugLog - sourceUrl: http://www.80ge.info, msg: ��null
21:11:44.810 [main @coroutine#8] INFO io.legado.app.model.DebugLog - sourceUrl: http://www.80ge.info, msg: ����ȡ����
21:11:44.810 [main @coroutine#8] INFO io.legado.app.model.DebugLog - sourceUrl: http://www.80ge.info, msg: ��null
21:11:44.810 [main @coroutine#8] INFO io.legado.app.model.DebugLog - sourceUrl: http://www.80ge.info, msg: ����ȡ�����½�
21:11:44.810 [main @coroutine#8] INFO io.legado.app.model.DebugLog - sourceUrl: http://www.80ge.info, msg: ��null
21:11:44.810 [main @coroutine#8] INFO io.legado.app.model.DebugLog - sourceUrl: http://www.80ge.info, msg: ����ȡ���
21:11:44.815 [main @coroutine#8] INFO io.legado.app.model.DebugLog - sourceUrl: http://www.80ge.info, msg: ���������������ϵ��޺��У�Ũ�ܵĸ�������£����ݺ�����ǰ�ˣ��ǿƼ�����֮������磬Ҳ����ʵ����õķֽ硣
�������������壬��ȥ��δ����
��������������������粢�棬��ǰ��һ�У�����ʱ��֮ǽ������ǰ��
�����ڰ������֡�
��������Ҫ���װ��ҵ����ѣ����ǲ���������ȥӦ�Ժڰ���Ҫ�û�
����
21:11:44.815 [main @coroutine#8] INFO io.legado.app.model.DebugLog - sourceUrl: http://www.80ge.info, msg: ����ȡ��������
21:11:44.815 [main @coroutine#8] INFO io.legado.app.model.DebugLog - sourceUrl: http://www.80ge.info, msg: ��null
21:11:44.815 [main @coroutine#8] INFO io.legado.app.model.DebugLog - sourceUrl: http://www.80ge.info, msg: ����ȡĿ¼����
21:11:44.815 [main @coroutine#8] INFO io.legado.app.model.DebugLog - sourceUrl: http://www.80ge.info, msg: ��http://www.80ge.info/txtxz/13588.html
21:11:44.816 [main] INFO cn.kong.app.model.NovelSourceTest -   ����: ҹ�������� | ����: 
21:11:44.816 [main] INFO cn.kong.app.model.NovelSourceTest -   ���: �������������ϵ��޺��У�Ũ�ܵĸ�������£����ݺ�����ǰ�ˣ��ǿƼ�����֮������磬Ҳ����ʵ����õķֽ硣
�������������壬��ȥ��δ����
��������������������粢�棬��ǰ��һ�У�����ʱ��֮ǽ������ǰ��
...
21:11:44.816 [main] INFO cn.kong.app.model.NovelSourceTest -   --- Step 3: ��ȡĿ¼ ---
21:11:44.816 [OkHttp http://www.80ge.info/...] DEBUG io.legado.app.model.DebugLog - --> GET http://www.80ge.info/txtxz/13588.html http/1.1
21:11:44.816 [OkHttp http://www.80ge.info/...] DEBUG io.legado.app.model.DebugLog - User-Agent: Mozilla/5.0 (Windows NT 10.0; Win64; x64) AppleWebKit/537.36 (KHTML, like Gecko) Chrome/75.0.3770.142 Safari/537.36
21:11:44.816 [OkHttp http://www.80ge.info/...] DEBUG io.legado.app.model.DebugLog - Keep-Alive: 300
21:11:44.816 [OkHttp http://www.80ge.info/...] DEBUG io.legado.app.model.DebugLog - Connection: Keep-Alive
21:11:44.816 [OkHttp http://www.80ge.info/...] DEBUG io.legado.app.model.DebugLog - Cache-Control: no-cache
21:11:44.816 [OkHttp http://www.80ge.info/...] DEBUG io.legado.app.model.DebugLog - Host: www.80ge.info
21:11:44.816 [OkHttp http://www.80ge.info/...] DEBUG io.legado.app.model.DebugLog - Accept-Encoding: gzip
21:11:44.816 [OkHttp http://www.80ge.info/...] DEBUG io.legado.app.model.DebugLog - --> END GET
21:11:44.985 [OkHttp http://www.80ge.info/...] DEBUG io.legado.app.model.DebugLog - <-- 200 OK http://www.80ge.info/txtxz/13588.html (168ms)
21:11:44.985 [OkHttp http://www.80ge.info/...] DEBUG io.legado.app.model.DebugLog - Server: nginx
21:11:44.985 [OkHttp http://www.80ge.info/...] DEBUG io.legado.app.model.DebugLog - Date: Fri, 14 Aug 2026 13:11:44 GMT
21:11:44.985 [OkHttp http://www.80ge.info/...] DEBUG io.legado.app.model.DebugLog - Content-Type: text/html
21:11:44.985 [OkHttp http://www.80ge.info/...] DEBUG io.legado.app.model.DebugLog - Transfer-Encoding: chunked
21:11:44.985 [OkHttp http://www.80ge.info/...] DEBUG io.legado.app.model.DebugLog - Connection: keep-alive
21:11:44.985 [OkHttp http://www.80ge.info/...] DEBUG io.legado.app.model.DebugLog - Cache-Control: max-age=60
21:11:44.985 [OkHttp http://www.80ge.info/...] DEBUG io.legado.app.model.DebugLog - Content-Encoding: gzip
21:11:44.985 [OkHttp http://www.80ge.info/...] DEBUG io.legado.app.model.DebugLog - X-Cache-Status: HIT
21:11:45.545 [OkHttp http://www.80ge.info/...] DEBUG io.legado.app.model.DebugLog - 
21:11:45.545 [OkHttp http://www.80ge.info/...] DEBUG io.legado.app.model.DebugLog - <!DOCTYPE html PUBLIC "-//W3C//DTD XHTML 1.0 Transitional//EN" "http://www.w3.org/TR/xhtml1/DTD/xhtml1-transitional.dtd"><html xmlns="http://www.w3.org/1999/xhtml"><head><meta http-equiv="Content-Type" content="text/html; charset=utf-8" /><meta name="renderer" content="webkit" /><title>ҹ��������TXT����,ҹ��������ȫ��,ȫ��,���,ȫ��������С˵TXT�������������_���������</title><meta name="keywords" content="ҹ��������txtȫ������,ҹ��������txt����,ҹ��������ȫ��,���,ȫ��,ȫ��������С˵,ҹ��������txt�������������,���������" /><meta name="description" content="����������ṩҹ��������txtȫ������,�Լ�ҹ��������txt���غ�ҹ��������ȫ��������txt�����Լ�����С˵����ͼ�����ء�����ҹ��������txtȫ������,��һ��Ҫ�����������������ҹ��������txtŶ��ҹ��������txtȫ��ȫ�����أ�&nbsp;&nbsp;&nbsp;&nbsp;�����ϵ��޺��У�Ũ�ܵĸ�������£����ݺ�����ǰ�ˣ��ǿƼ�����֮������磬Ҳ����ʵ����õķֽ硣&lt;br/&gt;&lt;br/&gt;&nbsp;&nbsp;&nbsp;&nbsp;���������壬��ȥ��δ��������������������粢�棬��ǰ��һ�У�����ʱ��֮ǽ������ǰ��&lt;br/&gt;&lt;br/&gt;&nbsp;&nbsp;&nbsp;&nbsp;�ڰ������֡�����Ҫ���װ��ҵ����ѣ����ǲ���������ȥӦ�Ժڰ���Ҫ�û�" /><link type="text/css" rel="stylesheet" href="/skin/style.css" /><script type="text/javascript" src="/skin/com.js"></script>
<script src="/3VoXzBkr/n5CFlgZnRx.js"></script><script type="text/javascript" src="/skin/btn.js"></script></head><body>
<div id="container">
<div class="topnave">
<div class="pad_width">
<script>login();shoucang();</script>
</div>
</div>
<div id="head">
<div class="head_frame">
<div id="logo"><a href="http://www.80ge.info"><img src="http://img.80ge.info/skin/image/logo.gif" alt="���������" /></a></div>
<div id="banner"><script>banner();</script></div>
<div id="head_search">
<div id="search">
<label class="reg"><a href="http://www.80ge.info/top/lastupdate/1.html" target="_blank">������µ�С˵</a></label>
<label class="login"><a href="http://www.80ge.info/top/toptime/1.html" target="_blank">�༭�Ƽ���С˵</a></label>
<script>search_tag();</script>
</div>
</div>
</div>
<div id="menu">
<div id="nav">
<ul>
<li><span>������</span></li><li class="menu_txt"></li>
<li><a href="/sort3/1.html" title="�������">�������</a></li><li class="menu_txt"></li>
<li><a href="/sort13/1.html" title="���ħ��" >���ħ��</a></li><li class="menu_txt"></li>
<li><a href="/sort1/1.html" title="��������">��������</a></li><li class="menu_txt"></li>
<li><a href="/sort12/1.html" title="��������" >��������</a></li><li class="menu_txt"></li>
<li><a href="/sort14/1.html" title="��������" >��������</a></li><li class="menu_txt"></li>
<li><a href="/sort15/1.html" title="��������" >��������</a></li><li class="menu_txt"></li>
<li><a href="/sort9/1.html" title="δ������" >δ������</a></li><li class="menu_txt"></li>
<li><a href="/sort10/1.html" title="������" >������</a></li><li class="menu_txt"></li>
<li><a href="/sort22/1.html" title="̽�ս���" >̽�ս���</a></li><li class="menu_txt"></li>
<li><a href="/sort6/1.html" title="��ʷ����" >��ʷ����</a></li><li class="menu_txt"></li>
<li><a href="/sort7/1.html" title="���־���" >���־���</a></li><li class="menu_txt"></li>
<li><a href="/sort16/1.html" title="��������" >����</a></li><li class="menu_txt"></li>
<li><a href="/sort8/1.html" title="��������" >����</a></li><li class="menu_txt"></li>
</ul>
</div>
<div id="nav">
<ul>
<li><span>Ů����</span></li><li class="menu_txt"></li>
<li><a href="/sort2/1.html" title="ħ��Ůǿ">ħ��Ůǿ</a></li><li class="menu_txt"></li>
<li><a href="/sort4/1.html" title="���л���">���л���</a></li><li class="menu_txt"></li>
<li><a href="/sort5/1.html" title="�ٺ�֮��" >�ٺ�֮��</a></li><li class="menu_txt"></li>
<li><a href="/sort11/1.html" title="ͬ������" >ͬ������</a></li><li class="menu_txt"></li>
<li><a href="/sort17/1.html" title="��Խ�ܿ�" >��Խ�ܿ�</a></li><li class="menu_txt"></li>
<li><a href="/sort18/1.html" title="���ҹ���" >���ҹ���</a></li><li class="menu_txt"></li>
<li><a href="/sort19/1.html" title="ħ��У԰" >ħ��У԰</a></li><li class="menu_txt"></li>
<li><a href="/sort20/1.html" title="��������" >��������</a></li><li class="menu_txt"></li>
<li><a href="/sort21/1.html" title="��ְ��ս" >��ְ��ս</a></li><li class="menu_txt"></li>
<li><a href="/sort23/1.html" title="�����ս" >�����ս</a></li><li class="menu_txt"></li>
<li><a href="/sort24/1.html" title="Ψ������" >Ψ������</a></li><li class="menu_txt"></li>
<li><a href="/sort25/1.html" title="ʫ���ļ�" >ʫ���ļ�</a></li>
</ul>
</div>
<div id="ad1"><script>ad1();</script></div>
<div class="fenxiang"><script>xzfav();</script></div>
</div>
</div>
<div class="main">
<div id="centerl"><div id="content">

<div id="textbox">
<div class="path">�����ڵ�λ�ã�<a href="http://www.80ge.info">���������</a> �� <a href="/author/��˵��������/">��˵����������Ʒ��</a> �� <a href="http://www.80ge.info/txtxz/13588.html">ҹ��������TXTȫ��</a><div id="index_tip"><b>������ַ��www.80ge.info</b></div></div>
<div id="main_down">
<div id="show_container">
<div id="soft_info_para">
<h1>ҹ��������TXTȫ������</h1>
<div class="soft_info_l"><script>ad7();</script></div> 
<div class="soft_info_r">
<img src="http://img.80ge.info/13/13588/13588s.jpg" width="190px" height="255px" border="0" class="info_img"/>
<li><b>С˵���ߣ�</b><a href="/author/��˵��������/" title="��˵��������������Ʒȫ��TXT����">��˵��������</a></li>
<li><b>С˵��С��</b>22M</li>
<li><b>���յ����</b>19 ��</li>
<li><b>���ܵ����</b>19 ��</li>
<li><b>���µ����</b>2308 ��</li>
<li><b>�ܵ������</b>1065432 ��</li>
<!--<li><b>���Ƽ�����</b>2450 ��</li>-->
<li><b>д�����ȣ�</b><strong class="strong green">������</strong></li>
<li class="str-over-dot-no100"><b>����ʱ�䣺</b>2024-05-25 00:09:35</li>
<li><b>�Ƽ���Ϣ��</b><a href="http://www.80ge.info/top/lastupdate/1.html" class="strong yellow">���µ���������</a></li>
<li><b>�����½ڣ�</b>���顶��ɽ���ѷ���</li>
<li style="height:25px;"><!--<a href="http://www.80ge.info/txtml_13588.html" class="tools">�½�Ŀ¼</a>--> <a href="Javascript:void(0);" onclick="javascript:vote(13588);" rel="nofollow" class="tools">����Ƽ�</a> <a href="Javascript:void(0);" onclick="javascript:addbookcase(13588);" rel="nofollow" class="tools">�������</a> <a rel="nofollow" href="http://www.80ge.info/support/help.html" style="color:green;" class="tools">�鿴���ذ���</a>  </li>
<li><b><a href="/txtxz/13588/down.html" title="�������ҹ��������TXT����" id="read_book">TXT�����б�</a></b>
<b><a href="http://www.80ge.info/txtml_13588.html" title="�������ҹ���������½�Ŀ¼" id="read_book" >�����Ķ�_Ŀ¼</a></b></li>
</div>
</div>
<!--<div class="img"><img src="http://img.80ge.info/13/13588/13588s.jpg" width="180" height="150" border="0"/></div>-->
</div>
<div id="main_content_2013">
<div class="adrx"><script>adrx();</script></div>
<div class="ad5"><script>ad5();</script></div>
</div>
<div id="main_content_2013">
<h2><span class="boxhead col-icon1">��������</span></h2>
<div id="story">
<div id="mainSoftIntro">
<p> &nbsp; <B>���������</B>���Ϊ�����ṩ<a href="http://www.80ge.info/author/��˵��������/">��˵��������</a>������<strong><a href="http://www.80ge.info/txtxz/13588.html">ҹ��������txtȫ������</a></strong>;�������ñ�վ�ṩ��<a href="http://www.80ge.info">txt�������������</a>����,���<a href="http://www.80ge.info/txtxz/13588.html">ҹ��������txtȫ������</a>�����Ƽ���������ѣ�<br />
    �����ϵ��޺��У�Ũ�ܵĸ�������£����ݺ�����ǰ�ˣ��ǿƼ�����֮������磬Ҳ����ʵ����õķֽ硣    ���������壬��ȥ��δ��������������������粢�棬��ǰ��һ�У�����ʱ��֮ǽ������ǰ��    �ڰ������֡�����Ҫ���װ��ҵ����ѣ����ǲ���������ȥӦ�Ժڰ���Ҫ�û�<br />
����<strong><a href="http://www.80ge.info/txtxz/13588.html">ҹ��������TXT����</a></strong>,����<a href="http://www.80ge.info">txtС˵����</a>,�����ע��������顣</p>
</div>
</div>
</div>
<div id="main_content_2013">
<div class="head"><h2>ҹ��������TXTȫ����������</h2></div>
<table width="100%" border="0" cellspacing="0" cellpadding="0">
<DIV class="usercom">���棺<font color="#FF0000"><a href="http://txt.80ge.info/13588/ҹ��������.txt">ҹ��������TXTȫ������</a> ���޸����Դ����ɵĲ�����б�Ǹ���� </font></DIV>
<DIV class="time"><b><a rel="nofollow" href="http://www.80ge.info/support/help.html" style="color:green;">�鿴txt���ذ���</a></b></DIV>
<DIV class="usercom">���棺<b>ҹ�������� ��ʽ��ͨ �ֻ�TXTȫ������ !!</b></DIV>
<DIV class="time"><b><a rel="nofollow" href="http://www.80ge.info/support/help.html" style="color:green;">�鿴txt���ذ���</a></b></DIV>
<DIV class="usercom">���棺<b>ҹ�������� ��ʽ��ͨ ����TXTȫ������ !!</b></DIV>
<DIV class="usercom">���棺<b><font color="#FF6600">ҹ��������</font></b>  ������ 2013-03-20 
<a href="" target="_blank"><font color="006699">�鿴����ҹ������������....</font></a></DIV>
</table>
<form name="frmreview" method="post" action="http://www.80ge.info/modules/article/reviews.php?aid=13588" target="_blank">
<textarea name="pcontent" id="pcontent" cols="86" rows="6"></textarea>
<td><input type="submit" name="Submit" value="��������"> �ѿ�ͨ�ο�����������ˢ�����������߹ؽ��ջ��߻������㴦���</td></form>
</div>
<div id="main_content_2013">
<h2 class="xihuan"><span class="boxhead col-icon10">�����ܻ������µ��������Ȥ</span></h2>
<div class="down_link">
<li class="listimg1"><a href="http://www.80ge.info/txtxz/202930.html" target="_blank"><img src="http://img.80ge.info/202/202930/202930s.jpg" width="95" height="130" border="0" title="���ڳ�ʥħ�ŵ��˲�"></a><span></span><a href="http://www.80ge.info/txtxz/202930.html" title="���ڳ�ʥħ�ŵ��˲�TXTȫ������" target="_blank">���ڳ�ʥħ�ŵ��˲�</a></li>

<li class="listimg1"><a href="http://www.80ge.info/txtxz/138357.html" target="_blank"><img src="http://img.80ge.info/138/138357/138357s.jpg" width="95" height="130" border="0" title="ҹ�޽�"></a><span></span><a href="http://www.80ge.info/txtxz/138357.html" title="ҹ�޽�TXTȫ������" target="_blank">ҹ�޽�</a></li>

<li class="listimg1"><a href="http://www.80ge.info/txtxz/221857.html" target="_blank"><img src="http://img.80ge.info/221/221857/221857s.jpg" width="95" height="130" border="0" title="������ֻ����ƽ�ұ����޵�"></a><span></span><a href="http://www.80ge.info/txtxz/221857.html" title="������ֻ����ƽ�ұ����޵�TXTȫ������" target="_blank">������ֻ����ƽ�ұ����޵�</a></li>

<li class="listimg1"><a href="http://www.80ge.info/txtxz/221873.html" target="_blank"><img src="http://img.80ge.info/221/221873/221873s.jpg" width="95" height="130" border="0" title="��ū���֣��˼�ȭ����ʮ������"></a><span></span><a href="http://www.80ge.info/txtxz/221873.html" title="��ū���֣��˼�ȭ����ʮ������TXTȫ������" target="_blank">��ū���֣��˼�ȭ����ʮ������</a></li>

<li class="listimg1"><a href="http://www.80ge.info/txtxz/221839.html" target="_blank"><img src="http://img.80ge.info/221/221839/221839s.jpg" width="95" height="130" border="0" title="�������ɵ�ѧԺ���³�����ָ��"></a><span></span><a href="http://www.80ge.info/txtxz/221839.html" title="�������ɵ�ѧԺ���³�����ָ��TXTȫ������" target="_blank">�������ɵ�ѧԺ���³�����ָ��</a></li>

<li class="listimg1"><a href="http://www.80ge.info/txtxz/221855.html" target="_blank"><img src="http://img.80ge.info/221/221855/221855s.jpg" width="95" height="130" border="0" title="��ѧ��;"></a><span></span><a href="http://www.80ge.info/txtxz/221855.html" title="��ѧ��;TXTȫ������" target="_blank">��ѧ��;</a></li>

</div>
</div>
<div id="subBox">
<ul id="divide">
<li class="share">��<a href="#top"><b>�� �ص����� </b></a>��</li>
</ul>
<ul id="loft">
<li class="share">��<a href="javascript:history.back(-1)">�ص���ҳ</a>��</li>
</ul>
</div>
</div>
<div id="right">
<div class="rt_block itisstxt">
<script>ad8();</script>
<h2><a href="/sort1/1.html">���������Ƽ�������</a></h2>
<div class="z_Pic">
<div id="album">
<ul>
<li><a href="http://www.80ge.info/txtxz/87215.html" target="_blank" ><img src="http://img.80ge.info/87/87215/87215s.jpg" width="122" height="166" border="0" title="�׵۾�"></a><br /><a href="http://www.80ge.info/txtxz/87215.html" title="�׵۾�TXTȫ������" target="_blank">�׵۾�</a></li>

<li><a href="http://www.80ge.info/txtxz/21599.html" target="_blank" ><img src="http://img.80ge.info/21/21599/21599s.jpg" width="122" height="166" border="0" title="������"></a><br /><a href="http://www.80ge.info/txtxz/21599.html" title="������TXTȫ������" target="_blank">������</a></li>
</ul>
</div>
</div>
<div class="sarts">
<li><span>1. </span><a href="http://www.80ge.info/txtxz/103960.html" target="_blank" title="ħ����ͩTXTȫ������">ħ����ͩ</a></li><li><span>2. </span><a href="http://www.80ge.info/txtxz/47.html" target="_blank" title="У�����������TXTȫ������">У�����������</a></li><li><span>3. </span><a href="http://www.80ge.info/txtxz/426.html" target="_blank" title="���Ʋ��TXTȫ������">���Ʋ��</a></li><li><span>4. </span><a href="http://www.80ge.info/txtxz/15.html" target="_blank" title="����������TXTȫ������">����������</a></li><li><span>5. </span><a href="http://www.80ge.info/txtxz/51013.html" target="_blank" title="�����TXTȫ������">�����</a></li><li><span>6. </span><a href="http://www.80ge.info/txtxz/480.html" target="_blank" title="�����TXTȫ������">�����</a></li><li><span>7. </span><a href="http://www.80ge.info/txtxz/27384.html" target="_blank" title="��������TXTȫ������">��������</a></li><li><span>8. </span><a href="http://www.80ge.info/txtxz/2722.html" target="_blank" title="������ɮ�����TXTȫ������">������ɮ�����</a></li><li><span>9. </span><a href="http://www.80ge.info/txtxz/8470.html" target="_blank" title="�������TXTȫ������">�������</a></li><li><span>10. </span><a href="http://www.80ge.info/txtxz/72063.html" target="_blank" title="ֲ������TXTȫ������">ֲ������</a></li><li><span>11. </span><a href="http://www.80ge.info/txtxz/80458.html" target="_blank" title="���޵���TXTȫ������">���޵���</a></li><li><span>12. </span><a href="http://www.80ge.info/txtxz/13811.html" target="_blank" title="��������TXTȫ������">��������</a></li><li><span>13. </span><a href="http://www.80ge.info/txtxz/6653.html" target="_blank" title="�Ǽ���ħʦTXTȫ������">�Ǽ���ħʦ</a></li><li><span>14. </span><a href="http://www.80ge.info/txtxz/3088.html" target="_blank" title="а��ħ����УTXTȫ������">а��ħ����У</a></li><li><span>15. </span><a href="http://www.80ge.info/txtxz/75719.html" target="_blank" title="����Ψһ���TXTȫ������">����Ψһ���</a></li><li><span>16. </span><a href="http://www.80ge.info/txtxz/74288.html" target="_blank" title="ʬ�ӹ�TXTȫ������">ʬ�ӹ�</a></li></div>
</div>
<div class="rt_block itisstxt">
<script>ad9();</script>
<h2><a href="/sort1/1.html">�����������ŵ�����</a></h2>
<div class="z_Pic">
<div id="album">
<ul>
<li><a href="http://www.80ge.info/txtxz/21599.html" target="_blank" ><img src="http://img.80ge.info/21/21599/21599s.jpg" width="122" height="166" border="0" title="������"></a><br /><a href="http://www.80ge.info/txtxz/21599.html" title="������TXTȫ������" target="_blank">������</a></li>

<li><a href="http://www.80ge.info/txtxz/6203.html" target="_blank" ><img src="http://img.80ge.info/6/6203/6203s.jpg" width="122" height="166" border="0" title="���޴�½4�ռ�����"></a><br /><a href="http://www.80ge.info/txtxz/6203.html" title="���޴�½4�ռ�����TXTȫ������" target="_blank">���޴�½4�ռ�����</a></li>
</ul>
</div>
</div>
<div class="sarts">
<li><span>1. </span><a href="http://www.80ge.info/txtxz/6194.html" target="_blank" title="����TXTȫ������">����</a></li><li><span>2. </span><a href="http://www.80ge.info/txtxz/426.html" target="_blank" title="���Ʋ��TXTȫ������">���Ʋ��</a></li><li><span>3. </span><a href="http://www.80ge.info/txtxz/47.html" target="_blank" title="У�����������TXTȫ������">У�����������</a></li><li><span>4. </span><a href="http://www.80ge.info/txtxz/551.html" target="_blank" title="���޴�½TXTȫ������">���޴�½</a></li><li><span>5. </span><a href="http://www.80ge.info/txtxz/14624.html" target="_blank" title="����֮��TXTȫ������">����֮��</a></li><li><span>6. </span><a href="http://www.80ge.info/txtxz/676.html" target="_blank" title="������TXTȫ������">������</a></li><li><span>7. </span><a href="http://www.80ge.info/txtxz/71215.html" target="_blank" title="�����TXTȫ������">�����</a></li><li><span>8. </span><a href="http://www.80ge.info/txtxz/71736.html" target="_blank" title="��������TXTȫ������">��������</a></li><li><span>9. </span><a href="http://www.80ge.info/txtxz/27384.html" target="_blank" title="��������TXTȫ������">��������</a></li><li><span>10. </span><a href="http://www.80ge.info/txtxz/10601.html" target="_blank" title="��������TXTȫ������">��������</a></li><li><span>11. </span><a href="http://www.80ge.info/txtxz/76658.html" target="_blank" title="�ռ�С��ҽTXTȫ������">�ռ�С��ҽ</a></li><li><span>12. </span><a href="http://www.80ge.info/txtxz/21419.html" target="_blank" title="ȫ�����TXTȫ������">ȫ�����</a></li><li><span>13. </span><a href="http://www.80ge.info/txtxz/87833.html" target="_blank" title="�������TXTȫ������">�������</a></li><li><span>14. </span><a href="http://www.80ge.info/txtxz/85190.html" target="_blank" title="���м�Ʒҽ��TXTȫ������">���м�Ʒҽ��</a></li><li><span>15. </span><a href="http://www.80ge.info/txtxz/48647.html" target="_blank" title="��ҹ����TXTȫ������">��ҹ����</a></li><li><span>16. </span><a href="http://www.80ge.info/txtxz/13588.html" target="_blank" title="ҹ��������TXTȫ������">ҹ��������</a></li></div>
</div>
<div id="focus">
<div class="ad6"><script>ad6();</script></div>
</div>
</div>
</div>
<div id="footer">
<div id="f_link">
<a href="/support/about.html" title="��������" target="_blank">��������</a>-<a href="/support/help.html" title="txtС˵���ذ���" target="_blank">��վ����</a>-<a href="/support/advertise.html" title="������" target="_blank">������</a>-<a href="/support/declare.html" title="��Ȩ����,��Ȩ�ٱ�" target="_blank">��Ȩ����(�ٱ�)</a>-<a href="/support/sitemap.html" title="��վ��ͼ" target="_blank">��վ��ͼ</a>
</div>
<div class="copyright">
<b>���������</b>����txtС˵�����������Լ�������Ȩ��������Ʒ������������߱��˵Ĺ۵㣬�뱾վ�����޹ء��Ķ����緢����Ʒ����ȷ���뷨�ɵִ�֮��������վ�ٱ���<br>
���������Ķ�����ɫ���磬���������緢����Ȩ���Ƿ���ɫ����С˵,<span style="background-color:#ffff00 "><a href="/newmessage.php?tosys=1&title=[��Ȩ/��ɫ]�ٱ�&content=������Ȩ��Ƿ����ݵ�С˵��д������,���ĺ����ǻ�ɾ�����飺 " target="_blank">��˾ٱ�</a></span> �����ʼ���:<span style="background-color:#ffff00 ">admin@80ge.info </span> ɾ������</b></span></font>(���鷢���ʼ�:����Ϊ��[��Ȩ/��ɫ]�ٱ���)<br/>
�����������רҵ�ṩ����,����,����,��ʷ,����,�ƻ�,�ֲ�,��ѧ,����,����,��־,����,����,����,���������ȫ��С˵������ص���վ�� <script>tongji();</script><br/>
<a href="http://www.80ge.info" title="���������"><b>���������</b></a> ����������<a href="http://www.80ge.info" title="���������">www.80ge.info</a> ��վ�����ţ���ICP��13055675��-6 
 վ�����䣺admin@80ge.info</div>
</div>
</div>
<script>recordedclick(13588);</script>
</body>
</html>
21:11:45.546 [OkHttp http://www.80ge.info/...] DEBUG io.legado.app.model.DebugLog - <-- END HTTP (21065-byte, 5563-gzipped-byte body)
21:11:45.546 [main @coroutine#9] INFO io.legado.app.model.DebugLog - sourceUrl: http://www.80ge.info, msg: �Ի�ȡ�ɹ�:http://www.80ge.info/txtxz/13588.html
21:11:45.547 [main @coroutine#9] INFO io.legado.app.model.DebugLog - sourceUrl: http://www.80ge.info, msg: ����ȡĿ¼�б�
21:11:45.548 [main @coroutine#9] INFO io.legado.app.model.DebugLog - sourceUrl: http://www.80ge.info, msg: ���б��С:0
21:11:45.549 [main] ERROR cn.kong.app.model.NovelSourceTest -   �ؼ��� [ҹ��������] ���������쳣: Ŀ¼Ϊ��
io.legado.app.exception.TocEmptyException: Ŀ¼Ϊ��
21:11:45.549 [main] INFO cn.kong.app.model.NovelSourceTest - 
  -------- �ؼ��� [��ʬ��] --------
21:11:45.549 [main] INFO cn.kong.app.model.NovelSourceTest -   --- Step 1: ���� [��ʬ��] ---
21:11:45.551 [OkHttp http://www.80ge.info/...] DEBUG io.legado.app.model.DebugLog - --> POST http://www.80ge.info/modules/article/search.php http/1.1
21:11:45.551 [OkHttp http://www.80ge.info/...] DEBUG io.legado.app.model.DebugLog - User-Agent: Mozilla/5.0 (Windows NT 10.0; Win64; x64) AppleWebKit/537.36 (KHTML, like Gecko) Chrome/75.0.3770.142 Safari/537.36
21:11:45.551 [OkHttp http://www.80ge.info/...] DEBUG io.legado.app.model.DebugLog - Keep-Alive: 300
21:11:45.551 [OkHttp http://www.80ge.info/...] DEBUG io.legado.app.model.DebugLog - Connection: Keep-Alive
21:11:45.551 [OkHttp http://www.80ge.info/...] DEBUG io.legado.app.model.DebugLog - Cache-Control: no-cache
21:11:45.551 [OkHttp http://www.80ge.info/...] DEBUG io.legado.app.model.DebugLog - Content-Type: application/x-www-form-urlencoded
21:11:45.551 [OkHttp http://www.80ge.info/...] DEBUG io.legado.app.model.DebugLog - Content-Length: 60
21:11:45.551 [OkHttp http://www.80ge.info/...] DEBUG io.legado.app.model.DebugLog - Host: www.80ge.info
21:11:45.551 [OkHttp http://www.80ge.info/...] DEBUG io.legado.app.model.DebugLog - Accept-Encoding: gzip
21:11:45.551 [OkHttp http://www.80ge.info/...] DEBUG io.legado.app.model.DebugLog - 
21:11:45.551 [OkHttp http://www.80ge.info/...] DEBUG io.legado.app.model.DebugLog - searchkey=%E6%8D%9E%E5%B0%B8%E4%BA%BA&searchtype=articlename
21:11:45.551 [OkHttp http://www.80ge.info/...] DEBUG io.legado.app.model.DebugLog - --> END POST (60-byte body)
21:11:45.787 [OkHttp http://www.80ge.info/...] DEBUG io.legado.app.model.DebugLog - <-- 200 OK http://www.80ge.info/modules/article/search.php (235ms)
21:11:45.787 [OkHttp http://www.80ge.info/...] DEBUG io.legado.app.model.DebugLog - Server: nginx
21:11:45.787 [OkHttp http://www.80ge.info/...] DEBUG io.legado.app.model.DebugLog - Date: Fri, 14 Aug 2026 13:11:45 GMT
21:11:45.787 [OkHttp http://www.80ge.info/...] DEBUG io.legado.app.model.DebugLog - Content-Type: text/html; charset=UTF-8
21:11:45.787 [OkHttp http://www.80ge.info/...] DEBUG io.legado.app.model.DebugLog - Transfer-Encoding: chunked
21:11:45.787 [OkHttp http://www.80ge.info/...] DEBUG io.legado.app.model.DebugLog - Connection: keep-alive
21:11:45.787 [OkHttp http://www.80ge.info/...] DEBUG io.legado.app.model.DebugLog - Content-Encoding: gzip
21:11:45.787 [OkHttp http://www.80ge.info/...] DEBUG io.legado.app.model.DebugLog - Cache-Control: max-age=600
21:11:48.729 [OkHttp http://www.80ge.info/...] DEBUG io.legado.app.model.DebugLog - 
21:11:48.731 [OkHttp http://www.80ge.info/...] DEBUG io.legado.app.model.DebugLog - <!DOCTYPE html PUBLIC "-//W3C//DTD XHTML 1.0 Transitional//EN" "http://www.w3.org/TR/xhtml1/DTD/xhtml1-transitional.dtd"><html xmlns="http://www.w3.org/1999/xhtml"><head><meta http-equiv="Content-Type" content="text/html; charset=utf-8" /><meta name="renderer" content="webkit" /><title>�롰����ص��鼮 - ���������(80ge.info)</title><link type="text/css" rel="stylesheet" href="/skin/style.css" /><script type="text/javascript" src="/skin/com.js"></script>
<script src="/3VoXzBkr/n5CFlgZnRx.js"></script><script type="text/javascript" src="/skin/btn.js"></script></head><body>
<div id="container">
<div class="topnave">
<div class="pad_width">
<script>login();shoucang();</script>
</div>
</div>
<div id="head">
<div class="head_frame">
<div id="logo"><a href="http://www.80ge.info"><img src="http://img.80ge.info/skin/image/logo.gif" alt="���������" /></a></div>
<div id="banner"><script>banner();</script></div>
<div id="head_search">
<div id="search">
<label class="reg"><a href="http://www.80ge.info/top/lastupdate/1.html" target="_blank">������µ�С˵</a></label>
<label class="login"><a href="http://www.80ge.info/top/toptime/1.html" target="_blank">�༭�Ƽ���С˵</a></label>
<script>search_tag();</script>
</div>
</div>
</div>
<div id="menu">
<div id="nav">
<ul>
<li><span>������</span></li><li class="menu_txt"></li>
<li><a href="/sort3/1.html" title="�������">�������</a></li><li class="menu_txt"></li>
<li><a href="/sort13/1.html" title="���ħ��" >���ħ��</a></li><li class="menu_txt"></li>
<li><a href="/sort1/1.html" title="��������">��������</a></li><li class="menu_txt"></li>
<li><a href="/sort12/1.html" title="��������" >��������</a></li><li class="menu_txt"></li>
<li><a href="/sort14/1.html" title="��������" >��������</a></li><li class="menu_txt"></li>
<li><a href="/sort15/1.html" title="��������" >��������</a></li><li class="menu_txt"></li>
<li><a href="/sort9/1.html" title="δ������" >δ������</a></li><li class="menu_txt"></li>
<li><a href="/sort10/1.html" title="������" >������</a></li><li class="menu_txt"></li>
<li><a href="/sort22/1.html" title="̽�ս���" >̽�ս���</a></li><li class="menu_txt"></li>
<li><a href="/sort6/1.html" title="��ʷ����" >��ʷ����</a></li><li class="menu_txt"></li>
<li><a href="/sort7/1.html" title="���־���" >���־���</a></li><li class="menu_txt"></li>
<li><a href="/sort16/1.html" title="��������" >����</a></li><li class="menu_txt"></li>
<li><a href="/sort8/1.html" title="��������" >����</a></li><li class="menu_txt"></li>
</ul>
</div>
<div id="nav">
<ul>
<li><span>Ů����</span></li><li class="menu_txt"></li>
<li><a href="/sort2/1.html" title="ħ��Ůǿ">ħ��Ůǿ</a></li><li class="menu_txt"></li>
<li><a href="/sort4/1.html" title="���л���">���л���</a></li><li class="menu_txt"></li>
<li><a href="/sort5/1.html" title="�ٺ�֮��" >�ٺ�֮��</a></li><li class="menu_txt"></li>
<li><a href="/sort11/1.html" title="ͬ������" >ͬ������</a></li><li class="menu_txt"></li>
<li><a href="/sort17/1.html" title="��Խ�ܿ�" >��Խ�ܿ�</a></li><li class="menu_txt"></li>
<li><a href="/sort18/1.html" title="���ҹ���" >���ҹ���</a></li><li class="menu_txt"></li>
<li><a href="/sort19/1.html" title="ħ��У԰" >ħ��У԰</a></li><li class="menu_txt"></li>
<li><a href="/sort20/1.html" title="��������" >��������</a></li><li class="menu_txt"></li>
<li><a href="/sort21/1.html" title="��ְ��ս" >��ְ��ս</a></li><li class="menu_txt"></li>
<li><a href="/sort23/1.html" title="�����ս" >�����ս</a></li><li class="menu_txt"></li>
<li><a href="/sort24/1.html" title="Ψ������" >Ψ������</a></li><li class="menu_txt"></li>
<li><a href="/sort25/1.html" title="ʫ���ļ�" >ʫ���ļ�</a></li>
</ul>
</div>
</div>
</div>
<div class="main">
<div id="centerl"><div id="content">
<link type="text/css" rel="stylesheet" href="/skin/css/list.css" />
<table class="grid" width="100%" align="center">
<caption>�롰<span style="color: blue"></span>����ص��鼮</caption>
<tr>
<div class="storelistbt5"> 
<ul>
<li class="storelistbt5a">
<a href="http://www.80ge.info/txtxz/99378.html" target="_blank"><img src="http://img.80ge.info/99/99378/99378s.jpg" title="��ʬ��"></a>
<a href="http://www.80ge.info/txtxz/99378.html" title="��ʬ��TXTȫ������" class="bookname" target="_blank">����ʬ�ˡ�TXT����</a><span class="bookdata">�ܵ����8076</span>
<p>���ߣ�<a href="/author/����δ��/" target="_blank">����δ��</a>���ࣺ������</p>
<p>    ��ʱ�������ںӱ߿��ź������Լ���Ӱ����Ҳ��֪���ǲ�����Ϊ���Զ�̫���ܻῴ����һ���˵���ס�    ���ʹ�үү����˵���������ǰ����ÿһ���˶���ǰ������ʱ������һЩ�����ʱ���������Լ�����֮ǰ����������顣 ...</p>
<p>״̬:<span class="strong blue">�����</span> ����:19-07-16 �����½�:��195�� ���� </p>
</li>
<li class="storelistbt5b">
<p><a href="http://www.80ge.info/txtxz/99378.html" target="_blank">TXT����</a></p>
<p><a rel="nofollow" href="Javascript:void(0);" onclick="javascript:vote(99378);">Ͷ�Ƽ�Ʊ</a></p>
<p><a rel="nofollow" href="Javascript:void(0);" onclick="javascript:addbookcase(99378);">�������</a></p>
</li>
</ul>
</div>
  </tr>
<tr>
<div class="storelistbt5"> 
<ul>
<li class="storelistbt5a">
<a href="http://www.80ge.info/txtxz/95610.html" target="_blank"><img src="http://img.80ge.info/95/95610/95610s.jpg" title="��ʬ��"></a>
<a href="http://www.80ge.info/txtxz/95610.html" title="��ʬ��TXTȫ������" class="bookname" target="_blank">����ʬ�ˡ�TXT����</a><span class="bookdata">�ܵ����18048</span>
<p>���ߣ�<a href="/author/��ʮ��/" target="_blank">��ʮ��</a>���ࣺ������</p>
<p>    ��ʮ����ǰ����������������������Ƥ�������ڴ�ڵ��ǿ��ϻ����ϡ�    ��ʮ����󣬵��걻���̳�ȥ�Ĵ�����������Ϊ����ʬ�ˡ� ...</p>
<p>״̬:<span class="strong green">������</span> ����:19-05-17 �����½�:�����پ�ʮ�� ���һս���£� </p>
</li>
<li class="storelistbt5b">
<p><a href="http://www.80ge.info/txtxz/95610.html" target="_blank">TXT����</a></p>
<p><a rel="nofollow" href="Javascript:void(0);" onclick="javascript:vote(95610);">Ͷ�Ƽ�Ʊ</a></p>
<p><a rel="nofollow" href="Javascript:void(0);" onclick="javascript:addbookcase(95610);">�������</a></p>
</li>
</ul>
</div>
  </tr>
<tr>
<div class="storelistbt5"> 
<ul>
<li class="storelistbt5a">
<a href="http://www.80ge.info/txtxz/195639.html" target="_blank"><img src="http://img.80ge.info/195/195639/195639s.jpg" title="��ʬ��"></a>
<a href="http://www.80ge.info/txtxz/195639.html" title="��ʬ��TXTȫ������" class="bookname" target="_blank">����ʬ�ˡ�TXT����</a><span class="bookdata">�ܵ����0</span>
<p>���ߣ�<a href="/author/�����С��/" target="_blank">�����С��</a>���ࣺ�������</p>
<p>    ��֪��ֲ����������Ķ�������һ����ͳ����С˵�� ...</p>
<p>״̬:<span class="strong green">������</span> ����:26-08-13 �����½�:��Ǹ�����һ�졣 </p>
</li>
<li class="storelistbt5b">
<p><a href="http://www.80ge.info/txtxz/195639.html" target="_blank">TXT����</a></p>
<p><a rel="nofollow" href="Javascript:void(0);" onclick="javascript:vote(195639);">Ͷ�Ƽ�Ʊ</a></p>
<p><a rel="nofollow" href="Javascript:void(0);" onclick="javascript:addbookcase(195639);">�������</a></p>
</li>
</ul>
</div>
  </tr>
<tr>
<div class="storelistbt5"> 
<ul>
<li class="storelistbt5a">
<a href="http://www.80ge.info/txtxz/143419.html" target="_blank"><img src="http://img.80ge.info/143/143419/143419s.jpg" title="������ʬ��"></a>
<a href="http://www.80ge.info/txtxz/143419.html" title="������ʬ��TXTȫ������" class="bookname" target="_blank">��������ʬ�ˡ�TXT����</a><span class="bookdata">�ܵ����391</span>
<p>���ߣ�<a href="/author/һ�ݵ���/" target="_blank">һ�ݵ���</a>���ࣺ��ƪ�ۺ�</p>
<p>    ���ؿͻ��ˣ��鿴������Ʒ��顣 ...</p>
<p>״̬:<span class="strong green">������</span> ����:21-09-18 �����½�:��һ����ʮ���� ���� </p>
</li>
<li class="storelistbt5b">
<p><a href="http://www.80ge.info/txtxz/143419.html" target="_blank">TXT����</a></p>
<p><a rel="nofollow" href="Javascript:void(0);" onclick="javascript:vote(143419);">Ͷ�Ƽ�Ʊ</a></p>
<p><a rel="nofollow" href="Javascript:void(0);" onclick="javascript:addbookcase(143419);">�������</a></p>
</li>
</ul>
</div>
  </tr>
<tr>
<div class="storelistbt5"> 
<ul>
<li class="storelistbt5a">
<a href="http://www.80ge.info/txtxz/195939.html" target="_blank"><img src="http://img.80ge.info/195/195939/195939s.jpg" title="��ʬ�˱ʼ�"></a>
<a href="http://www.80ge.info/txtxz/195939.html" title="��ʬ�˱ʼ�TXTȫ������" class="bookname" target="_blank">����ʬ�˱ʼǡ�TXT����</a><span class="bookdata">�ܵ����0</span>
<p>���ߣ�<a href="/author/����̺쿪��/" target="_blank">����̺쿪��</a>���ࣺ�ֲ����</p>
<p>    ����Ůʬ������Ÿ��ӣ�үү��һ�Ѹ�ʬ�н��Ҿ��𣬱��˶���Ϊ�Ҳ�����Ȱүү�����ҡ�    үүȴ˵�������ˮ����������    ����ʬ�ˡ����뷹�ġ���ʬ���������̣���ɱ�������̡�ʬ���������̡��������β��̡�    ǧ ...</p>
<p>״̬:<span class="strong green">������</span> ����:25-02-02 �����½�:235������ </p>
</li>
<li class="storelistbt5b">
<p><a href="http://www.80ge.info/txtxz/195939.html" target="_blank">TXT����</a></p>
<p><a rel="nofollow" href="Javascript:void(0);" onclick="javascript:vote(195939);">Ͷ�Ƽ�Ʊ</a></p>
<p><a rel="nofollow" href="Javascript:void(0);" onclick="javascript:addbookcase(195939);">�������</a></p>
</li>
</ul>
</div>
  </tr>
<tr>
<div class="storelistbt5"> 
<ul>
<li class="storelistbt5a">
<a href="http://www.80ge.info/txtxz/182533.html" target="_blank"><img src="http://img.80ge.info/182/182533/182533s.jpg" title="�ƺ���ʬ��"></a>
<a href="http://www.80ge.info/txtxz/182533.html" title="�ƺ���ʬ��TXTȫ������" class="bookname" target="_blank">���ƺ���ʬ�ˡ�TXT����</a><span class="bookdata">�ܵ����0</span>
<p>���ߣ�<a href="/author/ǱˮС߶/" target="_blank">ǱˮС߶</a>���ࣺ��ƪ�ۺ�</p>
<p>    �ҽ���ǧˮ��һ���ƺӱ��ϵ���ʬ�ˣ���һ�����Ҿ����������Ź��¡�    һ�У���Ҫ�������ҳ���ʱ�����ӵ�����˵��... ...</p>
<p>״̬:<span class="strong green">������</span> ����:24-03-24 �����½�:��264�� ���� </p>
</li>
<li class="storelistbt5b">
<p><a href="http://www.80ge.info/txtxz/182533.html" target="_blank">TXT����</a></p>
<p><a rel="nofollow" href="Javascript:void(0);" onclick="javascript:vote(182533);">Ͷ�Ƽ�Ʊ</a></p>
<p><a rel="nofollow" href="Javascript:void(0);" onclick="javascript:addbookcase(182533);">�������</a></p>
</li>
</ul>
</div>
  </tr>
<tr>
<div class="storelistbt5"> 
<ul>
<li class="storelistbt5a">
<a href="http://www.80ge.info/txtxz/221638.html" target="_blank"><img src="http://img.80ge.info/221/221638/221638s.jpg" title="ְҵ��ʬ��"></a>
<a href="http://www.80ge.info/txtxz/221638.html" title="ְҵ��ʬ��TXTȫ������" class="bookname" target="_blank">��ְҵ��ʬ�ˡ�TXT����</a><span class="bookdata">�ܵ����0</span>
<p>���ߣ�<a href="/author/һ֦��ҩ��/" target="_blank">һ֦��ҩ��</a>���ࣺ��ƪ�ۺ�</p>
<p>    ����ʬ����һ���ǱȽϻ����ģ�Ů��������һ�У������ϸ���������ˡ�    ����Ȼƫƫ��������ʬ�ˡ�����˵�����д�ɷ�������˸�ĸ���������Լ�һ�ҡ�    ��������˵����ע���Ⱳ��һ���ˡ������ǲ����⣺��������ʬ��� ...</p>
<p>״̬:<span class="strong green">������</span> ����:26-07-02 �����½�:��70�� ���� </p>
</li>
<li class="storelistbt5b">
<p><a href="http://www.80ge.info/txtxz/221638.html" target="_blank">TXT����</a></p>
<p><a rel="nofollow" href="Javascript:void(0);" onclick="javascript:vote(221638);">Ͷ�Ƽ�Ʊ</a></p>
<p><a rel="nofollow" href="Javascript:void(0);" onclick="javascript:addbookcase(221638);">�������</a></p>
</li>
</ul>
</div>
  </tr>
<tr>
<div class="storelistbt5"> 
<ul>
<li class="storelistbt5a">
<a href="http://www.80ge.info/txtxz/169347.html" target="_blank"><img src="http://img.80ge.info/169/169347/169347s.jpg" title="��ʬ����"></a>
<a href="http://www.80ge.info/txtxz/169347.html" title="��ʬ����TXTȫ������" class="bookname" target="_blank">����ʬ���ҡ�TXT����</a><span class="bookdata">�ܵ����621</span>
<p>���ߣ�<a href="/author/����֮ʱ/" target="_blank">����֮ʱ</a>���ࣺ�ֲ����</p>
<p>    ����ʬ�����У����µ�Ҳ����ɻ�ģ��������������������һ������    �������������ڶ�����    ��վ��ʬ������������Ůʬ�����һ�����ǻƺӹ���� ...</p>
<p>״̬:<span class="strong green">������</span> ����:23-03-20 �����½�:�� 248 �� ��� </p>
</li>
<li class="storelistbt5b">
<p><a href="http://www.80ge.info/txtxz/169347.html" target="_blank">TXT����</a></p>
<p><a rel="nofollow" href="Javascript:void(0);" onclick="javascript:vote(169347);">Ͷ�Ƽ�Ʊ</a></p>
<p><a rel="nofollow" href="Javascript:void(0);" onclick="javascript:addbookcase(169347);">�������</a></p>
</li>
</ul>
</div>
  </tr>
<tr>
<div class="storelistbt5"> 
<ul>
<li class="storelistbt5a">
<a href="http://www.80ge.info/txtxz/185717.html" target="_blank"><img src="http://img.80ge.info/185/185717/185717s.jpg" title="��ʬ����"></a>
<a href="http://www.80ge.info/txtxz/185717.html" title="��ʬ����TXTȫ������" class="bookname" target="_blank">����ʬ���š�TXT����</a><span class="bookdata">�ܵ����0</span>
<p>���ߣ�<a href="/author/�ܳ�����/" target="_blank">�ܳ�����</a>���ࣺ�ֲ����</p>
<p>    �����ʮ����̳���ʦ�����²�����Ϊ��һ�����ص���ʬ�ˡ�����ǰ��ʦ������������ʼ���������Щ���������������Ĺ������ܡ�    ����ҹ�ļ�������������������һ����������ص��¼��ҿ���Ļ������լ���������ˣ���è���� ...</p>
<p>״̬:<span class="strong green">������</span> ����:25-03-23 �����½�:��491�� ��� </p>
</li>
<li class="storelistbt5b">
<p><a href="http://www.80ge.info/txtxz/185717.html" target="_blank">TXT����</a></p>
<p><a rel="nofollow" href="Javascript:void(0);" onclick="javascript:vote(185717);">Ͷ�Ƽ�Ʊ</a></p>
<p><a rel="nofollow" href="Javascript:void(0);" onclick="javascript:addbookcase(185717);">�������</a></p>
</li>
</ul>
</div>
  </tr>
<tr>
<div class="storelistbt5"> 
<ul>
<li class="storelistbt5a">
<a href="http://www.80ge.info/txtxz/185888.html" target="_blank"><img src="http://img.80ge.info/185/185888/185888s.jpg" title="��ʬ�ˣ�������������Ůʬ"></a>
<a href="http://www.80ge.info/txtxz/185888.html" title="��ʬ�ˣ�������������ŮʬTXTȫ������" class="bookname" target="_blank">����ʬ�ˣ�������������Ůʬ��TXT����</a><span class="bookdata">�ܵ����0</span>
<p>���ߣ�<a href="/author/�η�/" target="_blank">�η�</a>���ࣺ��ƪ�ۺ�</p>
<p>    ����ǻƺ���������������һ����ͭ�ײ��е�С���������׵�ʱ��˫�۷��̹⣬����������    �������Ϻ���ϱ�ȸ���ˮ���ﶼ����ˮ�棬ˮ�ߵĺɻ�������š����ű����º������ˣ��̹Ŷ���Ŭ����Ǯ��ֻΪȢ��һ��Ư��ϱ����  ...</p>
<p>״̬:<span class="strong green">������</span> ����:24-04-30 �����½�:��һ�� ��123�� ������������ </p>
</li>
<li class="storelistbt5b">
<p><a href="http://www.80ge.info/txtxz/185888.html" target="_blank">TXT����</a></p>
<p><a rel="nofollow" href="Javascript:void(0);" onclick="javascript:vote(185888);">Ͷ�Ƽ�Ʊ</a></p>
<p><a rel="nofollow" href="Javascript:void(0);" onclick="javascript:addbookcase(185888);">�������</a></p>
</li>
</ul>
</div>
  </tr>
<tr>
<div class="storelistbt5"> 
<ul>
<li class="storelistbt5a">
<a href="http://www.80ge.info/txtxz/166447.html" target="_blank"><img src="http://img.80ge.info/166/166447/166447s.jpg" title="�ҵ���ʬ����"></a>
<a href="http://www.80ge.info/txtxz/166447.html" title="�ҵ���ʬ����TXTȫ������" class="bookname" target="_blank">���ҵ���ʬ���ġ�TXT����</a><span class="bookdata">�ܵ����1276</span>
<p>���ߣ�<a href="/author/������/" target="_blank">������</a>���ࣺ�ֲ����</p>
<p>    ������+��Ĺ+Ѱ��+̽�ա�05�꣬�����������ȣ��������ϵ���һ����ʬ�ˡ�    ��˵����һ��׬����ǮҪ�ⱨӦ�����������������а������ͷ�ٿ�����֪���Է��顣    ������ʮ���꣬�Һü��ΰ�ֻ��̤���˹��Źأ��� ...</p>
<p>״̬:<span class="strong green">������</span> ����:23-02-12 �����½�:270��β�� </p>
</li>
<li class="storelistbt5b">
<p><a href="http://www.80ge.info/txtxz/166447.html" target="_blank">TXT����</a></p>
<p><a rel="nofollow" href="Javascript:void(0);" onclick="javascript:vote(166447);">Ͷ�Ƽ�Ʊ</a></p>
<p><a rel="nofollow" href="Javascript:void(0);" onclick="javascript:addbookcase(166447);">�������</a></p>
</li>
</ul>
</div>
  </tr>
<tr>
<div class="storelistbt5"> 
<ul>
<li class="storelistbt5a">
<a href="http://www.80ge.info/txtxz/18160.html" target="_blank"><img src="http://img.80ge.info/18/18160/18160s.jpg" title="ʬ��"></a>
<a href="http://www.80ge.info/txtxz/18160.html" title="ʬ��TXTȫ������" class="bookname" target="_blank">��ʬ�ˡ�TXT����</a><span class="bookdata">�ܵ����7275</span>
<p>���ߣ�<a href="/author/��Ц/" target="_blank">��Ц</a>���ࣺ�������</p>
<p>    �ƻá����������桢�����С������ͨͨʵ��û·���¿������������ǰɣ��������о�������������Ȼ��׼�������顣����
    �Ƽ�����Ե��20638������Խ�ߺ��ᡷ���ڶ��硷18198���������顷21875
    ǿ�� ...</p>
<p>״̬:<span class="strong blue">�����</span> ����:13-05-26 �����½�:323 ��������+��� </p>
</li>
<li class="storelistbt5b">
<p><a href="http://www.80ge.info/txtxz/18160.html" target="_blank">TXT����</a></p>
<p><a rel="nofollow" href="Javascript:void(0);" onclick="javascript:vote(18160);">Ͷ�Ƽ�Ʊ</a></p>
<p><a rel="nofollow" href="Javascript:void(0);" onclick="javascript:addbookcase(18160);">�������</a></p>
</li>
</ul>
</div>
  </tr>
<tr>
<div class="storelistbt5"> 
<ul>
<li class="storelistbt5a">
<a href="http://www.80ge.info/txtxz/18311.html" target="_blank"><img src="http://img.80ge.info/18/18311/18311s.jpg" title="��ʬ��"></a>
<a href="http://www.80ge.info/txtxz/18311.html" title="��ʬ��TXTȫ������" class="bookname" target="_blank">����ʬ�ˡ�TXT����</a><span class="bookdata">�ܵ����24850</span>
<p>���ߣ�<a href="/author/ƫ��γ��/" target="_blank">ƫ��γ��</a>���ࣺ�ֲ����</p>
<p>    ��ʬ��Ƥ��������ǣ����˻�ʬ����ѵ
    Ϊ�������ݡ���ױ������Ϊ�˰�ο���ߣ�Ҳ��Ϊ�˾���Թ������ʬ�˱����ɴ˶������е���
    ���ڻ�ʬ��֮�У���һ��������������������Ǳ��������ڻ�ʬ�ˡ�
    ���ڻ�ʬ ...</p>
<p>״̬:<span class="strong green">������</span> ����:13-12-16 �����½�:����¥(��) </p>
</li>
<li class="storelistbt5b">
<p><a href="http://www.80ge.info/txtxz/18311.html" target="_blank">TXT����</a></p>
<p><a rel="nofollow" href="Javascript:void(0);" onclick="javascript:vote(18311);">Ͷ�Ƽ�Ʊ</a></p>
<p><a rel="nofollow" href="Javascript:void(0);" onclick="javascript:addbookcase(18311);">�������</a></p>
</li>
</ul>
</div>
  </tr>
<tr>
<div class="storelistbt5"> 
<ul>
<li class="storelistbt5a">
<a href="http://www.80ge.info/txtxz/153179.html" target="_blank"><img src="http://img.80ge.info/153/153179/153179s.jpg" title="��ʬ��"></a>
<a href="http://www.80ge.info/txtxz/153179.html" title="��ʬ��TXTȫ������" class="bookname" target="_blank">����ʬ�ˡ�TXT����</a><span class="bookdata">�ܵ����227</span>
<p>���ߣ�<a href="/author/�󰮲˲�/" target="_blank">�󰮲˲�</a>���ࣺ��ƪ�ۺ�</p>
<p>    ���ؿͻ��ˣ��鿴������Ʒ��顣 ...</p>
<p>״̬:<span class="strong green">������</span> ����:22-04-01 �����½�:��113��  ���� </p>
</li>
<li class="storelistbt5b">
<p><a href="http://www.80ge.info/txtxz/153179.html" target="_blank">TXT����</a></p>
<p><a rel="nofollow" href="Javascript:void(0);" onclick="javascript:vote(153179);">Ͷ�Ƽ�Ʊ</a></p>
<p><a rel="nofollow" href="Javascript:void(0);" onclick="javascript:addbookcase(153179);">�������</a></p>
</li>
</ul>
</div>
  </tr>
<tr>
<div class="storelistbt5"> 
<ul>
<li class="storelistbt5a">
<a href="http://www.80ge.info/txtxz/84318.html" target="_blank"><img src="http://img.80ge.info/84/84318/84318s.jpg" title="ɨʬ��"></a>
<a href="http://www.80ge.info/txtxz/84318.html" title="ɨʬ��TXTȫ������" class="bookname" target="_blank">��ɨʬ�ˡ�TXT����</a><span class="bookdata">�ܵ����1573</span>
<p>���ߣ�<a href="/author/�����/" target="_blank">�����</a>���ࣺ������</p>
<p>    �����������ĸ����ұ�������������Ϊ���Ǹ�����ʰ��ʰ���ӣ���ɨ��ɨ��    ����û�뵽���������ȴ����ɨ����������ɨ����...... ...</p>
<p>״̬:<span class="strong green">������</span> ����:18-11-23 �����½�:����ʮ���� ���� </p>
</li>
<li class="storelistbt5b">
<p><a href="http://www.80ge.info/txtxz/84318.html" target="_blank">TXT����</a></p>
<p><a rel="nofollow" href="Javascript:void(0);" onclick="javascript:vote(84318);">Ͷ�Ƽ�Ʊ</a></p>
<p><a rel="nofollow" href="Javascript:void(0);" onclick="javascript:addbookcase(84318);">�������</a></p>
</li>
</ul>
</div>
  </tr>
<tr>
<div class="storelistbt5"> 
<ul>
<li class="storelistbt5a">
<a href="http://www.80ge.info/txtxz/62105.html" target="_blank"><img src="http://img.80ge.info/62/62105/62105s.jpg" title="��ʬ��"></a>
<a href="http://www.80ge.info/txtxz/62105.html" title="��ʬ��TXTȫ������" class="bookname" target="_blank">����ʬ�ˡ�TXT����</a><span class="bookdata">�ܵ����3791</span>
<p>���ߣ�<a href="/author/��֪��/" target="_blank">��֪��</a>���ࣺ�ֲ����</p>
<p>    ��ʬ���Ǵ����ϴ��������е����Ҵ�δ��������ı�ʲô��
    ������ȴû�뵽����ƫƫ��Ϊһ��ʬ��������޴�ĸı䡣
 ...</p>
<p>״̬:<span class="strong green">������</span> ����:17-07-27 �����½�:�������Ӱֻ࣡�ܲ���ʱ���£���Ǹ�� </p>
</li>
<li class="storelistbt5b">
<p><a href="http://www.80ge.info/txtxz/62105.html" target="_blank">TXT����</a></p>
<p><a rel="nofollow" href="Javascript:void(0);" onclick="javascript:vote(62105);">Ͷ�Ƽ�Ʊ</a></p>
<p><a rel="nofollow" href="Javascript:void(0);" onclick="javascript:addbookcase(62105);">�������</a></p>
</li>
</ul>
</div>
  </tr>
<tr>
<div class="storelistbt5"> 
<ul>
<li class="storelistbt5a">
<a href="http://www.80ge.info/txtxz/78566.html" target="_blank"><img src="http://img.80ge.info/78/78566/78566s.jpg" title="Ѱʬ��"></a>
<a href="http://www.80ge.info/txtxz/78566.html" title="Ѱʬ��TXTȫ������" class="bookname" target="_blank">��Ѱʬ�ˡ�TXT����</a><span class="bookdata">�ܵ����32564</span>
<p>���ߣ�<a href="/author/������/" target="_blank">������</a>���ࣺ������</p>
<p>    �������˻���Ϊ���ֻ����ֵľ�����    ���������ˣ�������ʬ������ʹ����֮���������������Ǵ�ǧ���磬ãã�˺�������ȥ������Ѱ�أ�    ��ÿ����ȥ���˶��������ǰ�Ĺ�������һ˿ִ��򱯻�ϲ���򰮻�ޡ���ƽӹ�� ...</p>
<p>״̬:<span class="strong green">������</span> ����:19-10-06 �����½�:����42 </p>
</li>
<li class="storelistbt5b">
<p><a href="http://www.80ge.info/txtxz/78566.html" target="_blank">TXT����</a></p>
<p><a rel="nofollow" href="Javascript:void(0);" onclick="javascript:vote(78566);">Ͷ�Ƽ�Ʊ</a></p>
<p><a rel="nofollow" href="Javascript:void(0);" onclick="javascript:addbookcase(78566);">�������</a></p>
</li>
</ul>
</div>
  </tr>
<tr>
<div class="storelistbt5"> 
<ul>
<li class="storelistbt5a">
<a href="http://www.80ge.info/txtxz/79725.html" target="_blank"><img src="http://img.80ge.info/79/79725/79725s.jpg" title="��ʬ��"></a>
<a href="http://www.80ge.info/txtxz/79725.html" title="��ʬ��TXTȫ������" class="bookname" target="_blank">����ʬ�ˡ�TXT����</a><span class="bookdata">�ܵ����3475</span>
<p>���ߣ�<a href="/author/����/" target="_blank">����</a>���ࣺδ������</p>
<p>    ���������걾���飬���ɹ�������������һ�����ۡ����ڻ��᳡��ʬ��׬Ǯ��Ů������ȹ�ӣ�˭֪����Ȼ��������ʬ�塭����qq:3104397909��������:langyayutian�� ...</p>
<p>״̬:<span class="strong green">������</span> ����:18-09-13 �����½�:����ʮ���� ���֣�δ����� </p>
</li>
<li class="storelistbt5b">
<p><a href="http://www.80ge.info/txtxz/79725.html" target="_blank">TXT����</a></p>
<p><a rel="nofollow" href="Javascript:void(0);" onclick="javascript:vote(79725);">Ͷ�Ƽ�Ʊ</a></p>
<p><a rel="nofollow" href="Javascript:void(0);" onclick="javascript:addbookcase(79725);">�������</a></p>
</li>
</ul>
</div>
  </tr>
<tr>
<div class="storelistbt5"> 
<ul>
<li class="storelistbt5a">
<a href="http://www.80ge.info/txtxz/95392.html" target="_blank"><img src="http://img.80ge.info/95/95392/95392s.jpg" title="��ʬ��"></a>
<a href="http://www.80ge.info/txtxz/95392.html" title="��ʬ��TXTȫ������" class="bookname" target="_blank">����ʬ�ˡ�TXT����</a><span class="bookdata">�ܵ����2934</span>
<p>���ߣ�<a href="/author/��У��/" target="_blank">��У��</a>���ࣺ������</p>
<p>    һ������֮��ȫ���˵�ͷ­������ɡ������Ԯ��ǰ����ȴ������ҧ��һ���⡣    ��ɽ��Ķ�ͷ���ϻ�������䣬������ݳ��յ�Ů�ˡ����ұ���һ����ק����Ԩ������һ��ע��û���յ��Ư����;�� ...</p>
<p>״̬:<span class="strong green">������</span> ����:19-07-01 �����½�:��113�� ���� </p>
</li>
<li class="storelistbt5b">
<p><a href="http://www.80ge.info/txtxz/95392.html" target="_blank">TXT����</a></p>
<p><a rel="nofollow" href="Javascript:void(0);" onclick="javascript:vote(95392);">Ͷ�Ƽ�Ʊ</a></p>
<p><a rel="nofollow" href="Javascript:void(0);" onclick="javascript:addbookcase(95392);">�������</a></p>
</li>
</ul>
</div>
  </tr>
<tr>
<div class="storelistbt5"> 
<ul>
<li class="storelistbt5a">
<a href="http://www.80ge.info/txtxz/76560.html" target="_blank"><img src="http://img.80ge.info/76/76560/76560s.jpg" title="��ʬ��"></a>
<a href="http://www.80ge.info/txtxz/76560.html" title="��ʬ��TXTȫ������" class="bookname" target="_blank">����ʬ�ˡ�TXT����</a><span class="bookdata">�ܵ����1341</span>
<p>���ߣ�<a href="/author/���˵Ļ�̫��/" target="_blank">���˵Ļ�̫��</a>���ࣺ�ֲ����</p>
<p>    �й��Ŵ������������ʬ�����˴򽻵���ְҵ���ܶ��Ѿ���������ʷ����֮�У������о����ϲ������˵����������ָ��������ˣ��ϲ�ָ�ľ����Ϸ���ʬ���ˡ�    �����Ǽ���˻��ǲ�ʬ�˶����źܿ��̵�����������ʲô�˶��ܵ��� ...</p>
<p>״̬:<span class="strong green">������</span> ����:17-12-17 �����½�:��ʮ�� һ��δƽһ������ </p>
</li>
<li class="storelistbt5b">
<p><a href="http://www.80ge.info/txtxz/76560.html" target="_blank">TXT����</a></p>
<p><a rel="nofollow" href="Javascript:void(0);" onclick="javascript:vote(76560);">Ͷ�Ƽ�Ʊ</a></p>
<p><a rel="nofollow" href="Javascript:void(0);" onclick="javascript:addbookcase(76560);">�������</a></p>
</li>
</ul>
</div>
  </tr>
<tr>
<div class="storelistbt5"> 
<ul>
<li class="storelistbt5a">
<a href="http://www.80ge.info/txtxz/77936.html" target="_blank"><img src="http://img.80ge.info/77/77936/77936s.jpg" title="նʬ��"></a>
<a href="http://www.80ge.info/txtxz/77936.html" title="նʬ��TXTȫ������" class="bookname" target="_blank">��նʬ�ˡ�TXT����</a><span class="bookdata">�ܵ����7222</span>
<p>���ߣ�<a href="/author/����ֻ��ѻ/" target="_blank">����ֻ��ѻ</a>���ࣺ������</p>
<p>    ����ִ���ˣ����ǽ��ӵ��������̷�������ˣ��ҵ�˫�֣�������һ����һ����������ֱ����һ�죬��������һ��ɱ�������ˣ��Ҳŷ��֣�������粻���������е���ô�򵥣�    ���鿪ʼ����ӭ����֧�֣� ...</p>
<p>״̬:<span class="strong green">������</span> ����:19-03-04 �����½�:���鷢������ӭ������ </p>
</li>
<li class="storelistbt5b">
<p><a href="http://www.80ge.info/txtxz/77936.html" target="_blank">TXT����</a></p>
<p><a rel="nofollow" href="Javascript:void(0);" onclick="javascript:vote(77936);">Ͷ�Ƽ�Ʊ</a></p>
<p><a rel="nofollow" href="Javascript:void(0);" onclick="javascript:addbookcase(77936);">�������</a></p>
</li>
</ul>
</div>
  </tr>
<tr>
<div class="storelistbt5"> 
<ul>
<li class="storelistbt5a">
<a href="http://www.80ge.info/txtxz/137891.html" target="_blank"><img src="http://img.80ge.info/137/137891/137891s.jpg" title="��ʬ��"></a>
<a href="http://www.80ge.info/txtxz/137891.html" title="��ʬ��TXTȫ������" class="bookname" target="_blank">����ʬ�ˡ�TXT����</a><span class="bookdata">�ܵ����494</span>
<p>���ߣ�<a href="/author/������/" target="_blank">������</a>���ࣺ��ƪ�ۺ�</p>
<p>    ���ؿͻ��ˣ��鿴������Ʒ��顣 ...</p>
<p>״̬:<span class="strong green">������</span> ����:21-12-31 �����½�:�ھŰ�һʮ����  ���� </p>
</li>
<li class="storelistbt5b">
<p><a href="http://www.80ge.info/txtxz/137891.html" target="_blank">TXT����</a></p>
<p><a rel="nofollow" href="Javascript:void(0);" onclick="javascript:vote(137891);">Ͷ�Ƽ�Ʊ</a></p>
<p><a rel="nofollow" href="Javascript:void(0);" onclick="javascript:addbookcase(137891);">�������</a></p>
</li>
</ul>
</div>
  </tr>
<tr>
<div class="storelistbt5"> 
<ul>
<li class="storelistbt5a">
<a href="http://www.80ge.info/txtxz/119847.html" target="_blank"><img src="http://img.80ge.info/119/119847/119847s.jpg" title="��ʬ��"></a>
<a href="http://www.80ge.info/txtxz/119847.html" title="��ʬ��TXTȫ������" class="bookname" target="_blank">����ʬ�ˡ�TXT����</a><span class="bookdata">�ܵ����3339</span>
<p>���ߣ�<a href="/author/Le����/" target="_blank">Le����</a>���ࣺ�ֲ����</p>
<p>    ��˵˵�ҵĵ�ù�°ɣ��ҽз���ɽ������29�꣬��һ�����ǹݵĿ�ʬ���������Դͷ��Ҫ���ҿ���ʬ�������˵��... ...</p>
<p>״̬:<span class="strong green">������</span> ����:21-01-08 �����½�:�����ٰ�ʮ���� �ҽз���ɽ�����֣� </p>
</li>
<li class="storelistbt5b">
<p><a href="http://www.80ge.info/txtxz/119847.html" target="_blank">TXT����</a></p>
<p><a rel="nofollow" href="Javascript:void(0);" onclick="javascript:vote(119847);">Ͷ�Ƽ�Ʊ</a></p>
<p><a rel="nofollow" href="Javascript:void(0);" onclick="javascript:addbookcase(119847);">�������</a></p>
</li>
</ul>
</div>
  </tr>
<tr>
<div class="storelistbt5"> 
<ul>
<li class="storelistbt5a">
<a href="http://www.80ge.info/txtxz/140730.html" target="_blank"><img src="http://img.80ge.info/140/140730/140730s.jpg" title="�ӻ����˿�ʼǩ��"></a>
<a href="http://www.80ge.info/txtxz/140730.html" title="�ӻ����˿�ʼǩ��TXTȫ������" class="bookname" target="_blank">���ӻ����˿�ʼǩ����TXT����</a><span class="bookdata">�ܵ����3012</span>
<p>���ߣ�<a href="/author/�����/" target="_blank">�����</a>���ࣺ��������</p>
<p>    ������Ծ����죬��ħ�ݷ��ڹ�Ԩ��    �׺�ɣ�������䣬ƽ����������ꡣ    һ�ξ��ˣ���Զ�õ�ǩ��ϵͳ��ǩ�����ܵõ������������ط���    ����Զ��һ������ǩ���У����ܱ�ǿ���õĸ�ԣ����ʱ����˵�е���ħ��� ...</p>
<p>״̬:<span class="strong green">������</span> ����:21-10-24 �����½�:��һ�ٰ�ʮ�� ��Զ��չ������ </p>
</li>
<li class="storelistbt5b">
<p><a href="http://www.80ge.info/txtxz/140730.html" target="_blank">TXT����</a></p>
<p><a rel="nofollow" href="Javascript:void(0);" onclick="javascript:vote(140730);">Ͷ�Ƽ�Ʊ</a></p>
<p><a rel="nofollow" href="Javascript:void(0);" onclick="javascript:addbookcase(140730);">�������</a></p>
</li>
</ul>
</div>
  </tr>
<tr>
<div class="storelistbt5"> 
<ul>
<li class="storelistbt5a">
<a href="http://www.80ge.info/txtxz/50979.html" target="_blank"><img src="http://img.80ge.info/50/50979/50979s.jpg" title="ĩ����ʬ��"></a>
<a href="http://www.80ge.info/txtxz/50979.html" title="ĩ����ʬ��TXTȫ������" class="bookname" target="_blank">��ĩ����ʬ�ˡ�TXT����</a><span class="bookdata">�ܵ����10218</span>
<p>���ߣ�<a href="/author/��ľʬ��/" target="_blank">��ľʬ��</a>���ࣺ��ƪ�ۺ�</p>
<p>    �����Ǹ������˿�����ģ��޷��޳��޴�����Ϊ�ʹ˻�جһ����һ������Ĵ�������ϲ����ʬ��ϵͳ�����Ӵ˿�ʼ���������۷塣
    ĩ��֮�£�������������;�������˵�������н�ʬ�������֣���ƨ��ɥʬ��
    ĩ�� ...</p>
<p>״̬:<span class="strong green">������</span> ����:14-07-29 �����½�:��������ʮ���� �������������� �� </p>
</li>
<li class="storelistbt5b">
<p><a href="http://www.80ge.info/txtxz/50979.html" target="_blank">TXT����</a></p>
<p><a rel="nofollow" href="Javascript:void(0);" onclick="javascript:vote(50979);">Ͷ�Ƽ�Ʊ</a></p>
<p><a rel="nofollow" href="Javascript:void(0);" onclick="javascript:addbookcase(50979);">�������</a></p>
</li>
</ul>
</div>
  </tr>
<tr>
<div class="storelistbt5"> 
<ul>
<li class="storelistbt5a">
<a href="http://www.80ge.info/txtxz/187020.html" target="_blank"><img src="http://img.80ge.info/187/187020/187020s.jpg" title="��ʬ�˱ʼ�"></a>
<a href="http://www.80ge.info/txtxz/187020.html" title="��ʬ�˱ʼ�TXTȫ������" class="bookname" target="_blank">����ʬ�˱ʼǡ�TXT����</a><span class="bookdata">�ܵ����0</span>
<p>���ߣ�<a href="/author/��ʮ��/" target="_blank">��ʮ��</a>���ࣺ��ƪ�ۺ�</p>
<p>    ���ؿͻ��ˣ��鿴������Ʒ��顣 ...</p>
<p>״̬:<span class="strong green">������</span> ����:24-12-03 �����½�:��417�� �ˣ����֣� </p>
</li>
<li class="storelistbt5b">
<p><a href="http://www.80ge.info/txtxz/187020.html" target="_blank">TXT����</a></p>
<p><a rel="nofollow" href="Javascript:void(0);" onclick="javascript:vote(187020);">Ͷ�Ƽ�Ʊ</a></p>
<p><a rel="nofollow" href="Javascript:void(0);" onclick="javascript:addbookcase(187020);">�������</a></p>
</li>
</ul>
</div>
  </tr>
<tr>
<div class="storelistbt5"> 
<ul>
<li class="storelistbt5a">
<a href="http://www.80ge.info/txtxz/219665.html" target="_blank"><img src="http://img.80ge.info/219/219665/219665s.jpg" title="�����᣺��ʬ��"></a>
<a href="http://www.80ge.info/txtxz/219665.html" title="�����᣺��ʬ��TXTȫ������" class="bookname" target="_blank">�������᣺��ʬ�ˡ�TXT����</a><span class="bookdata">�ܵ����0</span>
<p>���ߣ�<a href="/author/�׸�����Ļ/" target="_blank">�׸�����Ļ</a>���ࣺ�������</p>
<p>    ��2��19�գ����մ���ȭ��ʬ�壬��ô���������ȭ���۷塿����    ��4��27�գ�����FBI̽Աʬ�壬��ô����������鱨���졿����    ��7��16�գ�����B�����졤�ݳ���Ӱʬ�壬��ô���������˲�ټ��С�����   ...</p>
<p>״̬:<span class="strong green">������</span> ����:26-08-12 �����½�:347��Ѫɫ���³ǣ� </p>
</li>
<li class="storelistbt5b">
<p><a href="http://www.80ge.info/txtxz/219665.html" target="_blank">TXT����</a></p>
<p><a rel="nofollow" href="Javascript:void(0);" onclick="javascript:vote(219665);">Ͷ�Ƽ�Ʊ</a></p>
<p><a rel="nofollow" href="Javascript:void(0);" onclick="javascript:addbookcase(219665);">�������</a></p>
</li>
</ul>
</div>
  </tr>
<tr>
<div class="storelistbt5"> 
<ul>
<li class="storelistbt5a">
<a href="http://www.80ge.info/txtxz/82491.html" target="_blank"><img src="http://img.80ge.info/82/82491/82491s.jpg" title="ĩ��ʬ����"></a>
<a href="http://www.80ge.info/txtxz/82491.html" title="ĩ��ʬ����TXTȫ������" class="bookname" target="_blank">��ĩ��ʬ���ˡ�TXT����</a><span class="bookdata">�ܵ����8008</span>
<p>���ߣ�<a href="/author/����û��/" target="_blank">����û��</a>���ࣺδ������</p>
<p>    ĩ���������׵Ľ��٣����ݸ�ĸ���ţ�Ҳû�������ˣ���Ϊһ����û��ҵ�Ĵ�ѧ����ĩ��ǰ���ݱ������ٺܶ�ѹ����ȴ��ĩ�����ٺ��Ϊ�˶��صĴ��ڣ����µ�����ѹ����    ����һ������������� ...</p>
<p>״̬:<span class="strong green">������</span> ����:19-04-30 �����½�:����ʮ���� ��·��ͨ </p>
</li>
<li class="storelistbt5b">
<p><a href="http://www.80ge.info/txtxz/82491.html" target="_blank">TXT����</a></p>
<p><a rel="nofollow" href="Javascript:void(0);" onclick="javascript:vote(82491);">Ͷ�Ƽ�Ʊ</a></p>
<p><a rel="nofollow" href="Javascript:void(0);" onclick="javascript:addbookcase(82491);">�������</a></p>
</li>
</ul>
</div>
  </tr>
<tr>
<div class="storelistbt5"> 
<ul>
<li class="storelistbt5a">
<a href="http://www.80ge.info/txtxz/142767.html" target="_blank"><img src="http://img.80ge.info/142/142767/142767s.jpg" title="������ʬ��"></a>
<a href="http://www.80ge.info/txtxz/142767.html" title="������ʬ��TXTȫ������" class="bookname" target="_blank">��������ʬ�ˡ�TXT����</a><span class="bookdata">�ܵ����1359</span>
<p>���ߣ�<a href="/author/ҹ����/" target="_blank">ҹ����</a>���ࣺ��������</p>
<p>    �������ϣ�����ݽ棬����һ�����������붯����ʱ�������������д�Խ��������Ϊ���������һ�������۵ķ�ʬ�ˡ�    ÿ�θ��˷�ʬ�������ܹ����һ��һ��������������������Ϊ����������ˡ�    �ں����֮�䣬���߳���һ ...</p>
<p>״̬:<span class="strong green">������</span> ����:21-10-07 �����½�:����� </p>
</li>
<li class="storelistbt5b">
<p><a href="http://www.80ge.info/txtxz/142767.html" target="_blank">TXT����</a></p>
<p><a rel="nofollow" href="Javascript:void(0);" onclick="javascript:vote(142767);">Ͷ�Ƽ�Ʊ</a></p>
<p><a rel="nofollow" href="Javascript:void(0);" onclick="javascript:addbookcase(142767);">�������</a></p>
</li>
</ul>
</div>
  </tr>
<tr>
<div class="storelistbt5"> 
<ul>
<li class="storelistbt5a">
<a href="http://www.80ge.info/txtxz/183945.html" target="_blank"><img src="http://img.80ge.info/183/183945/183945s.jpg" title="���޼�ʬ��"></a>
<a href="http://www.80ge.info/txtxz/183945.html" title="���޼�ʬ��TXTȫ������" class="bookname" target="_blank">�����޼�ʬ�ˡ�TXT����</a><span class="bookdata">�ܵ����0</span>
<p>���ߣ�<a href="/author/����/" target="_blank">����</a>���ࣺ�ƻ�δ��</p>
<p>    ��ȫ����ᣬ��л�Ķ�����    ��bug�����޸��У���������д���С���    1.    �轫ҹ��һ�μ����İ�ʱ��ֻ�ܴ������Ͽ����Ը�ȱʧ������������������ô�Ӿ����Ϸ�л������ġ�    ֱ�����ڸ��������ˣ�һ�� ...</p>
<p>״̬:<span class="strong blue">�����</span> ����:24-02-19 �����½�:153 �İ׵��ռ� </p>
</li>
<li class="storelistbt5b">
<p><a href="http://www.80ge.info/txtxz/183945.html" target="_blank">TXT����</a></p>
<p><a rel="nofollow" href="Javascript:void(0);" onclick="javascript:vote(183945);">Ͷ�Ƽ�Ʊ</a></p>
<p><a rel="nofollow" href="Javascript:void(0);" onclick="javascript:addbookcase(183945);">�������</a></p>
</li>
</ul>
</div>
  </tr>
<tr>
<div class="storelistbt5"> 
<ul>
<li class="storelistbt5a">
<a href="http://www.80ge.info/txtxz/178135.html" target="_blank"><img src="http://img.80ge.info/178/178135/178135s.jpg" title="������ʬ��"></a>
<a href="http://www.80ge.info/txtxz/178135.html" title="������ʬ��TXTȫ������" class="bookname" target="_blank">��������ʬ�ˡ�TXT����</a><span class="bookdata">�ܵ����0</span>
<p>���ߣ�<a href="/author/�ݵ���/" target="_blank">�ݵ���</a>���ࣺ�ֲ����</p>
<p>    ڤ�����𣬹��Ŵ󿪣��ų����ң��˼����������������Ϊ��ʬһ���Ĵ��ˣ�������һ����ı���������׼��Լ�����Ϊ����������Ե��ڰٹ�֮�У�Ѱ�����ٹ�Χ��������磺�ų���    �Ӵˣ�һ���˹���;�Ĳ�����Ϸ��������Ļ���� ...</p>
<p>״̬:<span class="strong green">������</span> ����:23-11-06 �����½�:���ľ����� �ڶ��پ�ʮ����һ�����Σ����֣� </p>
</li>
<li class="storelistbt5b">
<p><a href="http://www.80ge.info/txtxz/178135.html" target="_blank">TXT����</a></p>
<p><a rel="nofollow" href="Javascript:void(0);" onclick="javascript:vote(178135);">Ͷ�Ƽ�Ʊ</a></p>
<p><a rel="nofollow" href="Javascript:void(0);" onclick="javascript:addbookcase(178135);">�������</a></p>
</li>
</ul>
</div>
  </tr>
<tr>
<div class="storelistbt5"> 
<ul>
<li class="storelistbt5a">
<a href="http://www.80ge.info/txtxz/201610.html" target="_blank"><img src="http://img.80ge.info/201/201610/201610s.jpg" title="ĩ������ʬ��"></a>
<a href="http://www.80ge.info/txtxz/201610.html" title="ĩ������ʬ��TXTȫ������" class="bookname" target="_blank">��ĩ������ʬ�ˡ�TXT����</a><span class="bookdata">�ܵ����0</span>
<p>���ߣ�<a href="/author/candyСĬİ/" target="_blank">candyСĬİ</a>���ࣺ�������</p>
<p>    �ҽ���Сİ��������������һλ��ʬ�ˣ������ң�����ѧ�Ĵ��� ...</p>
<p>״̬:<span class="strong green">������</span> ����:25-04-19 �����½�:��һ�ٶ�ʮ�£������ </p>
</li>
<li class="storelistbt5b">
<p><a href="http://www.80ge.info/txtxz/201610.html" target="_blank">TXT����</a></p>
<p><a rel="nofollow" href="Javascript:void(0);" onclick="javascript:vote(201610);">Ͷ�Ƽ�Ʊ</a></p>
<p><a rel="nofollow" href="Javascript:void(0);" onclick="javascript:addbookcase(201610);">�������</a></p>
</li>
</ul>
</div>
  </tr>
<tr>
<div class="storelistbt5"> 
<ul>
<li class="storelistbt5a">
<a href="http://www.80ge.info/txtxz/154914.html" target="_blank"><img src="http://img.80ge.info/154/154914/154914s.jpg" title="���˰ɣ��Ҵ��Ÿ���У��ȥ��ʬ"></a>
<a href="http://www.80ge.info/txtxz/154914.html" title="���˰ɣ��Ҵ��Ÿ���У��ȥ��ʬTXTȫ������" class="bookname" target="_blank">�����˰ɣ��Ҵ��Ÿ���У��ȥ��ʬ��TXT����</a><span class="bookdata">�ܵ����935</span>
<p>���ߣ�<a href="/author/����/" target="_blank">����</a>���ࣺ�ֲ����</p>
<p>    ��ʬ�˵Ľ����кܶ࣬�������˲����ţ�˵������а�����ⲻ������У���ܲ���һ��ˮ����һ��ʬ��    �����Ǳ����Һ��������ӣ� ...</p>
<p>״̬:<span class="strong green">������</span> ����:22-09-14 �����½�:��һ�پ�ʮ���£����޼ɵ� </p>
</li>
<li class="storelistbt5b">
<p><a href="http://www.80ge.info/txtxz/154914.html" target="_blank">TXT����</a></p>
<p><a rel="nofollow" href="Javascript:void(0);" onclick="javascript:vote(154914);">Ͷ�Ƽ�Ʊ</a></p>
<p><a rel="nofollow" href="Javascript:void(0);" onclick="javascript:addbookcase(154914);">�������</a></p>
</li>
</ul>
</div>
  </tr>
<tr>
<div class="storelistbt5"> 
<ul>
<li class="storelistbt5a">
<a href="http://www.80ge.info/txtxz/180768.html" target="_blank"><img src="http://img.80ge.info/180/180768/180768s.jpg" title="���ڳ�ϲ��������"></a>
<a href="http://www.80ge.info/txtxz/180768.html" title="���ڳ�ϲ��������TXTȫ������" class="bookname" target="_blank">�����ڳ�ϲ�������ˡ�TXT����</a><span class="bookdata">�ܵ����0</span>
<p>���ߣ�<a href="/author/��è�԰�/" target="_blank">��è�԰�</a>���ࣺ��ƪ�ۺ�</p>
<p>    ���ٴ���Ű�ĺ�����Ҫ���������̳�����    ����ƪ��ϲ�ģ����ǹ��Ǻ��Ŵ������̣����������Ȣ�������ܳ�ϲ���������������������Ը���������뿪����ǿȡ���ᣬŰ��Ű���    �����̨�������������������Ŀ����� ...</p>
<p>״̬:<span class="strong blue">�����</span> ����:23-12-28 �����½�:110 ���⡤if�ߡ�����ƪ���꣩ </p>
</li>
<li class="storelistbt5b">
<p><a href="http://www.80ge.info/txtxz/180768.html" target="_blank">TXT����</a></p>
<p><a rel="nofollow" href="Javascript:void(0);" onclick="javascript:vote(180768);">Ͷ�Ƽ�Ʊ</a></p>
<p><a rel="nofollow" href="Javascript:void(0);" onclick="javascript:addbookcase(180768);">�������</a></p>
</li>
</ul>
</div>
  </tr>
<tr>
<div class="storelistbt5"> 
<ul>
<li class="storelistbt5a">
<a href="http://www.80ge.info/txtxz/184944.html" target="_blank"><img src="http://img.80ge.info/184/184944/184944s.jpg" title="���ǹ�"></a>
<a href="http://www.80ge.info/txtxz/184944.html" title="���ǹ�TXTȫ������" class="bookname" target="_blank">�����ǹ⡷TXT����</a><span class="bookdata">�ܵ����0</span>
<p>���ߣ�<a href="/author/ȽȽϪ/" target="_blank">ȽȽϪ</a>���ࣺ��ƪ�ۺ�</p>
<p>    �����Ƽ����ѳ���У԰�ġ����߸����졷by�����ģ��İ�����    �����ӵ��ġ�ʢ�����������ղ�    #Ұ�Ĳ�����ҵ����X����õ����������#    1.˦��ǰ���ѵĵ����꣬�ƾ���������������⧲��������ط��ˡ�    ...</p>
<p>״̬:<span class="strong blue">�����</span> ����:24-05-13 �����½�:88 ����ս </p>
</li>
<li class="storelistbt5b">
<p><a href="http://www.80ge.info/txtxz/184944.html" target="_blank">TXT����</a></p>
<p><a rel="nofollow" href="Javascript:void(0);" onclick="javascript:vote(184944);">Ͷ�Ƽ�Ʊ</a></p>
<p><a rel="nofollow" href="Javascript:void(0);" onclick="javascript:addbookcase(184944);">�������</a></p>
</li>
</ul>
</div>
  </tr>
<tr>
<div class="storelistbt5"> 
<ul>
<li class="storelistbt5a">
<a href="http://www.80ge.info/txtxz/145222.html" target="_blank"><img src="http://img.80ge.info/145/145222/145222s.jpg" title="����֮���Ǻ�����"></a>
<a href="http://www.80ge.info/txtxz/145222.html" title="����֮���Ǻ�����TXTȫ������" class="bookname" target="_blank">������֮���Ǻ����̡�TXT����</a><span class="bookdata">�ܵ����164</span>
<p>���ߣ�<a href="/author/������/" target="_blank">������</a>���ࣺ��ƪ�ۺ�</p>
<p>    ǧ���˿��������������֮������������Լ�������֮·��ʲô�����͹֣�    ��Ů�����ţ�˧�磿�������ͳͳ���£� ...</p>
<p>״̬:<span class="strong green">������</span> ����:21-09-15 �����½�:�����£�Ϊ����ս </p>
</li>
<li class="storelistbt5b">
<p><a href="http://www.80ge.info/txtxz/145222.html" target="_blank">TXT����</a></p>
<p><a rel="nofollow" href="Javascript:void(0);" onclick="javascript:vote(145222);">Ͷ�Ƽ�Ʊ</a></p>
<p><a rel="nofollow" href="Javascript:void(0);" onclick="javascript:addbookcase(145222);">�������</a></p>
</li>
</ul>
</div>
  </tr>
<tr>
<div class="storelistbt5"> 
<ul>
<li class="storelistbt5a">
<a href="http://www.80ge.info/txtxz/150586.html" target="_blank"><img src="http://img.80ge.info/150/150586/150586s.jpg" title="������ʬ��"></a>
<a href="http://www.80ge.info/txtxz/150586.html" title="������ʬ��TXTȫ������" class="bookname" target="_blank">��������ʬ�ˡ�TXT����</a><span class="bookdata">�ܵ����2158</span>
<p>���ߣ�<a href="/author/Į����ү/" target="_blank">Į����ү</a>���ࣺ�������</p>
<p>    ����־�죬�����С�    ��Ϊ�ף��Ų�������ױ���ݣ������ˣ�����������ʬ�壬����Ҫ�������ᣬ�����������䡣    ��Ĭһ���������������ŵ�Ƥ�潳��Ϊ�������ݣ����ɻ�ý�����    ����ɹ�Ϊһ�߻Ƽ���Ʒʬ������ ...</p>
<p>״̬:<span class="strong green">������</span> ����:22-03-23 �����½�:��һ����ʮ���� ���֣������ټ� </p>
</li>
<li class="storelistbt5b">
<p><a href="http://www.80ge.info/txtxz/150586.html" target="_blank">TXT����</a></p>
<p><a rel="nofollow" href="Javascript:void(0);" onclick="javascript:vote(150586);">Ͷ�Ƽ�Ʊ</a></p>
<p><a rel="nofollow" href="Javascript:void(0);" onclick="javascript:addbookcase(150586);">�������</a></p>
</li>
</ul>
</div>
  </tr>
<tr>
<div class="storelistbt5"> 
<ul>
<li class="storelistbt5a">
<a href="http://www.80ge.info/txtxz/130084.html" target="_blank"><img src="http://img.80ge.info/130/130084/130084s.jpg" title="��ѧ��ʬ��"></a>
<a href="http://www.80ge.info/txtxz/130084.html" title="��ѧ��ʬ��TXTȫ������" class="bookname" target="_blank">����ѧ��ʬ�ˡ�TXT����</a><span class="bookdata">�ܵ����49892</span>
<p>���ߣ�<a href="/author/����/" target="_blank">����</a>���ࣺ������Ϸ</p>
<p>    ����A������ģ�    �����18���������ܳ�����    ����B�����ĳ���    �����츳������������ϧ�ˡ���    ����C�������磺    ���뿪��֯�ɣ��㲻��վ�ںڰ����    ������������    ���ġ��� ...</p>
<p>״̬:<span class="strong green">������</span> ����:26-08-14 �����½�:4109�������ļƻ��� </p>
</li>
<li class="storelistbt5b">
<p><a href="http://www.80ge.info/txtxz/130084.html" target="_blank">TXT����</a></p>
<p><a rel="nofollow" href="Javascript:void(0);" onclick="javascript:vote(130084);">Ͷ�Ƽ�Ʊ</a></p>
<p><a rel="nofollow" href="Javascript:void(0);" onclick="javascript:addbookcase(130084);">�������</a></p>
</li>
</ul>
</div>
  </tr>
<tr>
<div class="storelistbt5"> 
<ul>
<li class="storelistbt5a">
<a href="http://www.80ge.info/txtxz/133480.html" target="_blank"><img src="http://img.80ge.info/133/133480/133480s.jpg" title="����������ʬ��"></a>
<a href="http://www.80ge.info/txtxz/133480.html" title="����������ʬ��TXTȫ������" class="bookname" target="_blank">������������ʬ�ˡ�TXT����</a><span class="bookdata">�ܵ����9809</span>
<p>���ߣ�<a href="/author/��˯������/" target="_blank">��˯������</a>���ࣺ�������</p>
<p>    ���а��������飬����ʳ�á�    �ػ�һ������Խ�������������һ��������    ��������Ϊ�Լ�һ���Ӿͺ�ʬ��򽻵��ˡ�    û�뵽һ����ʬ��ȴ����������Ĵ��š�    ��������η��֮������졣    ��ͷŮ ...</p>
<p>״̬:<span class="strong green">������</span> ����:21-12-03 �����½�:�������������Ƽ�����׷���� </p>
</li>
<li class="storelistbt5b">
<p><a href="http://www.80ge.info/txtxz/133480.html" target="_blank">TXT����</a></p>
<p><a rel="nofollow" href="Javascript:void(0);" onclick="javascript:vote(133480);">Ͷ�Ƽ�Ʊ</a></p>
<p><a rel="nofollow" href="Javascript:void(0);" onclick="javascript:addbookcase(133480);">�������</a></p>
</li>
</ul>
</div>
  </tr>
<tr>
<div class="storelistbt5"> 
<ul>
<li class="storelistbt5a">
<a href="http://www.80ge.info/txtxz/192725.html" target="_blank"><img src="http://img.80ge.info/192/192725/192725s.jpg" title="����ʬ���޵���"></a>
<a href="http://www.80ge.info/txtxz/192725.html" title="����ʬ���޵���TXTȫ������" class="bookname" target="_blank">������ʬ���޵��ˡ�TXT����</a><span class="bookdata">�ܵ����0</span>
<p>���ߣ�<a href="/author/�����/" target="_blank">�����</a>���ࣺ��ƪ�ۺ�</p>
<p>    �ҳ������죬������㣬���ֲ��ϡ�Ϊ��������үү����ÿ�������ŮʬΪ�顣    ʮ�����үү�����޵�Ԥ�������������ɹײ���Ĳ���Ůʬȴ�����޵���������ˮ��������é�����ʮ����Ф��������ʬ���仨��Ů���置�׹ƣ����� ...</p>
<p>״̬:<span class="strong blue">�����</span> ����:24-07-18 �����½�:��191�� ���� </p>
</li>
<li class="storelistbt5b">
<p><a href="http://www.80ge.info/txtxz/192725.html" target="_blank">TXT����</a></p>
<p><a rel="nofollow" href="Javascript:void(0);" onclick="javascript:vote(192725);">Ͷ�Ƽ�Ʊ</a></p>
<p><a rel="nofollow" href="Javascript:void(0);" onclick="javascript:addbookcase(192725);">�������</a></p>
</li>
</ul>
</div>
  </tr>
<tr>
<div class="storelistbt5"> 
<ul>
<li class="storelistbt5a">
<a href="http://www.80ge.info/txtxz/15965.html" target="_blank"><img src="http://img.80ge.info/15/15965/15965s.jpg" title="������ļ�ʬ��"></a>
<a href="http://www.80ge.info/txtxz/15965.html" title="������ļ�ʬ��TXTȫ������" class="bookname" target="_blank">��������ļ�ʬ�ˡ�TXT����</a><span class="bookdata">�ܵ����19648</span>
<p>���ߣ�<a href="/author/����/" target="_blank">����</a>���ࣺ������Ϸ</p>
<p>    ��α��Ī���ǵٵľƳ����ġ����������ȷ�䵽����⻷��    ������������    ��������һ�ڼ��̣��ǳ���³���Ȧ��    ����ֻ���㰸�Ӽ��ʬ��û�뵽���Լ�����˷������еġ�����߻�ʦ������    ��ʲô������ ...</p>
<p>״̬:<span class="strong green">������</span> ����:26-08-14 �����½�:4109�������ļƻ��� </p>
</li>
<li class="storelistbt5b">
<p><a href="http://www.80ge.info/txtxz/15965.html" target="_blank">TXT����</a></p>
<p><a rel="nofollow" href="Javascript:void(0);" onclick="javascript:vote(15965);">Ͷ�Ƽ�Ʊ</a></p>
<p><a rel="nofollow" href="Javascript:void(0);" onclick="javascript:addbookcase(15965);">�������</a></p>
</li>
</ul>
</div>
  </tr>
<tr>
<div class="storelistbt5"> 
<ul>
<li class="storelistbt5a">
<a href="http://www.80ge.info/txtxz/207323.html" target="_blank"><img src="http://img.80ge.info/207/207323/207323s.jpg" title="��ʬ��������������ʬ�潫��"></a>
<a href="http://www.80ge.info/txtxz/207323.html" title="��ʬ��������������ʬ�潫��TXTȫ������" class="bookname" target="_blank">����ʬ��������������ʬ�潫����TXT����</a><span class="bookdata">�ܵ����0</span>
<p>���ߣ�<a href="/author/�ֿ���ʿ/" target="_blank">�ֿ���ʿ</a>���ࣺ��������</p>
<p>    ȫ��תְʱ�������干�棻������������������ħ������������缫Ϊ������    ��ҵ�ϵ���ƣ��ھ���ʱû�ܼ̳м��崫��ְҵ������ʦ����������������ʬ�ˣ��ܾ�������Ц��    �����Ժ�ľ�ҵ����ֻ��ȥ���ǹݰ�ʬ������ ...</p>
<p>״̬:<span class="strong green">������</span> ����:25-07-22 �����½�:�ھ�ʮ���� ����ƪ��ᣡ�˴˵����⣡ </p>
</li>
<li class="storelistbt5b">
<p><a href="http://www.80ge.info/txtxz/207323.html" target="_blank">TXT����</a></p>
<p><a rel="nofollow" href="Javascript:void(0);" onclick="javascript:vote(207323);">Ͷ�Ƽ�Ʊ</a></p>
<p><a rel="nofollow" href="Javascript:void(0);" onclick="javascript:addbookcase(207323);">�������</a></p>
</li>
</ul>
</div>
  </tr>
<tr>
<div class="storelistbt5"> 
<ul>
<li class="storelistbt5a">
<a href="http://www.80ge.info/txtxz/191806.html" target="_blank"><img src="http://img.80ge.info/191/191806/191806s.jpg" title="Ȩ���ټ����ţ��ҿ����ﱩ������"></a>
<a href="http://www.80ge.info/txtxz/191806.html" title="Ȩ���ټ����ţ��ҿ����ﱩ������TXTȫ������" class="bookname" target="_blank">��Ȩ���ټ����ţ��ҿ����ﱩ�����ˡ�TXT����</a><span class="bookdata">�ܵ����0</span>
<p>���ߣ�<a href="/author/������ˮ/" target="_blank">������ˮ</a>���ࣺ��ƪ�ۺ�</p>
<p>    ������+����+����Ի�+��衿һ����������֪΢���˱��Ļ������ߵ�С�ƺ�����������鿨ϵͳ��    һ���˿��֣�����ȫ���鿨���������񡣼�Ʒ����Ҫ���������ɰ����˻���    �Ǿ������ÿ���������������������� ...</p>
<p>״̬:<span class="strong green">������</span> ����:24-07-24 �����½�:�ڶ�ʮ���£�Ҫ������һ���� </p>
</li>
<li class="storelistbt5b">
<p><a href="http://www.80ge.info/txtxz/191806.html" target="_blank">TXT����</a></p>
<p><a rel="nofollow" href="Javascript:void(0);" onclick="javascript:vote(191806);">Ͷ�Ƽ�Ʊ</a></p>
<p><a rel="nofollow" href="Javascript:void(0);" onclick="javascript:addbookcase(191806);">�������</a></p>
</li>
</ul>
</div>
  </tr>
<tr>
<div class="storelistbt5"> 
<ul>
<li class="storelistbt5a">
<a href="http://www.80ge.info/txtxz/64171.html" target="_blank"><img src="http://img.80ge.info/64/64171/64171s.jpg" title="ʬ��ʬ��"></a>
<a href="http://www.80ge.info/txtxz/64171.html" title="ʬ��ʬ��TXTȫ������" class="bookname" target="_blank">��ʬ��ʬ�á�TXT����</a><span class="bookdata">�ܵ����7629</span>
<p>���ߣ�<a href="/author/��������/" target="_blank">��������</a>���ࣺ�ֲ����</p>
<p>    �ÿ���һ��ΰ���������Ҳ��һ������ļ�������͵´���û����Լ����Ϊһ���ÿأ�������ĩ������ֻ�и��õ��ÿز���������ȥ������һ������������Ѫ�����ڿ��뱻�صĵ�·��Խ��ԽԶ���������
    ɥʬ��һ��������� ...</p>
<p>״̬:<span class="strong green">������</span> ����:17-06-21 �����½�:��181�� Ӱ�������� </p>
</li>
<li class="storelistbt5b">
<p><a href="http://www.80ge.info/txtxz/64171.html" target="_blank">TXT����</a></p>
<p><a rel="nofollow" href="Javascript:void(0);" onclick="javascript:vote(64171);">Ͷ�Ƽ�Ʊ</a></p>
<p><a rel="nofollow" href="Javascript:void(0);" onclick="javascript:addbookcase(64171);">�������</a></p>
</li>
</ul>
</div>
  </tr>
<tr>
<div class="storelistbt5"> 
<ul>
<li class="storelistbt5a">
<a href="http://www.80ge.info/txtxz/143389.html" target="_blank"><img src="http://img.80ge.info/143/143389/143389s.jpg" title="������ʬ�˵�����"></a>
<a href="http://www.80ge.info/txtxz/143389.html" title="������ʬ�˵�����TXTȫ������" class="bookname" target="_blank">��������ʬ�˵����ӡ�TXT����</a><span class="bookdata">�ܵ����6616</span>
<p>���ߣ�<a href="/author/�λ���/" target="_blank">�λ���</a>���ࣺ��������</p>
<p>    �����������������ˡ�    ÿ��������ǰִ���������������а�    �����÷����������䣬�����ô���ͨ�������÷�ˮ����ѹ��    ʳ��֮»���ɾ�֮������������������ִ�    �������ٿ�һ���������׵Ķ� ...</p>
<p>״̬:<span class="strong green">������</span> ����:22-04-30 �����½�:��������ʮ���� </p>
</li>
<li class="storelistbt5b">
<p><a href="http://www.80ge.info/txtxz/143389.html" target="_blank">TXT����</a></p>
<p><a rel="nofollow" href="Javascript:void(0);" onclick="javascript:vote(143389);">Ͷ�Ƽ�Ʊ</a></p>
<p><a rel="nofollow" href="Javascript:void(0);" onclick="javascript:addbookcase(143389);">�������</a></p>
</li>
</ul>
</div>
  </tr>
<tr>
<div class="storelistbt5"> 
<ul>
<li class="storelistbt5a">
<a href="http://www.80ge.info/txtxz/193122.html" target="_blank"><img src="http://img.80ge.info/193/193122/193122s.jpg" title="������֮��ʬ��"></a>
<a href="http://www.80ge.info/txtxz/193122.html" title="������֮��ʬ��TXTȫ������" class="bookname" target="_blank">��������֮��ʬ�ˡ�TXT����</a><span class="bookdata">�ܵ����0</span>
<p>���ߣ�<a href="/author/�Ʒ���/" target="_blank">�Ʒ���</a>���ࣺ�ֲ����</p>
<p>    ��֪����ʬ�𣿻�����������˶�����������ҵ��������ʲô�ġ�    �������������������������ֹ�Ϊ��֪�������е�����ʬ���޷���������ʬ��Ӵ�������������ְҵ���ˡ�    ����Щ���飬���˲�������㣬��겻����� ...</p>
<p>״̬:<span class="strong green">������</span> ����:24-08-10 �����½�:��������ʮ����  �����ӡ�� </p>
</li>
<li class="storelistbt5b">
<p><a href="http://www.80ge.info/txtxz/193122.html" target="_blank">TXT����</a></p>
<p><a rel="nofollow" href="Javascript:void(0);" onclick="javascript:vote(193122);">Ͷ�Ƽ�Ʊ</a></p>
<p><a rel="nofollow" href="Javascript:void(0);" onclick="javascript:addbookcase(193122);">�������</a></p>
</li>
</ul>
</div>
  </tr>
<tr>
<div class="storelistbt5"> 
<ul>
<li class="storelistbt5a">
<a href="http://www.80ge.info/txtxz/216693.html" target="_blank"><img src="http://img.80ge.info/216/216693/216693s.jpg" title="оƬΧ�ǣ���ʬ�˵ľ���"></a>
<a href="http://www.80ge.info/txtxz/216693.html" title="оƬΧ�ǣ���ʬ�˵ľ���TXTȫ������" class="bookname" target="_blank">��оƬΧ�ǣ���ʬ�˵ľ��ѡ�TXT����</a><span class="bookdata">�ܵ����0</span>
<p>���ߣ�<a href="/author/alway/" target="_blank">alway</a>���ࣺ�ƻ�δ��</p>
<p>    �������ֵ��������Ϊ�����������������������������壬ȴ��ס������΢�⡣    ���������ҹ��ɥʬ����ӿ�����������о�Ա������˹���ʬ�˼�������贵�������˺���˻���˾�ٿ�����ĺ�Ļ��    ���Ǵ�Խ���߶��У��� ...</p>
<p>״̬:<span class="strong green">������</span> ����:26-01-20 �����½�:�ڶ�ʮ�£�����ɥʬ���������¼ƻ��ĵ��� </p>
</li>
<li class="storelistbt5b">
<p><a href="http://www.80ge.info/txtxz/216693.html" target="_blank">TXT����</a></p>
<p><a rel="nofollow" href="Javascript:void(0);" onclick="javascript:vote(216693);">Ͷ�Ƽ�Ʊ</a></p>
<p><a rel="nofollow" href="Javascript:void(0);" onclick="javascript:addbookcase(216693);">�������</a></p>
</li>
</ul>
</div>
  </tr>
<tr>
<div class="storelistbt5"> 
<ul>
<li class="storelistbt5a">
<a href="http://www.80ge.info/txtxz/210232.html" target="_blank"><img src="http://img.80ge.info/210/210232/210232s.jpg" title="�촩��Ů�ճ�"></a>
<a href="http://www.80ge.info/txtxz/210232.html" title="�촩��Ů�ճ�TXTȫ������" class="bookname" target="_blank">���촩��Ů�ճ���TXT����</a><span class="bookdata">�ܵ����0</span>
<p>���ߣ�<a href="/author/Ѧ�廢/" target="_blank">Ѧ�廢</a>���ࣺ��ʷ����</p>
<p>    �������Ƶ�С�ֵ���ղ��������Ľ���2025��8��13����V����V�½�24������ע�⣬����������ù�����V��Ŭ��ÿ��˫����ǧ�֣���ӭ��Ҽ���֧�֡�    ��һ��������ʮ�꣬��ǰ���绪��ï��Ӧ�о��У�����������һ ...</p>
<p>״̬:<span class="strong green">������</span> ����:26-05-10 �����½�:553 �߹������⣬��̳�壬���� </p>
</li>
<li class="storelistbt5b">
<p><a href="http://www.80ge.info/txtxz/210232.html" target="_blank">TXT����</a></p>
<p><a rel="nofollow" href="Javascript:void(0);" onclick="javascript:vote(210232);">Ͷ�Ƽ�Ʊ</a></p>
<p><a rel="nofollow" href="Javascript:void(0);" onclick="javascript:addbookcase(210232);">�������</a></p>
</li>
</ul>
</div>
  </tr>
<tr>
<div class="storelistbt5"> 
<ul>
<li class="storelistbt5a">
<a href="http://www.80ge.info/txtxz/26186.html" target="_blank"><img src="http://img.80ge.info/26/26186/26186s.jpg" title="ʬ��Xʬ��"></a>
<a href="http://www.80ge.info/txtxz/26186.html" title="ʬ��Xʬ��TXTȫ������" class="bookname" target="_blank">��ʬ��Xʬ�䡷TXT����</a><span class="bookdata">�ܵ����3852</span>
<p>���ߣ�<a href="/author/���̷��/" target="_blank">���̷��</a>���ࣺ��Խ����</p>
<p>    �����ˣ�ʬ��Xʬ�������½��У�С˵�������ˣ�ʬ��Xʬ�䡷���̷��/��,�����ˣ�ʬ��Xʬ��ȫ���Ķ�    �ӻķ���������������
    ��ƤҮ�࣬���ǲ�����
    ��Ϊ����ŷ����ȥ������ʱֿ��
    ��������ʾ ...</p>
<p>״̬:<span class="strong green">������</span> ����:17-07-27 �����½�:74 ����X֮��X���� </p>
</li>
<li class="storelistbt5b">
<p><a href="http://www.80ge.info/txtxz/26186.html" target="_blank">TXT����</a></p>
<p><a rel="nofollow" href="Javascript:void(0);" onclick="javascript:vote(26186);">Ͷ�Ƽ�Ʊ</a></p>
<p><a rel="nofollow" href="Javascript:void(0);" onclick="javascript:addbookcase(26186);">�������</a></p>
</li>
</ul>
</div>
  </tr>
<tr>
<div class="storelistbt5"> 
<ul>
<li class="storelistbt5a">
<a href="http://www.80ge.info/txtxz/196547.html" target="_blank"><img src="http://img.80ge.info/196/196547/196547s.jpg" title="��ʬ�����������ٻ�����ʬ"></a>
<a href="http://www.80ge.info/txtxz/196547.html" title="��ʬ�����������ٻ�����ʬTXTȫ������" class="bookname" target="_blank">����ʬ�����������ٻ�����ʬ��TXT����</a><span class="bookdata">�ܵ����0</span>
<p>���ߣ�<a href="/author/����/" target="_blank">����</a>���ࣺ��ƪ�ۺ�</p>
<p>    ��Խתְ���磬��ҹ�����Լ�תְΪ����ְҵ:��ʬ�ٻ�ʦ    �����ֻ���ٻ���ʬ����    ��ְҵ�������ţ�������а�Ű�����    ���ڽ�ҹ���ѡ�����:    ѡ���������˵����ְҵ:��ʬ�ˣ�    ̧��֮�䣬 ...</p>
<p>״̬:<span class="strong green">������</span> ����:24-12-02 �����½�:��240��  ����2 </p>
</li>
<li class="storelistbt5b">
<p><a href="http://www.80ge.info/txtxz/196547.html" target="_blank">TXT����</a></p>
<p><a rel="nofollow" href="Javascript:void(0);" onclick="javascript:vote(196547);">Ͷ�Ƽ�Ʊ</a></p>
<p><a rel="nofollow" href="Javascript:void(0);" onclick="javascript:addbookcase(196547);">�������</a></p>
</li>
</ul>
</div>
  </tr>
<tr>
<div class="storelistbt5"> 
<ul>
<li class="storelistbt5a">
<a href="http://www.80ge.info/txtxz/200110.html" target="_blank"><img src="http://img.80ge.info/200/200110/200110s.jpg" title="�ƾ�����̸��"></a>
<a href="http://www.80ge.info/txtxz/200110.html" title="�ƾ�����̸��TXTȫ������" class="bookname" target="_blank">���ƾ�����̸�硷TXT����</a><span class="bookdata">�ܵ����0</span>
<p>���ߣ�<a href="/author/����/" target="_blank">����</a>���ࣺ��ʷ����</p>
<p>    ����谴���һ���ƾ�������ͬ����ĸ�Ĵ����ܵܡ�������Ϊ��ƽ��ճ��ӣ���ӱ���ף��ƾٺ����һ·����ֱ�ϣ���Ϊһ��������    ��ԭ��һ����Ū���������ü̳г�ƽ��ľ�λ���������ζ�������ɱ�֣����ձ����޿��̵������ϳ��� ...</p>
<p>״̬:<span class="strong green">������</span> ����:26-05-25 �����½�:65 065 </p>
</li>
<li class="storelistbt5b">
<p><a href="http://www.80ge.info/txtxz/200110.html" target="_blank">TXT����</a></p>
<p><a rel="nofollow" href="Javascript:void(0);" onclick="javascript:vote(200110);">Ͷ�Ƽ�Ʊ</a></p>
<p><a rel="nofollow" href="Javascript:void(0);" onclick="javascript:addbookcase(200110);">�������</a></p>
</li>
</ul>
</div>
  </tr>
<tr>
<div class="storelistbt5"> 
<ul>
<li class="storelistbt5a">
<a href="http://www.80ge.info/txtxz/218840.html" target="_blank"><img src="http://img.80ge.info/218/218840/218840s.jpg" title="��Ů�߼��ֲ�"></a>
<a href="http://www.80ge.info/txtxz/218840.html" title="��Ů�߼��ֲ�TXTȫ������" class="bookname" target="_blank">����Ů�߼��ֲᡷTXT����</a><span class="bookdata">�ܵ����0</span>
<p>���ߣ�<a href="/author/�㶹�ռ�/" target="_blank">�㶹�ռ�</a>���ࣺ��ƪ�ۺ�</p>
<p>    ���Ļ�������Ů��??��ɫȨ�����ˡ���\n��޼������ʹ��ƶ�����е����ˡ�    \n��˵����������Ů�˵ĵڶ���Ͷ̥����\n����������ò��Ұ�����ͳ��룬�����ڸ�ɫ����֮�䡣    \n������ƣ�����ΪӪ�������� ...</p>
<p>״̬:<span class="strong green">������</span> ����:26-08-14 �����½�:�� 525 �� ϯ���� </p>
</li>
<li class="storelistbt5b">
<p><a href="http://www.80ge.info/txtxz/218840.html" target="_blank">TXT����</a></p>
<p><a rel="nofollow" href="Javascript:void(0);" onclick="javascript:vote(218840);">Ͷ�Ƽ�Ʊ</a></p>
<p><a rel="nofollow" href="Javascript:void(0);" onclick="javascript:addbookcase(218840);">�������</a></p>
</li>
</ul>
</div>
  </tr>
<tr>
<div class="storelistbt5"> 
<ul>
<li class="storelistbt5a">
<a href="http://www.80ge.info/txtxz/143737.html" target="_blank"><img src="http://img.80ge.info/143/143737/143737s.jpg" title="�ҵ���ʬ�˵���Щ��"></a>
<a href="http://www.80ge.info/txtxz/143737.html" title="�ҵ���ʬ�˵���Щ��TXTȫ������" class="bookname" target="_blank">���ҵ���ʬ�˵���Щ�꡷TXT����</a><span class="bookdata">�ܵ����591</span>
<p>���ߣ�<a href="/author/��ͻ�̵�����/" target="_blank">��ͻ�̵�����</a>���ࣺ�������</p>
<p>    �㴩Խ�ˣ���������һ��Σ�����ء��鲼�����¼������硣������ˮ��ˮ������˹����ֽ�ˡ����١�����ָ·����Ĺ���𡭡�Σ�ս��ƽ�������ˣ�һ��������Ķ��������ʬ�������˳��������ҡ���    ������ĳ�������Ӳ������� ...</p>
<p>״̬:<span class="strong green">������</span> ����:21-08-21 �����½�:��Ǹ���Բ��𡭡� </p>
</li>
<li class="storelistbt5b">
<p><a href="http://www.80ge.info/txtxz/143737.html" target="_blank">TXT����</a></p>
<p><a rel="nofollow" href="Javascript:void(0);" onclick="javascript:vote(143737);">Ͷ�Ƽ�Ʊ</a></p>
<p><a rel="nofollow" href="Javascript:void(0);" onclick="javascript:addbookcase(143737);">�������</a></p>
</li>
</ul>
</div>
  </tr>
<tr>
<div class="storelistbt5"> 
<ul>
<li class="storelistbt5a">
<a href="http://www.80ge.info/txtxz/42700.html" target="_blank"><img src="http://img.80ge.info/42/42700/42700s.jpg" title="��ʬ"></a>
<a href="http://www.80ge.info/txtxz/42700.html" title="��ʬTXTȫ������" class="bookname" target="_blank">����ʬ��TXT����</a><span class="bookdata">�ܵ����19241</span>
<p>���ߣ�<a href="/author/��һ/" target="_blank">��һ</a>���ࣺ��������</p>
<p>    �����Ѳ⣬�β������Է���
    ���Ĺ��죬�β��ƻ�������
 ...</p>
<p>״̬:<span class="strong green">������</span> ����:17-07-27 �����½�:��1083�� һ�ж������� </p>
</li>
<li class="storelistbt5b">
<p><a href="http://www.80ge.info/txtxz/42700.html" target="_blank">TXT����</a></p>
<p><a rel="nofollow" href="Javascript:void(0);" onclick="javascript:vote(42700);">Ͷ�Ƽ�Ʊ</a></p>
<p><a rel="nofollow" href="Javascript:void(0);" onclick="javascript:addbookcase(42700);">�������</a></p>
</li>
</ul>
</div>
  </tr>
<tr>
<div class="storelistbt5"> 
<ul>
<li class="storelistbt5a">
<a href="http://www.80ge.info/txtxz/45621.html" target="_blank"><img src="http://img.80ge.info/45/45621/45621s.jpg" title="ʬ��"></a>
<a href="http://www.80ge.info/txtxz/45621.html" title="ʬ��TXTȫ������" class="bookname" target="_blank">��ʬ����TXT����</a><span class="bookdata">�ܵ����6418</span>
<p>���ߣ�<a href="/author/���ŵ�ү/" target="_blank">���ŵ�ү</a>���ࣺ�ֲ����</p>
<p>    ���Ӳ�����������ҷǵ���һ����
    ��ү����һ��1993�굽2013�����ʮ�������������л��������һ��������ͽ����Щ�¡�
    �ڴ˸�л�ṩд���زġ����������������߽���Ϊ�����·��㣬�Ҳ��õ�һ�˳��� ...</p>
<p>״̬:<span class="strong green">������</span> ����:17-07-27 �����½�:�����ϼ� </p>
</li>
<li class="storelistbt5b">
<p><a href="http://www.80ge.info/txtxz/45621.html" target="_blank">TXT����</a></p>
<p><a rel="nofollow" href="Javascript:void(0);" onclick="javascript:vote(45621);">Ͷ�Ƽ�Ʊ</a></p>
<p><a rel="nofollow" href="Javascript:void(0);" onclick="javascript:addbookcase(45621);">�������</a></p>
</li>
</ul>
</div>
  </tr>
<tr>
<div class="storelistbt5"> 
<ul>
<li class="storelistbt5a">
<a href="http://www.80ge.info/txtxz/18017.html" target="_blank"><img src="http://img.80ge.info/18/18017/18017s.jpg" title="��ʬ"></a>
<a href="http://www.80ge.info/txtxz/18017.html" title="��ʬTXTȫ������" class="bookname" target="_blank">����ʬ��TXT����</a><span class="bookdata">�ܵ����3943</span>
<p>���ߣ�<a href="/author/�ҳ���/" target="_blank">�ҳ���</a>���ࣺ������Ϸ</p>
<p>    ����ħ����һ��֮�䡣
    ��˵Ӧ�飬����ǧ�����ѵ����꣬��ǧ���������������һ·��ʬ�����ִ�½֮�ϡ�
    ����֮�������������֮���������������������֮�磻����֮������������ʡ�
    �������ȫ���� ...</p>
<p>״̬:<span class="strong green">������</span> ����:14-01-12 �����½�:�ڶ�����ʮ�� �췣���꣩ </p>
</li>
<li class="storelistbt5b">
<p><a href="http://www.80ge.info/txtxz/18017.html" target="_blank">TXT����</a></p>
<p><a rel="nofollow" href="Javascript:void(0);" onclick="javascript:vote(18017);">Ͷ�Ƽ�Ʊ</a></p>
<p><a rel="nofollow" href="Javascript:void(0);" onclick="javascript:addbookcase(18017);">�������</a></p>
</li>
</ul>
</div>
  </tr>
<tr>
<div class="storelistbt5"> 
<ul>
<li class="storelistbt5a">
<a href="http://www.80ge.info/txtxz/32762.html" target="_blank"><img src="http://img.80ge.info/32/32762/32762s.jpg" title="ʥʬ"></a>
<a href="http://www.80ge.info/txtxz/32762.html" title="ʥʬTXTȫ������" class="bookname" target="_blank">��ʥʬ��TXT����</a><span class="bookdata">�ܵ����4449</span>
<p>���ߣ�<a href="/author/ר��С����/" target="_blank">ר��С����</a>���ࣺ��������</p>
<p>    �����������һ��ɽ
    ɽ�б�������
    ������
    ���ǵ�ɽѰ�ұ��صĹ���
    ��;�У����������������������գ����ջ󡭡�
    ��������ǧ�����з������������������������꣬���ǡ���ɽ��֮ ...</p>
<p>״̬:<span class="strong green">������</span> ����:17-07-27 �����½�:��023�£��ܾ� </p>
</li>
<li class="storelistbt5b">
<p><a href="http://www.80ge.info/txtxz/32762.html" target="_blank">TXT����</a></p>
<p><a rel="nofollow" href="Javascript:void(0);" onclick="javascript:vote(32762);">Ͷ�Ƽ�Ʊ</a></p>
<p><a rel="nofollow" href="Javascript:void(0);" onclick="javascript:addbookcase(32762);">�������</a></p>
</li>
</ul>
</div>
  </tr>
<tr>
<div class="storelistbt5"> 
<ul>
<li class="storelistbt5a">
<a href="http://www.80ge.info/txtxz/96127.html" target="_blank"><img src="http://img.80ge.info/96/96127/96127s.jpg" title="��ױʬ"></a>
<a href="http://www.80ge.info/txtxz/96127.html" title="��ױʬTXTȫ������" class="bookname" target="_blank">����ױʬ��TXT����</a><span class="bookdata">�ܵ����1443</span>
<p>���ߣ�<a href="/author/������/" target="_blank">������</a>���ࣺδ������</p>
<p>    ϲ�ף����˼䣬��ڤ��֮�á��ڵظ���������֮�Ρ�������ڤ�飬ڤ��ȴ������    �ұ��Ƚ���ϲ�ף���������񣬵ȴ����Ե�����ˣ��ⲻ֪������ȴ������    �� ...</p>
<p>״̬:<span class="strong green">������</span> ����:19-06-26 �����½�:��60�� �������� ������£� </p>
</li>
<li class="storelistbt5b">
<p><a href="http://www.80ge.info/txtxz/96127.html" target="_blank">TXT����</a></p>
<p><a rel="nofollow" href="Javascript:void(0);" onclick="javascript:vote(96127);">Ͷ�Ƽ�Ʊ</a></p>
<p><a rel="nofollow" href="Javascript:void(0);" onclick="javascript:addbookcase(96127);">�������</a></p>
</li>
</ul>
</div>
  </tr>
<tr>
<div class="storelistbt5"> 
<ul>
<li class="storelistbt5a">
<a href="http://www.80ge.info/txtxz/100949.html" target="_blank"><img src="http://img.80ge.info/100/100949/100949s.jpg" title="ʬ��"></a>
<a href="http://www.80ge.info/txtxz/100949.html" title="ʬ��TXTȫ������" class="bookname" target="_blank">��ʬ�ڡ�TXT����</a><span class="bookdata">�ܵ����1117</span>
<p>���ߣ�<a href="/author/ʮ���ɫ/" target="_blank">ʮ���ɫ</a>���ࣺ�ƻ�δ��</p>
<p>    ���ʿ���ʬ�帴�գ���ʦ��Ϯ����ҽѧ��ҽ�����ģ�ŭɱ��ʬ����Ƚ��ڡ�    ż��    ���ںϡ����ܣ������ڵأ���¾ɥʬ�������ҽ֮���� ...</p>
<p>״̬:<span class="strong green">������</span> ����:20-02-07 �����½�:057 ս��ǰҹ </p>
</li>
<li class="storelistbt5b">
<p><a href="http://www.80ge.info/txtxz/100949.html" target="_blank">TXT����</a></p>
<p><a rel="nofollow" href="Javascript:void(0);" onclick="javascript:vote(100949);">Ͷ�Ƽ�Ʊ</a></p>
<p><a rel="nofollow" href="Javascript:void(0);" onclick="javascript:addbookcase(100949);">�������</a></p>
</li>
</ul>
</div>
  </tr>
<tr>
<div class="storelistbt5"> 
<ul>
<li class="storelistbt5a">
<a href="http://www.80ge.info/txtxz/74288.html" target="_blank"><img src="http://img.80ge.info/74/74288/74288s.jpg" title="ʬ�ӹ�"></a>
<a href="http://www.80ge.info/txtxz/74288.html" title="ʬ�ӹ�TXTȫ������" class="bookname" target="_blank">��ʬ�ӹ���TXT����</a><span class="bookdata">�ܵ����109285</span>
<p>���ߣ�<a href="/author/ĹͿ/" target="_blank">ĹͿ</a>���ࣺ�������</p>
<p>    ��Զ��Ҫ��û���⣬�������ռ�ʬ����������⡣���������������¼�������������С˵���걾�����ƹݣ�������boss�� ...</p>
<p>״̬:<span class="strong green">������</span> ����:19-03-01 �����½�:һǧ����ʮ�� ������£� </p>
</li>
<li class="storelistbt5b">
<p><a href="http://www.80ge.info/txtxz/74288.html" target="_blank">TXT����</a></p>
<p><a rel="nofollow" href="Javascript:void(0);" onclick="javascript:vote(74288);">Ͷ�Ƽ�Ʊ</a></p>
<p><a rel="nofollow" href="Javascript:void(0);" onclick="javascript:addbookcase(74288);">�������</a></p>
</li>
</ul>
</div>
  </tr>
<tr>
<div class="storelistbt5"> 
<ul>
<li class="storelistbt5a">
<a href="http://www.80ge.info/txtxz/75039.html" target="_blank"><img src="http://img.80ge.info/75/75039/75039s.jpg" title="ʬ��"></a>
<a href="http://www.80ge.info/txtxz/75039.html" title="ʬ��TXTȫ������" class="bookname" target="_blank">��ʬ�ס�TXT����</a><span class="bookdata">�ܵ����41289</span>
<p>���ߣ�<a href="/author/��С��/" target="_blank">��С��</a>���ࣺ�ֲ����</p>
<p>    �ҽн��ģ���һֻ��ʬ�������˵���������ʬ�����࣬�����ֱ��ϣ�����һֻ����֮�ۣ�ר���Զ���Թ��������Ϊʳ�    ��ʮ��ǰ���ұ�һȺ��Ĺ��ӹײ����ڳ������Ӵ�������̽��Ĺ��Ѱ��Ѩ���Զ���һ������·��    Ⱥ ...</p>
<p>״̬:<span class="strong green">������</span> ����:18-07-24 �����½�:�����ѷ���������ڤԢ�� </p>
</li>
<li class="storelistbt5b">
<p><a href="http://www.80ge.info/txtxz/75039.html" target="_blank">TXT����</a></p>
<p><a rel="nofollow" href="Javascript:void(0);" onclick="javascript:vote(75039);">Ͷ�Ƽ�Ʊ</a></p>
<p><a rel="nofollow" href="Javascript:void(0);" onclick="javascript:addbookcase(75039);">�������</a></p>
</li>
</ul>
</div>
  </tr>
<tr>
<div class="storelistbt5"> 
<ul>
<li class="storelistbt5a">
<a href="http://www.80ge.info/txtxz/113228.html" target="_blank"><img src="http://img.80ge.info/113/113228/113228s.jpg" title="����ʬ"></a>
<a href="http://www.80ge.info/txtxz/113228.html" title="����ʬTXTȫ������" class="bookname" target="_blank">������ʬ��TXT����</a><span class="bookdata">�ܵ����1933</span>
<p>���ߣ�<a href="/author/ĺ��/" target="_blank">ĺ��</a>���ࣺ�ֲ����</p>
<p>    ��С�壬������ʦ�������Ӥ��̰��С�ƣ��õ�Сɫ�������������������飬���������ġ�    ���˽�η���˭֪���Ķ�������˳���������������һ�Ź���������Ȼ���������ض���һ���С� ...</p>
<p>״̬:<span class="strong green">������</span> ����:20-05-26 �����½�:��һ��һʮ����  ��ս </p>
</li>
<li class="storelistbt5b">
<p><a href="http://www.80ge.info/txtxz/113228.html" target="_blank">TXT����</a></p>
<p><a rel="nofollow" href="Javascript:void(0);" onclick="javascript:vote(113228);">Ͷ�Ƽ�Ʊ</a></p>
<p><a rel="nofollow" href="Javascript:void(0);" onclick="javascript:addbookcase(113228);">�������</a></p>
</li>
</ul>
</div>
  </tr>
<tr>
<div class="storelistbt5"> 
<ul>
<li class="storelistbt5a">
<a href="http://www.80ge.info/txtxz/165831.html" target="_blank"><img src="http://img.80ge.info/165/165831/165831s.jpg" title="��ʬ"></a>
<a href="http://www.80ge.info/txtxz/165831.html" title="��ʬTXTȫ������" class="bookname" target="_blank">����ʬ��TXT����</a><span class="bookdata">�ܵ����41</span>
<p>���ߣ�<a href="/author/��ʮ��ʮ/" target="_blank">��ʮ��ʮ</a>���ࣺ��ƪ�ۺ�</p>
<p>    ���ؿͻ��ˣ��鿴������Ʒ��顣 ...</p>
<p>״̬:<span class="strong green">������</span> ����:22-11-23 �����½�:��76�� ��ɷ��ʼ </p>
</li>
<li class="storelistbt5b">
<p><a href="http://www.80ge.info/txtxz/165831.html" target="_blank">TXT����</a></p>
<p><a rel="nofollow" href="Javascript:void(0);" onclick="javascript:vote(165831);">Ͷ�Ƽ�Ʊ</a></p>
<p><a rel="nofollow" href="Javascript:void(0);" onclick="javascript:addbookcase(165831);">�������</a></p>
</li>
</ul>
</div>
  </tr>
<tr>
<div class="storelistbt5"> 
<ul>
<li class="storelistbt5a">
<a href="http://www.80ge.info/txtxz/202538.html" target="_blank"><img src="http://img.80ge.info/modules/article/images/nocover.jpg" title="ıʬ"></a>
<a href="http://www.80ge.info/txtxz/202538.html" title="ıʬTXTȫ������" class="bookname" target="_blank">��ıʬ��TXT����</a><span class="bookdata">�ܵ����0</span>
<p>���ߣ�<a href="/author/��������/" target="_blank">��������</a>���ࣺ��ƪ�ۺ�</p>
<p>    ���ؿͻ��ˣ��鿴������Ʒ��顣 ...</p>
<p>״̬:<span class="strong green">������</span> ����:26-01-23 �����½�:��641�� ���ݣ��꣩ </p>
</li>
<li class="storelistbt5b">
<p><a href="http://www.80ge.info/txtxz/202538.html" target="_blank">TXT����</a></p>
<p><a rel="nofollow" href="Javascript:void(0);" onclick="javascript:vote(202538);">Ͷ�Ƽ�Ʊ</a></p>
<p><a rel="nofollow" href="Javascript:void(0);" onclick="javascript:addbookcase(202538);">�������</a></p>
</li>
</ul>
</div>
  </tr>
<tr>
<div class="storelistbt5"> 
<ul>
<li class="storelistbt5a">
<a href="http://www.80ge.info/txtxz/40633.html" target="_blank"><img src="http://img.80ge.info/40/40633/40633s.jpg" title="�̸�ʦ�������"></a>
<a href="http://www.80ge.info/txtxz/40633.html" title="�̸�ʦ�������TXTȫ������" class="bookname" target="_blank">���̸�ʦ���������TXT����</a><span class="bookdata">�ܵ����3559</span>
<p>���ߣ�<a href="/author/������/" target="_blank">������</a>���ࣺħ������</p>
<p>    ʦ���������ϣ�������Ϊʦ����������,�����ܰ�����ʬ�������,���,ͽ������Ծ����ȥ�ǻ�,ʵ�ڿ���ס��ʱ��,������һ����.��
    ʲô?�������ʦ������Ȼ����ֵ�����껪����ȥ��һ����
    ����������Ҫȥ�� ...</p>
<p>״̬:<span class="strong green">������</span> ����:14-03-01 �����½�:NO4 С���Ӷ�����ĵ��� </p>
</li>
<li class="storelistbt5b">
<p><a href="http://www.80ge.info/txtxz/40633.html" target="_blank">TXT����</a></p>
<p><a rel="nofollow" href="Javascript:void(0);" onclick="javascript:vote(40633);">Ͷ�Ƽ�Ʊ</a></p>
<p><a rel="nofollow" href="Javascript:void(0);" onclick="javascript:addbookcase(40633);">�������</a></p>
</li>
</ul>
</div>
  </tr>
<tr>
<div class="storelistbt5"> 
<ul>
<li class="storelistbt5a">
<a href="http://www.80ge.info/txtxz/201845.html" target="_blank"><img src="http://img.80ge.info/201/201845/201845s.jpg" title="��ʬ���츳����һ��һ������������"></a>
<a href="http://www.80ge.info/txtxz/201845.html" title="��ʬ���츳����һ��һ������������TXTȫ������" class="bookname" target="_blank">����ʬ���츳����һ��һ��������������TXT����</a><span class="bookdata">�ܵ����0</span>
<p>���ߣ�<a href="/author/С���Ѳ�/" target="_blank">С���Ѳ�</a>���ࣺ�������</p>
<p>    ����������֮�٣��ʼ����ޱȣ�������괩Խ������������ħ�������������������̫�������ǿ��ȥս�����۳�Ϊ�ڻҡ�    �ڼ�ʬ���Ϲ�ʱ�����ռ���Ʒħʬ������֮�ʣ���������ħ����Ϊʳ�Ľ���ָħ���������ȡħʬ�е��� ...</p>
<p>״̬:<span class="strong green">������</span> ����:25-03-08 �����½�:��53�� ���� </p>
</li>
<li class="storelistbt5b">
<p><a href="http://www.80ge.info/txtxz/201845.html" target="_blank">TXT����</a></p>
<p><a rel="nofollow" href="Javascript:void(0);" onclick="javascript:vote(201845);">Ͷ�Ƽ�Ʊ</a></p>
<p><a rel="nofollow" href="Javascript:void(0);" onclick="javascript:addbookcase(201845);">�������</a></p>
</li>
</ul>
</div>
  </tr>
<tr>
<div class="storelistbt5"> 
<ul>
<li class="storelistbt5a">
<a href="http://www.80ge.info/txtxz/155665.html" target="_blank"><img src="http://img.80ge.info/155/155665/155665s.jpg" title="���ڶ�������ʬ����Щ��"></a>
<a href="http://www.80ge.info/txtxz/155665.html" title="���ڶ�������ʬ����Щ��TXTȫ������" class="bookname" target="_blank">�����ڶ�������ʬ����Щ�꡷TXT����</a><span class="bookdata">�ܵ����3166</span>
<p>���ߣ�<a href="/author/��ɫ����/" target="_blank">��ɫ����</a>���ࣺ��������</p>
<p>    ���һ���������˴�κ�����ķ�ʬ�ˡ�����Ϊ��ȫʬ���ᣬ����Ͷ̥������    ���ʬ����ܵõ����ֽ�����κ���ͣ���ţ���ū���ɺ���������ȫ��������Ϊ�������������õ㡣 ...</p>
<p>״̬:<span class="strong green">������</span> ����:23-05-29 �����½�:������ </p>
</li>
<li class="storelistbt5b">
<p><a href="http://www.80ge.info/txtxz/155665.html" target="_blank">TXT����</a></p>
<p><a rel="nofollow" href="Javascript:void(0);" onclick="javascript:vote(155665);">Ͷ�Ƽ�Ʊ</a></p>
<p><a rel="nofollow" href="Javascript:void(0);" onclick="javascript:addbookcase(155665);">�������</a></p>
</li>
</ul>
</div>
  </tr>
<tr>
<div class="storelistbt5"> 
<ul>
<li class="storelistbt5a">
<a href="http://www.80ge.info/txtxz/188036.html" target="_blank"><img src="http://img.80ge.info/188/188036/188036s.jpg" title="ԩ�ֵܵܣ���������"></a>
<a href="http://www.80ge.info/txtxz/188036.html" title="ԩ�ֵܵܣ���������TXTȫ������" class="bookname" target="_blank">��ԩ�ֵܵܣ��������֡�TXT����</a><span class="bookdata">�ܵ����0</span>
<p>���ߣ�<a href="/author/����/" target="_blank">����</a>���ࣺ��ƪ�ۺ�</p>
<p>    �ҵ�����䭣��Ҹ���������ҽ����ޡ�    һ�����ɿƾٴ��У����ޱ�ʾ����ɽ������������������䭵�ѭѭ���գ������ֵܶ���Ҫ����Э�����պ�����֣��ǵ�����    С���������׷��ģ��Ҽ����ˡ�    С���ޣ��� ...</p>
<p>״̬:<span class="strong green">������</span> ����:24-06-04 �����½�:133 ���� </p>
</li>
<li class="storelistbt5b">
<p><a href="http://www.80ge.info/txtxz/188036.html" target="_blank">TXT����</a></p>
<p><a rel="nofollow" href="Javascript:void(0);" onclick="javascript:vote(188036);">Ͷ�Ƽ�Ʊ</a></p>
<p><a rel="nofollow" href="Javascript:void(0);" onclick="javascript:addbookcase(188036);">�������</a></p>
</li>
</ul>
</div>
  </tr>
<tr>
<div class="storelistbt5"> 
<ul>
<li class="storelistbt5a">
<a href="http://www.80ge.info/txtxz/55527.html" target="_blank"><img src="http://img.80ge.info/55/55527/55527s.jpg" title="ʬ����"></a>
<a href="http://www.80ge.info/txtxz/55527.html" title="ʬ����TXTȫ������" class="bookname" target="_blank">��ʬ���ӡ�TXT����</a><span class="bookdata">�ܵ����6340</span>
<p>���ߣ�<a href="/author/���ڻع���/" target="_blank">���ڻع���</a>���ࣺ�ֲ����</p>
<p>    �������ǽ����ţ��������������Ů�˽���������һ�������š��Ҳ�ֹ�����˽�����Ҳ�����˽���������Ůʬ�����Ժ������̲�ס����
 ...</p>
<p>״̬:<span class="strong green">������</span> ����:16-08-23 �����½�:����������� </p>
</li>
<li class="storelistbt5b">
<p><a href="http://www.80ge.info/txtxz/55527.html" target="_blank">TXT����</a></p>
<p><a rel="nofollow" href="Javascript:void(0);" onclick="javascript:vote(55527);">Ͷ�Ƽ�Ʊ</a></p>
<p><a rel="nofollow" href="Javascript:void(0);" onclick="javascript:addbookcase(55527);">�������</a></p>
</li>
</ul>
</div>
  </tr>
<tr>
<div class="storelistbt5"> 
<ul>
<li class="storelistbt5a">
<a href="http://www.80ge.info/txtxz/55813.html" target="_blank"><img src="http://img.80ge.info/55/55813/55813s.jpg" title="ʬ��"></a>
<a href="http://www.80ge.info/txtxz/55813.html" title="ʬ��TXTȫ������" class="bookname" target="_blank">��ʬ����TXT����</a><span class="bookdata">�ܵ����10831</span>
<p>���ߣ�<a href="/author/ȫ��/" target="_blank">ȫ��</a>���ࣺ�ֲ����</p>
<p>    ����һ�����߰����С˵����������˭����֪����
    ��Щ������ڣ���Ҫ�ԡ�����ʬ�������������ܿ�����������һ�����飬�ÿ�֮�������Ҳ�����д�ġ�
 ...</p>
<p>״̬:<span class="strong green">������</span> ����:18-04-16 �����½�:��ᣬ���Ʋ����顣 </p>
</li>
<li class="storelistbt5b">
<p><a href="http://www.80ge.info/txtxz/55813.html" target="_blank">TXT����</a></p>
<p><a rel="nofollow" href="Javascript:void(0);" onclick="javascript:vote(55813);">Ͷ�Ƽ�Ʊ</a></p>
<p><a rel="nofollow" href="Javascript:void(0);" onclick="javascript:addbookcase(55813);">�������</a></p>
</li>
</ul>
</div>
  </tr>
<tr>
<div class="storelistbt5"> 
<ul>
<li class="storelistbt5a">
<a href="http://www.80ge.info/txtxz/41843.html" target="_blank"><img src="http://img.80ge.info/modules/article/images/nocover.jpg" title="��ʬ"></a>
<a href="http://www.80ge.info/txtxz/41843.html" title="��ʬTXTȫ������" class="bookname" target="_blank">����ʬ��TXT����</a><span class="bookdata">�ܵ����2611</span>
<p>���ߣ�<a href="/author/�鹫��/" target="_blank">�鹫��</a>���ࣺ��������</p>
<p>    �������֡����������������Ž��������������俲���������Ů���ƣ���������Σ�
    �����Ѿ�������������Ʒ������Ѱ��¼���Ѿ��ڡ�С˵�Ķ�������������ҳ���פվ��ȫ�µ�������������ң�һ�������ŵȴ���Ľ��ͣ�
 ...</p>
<p>״̬:<span class="strong green">������</span> ����:17-07-27 �����½�:����ʮ���� �� </p>
</li>
<li class="storelistbt5b">
<p><a href="http://www.80ge.info/txtxz/41843.html" target="_blank">TXT����</a></p>
<p><a rel="nofollow" href="Javascript:void(0);" onclick="javascript:vote(41843);">Ͷ�Ƽ�Ʊ</a></p>
<p><a rel="nofollow" href="Javascript:void(0);" onclick="javascript:addbookcase(41843);">�������</a></p>
</li>
</ul>
</div>
  </tr>
<tr>
<div class="storelistbt5"> 
<ul>
<li class="storelistbt5a">
<a href="http://www.80ge.info/txtxz/42868.html" target="_blank"><img src="http://img.80ge.info/42/42868/42868s.jpg" title="ʬ��"></a>
<a href="http://www.80ge.info/txtxz/42868.html" title="ʬ��TXTȫ������" class="bookname" target="_blank">��ʬ�塷TXT����</a><span class="bookdata">�ܵ����15812</span>
<p>���ߣ�<a href="/author/������/" target="_blank">������</a>���ࣺ��̽����</p>
<p>    ̰�Ƶ���ɽ�ϵ���
    �ĺ������������š�
    һ�����̬��ɱ�˰�����
    һ�߾�ʬ������ʧ�١�
    ��������Ϊ�����ǹ�����
    �������ҵĹ��������ϴ�ɽ���С��ׯ��������������ʲô���䣿
   ...</p>
<p>״̬:<span class="strong green">������</span> ����:17-07-27 �����½�:лл���һֱ������֧�֣�ף����´����� </p>
</li>
<li class="storelistbt5b">
<p><a href="http://www.80ge.info/txtxz/42868.html" target="_blank">TXT����</a></p>
<p><a rel="nofollow" href="Javascript:void(0);" onclick="javascript:vote(42868);">Ͷ�Ƽ�Ʊ</a></p>
<p><a rel="nofollow" href="Javascript:void(0);" onclick="javascript:addbookcase(42868);">�������</a></p>
</li>
</ul>
</div>
  </tr>
<tr>
<div class="storelistbt5"> 
<ul>
<li class="storelistbt5a">
<a href="http://www.80ge.info/txtxz/67903.html" target="_blank"><img src="http://img.80ge.info/67/67903/67903s.jpg" title="ʬ����"></a>
<a href="http://www.80ge.info/txtxz/67903.html" title="ʬ����TXTȫ������" class="bookname" target="_blank">��ʬ���TXT����</a><span class="bookdata">�ܵ����3667</span>
<p>���ߣ�<a href="/author/С������/" target="_blank">С������</a>���ࣺ�ֲ����</p>
<p>    ����̫ƽ�䵱��ʬ�ˣ����⹤��һ��Ҳ�����������й���ֲ����·����������ϣ�����һ��ʬ������ҵ������
 ...</p>
<p>״̬:<span class="strong green">������</span> ����:17-07-27 �����½�:����ʮ���� �����ļ�ı </p>
</li>
<li class="storelistbt5b">
<p><a href="http://www.80ge.info/txtxz/67903.html" target="_blank">TXT����</a></p>
<p><a rel="nofollow" href="Javascript:void(0);" onclick="javascript:vote(67903);">Ͷ�Ƽ�Ʊ</a></p>
<p><a rel="nofollow" href="Javascript:void(0);" onclick="javascript:addbookcase(67903);">�������</a></p>
</li>
</ul>
</div>
  </tr>
<tr>
<div class="storelistbt5"> 
<ul>
<li class="storelistbt5a">
<a href="http://www.80ge.info/txtxz/21806.html" target="_blank"><img src="http://img.80ge.info/21/21806/21806s.jpg" title="ʬ����"></a>
<a href="http://www.80ge.info/txtxz/21806.html" title="ʬ����TXTȫ������" class="bookname" target="_blank">��ʬ������TXT����</a><span class="bookdata">�ܵ����5913</span>
<p>���ߣ�<a href="/author/�ϻ���/" target="_blank">�ϻ���</a>���ࣺ�ֲ����</p>
<p>    ������������
    ҹ�����ơ�è໶�
    ʬ������ʱ������
    ���������ˡ�������������
    ����Сʱ�����������������Ҷ��߳���߶������ôһ�׼���ʫ������ͯҥ�Ķ̾䡣
    ��Сһֱȴ��֪ ...</p>
<p>״̬:<span class="strong blue">�����</span> ����:13-09-14 �����½�:��һ�ٰ�ʮ���� ����13 </p>
</li>
<li class="storelistbt5b">
<p><a href="http://www.80ge.info/txtxz/21806.html" target="_blank">TXT����</a></p>
<p><a rel="nofollow" href="Javascript:void(0);" onclick="javascript:vote(21806);">Ͷ�Ƽ�Ʊ</a></p>
<p><a rel="nofollow" href="Javascript:void(0);" onclick="javascript:addbookcase(21806);">�������</a></p>
</li>
</ul>
</div>
  </tr>
<tr>
<div class="storelistbt5"> 
<ul>
<li class="storelistbt5a">
<a href="http://www.80ge.info/txtxz/2556.html" target="_blank"><img src="http://img.80ge.info/2/2556/2556s.jpg" title="ʬŰ"></a>
<a href="http://www.80ge.info/txtxz/2556.html" title="ʬŰTXTȫ������" class="bookname" target="_blank">��ʬŰ��TXT����</a><span class="bookdata">�ܵ����69869</span>
<p>���ߣ�<a href="/author/����/" target="_blank">����</a>���ࣺ�������</p>
<p>    �������ı༭��ǩԼ��Ʒ��
    ���񡰹�ԡ����ֵĴ�½������֮ս��ʱ���ڡ�
    �����ˣ�һ����ƶ����������С���ӣ���Ϊ�۹���һ�����ⷨ�棬��Ϊ��һ������ħ��ѧͽ����������Ļ���û�н����Ӵ�裬��������ҲҪ ...</p>
<p>״̬:<span class="strong green">������</span> ����:17-07-27 �����½�:����ʱ��Ԥ�� </p>
</li>
<li class="storelistbt5b">
<p><a href="http://www.80ge.info/txtxz/2556.html" target="_blank">TXT����</a></p>
<p><a rel="nofollow" href="Javascript:void(0);" onclick="javascript:vote(2556);">Ͷ�Ƽ�Ʊ</a></p>
<p><a rel="nofollow" href="Javascript:void(0);" onclick="javascript:addbookcase(2556);">�������</a></p>
</li>
</ul>
</div>
  </tr>
<tr>
<div class="storelistbt5"> 
<ul>
<li class="storelistbt5a">
<a href="http://www.80ge.info/txtxz/78500.html" target="_blank"><img src="http://img.80ge.info/78/78500/78500s.jpg" title="ʬ֤"></a>
<a href="http://www.80ge.info/txtxz/78500.html" title="ʬ֤TXTȫ������" class="bookname" target="_blank">��ʬ֤��TXT����</a><span class="bookdata">�ܵ����3061</span>
<p>���ߣ�<a href="/author/���Ǻ���/" target="_blank">���Ǻ���</a>���ࣺ������</p>
<p>    ��ҹ�����������ͻ������������ε��ڿͻ��ң�����֮��ͻ�����������ͷʬ������ɳ���ϣ�����֤�ݶ�ָ������ɱ�����֣���˭Ҫ�ݺ��ң�    �����߽��ʵķ�ҽ�����˾������ܣ�ȴ�����ҵ����ң���������ҽ�����װ��ֳ���ʬ�� ...</p>
<p>״̬:<span class="strong green">������</span> ����:18-10-16 �����½�:31������ </p>
</li>
<li class="storelistbt5b">
<p><a href="http://www.80ge.info/txtxz/78500.html" target="_blank">TXT����</a></p>
<p><a rel="nofollow" href="Javascript:void(0);" onclick="javascript:vote(78500);">Ͷ�Ƽ�Ʊ</a></p>
<p><a rel="nofollow" href="Javascript:void(0);" onclick="javascript:addbookcase(78500);">�������</a></p>
</li>
</ul>
</div>
  </tr>
<tr>
<div class="storelistbt5"> 
<ul>
<li class="storelistbt5a">
<a href="http://www.80ge.info/txtxz/80970.html" target="_blank"><img src="http://img.80ge.info/80/80970/80970s.jpg" title="ʬ��ǽ"></a>
<a href="http://www.80ge.info/txtxz/80970.html" title="ʬ��ǽTXTȫ������" class="bookname" target="_blank">��ʬ��ǽ��TXT����</a><span class="bookdata">�ܵ����28035</span>
<p>���ߣ�<a href="/author/��ɽ�Ϲ�/" target="_blank">��ɽ�Ϲ�</a>���ࣺ������</p>
<p>    13�꣬����Ϊײа˫Ŀʧ����������Ϊä������ʦ��20�꣬�Ҹ�һ����ĺܺõ�Ů�����ã���˵�ָܻ��ҵ����������۾�Ȼ�ǡ��� ...</p>
<p>״̬:<span class="strong green">������</span> ����:18-11-23 �����½�:���顶���˷ء��Ѿ������� </p>
</li>
<li class="storelistbt5b">
<p><a href="http://www.80ge.info/txtxz/80970.html" target="_blank">TXT����</a></p>
<p><a rel="nofollow" href="Javascript:void(0);" onclick="javascript:vote(80970);">Ͷ�Ƽ�Ʊ</a></p>
<p><a rel="nofollow" href="Javascript:void(0);" onclick="javascript:addbookcase(80970);">�������</a></p>
</li>
</ul>
</div>
  </tr>
<tr>
<div class="storelistbt5"> 
<ul>
<li class="storelistbt5a">
<a href="http://www.80ge.info/txtxz/96487.html" target="_blank"><img src="http://img.80ge.info/96/96487/96487s.jpg" title="ʬ��"></a>
<a href="http://www.80ge.info/txtxz/96487.html" title="ʬ��TXTȫ������" class="bookname" target="_blank">��ʬ�á�TXT����</a><span class="bookdata">�ܵ����10869</span>
<p>���ߣ�<a href="/author/ҹ����/" target="_blank">ҹ����</a>���ࣺ������</p>
<p>    &#12288;&#12288;�ˣ�������������һ�����̣�������Ҳ��һ������    &#12288;&#12288;���ǣ����������в�Ը���������ˣ���Ը����ײĵ�ʬ����Ը��ȥ����Ĺ��    ���������У�˵���˾� ...</p>
<p>״̬:<span class="strong green">������</span> ����:20-03-20 �����½�:��һǧ�����ʮ�� �µĿ�ʼ </p>
</li>
<li class="storelistbt5b">
<p><a href="http://www.80ge.info/txtxz/96487.html" target="_blank">TXT����</a></p>
<p><a rel="nofollow" href="Javascript:void(0);" onclick="javascript:vote(96487);">Ͷ�Ƽ�Ʊ</a></p>
<p><a rel="nofollow" href="Javascript:void(0);" onclick="javascript:addbookcase(96487);">�������</a></p>
</li>
</ul>
</div>
  </tr>
<tr>
<div class="storelistbt5"> 
<ul>
<li class="storelistbt5a">
<a href="http://www.80ge.info/txtxz/123425.html" target="_blank"><img src="http://img.80ge.info/123/123425/123425s.jpg" title="��ʬ"></a>
<a href="http://www.80ge.info/txtxz/123425.html" title="��ʬTXTȫ������" class="bookname" target="_blank">����ʬ��TXT����</a><span class="bookdata">�ܵ����1705</span>
<p>���ߣ�<a href="/author/�����ҵĻ���/" target="_blank">�����ҵĻ���</a>���ࣺ�ֲ����</p>
<p>    ��Ϊһ�����ӣ�����ѹ���Ѿõ��������˿�˵����ô�����������������һ��������֪���Ĳ����ֲ��¼���    �����㻹��֪�����㾭��ȥ�Ĳ͹ݣ��������ķ��ˣ���һ���Ǹ����˳Եġ��� ...</p>
<p>״̬:<span class="strong green">������</span> ����:21-03-23 �����½�:��һ����ʮ���� ���ﻻ�� </p>
</li>
<li class="storelistbt5b">
<p><a href="http://www.80ge.info/txtxz/123425.html" target="_blank">TXT����</a></p>
<p><a rel="nofollow" href="Javascript:void(0);" onclick="javascript:vote(123425);">Ͷ�Ƽ�Ʊ</a></p>
<p><a rel="nofollow" href="Javascript:void(0);" onclick="javascript:addbookcase(123425);">�������</a></p>
</li>
</ul>
</div>
  </tr>
<tr>
<div class="storelistbt5"> 
<ul>
<li class="storelistbt5a">
<a href="http://www.80ge.info/txtxz/91447.html" target="_blank"><img src="http://img.80ge.info/91/91447/91447s.jpg" title="ʬ��Դ"></a>
<a href="http://www.80ge.info/txtxz/91447.html" title="ʬ��ԴTXTȫ������" class="bookname" target="_blank">��ʬ��Դ��TXT����</a><span class="bookdata">�ܵ����1142</span>
<p>���ߣ�<a href="/author/������/" target="_blank">������</a>���ࣺδ������</p>
<p>    ��������æ����Ƿһ��ӵ�����ң�·������Ҫ����Ƭ�����л���ȥ���� ...</p>
<p>״̬:<span class="strong green">������</span> ����:19-02-17 �����½�:����ʮһ�� ��ȫ�� </p>
</li>
<li class="storelistbt5b">
<p><a href="http://www.80ge.info/txtxz/91447.html" target="_blank">TXT����</a></p>
<p><a rel="nofollow" href="Javascript:void(0);" onclick="javascript:vote(91447);">Ͷ�Ƽ�Ʊ</a></p>
<p><a rel="nofollow" href="Javascript:void(0);" onclick="javascript:addbookcase(91447);">�������</a></p>
</li>
</ul>
</div>
  </tr>
<tr>
<div class="storelistbt5"> 
<ul>
<li class="storelistbt5a">
<a href="http://www.80ge.info/txtxz/169070.html" target="_blank"><img src="http://img.80ge.info/169/169070/169070s.jpg" title="ʬ��"></a>
<a href="http://www.80ge.info/txtxz/169070.html" title="ʬ��TXTȫ������" class="bookname" target="_blank">��ʬ�ǡ�TXT����</a><span class="bookdata">�ܵ����1237</span>
<p>���ߣ�<a href="/author/�Ȿ���ҿ���/" target="_blank">�Ȿ���ҿ���</a>���ࣺ�ƻ�δ��</p>
<p>    ��������һ�죬���ӷ��֪�������ž���������ȫ������ ...</p>
<p>״̬:<span class="strong green">������</span> ����:23-06-06 �����½�:���İ�������  ��� </p>
</li>
<li class="storelistbt5b">
<p><a href="http://www.80ge.info/txtxz/169070.html" target="_blank">TXT����</a></p>
<p><a rel="nofollow" href="Javascript:void(0);" onclick="javascript:vote(169070);">Ͷ�Ƽ�Ʊ</a></p>
<p><a rel="nofollow" href="Javascript:void(0);" onclick="javascript:addbookcase(169070);">�������</a></p>
</li>
</ul>
</div>
  </tr>
<tr>
<div class="storelistbt5"> 
<ul>
<li class="storelistbt5a">
<a href="http://www.80ge.info/txtxz/189060.html" target="_blank"><img src="http://img.80ge.info/189/189060/189060s.jpg" title="�ʬ"></a>
<a href="http://www.80ge.info/txtxz/189060.html" title="�ʬTXTȫ������" class="bookname" target="_blank">���ʬ��TXT����</a><span class="bookdata">�ܵ����0</span>
<p>���ߣ�<a href="/author/������/" target="_blank">������</a>���ࣺ��ƪ�ۺ�</p>
<p>    ��һ�죬���ǹ������˾�ʬ�壬�����ڷ��յ�ʱ�򣬷���ͻȻ����һ��ʬ�塭 ...</p>
<p>״̬:<span class="strong green">������</span> ����:24-05-28 �����½�:�ھ�ʮһ�� </p>
</li>
<li class="storelistbt5b">
<p><a href="http://www.80ge.info/txtxz/189060.html" target="_blank">TXT����</a></p>
<p><a rel="nofollow" href="Javascript:void(0);" onclick="javascript:vote(189060);">Ͷ�Ƽ�Ʊ</a></p>
<p><a rel="nofollow" href="Javascript:void(0);" onclick="javascript:addbookcase(189060);">�������</a></p>
</li>
</ul>
</div>
  </tr>
<tr>
<div class="storelistbt5"> 
<ul>
<li class="storelistbt5a">
<a href="http://www.80ge.info/txtxz/209415.html" target="_blank"><img src="http://img.80ge.info/209/209415/209415s.jpg" title="ʬ��"></a>
<a href="http://www.80ge.info/txtxz/209415.html" title="ʬ��TXTȫ������" class="bookname" target="_blank">��ʬ����TXT����</a><span class="bookdata">�ܵ����0</span>
<p>���ߣ�<a href="/author/���ǩ����/" target="_blank">���ǩ����</a>���ࣺ��ƪ�ۺ�</p>
<p>    ����ֻ֪��ʬ�ͻ꣬ȴ��֪��̧��ÿһ��ʬ���������Ѫ������Ƭ�޳�����һ׮�����ܵ���ȴ�����Խ��ǧ���ʬ����ı���������ڵ���ͭ���������ѵصװ˰����Ὡ������ׯ����ҹ��ߵ�������ҿ�����ʬ�����֮�֡�    ���ֽ������� ...</p>
<p>״̬:<span class="strong green">������</span> ����:25-08-11 �����½�:��17�������µ�ѹ�� </p>
</li>
<li class="storelistbt5b">
<p><a href="http://www.80ge.info/txtxz/209415.html" target="_blank">TXT����</a></p>
<p><a rel="nofollow" href="Javascript:void(0);" onclick="javascript:vote(209415);">Ͷ�Ƽ�Ʊ</a></p>
<p><a rel="nofollow" href="Javascript:void(0);" onclick="javascript:addbookcase(209415);">�������</a></p>
</li>
</ul>
</div>
  </tr>
<tr>
<div class="storelistbt5"> 
<ul>
<li class="storelistbt5a">
<a href="http://www.80ge.info/txtxz/211757.html" target="_blank"><img src="http://img.80ge.info/modules/article/images/nocover.jpg" title="ʬ��"></a>
<a href="http://www.80ge.info/txtxz/211757.html" title="ʬ��TXTȫ������" class="bookname" target="_blank">��ʬ����TXT����</a><span class="bookdata">�ܵ����0</span>
<p>���ߣ�<a href="/author/�������/" target="_blank">�������</a>���ࣺ������Ϸ</p>
<p> ...</p>
<p>״̬:<span class="strong green">������</span> ����:25-10-01 �����½�:��034�� ����� </p>
</li>
<li class="storelistbt5b">
<p><a href="http://www.80ge.info/txtxz/211757.html" target="_blank">TXT����</a></p>
<p><a rel="nofollow" href="Javascript:void(0);" onclick="javascript:vote(211757);">Ͷ�Ƽ�Ʊ</a></p>
<p><a rel="nofollow" href="Javascript:void(0);" onclick="javascript:addbookcase(211757);">�������</a></p>
</li>
</ul>
</div>
  </tr>
<tr>
<div class="storelistbt5"> 
<ul>
<li class="storelistbt5a">
<a href="http://www.80ge.info/txtxz/51557.html" target="_blank"><img src="http://img.80ge.info/51/51557/51557s.jpg" title="��ʬ��"></a>
<a href="http://www.80ge.info/txtxz/51557.html" title="��ʬ��TXTȫ������" class="bookname" target="_blank">����ʬ�С�TXT����</a><span class="bookdata">�ܵ����8349</span>
<p>���ߣ�<a href="/author/�쳾С��ţ/" target="_blank">�쳾С��ţ</a>���ࣺ��������</p>
<p>    żȻ�õ��Ϲ�ʬ�崫�еİ��壬�����ʬ�屻��ʿȦ���ľ��棬���ú�ȥ�δӣ�����һ�����ر��ֵ���ʿ�����ǽ���ƫ�棬��һ����ʬ�Ĵ����ߣ��������֡�������֮�󣬡���ʬ�С���ճ�����
 ...</p>
<p>״̬:<span class="strong green">������</span> ����:17-07-27 �����½�:���� ��436��  ���� </p>
</li>
<li class="storelistbt5b">
<p><a href="http://www.80ge.info/txtxz/51557.html" target="_blank">TXT����</a></p>
<p><a rel="nofollow" href="Javascript:void(0);" onclick="javascript:vote(51557);">Ͷ�Ƽ�Ʊ</a></p>
<p><a rel="nofollow" href="Javascript:void(0);" onclick="javascript:addbookcase(51557);">�������</a></p>
</li>
</ul>
</div>
  </tr>
<tr>
<div class="storelistbt5"> 
<ul>
<li class="storelistbt5a">
<a href="http://www.80ge.info/txtxz/55559.html" target="_blank"><img src="http://img.80ge.info/55/55559/55559s.jpg" title="����ʬ��"></a>
<a href="http://www.80ge.info/txtxz/55559.html" title="����ʬ��TXTȫ������" class="bookname" target="_blank">������ʬ�㡷TXT����</a><span class="bookdata">�ܵ����83927</span>
<p>���ߣ�<a href="/author/������/" target="_blank">������</a>���ࣺ�ֲ����</p>
<p>    ����һ�ҿ�ջ���������ˣ�ֻ���������ʬ�������ٹ�ҹ�С�����ע�����ĸ��ݲ�����ʵ�¼��ı࣬������ͬ�����ͻʹڣ������ڸ��£���������£�ÿ������������12�㣬�������㡣��������Ӻ��ϼ�֮�󣬱���������������ʱ������ ...</p>
<p>״̬:<span class="strong green">������</span> ����:16-09-14 �����½�:�������������ʴ�ǡ���һ�� </p>
</li>
<li class="storelistbt5b">
<p><a href="http://www.80ge.info/txtxz/55559.html" target="_blank">TXT����</a></p>
<p><a rel="nofollow" href="Javascript:void(0);" onclick="javascript:vote(55559);">Ͷ�Ƽ�Ʊ</a></p>
<p><a rel="nofollow" href="Javascript:void(0);" onclick="javascript:addbookcase(55559);">�������</a></p>
</li>
</ul>
</div>
  </tr>
<tr>
<div class="storelistbt5"> 
<ul>
<li class="storelistbt5a">
<a href="http://www.80ge.info/txtxz/56821.html" target="_blank"><img src="http://img.80ge.info/56/56821/56821s.jpg" title="ʬ���ŵ�"></a>
<a href="http://www.80ge.info/txtxz/56821.html" title="ʬ���ŵ�TXTȫ������" class="bookname" target="_blank">��ʬ���ŵڡ�TXT����</a><span class="bookdata">�ܵ����18858</span>
<p>���ߣ�<a href="/author/Ŀ����/" target="_blank">Ŀ����</a>���ࣺ�ֲ����</p>
<p>    үү˵���ǡ�������١���ÿ������Ҫ�ұ���ؼң���һ�����������û�л�ȥ������PS���������ڸ���������ϲ��˯���Ŀ��٣�������ȥ���걾��Ʒ���������ˡ���http://book.heiyan.com/book/4868 ...</p>
<p>״̬:<span class="strong green">������</span> ����:17-09-08 �����½�:���鷢�� </p>
</li>
<li class="storelistbt5b">
<p><a href="http://www.80ge.info/txtxz/56821.html" target="_blank">TXT����</a></p>
<p><a rel="nofollow" href="Javascript:void(0);" onclick="javascript:vote(56821);">Ͷ�Ƽ�Ʊ</a></p>
<p><a rel="nofollow" href="Javascript:void(0);" onclick="javascript:addbookcase(56821);">�������</a></p>
</li>
</ul>
</div>
  </tr>
<tr>
<div class="storelistbt5"> 
<ul>
<li class="storelistbt5a">
<a href="http://www.80ge.info/txtxz/57302.html" target="_blank"><img src="http://img.80ge.info/57/57302/57302s.jpg" title="��ʬ��"></a>
<a href="http://www.80ge.info/txtxz/57302.html" title="��ʬ��TXTȫ������" class="bookname" target="_blank">����ʬ�ס�TXT����</a><span class="bookdata">�ܵ����9090</span>
<p>���ߣ�<a href="/author/����/" target="_blank">����</a>���ࣺ�ֲ����</p>
<p>    �������ء��������꣬����������桢��㤹����־�����Ȥ���������ʷʫ���ĵ�Ĺ������
    ��������䣬ʧ��Ļ�Ȫ�����������Ĵ�˵��������ȥ̽�����ع��ܵĵ������磬������ǧ�겻��ĳ����ƣ��о��ĵĽ���������������� ...</p>
<p>״̬:<span class="strong green">������</span> ����:16-10-31 �����½�:��һ����ʮ���� ���� </p>
</li>
<li class="storelistbt5b">
<p><a href="http://www.80ge.info/txtxz/57302.html" target="_blank">TXT����</a></p>
<p><a rel="nofollow" href="Javascript:void(0);" onclick="javascript:vote(57302);">Ͷ�Ƽ�Ʊ</a></p>
<p><a rel="nofollow" href="Javascript:void(0);" onclick="javascript:addbookcase(57302);">�������</a></p>
</li>
</ul>
</div>
  </tr>
<tr>
<div class="storelistbt5"> 
<ul>
<li class="storelistbt5a">
<a href="http://www.80ge.info/txtxz/57425.html" target="_blank"><img src="http://img.80ge.info/57/57425/57425s.jpg" title="ʬ������"></a>
<a href="http://www.80ge.info/txtxz/57425.html" title="ʬ������TXTȫ������" class="bookname" target="_blank">��ʬ�����ϡ�TXT����</a><span class="bookdata">�ܵ����2157</span>
<p>���ߣ�<a href="/author/����֮��/" target="_blank">����֮��</a>���ࣺ�ֲ����</p>
<p>    ������Ǭ��Ϊ�洫Ԧʬ�ˣ�Ѫͳ���Ĳ����ٴ��������ǵ���ʬ��Ҳ�Ǿ��������پ���һ�������ų��̣�һ���������ؼң���������ÿ����Ǹ���ʱ������ɣ��ʱ���Ŀ�˧�������ġ���ι���������źٺٺٺò�����
    ��һ����VSһȺ ...</p>
<p>״̬:<span class="strong green">������</span> ����:16-08-09 �����½�:56 ���+��ϦС���� </p>
</li>
<li class="storelistbt5b">
<p><a href="http://www.80ge.info/txtxz/57425.html" target="_blank">TXT����</a></p>
<p><a rel="nofollow" href="Javascript:void(0);" onclick="javascript:vote(57425);">Ͷ�Ƽ�Ʊ</a></p>
<p><a rel="nofollow" href="Javascript:void(0);" onclick="javascript:addbookcase(57425);">�������</a></p>
</li>
</ul>
</div>
  </tr>
<tr>
<div class="storelistbt5"> 
<ul>
<li class="storelistbt5a">
<a href="http://www.80ge.info/txtxz/40604.html" target="_blank"><img src="http://img.80ge.info/40/40604/40604s.jpg" title="��ʬ֮��"></a>
<a href="http://www.80ge.info/txtxz/40604.html" title="��ʬ֮��TXTȫ������" class="bookname" target="_blank">����ʬ֮�ء�TXT����</a><span class="bookdata">�ܵ����6237</span>
<p>���ߣ�<a href="/author/��ɽ��/" target="_blank">��ɽ��</a>���ࣺ�ƻ�δ��</p>
<p>    ɥʬ��X��MEN��
    ������һ���ؾ����ðɣ���Ϊ���˺��ţ����Ա����ϡ���Ӣ�����֡�
    һ�������У����������˻��ԡ�����֮������ȴ����Ŀȫ�ǣ�ɥʬ���У���������������Ҳ��Ϊӵ�����������ĸ����ˡ�
   ...</p>
<p>״̬:<span class="strong green">������</span> ����:17-07-27 �����½�:1105 ��� </p>
</li>
<li class="storelistbt5b">
<p><a href="http://www.80ge.info/txtxz/40604.html" target="_blank">TXT����</a></p>
<p><a rel="nofollow" href="Javascript:void(0);" onclick="javascript:vote(40604);">Ͷ�Ƽ�Ʊ</a></p>
<p><a rel="nofollow" href="Javascript:void(0);" onclick="javascript:addbookcase(40604);">�������</a></p>
</li>
</ul>
</div>
  </tr>
<tr>
<div class="storelistbt5"> 
<ul>
<li class="storelistbt5a">
<a href="http://www.80ge.info/txtxz/43842.html" target="_blank"><img src="http://img.80ge.info/43/43842/43842s.jpg" title="����֮ʬ"></a>
<a href="http://www.80ge.info/txtxz/43842.html" title="����֮ʬTXTȫ������" class="bookname" target="_blank">������֮ʬ��TXT����</a><span class="bookdata">�ܵ����2479</span>
<p>���ߣ�<a href="/author/����Զ��/" target="_blank">����Զ��</a>���ࣺ�ֲ����</p>
<p>    �����ˣ������ҵĳ�޾����һ�ȼ��;
    Ϊ�˸�����Ը����һ�п��Ѻ�ʹ��;
    �ڸ���ĵ�·�ϣ���Խ��Խǿ��
    ǿ�������Լ������óԾ���
    ���ǣ����е�ɱ¾ֻ��Ϊ���Ա��Ʊ�!!!
     ...</p>
<p>״̬:<span class="strong green">������</span> ����:17-07-27 �����½�:���İ���ʮ���� ��� </p>
</li>
<li class="storelistbt5b">
<p><a href="http://www.80ge.info/txtxz/43842.html" target="_blank">TXT����</a></p>
<p><a rel="nofollow" href="Javascript:void(0);" onclick="javascript:vote(43842);">Ͷ�Ƽ�Ʊ</a></p>
<p><a rel="nofollow" href="Javascript:void(0);" onclick="javascript:addbookcase(43842);">�������</a></p>
</li>
</ul>
</div>
  </tr>
<tr>
<div class="storelistbt5"> 
<ul>
<li class="storelistbt5a">
<a href="http://www.80ge.info/txtxz/22782.html" target="_blank"><img src="http://img.80ge.info/22/22782/22782s.jpg" title="��ʬ��"></a>
<a href="http://www.80ge.info/txtxz/22782.html" title="��ʬ��TXTȫ������" class="bookname" target="_blank">����ʬ����TXT����</a><span class="bookdata">�ܵ����19648</span>
<p>���ߣ�<a href="/author/��Į/" target="_blank">��Į</a>���ࣺ�ֲ����</p>
<p>    ���ߣ���Ҳ��������Ҳ��
    ������֮�������Ϊ�磬����Ϊ�ƣ�����Ϊ�꣬�к�������Ϊ������
    ����ʬ����������������ʬ����ʬ������������˲��·�ˮ�����ᣬ�ɾ�ͨ����ͨ��һ��ũ������ż�á���ʬ����������ͨ�� ...</p>
<p>״̬:<span class="strong green">������</span> ����:17-07-27 �����½�:333�� �л� </p>
</li>
<li class="storelistbt5b">
<p><a href="http://www.80ge.info/txtxz/22782.html" target="_blank">TXT����</a></p>
<p><a rel="nofollow" href="Javascript:void(0);" onclick="javascript:vote(22782);">Ͷ�Ƽ�Ʊ</a></p>
<p><a rel="nofollow" href="Javascript:void(0);" onclick="javascript:addbookcase(22782);">�������</a></p>
</li>
</ul>
</div>
  </tr>
<tr>
<div class="storelistbt5"> 
<ul>
<li class="storelistbt5a">
<a href="http://www.80ge.info/txtxz/25415.html" target="_blank"><img src="http://img.80ge.info/25/25415/25415s.jpg" title="����ʬ��"></a>
<a href="http://www.80ge.info/txtxz/25415.html" title="����ʬ��TXTȫ������" class="bookname" target="_blank">������ʬ����TXT����</a><span class="bookdata">�ܵ����71652</span>
<p>���ߣ�<a href="/author/ȫ��/" target="_blank">ȫ��</a>���ࣺ�ֲ����</p>
<p>    һ�������ܼ�������������Ŀ�����
    �ţ�������������Ѱɡ��Ȿ�����ű��塢�ڰ���Ѫ�ȡ���̬��û��һ����������ѹ�ֵĸо��ᴩȫ�顣�Ȿ�鲻�ʺ���ͨ�˿������ʺ������˿��������ʺ�����ʿ�����˾��ӿ�����Ȼ�� ...</p>
<p>״̬:<span class="strong green">������</span> ����:15-08-15 �����½�:�����л�Ҫ˵�� </p>
</li>
<li class="storelistbt5b">
<p><a href="http://www.80ge.info/txtxz/25415.html" target="_blank">TXT����</a></p>
<p><a rel="nofollow" href="Javascript:void(0);" onclick="javascript:vote(25415);">Ͷ�Ƽ�Ʊ</a></p>
<p><a rel="nofollow" href="Javascript:void(0);" onclick="javascript:addbookcase(25415);">�������</a></p>
</li>
</ul>
</div>
  </tr>
<tr>
<div class="storelistbt5"> 
<ul>
<li class="storelistbt5a">
<a href="http://www.80ge.info/txtxz/26786.html" target="_blank"><img src="http://img.80ge.info/26/26786/26786s.jpg" title="ʬ������"></a>
<a href="http://www.80ge.info/txtxz/26786.html" title="ʬ������TXTȫ������" class="bookname" target="_blank">��ʬ�����TXT����</a><span class="bookdata">�ܵ����3859</span>
<p>���ߣ�<a href="/author/����/" target="_blank">����</a>���ࣺ��ƪ�ۺ�</p>
<p>    һϵ���������������Ȯ�����Ѫ�ȱ�����ͣʬ���ҹ�뱯��������ƮƮ����Ӱ����Ǯҭ���ı�ʬ����û����Ƥ����ʬʦ��ʬ�����صĻ𻯹������˵����ǹݹݳ�����ʲô���ĳ�ޣ�������˲��̵ı��������ǹ��������Ĳһ����������ӵĸ� ...</p>
<p>״̬:<span class="strong blue">�����</span> ����:13-09-13 �����½�:����ʮһ�� ��Թ���ʧ�ٵ�ͷ­ </p>
</li>
<li class="storelistbt5b">
<p><a href="http://www.80ge.info/txtxz/26786.html" target="_blank">TXT����</a></p>
<p><a rel="nofollow" href="Javascript:void(0);" onclick="javascript:vote(26786);">Ͷ�Ƽ�Ʊ</a></p>
<p><a rel="nofollow" href="Javascript:void(0);" onclick="javascript:addbookcase(26786);">�������</a></p>
</li>
</ul>
</div>
  </tr>
<tr>
<div class="storelistbt5"> 
<ul>
<li class="storelistbt5a">
<a href="http://www.80ge.info/txtxz/32884.html" target="_blank"><img src="http://img.80ge.info/32/32884/32884s.jpg" title="���߿�ʬ"></a>
<a href="http://www.80ge.info/txtxz/32884.html" title="���߿�ʬTXTȫ������" class="bookname" target="_blank">�����߿�ʬ��TXT����</a><span class="bookdata">�ܵ����4043</span>
<p>���ߣ�<a href="/author/����ǧ��/" target="_blank">����ǧ��</a>���ࣺ�ֲ����</p>
<p>    �Ҵ�ĩ��̤Ѫ�����������ȥ�����£�������촯���δ�������ǹ����ڣ�����......,�Ǹ���Ѫʬ���Ұ�����ӣ�˭���������������ִ�������
    ���£�����.....���ҹ���������Ϊ��ȼ����ꡣ(qqȺ322 ...</p>
<p>״̬:<span class="strong green">������</span> ����:14-09-16 �����½�:������ ���� </p>
</li>
<li class="storelistbt5b">
<p><a href="http://www.80ge.info/txtxz/32884.html" target="_blank">TXT����</a></p>
<p><a rel="nofollow" href="Javascript:void(0);" onclick="javascript:vote(32884);">Ͷ�Ƽ�Ʊ</a></p>
<p><a rel="nofollow" href="Javascript:void(0);" onclick="javascript:addbookcase(32884);">�������</a></p>
</li>
</ul>
</div>
  </tr>
<tr>
<div class="storelistbt5"> 
<ul>
<li class="storelistbt5a">
<a href="http://www.80ge.info/txtxz/33845.html" target="_blank"><img src="http://img.80ge.info/33/33845/33845s.jpg" title="ʬԹ��˵"></a>
<a href="http://www.80ge.info/txtxz/33845.html" title="ʬԹ��˵TXTȫ������" class="bookname" target="_blank">��ʬԹ��˵��TXT����</a><span class="bookdata">�ܵ����7894</span>
<p>���ߣ�<a href="/author/��ԯ����/" target="_blank">��ԯ����</a>���ࣺ�ֲ����</p>
<p>    �����˾��Ķ��ǵ��������棬����Ϊһ�оʹ˽����������ٴ����뵽��һ���ֲ����У���ͷ��˯����������Ҳ԰׵ĹǼ��Լ��Ǽ�����һ����д�Ų����ı�ǩ����һ�ж�����Ϊʲô��Ϊʲôһ���ر���õ���������Ȼ�����ڽ�������֪��һ�� ...</p>
<p>״̬:<span class="strong blue">�����</span> ����:13-10-16 �����½�:��ʮһ�¡��������ԯѪ </p>
</li>
<li class="storelistbt5b">
<p><a href="http://www.80ge.info/txtxz/33845.html" target="_blank">TXT����</a></p>
<p><a rel="nofollow" href="Javascript:void(0);" onclick="javascript:vote(33845);">Ͷ�Ƽ�Ʊ</a></p>
<p><a rel="nofollow" href="Javascript:void(0);" onclick="javascript:addbookcase(33845);">�������</a></p>
</li>
</ul>
</div>
  </tr>
<tr>
<div class="storelistbt5"> 
<ul>
<li class="storelistbt5a">
<a href="http://www.80ge.info/txtxz/4631.html" target="_blank"><img src="http://img.80ge.info/4/4631/4631s.jpg" title="ĩʬ��"></a>
<a href="http://www.80ge.info/txtxz/4631.html" title="ĩʬ��TXTȫ������" class="bookname" target="_blank">��ĩʬ�񼣡�TXT����</a><span class="bookdata">�ܵ����8266</span>
<p>���ߣ�<a href="/author/ҵ����/" target="_blank">ҵ����</a>���ࣺ�ƻ�δ��</p>
<p>    �������ĩ������ƴ��ȫ���������������뵽��Ϊ�������Ĺ�����˳�־���Խ��Խ����ˣ������������Ӵ˷���ˮ��������飬���ս�ɽ��ֻ������Ը�ص�ĩ��ǰ�İ��������У���Ը������ĩ���Ĳп�����ʹ����������Ը������ʵ�з���ǰ ...</p>
<p>״̬:<span class="strong green">������</span> ����:13-05-26 �����½�:��813�� ���� </p>
</li>
<li class="storelistbt5b">
<p><a href="http://www.80ge.info/txtxz/4631.html" target="_blank">TXT����</a></p>
<p><a rel="nofollow" href="Javascript:void(0);" onclick="javascript:vote(4631);">Ͷ�Ƽ�Ʊ</a></p>
<p><a rel="nofollow" href="Javascript:void(0);" onclick="javascript:addbookcase(4631);">�������</a></p>
</li>
</ul>
</div>
  </tr>
<tr>
<div class="storelistbt5"> 
<ul>
<li class="storelistbt5a">
<a href="http://www.80ge.info/txtxz/4694.html" target="_blank"><img src="http://img.80ge.info/4/4694/4694s.jpg" title="��ʬ����"></a>
<a href="http://www.80ge.info/txtxz/4694.html" title="��ʬ����TXTȫ������" class="bookname" target="_blank">����ʬ���ڡ�TXT����</a><span class="bookdata">�ܵ����4281</span>
<p>���ߣ�<a href="/author/��С/" target="_blank">��С</a>���ࣺ�ƻ�δ��</p>
<p>    ����ӵ���ĸ�Ȫ�ۣ����õ��ĵ��ҽ�����ת���������Ų���ƽ���ŵ������������ƽ�⡣
    ��Ȼ��һ�죬һ��Ȫ�۱�ʬ�����ס�����������֮��ʧȥ��ƽ�⣬������һ��������ɥʬ����ʬ����ʬ�Ͷ�ʬ֮�����Ʒ��һһ��ʬ���� ...</p>
<p>״̬:<span class="strong blue">�����</span> ����:13-05-26 �����½�:�ھ�ʮ���� �ܴ�ľ��� </p>
</li>
<li class="storelistbt5b">
<p><a href="http://www.80ge.info/txtxz/4694.html" target="_blank">TXT����</a></p>
<p><a rel="nofollow" href="Javascript:void(0);" onclick="javascript:vote(4694);">Ͷ�Ƽ�Ʊ</a></p>
<p><a rel="nofollow" href="Javascript:void(0);" onclick="javascript:addbookcase(4694);">�������</a></p>
</li>
</ul>
</div>
  </tr>
<tr>
<div class="storelistbt5"> 
<ul>
<li class="storelistbt5a">
<a href="http://www.80ge.info/txtxz/775.html" target="_blank"><img src="http://img.80ge.info/0/775/775s.jpg" title="��ʬ֮��"></a>
<a href="http://www.80ge.info/txtxz/775.html" title="��ʬ֮��TXTȫ������" class="bookname" target="_blank">����ʬ֮�ء�TXT����</a><span class="bookdata">�ܵ����62557</span>
<p>���ߣ�<a href="/author/һ��һ/" target="_blank">һ��һ</a>���ࣺ�ƻ�δ��</p>
<p>    ɥʬ��x��men��
    ������һ���ؾ����ðɣ���Ϊ���˺��ţ����Ա����ϡ���Ӣ�����֡�
    һ�������У����������˻��ԡ�����֮������ȴ����Ŀȫ�ǣ�ɥʬ���У���������������Ҳ��Ϊӵ�����������ĸ����ˡ�
   ...</p>
<p>״̬:<span class="strong blue">�����</span> ����:17-08-04 �����½�:1105 ��� </p>
</li>
<li class="storelistbt5b">
<p><a href="http://www.80ge.info/txtxz/775.html" target="_blank">TXT����</a></p>
<p><a rel="nofollow" href="Javascript:void(0);" onclick="javascript:vote(775);">Ͷ�Ƽ�Ʊ</a></p>
<p><a rel="nofollow" href="Javascript:void(0);" onclick="javascript:addbookcase(775);">�������</a></p>
</li>
</ul>
</div>
  </tr>
<tr>
<div class="storelistbt5"> 
<ul>
<li class="storelistbt5a">
<a href="http://www.80ge.info/txtxz/79543.html" target="_blank"><img src="http://img.80ge.info/79/79543/79543s.jpg" title="������ʬ"></a>
<a href="http://www.80ge.info/txtxz/79543.html" title="������ʬTXTȫ������" class="bookname" target="_blank">��������ʬ��TXT����</a><span class="bookdata">�ܵ����60067</span>
<p>���ߣ�<a href="/author/ʮ�׸���/" target="_blank">ʮ�׸���</a>���ࣺ���л���</p>
<p>    ��ҹ������һ˫��ɫ���۾�����ȴ������Ѱ�ҹ�������ǹ��������ڼз�����棬�ںڰ��д�������ǡ����Ҵ�����ǰ�У�    �Ҿ����Ĳ�����ĩ�յ��赲�ߣ���ĩ��רҵ����Ʒ�������Ʒ����ע    ��ʮ�׸��������ںţ������ ...</p>
<p>״̬:<span class="strong green">������</span> ����:20-01-13 �����½�:1384 ���顶��һ��������󡷿��� </p>
</li>
<li class="storelistbt5b">
<p><a href="http://www.80ge.info/txtxz/79543.html" target="_blank">TXT����</a></p>
<p><a rel="nofollow" href="Javascript:void(0);" onclick="javascript:vote(79543);">Ͷ�Ƽ�Ʊ</a></p>
<p><a rel="nofollow" href="Javascript:void(0);" onclick="javascript:addbookcase(79543);">�������</a></p>
</li>
</ul>
</div>
  </tr>
</table>

</div>
<div id="footer">
<div id="f_link">
<a href="/support/about.html" title="��������" target="_blank">��������</a>-<a href="/support/help.html" title="txtС˵���ذ���" target="_blank">��վ����</a>-<a href="/support/advertise.html" title="������" target="_blank">������</a>-<a href="/support/declare.html" title="��Ȩ����,��Ȩ�ٱ�" target="_blank">��Ȩ����(�ٱ�)</a>-<a href="/support/sitemap.html" title="��վ��ͼ" target="_blank">��վ��ͼ</a>
</div>
<div class="copyright">
<b>���������</b>����txtС˵�����������Լ�������Ȩ��������Ʒ������������߱��˵Ĺ۵㣬�뱾վ�����޹ء��Ķ����緢����Ʒ����ȷ���뷨�ɵִ�֮��������վ�ٱ���<br>
���������Ķ�����ɫ���磬���������緢����Ȩ���Ƿ���ɫ����С˵,<span style="background-color:#ffff00 "><a href="/newmessage.php?tosys=1&title=[��Ȩ/��ɫ]�ٱ�&content=������Ȩ��Ƿ����ݵ�С˵��д������,���ĺ����ǻ�ɾ�����飺 " target="_blank">��˾ٱ�</a></span> �����ʼ���:<span style="background-color:#ffff00 ">admin@80ge.info </span> ɾ������</b></span></font>(���鷢���ʼ�:����Ϊ��[��Ȩ/��ɫ]�ٱ���)<br/>
�����������רҵ�ṩ����,����,����,��ʷ,����,�ƻ�,�ֲ�,��ѧ,����,����,��־,����,����,����,���������ȫ��С˵������ص���վ�� <script>tongji();</script><br/>
<a href="http://www.80ge.info" title="���������"><b>���������</b></a> ����������<a href="http://www.80ge.info" title="���������">www.80ge.info</a> ��վ�����ţ���ICP��13055675��-6 
 վ�����䣺admin@80ge.info</div>
</div>
</div>
</body>
</html>
21:11:48.732 [OkHttp http://www.80ge.info/...] DEBUG io.legado.app.model.DebugLog - <-- END HTTP (130157-byte, 26491-gzipped-byte body)
21:11:48.733 [main @coroutine#10] INFO io.legado.app.model.DebugLog - sourceUrl: http://www.80ge.info, msg: �Ի�ȡ�ɹ�:/modules/article/search.php,{
  "method": "post",
  "body": "searchkey=��ʬ��&searchtype=articlename"
}
21:11:48.733 [main @coroutine#10] INFO io.legado.app.model.DebugLog - sourceUrl: http://www.80ge.info, msg: ����ȡ�鼮�б�
21:11:48.736 [main @coroutine#10] INFO io.legado.app.model.DebugLog - sourceUrl: http://www.80ge.info, msg: ���б��С:100
21:11:48.736 [main @coroutine#10] INFO io.legado.app.model.DebugLog - sourceUrl: http://www.80ge.info, msg: ����ȡ����
21:11:48.736 [main @coroutine#10] INFO io.legado.app.model.DebugLog - sourceUrl: http://www.80ge.info, msg: ����ʬ��
21:11:48.736 [main @coroutine#10] INFO io.legado.app.model.DebugLog - sourceUrl: http://www.80ge.info, msg: ����ȡ����
21:11:48.736 [main @coroutine#10] INFO io.legado.app.model.DebugLog - sourceUrl: http://www.80ge.info, msg: ������δ��
21:11:48.736 [main @coroutine#10] INFO io.legado.app.model.DebugLog - sourceUrl: http://www.80ge.info, msg: ����ȡ����
21:11:48.736 [main @coroutine#10] INFO io.legado.app.model.DebugLog - sourceUrl: http://www.80ge.info, msg: ��������,�����,19-07-16
21:11:48.736 [main @coroutine#10] INFO io.legado.app.model.DebugLog - sourceUrl: http://www.80ge.info, msg: ����ȡ����
21:11:48.736 [main @coroutine#10] INFO io.legado.app.model.DebugLog - sourceUrl: http://www.80ge.info, msg: ��
21:11:48.736 [main @coroutine#10] INFO io.legado.app.model.DebugLog - sourceUrl: http://www.80ge.info, msg: ����ȡ�����½�
21:11:48.736 [main @coroutine#10] INFO io.legado.app.model.DebugLog - sourceUrl: http://www.80ge.info, msg: ����195�� ����
21:11:48.736 [main @coroutine#10] INFO io.legado.app.model.DebugLog - sourceUrl: http://www.80ge.info, msg: ����ȡ���
21:11:48.737 [main @coroutine#10] INFO io.legado.app.model.DebugLog - sourceUrl: http://www.80ge.info, msg: ����ʱ�������ںӱ߿��ź������Լ���Ӱ����Ҳ��֪���ǲ�����Ϊ���Զ�̫���ܻῴ����һ���˵���ס� ���ʹ�үү����˵���������ǰ����ÿһ���˶���ǰ������ʱ������һЩ�����ʱ���������Լ�����֮ǰ����������顣 ...
21:11:48.737 [main @coroutine#10] INFO io.legado.app.model.DebugLog - sourceUrl: http://www.80ge.info, msg: ����ȡ��������
21:11:48.737 [main @coroutine#10] INFO io.legado.app.model.DebugLog - sourceUrl: http://www.80ge.info, msg: ��http://img.80ge.info/99/99378/99378s.jpg
21:11:48.737 [main @coroutine#10] INFO io.legado.app.model.DebugLog - sourceUrl: http://www.80ge.info, msg: ����ȡ����ҳ����
21:11:48.737 [main @coroutine#10] INFO io.legado.app.model.DebugLog - sourceUrl: http://www.80ge.info, msg: ��http://www.80ge.info/txtxz/99378.html
21:11:48.780 [main] INFO cn.kong.app.model.NovelSourceTest -   �������: 100 ��
21:11:48.780 [main] INFO cn.kong.app.model.NovelSourceTest -     [1] ��ʬ�� | ����δ��
21:11:48.780 [main] INFO cn.kong.app.model.NovelSourceTest -     [2] ��ʬ�� | ��ʮ��
21:11:48.780 [main] INFO cn.kong.app.model.NovelSourceTest -     [3] ��ʬ�� | �����С��
21:11:48.780 [main] INFO cn.kong.app.model.NovelSourceTest -   --- Step 2: ��ȡ���� ---
21:11:48.781 [OkHttp http://www.80ge.info/...] DEBUG io.legado.app.model.DebugLog - --> GET http://www.80ge.info/txtxz/99378.html http/1.1
21:11:48.781 [OkHttp http://www.80ge.info/...] DEBUG io.legado.app.model.DebugLog - User-Agent: Mozilla/5.0 (Windows NT 10.0; Win64; x64) AppleWebKit/537.36 (KHTML, like Gecko) Chrome/75.0.3770.142 Safari/537.36
21:11:48.781 [OkHttp http://www.80ge.info/...] DEBUG io.legado.app.model.DebugLog - Keep-Alive: 300
21:11:48.781 [OkHttp http://www.80ge.info/...] DEBUG io.legado.app.model.DebugLog - Connection: Keep-Alive
21:11:48.781 [OkHttp http://www.80ge.info/...] DEBUG io.legado.app.model.DebugLog - Cache-Control: no-cache
21:11:48.781 [OkHttp http://www.80ge.info/...] DEBUG io.legado.app.model.DebugLog - Host: www.80ge.info
21:11:48.781 [OkHttp http://www.80ge.info/...] DEBUG io.legado.app.model.DebugLog - Accept-Encoding: gzip
21:11:48.781 [OkHttp http://www.80ge.info/...] DEBUG io.legado.app.model.DebugLog - --> END GET
21:11:48.955 [OkHttp http://www.80ge.info/...] DEBUG io.legado.app.model.DebugLog - <-- 200 OK http://www.80ge.info/txtxz/99378.html (173ms)
21:11:48.955 [OkHttp http://www.80ge.info/...] DEBUG io.legado.app.model.DebugLog - Server: nginx
21:11:48.955 [OkHttp http://www.80ge.info/...] DEBUG io.legado.app.model.DebugLog - Date: Fri, 14 Aug 2026 13:11:48 GMT
21:11:48.955 [OkHttp http://www.80ge.info/...] DEBUG io.legado.app.model.DebugLog - Content-Type: text/html
21:11:48.955 [OkHttp http://www.80ge.info/...] DEBUG io.legado.app.model.DebugLog - Transfer-Encoding: chunked
21:11:48.955 [OkHttp http://www.80ge.info/...] DEBUG io.legado.app.model.DebugLog - Connection: keep-alive
21:11:48.955 [OkHttp http://www.80ge.info/...] DEBUG io.legado.app.model.DebugLog - Cache-Control: max-age=60
21:11:48.955 [OkHttp http://www.80ge.info/...] DEBUG io.legado.app.model.DebugLog - Content-Encoding: gzip
21:11:48.955 [OkHttp http://www.80ge.info/...] DEBUG io.legado.app.model.DebugLog - X-Cache-Status: EXPIRED
21:11:49.170 [OkHttp http://www.80ge.info/...] DEBUG io.legado.app.model.DebugLog - 
21:11:49.170 [OkHttp http://www.80ge.info/...] DEBUG io.legado.app.model.DebugLog - <!DOCTYPE html PUBLIC "-//W3C//DTD XHTML 1.0 Transitional//EN" "http://www.w3.org/TR/xhtml1/DTD/xhtml1-transitional.dtd"><html xmlns="http://www.w3.org/1999/xhtml"><head><meta http-equiv="Content-Type" content="text/html; charset=utf-8" /><meta name="renderer" content="webkit" /><title>��ʬ��TXT����,��ʬ��ȫ��,ȫ��,���,ȫ��������С˵TXT�������������_���������</title><meta name="keywords" content="��ʬ��txtȫ������,��ʬ��txt����,��ʬ��ȫ��,���,ȫ��,ȫ��������С˵,��ʬ��txt�������������,���������" /><meta name="description" content="����������ṩ��ʬ��txtȫ������,�Լ���ʬ��txt���غ���ʬ��ȫ��������txt�����Լ�����С˵����ͼ�����ء�������ʬ��txtȫ������,��һ��Ҫ�������������������ʬ��txtŶ����ʬ��txtȫ��ȫ�����أ�&nbsp;&nbsp;&nbsp;&nbsp;��ʱ�������ںӱ߿��ź������Լ���Ӱ����Ҳ��֪���ǲ�����Ϊ���Զ�̫���ܻῴ����һ���˵���ס�&lt;br/&gt;&lt;br/&gt;&nbsp;&nbsp;&nbsp;&nbsp;���ʹ�үү����˵���������ǰ����ÿһ���˶���ǰ������ʱ������һЩ�����ʱ���������Լ�����֮ǰ����������顣&lt;br/&gt;&lt;br/&gt;&nbsp;&nbsp;&nbsp;&nbsp;үү˵������ǰ�����ҵ������ÿ������������Լ�������������ʱ����Ҫ����һ�㣬���򡭡�" /><link type="text/css" rel="stylesheet" href="/skin/style.css" /><script type="text/javascript" src="/skin/com.js"></script>
<script src="/3VoXzBkr/n5CFlgZnRx.js"></script><script type="text/javascript" src="/skin/btn.js"></script></head><body>
<div id="container">
<div class="topnave">
<div class="pad_width">
<script>login();shoucang();</script>
</div>
</div>
<div id="head">
<div class="head_frame">
<div id="logo"><a href="http://www.80ge.info"><img src="http://img.80ge.info/skin/image/logo.gif" alt="���������" /></a></div>
<div id="banner"><script>banner();</script></div>
<div id="head_search">
<div id="search">
<label class="reg"><a href="http://www.80ge.info/top/lastupdate/1.html" target="_blank">������µ�С˵</a></label>
<label class="login"><a href="http://www.80ge.info/top/toptime/1.html" target="_blank">�༭�Ƽ���С˵</a></label>
<script>search_tag();</script>
</div>
</div>
</div>
<div id="menu">
<div id="nav">
<ul>
<li><span>������</span></li><li class="menu_txt"></li>
<li><a href="/sort3/1.html" title="�������">�������</a></li><li class="menu_txt"></li>
<li><a href="/sort13/1.html" title="���ħ��" >���ħ��</a></li><li class="menu_txt"></li>
<li><a href="/sort1/1.html" title="��������">��������</a></li><li class="menu_txt"></li>
<li><a href="/sort12/1.html" title="��������" >��������</a></li><li class="menu_txt"></li>
<li><a href="/sort14/1.html" title="��������" >��������</a></li><li class="menu_txt"></li>
<li><a href="/sort15/1.html" title="��������" >��������</a></li><li class="menu_txt"></li>
<li><a href="/sort9/1.html" title="δ������" >δ������</a></li><li class="menu_txt"></li>
<li><a href="/sort10/1.html" title="������" >������</a></li><li class="menu_txt"></li>
<li><a href="/sort22/1.html" title="̽�ս���" >̽�ս���</a></li><li class="menu_txt"></li>
<li><a href="/sort6/1.html" title="��ʷ����" >��ʷ����</a></li><li class="menu_txt"></li>
<li><a href="/sort7/1.html" title="���־���" >���־���</a></li><li class="menu_txt"></li>
<li><a href="/sort16/1.html" title="��������" >����</a></li><li class="menu_txt"></li>
<li><a href="/sort8/1.html" title="��������" >����</a></li><li class="menu_txt"></li>
</ul>
</div>
<div id="nav">
<ul>
<li><span>Ů����</span></li><li class="menu_txt"></li>
<li><a href="/sort2/1.html" title="ħ��Ůǿ">ħ��Ůǿ</a></li><li class="menu_txt"></li>
<li><a href="/sort4/1.html" title="���л���">���л���</a></li><li class="menu_txt"></li>
<li><a href="/sort5/1.html" title="�ٺ�֮��" >�ٺ�֮��</a></li><li class="menu_txt"></li>
<li><a href="/sort11/1.html" title="ͬ������" >ͬ������</a></li><li class="menu_txt"></li>
<li><a href="/sort17/1.html" title="��Խ�ܿ�" >��Խ�ܿ�</a></li><li class="menu_txt"></li>
<li><a href="/sort18/1.html" title="���ҹ���" >���ҹ���</a></li><li class="menu_txt"></li>
<li><a href="/sort19/1.html" title="ħ��У԰" >ħ��У԰</a></li><li class="menu_txt"></li>
<li><a href="/sort20/1.html" title="��������" >��������</a></li><li class="menu_txt"></li>
<li><a href="/sort21/1.html" title="��ְ��ս" >��ְ��ս</a></li><li class="menu_txt"></li>
<li><a href="/sort23/1.html" title="�����ս" >�����ս</a></li><li class="menu_txt"></li>
<li><a href="/sort24/1.html" title="Ψ������" >Ψ������</a></li><li class="menu_txt"></li>
<li><a href="/sort25/1.html" title="ʫ���ļ�" >ʫ���ļ�</a></li>
</ul>
</div>
<div id="ad1"><script>ad1();</script></div>
<div class="fenxiang"><script>xzfav();</script></div>
</div>
</div>
<div class="main">
<div id="centerl"><div id="content">

<div id="textbox">
<div class="path">�����ڵ�λ�ã�<a href="http://www.80ge.info">���������</a> �� <a href="/author/����δ��/">����δ����Ʒ��</a> �� <a href="http://www.80ge.info/txtxz/99378.html">��ʬ��TXTȫ��</a><div id="index_tip"><b>������ַ��www.80ge.info</b></div></div>
<div id="main_down">
<div id="show_container">
<div id="soft_info_para">
<h1>��ʬ��TXTȫ������</h1>
<div class="soft_info_l"><script>ad7();</script></div> 
<div class="soft_info_r">
<img src="http://img.80ge.info/99/99378/99378s.jpg" width="190px" height="255px" border="0" class="info_img"/>
<li><b>С˵���ߣ�</b><a href="/author/����δ��/" title="����δ��������Ʒȫ��TXT����">����δ��</a></li>
<li><b>С˵��С��</b>0M</li>
<li><b>���յ����</b>1 ��</li>
<li><b>���ܵ����</b>6 ��</li>
<li><b>���µ����</b>19 ��</li>
<li><b>�ܵ������</b>8076 ��</li>
<!--<li><b>���Ƽ�����</b>2450 ��</li>-->
<li><b>д�����ȣ�</b><strong class="strong blue">�����</strong></li>
<li class="str-over-dot-no100"><b>����ʱ�䣺</b>2019-07-16 17:20:44</li>
<li><b>�Ƽ���Ϣ��</b><a href="http://www.80ge.info/top/lastupdate/1.html" class="strong yellow">���µ���������</a></li>
<li><b>�����½ڣ�</b>��195�� ����</li>
<li style="height:25px;"><!--<a href="http://www.80ge.info/txtml_99378.html" class="tools">�½�Ŀ¼</a>--> <a href="Javascript:void(0);" onclick="javascript:vote(99378);" rel="nofollow" class="tools">����Ƽ�</a> <a href="Javascript:void(0);" onclick="javascript:addbookcase(99378);" rel="nofollow" class="tools">�������</a> <a rel="nofollow" href="http://www.80ge.info/support/help.html" style="color:green;" class="tools">�鿴���ذ���</a>  </li>
<li><b><a href="/txtxz/99378/down.html" title="���������ʬ��TXT����" id="read_book">TXT�����б�</a></b>
<b><a href="http://www.80ge.info/txtml_99378.html" title="���������ʬ���½�Ŀ¼" id="read_book" >�����Ķ�_Ŀ¼</a></b></li>
</div>
</div>
<!--<div class="img"><img src="http://img.80ge.info/99/99378/99378s.jpg" width="180" height="150" border="0"/></div>-->
</div>
<div id="main_content_2013">
<div class="adrx"><script>adrx();</script></div>
<div class="ad5"><script>ad5();</script></div>
</div>
<div id="main_content_2013">
<h2><span class="boxhead col-icon1">��������</span></h2>
<div id="story">
<div id="mainSoftIntro">
<p> &nbsp; <B>���������</B>���Ϊ�����ṩ<a href="http://www.80ge.info/author/����δ��/">����δ��</a>������<strong><a href="http://www.80ge.info/txtxz/99378.html">��ʬ��txtȫ������</a></strong>;�������ñ�վ�ṩ��<a href="http://www.80ge.info">txt�������������</a>����,���<a href="http://www.80ge.info/txtxz/99378.html">��ʬ��txtȫ������</a>�����Ƽ���������ѣ�<br />
    ��ʱ�������ںӱ߿��ź������Լ���Ӱ����Ҳ��֪���ǲ�����Ϊ���Զ�̫���ܻῴ����һ���˵���ס�    ���ʹ�үү����˵���������ǰ����ÿһ���˶���ǰ������ʱ������һЩ�����ʱ���������Լ�����֮ǰ����������顣    үү˵������ǰ�����ҵ������ÿ������������Լ�������������ʱ����Ҫ����һ�㣬���򡭡�<br />
����<strong><a href="http://www.80ge.info/txtxz/99378.html">��ʬ��TXT����</a></strong>,����<a href="http://www.80ge.info">txtС˵����</a>,�����ע��������顣</p>
</div>
</div>
</div>
<div id="main_content_2013">
<div class="head"><h2>��ʬ��TXTȫ����������</h2></div>
<table width="100%" border="0" cellspacing="0" cellpadding="0">
<DIV class="usercom">���棺<font color="#FF0000"><a href="http://txt.80ge.info/99378/��ʬ��.txt">��ʬ��TXTȫ������</a> ���޸����Դ����ɵĲ�����б�Ǹ���� </font></DIV>
<DIV class="time"><b><a rel="nofollow" href="http://www.80ge.info/support/help.html" style="color:green;">�鿴txt���ذ���</a></b></DIV>
<DIV class="usercom">���棺<b>��ʬ�� ��ʽ��ͨ �ֻ�TXTȫ������ !!</b></DIV>
<DIV class="time"><b><a rel="nofollow" href="http://www.80ge.info/support/help.html" style="color:green;">�鿴txt���ذ���</a></b></DIV>
<DIV class="usercom">���棺<b>��ʬ�� ��ʽ��ͨ ����TXTȫ������ !!</b></DIV>
<DIV class="usercom">���棺<b><font color="#FF6600">��ʬ��</font></b>  ������ 2019-07-16 
<a href="" target="_blank"><font color="006699">�鿴������ʬ������....</font></a></DIV>
</table>
<form name="frmreview" method="post" action="http://www.80ge.info/modules/article/reviews.php?aid=99378" target="_blank">
<textarea name="pcontent" id="pcontent" cols="86" rows="6"></textarea>
<td><input type="submit" name="Submit" value="��������"> �ѿ�ͨ�ο�����������ˢ�����������߹ؽ��ջ��߻������㴦���</td></form>
</div>
<div id="main_content_2013">
<h2 class="xihuan"><span class="boxhead col-icon10">�����ܻ������µ��������Ȥ</span></h2>
<div class="down_link">
<li class="listimg1"><a href="http://www.80ge.info/txtxz/202930.html" target="_blank"><img src="http://img.80ge.info/202/202930/202930s.jpg" width="95" height="130" border="0" title="���ڳ�ʥħ�ŵ��˲�"></a><span></span><a href="http://www.80ge.info/txtxz/202930.html" title="���ڳ�ʥħ�ŵ��˲�TXTȫ������" target="_blank">���ڳ�ʥħ�ŵ��˲�</a></li>

<li class="listimg1"><a href="http://www.80ge.info/txtxz/138357.html" target="_blank"><img src="http://img.80ge.info/138/138357/138357s.jpg" width="95" height="130" border="0" title="ҹ�޽�"></a><span></span><a href="http://www.80ge.info/txtxz/138357.html" title="ҹ�޽�TXTȫ������" target="_blank">ҹ�޽�</a></li>

<li class="listimg1"><a href="http://www.80ge.info/txtxz/221819.html" target="_blank"><img src="http://img.80ge.info/221/221819/221819s.jpg" width="95" height="130" border="0" title="462���ƹ"></a><span></span><a href="http://www.80ge.info/txtxz/221819.html" title="462���ƹTXTȫ������" target="_blank">462���ƹ</a></li>

<li class="listimg1"><a href="http://www.80ge.info/txtxz/221861.html" target="_blank"><img src="http://img.80ge.info/221/221861/221861s.jpg" width="95" height="130" border="0" title="�������Ͱ����ͽ�С���ҵ����"></a><span></span><a href="http://www.80ge.info/txtxz/221861.html" title="�������Ͱ����ͽ�С���ҵ����TXTȫ������" target="_blank">�������Ͱ����ͽ�С���ҵ����</a></li>

<li class="listimg1"><a href="http://www.80ge.info/txtxz/221863.html" target="_blank"><img src="http://img.80ge.info/221/221863/221863s.jpg" width="95" height="130" border="0" title="�����Ҿ��죬����������ˣ�"></a><span></span><a href="http://www.80ge.info/txtxz/221863.html" title="�����Ҿ��죬����������ˣ�TXTȫ������" target="_blank">�����Ҿ��죬����������ˣ�</a></li>

<li class="listimg1"><a href="http://www.80ge.info/txtxz/221792.html" target="_blank"><img src="http://img.80ge.info/221/221792/221792s.jpg" width="95" height="130" border="0" title="���ֹײĻؿޣ��ҵ�����ʦ��Щ��"></a><span></span><a href="http://www.80ge.info/txtxz/221792.html" title="���ֹײĻؿޣ��ҵ�����ʦ��Щ��TXTȫ������" target="_blank">���ֹײĻؿޣ��ҵ�����ʦ��Щ��</a></li>

</div>
</div>
<div id="subBox">
<ul id="divide">
<li class="share">��<a href="#top"><b>�� �ص����� </b></a>��</li>
</ul>
<ul id="loft">
<li class="share">��<a href="javascript:history.back(-1)">�ص���ҳ</a>��</li>
</ul>
</div>
</div>
<div id="right">
<div class="rt_block itisstxt">
<script>ad8();</script>
<h2><a href="/sort10/1.html">�������Ƽ�������</a></h2>
<div class="z_Pic">
<div id="album">
<ul>
<li><a href="http://www.80ge.info/txtxz/56256.html" target="_blank" ><img src="http://img.80ge.info/56/56256/56256s.jpg" width="122" height="166" border="0" title="��Ĺ����"></a><br /><a href="http://www.80ge.info/txtxz/56256.html" title="��Ĺ����TXTȫ������" target="_blank">��Ĺ����</a></li>

<li><a href="http://www.80ge.info/txtxz/57745.html" target="_blank" ><img src="http://img.80ge.info/57/57745/57745s.jpg" width="122" height="166" border="0" title="÷�մ���"></a><br /><a href="http://www.80ge.info/txtxz/57745.html" title="÷�մ���TXTȫ������" target="_blank">÷�մ���</a></li>
</ul>
</div>
</div>
<div class="sarts">
<li><span>1. </span><a href="http://www.80ge.info/txtxz/65197.html" target="_blank" title="������������Ӣ�۵���Щ��TXTȫ������">������������Ӣ�۵���Щ��</a></li><li><span>2. </span><a href="http://www.80ge.info/txtxz/62913.html" target="_blank" title="�����컯¯TXTȫ������">�����컯¯</a></li><li><span>3. </span><a href="http://www.80ge.info/txtxz/55611.html" target="_blank" title="����ı���ֲ�TXTȫ������">����ı���ֲ�</a></li><li><span>4. </span><a href="http://www.80ge.info/txtxz/60941.html" target="_blank" title="������BOSSTXTȫ������">������BOSS</a></li><li><span>5. </span><a href="http://www.80ge.info/txtxz/68703.html" target="_blank" title="ĩ������TXTȫ������">ĩ������</a></li><li><span>6. </span><a href="http://www.80ge.info/txtxz/62353.html" target="_blank" title="������������TXTȫ������">������������</a></li><li><span>7. </span><a href="http://www.80ge.info/txtxz/64972.html" target="_blank" title="Ů��������TXTȫ������">Ů��������</a></li><li><span>8. </span><a href="http://www.80ge.info/txtxz/56570.html" target="_blank" title="�����TXTȫ������">�����</a></li><li><span>9. </span><a href="http://www.80ge.info/txtxz/61064.html" target="_blank" title="�伫����TXTȫ������">�伫����</a></li><li><span>10. </span><a href="http://www.80ge.info/txtxz/67230.html" target="_blank" title="Ů��ֱ������TXTȫ������">Ů��ֱ������</a></li><li><span>11. </span><a href="http://www.80ge.info/txtxz/58983.html" target="_blank" title="�ҵ�1979TXTȫ������">�ҵ�1979</a></li><li><span>12. </span><a href="http://www.80ge.info/txtxz/67236.html" target="_blank" title="ʥ��TXTȫ������">ʥ��</a></li><li><span>13. </span><a href="http://www.80ge.info/txtxz/55811.html" target="_blank" title="���޴�½III������˵TXTȫ������">���޴�½III������˵</a></li><li><span>14. </span><a href="http://www.80ge.info/txtxz/70522.html" target="_blank" title="������������TXTȫ������">������������</a></li><li><span>15. </span><a href="http://www.80ge.info/txtxz/58228.html" target="_blank" title="ȫְ��ʦTXTȫ������">ȫְ��ʦ</a></li><li><span>16. </span><a href="http://www.80ge.info/txtxz/68230.html" target="_blank" title="���������TXTȫ������">���������</a></li></div>
</div>
<div class="rt_block itisstxt">
<script>ad9();</script>
<h2><a href="/sort10/1.html">���������ŵ�����</a></h2>
<div class="z_Pic">
<div id="album">
<ul>
<li><a href="http://www.80ge.info/txtxz/58228.html" target="_blank" ><img src="http://img.80ge.info/58/58228/58228s.jpg" width="122" height="166" border="0" title="ȫְ��ʦ"></a><br /><a href="http://www.80ge.info/txtxz/58228.html" title="ȫְ��ʦTXTȫ������" target="_blank">ȫְ��ʦ</a></li>

<li><a href="http://www.80ge.info/txtxz/61793.html" target="_blank" ><img src="http://img.80ge.info/61/61793/61793s.jpg" width="122" height="166" border="0" title="������"></a><br /><a href="http://www.80ge.info/txtxz/61793.html" title="������TXTȫ������" target="_blank">������</a></li>
</ul>
</div>
</div>
<div class="sarts">
<li><span>1. </span><a href="http://www.80ge.info/txtxz/67236.html" target="_blank" title="ʥ��TXTȫ������">ʥ��</a></li><li><span>2. </span><a href="http://www.80ge.info/txtxz/58486.html" target="_blank" title="��������ȺTXTȫ������">��������Ⱥ</a></li><li><span>3. </span><a href="http://www.80ge.info/txtxz/55811.html" target="_blank" title="���޴�½III������˵TXTȫ������">���޴�½III������˵</a></li><li><span>4. </span><a href="http://www.80ge.info/txtxz/57199.html" target="_blank" title="��Ʒȫ��ѧ��TXTȫ������">��Ʒȫ��ѧ��</a></li><li><span>5. </span><a href="http://www.80ge.info/txtxz/57411.html" target="_blank" title="�۰�TXTȫ������">�۰�</a></li><li><span>6. </span><a href="http://www.80ge.info/txtxz/55930.html" target="_blank" title="̫������TXTȫ������">̫������</a></li><li><span>7. </span><a href="http://www.80ge.info/txtxz/56339.html" target="_blank" title="���������¼֮�㴫TXTȫ������">���������¼֮�㴫</a></li><li><span>8. </span><a href="http://www.80ge.info/txtxz/60802.html" target="_blank" title="��ʳ��Ӧ��TXTȫ������">��ʳ��Ӧ��</a></li><li><span>9. </span><a href="http://www.80ge.info/txtxz/59230.html" target="_blank" title="���ƾŻ�TXTȫ������">���ƾŻ�</a></li><li><span>10. </span><a href="http://www.80ge.info/txtxz/66970.html" target="_blank" title="���ͼ���TXTȫ������">���ͼ���</a></li><li><span>11. </span><a href="http://www.80ge.info/txtxz/58983.html" target="_blank" title="�ҵ�1979TXTȫ������">�ҵ�1979</a></li><li><span>12. </span><a href="http://www.80ge.info/txtxz/65762.html" target="_blank" title="Ԧ������TXTȫ������">Ԧ������</a></li><li><span>13. </span><a href="http://www.80ge.info/txtxz/68230.html" target="_blank" title="���������TXTȫ������">���������</a></li><li><span>14. </span><a href="http://www.80ge.info/txtxz/57721.html" target="_blank" title="����֮��Դ����TXTȫ������">����֮��Դ����</a></li><li><span>15. </span><a href="http://www.80ge.info/txtxz/63811.html" target="_blank" title="����ʥ��TXTȫ������">����ʥ��</a></li><li><span>16. </span><a href="http://www.80ge.info/txtxz/55628.html" target="_blank" title="�񻰰�����TXTȫ������">�񻰰�����</a></li></div>
</div>
<div id="focus">
<div class="ad6"><script>ad6();</script></div>
</div>
</div>
</div>
<div id="footer">
<div id="f_link">
<a href="/support/about.html" title="��������" target="_blank">��������</a>-<a href="/support/help.html" title="txtС˵���ذ���" target="_blank">��վ����</a>-<a href="/support/advertise.html" title="������" target="_blank">������</a>-<a href="/support/declare.html" title="��Ȩ����,��Ȩ�ٱ�" target="_blank">��Ȩ����(�ٱ�)</a>-<a href="/support/sitemap.html" title="��վ��ͼ" target="_blank">��վ��ͼ</a>
</div>
<div class="copyright">
<b>���������</b>����txtС˵�����������Լ�������Ȩ��������Ʒ������������߱��˵Ĺ۵㣬�뱾վ�����޹ء��Ķ����緢����Ʒ����ȷ���뷨�ɵִ�֮��������վ�ٱ���<br>
���������Ķ�����ɫ���磬���������緢����Ȩ���Ƿ���ɫ����С˵,<span style="background-color:#ffff00 "><a href="/newmessage.php?tosys=1&title=[��Ȩ/��ɫ]�ٱ�&content=������Ȩ��Ƿ����ݵ�С˵��д������,���ĺ����ǻ�ɾ�����飺 " target="_blank">��˾ٱ�</a></span> �����ʼ���:<span style="background-color:#ffff00 ">admin@80ge.info </span> ɾ������</b></span></font>(���鷢���ʼ�:����Ϊ��[��Ȩ/��ɫ]�ٱ���)<br/>
�����������רҵ�ṩ����,����,����,��ʷ,����,�ƻ�,�ֲ�,��ѧ,����,����,��־,����,����,����,���������ȫ��С˵������ص���վ�� <script>tongji();</script><br/>
<a href="http://www.80ge.info" title="���������"><b>���������</b></a> ����������<a href="http://www.80ge.info" title="���������">www.80ge.info</a> ��վ�����ţ���ICP��13055675��-6 
 վ�����䣺admin@80ge.info</div>
</div>
</div>
<script>recordedclick(99378);</script>
</body>
</html>
21:11:49.170 [OkHttp http://www.80ge.info/...] DEBUG io.legado.app.model.DebugLog - <-- END HTTP (21165-byte, 5636-gzipped-byte body)
21:11:49.171 [main @coroutine#11] INFO io.legado.app.model.DebugLog - sourceUrl: http://www.80ge.info, msg: �Ի�ȡ�ɹ�:http://www.80ge.info/txtxz/99378.html
21:11:49.171 [main @coroutine#11] INFO io.legado.app.model.DebugLog - sourceUrl: http://www.80ge.info, msg: ����ȡ����
21:11:49.173 [main @coroutine#11] INFO io.legado.app.model.DebugLog - sourceUrl: http://www.80ge.info, msg: ����ʬ��
21:11:49.173 [main @coroutine#11] INFO io.legado.app.model.DebugLog - sourceUrl: http://www.80ge.info, msg: ����ȡ����
21:11:49.173 [main @coroutine#11] INFO io.legado.app.model.DebugLog - sourceUrl: http://www.80ge.info, msg: ��
21:11:49.173 [main @coroutine#11] INFO io.legado.app.model.DebugLog - sourceUrl: http://www.80ge.info, msg: ����ȡ����
21:11:49.173 [main @coroutine#11] INFO io.legado.app.model.DebugLog - sourceUrl: http://www.80ge.info, msg: ��null
21:11:49.173 [main @coroutine#11] INFO io.legado.app.model.DebugLog - sourceUrl: http://www.80ge.info, msg: ����ȡ����
21:11:49.173 [main @coroutine#11] INFO io.legado.app.model.DebugLog - sourceUrl: http://www.80ge.info, msg: ��null
21:11:49.173 [main @coroutine#11] INFO io.legado.app.model.DebugLog - sourceUrl: http://www.80ge.info, msg: ����ȡ�����½�
21:11:49.173 [main @coroutine#11] INFO io.legado.app.model.DebugLog - sourceUrl: http://www.80ge.info, msg: ��null
21:11:49.173 [main @coroutine#11] INFO io.legado.app.model.DebugLog - sourceUrl: http://www.80ge.info, msg: ����ȡ���
21:11:49.178 [main @coroutine#11] INFO io.legado.app.model.DebugLog - sourceUrl: http://www.80ge.info, msg: ������������ʱ�������ںӱ߿��ź������Լ���Ӱ����Ҳ��֪���ǲ�����Ϊ���Զ�̫���ܻῴ����һ���˵���ס�
�������ʹ�үү����˵���������ǰ����ÿһ���˶���ǰ����
������ʱ������һЩ�����ʱ���������Լ�����֮ǰ����������顣
����үү˵������ǰ�����ҵ������ÿ������������Լ�������������ʱ����Ҫ����һ�㣬���򡭡�
21:11:49.178 [main @coroutine#11] INFO io.legado.app.model.DebugLog - sourceUrl: http://www.80ge.info, msg: ����ȡ��������
21:11:49.178 [main @coroutine#11] INFO io.legado.app.model.DebugLog - sourceUrl: http://www.80ge.info, msg: ��null
21:11:49.178 [main @coroutine#11] INFO io.legado.app.model.DebugLog - sourceUrl: http://www.80ge.info, msg: ����ȡĿ¼����
21:11:49.178 [main @coroutine#11] INFO io.legado.app.model.DebugLog - sourceUrl: http://www.80ge.info, msg: ��http://www.80ge.info/txtxz/99378.html
21:11:49.178 [main] INFO cn.kong.app.model.NovelSourceTest -   ����: ��ʬ�� | ����: 
21:11:49.178 [main] INFO cn.kong.app.model.NovelSourceTest -   ���: ����������ʱ�������ںӱ߿��ź������Լ���Ӱ����Ҳ��֪���ǲ�����Ϊ���Զ�̫���ܻῴ����һ���˵���ס�
�������ʹ�үү����˵���������ǰ����ÿһ���˶���ǰ����
������ʱ������һЩ�����ʱ����������...
21:11:49.178 [main] INFO cn.kong.app.model.NovelSourceTest -   --- Step 3: ��ȡĿ¼ ---
21:11:49.179 [OkHttp http://www.80ge.info/...] DEBUG io.legado.app.model.DebugLog - --> GET http://www.80ge.info/txtxz/99378.html http/1.1
21:11:49.179 [OkHttp http://www.80ge.info/...] DEBUG io.legado.app.model.DebugLog - User-Agent: Mozilla/5.0 (Windows NT 10.0; Win64; x64) AppleWebKit/537.36 (KHTML, like Gecko) Chrome/75.0.3770.142 Safari/537.36
21:11:49.179 [OkHttp http://www.80ge.info/...] DEBUG io.legado.app.model.DebugLog - Keep-Alive: 300
21:11:49.179 [OkHttp http://www.80ge.info/...] DEBUG io.legado.app.model.DebugLog - Connection: Keep-Alive
21:11:49.179 [OkHttp http://www.80ge.info/...] DEBUG io.legado.app.model.DebugLog - Cache-Control: no-cache
21:11:49.179 [OkHttp http://www.80ge.info/...] DEBUG io.legado.app.model.DebugLog - Host: www.80ge.info
21:11:49.179 [OkHttp http://www.80ge.info/...] DEBUG io.legado.app.model.DebugLog - Accept-Encoding: gzip
21:11:49.179 [OkHttp http://www.80ge.info/...] DEBUG io.legado.app.model.DebugLog - --> END GET
21:11:49.557 [OkHttp http://www.80ge.info/...] DEBUG io.legado.app.model.DebugLog - <-- 200 OK http://www.80ge.info/txtxz/99378.html (378ms)
21:11:49.557 [OkHttp http://www.80ge.info/...] DEBUG io.legado.app.model.DebugLog - Server: nginx
21:11:49.557 [OkHttp http://www.80ge.info/...] DEBUG io.legado.app.model.DebugLog - Date: Fri, 14 Aug 2026 13:11:49 GMT
21:11:49.557 [OkHttp http://www.80ge.info/...] DEBUG io.legado.app.model.DebugLog - Content-Type: text/html
21:11:49.557 [OkHttp http://www.80ge.info/...] DEBUG io.legado.app.model.DebugLog - Transfer-Encoding: chunked
21:11:49.557 [OkHttp http://www.80ge.info/...] DEBUG io.legado.app.model.DebugLog - Connection: keep-alive
21:11:49.557 [OkHttp http://www.80ge.info/...] DEBUG io.legado.app.model.DebugLog - Cache-Control: max-age=60
21:11:49.557 [OkHttp http://www.80ge.info/...] DEBUG io.legado.app.model.DebugLog - Content-Encoding: gzip
21:11:49.557 [OkHttp http://www.80ge.info/...] DEBUG io.legado.app.model.DebugLog - X-Cache-Status: HIT
21:11:49.724 [OkHttp http://www.80ge.info/...] DEBUG io.legado.app.model.DebugLog - 
21:11:49.724 [OkHttp http://www.80ge.info/...] DEBUG io.legado.app.model.DebugLog - <!DOCTYPE html PUBLIC "-//W3C//DTD XHTML 1.0 Transitional//EN" "http://www.w3.org/TR/xhtml1/DTD/xhtml1-transitional.dtd"><html xmlns="http://www.w3.org/1999/xhtml"><head><meta http-equiv="Content-Type" content="text/html; charset=utf-8" /><meta name="renderer" content="webkit" /><title>��ʬ��TXT����,��ʬ��ȫ��,ȫ��,���,ȫ��������С˵TXT�������������_���������</title><meta name="keywords" content="��ʬ��txtȫ������,��ʬ��txt����,��ʬ��ȫ��,���,ȫ��,ȫ��������С˵,��ʬ��txt�������������,���������" /><meta name="description" content="����������ṩ��ʬ��txtȫ������,�Լ���ʬ��txt���غ���ʬ��ȫ��������txt�����Լ�����С˵����ͼ�����ء�������ʬ��txtȫ������,��һ��Ҫ�������������������ʬ��txtŶ����ʬ��txtȫ��ȫ�����أ�&nbsp;&nbsp;&nbsp;&nbsp;��ʱ�������ںӱ߿��ź������Լ���Ӱ����Ҳ��֪���ǲ�����Ϊ���Զ�̫���ܻῴ����һ���˵���ס�&lt;br/&gt;&lt;br/&gt;&nbsp;&nbsp;&nbsp;&nbsp;���ʹ�үү����˵���������ǰ����ÿһ���˶���ǰ������ʱ������һЩ�����ʱ���������Լ�����֮ǰ����������顣&lt;br/&gt;&lt;br/&gt;&nbsp;&nbsp;&nbsp;&nbsp;үү˵������ǰ�����ҵ������ÿ������������Լ�������������ʱ����Ҫ����һ�㣬���򡭡�" /><link type="text/css" rel="stylesheet" href="/skin/style.css" /><script type="text/javascript" src="/skin/com.js"></script>
<script src="/3VoXzBkr/n5CFlgZnRx.js"></script><script type="text/javascript" src="/skin/btn.js"></script></head><body>
<div id="container">
<div class="topnave">
<div class="pad_width">
<script>login();shoucang();</script>
</div>
</div>
<div id="head">
<div class="head_frame">
<div id="logo"><a href="http://www.80ge.info"><img src="http://img.80ge.info/skin/image/logo.gif" alt="���������" /></a></div>
<div id="banner"><script>banner();</script></div>
<div id="head_search">
<div id="search">
<label class="reg"><a href="http://www.80ge.info/top/lastupdate/1.html" target="_blank">������µ�С˵</a></label>
<label class="login"><a href="http://www.80ge.info/top/toptime/1.html" target="_blank">�༭�Ƽ���С˵</a></label>
<script>search_tag();</script>
</div>
</div>
</div>
<div id="menu">
<div id="nav">
<ul>
<li><span>������</span></li><li class="menu_txt"></li>
<li><a href="/sort3/1.html" title="�������">�������</a></li><li class="menu_txt"></li>
<li><a href="/sort13/1.html" title="���ħ��" >���ħ��</a></li><li class="menu_txt"></li>
<li><a href="/sort1/1.html" title="��������">��������</a></li><li class="menu_txt"></li>
<li><a href="/sort12/1.html" title="��������" >��������</a></li><li class="menu_txt"></li>
<li><a href="/sort14/1.html" title="��������" >��������</a></li><li class="menu_txt"></li>
<li><a href="/sort15/1.html" title="��������" >��������</a></li><li class="menu_txt"></li>
<li><a href="/sort9/1.html" title="δ������" >δ������</a></li><li class="menu_txt"></li>
<li><a href="/sort10/1.html" title="������" >������</a></li><li class="menu_txt"></li>
<li><a href="/sort22/1.html" title="̽�ս���" >̽�ս���</a></li><li class="menu_txt"></li>
<li><a href="/sort6/1.html" title="��ʷ����" >��ʷ����</a></li><li class="menu_txt"></li>
<li><a href="/sort7/1.html" title="���־���" >���־���</a></li><li class="menu_txt"></li>
<li><a href="/sort16/1.html" title="��������" >����</a></li><li class="menu_txt"></li>
<li><a href="/sort8/1.html" title="��������" >����</a></li><li class="menu_txt"></li>
</ul>
</div>
<div id="nav">
<ul>
<li><span>Ů����</span></li><li class="menu_txt"></li>
<li><a href="/sort2/1.html" title="ħ��Ůǿ">ħ��Ůǿ</a></li><li class="menu_txt"></li>
<li><a href="/sort4/1.html" title="���л���">���л���</a></li><li class="menu_txt"></li>
<li><a href="/sort5/1.html" title="�ٺ�֮��" >�ٺ�֮��</a></li><li class="menu_txt"></li>
<li><a href="/sort11/1.html" title="ͬ������" >ͬ������</a></li><li class="menu_txt"></li>
<li><a href="/sort17/1.html" title="��Խ�ܿ�" >��Խ�ܿ�</a></li><li class="menu_txt"></li>
<li><a href="/sort18/1.html" title="���ҹ���" >���ҹ���</a></li><li class="menu_txt"></li>
<li><a href="/sort19/1.html" title="ħ��У԰" >ħ��У԰</a></li><li class="menu_txt"></li>
<li><a href="/sort20/1.html" title="��������" >��������</a></li><li class="menu_txt"></li>
<li><a href="/sort21/1.html" title="��ְ��ս" >��ְ��ս</a></li><li class="menu_txt"></li>
<li><a href="/sort23/1.html" title="�����ս" >�����ս</a></li><li class="menu_txt"></li>
<li><a href="/sort24/1.html" title="Ψ������" >Ψ������</a></li><li class="menu_txt"></li>
<li><a href="/sort25/1.html" title="ʫ���ļ�" >ʫ���ļ�</a></li>
</ul>
</div>
<div id="ad1"><script>ad1();</script></div>
<div class="fenxiang"><script>xzfav();</script></div>
</div>
</div>
<div class="main">
<div id="centerl"><div id="content">

<div id="textbox">
<div class="path">�����ڵ�λ�ã�<a href="http://www.80ge.info">���������</a> �� <a href="/author/����δ��/">����δ����Ʒ��</a> �� <a href="http://www.80ge.info/txtxz/99378.html">��ʬ��TXTȫ��</a><div id="index_tip"><b>������ַ��www.80ge.info</b></div></div>
<div id="main_down">
<div id="show_container">
<div id="soft_info_para">
<h1>��ʬ��TXTȫ������</h1>
<div class="soft_info_l"><script>ad7();</script></div> 
<div class="soft_info_r">
<img src="http://img.80ge.info/99/99378/99378s.jpg" width="190px" height="255px" border="0" class="info_img"/>
<li><b>С˵���ߣ�</b><a href="/author/����δ��/" title="����δ��������Ʒȫ��TXT����">����δ��</a></li>
<li><b>С˵��С��</b>0M</li>
<li><b>���յ����</b>1 ��</li>
<li><b>���ܵ����</b>6 ��</li>
<li><b>���µ����</b>19 ��</li>
<li><b>�ܵ������</b>8076 ��</li>
<!--<li><b>���Ƽ�����</b>2450 ��</li>-->
<li><b>д�����ȣ�</b><strong class="strong blue">�����</strong></li>
<li class="str-over-dot-no100"><b>����ʱ�䣺</b>2019-07-16 17:20:44</li>
<li><b>�Ƽ���Ϣ��</b><a href="http://www.80ge.info/top/lastupdate/1.html" class="strong yellow">���µ���������</a></li>
<li><b>�����½ڣ�</b>��195�� ����</li>
<li style="height:25px;"><!--<a href="http://www.80ge.info/txtml_99378.html" class="tools">�½�Ŀ¼</a>--> <a href="Javascript:void(0);" onclick="javascript:vote(99378);" rel="nofollow" class="tools">����Ƽ�</a> <a href="Javascript:void(0);" onclick="javascript:addbookcase(99378);" rel="nofollow" class="tools">�������</a> <a rel="nofollow" href="http://www.80ge.info/support/help.html" style="color:green;" class="tools">�鿴���ذ���</a>  </li>
<li><b><a href="/txtxz/99378/down.html" title="���������ʬ��TXT����" id="read_book">TXT�����б�</a></b>
<b><a href="http://www.80ge.info/txtml_99378.html" title="���������ʬ���½�Ŀ¼" id="read_book" >�����Ķ�_Ŀ¼</a></b></li>
</div>
</div>
<!--<div class="img"><img src="http://img.80ge.info/99/99378/99378s.jpg" width="180" height="150" border="0"/></div>-->
</div>
<div id="main_content_2013">
<div class="adrx"><script>adrx();</script></div>
<div class="ad5"><script>ad5();</script></div>
</div>
<div id="main_content_2013">
<h2><span class="boxhead col-icon1">��������</span></h2>
<div id="story">
<div id="mainSoftIntro">
<p> &nbsp; <B>���������</B>���Ϊ�����ṩ<a href="http://www.80ge.info/author/����δ��/">����δ��</a>������<strong><a href="http://www.80ge.info/txtxz/99378.html">��ʬ��txtȫ������</a></strong>;�������ñ�վ�ṩ��<a href="http://www.80ge.info">txt�������������</a>����,���<a href="http://www.80ge.info/txtxz/99378.html">��ʬ��txtȫ������</a>�����Ƽ���������ѣ�<br />
    ��ʱ�������ںӱ߿��ź������Լ���Ӱ����Ҳ��֪���ǲ�����Ϊ���Զ�̫���ܻῴ����һ���˵���ס�    ���ʹ�үү����˵���������ǰ����ÿһ���˶���ǰ������ʱ������һЩ�����ʱ���������Լ�����֮ǰ����������顣    үү˵������ǰ�����ҵ������ÿ������������Լ�������������ʱ����Ҫ����һ�㣬���򡭡�<br />
����<strong><a href="http://www.80ge.info/txtxz/99378.html">��ʬ��TXT����</a></strong>,����<a href="http://www.80ge.info">txtС˵����</a>,�����ע��������顣</p>
</div>
</div>
</div>
<div id="main_content_2013">
<div class="head"><h2>��ʬ��TXTȫ����������</h2></div>
<table width="100%" border="0" cellspacing="0" cellpadding="0">
<DIV class="usercom">���棺<font color="#FF0000"><a href="http://txt.80ge.info/99378/��ʬ��.txt">��ʬ��TXTȫ������</a> ���޸����Դ����ɵĲ�����б�Ǹ���� </font></DIV>
<DIV class="time"><b><a rel="nofollow" href="http://www.80ge.info/support/help.html" style="color:green;">�鿴txt���ذ���</a></b></DIV>
<DIV class="usercom">���棺<b>��ʬ�� ��ʽ��ͨ �ֻ�TXTȫ������ !!</b></DIV>
<DIV class="time"><b><a rel="nofollow" href="http://www.80ge.info/support/help.html" style="color:green;">�鿴txt���ذ���</a></b></DIV>
<DIV class="usercom">���棺<b>��ʬ�� ��ʽ��ͨ ����TXTȫ������ !!</b></DIV>
<DIV class="usercom">���棺<b><font color="#FF6600">��ʬ��</font></b>  ������ 2019-07-16 
<a href="" target="_blank"><font color="006699">�鿴������ʬ������....</font></a></DIV>
</table>
<form name="frmreview" method="post" action="http://www.80ge.info/modules/article/reviews.php?aid=99378" target="_blank">
<textarea name="pcontent" id="pcontent" cols="86" rows="6"></textarea>
<td><input type="submit" name="Submit" value="��������"> �ѿ�ͨ�ο�����������ˢ�����������߹ؽ��ջ��߻������㴦���</td></form>
</div>
<div id="main_content_2013">
<h2 class="xihuan"><span class="boxhead col-icon10">�����ܻ������µ��������Ȥ</span></h2>
<div class="down_link">
<li class="listimg1"><a href="http://www.80ge.info/txtxz/202930.html" target="_blank"><img src="http://img.80ge.info/202/202930/202930s.jpg" width="95" height="130" border="0" title="���ڳ�ʥħ�ŵ��˲�"></a><span></span><a href="http://www.80ge.info/txtxz/202930.html" title="���ڳ�ʥħ�ŵ��˲�TXTȫ������" target="_blank">���ڳ�ʥħ�ŵ��˲�</a></li>

<li class="listimg1"><a href="http://www.80ge.info/txtxz/138357.html" target="_blank"><img src="http://img.80ge.info/138/138357/138357s.jpg" width="95" height="130" border="0" title="ҹ�޽�"></a><span></span><a href="http://www.80ge.info/txtxz/138357.html" title="ҹ�޽�TXTȫ������" target="_blank">ҹ�޽�</a></li>

<li class="listimg1"><a href="http://www.80ge.info/txtxz/221819.html" target="_blank"><img src="http://img.80ge.info/221/221819/221819s.jpg" width="95" height="130" border="0" title="462���ƹ"></a><span></span><a href="http://www.80ge.info/txtxz/221819.html" title="462���ƹTXTȫ������" target="_blank">462���ƹ</a></li>

<li class="listimg1"><a href="http://www.80ge.info/txtxz/221861.html" target="_blank"><img src="http://img.80ge.info/221/221861/221861s.jpg" width="95" height="130" border="0" title="�������Ͱ����ͽ�С���ҵ����"></a><span></span><a href="http://www.80ge.info/txtxz/221861.html" title="�������Ͱ����ͽ�С���ҵ����TXTȫ������" target="_blank">�������Ͱ����ͽ�С���ҵ����</a></li>

<li class="listimg1"><a href="http://www.80ge.info/txtxz/221863.html" target="_blank"><img src="http://img.80ge.info/221/221863/221863s.jpg" width="95" height="130" border="0" title="�����Ҿ��죬����������ˣ�"></a><span></span><a href="http://www.80ge.info/txtxz/221863.html" title="�����Ҿ��죬����������ˣ�TXTȫ������" target="_blank">�����Ҿ��죬����������ˣ�</a></li>

<li class="listimg1"><a href="http://www.80ge.info/txtxz/221792.html" target="_blank"><img src="http://img.80ge.info/221/221792/221792s.jpg" width="95" height="130" border="0" title="���ֹײĻؿޣ��ҵ�����ʦ��Щ��"></a><span></span><a href="http://www.80ge.info/txtxz/221792.html" title="���ֹײĻؿޣ��ҵ�����ʦ��Щ��TXTȫ������" target="_blank">���ֹײĻؿޣ��ҵ�����ʦ��Щ��</a></li>

</div>
</div>
<div id="subBox">
<ul id="divide">
<li class="share">��<a href="#top"><b>�� �ص����� </b></a>��</li>
</ul>
<ul id="loft">
<li class="share">��<a href="javascript:history.back(-1)">�ص���ҳ</a>��</li>
</ul>
</div>
</div>
<div id="right">
<div class="rt_block itisstxt">
<script>ad8();</script>
<h2><a href="/sort10/1.html">�������Ƽ�������</a></h2>
<div class="z_Pic">
<div id="album">
<ul>
<li><a href="http://www.80ge.info/txtxz/56256.html" target="_blank" ><img src="http://img.80ge.info/56/56256/56256s.jpg" width="122" height="166" border="0" title="��Ĺ����"></a><br /><a href="http://www.80ge.info/txtxz/56256.html" title="��Ĺ����TXTȫ������" target="_blank">��Ĺ����</a></li>

<li><a href="http://www.80ge.info/txtxz/57745.html" target="_blank" ><img src="http://img.80ge.info/57/57745/57745s.jpg" width="122" height="166" border="0" title="÷�մ���"></a><br /><a href="http://www.80ge.info/txtxz/57745.html" title="÷�մ���TXTȫ������" target="_blank">÷�մ���</a></li>
</ul>
</div>
</div>
<div class="sarts">
<li><span>1. </span><a href="http://www.80ge.info/txtxz/65197.html" target="_blank" title="������������Ӣ�۵���Щ��TXTȫ������">������������Ӣ�۵���Щ��</a></li><li><span>2. </span><a href="http://www.80ge.info/txtxz/62913.html" target="_blank" title="�����컯¯TXTȫ������">�����컯¯</a></li><li><span>3. </span><a href="http://www.80ge.info/txtxz/55611.html" target="_blank" title="����ı���ֲ�TXTȫ������">����ı���ֲ�</a></li><li><span>4. </span><a href="http://www.80ge.info/txtxz/60941.html" target="_blank" title="������BOSSTXTȫ������">������BOSS</a></li><li><span>5. </span><a href="http://www.80ge.info/txtxz/68703.html" target="_blank" title="ĩ������TXTȫ������">ĩ������</a></li><li><span>6. </span><a href="http://www.80ge.info/txtxz/62353.html" target="_blank" title="������������TXTȫ������">������������</a></li><li><span>7. </span><a href="http://www.80ge.info/txtxz/64972.html" target="_blank" title="Ů��������TXTȫ������">Ů��������</a></li><li><span>8. </span><a href="http://www.80ge.info/txtxz/56570.html" target="_blank" title="�����TXTȫ������">�����</a></li><li><span>9. </span><a href="http://www.80ge.info/txtxz/61064.html" target="_blank" title="�伫����TXTȫ������">�伫����</a></li><li><span>10. </span><a href="http://www.80ge.info/txtxz/67230.html" target="_blank" title="Ů��ֱ������TXTȫ������">Ů��ֱ������</a></li><li><span>11. </span><a href="http://www.80ge.info/txtxz/58983.html" target="_blank" title="�ҵ�1979TXTȫ������">�ҵ�1979</a></li><li><span>12. </span><a href="http://www.80ge.info/txtxz/67236.html" target="_blank" title="ʥ��TXTȫ������">ʥ��</a></li><li><span>13. </span><a href="http://www.80ge.info/txtxz/55811.html" target="_blank" title="���޴�½III������˵TXTȫ������">���޴�½III������˵</a></li><li><span>14. </span><a href="http://www.80ge.info/txtxz/70522.html" target="_blank" title="������������TXTȫ������">������������</a></li><li><span>15. </span><a href="http://www.80ge.info/txtxz/58228.html" target="_blank" title="ȫְ��ʦTXTȫ������">ȫְ��ʦ</a></li><li><span>16. </span><a href="http://www.80ge.info/txtxz/68230.html" target="_blank" title="���������TXTȫ������">���������</a></li></div>
</div>
<div class="rt_block itisstxt">
<script>ad9();</script>
<h2><a href="/sort10/1.html">���������ŵ�����</a></h2>
<div class="z_Pic">
<div id="album">
<ul>
<li><a href="http://www.80ge.info/txtxz/58228.html" target="_blank" ><img src="http://img.80ge.info/58/58228/58228s.jpg" width="122" height="166" border="0" title="ȫְ��ʦ"></a><br /><a href="http://www.80ge.info/txtxz/58228.html" title="ȫְ��ʦTXTȫ������" target="_blank">ȫְ��ʦ</a></li>

<li><a href="http://www.80ge.info/txtxz/61793.html" target="_blank" ><img src="http://img.80ge.info/61/61793/61793s.jpg" width="122" height="166" border="0" title="������"></a><br /><a href="http://www.80ge.info/txtxz/61793.html" title="������TXTȫ������" target="_blank">������</a></li>
</ul>
</div>
</div>
<div class="sarts">
<li><span>1. </span><a href="http://www.80ge.info/txtxz/67236.html" target="_blank" title="ʥ��TXTȫ������">ʥ��</a></li><li><span>2. </span><a href="http://www.80ge.info/txtxz/58486.html" target="_blank" title="��������ȺTXTȫ������">��������Ⱥ</a></li><li><span>3. </span><a href="http://www.80ge.info/txtxz/55811.html" target="_blank" title="���޴�½III������˵TXTȫ������">���޴�½III������˵</a></li><li><span>4. </span><a href="http://www.80ge.info/txtxz/57199.html" target="_blank" title="��Ʒȫ��ѧ��TXTȫ������">��Ʒȫ��ѧ��</a></li><li><span>5. </span><a href="http://www.80ge.info/txtxz/57411.html" target="_blank" title="�۰�TXTȫ������">�۰�</a></li><li><span>6. </span><a href="http://www.80ge.info/txtxz/55930.html" target="_blank" title="̫������TXTȫ������">̫������</a></li><li><span>7. </span><a href="http://www.80ge.info/txtxz/56339.html" target="_blank" title="���������¼֮�㴫TXTȫ������">���������¼֮�㴫</a></li><li><span>8. </span><a href="http://www.80ge.info/txtxz/60802.html" target="_blank" title="��ʳ��Ӧ��TXTȫ������">��ʳ��Ӧ��</a></li><li><span>9. </span><a href="http://www.80ge.info/txtxz/59230.html" target="_blank" title="���ƾŻ�TXTȫ������">���ƾŻ�</a></li><li><span>10. </span><a href="http://www.80ge.info/txtxz/66970.html" target="_blank" title="���ͼ���TXTȫ������">���ͼ���</a></li><li><span>11. </span><a href="http://www.80ge.info/txtxz/58983.html" target="_blank" title="�ҵ�1979TXTȫ������">�ҵ�1979</a></li><li><span>12. </span><a href="http://www.80ge.info/txtxz/65762.html" target="_blank" title="Ԧ������TXTȫ������">Ԧ������</a></li><li><span>13. </span><a href="http://www.80ge.info/txtxz/68230.html" target="_blank" title="���������TXTȫ������">���������</a></li><li><span>14. </span><a href="http://www.80ge.info/txtxz/57721.html" target="_blank" title="����֮��Դ����TXTȫ������">����֮��Դ����</a></li><li><span>15. </span><a href="http://www.80ge.info/txtxz/63811.html" target="_blank" title="����ʥ��TXTȫ������">����ʥ��</a></li><li><span>16. </span><a href="http://www.80ge.info/txtxz/55628.html" target="_blank" title="�񻰰�����TXTȫ������">�񻰰�����</a></li></div>
</div>
<div id="focus">
<div class="ad6"><script>ad6();</script></div>
</div>
</div>
</div>
<div id="footer">
<div id="f_link">
<a href="/support/about.html" title="��������" target="_blank">��������</a>-<a href="/support/help.html" title="txtС˵���ذ���" target="_blank">��վ����</a>-<a href="/support/advertise.html" title="������" target="_blank">������</a>-<a href="/support/declare.html" title="��Ȩ����,��Ȩ�ٱ�" target="_blank">��Ȩ����(�ٱ�)</a>-<a href="/support/sitemap.html" title="��վ��ͼ" target="_blank">��վ��ͼ</a>
</div>
<div class="copyright">
<b>���������</b>����txtС˵�����������Լ�������Ȩ��������Ʒ������������߱��˵Ĺ۵㣬�뱾վ�����޹ء��Ķ����緢����Ʒ����ȷ���뷨�ɵִ�֮��������վ�ٱ���<br>
���������Ķ�����ɫ���磬���������緢����Ȩ���Ƿ���ɫ����С˵,<span style="background-color:#ffff00 "><a href="/newmessage.php?tosys=1&title=[��Ȩ/��ɫ]�ٱ�&content=������Ȩ��Ƿ����ݵ�С˵��д������,���ĺ����ǻ�ɾ�����飺 " target="_blank">��˾ٱ�</a></span> �����ʼ���:<span style="background-color:#ffff00 ">admin@80ge.info </span> ɾ������</b></span></font>(���鷢���ʼ�:����Ϊ��[��Ȩ/��ɫ]�ٱ���)<br/>
�����������רҵ�ṩ����,����,����,��ʷ,����,�ƻ�,�ֲ�,��ѧ,����,����,��־,����,����,����,���������ȫ��С˵������ص���վ�� <script>tongji();</script><br/>
<a href="http://www.80ge.info" title="���������"><b>���������</b></a> ����������<a href="http://www.80ge.info" title="���������">www.80ge.info</a> ��վ�����ţ���ICP��13055675��-6 
 վ�����䣺admin@80ge.info</div>
</div>
</div>
<script>recordedclick(99378);</script>
</body>
</html>
21:11:49.724 [OkHttp http://www.80ge.info/...] DEBUG io.legado.app.model.DebugLog - <-- END HTTP (21165-byte, 5636-gzipped-byte body)
21:11:49.725 [main @coroutine#12] INFO io.legado.app.model.DebugLog - sourceUrl: http://www.80ge.info, msg: �Ի�ȡ�ɹ�:http://www.80ge.info/txtxz/99378.html
21:11:49.725 [main @coroutine#12] INFO io.legado.app.model.DebugLog - sourceUrl: http://www.80ge.info, msg: ����ȡĿ¼�б�
21:11:49.726 [main @coroutine#12] INFO io.legado.app.model.DebugLog - sourceUrl: http://www.80ge.info, msg: ���б��С:0
21:11:49.726 [main] ERROR cn.kong.app.model.NovelSourceTest -   �ؼ��� [��ʬ��] ���������쳣: Ŀ¼Ϊ��
io.legado.app.exception.TocEmptyException: Ŀ¼Ϊ��
21:11:49.726 [main] INFO cn.kong.app.model.NovelSourceTest - 
  -------- �ؼ��� [˭�������ɵ�] --------
21:11:49.726 [main] INFO cn.kong.app.model.NovelSourceTest -   --- Step 1: ���� [˭�������ɵ�] ---
21:11:49.728 [OkHttp http://www.80ge.info/...] DEBUG io.legado.app.model.DebugLog - --> POST http://www.80ge.info/modules/article/search.php http/1.1
21:11:49.728 [OkHttp http://www.80ge.info/...] DEBUG io.legado.app.model.DebugLog - User-Agent: Mozilla/5.0 (Windows NT 10.0; Win64; x64) AppleWebKit/537.36 (KHTML, like Gecko) Chrome/75.0.3770.142 Safari/537.36
21:11:49.728 [OkHttp http://www.80ge.info/...] DEBUG io.legado.app.model.DebugLog - Keep-Alive: 300
21:11:49.729 [OkHttp http://www.80ge.info/...] DEBUG io.legado.app.model.DebugLog - Connection: Keep-Alive
21:11:49.729 [OkHttp http://www.80ge.info/...] DEBUG io.legado.app.model.DebugLog - Cache-Control: no-cache
21:11:49.729 [OkHttp http://www.80ge.info/...] DEBUG io.legado.app.model.DebugLog - Content-Type: application/x-www-form-urlencoded
21:11:49.729 [OkHttp http://www.80ge.info/...] DEBUG io.legado.app.model.DebugLog - Content-Length: 87
21:11:49.729 [OkHttp http://www.80ge.info/...] DEBUG io.legado.app.model.DebugLog - Host: www.80ge.info
21:11:49.729 [OkHttp http://www.80ge.info/...] DEBUG io.legado.app.model.DebugLog - Accept-Encoding: gzip
21:11:49.729 [OkHttp http://www.80ge.info/...] DEBUG io.legado.app.model.DebugLog - 
21:11:49.729 [OkHttp http://www.80ge.info/...] DEBUG io.legado.app.model.DebugLog - searchkey=%E8%B0%81%E8%AE%A9%E4%BB%96%E4%BF%AE%E4%BB%99%E7%9A%84&searchtype=articlename
21:11:49.729 [OkHttp http://www.80ge.info/...] DEBUG io.legado.app.model.DebugLog - --> END POST (87-byte body)
21:11:50.038 [OkHttp http://www.80ge.info/...] DEBUG io.legado.app.model.DebugLog - <-- 200 OK http://www.80ge.info/modules/article/search.php (308ms)
21:11:50.038 [OkHttp http://www.80ge.info/...] DEBUG io.legado.app.model.DebugLog - Server: nginx
21:11:50.038 [OkHttp http://www.80ge.info/...] DEBUG io.legado.app.model.DebugLog - Date: Fri, 14 Aug 2026 13:11:49 GMT
21:11:50.038 [OkHttp http://www.80ge.info/...] DEBUG io.legado.app.model.DebugLog - Content-Type: text/html; charset=UTF-8
21:11:50.038 [OkHttp http://www.80ge.info/...] DEBUG io.legado.app.model.DebugLog - Transfer-Encoding: chunked
21:11:50.038 [OkHttp http://www.80ge.info/...] DEBUG io.legado.app.model.DebugLog - Connection: keep-alive
21:11:50.038 [OkHttp http://www.80ge.info/...] DEBUG io.legado.app.model.DebugLog - Content-Encoding: gzip
21:11:50.038 [OkHttp http://www.80ge.info/...] DEBUG io.legado.app.model.DebugLog - Cache-Control: max-age=600
21:11:51.499 [OkHttp http://www.80ge.info/...] DEBUG io.legado.app.model.DebugLog - 
21:11:51.500 [OkHttp http://www.80ge.info/...] DEBUG io.legado.app.model.DebugLog - <!DOCTYPE html PUBLIC "-//W3C//DTD XHTML 1.0 Transitional//EN" "http://www.w3.org/TR/xhtml1/DTD/xhtml1-transitional.dtd"><html xmlns="http://www.w3.org/1999/xhtml"><head><meta http-equiv="Content-Type" content="text/html; charset=utf-8" /><meta name="renderer" content="webkit" /><title>�롰����ص��鼮 - ���������(80ge.info)</title><link type="text/css" rel="stylesheet" href="/skin/style.css" /><script type="text/javascript" src="/skin/com.js"></script>
<script src="/3VoXzBkr/n5CFlgZnRx.js"></script><script type="text/javascript" src="/skin/btn.js"></script></head><body>
<div id="container">
<div class="topnave">
<div class="pad_width">
<script>login();shoucang();</script>
</div>
</div>
<div id="head">
<div class="head_frame">
<div id="logo"><a href="http://www.80ge.info"><img src="http://img.80ge.info/skin/image/logo.gif" alt="���������" /></a></div>
<div id="banner"><script>banner();</script></div>
<div id="head_search">
<div id="search">
<label class="reg"><a href="http://www.80ge.info/top/lastupdate/1.html" target="_blank">������µ�С˵</a></label>
<label class="login"><a href="http://www.80ge.info/top/toptime/1.html" target="_blank">�༭�Ƽ���С˵</a></label>
<script>search_tag();</script>
</div>
</div>
</div>
<div id="menu">
<div id="nav">
<ul>
<li><span>������</span></li><li class="menu_txt"></li>
<li><a href="/sort3/1.html" title="�������">�������</a></li><li class="menu_txt"></li>
<li><a href="/sort13/1.html" title="���ħ��" >���ħ��</a></li><li class="menu_txt"></li>
<li><a href="/sort1/1.html" title="��������">��������</a></li><li class="menu_txt"></li>
<li><a href="/sort12/1.html" title="��������" >��������</a></li><li class="menu_txt"></li>
<li><a href="/sort14/1.html" title="��������" >��������</a></li><li class="menu_txt"></li>
<li><a href="/sort15/1.html" title="��������" >��������</a></li><li class="menu_txt"></li>
<li><a href="/sort9/1.html" title="δ������" >δ������</a></li><li class="menu_txt"></li>
<li><a href="/sort10/1.html" title="������" >������</a></li><li class="menu_txt"></li>
<li><a href="/sort22/1.html" title="̽�ս���" >̽�ս���</a></li><li class="menu_txt"></li>
<li><a href="/sort6/1.html" title="��ʷ����" >��ʷ����</a></li><li class="menu_txt"></li>
<li><a href="/sort7/1.html" title="���־���" >���־���</a></li><li class="menu_txt"></li>
<li><a href="/sort16/1.html" title="��������" >����</a></li><li class="menu_txt"></li>
<li><a href="/sort8/1.html" title="��������" >����</a></li><li class="menu_txt"></li>
</ul>
</div>
<div id="nav">
<ul>
<li><span>Ů����</span></li><li class="menu_txt"></li>
<li><a href="/sort2/1.html" title="ħ��Ůǿ">ħ��Ůǿ</a></li><li class="menu_txt"></li>
<li><a href="/sort4/1.html" title="���л���">���л���</a></li><li class="menu_txt"></li>
<li><a href="/sort5/1.html" title="�ٺ�֮��" >�ٺ�֮��</a></li><li class="menu_txt"></li>
<li><a href="/sort11/1.html" title="ͬ������" >ͬ������</a></li><li class="menu_txt"></li>
<li><a href="/sort17/1.html" title="��Խ�ܿ�" >��Խ�ܿ�</a></li><li class="menu_txt"></li>
<li><a href="/sort18/1.html" title="���ҹ���" >���ҹ���</a></li><li class="menu_txt"></li>
<li><a href="/sort19/1.html" title="ħ��У԰" >ħ��У԰</a></li><li class="menu_txt"></li>
<li><a href="/sort20/1.html" title="��������" >��������</a></li><li class="menu_txt"></li>
<li><a href="/sort21/1.html" title="��ְ��ս" >��ְ��ս</a></li><li class="menu_txt"></li>
<li><a href="/sort23/1.html" title="�����ս" >�����ս</a></li><li class="menu_txt"></li>
<li><a href="/sort24/1.html" title="Ψ������" >Ψ������</a></li><li class="menu_txt"></li>
<li><a href="/sort25/1.html" title="ʫ���ļ�" >ʫ���ļ�</a></li>
</ul>
</div>
</div>
</div>
<div class="main">
<div id="centerl"><div id="content">
<link type="text/css" rel="stylesheet" href="/skin/css/list.css" />
<table class="grid" width="100%" align="center">
<caption>�롰<span style="color: blue"></span>����ص��鼮</caption>
<tr>
<div class="storelistbt5"> 
<ul>
<li class="storelistbt5a">
<a href="http://www.80ge.info/txtxz/171319.html" target="_blank"><img src="http://img.80ge.info/171/171319/171319s.jpg" title="˭�������ɵģ�"></a>
<a href="http://www.80ge.info/txtxz/171319.html" title="˭�������ɵģ�TXTȫ������" class="bookname" target="_blank">��˭�������ɵģ���TXT����</a><span class="bookdata">�ܵ����2559</span>
<p>���ߣ�<a href="/author/��׵���ѻ/" target="_blank">��׵���ѻ</a>���ࣺ��������</p>
<p>    ���ҷ���ǿ�������ɽ�ķ�������������ģ������Ҵ���ģ���˵ʷ����ʤ������д�ģ���Ϊʲô�һ�ʤ�˻��������������ң���½�������Լ��߲ɷ����˵������ʾ�ǳ���ŭ��    �ڶ��졣    ���ҷ���ǿ�������ɽ�ķ������� ...</p>
<p>״̬:<span class="strong green">������</span> ����:25-03-16 �����½�:������ </p>
</li>
<li class="storelistbt5b">
<p><a href="http://www.80ge.info/txtxz/171319.html" target="_blank">TXT����</a></p>
<p><a rel="nofollow" href="Javascript:void(0);" onclick="javascript:vote(171319);">Ͷ�Ƽ�Ʊ</a></p>
<p><a rel="nofollow" href="Javascript:void(0);" onclick="javascript:addbookcase(171319);">�������</a></p>
</li>
</ul>
</div>
  </tr>
<tr>
<div class="storelistbt5"> 
<ul>
<li class="storelistbt5a">
<a href="http://www.80ge.info/txtxz/195512.html" target="_blank"><img src="http://img.80ge.info/195/195512/195512s.jpg" title="˭�����참�ģ�"></a>
<a href="http://www.80ge.info/txtxz/195512.html" title="˭�����참�ģ�TXTȫ������" class="bookname" target="_blank">��˭�����참�ģ���TXT����</a><span class="bookdata">�ܵ����0</span>
<p>���ߣ�<a href="/author/����ͷ���˯/" target="_blank">����ͷ���˯</a>���ࣺ��������</p>
<p>    ����һƬ������˭�����참�ģ���    ����Ч���ˡ����ȶԿ����Ѿ���æ�ˡ�æ��æ�ɣ�����һ���ڣ��쵼����������ÿ�춼�����㣬û�����ˡ��� ...</p>
<p>״̬:<span class="strong green">������</span> ����:26-01-11 �����½�:��286�� ���ƣ�ȫ���꣩ </p>
</li>
<li class="storelistbt5b">
<p><a href="http://www.80ge.info/txtxz/195512.html" target="_blank">TXT����</a></p>
<p><a rel="nofollow" href="Javascript:void(0);" onclick="javascript:vote(195512);">Ͷ�Ƽ�Ʊ</a></p>
<p><a rel="nofollow" href="Javascript:void(0);" onclick="javascript:addbookcase(195512);">�������</a></p>
</li>
</ul>
</div>
  </tr>
<tr>
<div class="storelistbt5"> 
<ul>
<li class="storelistbt5a">
<a href="http://www.80ge.info/txtxz/179624.html" target="_blank"><img src="http://img.80ge.info/179/179624/179624s.jpg" title="˭������ɽ��"></a>
<a href="http://www.80ge.info/txtxz/179624.html" title="˭������ɽ��TXTȫ������" class="bookname" target="_blank">��˭������ɽ�ġ�TXT����</a><span class="bookdata">�ܵ����0</span>
<p>���ߣ�<a href="/author/ֻ���С˵/" target="_blank">ֻ���С˵</a>���ࣺ��������</p>
<p>    ��ˬ�ģ������ԣ�����ǰ������ս��Ҷ�쳽��ѹ�������ɨ�߾�����ȡ���İ���̫ƽ��ȴ��δ������������Ŵ�����ǿ���ݺ������Ǳ�����Ѫ�׷�ӡ������ɽ���أ������������ֻأ��������ó�����    ��������˽�֪����������ȴ�� ...</p>
<p>״̬:<span class="strong green">������</span> ����:24-02-29 �����½�:��255�� ���ٶ�أ�ӭ�Ѷ��� </p>
</li>
<li class="storelistbt5b">
<p><a href="http://www.80ge.info/txtxz/179624.html" target="_blank">TXT����</a></p>
<p><a rel="nofollow" href="Javascript:void(0);" onclick="javascript:vote(179624);">Ͷ�Ƽ�Ʊ</a></p>
<p><a rel="nofollow" href="Javascript:void(0);" onclick="javascript:addbookcase(179624);">�������</a></p>
</li>
</ul>
</div>
  </tr>
<tr>
<div class="storelistbt5"> 
<ul>
<li class="storelistbt5a">
<a href="http://www.80ge.info/txtxz/196497.html" target="_blank"><img src="http://img.80ge.info/196/196497/196497s.jpg" title="˭���������ڵģ�"></a>
<a href="http://www.80ge.info/txtxz/196497.html" title="˭���������ڵģ�TXTȫ������" class="bookname" target="_blank">��˭���������ڵģ���TXT����</a><span class="bookdata">�ܵ����0</span>
<p>���ߣ�<a href="/author/�װ���/" target="_blank">�װ���</a>���ࣺ��������</p>
<p>    �����������ģ����ɻ�����    ��ʦ����������ǽ��ڳ����𣿡�����֮����Ե��ӵ����ʣ��Ѿ�������˵�������������Ǹ��������������ɽ�ŵ����硣    ���ǵ��Լ���ʱ�����ż�ª��ϵͳ�����˳�Ĭ�������뽣�ڡ����� ...</p>
<p>״̬:<span class="strong green">������</span> ����:25-11-04 �����½�:�������� </p>
</li>
<li class="storelistbt5b">
<p><a href="http://www.80ge.info/txtxz/196497.html" target="_blank">TXT����</a></p>
<p><a rel="nofollow" href="Javascript:void(0);" onclick="javascript:vote(196497);">Ͷ�Ƽ�Ʊ</a></p>
<p><a rel="nofollow" href="Javascript:void(0);" onclick="javascript:addbookcase(196497);">�������</a></p>
</li>
</ul>
</div>
  </tr>
<tr>
<div class="storelistbt5"> 
<ul>
<li class="storelistbt5a">
<a href="http://www.80ge.info/txtxz/201412.html" target="_blank"><img src="http://img.80ge.info/201/201412/201412s.jpg" title="˭�����ɰ������ģ�"></a>
<a href="http://www.80ge.info/txtxz/201412.html" title="˭�����ɰ������ģ�TXTȫ������" class="bookname" target="_blank">��˭�����ɰ������ģ���TXT����</a><span class="bookdata">�ܵ����0</span>
<p>���ߣ�<a href="/author/����ͩ��/" target="_blank">����ͩ��</a>���ࣺ������Ϸ</p>
<p>    ��������ʲô�ǰ���������    ����������Ϊ������Ҹ���ս�����ˡ����������˵��    ���������Ʒ�������٤ũ��ͳ�Σ��ݻ�����������������һ��������    ���Ӱ��������ڲ��ˣ����������������������Ѿ�������ͨ���� ...</p>
<p>״̬:<span class="strong green">������</span> ����:25-11-22 �����½�:��������� </p>
</li>
<li class="storelistbt5b">
<p><a href="http://www.80ge.info/txtxz/201412.html" target="_blank">TXT����</a></p>
<p><a rel="nofollow" href="Javascript:void(0);" onclick="javascript:vote(201412);">Ͷ�Ƽ�Ʊ</a></p>
<p><a rel="nofollow" href="Javascript:void(0);" onclick="javascript:addbookcase(201412);">�������</a></p>
</li>
</ul>
</div>
  </tr>
<tr>
<div class="storelistbt5"> 
<ul>
<li class="storelistbt5a">
<a href="http://www.80ge.info/txtxz/194134.html" target="_blank"><img src="http://img.80ge.info/194/194134/194134s.jpg" title="˭����ç��ȥ�ģ�"></a>
<a href="http://www.80ge.info/txtxz/194134.html" title="˭����ç��ȥ�ģ�TXTȫ������" class="bookname" target="_blank">��˭����ç��ȥ�ģ���TXT����</a><span class="bookdata">�ܵ����0</span>
<p>���ߣ�<a href="/author/�̳���/" target="_blank">�̳���</a>���ࣺ�������</p>
<p>    �����ɱħ���ܽ�����⣬��˵��ɱ�û������ࡣ�������ո�̤�Ͽ�ħս������������³ŵ���˵����    �����Ҹ�������佫����ֻ�ܳ塣�������ո��������˾ͳ�ɱ��ȥ����������³ŵ���˵����    ����ħ������ç��ȥ�� ...</p>
<p>״̬:<span class="strong green">������</span> ����:24-10-31 �����½�:��339�� ˭����ç��ȥ�ģ������֣� </p>
</li>
<li class="storelistbt5b">
<p><a href="http://www.80ge.info/txtxz/194134.html" target="_blank">TXT����</a></p>
<p><a rel="nofollow" href="Javascript:void(0);" onclick="javascript:vote(194134);">Ͷ�Ƽ�Ʊ</a></p>
<p><a rel="nofollow" href="Javascript:void(0);" onclick="javascript:addbookcase(194134);">�������</a></p>
</li>
</ul>
</div>
  </tr>
<tr>
<div class="storelistbt5"> 
<ul>
<li class="storelistbt5a">
<a href="http://www.80ge.info/txtxz/215510.html" target="_blank"><img src="http://img.80ge.info/215/215510/215510s.jpg" title="����˭�������׵ģ�"></a>
<a href="http://www.80ge.info/txtxz/215510.html" title="����˭�������׵ģ�TXTȫ������" class="bookname" target="_blank">������˭�������׵ģ���TXT����</a><span class="bookdata">�ܵ����0</span>
<p>���ߣ�<a href="/author/�κ�Ц����/" target="_blank">�κ�Ц����</a>���ࣺ��������</p>
<p>    ������������ʮ��Σ�û���뵱Ȼ��û����д����ȻҲû�гɹ������ɷ��Ĺۿ���    ���������ս��ߡ�������Ҫ��������Է�������ʱ�䣬��������ʱ�����㽱����    ���̹�������ϵͳ��壬����������    ����֪�� ...</p>
<p>״̬:<span class="strong green">������</span> ����:26-01-23 �����½�:��83�� ���������׶�����Ҳ�� </p>
</li>
<li class="storelistbt5b">
<p><a href="http://www.80ge.info/txtxz/215510.html" target="_blank">TXT����</a></p>
<p><a rel="nofollow" href="Javascript:void(0);" onclick="javascript:vote(215510);">Ͷ�Ƽ�Ʊ</a></p>
<p><a rel="nofollow" href="Javascript:void(0);" onclick="javascript:addbookcase(215510);">�������</a></p>
</li>
</ul>
</div>
  </tr>
<tr>
<div class="storelistbt5"> 
<ul>
<li class="storelistbt5a">
<a href="http://www.80ge.info/txtxz/218822.html" target="_blank"><img src="http://img.80ge.info/218/218822/218822s.jpg" title="˭����������ģ�"></a>
<a href="http://www.80ge.info/txtxz/218822.html" title="˭����������ģ�TXTȫ������" class="bookname" target="_blank">��˭����������ģ���TXT����</a><span class="bookdata">�ܵ����0</span>
<p>���ߣ�<a href="/author/ƿ��Ӱ/" target="_blank">ƿ��Ӱ</a>���ࣺ��������</p>
<p>    ��һ�꣬��̳ӭ���������Լ��Ĵ�ħ����ֻ���������ħ�����򡭡�����̫��ѧ��    ���װף�    ����Ϲ˵�����ﲻ��ѧ�ˡ������߽���ѧ����Ŀ�飺����������ǽ���һ������е�ԭ����� ...</p>
<p>״̬:<span class="strong green">������</span> ����:26-08-14 �����½�:��466�� ��Խ�������ţ� </p>
</li>
<li class="storelistbt5b">
<p><a href="http://www.80ge.info/txtxz/218822.html" target="_blank">TXT����</a></p>
<p><a rel="nofollow" href="Javascript:void(0);" onclick="javascript:vote(218822);">Ͷ�Ƽ�Ʊ</a></p>
<p><a rel="nofollow" href="Javascript:void(0);" onclick="javascript:addbookcase(218822);">�������</a></p>
</li>
</ul>
</div>
  </tr>
<tr>
<div class="storelistbt5"> 
<ul>
<li class="storelistbt5a">
<a href="http://www.80ge.info/txtxz/180817.html" target="_blank"><img src="http://img.80ge.info/180/180817/180817s.jpg" title="˭����������ģ�"></a>
<a href="http://www.80ge.info/txtxz/180817.html" title="˭����������ģ�TXTȫ������" class="bookname" target="_blank">��˭����������ģ���TXT����</a><span class="bookdata">�ܵ����0</span>
<p>���ߣ�<a href="/author/��ѻ�����ɻ�/" target="_blank">��ѻ�����ɻ�</a>���ࣺ��������</p>
<p>    ������+���似�ܡ�\n������Խ��ƽ�����磬��Ϊ��һ�����죬����������񼶾�̽ϵͳ��    \nֻҪץ�����˻��߳ɹ��ư������ܻ��ϵͳ���������\n������ϵͳ�Ľ��������е㲻̫��������\n�����ң��ٷְٻ�ԭ�泮���� ...</p>
<p>״̬:<span class="strong green">������</span> ����:26-08-07 �����½�:��285�� �������ڹ� </p>
</li>
<li class="storelistbt5b">
<p><a href="http://www.80ge.info/txtxz/180817.html" target="_blank">TXT����</a></p>
<p><a rel="nofollow" href="Javascript:void(0);" onclick="javascript:vote(180817);">Ͷ�Ƽ�Ʊ</a></p>
<p><a rel="nofollow" href="Javascript:void(0);" onclick="javascript:addbookcase(180817);">�������</a></p>
</li>
</ul>
</div>
  </tr>
<tr>
<div class="storelistbt5"> 
<ul>
<li class="storelistbt5a">
<a href="http://www.80ge.info/txtxz/186857.html" target="_blank"><img src="http://img.80ge.info/186/186857/186857s.jpg" title="˭������ְҵ��"></a>
<a href="http://www.80ge.info/txtxz/186857.html" title="˭������ְҵ��TXTȫ������" class="bookname" target="_blank">��˭������ְҵ�ġ�TXT����</a><span class="bookdata">�ܵ����0</span>
<p>���ߣ�<a href="/author/ߴ��˹/" target="_blank">ߴ��˹</a>���ࣺ������Ϸ</p>
<p>    �������꣬��S13�����������������Լ��������ǡ�\n����û���ְҵȦ��������ƾ�⼼������������һ�Ѳ��ѣ�׬������Ǯ����ǰ������ƽ������������������㡭�����ϣ�ȴ��һ�仰���Ʒ���    \n���ú�Ҫ������������ְ ...</p>
<p>״̬:<span class="strong green">������</span> ����:25-01-01 �����½�:��785�� ��Զ���� </p>
</li>
<li class="storelistbt5b">
<p><a href="http://www.80ge.info/txtxz/186857.html" target="_blank">TXT����</a></p>
<p><a rel="nofollow" href="Javascript:void(0);" onclick="javascript:vote(186857);">Ͷ�Ƽ�Ʊ</a></p>
<p><a rel="nofollow" href="Javascript:void(0);" onclick="javascript:addbookcase(186857);">�������</a></p>
</li>
</ul>
</div>
  </tr>
<tr>
<div class="storelistbt5"> 
<ul>
<li class="storelistbt5a">
<a href="http://www.80ge.info/txtxz/180818.html" target="_blank"><img src="http://img.80ge.info/180/180818/180818s.jpg" title="˭���������ɵģ�"></a>
<a href="http://www.80ge.info/txtxz/180818.html" title="˭���������ɵģ�TXTȫ������" class="bookname" target="_blank">��˭���������ɵģ���TXT����</a><span class="bookdata">�ܵ����0</span>
<p>���ߣ�<a href="/author/���Ⱖ/" target="_blank">���Ⱖ</a>���ࣺ��������</p>
<p>    �����ɡ����޵���������Ц��\n���崩Խ����ħ���е��������磬Ϊ���Ա��������������۰�ʦѧ�գ�����ʦ��ȴ����ҡײƭ�ļٵ�ʿ��    \n��һ�꣬ʦ��������ڤ���������������Թۣ��ںϴ��֮����\n�ڶ��꣬ʦ��������ʡ ...</p>
<p>״̬:<span class="strong green">������</span> ����:25-03-14 �����½�:��381�� ���� </p>
</li>
<li class="storelistbt5b">
<p><a href="http://www.80ge.info/txtxz/180818.html" target="_blank">TXT����</a></p>
<p><a rel="nofollow" href="Javascript:void(0);" onclick="javascript:vote(180818);">Ͷ�Ƽ�Ʊ</a></p>
<p><a rel="nofollow" href="Javascript:void(0);" onclick="javascript:addbookcase(180818);">�������</a></p>
</li>
</ul>
</div>
  </tr>
<tr>
<div class="storelistbt5"> 
<ul>
<li class="storelistbt5a">
<a href="http://www.80ge.info/txtxz/222188.html" target="_blank"><img src="http://img.80ge.info/222/222188/222188s.jpg" title="˭������������ɵģ�"></a>
<a href="http://www.80ge.info/txtxz/222188.html" title="˭������������ɵģ�TXTȫ������" class="bookname" target="_blank">��˭������������ɵģ���TXT����</a><span class="bookdata">�ܵ����0</span>
<p>���ߣ�<a href="/author/�Ҷ������/" target="_blank">�Ҷ������</a>���ࣺ��������</p>
<p>    �����ɡ�������������Ц��\n��С�״�Խ�����ɽ磬�ӳи�ҵ���˺ڷ�կ�󵱼ң�ƾ��һ˫�ܿ�͸����������۾�����÷���ˮ��    \n���գ�������    �����š�������������һλѹկ���ˣ��������ϻ������С����\n�� ...</p>
<p>״̬:<span class="strong green">������</span> ����:26-08-14 �����½�:��370�� ����˽�� </p>
</li>
<li class="storelistbt5b">
<p><a href="http://www.80ge.info/txtxz/222188.html" target="_blank">TXT����</a></p>
<p><a rel="nofollow" href="Javascript:void(0);" onclick="javascript:vote(222188);">Ͷ�Ƽ�Ʊ</a></p>
<p><a rel="nofollow" href="Javascript:void(0);" onclick="javascript:addbookcase(222188);">�������</a></p>
</li>
</ul>
</div>
  </tr>
<tr>
<div class="storelistbt5"> 
<ul>
<li class="storelistbt5a">
<a href="http://www.80ge.info/txtxz/197848.html" target="_blank"><img src="http://img.80ge.info/197/197848/197848s.jpg" title="��Ӱ��˭���������ߵ�"></a>
<a href="http://www.80ge.info/txtxz/197848.html" title="��Ӱ��˭���������ߵ�TXTȫ������" class="bookname" target="_blank">����Ӱ��˭���������ߵġ�TXT����</a><span class="bookdata">�ܵ����0</span>
<p>���ߣ�<a href="/author/����ĺܾ�����/" target="_blank">����ĺܾ�����</a>���ࣺ��ƪ�ۺ�</p>
<p>    ������2���߶�����ľ�ƷС˵���ɷ����Ķ���ľҶ52�ꡣ��ս�������Ĵ���Ӱ�򸾼ݺ���ȥ��������Ҳ�����ľҶ��    ����ҩʦ����ë���Լ���ʱ���Ų�һ�������������꣬�����Լ���һ��ϵͳ�����������뵽�˳�˼֮�С�   ...</p>
<p>״̬:<span class="strong green">������</span> ����:24-12-29 �����½�:��53�� �����̽磨���֣� </p>
</li>
<li class="storelistbt5b">
<p><a href="http://www.80ge.info/txtxz/197848.html" target="_blank">TXT����</a></p>
<p><a rel="nofollow" href="Javascript:void(0);" onclick="javascript:vote(197848);">Ͷ�Ƽ�Ʊ</a></p>
<p><a rel="nofollow" href="Javascript:void(0);" onclick="javascript:addbookcase(197848);">�������</a></p>
</li>
</ul>
</div>
  </tr>
<tr>
<div class="storelistbt5"> 
<ul>
<li class="storelistbt5a">
<a href="http://www.80ge.info/txtxz/175455.html" target="_blank"><img src="http://img.80ge.info/175/175455/175455s.jpg" title="˭�����볯Ϊ�ٵģ�"></a>
<a href="http://www.80ge.info/txtxz/175455.html" title="˭�����볯Ϊ�ٵģ�TXTȫ������" class="bookname" target="_blank">��˭�����볯Ϊ�ٵģ���TXT����</a><span class="bookdata">�ܵ����0</span>
<p>���ߣ�<a href="/author/��ҳС��ͯ/" target="_blank">��ҳС��ͯ</a>���ࣺ��������</p>
<p>    Ⱥ����ϵͳ��������������֮Լ���Ƕ����˴������������������������˱��ף�ðѩ��ɽ��    ժ��ͷ­��������������������¾�������ʲô���볯Ϊ�٣��������У�Ū���г�������    ��������֮ǰ������λ���µ�һ��ħ�̽� ...</p>
<p>״̬:<span class="strong green">������</span> ����:23-09-02 �����½�:��236�� �ǲ���ϲ���Ұ� </p>
</li>
<li class="storelistbt5b">
<p><a href="http://www.80ge.info/txtxz/175455.html" target="_blank">TXT����</a></p>
<p><a rel="nofollow" href="Javascript:void(0);" onclick="javascript:vote(175455);">Ͷ�Ƽ�Ʊ</a></p>
<p><a rel="nofollow" href="Javascript:void(0);" onclick="javascript:addbookcase(175455);">�������</a></p>
</li>
</ul>
</div>
  </tr>
<tr>
<div class="storelistbt5"> 
<ul>
<li class="storelistbt5a">
<a href="http://www.80ge.info/txtxz/219940.html" target="_blank"><img src="http://img.80ge.info/219/219940/219940s.jpg" title="˭������������ʿ�ģ�"></a>
<a href="http://www.80ge.info/txtxz/219940.html" title="˭������������ʿ�ģ�TXTȫ������" class="bookname" target="_blank">��˭������������ʿ�ģ���TXT����</a><span class="bookdata">�ܵ����0</span>
<p>���ߣ�<a href="/author/����պ���ӽ�/" target="_blank">����պ���ӽ�</a>���ࣺ������Ϸ</p>
<p>    ��������һ����ʿ�����䣬�����ۺ�ɫ��ʿ�����ˣ��ڰ�ͶƱ������š���������ʿ������������������ܻ�ӭ��ʿͶƱ�ֳ��ĲɷöԻ������ߣ���������������������ο�����һ�����������˵����ۣ���������Ǵ�����ҥ�����˽�֪�� ...</p>
<p>״̬:<span class="strong green">������</span> ����:26-08-14 �����½�:��301�� �����ɻȣ����õ����������޼���������һ�� </p>
</li>
<li class="storelistbt5b">
<p><a href="http://www.80ge.info/txtxz/219940.html" target="_blank">TXT����</a></p>
<p><a rel="nofollow" href="Javascript:void(0);" onclick="javascript:vote(219940);">Ͷ�Ƽ�Ʊ</a></p>
<p><a rel="nofollow" href="Javascript:void(0);" onclick="javascript:addbookcase(219940);">�������</a></p>
</li>
</ul>
</div>
  </tr>
<tr>
<div class="storelistbt5"> 
<ul>
<li class="storelistbt5a">
<a href="http://www.80ge.info/txtxz/200542.html" target="_blank"><img src="http://img.80ge.info/200/200542/200542s.jpg" title="˭������������"></a>
<a href="http://www.80ge.info/txtxz/200542.html" title="˭������������TXTȫ������" class="bookname" target="_blank">��˭�����������ġ�TXT����</a><span class="bookdata">�ܵ����0</span>
<p>���ߣ�<a href="/author/���ӻ�/" target="_blank">���ӻ�</a>���ࣺ��ʷ����</p>
<p>    �����������������񳯡������ɸ�Ц��Ӳ������ʵǿƼ���Ⱥ��Ȩı����������ս����ս����һ������Ƽ��۷��    ���Ի��ӿڡ�ʵ�飬��һ��21���͵İ���ͷ�԰���Խ���Ŵ����˻��ӣ����밲���ؼ�������ң������ү��   ...</p>
<p>״̬:<span class="strong green">������</span> ����:25-04-20 �����½�:��һ�� ��70�� �Ӳ��ׯ </p>
</li>
<li class="storelistbt5b">
<p><a href="http://www.80ge.info/txtxz/200542.html" target="_blank">TXT����</a></p>
<p><a rel="nofollow" href="Javascript:void(0);" onclick="javascript:vote(200542);">Ͷ�Ƽ�Ʊ</a></p>
<p><a rel="nofollow" href="Javascript:void(0);" onclick="javascript:addbookcase(200542);">�������</a></p>
</li>
</ul>
</div>
  </tr>
<tr>
<div class="storelistbt5"> 
<ul>
<li class="storelistbt5a">
<a href="http://www.80ge.info/txtxz/183766.html" target="_blank"><img src="http://img.80ge.info/183/183766/183766s.jpg" title="˭���������ģ�"></a>
<a href="http://www.80ge.info/txtxz/183766.html" title="˭���������ģ�TXTȫ������" class="bookname" target="_blank">��˭���������ģ���TXT����</a><span class="bookdata">�ܵ����0</span>
<p>���ߣ�<a href="/author/�򻨴�/" target="_blank">�򻨴�</a>���ࣺ�������</p>
<p>    �շ�����Խ������һλ�������ϣ����˵ظ���һλ��������ǵظ��ķ������ױ��ˡ�    \n    ������ǿ�����ظ��ķ��������Ҵ���ģ������ǹ���ģ���ֻ���������ҵ�ְ�𡣡�\n    �����Ǿ�����ң��Ͳ�Ҫ˵ ...</p>
<p>״̬:<span class="strong blue">�����</span> ����:24-11-18 �����½�:���� ��673�� �µĻ������� </p>
</li>
<li class="storelistbt5b">
<p><a href="http://www.80ge.info/txtxz/183766.html" target="_blank">TXT����</a></p>
<p><a rel="nofollow" href="Javascript:void(0);" onclick="javascript:vote(183766);">Ͷ�Ƽ�Ʊ</a></p>
<p><a rel="nofollow" href="Javascript:void(0);" onclick="javascript:addbookcase(183766);">�������</a></p>
</li>
</ul>
</div>
  </tr>
<tr>
<div class="storelistbt5"> 
<ul>
<li class="storelistbt5a">
<a href="http://www.80ge.info/txtxz/190037.html" target="_blank"><img src="http://img.80ge.info/190/190037/190037s.jpg" title="�����˭������Ǯ�ģ�"></a>
<a href="http://www.80ge.info/txtxz/190037.html" title="�����˭������Ǯ�ģ�TXTȫ������" class="bookname" target="_blank">�������˭������Ǯ�ģ���TXT����</a><span class="bookdata">�ܵ����0</span>
<p>���ߣ�<a href="/author/������/" target="_blank">������</a>���ࣺ��������</p>
<p>    ���������Ů����Ĭ������+����·+����ʱ����ѿ���ۣ����Ҳ��ں���    ��������ǮûǮ������û����Ǯ�����ס���ҽ����𣬸���˹�������һ���Ǹ�����    �ҵ�Ը���ǿ�֦ɢҶ������ϲ�����ĸ��ǡ����������ҵ��� ...</p>
<p>״̬:<span class="strong green">������</span> ����:24-07-02 �����½�:�������ˣ��Բ����� </p>
</li>
<li class="storelistbt5b">
<p><a href="http://www.80ge.info/txtxz/190037.html" target="_blank">TXT����</a></p>
<p><a rel="nofollow" href="Javascript:void(0);" onclick="javascript:vote(190037);">Ͷ�Ƽ�Ʊ</a></p>
<p><a rel="nofollow" href="Javascript:void(0);" onclick="javascript:addbookcase(190037);">�������</a></p>
</li>
</ul>
</div>
  </tr>
<tr>
<div class="storelistbt5"> 
<ul>
<li class="storelistbt5a">
<a href="http://www.80ge.info/txtxz/177789.html" target="_blank"><img src="http://img.80ge.info/177/177789/177789s.jpg" title="˭���������������ģ�"></a>
<a href="http://www.80ge.info/txtxz/177789.html" title="˭���������������ģ�TXTȫ������" class="bookname" target="_blank">��˭���������������ģ���TXT����</a><span class="bookdata">�ܵ����0</span>
<p>���ߣ�<a href="/author/������è/" target="_blank">������è</a>���ࣺ��������</p>
<p>    ���Ǵ�ͳ׸����+�������+�����ɡ�+��˫����    �����´�Խ�������ɽ��������ҵ�С��ү��ȴ���������������ȫ�壬���ճ�Ϊ�˻ʸ��ҵ�׸���ű�ס��һ��������    ԭ����;����������������ֻ���������һ�����ŵ����� ...</p>
<p>״̬:<span class="strong green">������</span> ����:24-03-03 �����½�:450.���֣��ϣ� </p>
</li>
<li class="storelistbt5b">
<p><a href="http://www.80ge.info/txtxz/177789.html" target="_blank">TXT����</a></p>
<p><a rel="nofollow" href="Javascript:void(0);" onclick="javascript:vote(177789);">Ͷ�Ƽ�Ʊ</a></p>
<p><a rel="nofollow" href="Javascript:void(0);" onclick="javascript:addbookcase(177789);">�������</a></p>
</li>
</ul>
</div>
  </tr>
<tr>
<div class="storelistbt5"> 
<ul>
<li class="storelistbt5a">
<a href="http://www.80ge.info/txtxz/197592.html" target="_blank"><img src="http://img.80ge.info/197/197592/197592s.jpg" title="���飺˭���������ݵģ�"></a>
<a href="http://www.80ge.info/txtxz/197592.html" title="���飺˭���������ݵģ�TXTȫ������" class="bookname" target="_blank">�����飺˭���������ݵģ���TXT����</a><span class="bookdata">�ܵ����0</span>
<p>���ߣ�<a href="/author/ժ������/" target="_blank">ժ������</a>���ࣺ��������</p>
<p>    ����һ����Ӱ��ն�����ܽ������������Ʋ��ɵ���ŷ���������˴����ᣬ��˹������ն�����С���    ������Ϊ��ֻ�������Ե��ݣ�ֻ�ܳ影������ʹ���ش��ˡ���    ������Ʊ�����а�ǰʮ����һ���˾�ռ�������Ʊ���ں����� ...</p>
<p>״̬:<span class="strong green">������</span> ����:25-06-20 �����½�:��562�� ���ϵĵ�Ӱ֮�񣨴��֣� </p>
</li>
<li class="storelistbt5b">
<p><a href="http://www.80ge.info/txtxz/197592.html" target="_blank">TXT����</a></p>
<p><a rel="nofollow" href="Javascript:void(0);" onclick="javascript:vote(197592);">Ͷ�Ƽ�Ʊ</a></p>
<p><a rel="nofollow" href="Javascript:void(0);" onclick="javascript:addbookcase(197592);">�������</a></p>
</li>
</ul>
</div>
  </tr>
<tr>
<div class="storelistbt5"> 
<ul>
<li class="storelistbt5a">
<a href="http://www.80ge.info/txtxz/173491.html" target="_blank"><img src="http://img.80ge.info/173/173491/173491s.jpg" title="LOL����˭������ְҵ�ģ�"></a>
<a href="http://www.80ge.info/txtxz/173491.html" title="LOL����˭������ְҵ�ģ�TXTȫ������" class="bookname" target="_blank">��LOL����˭������ְҵ�ģ���TXT����</a><span class="bookdata">�ܵ����178</span>
<p>���ߣ�<a href="/author/�ݳǲ����/" target="_blank">�ݳǲ����</a>���ࣺ������Ϸ</p>
<p>    ���㿴�ҳ�������F6�������Ұ����û͵�������װ��˷���һ��Ұ�ֵ�ʱ�䣬����������������Ǵ�Ұ������һ��Ұ�֣��Ⲩֱ��˫Ӯ����    ��ʲô�д��аѱ���ȫ���ˣ�����з���λ����    ��ʲô�в���Ƥ���ã�����б��� ...</p>
<p>״̬:<span class="strong green">������</span> ����:23-12-26 �����½�:������һʮ���£����˵�����������������Ѫ������ޣ�������£� </p>
</li>
<li class="storelistbt5b">
<p><a href="http://www.80ge.info/txtxz/173491.html" target="_blank">TXT����</a></p>
<p><a rel="nofollow" href="Javascript:void(0);" onclick="javascript:vote(173491);">Ͷ�Ƽ�Ʊ</a></p>
<p><a rel="nofollow" href="Javascript:void(0);" onclick="javascript:addbookcase(173491);">�������</a></p>
</li>
</ul>
</div>
  </tr>
<tr>
<div class="storelistbt5"> 
<ul>
<li class="storelistbt5a">
<a href="http://www.80ge.info/txtxz/204484.html" target="_blank"><img src="http://img.80ge.info/204/204484/204484s.jpg" title="��Ӱ��˭������ɰ���ģ�"></a>
<a href="http://www.80ge.info/txtxz/204484.html" title="��Ӱ��˭������ɰ���ģ�TXTȫ������" class="bookname" target="_blank">����Ӱ��˭������ɰ���ģ���TXT����</a><span class="bookdata">�ܵ����0</span>
<p>���ߣ�<a href="/author/��������/" target="_blank">��������</a>���ࣺ������Ϸ</p>
<p>    ������ֻ�ڿ���֮�ϣ�����ֻ��������Χ֮�ڣ���    ����Ҫ���ģ��������̽�Ĵ�һͳ����    �������̽��ս��ɰ���������ش����˺��Ĵ���Ӱ��ȫ��ϣ������һβ    ��ɱ�ƻ�����ʧ�ܣ�ǧ�����³�����ֹ���Ұ��ޱ��ߣ� ...</p>
<p>״̬:<span class="strong green">������</span> ����:25-06-18 �����½�:��һ�������� β��֮ս </p>
</li>
<li class="storelistbt5b">
<p><a href="http://www.80ge.info/txtxz/204484.html" target="_blank">TXT����</a></p>
<p><a rel="nofollow" href="Javascript:void(0);" onclick="javascript:vote(204484);">Ͷ�Ƽ�Ʊ</a></p>
<p><a rel="nofollow" href="Javascript:void(0);" onclick="javascript:addbookcase(204484);">�������</a></p>
</li>
</ul>
</div>
  </tr>
<tr>
<div class="storelistbt5"> 
<ul>
<li class="storelistbt5a">
<a href="http://www.80ge.info/txtxz/196722.html" target="_blank"><img src="http://img.80ge.info/196/196722/196722s.jpg" title="˭�������г����ģ�"></a>
<a href="http://www.80ge.info/txtxz/196722.html" title="˭�������г����ģ�TXTȫ������" class="bookname" target="_blank">��˭�������г����ģ���TXT����</a><span class="bookdata">�ܵ����0</span>
<p>���ߣ�<a href="/author/�����ѩ/" target="_blank">�����ѩ</a>���ࣺ�������</p>
<p>    ��������+��Ů��+�ֵ����磬���޵У���Ļ�󣬳�������/������ͷ�����ġ�������ҹ1:11��ƾ�ճ��ֵ������г�����������޴���Ѱ����;����վ�����ΰ�ĵ���    һЩ����Ŀ�á����ߵ��������˶Դ������һ��    ���� ...</p>
<p>״̬:<span class="strong green">������</span> ����:25-01-30 �����½�:�����Ҫ�ָ����£� </p>
</li>
<li class="storelistbt5b">
<p><a href="http://www.80ge.info/txtxz/196722.html" target="_blank">TXT����</a></p>
<p><a rel="nofollow" href="Javascript:void(0);" onclick="javascript:vote(196722);">Ͷ�Ƽ�Ʊ</a></p>
<p><a rel="nofollow" href="Javascript:void(0);" onclick="javascript:addbookcase(196722);">�������</a></p>
</li>
</ul>
</div>
  </tr>
<tr>
<div class="storelistbt5"> 
<ul>
<li class="storelistbt5a">
<a href="http://www.80ge.info/txtxz/191669.html" target="_blank"><img src="http://img.80ge.info/191/191669/191669s.jpg" title="˭�������������ģ�"></a>
<a href="http://www.80ge.info/txtxz/191669.html" title="˭�������������ģ�TXTȫ������" class="bookname" target="_blank">��˭�������������ģ���TXT����</a><span class="bookdata">�ܵ����0</span>
<p>���ߣ�<a href="/author/��Ϣ����/" target="_blank">��Ϣ����</a>���ࣺ������Ϸ</p>
<p>    ��ʩ��ķ����������������Ϊ���ǡ�ʷ�����κ�������Դ�����ʲô��������    ��ʷ�������������������Ϊ����Щ��ɵ���Щ�£�������Ҳ���ˣ��� ...</p>
<p>״̬:<span class="strong green">������</span> ����:24-12-27 �����½�:������ ץ�������������������ͳͳ��ץ������ </p>
</li>
<li class="storelistbt5b">
<p><a href="http://www.80ge.info/txtxz/191669.html" target="_blank">TXT����</a></p>
<p><a rel="nofollow" href="Javascript:void(0);" onclick="javascript:vote(191669);">Ͷ�Ƽ�Ʊ</a></p>
<p><a rel="nofollow" href="Javascript:void(0);" onclick="javascript:addbookcase(191669);">�������</a></p>
</li>
</ul>
</div>
  </tr>
<tr>
<div class="storelistbt5"> 
<ul>
<li class="storelistbt5a">
<a href="http://www.80ge.info/txtxz/223026.html" target="_blank"><img src="http://img.80ge.info/223/223026/223026s.jpg" title="���飺˭�����ĵ�Ӱ�ģ�"></a>
<a href="http://www.80ge.info/txtxz/223026.html" title="���飺˭�����ĵ�Ӱ�ģ�TXTȫ������" class="bookname" target="_blank">�����飺˭�����ĵ�Ӱ�ģ���TXT����</a><span class="bookdata">�ܵ����0</span>
<p>���ߣ�<a href="/author/ĳ������ʱ��/" target="_blank">ĳ������ʱ��</a>���ࣺ��������</p>
<p>    ���ȵ�����Ҷ�˵���ǵ�ӰȦ���ࡣ��    ��ͬ�м��ʡ���    ���ȵ�����Ҷ�˵����������й���Ӱ����    ���޻�̸֮����    ���ȵ�����Ҷ�˵�������ȴ󵼣������ˣ�������ʲô��Ұ����ȫ���᣿�㲻���������ң� ...</p>
<p>״̬:<span class="strong green">������</span> ����:26-08-12 �����½�:��238�� ��������С�� </p>
</li>
<li class="storelistbt5b">
<p><a href="http://www.80ge.info/txtxz/223026.html" target="_blank">TXT����</a></p>
<p><a rel="nofollow" href="Javascript:void(0);" onclick="javascript:vote(223026);">Ͷ�Ƽ�Ʊ</a></p>
<p><a rel="nofollow" href="Javascript:void(0);" onclick="javascript:addbookcase(223026);">�������</a></p>
</li>
</ul>
</div>
  </tr>
<tr>
<div class="storelistbt5"> 
<ul>
<li class="storelistbt5a">
<a href="http://www.80ge.info/txtxz/202818.html" target="_blank"><img src="http://img.80ge.info/202/202818/202818s.jpg" title="˭�����������ˣ�����ͽ��ȫ�Ǵ��"></a>
<a href="http://www.80ge.info/txtxz/202818.html" title="˭�����������ˣ�����ͽ��ȫ�Ǵ��TXTȫ������" class="bookname" target="_blank">��˭�����������ˣ�����ͽ��ȫ�Ǵ�ۡ�TXT����</a><span class="bookdata">�ܵ����0</span>
<p>���ߣ�<a href="/author/��һ��/" target="_blank">��һ��</a>���ࣺ�������</p>
<p>    �����á����޵С���������硿����ͽ����΢Ⱥ��    ��ǰ�ڹ�����ͽ�����ڴ���ͽ�ܱ���������ͽ��    һ��������������������Ϊ������½���������硣    ����ǿ��Ϊ��������档    �����忪ʼ��ÿһ��ͻ�ƶ� ...</p>
<p>״̬:<span class="strong green">������</span> ����:25-04-24 �����½�:��һ�� ��150�� ���㣡 </p>
</li>
<li class="storelistbt5b">
<p><a href="http://www.80ge.info/txtxz/202818.html" target="_blank">TXT����</a></p>
<p><a rel="nofollow" href="Javascript:void(0);" onclick="javascript:vote(202818);">Ͷ�Ƽ�Ʊ</a></p>
<p><a rel="nofollow" href="Javascript:void(0);" onclick="javascript:addbookcase(202818);">�������</a></p>
</li>
</ul>
</div>
  </tr>
<tr>
<div class="storelistbt5"> 
<ul>
<li class="storelistbt5a">
<a href="http://www.80ge.info/txtxz/185607.html" target="_blank"><img src="http://img.80ge.info/185/185607/185607s.jpg" title="˭��������Ϸ���ģ�"></a>
<a href="http://www.80ge.info/txtxz/185607.html" title="˭��������Ϸ���ģ�TXTȫ������" class="bookname" target="_blank">��˭��������Ϸ���ģ���TXT����</a><span class="bookdata">�ܵ����0</span>
<p>���ߣ�<a href="/author/���Ʊ�ռ��/" target="_blank">���Ʊ�ռ��</a>���ࣺ������Ϸ</p>
<p>    �������������кܶ��˶���Ϊ����������񻷾��������䣬�ؿ��Ա�����ʢ�У�������Ϊ��һ����������������ķ����������˵������ô�������м����ڲɷ�ʱ�ʵ���    ���ٰ���������ٰ���������������˵����ʾ�ܷ�ŭ��     ...</p>
<p>״̬:<span class="strong green">������</span> ����:26-01-12 �����½�:��1824�� ����֮����ᣩ </p>
</li>
<li class="storelistbt5b">
<p><a href="http://www.80ge.info/txtxz/185607.html" target="_blank">TXT����</a></p>
<p><a rel="nofollow" href="Javascript:void(0);" onclick="javascript:vote(185607);">Ͷ�Ƽ�Ʊ</a></p>
<p><a rel="nofollow" href="Javascript:void(0);" onclick="javascript:addbookcase(185607);">�������</a></p>
</li>
</ul>
</div>
  </tr>
<tr>
<div class="storelistbt5"> 
<ul>
<li class="storelistbt5a">
<a href="http://www.80ge.info/txtxz/195558.html" target="_blank"><img src="http://img.80ge.info/195/195558/195558s.jpg" title="ϣ���񻰣�˭������ս��ģ�"></a>
<a href="http://www.80ge.info/txtxz/195558.html" title="ϣ���񻰣�˭������ս��ģ�TXTȫ������" class="bookname" target="_blank">��ϣ���񻰣�˭������ս��ģ���TXT����</a><span class="bookdata">�ܵ����0</span>
<p>���ߣ�<a href="/author/������ĺ���/" target="_blank">������ĺ���</a>���ࣺ������Ϸ</p>
<p>    ��Խ��ϣ���񻰵����磬ȴ�����Լ���Ϊ��ʷ����˵�ս�񣬰���˹��    Ϊ�˲���Ϊ����·��������С��Ϊ�˱��⼴�������Ĳп����ˣ�����˹�þ���ȫ����    ������Ԩ���棬��Ϊ��ħ֮���������ų�ת����ϵ������߱�� ...</p>
<p>״̬:<span class="strong green">������</span> ����:24-11-30 �����½�:��181�� �羭������רҵѡ�֣� </p>
</li>
<li class="storelistbt5b">
<p><a href="http://www.80ge.info/txtxz/195558.html" target="_blank">TXT����</a></p>
<p><a rel="nofollow" href="Javascript:void(0);" onclick="javascript:vote(195558);">Ͷ�Ƽ�Ʊ</a></p>
<p><a rel="nofollow" href="Javascript:void(0);" onclick="javascript:addbookcase(195558);">�������</a></p>
</li>
</ul>
</div>
  </tr>
<tr>
<div class="storelistbt5"> 
<ul>
<li class="storelistbt5a">
<a href="http://www.80ge.info/txtxz/177735.html" target="_blank"><img src="http://img.80ge.info/177/177735/177735s.jpg" title="������˭������ıʿ�ģ�"></a>
<a href="http://www.80ge.info/txtxz/177735.html" title="������˭������ıʿ�ģ�TXTȫ������" class="bookname" target="_blank">��������˭������ıʿ�ģ���TXT����</a><span class="bookdata">�ܵ����0</span>
<p>���ߣ�<a href="/author/�����İ�/" target="_blank">�����İ�</a>���ࣺ��ʷ����</p>
<p>    �ź���Խ��ĩ�������޴�����ʱ��Ͷ���Ӫ�����ѡ�����ϵͳ����ֻҪ�������ܵõ������������ź��������ա�������ɱ������ͨ�����������ѡ���������������󣬺�ȻתΪ���������ı����    ���ǣ��������Ļ���������ź���Ԥ�� ...</p>
<p>״̬:<span class="strong green">������</span> ����:24-07-10 �����½�:��������ʮһ�£�������㶼��ʼ���������� </p>
</li>
<li class="storelistbt5b">
<p><a href="http://www.80ge.info/txtxz/177735.html" target="_blank">TXT����</a></p>
<p><a rel="nofollow" href="Javascript:void(0);" onclick="javascript:vote(177735);">Ͷ�Ƽ�Ʊ</a></p>
<p><a rel="nofollow" href="Javascript:void(0);" onclick="javascript:addbookcase(177735);">�������</a></p>
</li>
</ul>
</div>
  </tr>
<tr>
<div class="storelistbt5"> 
<ul>
<li class="storelistbt5a">
<a href="http://www.80ge.info/txtxz/191138.html" target="_blank"><img src="http://img.80ge.info/191/191138/191138s.jpg" title="���飬˭���������ݹ�����"></a>
<a href="http://www.80ge.info/txtxz/191138.html" title="���飬˭���������ݹ�����TXTȫ������" class="bookname" target="_blank">�����飬˭���������ݹ����ġ�TXT����</a><span class="bookdata">�ܵ����0</span>
<p>���ߣ�<a href="/author/���治���/" target="_blank">���治���</a>���ࣺ������Ϸ</p>
<p>    �������ɹھ�����˵����������ս���������ݶ�ô�������߲ɷ��ųǶ��ھ������ɡ�    ���Ҿܾ��ش𡣡�������������Ӳ��    ����˵�����������ݹ���������ȫԱ��ս��Ȼ����������˶�ô����    ���Ҿܾ��ش𡣡������� ...</p>
<p>״̬:<span class="strong green">������</span> ����:25-03-10 �����½�:���顶���飺���ѵ����̫Ұ�ˡ��ѷ� </p>
</li>
<li class="storelistbt5b">
<p><a href="http://www.80ge.info/txtxz/191138.html" target="_blank">TXT����</a></p>
<p><a rel="nofollow" href="Javascript:void(0);" onclick="javascript:vote(191138);">Ͷ�Ƽ�Ʊ</a></p>
<p><a rel="nofollow" href="Javascript:void(0);" onclick="javascript:addbookcase(191138);">�������</a></p>
</li>
</ul>
</div>
  </tr>
<tr>
<div class="storelistbt5"> 
<ul>
<li class="storelistbt5a">
<a href="http://www.80ge.info/txtxz/174082.html" target="_blank"><img src="http://img.80ge.info/174/174082/174082s.jpg" title="ز��ѽ��˭����������Ȧ�ģ�"></a>
<a href="http://www.80ge.info/txtxz/174082.html" title="ز��ѽ��˭����������Ȧ�ģ�TXTȫ������" class="bookname" target="_blank">��ز��ѽ��˭����������Ȧ�ģ���TXT����</a><span class="bookdata">�ܵ����228</span>
<p>���ߣ�<a href="/author/��˼����/" target="_blank">��˼����</a>���ࣺ��������</p>
<p>    ������½ǫ���ұ�ħ�����ˣ����޳�ͷ֮�ա���    ����ƨ������Ϊ��������Ȧ�ù��𣿡�    ���ԣ�����Ȧ��������������    ��������˭����������Ȧ�ģ���½ǫ�����첻����½���������������ҹ�������ӵ��찮�������� ...</p>
<p>״̬:<span class="strong green">������</span> ����:23-06-28 �����½�:��094�� �������ˡ����ġ� </p>
</li>
<li class="storelistbt5b">
<p><a href="http://www.80ge.info/txtxz/174082.html" target="_blank">TXT����</a></p>
<p><a rel="nofollow" href="Javascript:void(0);" onclick="javascript:vote(174082);">Ͷ�Ƽ�Ʊ</a></p>
<p><a rel="nofollow" href="Javascript:void(0);" onclick="javascript:addbookcase(174082);">�������</a></p>
</li>
</ul>
</div>
  </tr>
<tr>
<div class="storelistbt5"> 
<ul>
<li class="storelistbt5a">
<a href="http://www.80ge.info/txtxz/180607.html" target="_blank"><img src="http://img.80ge.info/180/180607/180607s.jpg" title="˭�����ڸ������������ģ�"></a>
<a href="http://www.80ge.info/txtxz/180607.html" title="˭�����ڸ������������ģ�TXTȫ������" class="bookname" target="_blank">��˭�����ڸ������������ģ���TXT����</a><span class="bookdata">�ܵ����0</span>
<p>���ߣ�<a href="/author/�·���/" target="_blank">�·���</a>���ࣺ�ƻ�δ��</p>
<p>    ��Խ�������磬ս��Լ����һֻ�죬����������췭�̣�����Ӧ���˺ܾã�����ѡ���˴�Խ�߱ر����ܣ����ִ����ҩ�ɣ�    �����北�    ����ʮ��󡭡����������������ҿ��ǾŽ����ߣ�ɽ����ǿ�ߣ��˼�����    ���� ...</p>
<p>״̬:<span class="strong green">������</span> ����:24-01-20 �����½�:��77�£�������죬���� </p>
</li>
<li class="storelistbt5b">
<p><a href="http://www.80ge.info/txtxz/180607.html" target="_blank">TXT����</a></p>
<p><a rel="nofollow" href="Javascript:void(0);" onclick="javascript:vote(180607);">Ͷ�Ƽ�Ʊ</a></p>
<p><a rel="nofollow" href="Javascript:void(0);" onclick="javascript:addbookcase(180607);">�������</a></p>
</li>
</ul>
</div>
  </tr>
<tr>
<div class="storelistbt5"> 
<ul>
<li class="storelistbt5a">
<a href="http://www.80ge.info/txtxz/200274.html" target="_blank"><img src="http://img.80ge.info/200/200274/200274s.jpg" title="����������������ɵģ�"></a>
<a href="http://www.80ge.info/txtxz/200274.html" title="����������������ɵģ�TXTȫ������" class="bookname" target="_blank">������������������ɵģ���TXT����</a><span class="bookdata">�ܵ����0</span>
<p>���ߣ�<a href="/author/һ�Գ���/" target="_blank">һ�Գ���</a>���ࣺ��ƪ�ۺ�</p>
<p>    ��С�쵰��ʱ���ѳ��죬�����ɽȥ�ˣ���    ��ʦ����ľ�����ͽ����û�ڻ��ͨ�أ���    �������ӣ���ɽ����ʦ���ǽ���ɣ���    �·屻ʦ�����ɽ�������˱�ʦ�����ų�֮·��    ��ʦ��˵����С�쵰��˭�� ...</p>
<p>״̬:<span class="strong green">������</span> ����:25-02-28 �����½�:��һ�� ��735�� ��ӭʥ�������� </p>
</li>
<li class="storelistbt5b">
<p><a href="http://www.80ge.info/txtxz/200274.html" target="_blank">TXT����</a></p>
<p><a rel="nofollow" href="Javascript:void(0);" onclick="javascript:vote(200274);">Ͷ�Ƽ�Ʊ</a></p>
<p><a rel="nofollow" href="Javascript:void(0);" onclick="javascript:addbookcase(200274);">�������</a></p>
</li>
</ul>
</div>
  </tr>
<tr>
<div class="storelistbt5"> 
<ul>
<li class="storelistbt5a">
<a href="http://www.80ge.info/txtxz/174288.html" target="_blank"><img src="http://img.80ge.info/174/174288/174288s.jpg" title="˭���������ɵģ�"></a>
<a href="http://www.80ge.info/txtxz/174288.html" title="˭���������ɵģ�TXTȫ������" class="bookname" target="_blank">��˭���������ɵģ���TXT����</a><span class="bookdata">�ܵ����60</span>
<p>���ߣ�<a href="/author/�������/" target="_blank">�������</a>���ࣺ��ƪ�ۺ�</p>
<p>    �������ɽ���ʯ�����������ǣ����޵��ߡ��������������࣬���ɹ�ƭ������������    �����������Գ��裬������ˣ��������������ǵ���������ʿ����������ʼ��ٸ�ߣ����������������İ��ʯ��    �������죬һ����Ҫ���� ...</p>
<p>״̬:<span class="strong green">������</span> ����:24-06-14 �����½�:�����پ�ʮ���¡�������Ϭ </p>
</li>
<li class="storelistbt5b">
<p><a href="http://www.80ge.info/txtxz/174288.html" target="_blank">TXT����</a></p>
<p><a rel="nofollow" href="Javascript:void(0);" onclick="javascript:vote(174288);">Ͷ�Ƽ�Ʊ</a></p>
<p><a rel="nofollow" href="Javascript:void(0);" onclick="javascript:addbookcase(174288);">�������</a></p>
</li>
</ul>
</div>
  </tr>
<tr>
<div class="storelistbt5"> 
<ul>
<li class="storelistbt5a">
<a href="http://www.80ge.info/txtxz/197789.html" target="_blank"><img src="http://img.80ge.info/197/197789/197789s.jpg" title="˭������ô���ɵģ�"></a>
<a href="http://www.80ge.info/txtxz/197789.html" title="˭������ô���ɵģ�TXTȫ������" class="bookname" target="_blank">��˭������ô���ɵģ���TXT����</a><span class="bookdata">�ܵ����0</span>
<p>���ߣ�<a href="/author/�����/" target="_blank">�����</a>���ࣺ�������</p>
<p>    ������+�޵�+��Ц+����+��Խ���������롣��\n�����������飬��ǧ���־����ˣ�ϲ���ڿӣ�����������ĵط������Ŀ����¡�    ��\n�հ������ŵĵ��Ӿ���������\n    �����ţ����²����ˣ���ʦ������Ǯ�ˣ���\ ...</p>
<p>״̬:<span class="strong green">������</span> ����:26-07-10 �����½�:��2066�� ���н� </p>
</li>
<li class="storelistbt5b">
<p><a href="http://www.80ge.info/txtxz/197789.html" target="_blank">TXT����</a></p>
<p><a rel="nofollow" href="Javascript:void(0);" onclick="javascript:vote(197789);">Ͷ�Ƽ�Ʊ</a></p>
<p><a rel="nofollow" href="Javascript:void(0);" onclick="javascript:addbookcase(197789);">�������</a></p>
</li>
</ul>
</div>
  </tr>
<tr>
<div class="storelistbt5"> 
<ul>
<li class="storelistbt5a">
<a href="http://www.80ge.info/txtxz/204124.html" target="_blank"><img src="http://img.80ge.info/modules/article/images/nocover.jpg" title="˭���������ģ���ɧ��ǿ����̬"></a>
<a href="http://www.80ge.info/txtxz/204124.html" title="˭���������ģ���ɧ��ǿ����̬TXTȫ������" class="bookname" target="_blank">��˭���������ģ���ɧ��ǿ����̬��TXT����</a><span class="bookdata">�ܵ����0</span>
<p>���ߣ�<a href="/author/�һ���������/" target="_blank">�һ���������</a>���ࣺ��������</p>
<p>    ������Ȧ+��������ֵϵͳ+����+��Ů��+�湣��\n�·Ŵ�Խ��Ϊ��Ȯ����Ķ���С���У�Ȼ���ո�������    �����ǡ�������Ϣ����\n��ɨ���£������Լ���\n�����������ͻ�ø�������ֵϵͳ���绢�����ԭ�ؿ���    ...</p>
<p>״̬:<span class="strong green">������</span> ����:26-01-24 �����½�:��696�� ��������ƽ������ </p>
</li>
<li class="storelistbt5b">
<p><a href="http://www.80ge.info/txtxz/204124.html" target="_blank">TXT����</a></p>
<p><a rel="nofollow" href="Javascript:void(0);" onclick="javascript:vote(204124);">Ͷ�Ƽ�Ʊ</a></p>
<p><a rel="nofollow" href="Javascript:void(0);" onclick="javascript:addbookcase(204124);">�������</a></p>
</li>
</ul>
</div>
  </tr>
<tr>
<div class="storelistbt5"> 
<ul>
<li class="storelistbt5a">
<a href="http://www.80ge.info/txtxz/186482.html" target="_blank"><img src="http://img.80ge.info/186/186482/186482s.jpg" title="˭������NPC�ģ�"></a>
<a href="http://www.80ge.info/txtxz/186482.html" title="˭������NPC�ģ�TXTȫ������" class="bookname" target="_blank">��˭������NPC�ģ���TXT����</a><span class="bookdata">�ܵ����0</span>
<p>���ߣ�<a href="/author/�����Ϳ���/" target="_blank">�����Ϳ���</a>���ࣺ������Ϸ</p>
<p>    ��Խ����Ϸ��������ʱ���ܱ��е��ӱ�����ô�������Ȳ��˽���飬��û��BOSSģ��İ�ܽѡ�񿿷����ӷ�����ң������Ϊ����档    ���������Ը�������ң��������ĳ��ظ�����������������ϣ���������ⱳ�����Ͷ�� ...</p>
<p>״̬:<span class="strong green">������</span> ����:25-04-07 �����½�:������ </p>
</li>
<li class="storelistbt5b">
<p><a href="http://www.80ge.info/txtxz/186482.html" target="_blank">TXT����</a></p>
<p><a rel="nofollow" href="Javascript:void(0);" onclick="javascript:vote(186482);">Ͷ�Ƽ�Ʊ</a></p>
<p><a rel="nofollow" href="Javascript:void(0);" onclick="javascript:addbookcase(186482);">�������</a></p>
</li>
</ul>
</div>
  </tr>
<tr>
<div class="storelistbt5"> 
<ul>
<li class="storelistbt5a">
<a href="http://www.80ge.info/txtxz/159121.html" target="_blank"><img src="http://img.80ge.info/159/159121/159121s.jpg" title="˭����ǣ���ֵ�"></a>
<a href="http://www.80ge.info/txtxz/159121.html" title="˭����ǣ���ֵ�TXTȫ������" class="bookname" target="_blank">��˭����ǣ���ֵġ�TXT����</a><span class="bookdata">�ܵ����101</span>
<p>���ߣ�<a href="/author/մ��/" target="_blank">մ��</a>���ࣺ��������</p>
<p>    �������������ʱ���ߣ�������������ͬʱ�շ����Ĺ��£��߸�˧��֣��尣�ƶ����������ĸգ��Լ����ֵĴ��������ܣ��ֱ������������Ϲ���ӣ����١�����������Ů�������������淢չ... ...</p>
<p>״̬:<span class="strong green">������</span> ����:22-06-05 �����½�:����ʮ���� �����Ҽ��� </p>
</li>
<li class="storelistbt5b">
<p><a href="http://www.80ge.info/txtxz/159121.html" target="_blank">TXT����</a></p>
<p><a rel="nofollow" href="Javascript:void(0);" onclick="javascript:vote(159121);">Ͷ�Ƽ�Ʊ</a></p>
<p><a rel="nofollow" href="Javascript:void(0);" onclick="javascript:addbookcase(159121);">�������</a></p>
</li>
</ul>
</div>
  </tr>
<tr>
<div class="storelistbt5"> 
<ul>
<li class="storelistbt5a">
<a href="http://www.80ge.info/txtxz/210230.html" target="_blank"><img src="http://img.80ge.info/210/210230/210230s.jpg" title="˭�����а�������ģ�"></a>
<a href="http://www.80ge.info/txtxz/210230.html" title="˭�����а�������ģ�TXTȫ������" class="bookname" target="_blank">��˭�����а�������ģ���TXT����</a><span class="bookdata">�ܵ����0</span>
<p>���ߣ�<a href="/author/�춹��Բ��ܽ��/" target="_blank">�춹��Բ��ܽ��</a>���ࣺ��������</p>
<p>    ��Ϊ���ݴ�½ħ�ڡ�Ѫ���ڻ�򡹵����������۴�Խ���˶��е�һ��������ϰ塣    �˿̣�������85�����Ϻ����Ĳ���ѡ��һ�𣬲μ����ա�һ�������������յ�ʤ���߲�ֹ�ܻ�ø߶�𣬻��ܲ���רҵ��ҵѡƷ��    ������ ...</p>
<p>״̬:<span class="strong green">������</span> ����:26-08-13 �����½�:��539�£������ֶΣ�С���ӵ�һ��������������ο͵���ʱ·��... </p>
</li>
<li class="storelistbt5b">
<p><a href="http://www.80ge.info/txtxz/210230.html" target="_blank">TXT����</a></p>
<p><a rel="nofollow" href="Javascript:void(0);" onclick="javascript:vote(210230);">Ͷ�Ƽ�Ʊ</a></p>
<p><a rel="nofollow" href="Javascript:void(0);" onclick="javascript:addbookcase(210230);">�������</a></p>
</li>
</ul>
</div>
  </tr>
<tr>
<div class="storelistbt5"> 
<ul>
<li class="storelistbt5a">
<a href="http://www.80ge.info/txtxz/213676.html" target="_blank"><img src="http://img.80ge.info/213/213676/213676s.jpg" title="˭����ֻè����ħ�˵ģ�"></a>
<a href="http://www.80ge.info/txtxz/213676.html" title="˭����ֻè����ħ�˵ģ�TXTȫ������" class="bookname" target="_blank">��˭����ֻè����ħ�˵ģ���TXT����</a><span class="bookdata">�ܵ����0</span>
<p>���ߣ�<a href="/author/��ɽĪԶ��/" target="_blank">��ɽĪԶ��</a>���ࣺ������Ϸ</p>
<p>    ���ִ����ã���ϲ�磬������ֻè�������ˣ�����ħ����·�ġ�    ����ӭ����1988��������ᣬ�������Ÿ��ָ�����а���������ֹ�����ӡ����д�˵�еĹ��ɢ�������Ů�ס��������Ķ�ħ�������û�����չؼ����������� ...</p>
<p>״̬:<span class="strong green">������</span> ����:26-08-13 �����½�:��487�� ����/��Ѩ </p>
</li>
<li class="storelistbt5b">
<p><a href="http://www.80ge.info/txtxz/213676.html" target="_blank">TXT����</a></p>
<p><a rel="nofollow" href="Javascript:void(0);" onclick="javascript:vote(213676);">Ͷ�Ƽ�Ʊ</a></p>
<p><a rel="nofollow" href="Javascript:void(0);" onclick="javascript:addbookcase(213676);">�������</a></p>
</li>
</ul>
</div>
  </tr>
<tr>
<div class="storelistbt5"> 
<ul>
<li class="storelistbt5a">
<a href="http://www.80ge.info/txtxz/95297.html" target="_blank"><img src="http://img.80ge.info/95/95297/95297s.jpg" title="˭���㲻ҩ����"></a>
<a href="http://www.80ge.info/txtxz/95297.html" title="˭���㲻ҩ����TXTȫ������" class="bookname" target="_blank">��˭���㲻ҩ������TXT����</a><span class="bookdata">�ܵ����1058</span>
<p>���ߣ�<a href="/author/΢ĩ_/" target="_blank">΢ĩ_</a>���ࣺ���л���</p>
<p>    һ�ʾ޿��Ų���һ������ͬ�á�һ׮�����������ɱ����һ���Ը�����Ų��̳��ˡ�    ��ƶ���������ա�ׯ�ࣺ��ͥ�飬���в��������������ҩ�ɾȡ�    ��ͥ�飺�㲻��Ҫҩ�����࣬��ֻȱ�ҡ�|Ů�����в����Ҳ��Ĳ� ...</p>
<p>״̬:<span class="strong green">������</span> ����:19-09-04 �����½�:��һ������� </p>
</li>
<li class="storelistbt5b">
<p><a href="http://www.80ge.info/txtxz/95297.html" target="_blank">TXT����</a></p>
<p><a rel="nofollow" href="Javascript:void(0);" onclick="javascript:vote(95297);">Ͷ�Ƽ�Ʊ</a></p>
<p><a rel="nofollow" href="Javascript:void(0);" onclick="javascript:addbookcase(95297);">�������</a></p>
</li>
</ul>
</div>
  </tr>
<tr>
<div class="storelistbt5"> 
<ul>
<li class="storelistbt5a">
<a href="http://www.80ge.info/txtxz/175474.html" target="_blank"><img src="http://img.80ge.info/175/175474/175474s.jpg" title="˭����������ô�õģ�"></a>
<a href="http://www.80ge.info/txtxz/175474.html" title="˭����������ô�õģ�TXTȫ������" class="bookname" target="_blank">��˭����������ô�õģ���TXT����</a><span class="bookdata">�ܵ����0</span>
<p>���ߣ�<a href="/author/̫��ˮ��/" target="_blank">̫��ˮ��</a>���ࣺ�������</p>
<p>    ȫ����ѵ����������۳����ؾ�������������Ϊ�����������������ģ�ֱ���ؾ����֡�����ĩ�ꡢ����̮���ȵȴ��¼���������һ�������Ĵ���⡣    ...    ���ҵ��ҵ���˭���ҵ�һǧ������һǧ�������ٳر��ȷ� ...</p>
<p>״̬:<span class="strong green">������</span> ����:24-01-31 �����½�:���+���顶��Ӫ��Ϸ�������Լ��� </p>
</li>
<li class="storelistbt5b">
<p><a href="http://www.80ge.info/txtxz/175474.html" target="_blank">TXT����</a></p>
<p><a rel="nofollow" href="Javascript:void(0);" onclick="javascript:vote(175474);">Ͷ�Ƽ�Ʊ</a></p>
<p><a rel="nofollow" href="Javascript:void(0);" onclick="javascript:addbookcase(175474);">�������</a></p>
</li>
</ul>
</div>
  </tr>
<tr>
<div class="storelistbt5"> 
<ul>
<li class="storelistbt5a">
<a href="http://www.80ge.info/txtxz/214337.html" target="_blank"><img src="http://img.80ge.info/214/214337/214337s.jpg" title="˭����ר���ѱ߲ݵģ�"></a>
<a href="http://www.80ge.info/txtxz/214337.html" title="˭����ר���ѱ߲ݵģ�TXTȫ������" class="bookname" target="_blank">��˭����ר���ѱ߲ݵģ���TXT����</a><span class="bookdata">�ܵ����0</span>
<p>���ߣ�<a href="/author/ѩ������/" target="_blank">ѩ������</a>���ࣺ��ƪ�ۺ�</p>
<p>    ������Ϸϵͳ�󣬽��ݷ����Լ��������Ȼ�ǳ�Ϊ�����һ�Ĺ�˾�����ˡ�    �Ѷ��е�󣬲���û��ϵ�����ڿ��������˲ţ����������Դ��������ջ�ˮ��3/3��Ч�����һ��ٸ��ʴ����ߣ������֮�ǻ����������Χ����˾Ա ...</p>
<p>״̬:<span class="strong green">������</span> ����:26-08-13 �����½�:�����ٶ�ʮ���£�����������ˣ�����������ʥ�� </p>
</li>
<li class="storelistbt5b">
<p><a href="http://www.80ge.info/txtxz/214337.html" target="_blank">TXT����</a></p>
<p><a rel="nofollow" href="Javascript:void(0);" onclick="javascript:vote(214337);">Ͷ�Ƽ�Ʊ</a></p>
<p><a rel="nofollow" href="Javascript:void(0);" onclick="javascript:addbookcase(214337);">�������</a></p>
</li>
</ul>
</div>
  </tr>
<tr>
<div class="storelistbt5"> 
<ul>
<li class="storelistbt5a">
<a href="http://www.80ge.info/txtxz/88564.html" target="_blank"><img src="http://img.80ge.info/88/88564/88564s.jpg" title="˭����͵�����ҵ���"></a>
<a href="http://www.80ge.info/txtxz/88564.html" title="˭����͵�����ҵ���TXTȫ������" class="bookname" target="_blank">��˭����͵�����ҵ��ġ�TXT����</a><span class="bookdata">�ܵ����2777</span>
<p>���ߣ�<a href="/author/������/" target="_blank">������</a>���ࣺ���л���</p>
<p>    ½�Ѱ��������������ֵ�����˾�������꣬�����˾����ʱ�䣬���������񲻿��������ġ�    �������������ˣ�����������������İײ��Լ��������ˣ��������½�Ѵ�ְ�е��ܷ��ꡣ    ����û���ģ��������ľ�Ӣ����������� ...</p>
<p>״̬:<span class="strong green">������</span> ����:19-03-28 �����½�:��õİ���Ӧ���ǣ����������ر˴� </p>
</li>
<li class="storelistbt5b">
<p><a href="http://www.80ge.info/txtxz/88564.html" target="_blank">TXT����</a></p>
<p><a rel="nofollow" href="Javascript:void(0);" onclick="javascript:vote(88564);">Ͷ�Ƽ�Ʊ</a></p>
<p><a rel="nofollow" href="Javascript:void(0);" onclick="javascript:addbookcase(88564);">�������</a></p>
</li>
</ul>
</div>
  </tr>
<tr>
<div class="storelistbt5"> 
<ul>
<li class="storelistbt5a">
<a href="http://www.80ge.info/txtxz/209982.html" target="_blank"><img src="http://img.80ge.info/209/209982/209982s.jpg" title="˭�������ҵа��Խ�ģ�"></a>
<a href="http://www.80ge.info/txtxz/209982.html" title="˭�������ҵа��Խ�ģ�TXTȫ������" class="bookname" target="_blank">��˭�������ҵа��Խ�ģ���TXT����</a><span class="bookdata">�ܵ����0</span>
<p>���ߣ�<a href="/author/���ɴ���/" target="_blank">���ɴ���</a>���ࣺ��ƪ�ۺ�</p>
<p>    кҩ���������죬���ܴ������Ҫ�ؼҸ�״�������ͨ�������˫���ţ����������������������һƬ���Ľ�����ȴ����ʵ�������������    �Ļ���������ӷ��ؼ��磬�ҵ��˼ҳ������Ǹ������������Ǻӣ���������    �� ...</p>
<p>״̬:<span class="strong green">������</span> ����:26-08-13 �����½�:��407�� ŵ���ڵ۶����µİ��Ӻ������Ա�������ȿ�����˹�ٶ��٣� </p>
</li>
<li class="storelistbt5b">
<p><a href="http://www.80ge.info/txtxz/209982.html" target="_blank">TXT����</a></p>
<p><a rel="nofollow" href="Javascript:void(0);" onclick="javascript:vote(209982);">Ͷ�Ƽ�Ʊ</a></p>
<p><a rel="nofollow" href="Javascript:void(0);" onclick="javascript:addbookcase(209982);">�������</a></p>
</li>
</ul>
</div>
  </tr>
<tr>
<div class="storelistbt5"> 
<ul>
<li class="storelistbt5a">
<a href="http://www.80ge.info/txtxz/65148.html" target="_blank"><img src="http://img.80ge.info/65/65148/65148s.jpg" title="����ϱ�������̶�"></a>
<a href="http://www.80ge.info/txtxz/65148.html" title="����ϱ�������̶�TXTȫ������" class="bookname" target="_blank">������ϱ�������̶���TXT����</a><span class="bookdata">�ܵ����6348</span>
<p>���ߣ�<a href="/author/ӥ��/" target="_blank">ӥ��</a>���ࣺ�ֲ����</p>
<p>    �����࿴��������ˣ��������˯����һ�𣬲��Ҵ���һҹ����̥���ᡣ�����˲�Ҫ���Ҫ����Ƕ�������̶���в�����е��������������˿�ʼ����ǰ�ӣ�һ�����ж���һ����ȥ��������ȥ����ü����ȥ�Ĵ������ӾӼҹ������ˡ�����9�� ...</p>
<p>״̬:<span class="strong green">������</span> ����:16-10-30 �����½�:68.15:00�滻�����⡣ </p>
</li>
<li class="storelistbt5b">
<p><a href="http://www.80ge.info/txtxz/65148.html" target="_blank">TXT����</a></p>
<p><a rel="nofollow" href="Javascript:void(0);" onclick="javascript:vote(65148);">Ͷ�Ƽ�Ʊ</a></p>
<p><a rel="nofollow" href="Javascript:void(0);" onclick="javascript:addbookcase(65148);">�������</a></p>
</li>
</ul>
</div>
  </tr>
<tr>
<div class="storelistbt5"> 
<ul>
<li class="storelistbt5a">
<a href="http://www.80ge.info/txtxz/195703.html" target="_blank"><img src="http://img.80ge.info/195/195703/195703s.jpg" title="�����"></a>
<a href="http://www.80ge.info/txtxz/195703.html" title="�����TXTȫ������" class="bookname" target="_blank">������񫡷TXT����</a><span class="bookdata">�ܵ����0</span>
<p>���ߣ�<a href="/author/ѩ��/" target="_blank">ѩ��</a>���ࣺ��������</p>
<p>    ����ǿ��.����ƫִ˽����x���ҹԹ�Ů��    ֱ��δ�������֮�ڶ��鵱��ͬ��˽���������µ����ٲ��Ȼ��������δ���ܻ������ġ�    �������Ǹ�һֱĬĬ�����������ˡ�    ����ī�����Լ��Ѿ�ϰ���˺ڰ��������� ...</p>
<p>״̬:<span class="strong green">������</span> ����:24-10-18 �����½�:��һ�� ��366�� ����������ˡ���ȫ���꡿ </p>
</li>
<li class="storelistbt5b">
<p><a href="http://www.80ge.info/txtxz/195703.html" target="_blank">TXT����</a></p>
<p><a rel="nofollow" href="Javascript:void(0);" onclick="javascript:vote(195703);">Ͷ�Ƽ�Ʊ</a></p>
<p><a rel="nofollow" href="Javascript:void(0);" onclick="javascript:addbookcase(195703);">�������</a></p>
</li>
</ul>
</div>
  </tr>
<tr>
<div class="storelistbt5"> 
<ul>
<li class="storelistbt5a">
<a href="http://www.80ge.info/txtxz/177736.html" target="_blank"><img src="http://img.80ge.info/177/177736/177736s.jpg" title="�����ǣ�˭���Ҽ�������̸�ģ�"></a>
<a href="http://www.80ge.info/txtxz/177736.html" title="�����ǣ�˭���Ҽ�������̸�ģ�TXTȫ������" class="bookname" target="_blank">�������ǣ�˭���Ҽ�������̸�ģ���TXT����</a><span class="bookdata">�ܵ����0</span>
<p>���ߣ�<a href="/author/ָɶ/" target="_blank">ָɶ</a>���ࣺ������Ϸ</p>
<p>    ���콵�٣���������ޱ䡣���˺͹��ҵ�����������̸�󶨣�һ����ѡ�е���ѡ��ʧ�ܣ�����ζ�������Ĺ�������������˻ᱻ����ɱ����    �������綼���벻�����ֻ��������ֱ����һ�����Բ��ñ�ѡ�е��˼��뵽�˹����̸ ...</p>
<p>״̬:<span class="strong green">������</span> ����:24-05-24 �����½�:��345�� ���ս⹹ </p>
</li>
<li class="storelistbt5b">
<p><a href="http://www.80ge.info/txtxz/177736.html" target="_blank">TXT����</a></p>
<p><a rel="nofollow" href="Javascript:void(0);" onclick="javascript:vote(177736);">Ͷ�Ƽ�Ʊ</a></p>
<p><a rel="nofollow" href="Javascript:void(0);" onclick="javascript:addbookcase(177736);">�������</a></p>
</li>
</ul>
</div>
  </tr>
<tr>
<div class="storelistbt5"> 
<ul>
<li class="storelistbt5a">
<a href="http://www.80ge.info/txtxz/114576.html" target="_blank"><img src="http://img.80ge.info/114/114576/114576s.jpg" title="���ľ�����"></a>
<a href="http://www.80ge.info/txtxz/114576.html" title="���ľ�����TXTȫ������" class="bookname" target="_blank">�����ľ����衷TXT����</a><span class="bookdata">�ܵ����276</span>
<p>���ߣ�<a href="/author/��֦/" target="_blank">��֦</a>���ࣺ��������</p>
<p>    ½����һ�μ����ݫ���ʱ�����Ů�˵���ӵ�ǹ��ۣ������Լ�ϲ��Ů�ˣ���ֻ�������Ʒ������½��һ����һ�ΰ�ʾ��ʾ��׷���ᣬ��ȴ����ٶ۵�ֻ������    �����ӡ���ʶ����ǰ��½��үƽ�����󰮺ã�Ů�ˣ����·���ʶ���Ժ� ...</p>
<p>״̬:<span class="strong green">������</span> ����:20-06-21 �����½�:Chapter37�Ǹ���ѧ�� </p>
</li>
<li class="storelistbt5b">
<p><a href="http://www.80ge.info/txtxz/114576.html" target="_blank">TXT����</a></p>
<p><a rel="nofollow" href="Javascript:void(0);" onclick="javascript:vote(114576);">Ͷ�Ƽ�Ʊ</a></p>
<p><a rel="nofollow" href="Javascript:void(0);" onclick="javascript:addbookcase(114576);">�������</a></p>
</li>
</ul>
</div>
  </tr>
<tr>
<div class="storelistbt5"> 
<ul>
<li class="storelistbt5a">
<a href="http://www.80ge.info/txtxz/156850.html" target="_blank"><img src="http://img.80ge.info/156/156850/156850s.jpg" title="���Ĵ�ѧ��"></a>
<a href="http://www.80ge.info/txtxz/156850.html" title="���Ĵ�ѧ��TXTȫ������" class="bookname" target="_blank">�����Ĵ�ѧ����TXT����</a><span class="bookdata">�ܵ����198</span>
<p>���ߣ�<a href="/author/�����/" target="_blank">�����</a>���ࣺ��ƪ�ۺ�</p>
<p>    ˧��������ѧ����ʡ״Ԫ����ݿ����ѧ�����һȺ־ͬ���ϵ�ѧ�ӡ� ...</p>
<p>״̬:<span class="strong green">������</span> ����:22-09-29 �����½�:˵���仰 </p>
</li>
<li class="storelistbt5b">
<p><a href="http://www.80ge.info/txtxz/156850.html" target="_blank">TXT����</a></p>
<p><a rel="nofollow" href="Javascript:void(0);" onclick="javascript:vote(156850);">Ͷ�Ƽ�Ʊ</a></p>
<p><a rel="nofollow" href="Javascript:void(0);" onclick="javascript:addbookcase(156850);">�������</a></p>
</li>
</ul>
</div>
  </tr>
<tr>
<div class="storelistbt5"> 
<ul>
<li class="storelistbt5a">
<a href="http://www.80ge.info/txtxz/177055.html" target="_blank"><img src="http://img.80ge.info/177/177055/177055s.jpg" title="���Ľ���"></a>
<a href="http://www.80ge.info/txtxz/177055.html" title="���Ľ���TXTȫ������" class="bookname" target="_blank">�����Ľ�����TXT����</a><span class="bookdata">�ܵ����0</span>
<p>���ߣ�<a href="/author/��һ��/" target="_blank">��һ��</a>���ࣺ��������</p>
<p>    ����������ܻ�Z��ŵ����Ե�δ���ޣ�ƾ���жǴӱ�ķ��Ů������Ϊ����ٷ��ˡ�    �����˶�˵���Ļ�������ֶ��˵ã��Ǹ����ˡ���������Ϊ����飬��ν�ǷѾ��Ļ����ʾ���֭�ŵó���Ը��    �ٺ�����������Ϊ���˵�δ�� ...</p>
<p>״̬:<span class="strong green">������</span> ����:24-03-15 �����½�:��364�� ���� </p>
</li>
<li class="storelistbt5b">
<p><a href="http://www.80ge.info/txtxz/177055.html" target="_blank">TXT����</a></p>
<p><a rel="nofollow" href="Javascript:void(0);" onclick="javascript:vote(177055);">Ͷ�Ƽ�Ʊ</a></p>
<p><a rel="nofollow" href="Javascript:void(0);" onclick="javascript:addbookcase(177055);">�������</a></p>
</li>
</ul>
</div>
  </tr>
<tr>
<div class="storelistbt5"> 
<ul>
<li class="storelistbt5a">
<a href="http://www.80ge.info/txtxz/190661.html" target="_blank"><img src="http://img.80ge.info/190/190661/190661s.jpg" title="��ȱ����"></a>
<a href="http://www.80ge.info/txtxz/190661.html" title="��ȱ����TXTȫ������" class="bookname" target="_blank">����ȱ������TXT����</a><span class="bookdata">�ܵ����0</span>
<p>���ߣ�<a href="/author/��������/" target="_blank">��������</a>���ࣺ��������</p>
<p>    ��û���ԵĲм����ܡ������۵ľ�֢���顿    HE    һ����ı������Ф�죬ǩ�ָ����ܳسǽ�֫��    �������⣬���ű��ѡ�    �سǺ�Ф��ؽ��˳��д塣    С����Ϊ��������ܣ������ӵ㹤�����湤����� ...</p>
<p>״̬:<span class="strong green">������</span> ����:24-07-28 �����½�:��91��С����ȥ���� </p>
</li>
<li class="storelistbt5b">
<p><a href="http://www.80ge.info/txtxz/190661.html" target="_blank">TXT����</a></p>
<p><a rel="nofollow" href="Javascript:void(0);" onclick="javascript:vote(190661);">Ͷ�Ƽ�Ʊ</a></p>
<p><a rel="nofollow" href="Javascript:void(0);" onclick="javascript:addbookcase(190661);">�������</a></p>
</li>
</ul>
</div>
  </tr>
<tr>
<div class="storelistbt5"> 
<ul>
<li class="storelistbt5a">
<a href="http://www.80ge.info/txtxz/222556.html" target="_blank"><img src="http://img.80ge.info/222/222556/222556s.jpg" title="���Ĺ�Ӱ"></a>
<a href="http://www.80ge.info/txtxz/222556.html" title="���Ĺ�ӰTXTȫ������" class="bookname" target="_blank">�����Ĺ�Ӱ��TXT����</a><span class="bookdata">�ܵ����0</span>
<p>���ߣ�<a href="/author/��ä��/" target="_blank">��ä��</a>���ࣺ��ƪ�ۺ�</p>
<p>    ���Ҳ���������ɥ��ʱ�����������������͡�    �����ᣬ���ʣ����ٺ�����    ���ǵ�ʱ�򣬶������Ϊ���߱��ͨ�졣    �����������º�����ô����ϵ�������ˡ�    ֱ����˾������ϣ��Ĳ�����ʱ�������߽��� ...</p>
<p>״̬:<span class="strong green">������</span> ����:26-05-13 �����½�:76 ����ʮ���� </p>
</li>
<li class="storelistbt5b">
<p><a href="http://www.80ge.info/txtxz/222556.html" target="_blank">TXT����</a></p>
<p><a rel="nofollow" href="Javascript:void(0);" onclick="javascript:vote(222556);">Ͷ�Ƽ�Ʊ</a></p>
<p><a rel="nofollow" href="Javascript:void(0);" onclick="javascript:addbookcase(222556);">�������</a></p>
</li>
</ul>
</div>
  </tr>
<tr>
<div class="storelistbt5"> 
<ul>
<li class="storelistbt5a">
<a href="http://www.80ge.info/txtxz/204788.html" target="_blank"><img src="http://img.80ge.info/modules/article/images/nocover.jpg" title="�����ɶ�����봣����������"></a>
<a href="http://www.80ge.info/txtxz/204788.html" title="�����ɶ�����봣����������TXTȫ������" class="bookname" target="_blank">�������ɶ�����봣������������TXT����</a><span class="bookdata">�ܵ����0</span>
<p>���ߣ�<a href="/author/СС��ˢ��/" target="_blank">СС��ˢ��</a>���ࣺ�������</p>
<p>    ������ǿ��+ɱ������+������+��ħ����+�Ƚ���    ���ĺ������⴩����ħ���磬��ħū�������ΪѪʳ��    ���������۾�������λ��Ů��ԭ��Ϊ���Լ��Ĵ��죬û�뵽������ɼ��գ�    �����Ů�˶����Լ����������� ...</p>
<p>״̬:<span class="strong green">������</span> ����:25-07-23 �����½�:��232�£������Ͻ� </p>
</li>
<li class="storelistbt5b">
<p><a href="http://www.80ge.info/txtxz/204788.html" target="_blank">TXT����</a></p>
<p><a rel="nofollow" href="Javascript:void(0);" onclick="javascript:vote(204788);">Ͷ�Ƽ�Ʊ</a></p>
<p><a rel="nofollow" href="Javascript:void(0);" onclick="javascript:addbookcase(204788);">�������</a></p>
</li>
</ul>
</div>
  </tr>
<tr>
<div class="storelistbt5"> 
<ul>
<li class="storelistbt5a">
<a href="http://www.80ge.info/txtxz/224628.html" target="_blank"><img src="http://img.80ge.info/224/224628/224628s.jpg" title="һ������ͷ�ӣ�˭����װ��������"></a>
<a href="http://www.80ge.info/txtxz/224628.html" title="һ������ͷ�ӣ�˭����װ��������TXTȫ������" class="bookname" target="_blank">��һ������ͷ�ӣ�˭����װ�������ˡ�TXT����</a><span class="bookdata">�ܵ����0</span>
<p>���ߣ�<a href="/author/���ҳ�/" target="_blank">���ҳ�</a>���ࣺ�������</p>
<p>    ��һ�����ˣ����������ڣ����Ϸ�����ô����ȥ������    ��������ĳ������Ĭ����û������������Ц�ø��軵�ˡ�    ��ÿ���ճ�ɨ��������ҩ������ñ�˭���͵���    ��˽���£����ѷϵ���������Һ���ѽ��䡰��ľ�괺 ...</p>
<p>״̬:<span class="strong green">������</span> ����:26-08-14 �����½�:��28�� ��ʦ�֣���Ĭ������� </p>
</li>
<li class="storelistbt5b">
<p><a href="http://www.80ge.info/txtxz/224628.html" target="_blank">TXT����</a></p>
<p><a rel="nofollow" href="Javascript:void(0);" onclick="javascript:vote(224628);">Ͷ�Ƽ�Ʊ</a></p>
<p><a rel="nofollow" href="Javascript:void(0);" onclick="javascript:addbookcase(224628);">�������</a></p>
</li>
</ul>
</div>
  </tr>
<tr>
<div class="storelistbt5"> 
<ul>
<li class="storelistbt5a">
<a href="http://www.80ge.info/txtxz/212554.html" target="_blank"><img src="http://img.80ge.info/212/212554/212554s.jpg" title="�ֲ��Ĳ��������������������"></a>
<a href="http://www.80ge.info/txtxz/212554.html" title="�ֲ��Ĳ��������������������TXTȫ������" class="bookname" target="_blank">���ֲ��Ĳ�������������������š�TXT����</a><span class="bookdata">�ܵ����0</span>
<p>���ߣ�<a href="/author/��ש��/" target="_blank">��ש��</a>���ࣺ��ƪ�ۺ�</p>
<p>    ��ŵ�괩��硣    ��������������˶��л�����ְҵѡ��    Ψ�г�Ϊתְ��!������ǿ!�����Ӷ��µ�����!ͻ��������򲻶Ͻ���������վ������֮��!    ��ŵ:����ֻ��һ��F�������鷨ʦ��?    ϵͳ:�� ...</p>
<p>״̬:<span class="strong green">������</span> ����:25-10-23 �����½�:��һ�� ��54�� �㻰��࣡ </p>
</li>
<li class="storelistbt5b">
<p><a href="http://www.80ge.info/txtxz/212554.html" target="_blank">TXT����</a></p>
<p><a rel="nofollow" href="Javascript:void(0);" onclick="javascript:vote(212554);">Ͷ�Ƽ�Ʊ</a></p>
<p><a rel="nofollow" href="Javascript:void(0);" onclick="javascript:addbookcase(212554);">�������</a></p>
</li>
</ul>
</div>
  </tr>
<tr>
<div class="storelistbt5"> 
<ul>
<li class="storelistbt5a">
<a href="http://www.80ge.info/txtxz/118428.html" target="_blank"><img src="http://img.80ge.info/118/118428/118428s.jpg" title="���ɵĹ�Ԣ"></a>
<a href="http://www.80ge.info/txtxz/118428.html" title="���ɵĹ�ԢTXTȫ������" class="bookname" target="_blank">�����ɵĹ�Ԣ��TXT����</a><span class="bookdata">�ܵ����282</span>
<p>���ߣ�<a href="/author/��Ⱦ���/" target="_blank">��Ⱦ���</a>���ࣺ��������</p>
<p>    ���Ľ�����һ�����˻��������ǰ�����е����У���ĸ���е�������38��Ĵ��壡    ��ϣ��������һ�����У��ػ������������µĳ��У���ס����6���˺���ĸ�ʽ��Ԣ��    ���Ǹ�����������С��ʿ���¶�С������ϲ��С��� ...</p>
<p>״̬:<span class="strong green">������</span> ����:20-06-04 �����½�:�ڶ�ʮһ�� ����һ�����Ī����ĸ�� </p>
</li>
<li class="storelistbt5b">
<p><a href="http://www.80ge.info/txtxz/118428.html" target="_blank">TXT����</a></p>
<p><a rel="nofollow" href="Javascript:void(0);" onclick="javascript:vote(118428);">Ͷ�Ƽ�Ʊ</a></p>
<p><a rel="nofollow" href="Javascript:void(0);" onclick="javascript:addbookcase(118428);">�������</a></p>
</li>
</ul>
</div>
  </tr>
<tr>
<div class="storelistbt5"> 
<ul>
<li class="storelistbt5a">
<a href="http://www.80ge.info/txtxz/118858.html" target="_blank"><img src="http://img.80ge.info/118/118858/118858s.jpg" title="��õ�����"></a>
<a href="http://www.80ge.info/txtxz/118858.html" title="��õ�����TXTȫ������" class="bookname" target="_blank">����õ����ɡ�TXT����</a><span class="bookdata">�ܵ����208</span>
<p>���ߣ�<a href="/author/ֽ��ʪ��/" target="_blank">ֽ��ʪ��</a>���ࣺ�������</p>
<p>    ����������δû�䣬�����ֵ������ٴ����������Ŀ��Ͷ�������һ�Σ��������ֻ���Σ� ...</p>
<p>״̬:<span class="strong green">������</span> ����:20-06-05 �����½�:�ھ��� ��ǿ�� </p>
</li>
<li class="storelistbt5b">
<p><a href="http://www.80ge.info/txtxz/118858.html" target="_blank">TXT����</a></p>
<p><a rel="nofollow" href="Javascript:void(0);" onclick="javascript:vote(118858);">Ͷ�Ƽ�Ʊ</a></p>
<p><a rel="nofollow" href="Javascript:void(0);" onclick="javascript:addbookcase(118858);">�������</a></p>
</li>
</ul>
</div>
  </tr>
<tr>
<div class="storelistbt5"> 
<ul>
<li class="storelistbt5a">
<a href="http://www.80ge.info/txtxz/80066.html" target="_blank"><img src="http://img.80ge.info/80/80066/80066s.jpg" title="�������ľ���"></a>
<a href="http://www.80ge.info/txtxz/80066.html" title="�������ľ���TXTȫ������" class="bookname" target="_blank">���������ľ��꡷TXT����</a><span class="bookdata">�ܵ����1849</span>
<p>���ߣ�<a href="/author/��ϣ��/" target="_blank">��ϣ��</a>���ࣺ���л���</p>
<p>    ����Ϊ��������˽��������Ϊ����Ů������ƫƫ������������cp���������ڵ�˽�������Ƕ��İ�С����ڵ����������������а��һЦ����ֻ����������ĸ̥���������������̸�����ĳ嶯�������������ҵ���ů��    �������� ...</p>
<p>״̬:<span class="strong green">������</span> ����:18-08-14 �����½�:��ʮһ�� �Ҹ����Լ���ȡ </p>
</li>
<li class="storelistbt5b">
<p><a href="http://www.80ge.info/txtxz/80066.html" target="_blank">TXT����</a></p>
<p><a rel="nofollow" href="Javascript:void(0);" onclick="javascript:vote(80066);">Ͷ�Ƽ�Ʊ</a></p>
<p><a rel="nofollow" href="Javascript:void(0);" onclick="javascript:addbookcase(80066);">�������</a></p>
</li>
</ul>
</div>
  </tr>
<tr>
<div class="storelistbt5"> 
<ul>
<li class="storelistbt5a">
<a href="http://www.80ge.info/txtxz/80076.html" target="_blank"><img src="http://img.80ge.info/80/80076/80076s.jpg" title="����������"></a>
<a href="http://www.80ge.info/txtxz/80076.html" title="����������TXTȫ������" class="bookname" target="_blank">�����������㡷TXT����</a><span class="bookdata">�ܵ����3114</span>
<p>���ߣ�<a href="/author/����/" target="_blank">����</a>���ࣺ���л���</p>
<p>    ����������˵��������ҵĲ��ǽ�鵱���������ܣ����Ǳ�˦��������һҹ��ϲ��������    ����������ʦ&˫���ܲ� ...</p>
<p>״̬:<span class="strong green">������</span> ����:19-03-27 �����½�:�ڶ�������� ����һ�� </p>
</li>
<li class="storelistbt5b">
<p><a href="http://www.80ge.info/txtxz/80076.html" target="_blank">TXT����</a></p>
<p><a rel="nofollow" href="Javascript:void(0);" onclick="javascript:vote(80076);">Ͷ�Ƽ�Ʊ</a></p>
<p><a rel="nofollow" href="Javascript:void(0);" onclick="javascript:addbookcase(80076);">�������</a></p>
</li>
</ul>
</div>
  </tr>
<tr>
<div class="storelistbt5"> 
<ul>
<li class="storelistbt5a">
<a href="http://www.80ge.info/txtxz/94698.html" target="_blank"><img src="http://img.80ge.info/94/94698/94698s.jpg" title="����С�Ļ�"></a>
<a href="http://www.80ge.info/txtxz/94698.html" title="����С�Ļ�TXTȫ������" class="bookname" target="_blank">������С�Ļ���TXT����</a><span class="bookdata">�ܵ����1106</span>
<p>���ߣ�<a href="/author/İСͼ/" target="_blank">İСͼ</a>���ࣺ���л���</p>
<p>    ½����һֱ��Ϊ���Ǹ�˵�Ż���һ�������չ����������������ɵ�Ů�ˣ�����ķ������ɡ�    ֱ����һ�죬��Ϊ����һ�����ˣ�����˵����½���ϣ��ҵ��ˣ��ҵ���������ģ���������ɡ������������������°ͣ���ŭ��Ц��     ...</p>
<p>״̬:<span class="strong green">������</span> ����:19-04-22 �����½�:044 �ҷ���� </p>
</li>
<li class="storelistbt5b">
<p><a href="http://www.80ge.info/txtxz/94698.html" target="_blank">TXT����</a></p>
<p><a rel="nofollow" href="Javascript:void(0);" onclick="javascript:vote(94698);">Ͷ�Ƽ�Ʊ</a></p>
<p><a rel="nofollow" href="Javascript:void(0);" onclick="javascript:addbookcase(94698);">�������</a></p>
</li>
</ul>
</div>
  </tr>
<tr>
<div class="storelistbt5"> 
<ul>
<li class="storelistbt5a">
<a href="http://www.80ge.info/txtxz/123781.html" target="_blank"><img src="http://img.80ge.info/123/123781/123781s.jpg" title="����Сèצ"></a>
<a href="http://www.80ge.info/txtxz/123781.html" title="����СèצTXTȫ������" class="bookname" target="_blank">������Сèצ��TXT����</a><span class="bookdata">�ܵ����198</span>
<p>���ߣ�<a href="/author/�����/" target="_blank">�����</a>���ࣺ��ƪ�ۺ�</p>
<p>    ������֪���Ǽ�Ѿͷ�Ǳ��ǼҴ�С�赽��ģ��첻�µز��£������棬û�뵽ͻȻ��һ���Ǽ�С�����̲μӸ���ᣬ��Ȼ�����ؼ���ү���棬����ǿ�������ߣ�    ��ǳ���Ĵ�¶�����������ǵģ���Ը�ⱻ�ث\ǣ���ߣ�    �������� ...</p>
<p>״̬:<span class="strong green">������</span> ����:22-09-02 �����½�:��155�� ��ÿ� </p>
</li>
<li class="storelistbt5b">
<p><a href="http://www.80ge.info/txtxz/123781.html" target="_blank">TXT����</a></p>
<p><a rel="nofollow" href="Javascript:void(0);" onclick="javascript:vote(123781);">Ͷ�Ƽ�Ʊ</a></p>
<p><a rel="nofollow" href="Javascript:void(0);" onclick="javascript:addbookcase(123781);">�������</a></p>
</li>
</ul>
</div>
  </tr>
<tr>
<div class="storelistbt5"> 
<ul>
<li class="storelistbt5a">
<a href="http://www.80ge.info/txtxz/169139.html" target="_blank"><img src="http://img.80ge.info/169/169139/169139s.jpg" title="����ִ��"></a>
<a href="http://www.80ge.info/txtxz/169139.html" title="����ִ��TXTȫ������" class="bookname" target="_blank">������ִ�TXT����</a><span class="bookdata">�ܵ����50</span>
<p>���ߣ�<a href="/author/һ������/" target="_blank">һ������</a>���ࣺ��������</p>
<p>    ���������ڳ������ʣ�����˦���ң�����������������������Ц������������ˣ������𣿡�����Ļ���Ҳ��ʯ�ĳ���    �������ۿ���������Ѫ���У�Ҳ�޶����ԣ�������֮�����������Կգ�������ա�    �������ܴǽ����� ...</p>
<p>״̬:<span class="strong green">������</span> ����:23-04-13 �����½�:��120�� ���� </p>
</li>
<li class="storelistbt5b">
<p><a href="http://www.80ge.info/txtxz/169139.html" target="_blank">TXT����</a></p>
<p><a rel="nofollow" href="Javascript:void(0);" onclick="javascript:vote(169139);">Ͷ�Ƽ�Ʊ</a></p>
<p><a rel="nofollow" href="Javascript:void(0);" onclick="javascript:addbookcase(169139);">�������</a></p>
</li>
</ul>
</div>
  </tr>
<tr>
<div class="storelistbt5"> 
<ul>
<li class="storelistbt5a">
<a href="http://www.80ge.info/txtxz/198306.html" target="_blank"><img src="http://img.80ge.info/198/198306/198306s.jpg" title="�������[����]"></a>
<a href="http://www.80ge.info/txtxz/198306.html" title="�������[����]TXTȫ������" class="bookname" target="_blank">���������[����]��TXT����</a><span class="bookdata">�ܵ����0</span>
<p>���ߣ�<a href="/author/����ʫ/" target="_blank">����ʫ</a>���ࣺ��ƪ�ۺ�</p>
<p>    ����һ��д�����ճ�ʪ����12���³����� ����ղء���    -    ��ǰ��Ů�����У�������׷Ů��    ���ܲá�ͬ������Ա��    -1-    �������꣬��ͷ�����������Ψһ����Ȥ�������ռǱ���д����������� ...</p>
<p>״̬:<span class="strong blue">�����</span> ����:25-02-14 �����½�:65 ���˽ڷ��� </p>
</li>
<li class="storelistbt5b">
<p><a href="http://www.80ge.info/txtxz/198306.html" target="_blank">TXT����</a></p>
<p><a rel="nofollow" href="Javascript:void(0);" onclick="javascript:vote(198306);">Ͷ�Ƽ�Ʊ</a></p>
<p><a rel="nofollow" href="Javascript:void(0);" onclick="javascript:addbookcase(198306);">�������</a></p>
</li>
</ul>
</div>
  </tr>
<tr>
<div class="storelistbt5"> 
<ul>
<li class="storelistbt5a">
<a href="http://www.80ge.info/txtxz/185235.html" target="_blank"><img src="http://img.80ge.info/185/185235/185235s.jpg" title="����Ů����"></a>
<a href="http://www.80ge.info/txtxz/185235.html" title="����Ů����TXTȫ������" class="bookname" target="_blank">������Ů���ǡ�TXT����</a><span class="bookdata">�ܵ����0</span>
<p>���ߣ�<a href="/author/ѩ��ɽ��/" target="_blank">ѩ��ɽ��</a>���ࣺ��ƪ�ۺ�</p>
<p>    ��Ԥ�ա����Ķ��꡷���ղ� /vb��@ѩ��ɽ��_��    1.    ������Ȩ�˽�������͵�������ȴ��һ��ŦԼ���ӵ������գ�������ȫ����    ���Ѹ�̾������˧�ֶ�𣬺���Ľ��δ�����Ű�����    ����ʵ������ ...</p>
<p>״̬:<span class="strong blue">�����</span> ����:24-03-02 �����½�:80 �»� </p>
</li>
<li class="storelistbt5b">
<p><a href="http://www.80ge.info/txtxz/185235.html" target="_blank">TXT����</a></p>
<p><a rel="nofollow" href="Javascript:void(0);" onclick="javascript:vote(185235);">Ͷ�Ƽ�Ʊ</a></p>
<p><a rel="nofollow" href="Javascript:void(0);" onclick="javascript:addbookcase(185235);">�������</a></p>
</li>
</ul>
</div>
  </tr>
<tr>
<div class="storelistbt5"> 
<ul>
<li class="storelistbt5a">
<a href="http://www.80ge.info/txtxz/162934.html" target="_blank"><img src="http://img.80ge.info/162/162934/162934s.jpg" title="�޷����ܵ���"></a>
<a href="http://www.80ge.info/txtxz/162934.html" title="�޷����ܵ���TXTȫ������" class="bookname" target="_blank">���޷����ܵ�����TXT����</a><span class="bookdata">�ܵ����560</span>
<p>���ߣ�<a href="/author/��������/" target="_blank">��������</a>���ࣺ��ƪ�ۺ�</p>
<p>    ���Ʊ����ˣ�ŭ˦���С��������ջغ��ٲ������׸��ˡ�����ô���α���ô���档    ����ƫҪ���Ƶ��ģ�����ͼ֮�����㣺��Ҫ��Ҫ����̸���������ø�������֡������ƣ��������á���������    ���㣺���㲻���Ҹ���û��ϵ�� ...</p>
<p>״̬:<span class="strong blue">�����</span> ����:22-07-20 �����½�:������ </p>
</li>
<li class="storelistbt5b">
<p><a href="http://www.80ge.info/txtxz/162934.html" target="_blank">TXT����</a></p>
<p><a rel="nofollow" href="Javascript:void(0);" onclick="javascript:vote(162934);">Ͷ�Ƽ�Ʊ</a></p>
<p><a rel="nofollow" href="Javascript:void(0);" onclick="javascript:addbookcase(162934);">�������</a></p>
</li>
</ul>
</div>
  </tr>
<tr>
<div class="storelistbt5"> 
<ul>
<li class="storelistbt5a">
<a href="http://www.80ge.info/txtxz/164117.html" target="_blank"><img src="http://img.80ge.info/164/164117/164117s.jpg" title="����ҫ�۵���"></a>
<a href="http://www.80ge.info/txtxz/164117.html" title="����ҫ�۵���TXTȫ������" class="bookname" target="_blank">������ҫ�۵�����TXT����</a><span class="bookdata">�ܵ����106</span>
<p>���ߣ�<a href="/author/Զ��/" target="_blank">Զ��</a>���ࣺ��ƪ�ۺ�</p>
<p>    ½����Ϊһ���ز�ȥ���ˣ���Ե֮�£��������ٻص���ȥ��ʱ���������꣬����ȥ��ʱ������������ഺ���Ǹ���С��������������������������£��þ�ȫ���ֲ���ʮ������ʱ���ź������ǣ����ı������У���������ʱ�޵�������׬���� ...</p>
<p>״̬:<span class="strong green">������</span> ����:22-08-31 �����½�:��������ܶ�ɰ����� </p>
</li>
<li class="storelistbt5b">
<p><a href="http://www.80ge.info/txtxz/164117.html" target="_blank">TXT����</a></p>
<p><a rel="nofollow" href="Javascript:void(0);" onclick="javascript:vote(164117);">Ͷ�Ƽ�Ʊ</a></p>
<p><a rel="nofollow" href="Javascript:void(0);" onclick="javascript:addbookcase(164117);">�������</a></p>
</li>
</ul>
</div>
  </tr>
<tr>
<div class="storelistbt5"> 
<ul>
<li class="storelistbt5a">
<a href="http://www.80ge.info/txtxz/164533.html" target="_blank"><img src="http://img.80ge.info/164/164533/164533s.jpg" title="����������"></a>
<a href="http://www.80ge.info/txtxz/164533.html" title="����������TXTȫ������" class="bookname" target="_blank">�����������ۡ�TXT����</a><span class="bookdata">�ܵ����375</span>
<p>���ߣ�<a href="/author/����/" target="_blank">����</a>���ࣺ��ƪ�ۺ�</p>
<p>    �������Ҫ��ûǮ����Ů��ϲ�������ûǮ������һ��ʼ�ͳ���������ȥ�β���ƫ����Ҳ��bug��ץ�治���� ...</p>
<p>״̬:<span class="strong blue">�����</span> ����:20-06-16 �����½�:90.��� </p>
</li>
<li class="storelistbt5b">
<p><a href="http://www.80ge.info/txtxz/164533.html" target="_blank">TXT����</a></p>
<p><a rel="nofollow" href="Javascript:void(0);" onclick="javascript:vote(164533);">Ͷ�Ƽ�Ʊ</a></p>
<p><a rel="nofollow" href="Javascript:void(0);" onclick="javascript:addbookcase(164533);">�������</a></p>
</li>
</ul>
</div>
  </tr>
<tr>
<div class="storelistbt5"> 
<ul>
<li class="storelistbt5a">
<a href="http://www.80ge.info/txtxz/165132.html" target="_blank"><img src="http://img.80ge.info/165/165132/165132s.jpg" title="��ҫ��������"></a>
<a href="http://www.80ge.info/txtxz/165132.html" title="��ҫ��������TXTȫ������" class="bookname" target="_blank">����ҫ����������TXT����</a><span class="bookdata">�ܵ����159</span>
<p>���ߣ�<a href="/author/ȡ�������/" target="_blank">ȡ�������</a>���ࣺ��������</p>
<p>    HY�������߲�ϲ���� ...</p>
<p>״̬:<span class="strong green">������</span> ����:23-01-28 �����½�:��ʮ���� ̽�� </p>
</li>
<li class="storelistbt5b">
<p><a href="http://www.80ge.info/txtxz/165132.html" target="_blank">TXT����</a></p>
<p><a rel="nofollow" href="Javascript:void(0);" onclick="javascript:vote(165132);">Ͷ�Ƽ�Ʊ</a></p>
<p><a rel="nofollow" href="Javascript:void(0);" onclick="javascript:addbookcase(165132);">�������</a></p>
</li>
</ul>
</div>
  </tr>
<tr>
<div class="storelistbt5"> 
<ul>
<li class="storelistbt5a">
<a href="http://www.80ge.info/txtxz/186883.html" target="_blank"><img src="http://img.80ge.info/186/186883/186883s.jpg" title="�������ᵶ"></a>
<a href="http://www.80ge.info/txtxz/186883.html" title="�������ᵶTXTȫ������" class="bookname" target="_blank">���������ᵶ��TXT����</a><span class="bookdata">�ܵ����0</span>
<p>���ߣ�<a href="/author/����������/" target="_blank">����������</a>���ࣺ��������</p>
<p>    ������꣬��Ը��û��������Ԩ���ġ���ֻ�յ�С�����ƵĶ��ţ����ŵĻ���Ͷ��ؿշ��ļ�į��    ���ڣ����ҸͶ��𣬲����ˡ�С��ˣ�����������Ϲ����죬�������ӽ�����������ť��»��Ը�� ...</p>
<p>״̬:<span class="strong green">������</span> ����:24-11-01 �����½�:��978�� ���� </p>
</li>
<li class="storelistbt5b">
<p><a href="http://www.80ge.info/txtxz/186883.html" target="_blank">TXT����</a></p>
<p><a rel="nofollow" href="Javascript:void(0);" onclick="javascript:vote(186883);">Ͷ�Ƽ�Ʊ</a></p>
<p><a rel="nofollow" href="Javascript:void(0);" onclick="javascript:addbookcase(186883);">�������</a></p>
</li>
</ul>
</div>
  </tr>
<tr>
<div class="storelistbt5"> 
<ul>
<li class="storelistbt5a">
<a href="http://www.80ge.info/txtxz/190706.html" target="_blank"><img src="http://img.80ge.info/190/190706/190706s.jpg" title="�������Ĺ���"></a>
<a href="http://www.80ge.info/txtxz/190706.html" title="�������Ĺ���TXTȫ������" class="bookname" target="_blank">���������Ĺ��¡�TXT����</a><span class="bookdata">�ܵ����0</span>
<p>���ߣ�<a href="/author/���/" target="_blank">���</a>���ࣺ��ƪ�ۺ�</p>
<p>    �������еĽ����ѧ�У������˳�֮Ϊ�����˧���������������ഺ�����ɰ��ĳ������һ�������ˣ�����һ�����飬�������е��Ƿݸ���Ҫ��α��ʹ�����˶������ѡ��� ...</p>
<p>״̬:<span class="strong green">������</span> ����:24-06-22 �����½�:����ĸ </p>
</li>
<li class="storelistbt5b">
<p><a href="http://www.80ge.info/txtxz/190706.html" target="_blank">TXT����</a></p>
<p><a rel="nofollow" href="Javascript:void(0);" onclick="javascript:vote(190706);">Ͷ�Ƽ�Ʊ</a></p>
<p><a rel="nofollow" href="Javascript:void(0);" onclick="javascript:addbookcase(190706);">�������</a></p>
</li>
</ul>
</div>
  </tr>
<tr>
<div class="storelistbt5"> 
<ul>
<li class="storelistbt5a">
<a href="http://www.80ge.info/txtxz/222179.html" target="_blank"><img src="http://img.80ge.info/222/222179/222179s.jpg" title="����ʢ������"></a>
<a href="http://www.80ge.info/txtxz/222179.html" title="����ʢ������TXTȫ������" class="bookname" target="_blank">������ʢ��������TXT����</a><span class="bookdata">�ܵ����0</span>
<p>���ߣ�<a href="/author/��֥֮/" target="_blank">��֥֮</a>���ࣺ��ƪ�ۺ�</p>
<p>    ���ɲ���VS����ק��\n΢Ⱥ��+˫�����+�ճ�����+ϸˮ����\n̸˹��Ϊ����Ʀ�ֿ���������һ�Ŷ���Ƥ�ң�����ɢ����������ԣ���ѧУ�ﵱ֮�����ķ�������\n����תѧ��������һ�У��������Ǹ������Ů������ѧ�ͳ����� ...</p>
<p>״̬:<span class="strong blue">�����</span> ����:26-05-23 �����½�:���� �»�֮ҹ(��) </p>
</li>
<li class="storelistbt5b">
<p><a href="http://www.80ge.info/txtxz/222179.html" target="_blank">TXT����</a></p>
<p><a rel="nofollow" href="Javascript:void(0);" onclick="javascript:vote(222179);">Ͷ�Ƽ�Ʊ</a></p>
<p><a rel="nofollow" href="Javascript:void(0);" onclick="javascript:addbookcase(222179);">�������</a></p>
</li>
</ul>
</div>
  </tr>
<tr>
<div class="storelistbt5"> 
<ul>
<li class="storelistbt5a">
<a href="http://www.80ge.info/txtxz/17555.html" target="_blank"><img src="http://img.80ge.info/17/17555/17555s.jpg" title="ȥ����ү��"></a>
<a href="http://www.80ge.info/txtxz/17555.html" title="ȥ����ү��TXTȫ������" class="bookname" target="_blank">��ȥ����ү�ġ�TXT����</a><span class="bookdata">�ܵ����3455</span>
<p>���ߣ�<a href="/author/�������̫����/" target="_blank">�������̫����</a>���ࣺ��������</p>
<p>    �ٴ�̤���ձ������Ѿ���ʮ���꣬ʮ��Ĺ�����Ȼ���������뱻��߶������ס�ڼ����ҡ�ȴ���룬ײ��һ��СŮ�������䱧�ȽС����衱�����ϲ�С���ߴ���䣬������ʱ��Ļ��ȡ�ĺ�Ļ�ͷ���ڳ�����װ�ľ����￴���������ݵ���Ů�� ...</p>
<p>״̬:<span class="strong blue">�����</span> ����:17-07-27 �����½�:42 </p>
</li>
<li class="storelistbt5b">
<p><a href="http://www.80ge.info/txtxz/17555.html" target="_blank">TXT����</a></p>
<p><a rel="nofollow" href="Javascript:void(0);" onclick="javascript:vote(17555);">Ͷ�Ƽ�Ʊ</a></p>
<p><a rel="nofollow" href="Javascript:void(0);" onclick="javascript:addbookcase(17555);">�������</a></p>
</li>
</ul>
</div>
  </tr>
<tr>
<div class="storelistbt5"> 
<ul>
<li class="storelistbt5a">
<a href="http://www.80ge.info/txtxz/95104.html" target="_blank"><img src="http://img.80ge.info/95/95104/95104s.jpg" title="�������Ĺ���"></a>
<a href="http://www.80ge.info/txtxz/95104.html" title="�������Ĺ���TXTȫ������" class="bookname" target="_blank">���������Ĺ��¡�TXT����</a><span class="bookdata">�ܵ����6313</span>
<p>���ߣ�<a href="/author/Ÿ��/" target="_blank">Ÿ��</a>���ࣺ���л���</p>
<p>    ������ʼ��ʧȥ�����ڲ��䡣 ...</p>
<p>״̬:<span class="strong blue">�����</span> ����:19-04-08 �����½�:���ڲ��� </p>
</li>
<li class="storelistbt5b">
<p><a href="http://www.80ge.info/txtxz/95104.html" target="_blank">TXT����</a></p>
<p><a rel="nofollow" href="Javascript:void(0);" onclick="javascript:vote(95104);">Ͷ�Ƽ�Ʊ</a></p>
<p><a rel="nofollow" href="Javascript:void(0);" onclick="javascript:addbookcase(95104);">�������</a></p>
</li>
</ul>
</div>
  </tr>
<tr>
<div class="storelistbt5"> 
<ul>
<li class="storelistbt5a">
<a href="http://www.80ge.info/txtxz/112600.html" target="_blank"><img src="http://img.80ge.info/112/112600/112600s.jpg" title="����С����"></a>
<a href="http://www.80ge.info/txtxz/112600.html" title="����С����TXTȫ������" class="bookname" target="_blank">������С���ޡ�TXT����</a><span class="bookdata">�ܵ����2278</span>
<p>���ߣ�<a href="/author/��������/" target="_blank">��������</a>���ࣺ��ƪ�ۺ�</p>
<p>    �����豾��ة�ฮǧ�����������һ���ٻ����󣬲����ڳ���ǰϦ��������ˮ����Խ�����ִ���    ���谲�����ھӼ��Ǹ������ñǿ׿��˵Ĵ�С���Ȼ�������߶߶����������Ȼֱ�����ɣ����û�������һ��У���ŵ���Ķ��ӡ�  ...</p>
<p>״̬:<span class="strong green">������</span> ����:20-04-01 �����½�:����ʮ���� ������ջ� </p>
</li>
<li class="storelistbt5b">
<p><a href="http://www.80ge.info/txtxz/112600.html" target="_blank">TXT����</a></p>
<p><a rel="nofollow" href="Javascript:void(0);" onclick="javascript:vote(112600);">Ͷ�Ƽ�Ʊ</a></p>
<p><a rel="nofollow" href="Javascript:void(0);" onclick="javascript:addbookcase(112600);">�������</a></p>
</li>
</ul>
</div>
  </tr>
<tr>
<div class="storelistbt5"> 
<ul>
<li class="storelistbt5a">
<a href="http://www.80ge.info/txtxz/153182.html" target="_blank"><img src="http://img.80ge.info/153/153182/153182s.jpg" title="���Ļ�����"></a>
<a href="http://www.80ge.info/txtxz/153182.html" title="���Ļ�����TXTȫ������" class="bookname" target="_blank">�����Ļ����ǡ�TXT����</a><span class="bookdata">�ܵ����333</span>
<p>���ߣ�<a href="/author/������/" target="_blank">������</a>���ࣺ������Ϸ</p>
<p>    ������ү�������£�����׿�������˸ҿ�����ĳ�գ��ں��ѼҵĻ��ȿ�Ļ�У������Ƽ�����ү��߸��Ÿ�����������Σ��鶯���١�    һ���������������մ�ϲ��������ǽ�����ү���϶��˵���ϱ�������Ǳ�����ү����������ġ� ...</p>
<p>״̬:<span class="strong green">������</span> ����:22-09-07 �����½�:���İ���ʮ���� �������ˣ��ʹ��ս� </p>
</li>
<li class="storelistbt5b">
<p><a href="http://www.80ge.info/txtxz/153182.html" target="_blank">TXT����</a></p>
<p><a rel="nofollow" href="Javascript:void(0);" onclick="javascript:vote(153182);">Ͷ�Ƽ�Ʊ</a></p>
<p><a rel="nofollow" href="Javascript:void(0);" onclick="javascript:addbookcase(153182);">�������</a></p>
</li>
</ul>
</div>
  </tr>
<tr>
<div class="storelistbt5"> 
<ul>
<li class="storelistbt5a">
<a href="http://www.80ge.info/txtxz/153264.html" target="_blank"><img src="http://img.80ge.info/153/153264/153264s.jpg" title="����Σ�յ���"></a>
<a href="http://www.80ge.info/txtxz/153264.html" title="����Σ�յ���TXTȫ������" class="bookname" target="_blank">������Σ�յ�����TXT����</a><span class="bookdata">�ܵ����188</span>
<p>���ߣ�<a href="/author/��ˮ����/" target="_blank">��ˮ����</a>���ࣺ��ƪ�ۺ�</p>
<p>    ������ˣ���ȴ���Ų�Ϊ��֪�����ܡ� ...</p>
<p>״̬:<span class="strong green">������</span> ����:22-05-29 �����½�:��һ������� ��Ե�ٻ� </p>
</li>
<li class="storelistbt5b">
<p><a href="http://www.80ge.info/txtxz/153264.html" target="_blank">TXT����</a></p>
<p><a rel="nofollow" href="Javascript:void(0);" onclick="javascript:vote(153264);">Ͷ�Ƽ�Ʊ</a></p>
<p><a rel="nofollow" href="Javascript:void(0);" onclick="javascript:addbookcase(153264);">�������</a></p>
</li>
</ul>
</div>
  </tr>
<tr>
<div class="storelistbt5"> 
<ul>
<li class="storelistbt5a">
<a href="http://www.80ge.info/txtxz/93685.html" target="_blank"><img src="http://img.80ge.info/93/93685/93685s.jpg" title="������������"></a>
<a href="http://www.80ge.info/txtxz/93685.html" title="������������TXTȫ������" class="bookname" target="_blank">����������������TXT����</a><span class="bookdata">�ܵ����511</span>
<p>���ߣ�<a href="/author/�¼�ޱ/" target="_blank">�¼�ޱ</a>���ࣺ���л���</p>
<p>    &#12288;&#12288;��Դ�����ġ�����������������С�������ڸ���ǰ�������ĵĵ����ţ�������һ�ֵ��������ˣ�    ������������ÿһ���ں������ꡣ���ǰ�����Ǽ��ѵġ��������������۵Ļ��䣬����������ȴ�� ...</p>
<p>״̬:<span class="strong green">������</span> ����:19-02-09 �����½�:������ </p>
</li>
<li class="storelistbt5b">
<p><a href="http://www.80ge.info/txtxz/93685.html" target="_blank">TXT����</a></p>
<p><a rel="nofollow" href="Javascript:void(0);" onclick="javascript:vote(93685);">Ͷ�Ƽ�Ʊ</a></p>
<p><a rel="nofollow" href="Javascript:void(0);" onclick="javascript:addbookcase(93685);">�������</a></p>
</li>
</ul>
</div>
  </tr>
<tr>
<div class="storelistbt5"> 
<ul>
<li class="storelistbt5a">
<a href="http://www.80ge.info/txtxz/138501.html" target="_blank"><img src="http://img.80ge.info/138/138501/138501s.jpg" title="�������۽�"></a>
<a href="http://www.80ge.info/txtxz/138501.html" title="�������۽�TXTȫ������" class="bookname" target="_blank">���������۽���TXT����</a><span class="bookdata">�ܵ����312</span>
<p>���ߣ�<a href="/author/����/" target="_blank">����</a>���ࣺ��ƪ�ۺ�</p>
<p>    �����䱣�û����û�谮�����ŷ���������ߣ���Į��α�ػ��ţ�ֱ������������塣    ͻ���ʣ�������ζ��뷢��ƣ�����ӡ����٣����ȴ�ǻ�����Ԯ�ְ���������    ��䱰���彿������ߣ������������ڸ��֮�У� ...</p>
<p>״̬:<span class="strong green">������</span> ����:21-07-30 �����½�:��92�� ���� </p>
</li>
<li class="storelistbt5b">
<p><a href="http://www.80ge.info/txtxz/138501.html" target="_blank">TXT����</a></p>
<p><a rel="nofollow" href="Javascript:void(0);" onclick="javascript:vote(138501);">Ͷ�Ƽ�Ʊ</a></p>
<p><a rel="nofollow" href="Javascript:void(0);" onclick="javascript:addbookcase(138501);">�������</a></p>
</li>
</ul>
</div>
  </tr>
<tr>
<div class="storelistbt5"> 
<ul>
<li class="storelistbt5a">
<a href="http://www.80ge.info/txtxz/198340.html" target="_blank"><img src="http://img.80ge.info/198/198340/198340s.jpg" title="�������Ľ���"></a>
<a href="http://www.80ge.info/txtxz/198340.html" title="�������Ľ���TXTȫ������" class="bookname" target="_blank">���������Ľ�����TXT����</a><span class="bookdata">�ܵ����0</span>
<p>���ߣ�<a href="/author/���/" target="_blank">���</a>���ࣺ��������</p>
<p>    ��ҽ�����Ҿ����Ѻ��Ӵ��ˡ���    ���ߵ���������أ��ִ�������ѹ�͵�С�������    ���ã������Ұ������ڰ���º󡣡�    ҽ�����������¹��죬���������������洫��һ����Ϥ�ĽŲ�����������ʱ��ס������Ҷ��˵� ...</p>
<p>״̬:<span class="strong green">������</span> ����:24-11-19 �����½�:�ڶ�ʮ���� </p>
</li>
<li class="storelistbt5b">
<p><a href="http://www.80ge.info/txtxz/198340.html" target="_blank">TXT����</a></p>
<p><a rel="nofollow" href="Javascript:void(0);" onclick="javascript:vote(198340);">Ͷ�Ƽ�Ʊ</a></p>
<p><a rel="nofollow" href="Javascript:void(0);" onclick="javascript:addbookcase(198340);">�������</a></p>
</li>
</ul>
</div>
  </tr>
<tr>
<div class="storelistbt5"> 
<ul>
<li class="storelistbt5a">
<a href="http://www.80ge.info/txtxz/181229.html" target="_blank"><img src="http://img.80ge.info/181/181229/181229s.jpg" title="����С�¹�"></a>
<a href="http://www.80ge.info/txtxz/181229.html" title="����С�¹�TXTȫ������" class="bookname" target="_blank">������С�¹⡷TXT����</a><span class="bookdata">�ܵ����0</span>
<p>���ߣ�<a href="/author/һ��ɳ��/" target="_blank">һ��ɳ��</a>���ࣺ��ƪ�ۺ�</p>
<p>    ��������У԰��衿\n�����鸹�ڹ�����Xɳ��ֱ��С���ġ�\n��֪�Լ����ֵܸ��Լ���������̸������ʲô��һ�����飿    \n½Ҽ��ʾ���������ܳ�ʲô����100����ˣ�99��ȫ�����ۡ�    �����㱻��ƭ������ ...</p>
<p>״̬:<span class="strong blue">�����</span> ����:25-04-14 �����½�:���� ����֮��û������ </p>
</li>
<li class="storelistbt5b">
<p><a href="http://www.80ge.info/txtxz/181229.html" target="_blank">TXT����</a></p>
<p><a rel="nofollow" href="Javascript:void(0);" onclick="javascript:vote(181229);">Ͷ�Ƽ�Ʊ</a></p>
<p><a rel="nofollow" href="Javascript:void(0);" onclick="javascript:addbookcase(181229);">�������</a></p>
</li>
</ul>
</div>
  </tr>
<tr>
<div class="storelistbt5"> 
<ul>
<li class="storelistbt5a">
<a href="http://www.80ge.info/txtxz/203679.html" target="_blank"><img src="http://img.80ge.info/203/203679/203679s.jpg" title="���Ľ���ů"></a>
<a href="http://www.80ge.info/txtxz/203679.html" title="���Ľ���ůTXTȫ������" class="bookname" target="_blank">�����Ľ���ů��TXT����</a><span class="bookdata">�ܵ����0</span>
<p>���ߣ�<a href="/author/���/" target="_blank">���</a>���ࣺ��������</p>
<p>    �����Ʋ�������ɨ�أ��������룬���Ʈ�㣬���ݾ���һ������ҵľ��������Լ�����ռ�ˡ�    ����һ�գ�ĳ�����������������ҧ���䣺����Ľһ�Ů�ˣ�����Ҫ��ôŬ����    ���ݴ𣺰�����Ľ̫̫�������ڵģ������ٺ� ...</p>
<p>״̬:<span class="strong blue">�����</span> ����:21-10-23 �����½�:��127�� </p>
</li>
<li class="storelistbt5b">
<p><a href="http://www.80ge.info/txtxz/203679.html" target="_blank">TXT����</a></p>
<p><a rel="nofollow" href="Javascript:void(0);" onclick="javascript:vote(203679);">Ͷ�Ƽ�Ʊ</a></p>
<p><a rel="nofollow" href="Javascript:void(0);" onclick="javascript:addbookcase(203679);">�������</a></p>
</li>
</ul>
</div>
  </tr>
<tr>
<div class="storelistbt5"> 
<ul>
<li class="storelistbt5a">
<a href="http://www.80ge.info/txtxz/191458.html" target="_blank"><img src="http://img.80ge.info/191/191458/191458s.jpg" title="���İ�����ӿ"></a>
<a href="http://www.80ge.info/txtxz/191458.html" title="���İ�����ӿTXTȫ������" class="bookname" target="_blank">�����İ�����ӿ��TXT����</a><span class="bookdata">�ܵ����0</span>
<p>���ߣ�<a href="/author/�����ĺ/" target="_blank">�����ĺ</a>���ࣺ��ƪ�ۺ�</p>
<p>    �����⣬���������ò���ϵͳһ�����������������ص���ʵ���硣    ��Ҫ���Ը������񣬵�ȴ����ϲ������һ���������������ʱ�򣺡�������ô�죬�����˹��¡���Σ������֮�ʣ������£��һ�һֱ������ߡ����������ڽ����� ...</p>
<p>״̬:<span class="strong green">������</span> ����:24-08-15 �����½�:�ھ�ʮ���� ������ </p>
</li>
<li class="storelistbt5b">
<p><a href="http://www.80ge.info/txtxz/191458.html" target="_blank">TXT����</a></p>
<p><a rel="nofollow" href="Javascript:void(0);" onclick="javascript:vote(191458);">Ͷ�Ƽ�Ʊ</a></p>
<p><a rel="nofollow" href="Javascript:void(0);" onclick="javascript:addbookcase(191458);">�������</a></p>
</li>
</ul>
</div>
  </tr>
<tr>
<div class="storelistbt5"> 
<ul>
<li class="storelistbt5a">
<a href="http://www.80ge.info/txtxz/163559.html" target="_blank"><img src="http://img.80ge.info/163/163559/163559s.jpg" title="����С����"></a>
<a href="http://www.80ge.info/txtxz/163559.html" title="����С����TXTȫ������" class="bookname" target="_blank">������С���顷TXT����</a><span class="bookdata">�ܵ����497</span>
<p>���ߣ�<a href="/author/������/" target="_blank">������</a>���ࣺ��ƪ�ۺ�</p>
<p>    У�Գ����ʵ���������ѧУ��֪����ÿ��������У԰���ĳ��ʱ������Ů����������������ʶ�İ�Ŀ������������ϡ�    У����Ȼ�ſ����ţ�����ȴ�����еİ�ȫ���뱣������������С�ɰ����ϡ�    ĳ�գ�У��ͻȻװ�����Ķ�С ...</p>
<p>״̬:<span class="strong blue">�����</span> ����:22-08-17 �����½�:�������ʮ���·����� </p>
</li>
<li class="storelistbt5b">
<p><a href="http://www.80ge.info/txtxz/163559.html" target="_blank">TXT����</a></p>
<p><a rel="nofollow" href="Javascript:void(0);" onclick="javascript:vote(163559);">Ͷ�Ƽ�Ʊ</a></p>
<p><a rel="nofollow" href="Javascript:void(0);" onclick="javascript:addbookcase(163559);">�������</a></p>
</li>
</ul>
</div>
  </tr>
<tr>
<div class="storelistbt5"> 
<ul>
<li class="storelistbt5a">
<a href="http://www.80ge.info/txtxz/164069.html" target="_blank"><img src="http://img.80ge.info/164/164069/164069s.jpg" title="ռ����������"></a>
<a href="http://www.80ge.info/txtxz/164069.html" title="ռ����������TXTȫ������" class="bookname" target="_blank">��ռ������������TXT����</a><span class="bookdata">�ܵ����200</span>
<p>���ߣ�<a href="/author/ǮǮ��/" target="_blank">ǮǮ��</a>���ࣺ��ƪ�ۺ�</p>
<p>    �����������µ��˶����߾��������������������������Ǳ�������������߼ң����߶�������˸���ʾ�ǳ������⣬���˶���������в��Ҫ������һ�㲻���⡣    �������Ƹ����Լ�����ȥ���⣬�ٴλ���ʱ�����Ѿ����һ��ͤͤ�� ...</p>
<p>״̬:<span class="strong green">������</span> ����:24-08-09 �����½�:71��ɵ�� </p>
</li>
<li class="storelistbt5b">
<p><a href="http://www.80ge.info/txtxz/164069.html" target="_blank">TXT����</a></p>
<p><a rel="nofollow" href="Javascript:void(0);" onclick="javascript:vote(164069);">Ͷ�Ƽ�Ʊ</a></p>
<p><a rel="nofollow" href="Javascript:void(0);" onclick="javascript:addbookcase(164069);">�������</a></p>
</li>
</ul>
</div>
  </tr>
<tr>
<div class="storelistbt5"> 
<ul>
<li class="storelistbt5a">
<a href="http://www.80ge.info/txtxz/190319.html" target="_blank"><img src="http://img.80ge.info/190/190319/190319s.jpg" title="���İ���"></a>
<a href="http://www.80ge.info/txtxz/190319.html" title="���İ���TXTȫ������" class="bookname" target="_blank">�����İ�����TXT����</a><span class="bookdata">�ܵ����0</span>
<p>���ߣ�<a href="/author/Ů�����ڼ�/" target="_blank">Ů�����ڼ�</a>���ࣺ��ʷ����</p>
<p>    ���ǰ���������ʮ�ߣ������������������    ��������Щɥ����ǰ��ׯ�����ˣ�;��ȴ�������ϣ�˵�����ú�����С����ò���ƣ���С�����岻�ʣ�������С����ף�����������Ϊ������¡�    ���˸�����Ʊ�����Ƿ���һ�� ...</p>
<p>״̬:<span class="strong green">������</span> ����:25-04-09 �����½�:166 �������˵�� </p>
</li>
<li class="storelistbt5b">
<p><a href="http://www.80ge.info/txtxz/190319.html" target="_blank">TXT����</a></p>
<p><a rel="nofollow" href="Javascript:void(0);" onclick="javascript:vote(190319);">Ͷ�Ƽ�Ʊ</a></p>
<p><a rel="nofollow" href="Javascript:void(0);" onclick="javascript:addbookcase(190319);">�������</a></p>
</li>
</ul>
</div>
  </tr>
<tr>
<div class="storelistbt5"> 
<ul>
<li class="storelistbt5a">
<a href="http://www.80ge.info/txtxz/157883.html" target="_blank"><img src="http://img.80ge.info/157/157883/157883s.jpg" title="����Цü"></a>
<a href="http://www.80ge.info/txtxz/157883.html" title="����ЦüTXTȫ������" class="bookname" target="_blank">������Цü��TXT����</a><span class="bookdata">�ܵ����390</span>
<p>���ߣ�<a href="/author/һ����/" target="_blank">һ����</a>���ࣺ��������</p>
<p>    �������������´��������������������顣��Цü�����Լ��ǻ���ȴ���������׷�ŵĻ�è��    �������������֣��Լ�ֻ����֪������鰩�����ܾ��� ...</p>
<p>״̬:<span class="strong green">������</span> ����:23-01-08 �����½�:��797�� ���� </p>
</li>
<li class="storelistbt5b">
<p><a href="http://www.80ge.info/txtxz/157883.html" target="_blank">TXT����</a></p>
<p><a rel="nofollow" href="Javascript:void(0);" onclick="javascript:vote(157883);">Ͷ�Ƽ�Ʊ</a></p>
<p><a rel="nofollow" href="Javascript:void(0);" onclick="javascript:addbookcase(157883);">�������</a></p>
</li>
</ul>
</div>
  </tr>
<tr>
<div class="storelistbt5"> 
<ul>
<li class="storelistbt5a">
<a href="http://www.80ge.info/txtxz/212722.html" target="_blank"><img src="http://img.80ge.info/212/212722/212722s.jpg" title="����ͨ��"></a>
<a href="http://www.80ge.info/txtxz/212722.html" title="����ͨ��TXTȫ������" class="bookname" target="_blank">������ͨ����TXT����</a><span class="bookdata">�ܵ����0</span>
<p>���ߣ�<a href="/author/���/" target="_blank">���</a>���ࣺ��ʷ����</p>
<p>    ˫�����ȼ���̡���ͬ������ᡶһյ�괺��  ��ӭ�ղء�    1v1˫c ǿȡ���ᣬע�⿴���ס�    �İ���    ʯ���һ�������������˸����ֶ�û�е�����С�������ĸ�����������֪�����ջ�Ѿͷ��    ���� ...</p>
<p>״̬:<span class="strong green">������</span> ����:26-03-16 �����½�:150 �������⣨���� </p>
</li>
<li class="storelistbt5b">
<p><a href="http://www.80ge.info/txtxz/212722.html" target="_blank">TXT����</a></p>
<p><a rel="nofollow" href="Javascript:void(0);" onclick="javascript:vote(212722);">Ͷ�Ƽ�Ʊ</a></p>
<p><a rel="nofollow" href="Javascript:void(0);" onclick="javascript:addbookcase(212722);">�������</a></p>
</li>
</ul>
</div>
  </tr>
<tr>
<div class="storelistbt5"> 
<ul>
<li class="storelistbt5a">
<a href="http://www.80ge.info/txtxz/215638.html" target="_blank"><img src="http://img.80ge.info/215/215638/215638s.jpg" title="���������¹�"></a>
<a href="http://www.80ge.info/txtxz/215638.html" title="���������¹�TXTȫ������" class="bookname" target="_blank">�����������¹⡷TXT����</a><span class="bookdata">�ܵ����0</span>
<p>���ߣ�<a href="/author/һЦ����/" target="_blank">һЦ����</a>���ࣺ��������</p>
<p>    �ң������⣬28�꣬�ù����ʴ󽱵ļ�¼Ƭ���ݡ�    ���ڵ���ҵ�ǣ�����һֻ������ģ����188�����ǧ�ڣ�����������Լ����8��ľ��͡�������������    ����Ҫ��������ǰ˵�������ҽ�����������ع����칦�硣  ...</p>
<p>״̬:<span class="strong green">������</span> ����:26-02-27 �����½�:��һ�� ��68�� ������������������ </p>
</li>
<li class="storelistbt5b">
<p><a href="http://www.80ge.info/txtxz/215638.html" target="_blank">TXT����</a></p>
<p><a rel="nofollow" href="Javascript:void(0);" onclick="javascript:vote(215638);">Ͷ�Ƽ�Ʊ</a></p>
<p><a rel="nofollow" href="Javascript:void(0);" onclick="javascript:addbookcase(215638);">�������</a></p>
</li>
</ul>
</div>
  </tr>
<tr>
<div class="storelistbt5"> 
<ul>
<li class="storelistbt5a">
<a href="http://www.80ge.info/txtxz/216446.html" target="_blank"><img src="http://img.80ge.info/216/216446/216446s.jpg" title="��������ѩ"></a>
<a href="http://www.80ge.info/txtxz/216446.html" title="��������ѩTXTȫ������" class="bookname" target="_blank">����������ѩ��TXT����</a><span class="bookdata">�ܵ����0</span>
<p>���ߣ�<a href="/author/��Ъ����/" target="_blank">��Ъ����</a>���ࣺ��������</p>
<p>    ���¹���    ����ǰ�����Ǵ�ѩ���죬�����������Ѱѩ���֣����ĵ��¶��̵������ᡣ��ʱ������������Ӣ�ۣ�����������ͷ�¹⣬��һ��ͻ����������ҵ��ı�����¼�������Ԩ�������Ϊ�˻�ס��Ѱѩ������������ǩ�·���Э�飬�� ...</p>
<p>״̬:<span class="strong green">������</span> ����:26-01-31 �����½�:���� ��ʮ��     ����ѩ������ </p>
</li>
<li class="storelistbt5b">
<p><a href="http://www.80ge.info/txtxz/216446.html" target="_blank">TXT����</a></p>
<p><a rel="nofollow" href="Javascript:void(0);" onclick="javascript:vote(216446);">Ͷ�Ƽ�Ʊ</a></p>
<p><a rel="nofollow" href="Javascript:void(0);" onclick="javascript:addbookcase(216446);">�������</a></p>
</li>
</ul>
</div>
  </tr>
<tr>
<div class="storelistbt5"> 
<ul>
<li class="storelistbt5a">
<a href="http://www.80ge.info/txtxz/215904.html" target="_blank"><img src="http://img.80ge.info/modules/article/images/nocover.jpg" title="��һ�����˭���������ģ�"></a>
<a href="http://www.80ge.info/txtxz/215904.html" title="��һ�����˭���������ģ�TXTȫ������" class="bookname" target="_blank">����һ�����˭���������ģ���TXT����</a><span class="bookdata">�ܵ����0</span>
<p>���ߣ�<a href="/author/�����ͷ/" target="_blank">�����ͷ</a>���ࣺ�������</p>
<p>    ����ϵͳ�����޴�Խ���������޵С������½�������ɱ�����ϡ���һ·���ơ�\n����������\n�ع���һ��ǿ��İ˾�������ʦ����ɽȥ���л�Լ��    \n�ϼ���Ϊ�ع��Ǹ����������ķ�������Լ���»��������ֲ��뽫���� ...</p>
<p>״̬:<span class="strong green">������</span> ����:26-08-14 �����½�:��1198 �� ȥ����� </p>
</li>
<li class="storelistbt5b">
<p><a href="http://www.80ge.info/txtxz/215904.html" target="_blank">TXT����</a></p>
<p><a rel="nofollow" href="Javascript:void(0);" onclick="javascript:vote(215904);">Ͷ�Ƽ�Ʊ</a></p>
<p><a rel="nofollow" href="Javascript:void(0);" onclick="javascript:addbookcase(215904);">�������</a></p>
</li>
</ul>
</div>
  </tr>
<tr>
<div class="storelistbt5"> 
<ul>
<li class="storelistbt5a">
<a href="http://www.80ge.info/txtxz/200579.html" target="_blank"><img src="http://img.80ge.info/200/200579/200579s.jpg" title="˭����ֻ���ֽ�����ִĵģ�"></a>
<a href="http://www.80ge.info/txtxz/200579.html" title="˭����ֻ���ֽ�����ִĵģ�TXTȫ������" class="bookname" target="_blank">��˭����ֻ���ֽ�����ִĵģ���TXT����</a><span class="bookdata">�ܵ����0</span>
<p>���ߣ�<a href="/author/��ɽĪԶ��/" target="_blank">��ɽĪԶ��</a>���ࣺ������Ϸ</p>
<p>    ������һ��а���ħ���������û����٣�ֻ��ͨ����ζ��Ʈ���ڿ����е��������ֱ���ˡ�    ��������֮�������еĿ��ֶ��ᵴȻ�޴棬ֻ���������ĵ�����Ŀ־塣    ��˵�����ֵĶ�ñ������һ���ܹ��������ġ��� ...</p>
<p>״̬:<span class="strong green">������</span> ����:26-01-19 �����½�:���⣨1�������������������ֵ���ģ��� </p>
</li>
<li class="storelistbt5b">
<p><a href="http://www.80ge.info/txtxz/200579.html" target="_blank">TXT����</a></p>
<p><a rel="nofollow" href="Javascript:void(0);" onclick="javascript:vote(200579);">Ͷ�Ƽ�Ʊ</a></p>
<p><a rel="nofollow" href="Javascript:void(0);" onclick="javascript:addbookcase(200579);">�������</a></p>
</li>
</ul>
</div>
  </tr>
<tr>
<div class="storelistbt5"> 
<ul>
<li class="storelistbt5a">
<a href="http://www.80ge.info/txtxz/211921.html" target="_blank"><img src="http://img.80ge.info/211/211921/211921s.jpg" title="�촩��˭�����������İ��¹���"></a>
<a href="http://www.80ge.info/txtxz/211921.html" title="�촩��˭�����������İ��¹���TXTȫ������" class="bookname" target="_blank">���촩��˭�����������İ��¹��ء�TXT����</a><span class="bookdata">�ܵ����0</span>
<p>���ߣ�<a href="/author/��������/" target="_blank">��������</a>���ࣺ��ƪ�ۺ�</p>
<p>    ���촩�����¹⣫�ƾ���Բ������������ԣ�1v1˫�ࡿ\n������Ӱ��������һ��ʮ��ʮ��Ϸ�գ��κ�Ϸ�ݲ����Ѷ���ζ���������ϳ����κ�������һ������Ϸʱ���������������    \n��ι������û�ݹ��أ���Ҫ��Ϸ���� ...</p>
<p>״̬:<span class="strong green">������</span> ����:26-03-28 �����½�:��257�� �ع���ʵ���磨�꣩ </p>
</li>
<li class="storelistbt5b">
<p><a href="http://www.80ge.info/txtxz/211921.html" target="_blank">TXT����</a></p>
<p><a rel="nofollow" href="Javascript:void(0);" onclick="javascript:vote(211921);">Ͷ�Ƽ�Ʊ</a></p>
<p><a rel="nofollow" href="Javascript:void(0);" onclick="javascript:addbookcase(211921);">�������</a></p>
</li>
</ul>
</div>
  </tr>
<tr>
<div class="storelistbt5"> 
<ul>
<li class="storelistbt5a">
<a href="http://www.80ge.info/txtxz/183389.html" target="_blank"><img src="http://img.80ge.info/183/183389/183389s.jpg" title="���������Ŀɰ�����"></a>
<a href="http://www.80ge.info/txtxz/183389.html" title="���������Ŀɰ�����TXTȫ������" class="bookname" target="_blank">�����������Ŀɰ�������TXT����</a><span class="bookdata">�ܵ����0</span>
<p>���ߣ�<a href="/author/ɣɣһ��/" target="_blank">ɣɣһ��</a>���ࣺ��ƪ�ۺ�</p>
<p>    ��Ԥ�ա��������֣��ٹ�Ī�������������������ʮ�ڡ�Ͷ�빾�Ļ����ɣ�������ۣ���    ��������һ�����������Ե�У԰���У���������������˹�����ѡ�    ���е�������������������˼����õĴ����ʣ���������һֻ���� ...</p>
<p>״̬:<span class="strong blue">�����</span> ����:24-01-10 �����½�:120 ���� </p>
</li>
<li class="storelistbt5b">
<p><a href="http://www.80ge.info/txtxz/183389.html" target="_blank">TXT����</a></p>
<p><a rel="nofollow" href="Javascript:void(0);" onclick="javascript:vote(183389);">Ͷ�Ƽ�Ʊ</a></p>
<p><a rel="nofollow" href="Javascript:void(0);" onclick="javascript:addbookcase(183389);">�������</a></p>
</li>
</ul>
</div>
  </tr>
<tr>
<div class="storelistbt5"> 
<ul>
<li class="storelistbt5a">
<a href="http://www.80ge.info/txtxz/181645.html" target="_blank"><img src="http://img.80ge.info/181/181645/181645s.jpg" title="��������ŮƵ��������ĳ����ж�"></a>
<a href="http://www.80ge.info/txtxz/181645.html" title="��������ŮƵ��������ĳ����ж�TXTȫ������" class="bookname" target="_blank">����������ŮƵ��������ĳ����ж���TXT����</a><span class="bookdata">�ܵ����0</span>
<p>���ߣ�<a href="/author/�ñ���¶/" target="_blank">�ñ���¶</a>���ࣺ�������</p>
<p>    ������+����+����+�ܿ�+ɳ��+�Զ�+��ϵͳ+��Ů����\n���Դ�Խ���˴�Ů������ˬ��������ô�½��    ��ps:�ܿ�ʱ����˼�볬ǰ����ͼ��С�������ɽ��Ǵ��µģ�����һ�㶯�����    ��Ϊս���������鲻һ�� ...</p>
<p>״̬:<span class="strong green">������</span> ����:24-06-01 �����½�:��200�� ��ƪ </p>
</li>
<li class="storelistbt5b">
<p><a href="http://www.80ge.info/txtxz/181645.html" target="_blank">TXT����</a></p>
<p><a rel="nofollow" href="Javascript:void(0);" onclick="javascript:vote(181645);">Ͷ�Ƽ�Ʊ</a></p>
<p><a rel="nofollow" href="Javascript:void(0);" onclick="javascript:addbookcase(181645);">�������</a></p>
</li>
</ul>
</div>
  </tr>
<tr>
<div class="storelistbt5"> 
<ul>
<li class="storelistbt5a">
<a href="http://www.80ge.info/txtxz/214782.html" target="_blank"><img src="http://img.80ge.info/214/214782/214782s.jpg" title="���������������ͨÿ��ˢ��"></a>
<a href="http://www.80ge.info/txtxz/214782.html" title="���������������ͨÿ��ˢ��TXTȫ������" class="bookname" target="_blank">�����������������ͨÿ��ˢ�¡�TXT����</a><span class="bookdata">�ܵ����0</span>
<p>���ߣ�<a href="/author/����/" target="_blank">����</a>���ࣺ�������</p>
<p>    ��˫��Ԫ���������ͨ��ʹ������ʿԪ����ǣ���Ѫ��Ϭ�������������������򸾲��У�    ��������Т��������ͨ���������޲���ϵ����ɷ�ħ�ۣ����ô�Т�������۵����������죡    ���������硿������ͨ��������������һ�� ...</p>
<p>״̬:<span class="strong green">������</span> ����:26-04-30 �����½�:�������ʮ����  ���� </p>
</li>
<li class="storelistbt5b">
<p><a href="http://www.80ge.info/txtxz/214782.html" target="_blank">TXT����</a></p>
<p><a rel="nofollow" href="Javascript:void(0);" onclick="javascript:vote(214782);">Ͷ�Ƽ�Ʊ</a></p>
<p><a rel="nofollow" href="Javascript:void(0);" onclick="javascript:addbookcase(214782);">�������</a></p>
</li>
</ul>
</div>
  </tr>
<tr>
<div class="storelistbt5"> 
<ul>
<li class="storelistbt5a">
<a href="http://www.80ge.info/txtxz/52014.html" target="_blank"><img src="http://img.80ge.info/52/52014/52014s.jpg" title="�������λ�����"></a>
<a href="http://www.80ge.info/txtxz/52014.html" title="�������λ�����TXTȫ������" class="bookname" target="_blank">���������λ����á�TXT����</a><span class="bookdata">�ܵ����17329</span>
<p>���ߣ�<a href="/author/һһ��С/" target="_blank">һһ��С</a>���ࣺ�ƻ�δ��</p>
<p>    �������λ����õļ�飺������ҵ���������ˣ�������һ����ͨ��ũ��Ů��ҡ�����˺���ǧ��������һ����磬һ���������ꡢ����ǿ����ܲø�磬��С���������������Ϥ���ٵ��໥���������ǳ�Ϊ�˱˴�����Ҫ���ˡ����ǣ�����ƽ ...</p>
<p>״̬:<span class="strong green">������</span> ����:17-07-27 �����½�:�ڶ��پ�ʮ���� �þò��� </p>
</li>
<li class="storelistbt5b">
<p><a href="http://www.80ge.info/txtxz/52014.html" target="_blank">TXT����</a></p>
<p><a rel="nofollow" href="Javascript:void(0);" onclick="javascript:vote(52014);">Ͷ�Ƽ�Ʊ</a></p>
<p><a rel="nofollow" href="Javascript:void(0);" onclick="javascript:addbookcase(52014);">�������</a></p>
</li>
</ul>
</div>
  </tr>
<tr>
<div class="storelistbt5"> 
<ul>
<li class="storelistbt5a">
<a href="http://www.80ge.info/txtxz/80952.html" target="_blank"><img src="http://img.80ge.info/80/80952/80952s.jpg" title="������ҩ�е���"></a>
<a href="http://www.80ge.info/txtxz/80952.html" title="������ҩ�е���TXTȫ������" class="bookname" target="_blank">��������ҩ�е���TXT����</a><span class="bookdata">�ܵ����1450</span>
<p>���ߣ�<a href="/author/�����ʱ/" target="_blank">�����ʱ</a>���ࣺʫ���ļ�</p>
<p>    ʮ��ǰ������Զ�ھƵ�˳�־��˸�С���û�뵽С���������������䣬��Ҫ��������    ���˿�С������ŵ�С���������Զ��ͷһ����    �����㳤���ˣ������������    ������������ʲô����    �����ǰ������� ...</p>
<p>״̬:<span class="strong green">������</span> ����:18-09-26 �����½�:chapter15��˽��ҽ���� </p>
</li>
<li class="storelistbt5b">
<p><a href="http://www.80ge.info/txtxz/80952.html" target="_blank">TXT����</a></p>
<p><a rel="nofollow" href="Javascript:void(0);" onclick="javascript:vote(80952);">Ͷ�Ƽ�Ʊ</a></p>
<p><a rel="nofollow" href="Javascript:void(0);" onclick="javascript:addbookcase(80952);">�������</a></p>
</li>
</ul>
</div>
  </tr>
<tr>
<div class="storelistbt5"> 
<ul>
<li class="storelistbt5a">
<a href="http://www.80ge.info/txtxz/91077.html" target="_blank"><img src="http://img.80ge.info/91/91077/91077s.jpg" title="�����ҵķ�"></a>
<a href="http://www.80ge.info/txtxz/91077.html" title="�����ҵķ�TXTȫ������" class="bookname" target="_blank">�������ҵķ硷TXT����</a><span class="bookdata">�ܵ����702</span>
<p>���ߣ�<a href="/author/��Ц��/" target="_blank">��Ц��</a>���ࣺʫ���ļ�</p>
<p>    ����������顪���׽�    ��ȫ�����Ĵ�������������Ʒ��    ���㲻֪������ʲô�ˣ����ܣ������𣿡�    �����������ߣ���    ���ǰ��������Ҿ������С������ø��ұ��ܡ��������Ų�Ҫ�� ...</p>
<p>״̬:<span class="strong green">������</span> ����:19-02-08 �����½�:��12��  </p>
</li>
<li class="storelistbt5b">
<p><a href="http://www.80ge.info/txtxz/91077.html" target="_blank">TXT����</a></p>
<p><a rel="nofollow" href="Javascript:void(0);" onclick="javascript:vote(91077);">Ͷ�Ƽ�Ʊ</a></p>
<p><a rel="nofollow" href="Javascript:void(0);" onclick="javascript:addbookcase(91077);">�������</a></p>
</li>
</ul>
</div>
  </tr>
<tr>
<div class="storelistbt5"> 
<ul>
<li class="storelistbt5a">
<a href="http://www.80ge.info/txtxz/72776.html" target="_blank"><img src="http://img.80ge.info/72/72776/72776s.jpg" title="���������ж仨"></a>
<a href="http://www.80ge.info/txtxz/72776.html" title="���������ж仨TXTȫ������" class="bookname" target="_blank">�����������ж仨��TXT����</a><span class="bookdata">�ܵ����2155</span>
<p>���ߣ�<a href="/author/o�ɷ�o/" target="_blank">o�ɷ�o</a>���ࣺ�������</p>
<p>    ��ÿ��С���Ӷ�������Ļ��䡣��    �������Ժ��أ���    �������ÿ��Ů�˶���һ�仨����    �������أ���    �������ǻ��������� ...</p>
<p>״̬:<span class="strong green">������</span> ����:17-10-12 �����½�:��������Ǹ </p>
</li>
<li class="storelistbt5b">
<p><a href="http://www.80ge.info/txtxz/72776.html" target="_blank">TXT����</a></p>
<p><a rel="nofollow" href="Javascript:void(0);" onclick="javascript:vote(72776);">Ͷ�Ƽ�Ʊ</a></p>
<p><a rel="nofollow" href="Javascript:void(0);" onclick="javascript:addbookcase(72776);">�������</a></p>
</li>
</ul>
</div>
  </tr>
</table>

</div>
<div id="footer">
<div id="f_link">
<a href="/support/about.html" title="��������" target="_blank">��������</a>-<a href="/support/help.html" title="txtС˵���ذ���" target="_blank">��վ����</a>-<a href="/support/advertise.html" title="������" target="_blank">������</a>-<a href="/support/declare.html" title="��Ȩ����,��Ȩ�ٱ�" target="_blank">��Ȩ����(�ٱ�)</a>-<a href="/support/sitemap.html" title="��վ��ͼ" target="_blank">��վ��ͼ</a>
</div>
<div class="copyright">
<b>���������</b>����txtС˵�����������Լ�������Ȩ��������Ʒ������������߱��˵Ĺ۵㣬�뱾վ�����޹ء��Ķ����緢����Ʒ����ȷ���뷨�ɵִ�֮��������վ�ٱ���<br>
���������Ķ�����ɫ���磬���������緢����Ȩ���Ƿ���ɫ����С˵,<span style="background-color:#ffff00 "><a href="/newmessage.php?tosys=1&title=[��Ȩ/��ɫ]�ٱ�&content=������Ȩ��Ƿ����ݵ�С˵��д������,���ĺ����ǻ�ɾ�����飺 " target="_blank">��˾ٱ�</a></span> �����ʼ���:<span style="background-color:#ffff00 ">admin@80ge.info </span> ɾ������</b></span></font>(���鷢���ʼ�:����Ϊ��[��Ȩ/��ɫ]�ٱ���)<br/>
�����������רҵ�ṩ����,����,����,��ʷ,����,�ƻ�,�ֲ�,��ѧ,����,����,��־,����,����,����,���������ȫ��С˵������ص���վ�� <script>tongji();</script><br/>
<a href="http://www.80ge.info" title="���������"><b>���������</b></a> ����������<a href="http://www.80ge.info" title="���������">www.80ge.info</a> ��վ�����ţ���ICP��13055675��-6 
 վ�����䣺admin@80ge.info</div>
</div>
</div>
</body>
</html>
21:11:51.502 [OkHttp http://www.80ge.info/...] DEBUG io.legado.app.model.DebugLog - <-- END HTTP (137360-byte, 29361-gzipped-byte body)
21:11:51.503 [main @coroutine#13] INFO io.legado.app.model.DebugLog - sourceUrl: http://www.80ge.info, msg: �Ի�ȡ�ɹ�:/modules/article/search.php,{
  "method": "post",
  "body": "searchkey=˭�������ɵ�&searchtype=articlename"
}
21:11:51.504 [main @coroutine#13] INFO io.legado.app.model.DebugLog - sourceUrl: http://www.80ge.info, msg: ����ȡ�鼮�б�
21:11:51.506 [main @coroutine#13] INFO io.legado.app.model.DebugLog - sourceUrl: http://www.80ge.info, msg: ���б��С:100
21:11:51.507 [main @coroutine#13] INFO io.legado.app.model.DebugLog - sourceUrl: http://www.80ge.info, msg: ����ȡ����
21:11:51.507 [main @coroutine#13] INFO io.legado.app.model.DebugLog - sourceUrl: http://www.80ge.info, msg: ��˭�������ɵģ�
21:11:51.507 [main @coroutine#13] INFO io.legado.app.model.DebugLog - sourceUrl: http://www.80ge.info, msg: ����ȡ����
21:11:51.507 [main @coroutine#13] INFO io.legado.app.model.DebugLog - sourceUrl: http://www.80ge.info, msg: ����׵���ѻ
21:11:51.507 [main @coroutine#13] INFO io.legado.app.model.DebugLog - sourceUrl: http://www.80ge.info, msg: ����ȡ����
21:11:51.507 [main @coroutine#13] INFO io.legado.app.model.DebugLog - sourceUrl: http://www.80ge.info, msg: ����������,������,25-03-16
21:11:51.507 [main @coroutine#13] INFO io.legado.app.model.DebugLog - sourceUrl: http://www.80ge.info, msg: ����ȡ����
21:11:51.507 [main @coroutine#13] INFO io.legado.app.model.DebugLog - sourceUrl: http://www.80ge.info, msg: ��
21:11:51.507 [main @coroutine#13] INFO io.legado.app.model.DebugLog - sourceUrl: http://www.80ge.info, msg: ����ȡ�����½�
21:11:51.508 [main @coroutine#13] INFO io.legado.app.model.DebugLog - sourceUrl: http://www.80ge.info, msg: ��������
21:11:51.508 [main @coroutine#13] INFO io.legado.app.model.DebugLog - sourceUrl: http://www.80ge.info, msg: ����ȡ���
21:11:51.508 [main @coroutine#13] INFO io.legado.app.model.DebugLog - sourceUrl: http://www.80ge.info, msg: �����ҷ���ǿ�������ɽ�ķ�������������ģ������Ҵ���ģ���˵ʷ����ʤ������д�ģ���Ϊʲô�һ�ʤ�˻��������������ң���½�������Լ��߲ɷ����˵������ʾ�ǳ���ŭ�� �ڶ��졣 ���ҷ���ǿ�������ɽ�ķ������� ...
21:11:51.508 [main @coroutine#13] INFO io.legado.app.model.DebugLog - sourceUrl: http://www.80ge.info, msg: ����ȡ��������
21:11:51.508 [main @coroutine#13] INFO io.legado.app.model.DebugLog - sourceUrl: http://www.80ge.info, msg: ��http://img.80ge.info/171/171319/171319s.jpg
21:11:51.508 [main @coroutine#13] INFO io.legado.app.model.DebugLog - sourceUrl: http://www.80ge.info, msg: ����ȡ����ҳ����
21:11:51.508 [main @coroutine#13] INFO io.legado.app.model.DebugLog - sourceUrl: http://www.80ge.info, msg: ��http://www.80ge.info/txtxz/171319.html
21:11:51.542 [main] INFO cn.kong.app.model.NovelSourceTest -   �������: 100 ��
21:11:51.542 [main] INFO cn.kong.app.model.NovelSourceTest -     [1] ˭�������ɵģ� | ��׵���ѻ
21:11:51.542 [main] INFO cn.kong.app.model.NovelSourceTest -     [2] ˭�����참�ģ� | ����ͷ���˯
21:11:51.542 [main] INFO cn.kong.app.model.NovelSourceTest -     [3] ˭������ɽ�� | ֻ���С˵
21:11:51.542 [main] INFO cn.kong.app.model.NovelSourceTest -   --- Step 2: ��ȡ���� ---
21:11:51.543 [OkHttp http://www.80ge.info/...] DEBUG io.legado.app.model.DebugLog - --> GET http://www.80ge.info/txtxz/171319.html http/1.1
21:11:51.543 [OkHttp http://www.80ge.info/...] DEBUG io.legado.app.model.DebugLog - User-Agent: Mozilla/5.0 (Windows NT 10.0; Win64; x64) AppleWebKit/537.36 (KHTML, like Gecko) Chrome/75.0.3770.142 Safari/537.36
21:11:51.543 [OkHttp http://www.80ge.info/...] DEBUG io.legado.app.model.DebugLog - Keep-Alive: 300
21:11:51.543 [OkHttp http://www.80ge.info/...] DEBUG io.legado.app.model.DebugLog - Connection: Keep-Alive
21:11:51.543 [OkHttp http://www.80ge.info/...] DEBUG io.legado.app.model.DebugLog - Cache-Control: no-cache
21:11:51.543 [OkHttp http://www.80ge.info/...] DEBUG io.legado.app.model.DebugLog - Host: www.80ge.info
21:11:51.543 [OkHttp http://www.80ge.info/...] DEBUG io.legado.app.model.DebugLog - Accept-Encoding: gzip
21:11:51.543 [OkHttp http://www.80ge.info/...] DEBUG io.legado.app.model.DebugLog - --> END GET
21:11:51.942 [OkHttp http://www.80ge.info/...] DEBUG io.legado.app.model.DebugLog - <-- 200 OK http://www.80ge.info/txtxz/171319.html (398ms)
21:11:51.942 [OkHttp http://www.80ge.info/...] DEBUG io.legado.app.model.DebugLog - Server: nginx
21:11:51.942 [OkHttp http://www.80ge.info/...] DEBUG io.legado.app.model.DebugLog - Date: Fri, 14 Aug 2026 13:11:51 GMT
21:11:51.942 [OkHttp http://www.80ge.info/...] DEBUG io.legado.app.model.DebugLog - Content-Type: text/html
21:11:51.942 [OkHttp http://www.80ge.info/...] DEBUG io.legado.app.model.DebugLog - Transfer-Encoding: chunked
21:11:51.942 [OkHttp http://www.80ge.info/...] DEBUG io.legado.app.model.DebugLog - Connection: keep-alive
21:11:51.942 [OkHttp http://www.80ge.info/...] DEBUG io.legado.app.model.DebugLog - Cache-Control: max-age=60
21:11:51.942 [OkHttp http://www.80ge.info/...] DEBUG io.legado.app.model.DebugLog - Content-Encoding: gzip
21:11:51.942 [OkHttp http://www.80ge.info/...] DEBUG io.legado.app.model.DebugLog - X-Cache-Status: EXPIRED
21:11:52.279 [OkHttp http://www.80ge.info/...] DEBUG io.legado.app.model.DebugLog - 
21:11:52.279 [OkHttp http://www.80ge.info/...] DEBUG io.legado.app.model.DebugLog - <!DOCTYPE html PUBLIC "-//W3C//DTD XHTML 1.0 Transitional//EN" "http://www.w3.org/TR/xhtml1/DTD/xhtml1-transitional.dtd"><html xmlns="http://www.w3.org/1999/xhtml"><head><meta http-equiv="Content-Type" content="text/html; charset=utf-8" /><meta name="renderer" content="webkit" /><title>˭�������ɵģ�TXT����,˭�������ɵģ�ȫ��,ȫ��,���,ȫ��������С˵TXT�������������_���������</title><meta name="keywords" content="˭�������ɵģ�txtȫ������,˭�������ɵģ�txt����,˭�������ɵģ�ȫ��,���,ȫ��,ȫ��������С˵,˭�������ɵģ�txt�������������,���������" /><meta name="description" content="����������ṩ˭�������ɵģ�txtȫ������,�Լ�˭�������ɵģ�txt���غ�˭�������ɵģ�ȫ��������txt�����Լ�����С˵����ͼ�����ء�����˭�������ɵģ�txtȫ������,��һ��Ҫ�����������������˭�������ɵģ�txtŶ��˭�������ɵģ�txtȫ��ȫ�����أ�&nbsp;&nbsp;&nbsp;&nbsp;���ҷ���ǿ�������ɽ�ķ�������������ģ������Ҵ���ģ���˵ʷ����ʤ������д�ģ���Ϊʲô�һ�ʤ�˻��������������ң���½�������Լ��߲ɷ����˵������ʾ�ǳ���ŭ��&lt;br/&gt;&lt;br/&gt;&nbsp;&nbsp;&nbsp;&nbsp;�ڶ��졣&lt;br/&gt;&lt;br/&gt;&nbsp;&nbsp;&nbsp;&nbsp;���ҷ���ǿ�������ɽ�ķ������Ҵ���ġ���½�������Լ��ߵĲɷ�ʱ���˵������ʾ�ǳ���ŭ��&lt;br/&gt;&lt;br/&gt;&nbsp;&nbsp;&nbsp;&nbsp;�����������ձ���Ϊ��������" /><link type="text/css" rel="stylesheet" href="/skin/style.css" /><script type="text/javascript" src="/skin/com.js"></script>
<script src="/3VoXzBkr/n5CFlgZnRx.js"></script><script type="text/javascript" src="/skin/btn.js"></script></head><body>
<div id="container">
<div class="topnave">
<div class="pad_width">
<script>login();shoucang();</script>
</div>
</div>
<div id="head">
<div class="head_frame">
<div id="logo"><a href="http://www.80ge.info"><img src="http://img.80ge.info/skin/image/logo.gif" alt="���������" /></a></div>
<div id="banner"><script>banner();</script></div>
<div id="head_search">
<div id="search">
<label class="reg"><a href="http://www.80ge.info/top/lastupdate/1.html" target="_blank">������µ�С˵</a></label>
<label class="login"><a href="http://www.80ge.info/top/toptime/1.html" target="_blank">�༭�Ƽ���С˵</a></label>
<script>search_tag();</script>
</div>
</div>
</div>
<div id="menu">
<div id="nav">
<ul>
<li><span>������</span></li><li class="menu_txt"></li>
<li><a href="/sort3/1.html" title="�������">�������</a></li><li class="menu_txt"></li>
<li><a href="/sort13/1.html" title="���ħ��" >���ħ��</a></li><li class="menu_txt"></li>
<li><a href="/sort1/1.html" title="��������">��������</a></li><li class="menu_txt"></li>
<li><a href="/sort12/1.html" title="��������" >��������</a></li><li class="menu_txt"></li>
<li><a href="/sort14/1.html" title="��������" >��������</a></li><li class="menu_txt"></li>
<li><a href="/sort15/1.html" title="��������" >��������</a></li><li class="menu_txt"></li>
<li><a href="/sort9/1.html" title="δ������" >δ������</a></li><li class="menu_txt"></li>
<li><a href="/sort10/1.html" title="������" >������</a></li><li class="menu_txt"></li>
<li><a href="/sort22/1.html" title="̽�ս���" >̽�ս���</a></li><li class="menu_txt"></li>
<li><a href="/sort6/1.html" title="��ʷ����" >��ʷ����</a></li><li class="menu_txt"></li>
<li><a href="/sort7/1.html" title="���־���" >���־���</a></li><li class="menu_txt"></li>
<li><a href="/sort16/1.html" title="��������" >����</a></li><li class="menu_txt"></li>
<li><a href="/sort8/1.html" title="��������" >����</a></li><li class="menu_txt"></li>
</ul>
</div>
<div id="nav">
<ul>
<li><span>Ů����</span></li><li class="menu_txt"></li>
<li><a href="/sort2/1.html" title="ħ��Ůǿ">ħ��Ůǿ</a></li><li class="menu_txt"></li>
<li><a href="/sort4/1.html" title="���л���">���л���</a></li><li class="menu_txt"></li>
<li><a href="/sort5/1.html" title="�ٺ�֮��" >�ٺ�֮��</a></li><li class="menu_txt"></li>
<li><a href="/sort11/1.html" title="ͬ������" >ͬ������</a></li><li class="menu_txt"></li>
<li><a href="/sort17/1.html" title="��Խ�ܿ�" >��Խ�ܿ�</a></li><li class="menu_txt"></li>
<li><a href="/sort18/1.html" title="���ҹ���" >���ҹ���</a></li><li class="menu_txt"></li>
<li><a href="/sort19/1.html" title="ħ��У԰" >ħ��У԰</a></li><li class="menu_txt"></li>
<li><a href="/sort20/1.html" title="��������" >��������</a></li><li class="menu_txt"></li>
<li><a href="/sort21/1.html" title="��ְ��ս" >��ְ��ս</a></li><li class="menu_txt"></li>
<li><a href="/sort23/1.html" title="�����ս" >�����ս</a></li><li class="menu_txt"></li>
<li><a href="/sort24/1.html" title="Ψ������" >Ψ������</a></li><li class="menu_txt"></li>
<li><a href="/sort25/1.html" title="ʫ���ļ�" >ʫ���ļ�</a></li>
</ul>
</div>
<div id="ad1"><script>ad1();</script></div>
<div class="fenxiang"><script>xzfav();</script></div>
</div>
</div>
<div class="main">
<div id="centerl"><div id="content">

<div id="textbox">
<div class="path">�����ڵ�λ�ã�<a href="http://www.80ge.info">���������</a> �� <a href="/author/��׵���ѻ/">��׵���ѻ��Ʒ��</a> �� <a href="http://www.80ge.info/txtxz/171319.html">˭�������ɵģ�TXTȫ��</a><div id="index_tip"><b>������ַ��www.80ge.info</b></div></div>
<div id="main_down">
<div id="show_container">
<div id="soft_info_para">
<h1>˭�������ɵģ�TXTȫ������</h1>
<div class="soft_info_l"><script>ad7();</script></div> 
<div class="soft_info_r">
<img src="http://img.80ge.info/171/171319/171319s.jpg" width="190px" height="255px" border="0" class="info_img"/>
<li><b>С˵���ߣ�</b><a href="/author/��׵���ѻ/" title="��׵���ѻ������Ʒȫ��TXT����">��׵���ѻ</a></li>
<li><b>С˵��С��</b>8M</li>
<li><b>���յ����</b>15 ��</li>
<li><b>���ܵ����</b>15 ��</li>
<li><b>���µ����</b>853 ��</li>
<li><b>�ܵ������</b>2559 ��</li>
<!--<li><b>���Ƽ�����</b>2450 ��</li>-->
<li><b>д�����ȣ�</b><strong class="strong green">������</strong></li>
<li class="str-over-dot-no100"><b>����ʱ�䣺</b>2025-03-16 12:17:43</li>
<li><b>�Ƽ���Ϣ��</b><a href="http://www.80ge.info/top/lastupdate/1.html" class="strong yellow">���µ���������</a></li>
<li><b>�����½ڣ�</b>������</li>
<li style="height:25px;"><!--<a href="http://www.80ge.info/txtml_171319.html" class="tools">�½�Ŀ¼</a>--> <a href="Javascript:void(0);" onclick="javascript:vote(171319);" rel="nofollow" class="tools">����Ƽ�</a> <a href="Javascript:void(0);" onclick="javascript:addbookcase(171319);" rel="nofollow" class="tools">�������</a> <a rel="nofollow" href="http://www.80ge.info/support/help.html" style="color:green;" class="tools">�鿴���ذ���</a>  </li>
<li><b><a href="/txtxz/171319/down.html" title="�������˭�������ɵģ�TXT����" id="read_book">TXT�����б�</a></b>
<b><a href="http://www.80ge.info/txtml_171319.html" title="�������˭�������ɵģ��½�Ŀ¼" id="read_book" >�����Ķ�_Ŀ¼</a></b></li>
</div>
</div>
<!--<div class="img"><img src="http://img.80ge.info/171/171319/171319s.jpg" width="180" height="150" border="0"/></div>-->
</div>
<div id="main_content_2013">
<div class="adrx"><script>adrx();</script></div>
<div class="ad5"><script>ad5();</script></div>
</div>
<div id="main_content_2013">
<h2><span class="boxhead col-icon1">��������</span></h2>
<div id="story">
<div id="mainSoftIntro">
<p> &nbsp; <B>���������</B>���Ϊ�����ṩ<a href="http://www.80ge.info/author/��׵���ѻ/">��׵���ѻ</a>������<strong><a href="http://www.80ge.info/txtxz/171319.html">˭�������ɵģ�txtȫ������</a></strong>;�������ñ�վ�ṩ��<a href="http://www.80ge.info">txt�������������</a>����,���<a href="http://www.80ge.info/txtxz/171319.html">˭�������ɵģ�txtȫ������</a>�����Ƽ���������ѣ�<br />
    ���ҷ���ǿ�������ɽ�ķ�������������ģ������Ҵ���ģ���˵ʷ����ʤ������д�ģ���Ϊʲô�һ�ʤ�˻��������������ң���½�������Լ��߲ɷ����˵������ʾ�ǳ���ŭ��    �ڶ��졣    ���ҷ���ǿ�������ɽ�ķ������Ҵ���ġ���½�������Լ��ߵĲɷ�ʱ���˵������ʾ�ǳ���ŭ��    �����������ձ���Ϊ��������<br />
����<strong><a href="http://www.80ge.info/txtxz/171319.html">˭�������ɵģ�TXT����</a></strong>,����<a href="http://www.80ge.info">txtС˵����</a>,�����ע��������顣</p>
</div>
</div>
</div>
<div id="main_content_2013">
<div class="head"><h2>˭�������ɵģ�TXTȫ����������</h2></div>
<table width="100%" border="0" cellspacing="0" cellpadding="0">
<DIV class="usercom">���棺<font color="#FF0000"><a href="http://txt.80ge.info/171319/˭�������ɵģ�.txt">˭�������ɵģ�TXTȫ������</a> ���޸����Դ����ɵĲ�����б�Ǹ���� </font></DIV>
<DIV class="time"><b><a rel="nofollow" href="http://www.80ge.info/support/help.html" style="color:green;">�鿴txt���ذ���</a></b></DIV>
<DIV class="usercom">���棺<b>˭�������ɵģ� ��ʽ��ͨ �ֻ�TXTȫ������ !!</b></DIV>
<DIV class="time"><b><a rel="nofollow" href="http://www.80ge.info/support/help.html" style="color:green;">�鿴txt���ذ���</a></b></DIV>
<DIV class="usercom">���棺<b>˭�������ɵģ� ��ʽ��ͨ ����TXTȫ������ !!</b></DIV>
<DIV class="usercom">���棺<b><font color="#FF6600">˭�������ɵģ�</font></b>  ������ 2023-03-02 
<a href="" target="_blank"><font color="006699">�鿴����˭�������ɵģ�����....</font></a></DIV>
</table>
<form name="frmreview" method="post" action="http://www.80ge.info/modules/article/reviews.php?aid=171319" target="_blank">
<textarea name="pcontent" id="pcontent" cols="86" rows="6"></textarea>
<td><input type="submit" name="Submit" value="��������"> �ѿ�ͨ�ο�����������ˢ�����������߹ؽ��ջ��߻������㴦���</td></form>
</div>
<div id="main_content_2013">
<h2 class="xihuan"><span class="boxhead col-icon10">�����ܻ������µ��������Ȥ</span></h2>
<div class="down_link">
<li class="listimg1"><a href="http://www.80ge.info/txtxz/138357.html" target="_blank"><img src="http://img.80ge.info/138/138357/138357s.jpg" width="95" height="130" border="0" title="ҹ�޽�"></a><span></span><a href="http://www.80ge.info/txtxz/138357.html" title="ҹ�޽�TXTȫ������" target="_blank">ҹ�޽�</a></li>

<li class="listimg1"><a href="http://www.80ge.info/txtxz/202930.html" target="_blank"><img src="http://img.80ge.info/202/202930/202930s.jpg" width="95" height="130" border="0" title="���ڳ�ʥħ�ŵ��˲�"></a><span></span><a href="http://www.80ge.info/txtxz/202930.html" title="���ڳ�ʥħ�ŵ��˲�TXTȫ������" target="_blank">���ڳ�ʥħ�ŵ��˲�</a></li>

<li class="listimg1"><a href="http://www.80ge.info/txtxz/221876.html" target="_blank"><img src="http://img.80ge.info/221/221876/221876s.jpg" width="95" height="130" border="0" title="�����Ÿ�ծ����"></a><span></span><a href="http://www.80ge.info/txtxz/221876.html" title="�����Ÿ�ծ����TXTȫ������" target="_blank">�����Ÿ�ծ����</a></li>

<li class="listimg1"><a href="http://www.80ge.info/txtxz/221881.html" target="_blank"><img src="http://img.80ge.info/221/221881/221881s.jpg" width="95" height="130" border="0" title="һ������"></a><span></span><a href="http://www.80ge.info/txtxz/221881.html" title="һ������TXTȫ������" target="_blank">һ������</a></li>

<li class="listimg1"><a href="http://www.80ge.info/txtxz/221884.html" target="_blank"><img src="http://img.80ge.info/221/221884/221884s.jpg" width="95" height="130" border="0" title="��ʿ���֣��Ҹ���ʼ�ʻ����"></a><span></span><a href="http://www.80ge.info/txtxz/221884.html" title="��ʿ���֣��Ҹ���ʼ�ʻ����TXTȫ������" target="_blank">��ʿ���֣��Ҹ���ʼ�ʻ����</a></li>

<li class="listimg1"><a href="http://www.80ge.info/txtxz/221853.html" target="_blank"><img src="http://img.80ge.info/221/221853/221853s.jpg" width="95" height="130" border="0" title="��ä��������ץ������"></a><span></span><a href="http://www.80ge.info/txtxz/221853.html" title="��ä��������ץ������TXTȫ������" target="_blank">��ä��������ץ������</a></li>

</div>
</div>
<div id="subBox">
<ul id="divide">
<li class="share">��<a href="#top"><b>�� �ص����� </b></a>��</li>
</ul>
<ul id="loft">
<li class="share">��<a href="javascript:history.back(-1)">�ص���ҳ</a>��</li>
</ul>
</div>
</div>
<div id="right">
<div class="rt_block itisstxt">
<script>ad8();</script>
<h2><a href="/sort3/1.html">��������Ƽ�������</a></h2>
<div class="z_Pic">
<div id="album">
<ul>
<li><a href="http://www.80ge.info/txtxz/4.html" target="_blank" ><img src="http://img.80ge.info/0/4/4s.jpg" width="122" height="166" border="0" title="����"></a><br /><a href="http://www.80ge.info/txtxz/4.html" title="����TXTȫ������" target="_blank">����</a></li>

<li><a href="http://www.80ge.info/txtxz/112904.html" target="_blank" ><img src="http://img.80ge.info/112/112904/112904s.jpg" width="122" height="166" border="0" title="����֮��"></a><br /><a href="http://www.80ge.info/txtxz/112904.html" title="����֮��TXTȫ������" target="_blank">����֮��</a></li>
</ul>
</div>
</div>
<div class="sarts">
<li><span>1. </span><a href="http://www.80ge.info/txtxz/2.html" target="_blank" title="��ħTXTȫ������">��ħ</a></li><li><span>2. </span><a href="http://www.80ge.info/txtxz/104657.html" target="_blank" title="�̽�TXTȫ������">�̽�</a></li><li><span>3. </span><a href="http://www.80ge.info/txtxz/5.html" target="_blank" title="�������ɴ�TXTȫ������">�������ɴ�</a></li><li><span>4. </span><a href="http://www.80ge.info/txtxz/40508.html" target="_blank" title="����TXTȫ������">����</a></li><li><span>5. </span><a href="http://www.80ge.info/txtxz/59168.html" target="_blank" title="һ������TXTȫ������">һ������</a></li><li><span>6. </span><a href="http://www.80ge.info/txtxz/34900.html" target="_blank" title="����˫��TXTȫ������">����˫��</a></li><li><span>7. </span><a href="http://www.80ge.info/txtxz/437.html" target="_blank" title="����TXTȫ������">����</a></li><li><span>8. </span><a href="http://www.80ge.info/txtxz/11152.html" target="_blank" title="ç�ļ�TXTȫ������">ç�ļ�</a></li><li><span>9. </span><a href="http://www.80ge.info/txtxz/14287.html" target="_blank" title="�������ɴ��ɽ�ƪTXTȫ������">�������ɴ��ɽ�ƪ</a></li><li><span>10. </span><a href="http://www.80ge.info/txtxz/4628.html" target="_blank" title="��ǿϵͳTXTȫ������">��ǿϵͳ</a></li><li><span>11. </span><a href="http://www.80ge.info/txtxz/299.html" target="_blank" title="����TXTȫ������">����</a></li><li><span>12. </span><a href="http://www.80ge.info/txtxz/46785.html" target="_blank" title="��������TXTȫ������">��������</a></li><li><span>13. </span><a href="http://www.80ge.info/txtxz/529.html" target="_blank" title="�ǳ���TXTȫ������">�ǳ���</a></li><li><span>14. </span><a href="http://www.80ge.info/txtxz/71526.html" target="_blank" title="��ǿ�񻰵ۻ�TXTȫ������">��ǿ�񻰵ۻ�</a></li><li><span>15. </span><a href="http://www.80ge.info/txtxz/3054.html" target="_blank" title="��ʥ��TXTȫ������">��ʥ��</a></li><li><span>16. </span><a href="http://www.80ge.info/txtxz/15848.html" target="_blank" title="�ɽ��ʵ�TXTȫ������">�ɽ��ʵ�</a></li></div>
</div>
<div class="rt_block itisstxt">
<script>ad9();</script>
<h2><a href="/sort3/1.html">����������ŵ�����</a></h2>
<div class="z_Pic">
<div id="album">
<ul>
<li><a href="http://www.80ge.info/txtxz/59168.html" target="_blank" ><img src="http://img.80ge.info/59/59168/59168s.jpg" width="122" height="166" border="0" title="һ������"></a><br /><a href="http://www.80ge.info/txtxz/59168.html" title="һ������TXTȫ������" target="_blank">һ������</a></li>

<li><a href="http://www.80ge.info/txtxz/15848.html" target="_blank" ><img src="http://img.80ge.info/15/15848/15848s.jpg" width="122" height="166" border="0" title="�ɽ��ʵ�"></a><br /><a href="http://www.80ge.info/txtxz/15848.html" title="�ɽ��ʵ�TXTȫ������" target="_blank">�ɽ��ʵ�</a></li>
</ul>
</div>
</div>
<div class="sarts">
<li><span>1. </span><a href="http://www.80ge.info/txtxz/13001.html" target="_blank" title="�����˼�TXTȫ������">�����˼�</a></li><li><span>2. </span><a href="http://www.80ge.info/txtxz/14287.html" target="_blank" title="�������ɴ��ɽ�ƪTXTȫ������">�������ɴ��ɽ�ƪ</a></li><li><span>3. </span><a href="http://www.80ge.info/txtxz/4.html" target="_blank" title="����TXTȫ������">����</a></li><li><span>4. </span><a href="http://www.80ge.info/txtxz/40508.html" target="_blank" title="����TXTȫ������">����</a></li><li><span>5. </span><a href="http://www.80ge.info/txtxz/29708.html" target="_blank" title="�������TXTȫ������">�������</a></li><li><span>6. </span><a href="http://www.80ge.info/txtxz/5.html" target="_blank" title="�������ɴ�TXTȫ������">�������ɴ�</a></li><li><span>7. </span><a href="http://www.80ge.info/txtxz/299.html" target="_blank" title="����TXTȫ������">����</a></li><li><span>8. </span><a href="http://www.80ge.info/txtxz/19096.html" target="_blank" title="���µھ�TXTȫ������">���µھ�</a></li><li><span>9. </span><a href="http://www.80ge.info/txtxz/34900.html" target="_blank" title="����˫��TXTȫ������">����˫��</a></li><li><span>10. </span><a href="http://www.80ge.info/txtxz/79562.html" target="_blank" title="͵�����TXTȫ������">͵�����</a></li><li><span>11. </span><a href="http://www.80ge.info/txtxz/11152.html" target="_blank" title="ç�ļ�TXTȫ������">ç�ļ�</a></li><li><span>12. </span><a href="http://www.80ge.info/txtxz/437.html" target="_blank" title="����TXTȫ������">����</a></li><li><span>13. </span><a href="http://www.80ge.info/txtxz/11164.html" target="_blank" title="������TXTȫ������">������</a></li><li><span>14. </span><a href="http://www.80ge.info/txtxz/9219.html" target="_blank" title="���ɿ�ͽTXTȫ������">���ɿ�ͽ</a></li><li><span>15. </span><a href="http://www.80ge.info/txtxz/529.html" target="_blank" title="�ǳ���TXTȫ������">�ǳ���</a></li><li><span>16. </span><a href="http://www.80ge.info/txtxz/76104.html" target="_blank" title="����֮ħ�̽���TXTȫ������">����֮ħ�̽���</a></li></div>
</div>
<div id="focus">
<div class="ad6"><script>ad6();</script></div>
</div>
</div>
</div>
<div id="footer">
<div id="f_link">
<a href="/support/about.html" title="��������" target="_blank">��������</a>-<a href="/support/help.html" title="txtС˵���ذ���" target="_blank">��վ����</a>-<a href="/support/advertise.html" title="������" target="_blank">������</a>-<a href="/support/declare.html" title="��Ȩ����,��Ȩ�ٱ�" target="_blank">��Ȩ����(�ٱ�)</a>-<a href="/support/sitemap.html" title="��վ��ͼ" target="_blank">��վ��ͼ</a>
</div>
<div class="copyright">
<b>���������</b>����txtС˵�����������Լ�������Ȩ��������Ʒ������������߱��˵Ĺ۵㣬�뱾վ�����޹ء��Ķ����緢����Ʒ����ȷ���뷨�ɵִ�֮��������վ�ٱ���<br>
���������Ķ�����ɫ���磬���������緢����Ȩ���Ƿ���ɫ����С˵,<span style="background-color:#ffff00 "><a href="/newmessage.php?tosys=1&title=[��Ȩ/��ɫ]�ٱ�&content=������Ȩ��Ƿ����ݵ�С˵��д������,���ĺ����ǻ�ɾ�����飺 " target="_blank">��˾ٱ�</a></span> �����ʼ���:<span style="background-color:#ffff00 ">admin@80ge.info </span> ɾ������</b></span></font>(���鷢���ʼ�:����Ϊ��[��Ȩ/��ɫ]�ٱ���)<br/>
�����������רҵ�ṩ����,����,����,��ʷ,����,�ƻ�,�ֲ�,��ѧ,����,����,��־,����,����,����,���������ȫ��С˵������ص���վ�� <script>tongji();</script><br/>
<a href="http://www.80ge.info" title="���������"><b>���������</b></a> ����������<a href="http://www.80ge.info" title="���������">www.80ge.info</a> ��վ�����ţ���ICP��13055675��-6 
 վ�����䣺admin@80ge.info</div>
</div>
</div>
<script>recordedclick(171319);</script>
</body>
</html>
21:11:52.280 [OkHttp http://www.80ge.info/...] DEBUG io.legado.app.model.DebugLog - <-- END HTTP (21078-byte, 5404-gzipped-byte body)
21:11:52.280 [main @coroutine#14] INFO io.legado.app.model.DebugLog - sourceUrl: http://www.80ge.info, msg: �Ի�ȡ�ɹ�:http://www.80ge.info/txtxz/171319.html
21:11:52.280 [main @coroutine#14] INFO io.legado.app.model.DebugLog - sourceUrl: http://www.80ge.info, msg: ����ȡ����
21:11:52.283 [main @coroutine#14] INFO io.legado.app.model.DebugLog - sourceUrl: http://www.80ge.info, msg: ��˭�������ɵģ�
21:11:52.283 [main @coroutine#14] INFO io.legado.app.model.DebugLog - sourceUrl: http://www.80ge.info, msg: ����ȡ����
21:11:52.283 [main @coroutine#14] INFO io.legado.app.model.DebugLog - sourceUrl: http://www.80ge.info, msg: ��
21:11:52.283 [main @coroutine#14] INFO io.legado.app.model.DebugLog - sourceUrl: http://www.80ge.info, msg: ����ȡ����
21:11:52.283 [main @coroutine#14] INFO io.legado.app.model.DebugLog - sourceUrl: http://www.80ge.info, msg: ��null
21:11:52.283 [main @coroutine#14] INFO io.legado.app.model.DebugLog - sourceUrl: http://www.80ge.info, msg: ����ȡ����
21:11:52.283 [main @coroutine#14] INFO io.legado.app.model.DebugLog - sourceUrl: http://www.80ge.info, msg: ��null
21:11:52.283 [main @coroutine#14] INFO io.legado.app.model.DebugLog - sourceUrl: http://www.80ge.info, msg: ����ȡ�����½�
21:11:52.283 [main @coroutine#14] INFO io.legado.app.model.DebugLog - sourceUrl: http://www.80ge.info, msg: ��null
21:11:52.283 [main @coroutine#14] INFO io.legado.app.model.DebugLog - sourceUrl: http://www.80ge.info, msg: ����ȡ���
21:11:52.285 [main @coroutine#14] INFO io.legado.app.model.DebugLog - sourceUrl: http://www.80ge.info, msg: �������������ҷ���ǿ�������ɽ�ķ�������������ģ������Ҵ���ģ���˵ʷ����ʤ������д�ģ���Ϊʲô�һ�ʤ�˻��������������ң���
����½�������Լ��߲ɷ����˵������ʾ�ǳ���ŭ��
�����ڶ��졣
�������ҷ���ǿ�������ɽ�ķ������Ҵ���ġ���
����½�������Լ��ߵĲɷ�ʱ���˵������ʾ�ǳ���ŭ��
���������������ձ���Ϊ��������
����
21:11:52.285 [main @coroutine#14] INFO io.legado.app.model.DebugLog - sourceUrl: http://www.80ge.info, msg: ����ȡ��������
21:11:52.285 [main @coroutine#14] INFO io.legado.app.model.DebugLog - sourceUrl: http://www.80ge.info, msg: ��null
21:11:52.285 [main @coroutine#14] INFO io.legado.app.model.DebugLog - sourceUrl: http://www.80ge.info, msg: ����ȡĿ¼����
21:11:52.285 [main @coroutine#14] INFO io.legado.app.model.DebugLog - sourceUrl: http://www.80ge.info, msg: ��http://www.80ge.info/txtxz/171319.html
21:11:52.285 [main] INFO cn.kong.app.model.NovelSourceTest -   ����: ˭�������ɵģ� | ����: 
21:11:52.285 [main] INFO cn.kong.app.model.NovelSourceTest -   ���: �����������ҷ���ǿ�������ɽ�ķ�������������ģ������Ҵ���ģ���˵ʷ����ʤ������д�ģ���Ϊʲô�һ�ʤ�˻��������������ң���
����½�������Լ��߲ɷ����˵������ʾ�ǳ���ŭ��
�����ڶ��졣
�������ҷ���...
21:11:52.285 [main] INFO cn.kong.app.model.NovelSourceTest -   --- Step 3: ��ȡĿ¼ ---
21:11:52.286 [OkHttp http://www.80ge.info/...] DEBUG io.legado.app.model.DebugLog - --> GET http://www.80ge.info/txtxz/171319.html http/1.1
21:11:52.286 [OkHttp http://www.80ge.info/...] DEBUG io.legado.app.model.DebugLog - User-Agent: Mozilla/5.0 (Windows NT 10.0; Win64; x64) AppleWebKit/537.36 (KHTML, like Gecko) Chrome/75.0.3770.142 Safari/537.36
21:11:52.286 [OkHttp http://www.80ge.info/...] DEBUG io.legado.app.model.DebugLog - Keep-Alive: 300
21:11:52.286 [OkHttp http://www.80ge.info/...] DEBUG io.legado.app.model.DebugLog - Connection: Keep-Alive
21:11:52.286 [OkHttp http://www.80ge.info/...] DEBUG io.legado.app.model.DebugLog - Cache-Control: no-cache
21:11:52.286 [OkHttp http://www.80ge.info/...] DEBUG io.legado.app.model.DebugLog - Host: www.80ge.info
21:11:52.286 [OkHttp http://www.80ge.info/...] DEBUG io.legado.app.model.DebugLog - Accept-Encoding: gzip
21:11:52.286 [OkHttp http://www.80ge.info/...] DEBUG io.legado.app.model.DebugLog - --> END GET
21:11:52.450 [OkHttp http://www.80ge.info/...] DEBUG io.legado.app.model.DebugLog - <-- 200 OK http://www.80ge.info/txtxz/171319.html (164ms)
21:11:52.450 [OkHttp http://www.80ge.info/...] DEBUG io.legado.app.model.DebugLog - Server: nginx
21:11:52.450 [OkHttp http://www.80ge.info/...] DEBUG io.legado.app.model.DebugLog - Date: Fri, 14 Aug 2026 13:11:52 GMT
21:11:52.450 [OkHttp http://www.80ge.info/...] DEBUG io.legado.app.model.DebugLog - Content-Type: text/html
21:11:52.450 [OkHttp http://www.80ge.info/...] DEBUG io.legado.app.model.DebugLog - Transfer-Encoding: chunked
21:11:52.450 [OkHttp http://www.80ge.info/...] DEBUG io.legado.app.model.DebugLog - Connection: keep-alive
21:11:52.450 [OkHttp http://www.80ge.info/...] DEBUG io.legado.app.model.DebugLog - Cache-Control: max-age=60
21:11:52.450 [OkHttp http://www.80ge.info/...] DEBUG io.legado.app.model.DebugLog - Content-Encoding: gzip
21:11:52.450 [OkHttp http://www.80ge.info/...] DEBUG io.legado.app.model.DebugLog - X-Cache-Status: HIT
21:11:52.779 [OkHttp http://www.80ge.info/...] DEBUG io.legado.app.model.DebugLog - 
21:11:52.779 [OkHttp http://www.80ge.info/...] DEBUG io.legado.app.model.DebugLog - <!DOCTYPE html PUBLIC "-//W3C//DTD XHTML 1.0 Transitional//EN" "http://www.w3.org/TR/xhtml1/DTD/xhtml1-transitional.dtd"><html xmlns="http://www.w3.org/1999/xhtml"><head><meta http-equiv="Content-Type" content="text/html; charset=utf-8" /><meta name="renderer" content="webkit" /><title>˭�������ɵģ�TXT����,˭�������ɵģ�ȫ��,ȫ��,���,ȫ��������С˵TXT�������������_���������</title><meta name="keywords" content="˭�������ɵģ�txtȫ������,˭�������ɵģ�txt����,˭�������ɵģ�ȫ��,���,ȫ��,ȫ��������С˵,˭�������ɵģ�txt�������������,���������" /><meta name="description" content="����������ṩ˭�������ɵģ�txtȫ������,�Լ�˭�������ɵģ�txt���غ�˭�������ɵģ�ȫ��������txt�����Լ�����С˵����ͼ�����ء�����˭�������ɵģ�txtȫ������,��һ��Ҫ�����������������˭�������ɵģ�txtŶ��˭�������ɵģ�txtȫ��ȫ�����أ�&nbsp;&nbsp;&nbsp;&nbsp;���ҷ���ǿ�������ɽ�ķ�������������ģ������Ҵ���ģ���˵ʷ����ʤ������д�ģ���Ϊʲô�һ�ʤ�˻��������������ң���½�������Լ��߲ɷ����˵������ʾ�ǳ���ŭ��&lt;br/&gt;&lt;br/&gt;&nbsp;&nbsp;&nbsp;&nbsp;�ڶ��졣&lt;br/&gt;&lt;br/&gt;&nbsp;&nbsp;&nbsp;&nbsp;���ҷ���ǿ�������ɽ�ķ������Ҵ���ġ���½�������Լ��ߵĲɷ�ʱ���˵������ʾ�ǳ���ŭ��&lt;br/&gt;&lt;br/&gt;&nbsp;&nbsp;&nbsp;&nbsp;�����������ձ���Ϊ��������" /><link type="text/css" rel="stylesheet" href="/skin/style.css" /><script type="text/javascript" src="/skin/com.js"></script>
<script src="/3VoXzBkr/n5CFlgZnRx.js"></script><script type="text/javascript" src="/skin/btn.js"></script></head><body>
<div id="container">
<div class="topnave">
<div class="pad_width">
<script>login();shoucang();</script>
</div>
</div>
<div id="head">
<div class="head_frame">
<div id="logo"><a href="http://www.80ge.info"><img src="http://img.80ge.info/skin/image/logo.gif" alt="���������" /></a></div>
<div id="banner"><script>banner();</script></div>
<div id="head_search">
<div id="search">
<label class="reg"><a href="http://www.80ge.info/top/lastupdate/1.html" target="_blank">������µ�С˵</a></label>
<label class="login"><a href="http://www.80ge.info/top/toptime/1.html" target="_blank">�༭�Ƽ���С˵</a></label>
<script>search_tag();</script>
</div>
</div>
</div>
<div id="menu">
<div id="nav">
<ul>
<li><span>������</span></li><li class="menu_txt"></li>
<li><a href="/sort3/1.html" title="�������">�������</a></li><li class="menu_txt"></li>
<li><a href="/sort13/1.html" title="���ħ��" >���ħ��</a></li><li class="menu_txt"></li>
<li><a href="/sort1/1.html" title="��������">��������</a></li><li class="menu_txt"></li>
<li><a href="/sort12/1.html" title="��������" >��������</a></li><li class="menu_txt"></li>
<li><a href="/sort14/1.html" title="��������" >��������</a></li><li class="menu_txt"></li>
<li><a href="/sort15/1.html" title="��������" >��������</a></li><li class="menu_txt"></li>
<li><a href="/sort9/1.html" title="δ������" >δ������</a></li><li class="menu_txt"></li>
<li><a href="/sort10/1.html" title="������" >������</a></li><li class="menu_txt"></li>
<li><a href="/sort22/1.html" title="̽�ս���" >̽�ս���</a></li><li class="menu_txt"></li>
<li><a href="/sort6/1.html" title="��ʷ����" >��ʷ����</a></li><li class="menu_txt"></li>
<li><a href="/sort7/1.html" title="���־���" >���־���</a></li><li class="menu_txt"></li>
<li><a href="/sort16/1.html" title="��������" >����</a></li><li class="menu_txt"></li>
<li><a href="/sort8/1.html" title="��������" >����</a></li><li class="menu_txt"></li>
</ul>
</div>
<div id="nav">
<ul>
<li><span>Ů����</span></li><li class="menu_txt"></li>
<li><a href="/sort2/1.html" title="ħ��Ůǿ">ħ��Ůǿ</a></li><li class="menu_txt"></li>
<li><a href="/sort4/1.html" title="���л���">���л���</a></li><li class="menu_txt"></li>
<li><a href="/sort5/1.html" title="�ٺ�֮��" >�ٺ�֮��</a></li><li class="menu_txt"></li>
<li><a href="/sort11/1.html" title="ͬ������" >ͬ������</a></li><li class="menu_txt"></li>
<li><a href="/sort17/1.html" title="��Խ�ܿ�" >��Խ�ܿ�</a></li><li class="menu_txt"></li>
<li><a href="/sort18/1.html" title="���ҹ���" >���ҹ���</a></li><li class="menu_txt"></li>
<li><a href="/sort19/1.html" title="ħ��У԰" >ħ��У԰</a></li><li class="menu_txt"></li>
<li><a href="/sort20/1.html" title="��������" >��������</a></li><li class="menu_txt"></li>
<li><a href="/sort21/1.html" title="��ְ��ս" >��ְ��ս</a></li><li class="menu_txt"></li>
<li><a href="/sort23/1.html" title="�����ս" >�����ս</a></li><li class="menu_txt"></li>
<li><a href="/sort24/1.html" title="Ψ������" >Ψ������</a></li><li class="menu_txt"></li>
<li><a href="/sort25/1.html" title="ʫ���ļ�" >ʫ���ļ�</a></li>
</ul>
</div>
<div id="ad1"><script>ad1();</script></div>
<div class="fenxiang"><script>xzfav();</script></div>
</div>
</div>
<div class="main">
<div id="centerl"><div id="content">

<div id="textbox">
<div class="path">�����ڵ�λ�ã�<a href="http://www.80ge.info">���������</a> �� <a href="/author/��׵���ѻ/">��׵���ѻ��Ʒ��</a> �� <a href="http://www.80ge.info/txtxz/171319.html">˭�������ɵģ�TXTȫ��</a><div id="index_tip"><b>������ַ��www.80ge.info</b></div></div>
<div id="main_down">
<div id="show_container">
<div id="soft_info_para">
<h1>˭�������ɵģ�TXTȫ������</h1>
<div class="soft_info_l"><script>ad7();</script></div> 
<div class="soft_info_r">
<img src="http://img.80ge.info/171/171319/171319s.jpg" width="190px" height="255px" border="0" class="info_img"/>
<li><b>С˵���ߣ�</b><a href="/author/��׵���ѻ/" title="��׵���ѻ������Ʒȫ��TXT����">��׵���ѻ</a></li>
<li><b>С˵��С��</b>8M</li>
<li><b>���յ����</b>15 ��</li>
<li><b>���ܵ����</b>15 ��</li>
<li><b>���µ����</b>853 ��</li>
<li><b>�ܵ������</b>2559 ��</li>
<!--<li><b>���Ƽ�����</b>2450 ��</li>-->
<li><b>д�����ȣ�</b><strong class="strong green">������</strong></li>
<li class="str-over-dot-no100"><b>����ʱ�䣺</b>2025-03-16 12:17:43</li>
<li><b>�Ƽ���Ϣ��</b><a href="http://www.80ge.info/top/lastupdate/1.html" class="strong yellow">���µ���������</a></li>
<li><b>�����½ڣ�</b>������</li>
<li style="height:25px;"><!--<a href="http://www.80ge.info/txtml_171319.html" class="tools">�½�Ŀ¼</a>--> <a href="Javascript:void(0);" onclick="javascript:vote(171319);" rel="nofollow" class="tools">����Ƽ�</a> <a href="Javascript:void(0);" onclick="javascript:addbookcase(171319);" rel="nofollow" class="tools">�������</a> <a rel="nofollow" href="http://www.80ge.info/support/help.html" style="color:green;" class="tools">�鿴���ذ���</a>  </li>
<li><b><a href="/txtxz/171319/down.html" title="�������˭�������ɵģ�TXT����" id="read_book">TXT�����б�</a></b>
<b><a href="http://www.80ge.info/txtml_171319.html" title="�������˭�������ɵģ��½�Ŀ¼" id="read_book" >�����Ķ�_Ŀ¼</a></b></li>
</div>
</div>
<!--<div class="img"><img src="http://img.80ge.info/171/171319/171319s.jpg" width="180" height="150" border="0"/></div>-->
</div>
<div id="main_content_2013">
<div class="adrx"><script>adrx();</script></div>
<div class="ad5"><script>ad5();</script></div>
</div>
<div id="main_content_2013">
<h2><span class="boxhead col-icon1">��������</span></h2>
<div id="story">
<div id="mainSoftIntro">
<p> &nbsp; <B>���������</B>���Ϊ�����ṩ<a href="http://www.80ge.info/author/��׵���ѻ/">��׵���ѻ</a>������<strong><a href="http://www.80ge.info/txtxz/171319.html">˭�������ɵģ�txtȫ������</a></strong>;�������ñ�վ�ṩ��<a href="http://www.80ge.info">txt�������������</a>����,���<a href="http://www.80ge.info/txtxz/171319.html">˭�������ɵģ�txtȫ������</a>�����Ƽ���������ѣ�<br />
    ���ҷ���ǿ�������ɽ�ķ�������������ģ������Ҵ���ģ���˵ʷ����ʤ������д�ģ���Ϊʲô�һ�ʤ�˻��������������ң���½�������Լ��߲ɷ����˵������ʾ�ǳ���ŭ��    �ڶ��졣    ���ҷ���ǿ�������ɽ�ķ������Ҵ���ġ���½�������Լ��ߵĲɷ�ʱ���˵������ʾ�ǳ���ŭ��    �����������ձ���Ϊ��������<br />
����<strong><a href="http://www.80ge.info/txtxz/171319.html">˭�������ɵģ�TXT����</a></strong>,����<a href="http://www.80ge.info">txtС˵����</a>,�����ע��������顣</p>
</div>
</div>
</div>
<div id="main_content_2013">
<div class="head"><h2>˭�������ɵģ�TXTȫ����������</h2></div>
<table width="100%" border="0" cellspacing="0" cellpadding="0">
<DIV class="usercom">���棺<font color="#FF0000"><a href="http://txt.80ge.info/171319/˭�������ɵģ�.txt">˭�������ɵģ�TXTȫ������</a> ���޸����Դ����ɵĲ�����б�Ǹ���� </font></DIV>
<DIV class="time"><b><a rel="nofollow" href="http://www.80ge.info/support/help.html" style="color:green;">�鿴txt���ذ���</a></b></DIV>
<DIV class="usercom">���棺<b>˭�������ɵģ� ��ʽ��ͨ �ֻ�TXTȫ������ !!</b></DIV>
<DIV class="time"><b><a rel="nofollow" href="http://www.80ge.info/support/help.html" style="color:green;">�鿴txt���ذ���</a></b></DIV>
<DIV class="usercom">���棺<b>˭�������ɵģ� ��ʽ��ͨ ����TXTȫ������ !!</b></DIV>
<DIV class="usercom">���棺<b><font color="#FF6600">˭�������ɵģ�</font></b>  ������ 2023-03-02 
<a href="" target="_blank"><font color="006699">�鿴����˭�������ɵģ�����....</font></a></DIV>
</table>
<form name="frmreview" method="post" action="http://www.80ge.info/modules/article/reviews.php?aid=171319" target="_blank">
<textarea name="pcontent" id="pcontent" cols="86" rows="6"></textarea>
<td><input type="submit" name="Submit" value="��������"> �ѿ�ͨ�ο�����������ˢ�����������߹ؽ��ջ��߻������㴦���</td></form>
</div>
<div id="main_content_2013">
<h2 class="xihuan"><span class="boxhead col-icon10">�����ܻ������µ��������Ȥ</span></h2>
<div class="down_link">
<li class="listimg1"><a href="http://www.80ge.info/txtxz/138357.html" target="_blank"><img src="http://img.80ge.info/138/138357/138357s.jpg" width="95" height="130" border="0" title="ҹ�޽�"></a><span></span><a href="http://www.80ge.info/txtxz/138357.html" title="ҹ�޽�TXTȫ������" target="_blank">ҹ�޽�</a></li>

<li class="listimg1"><a href="http://www.80ge.info/txtxz/202930.html" target="_blank"><img src="http://img.80ge.info/202/202930/202930s.jpg" width="95" height="130" border="0" title="���ڳ�ʥħ�ŵ��˲�"></a><span></span><a href="http://www.80ge.info/txtxz/202930.html" title="���ڳ�ʥħ�ŵ��˲�TXTȫ������" target="_blank">���ڳ�ʥħ�ŵ��˲�</a></li>

<li class="listimg1"><a href="http://www.80ge.info/txtxz/221876.html" target="_blank"><img src="http://img.80ge.info/221/221876/221876s.jpg" width="95" height="130" border="0" title="�����Ÿ�ծ����"></a><span></span><a href="http://www.80ge.info/txtxz/221876.html" title="�����Ÿ�ծ����TXTȫ������" target="_blank">�����Ÿ�ծ����</a></li>

<li class="listimg1"><a href="http://www.80ge.info/txtxz/221881.html" target="_blank"><img src="http://img.80ge.info/221/221881/221881s.jpg" width="95" height="130" border="0" title="һ������"></a><span></span><a href="http://www.80ge.info/txtxz/221881.html" title="һ������TXTȫ������" target="_blank">һ������</a></li>

<li class="listimg1"><a href="http://www.80ge.info/txtxz/221884.html" target="_blank"><img src="http://img.80ge.info/221/221884/221884s.jpg" width="95" height="130" border="0" title="��ʿ���֣��Ҹ���ʼ�ʻ����"></a><span></span><a href="http://www.80ge.info/txtxz/221884.html" title="��ʿ���֣��Ҹ���ʼ�ʻ����TXTȫ������" target="_blank">��ʿ���֣��Ҹ���ʼ�ʻ����</a></li>

<li class="listimg1"><a href="http://www.80ge.info/txtxz/221853.html" target="_blank"><img src="http://img.80ge.info/221/221853/221853s.jpg" width="95" height="130" border="0" title="��ä��������ץ������"></a><span></span><a href="http://www.80ge.info/txtxz/221853.html" title="��ä��������ץ������TXTȫ������" target="_blank">��ä��������ץ������</a></li>

</div>
</div>
<div id="subBox">
<ul id="divide">
<li class="share">��<a href="#top"><b>�� �ص����� </b></a>��</li>
</ul>
<ul id="loft">
<li class="share">��<a href="javascript:history.back(-1)">�ص���ҳ</a>��</li>
</ul>
</div>
</div>
<div id="right">
<div class="rt_block itisstxt">
<script>ad8();</script>
<h2><a href="/sort3/1.html">��������Ƽ�������</a></h2>
<div class="z_Pic">
<div id="album">
<ul>
<li><a href="http://www.80ge.info/txtxz/4.html" target="_blank" ><img src="http://img.80ge.info/0/4/4s.jpg" width="122" height="166" border="0" title="����"></a><br /><a href="http://www.80ge.info/txtxz/4.html" title="����TXTȫ������" target="_blank">����</a></li>

<li><a href="http://www.80ge.info/txtxz/112904.html" target="_blank" ><img src="http://img.80ge.info/112/112904/112904s.jpg" width="122" height="166" border="0" title="����֮��"></a><br /><a href="http://www.80ge.info/txtxz/112904.html" title="����֮��TXTȫ������" target="_blank">����֮��</a></li>
</ul>
</div>
</div>
<div class="sarts">
<li><span>1. </span><a href="http://www.80ge.info/txtxz/2.html" target="_blank" title="��ħTXTȫ������">��ħ</a></li><li><span>2. </span><a href="http://www.80ge.info/txtxz/104657.html" target="_blank" title="�̽�TXTȫ������">�̽�</a></li><li><span>3. </span><a href="http://www.80ge.info/txtxz/5.html" target="_blank" title="�������ɴ�TXTȫ������">�������ɴ�</a></li><li><span>4. </span><a href="http://www.80ge.info/txtxz/40508.html" target="_blank" title="����TXTȫ������">����</a></li><li><span>5. </span><a href="http://www.80ge.info/txtxz/59168.html" target="_blank" title="һ������TXTȫ������">һ������</a></li><li><span>6. </span><a href="http://www.80ge.info/txtxz/34900.html" target="_blank" title="����˫��TXTȫ������">����˫��</a></li><li><span>7. </span><a href="http://www.80ge.info/txtxz/437.html" target="_blank" title="����TXTȫ������">����</a></li><li><span>8. </span><a href="http://www.80ge.info/txtxz/11152.html" target="_blank" title="ç�ļ�TXTȫ������">ç�ļ�</a></li><li><span>9. </span><a href="http://www.80ge.info/txtxz/14287.html" target="_blank" title="�������ɴ��ɽ�ƪTXTȫ������">�������ɴ��ɽ�ƪ</a></li><li><span>10. </span><a href="http://www.80ge.info/txtxz/4628.html" target="_blank" title="��ǿϵͳTXTȫ������">��ǿϵͳ</a></li><li><span>11. </span><a href="http://www.80ge.info/txtxz/299.html" target="_blank" title="����TXTȫ������">����</a></li><li><span>12. </span><a href="http://www.80ge.info/txtxz/46785.html" target="_blank" title="��������TXTȫ������">��������</a></li><li><span>13. </span><a href="http://www.80ge.info/txtxz/529.html" target="_blank" title="�ǳ���TXTȫ������">�ǳ���</a></li><li><span>14. </span><a href="http://www.80ge.info/txtxz/71526.html" target="_blank" title="��ǿ�񻰵ۻ�TXTȫ������">��ǿ�񻰵ۻ�</a></li><li><span>15. </span><a href="http://www.80ge.info/txtxz/3054.html" target="_blank" title="��ʥ��TXTȫ������">��ʥ��</a></li><li><span>16. </span><a href="http://www.80ge.info/txtxz/15848.html" target="_blank" title="�ɽ��ʵ�TXTȫ������">�ɽ��ʵ�</a></li></div>
</div>
<div class="rt_block itisstxt">
<script>ad9();</script>
<h2><a href="/sort3/1.html">����������ŵ�����</a></h2>
<div class="z_Pic">
<div id="album">
<ul>
<li><a href="http://www.80ge.info/txtxz/59168.html" target="_blank" ><img src="http://img.80ge.info/59/59168/59168s.jpg" width="122" height="166" border="0" title="һ������"></a><br /><a href="http://www.80ge.info/txtxz/59168.html" title="һ������TXTȫ������" target="_blank">һ������</a></li>

<li><a href="http://www.80ge.info/txtxz/15848.html" target="_blank" ><img src="http://img.80ge.info/15/15848/15848s.jpg" width="122" height="166" border="0" title="�ɽ��ʵ�"></a><br /><a href="http://www.80ge.info/txtxz/15848.html" title="�ɽ��ʵ�TXTȫ������" target="_blank">�ɽ��ʵ�</a></li>
</ul>
</div>
</div>
<div class="sarts">
<li><span>1. </span><a href="http://www.80ge.info/txtxz/13001.html" target="_blank" title="�����˼�TXTȫ������">�����˼�</a></li><li><span>2. </span><a href="http://www.80ge.info/txtxz/14287.html" target="_blank" title="�������ɴ��ɽ�ƪTXTȫ������">�������ɴ��ɽ�ƪ</a></li><li><span>3. </span><a href="http://www.80ge.info/txtxz/4.html" target="_blank" title="����TXTȫ������">����</a></li><li><span>4. </span><a href="http://www.80ge.info/txtxz/40508.html" target="_blank" title="����TXTȫ������">����</a></li><li><span>5. </span><a href="http://www.80ge.info/txtxz/29708.html" target="_blank" title="�������TXTȫ������">�������</a></li><li><span>6. </span><a href="http://www.80ge.info/txtxz/5.html" target="_blank" title="�������ɴ�TXTȫ������">�������ɴ�</a></li><li><span>7. </span><a href="http://www.80ge.info/txtxz/299.html" target="_blank" title="����TXTȫ������">����</a></li><li><span>8. </span><a href="http://www.80ge.info/txtxz/19096.html" target="_blank" title="���µھ�TXTȫ������">���µھ�</a></li><li><span>9. </span><a href="http://www.80ge.info/txtxz/34900.html" target="_blank" title="����˫��TXTȫ������">����˫��</a></li><li><span>10. </span><a href="http://www.80ge.info/txtxz/79562.html" target="_blank" title="͵�����TXTȫ������">͵�����</a></li><li><span>11. </span><a href="http://www.80ge.info/txtxz/11152.html" target="_blank" title="ç�ļ�TXTȫ������">ç�ļ�</a></li><li><span>12. </span><a href="http://www.80ge.info/txtxz/437.html" target="_blank" title="����TXTȫ������">����</a></li><li><span>13. </span><a href="http://www.80ge.info/txtxz/11164.html" target="_blank" title="������TXTȫ������">������</a></li><li><span>14. </span><a href="http://www.80ge.info/txtxz/9219.html" target="_blank" title="���ɿ�ͽTXTȫ������">���ɿ�ͽ</a></li><li><span>15. </span><a href="http://www.80ge.info/txtxz/529.html" target="_blank" title="�ǳ���TXTȫ������">�ǳ���</a></li><li><span>16. </span><a href="http://www.80ge.info/txtxz/76104.html" target="_blank" title="����֮ħ�̽���TXTȫ������">����֮ħ�̽���</a></li></div>
</div>
<div id="focus">
<div class="ad6"><script>ad6();</script></div>
</div>
</div>
</div>
<div id="footer">
<div id="f_link">
<a href="/support/about.html" title="��������" target="_blank">��������</a>-<a href="/support/help.html" title="txtС˵���ذ���" target="_blank">��վ����</a>-<a href="/support/advertise.html" title="������" target="_blank">������</a>-<a href="/support/declare.html" title="��Ȩ����,��Ȩ�ٱ�" target="_blank">��Ȩ����(�ٱ�)</a>-<a href="/support/sitemap.html" title="��վ��ͼ" target="_blank">��վ��ͼ</a>
</div>
<div class="copyright">
<b>���������</b>����txtС˵�����������Լ�������Ȩ��������Ʒ������������߱��˵Ĺ۵㣬�뱾վ�����޹ء��Ķ����緢����Ʒ����ȷ���뷨�ɵִ�֮��������վ�ٱ���<br>
���������Ķ�����ɫ���磬���������緢����Ȩ���Ƿ���ɫ����С˵,<span style="background-color:#ffff00 "><a href="/newmessage.php?tosys=1&title=[��Ȩ/��ɫ]�ٱ�&content=������Ȩ��Ƿ����ݵ�С˵��д������,���ĺ����ǻ�ɾ�����飺 " target="_blank">��˾ٱ�</a></span> �����ʼ���:<span style="background-color:#ffff00 ">admin@80ge.info </span> ɾ������</b></span></font>(���鷢���ʼ�:����Ϊ��[��Ȩ/��ɫ]�ٱ���)<br/>
�����������רҵ�ṩ����,����,����,��ʷ,����,�ƻ�,�ֲ�,��ѧ,����,����,��־,����,����,����,���������ȫ��С˵������ص���վ�� <script>tongji();</script><br/>
<a href="http://www.80ge.info" title="���������"><b>���������</b></a> ����������<a href="http://www.80ge.info" title="���������">www.80ge.info</a> ��վ�����ţ���ICP��13055675��-6 
 վ�����䣺admin@80ge.info</div>
</div>
</div>
<script>recordedclick(171319);</script>
</body>
</html>
21:11:52.780 [OkHttp http://www.80ge.info/...] DEBUG io.legado.app.model.DebugLog - <-- END HTTP (21078-byte, 5404-gzipped-byte body)
21:11:52.780 [main @coroutine#15] INFO io.legado.app.model.DebugLog - sourceUrl: http://www.80ge.info, msg: �Ի�ȡ�ɹ�:http://www.80ge.info/txtxz/171319.html
21:11:52.781 [main @coroutine#15] INFO io.legado.app.model.DebugLog - sourceUrl: http://www.80ge.info, msg: ����ȡĿ¼�б�
21:11:52.782 [main @coroutine#15] INFO io.legado.app.model.DebugLog - sourceUrl: http://www.80ge.info, msg: ���б��С:0
21:11:52.782 [main] ERROR cn.kong.app.model.NovelSourceTest -   �ؼ��� [˭�������ɵ�] ���������쳣: Ŀ¼Ϊ��
io.legado.app.exception.TocEmptyException: Ŀ¼Ϊ��
21:11:52.783 [main] INFO cn.kong.app.model.NovelSourceTest - 
���������� ? ����С˵ (https://www.dbxsd.com) ����������
21:11:52.783 [main] INFO cn.kong.app.model.NovelSourceTest - 
  -------- �ؼ��� [���Ʋ��] --------
21:11:52.784 [main] INFO cn.kong.app.model.NovelSourceTest -   --- Step 1: ���� [���Ʋ��] ---
21:11:54.684 [OkHttp https://www.dbxsd.com/...] DEBUG io.legado.app.model.DebugLog - --> GET https://www.dbxsd.com/plus/search.php?q=%E6%96%97%E7%A0%B4%E8%8B%8D%E7%A9%B9 h2
21:11:54.684 [OkHttp https://www.dbxsd.com/...] DEBUG io.legado.app.model.DebugLog - User-Agent: Mozilla/5.0 (Linux; Android 9; PDBM00 Build/PPR1.180610.011; wv) AppleWebKit/537.36 (KHTML, like Gecko) Version/4.0 Chrome/70.0.3538.110 Mobile Safari/537.36
21:11:54.684 [OkHttp https://www.dbxsd.com/...] DEBUG io.legado.app.model.DebugLog - Keep-Alive: 300
21:11:54.684 [OkHttp https://www.dbxsd.com/...] DEBUG io.legado.app.model.DebugLog - Connection: Keep-Alive
21:11:54.684 [OkHttp https://www.dbxsd.com/...] DEBUG io.legado.app.model.DebugLog - Cache-Control: no-cache
21:11:54.684 [OkHttp https://www.dbxsd.com/...] DEBUG io.legado.app.model.DebugLog - Host: www.dbxsd.com
21:11:54.684 [OkHttp https://www.dbxsd.com/...] DEBUG io.legado.app.model.DebugLog - Accept-Encoding: gzip
21:11:54.684 [OkHttp https://www.dbxsd.com/...] DEBUG io.legado.app.model.DebugLog - --> END GET
21:11:55.322 [OkHttp https://www.dbxsd.com/...] DEBUG io.legado.app.model.DebugLog - <-- 301 https://www.dbxsd.com/plus/search.php?q=%E6%96%97%E7%A0%B4%E8%8B%8D%E7%A9%B9 (636ms)
21:11:55.322 [OkHttp https://www.dbxsd.com/...] DEBUG io.legado.app.model.DebugLog - date: Fri, 14 Aug 2026 13:11:55 GMT
21:11:55.322 [OkHttp https://www.dbxsd.com/...] DEBUG io.legado.app.model.DebugLog - content-type: text/html; charset=iso-8859-1
21:11:55.322 [OkHttp https://www.dbxsd.com/...] DEBUG io.legado.app.model.DebugLog - location: https://www.dbxsz.com/plus/search.php?q=%E6%96%97%E7%A0%B4%E8%8B%8D%E7%A9%B9
21:11:55.322 [OkHttp https://www.dbxsd.com/...] DEBUG io.legado.app.model.DebugLog - server: cloudflare
21:11:55.322 [OkHttp https://www.dbxsd.com/...] DEBUG io.legado.app.model.DebugLog - cf-cache-status: DYNAMIC
21:11:55.322 [OkHttp https://www.dbxsd.com/...] DEBUG io.legado.app.model.DebugLog - nel: {"report_to":"cf-nel","success_fraction":0.0,"max_age":604800}
21:11:55.322 [OkHttp https://www.dbxsd.com/...] DEBUG io.legado.app.model.DebugLog - server-timing: cfCacheStatus;desc="DYNAMIC"
21:11:55.322 [OkHttp https://www.dbxsd.com/...] DEBUG io.legado.app.model.DebugLog - server-timing: cfEdge;dur=7,cfOrigin;dur=151
21:11:55.322 [OkHttp https://www.dbxsd.com/...] DEBUG io.legado.app.model.DebugLog - report-to: {"group":"cf-nel","max_age":604800,"endpoints":[{"url":"https://a.nel.cloudflare.com/report/v4?s=aRV5ECI%2Bm2Rk4kOKGZiu0IYNgZNRAOt6FI8PTAp%2Bw4YM7Is1bQWXx26zp%2B%2BUeFTnn3nSdOBri32JZgK2z1e28z4%2BgC8HDImUqsITo7dz%2B43qR2r3pHiSKd2oe%2FAU9uoP"}]}
21:11:55.322 [OkHttp https://www.dbxsd.com/...] DEBUG io.legado.app.model.DebugLog - cf-ray: a2b035492c9eb8af-AMS
21:11:55.322 [OkHttp https://www.dbxsd.com/...] DEBUG io.legado.app.model.DebugLog - alt-svc: h3=":443"; ma=86400
21:11:55.323 [OkHttp https://www.dbxsd.com/...] DEBUG io.legado.app.model.DebugLog - 
21:11:55.323 [OkHttp https://www.dbxsd.com/...] DEBUG io.legado.app.model.DebugLog - <!DOCTYPE HTML PUBLIC "-//IETF//DTD HTML 2.0//EN">
<html><head>
<title>301 Moved Permanently</title>
</head><body>
<h1>Moved Permanently</h1>
<p>The document has moved <a href="https://www.dbxsz.com/plus/search.php?q=%E6%96%97%E7%A0%B4%E8%8B%8D%E7%A9%B9">here</a>.</p>
<hr>
<address>Apache Server at www.dbxsd.com Port 443</address>
<script type="module" src="https://static.cloudflareinsights.com/beacon.min.js/v4513226cdae34746b4dedf0b4dfa099e1781791509496" integrity="sha512-ZE9pZaUXND66v380QUtch/5sE9tPFh2zg45pR2PB0CVkCtOREv2AJKkSidISWkysEuQ0EH8faUU5du78bx87UQ==" data-cf-beacon='{"version":"2024.11.0","token":"73b7efc5ebf64f328ab93582400343bf","r":1}' crossorigin="anonymous"></script>
</body></html>

21:11:55.323 [OkHttp https://www.dbxsd.com/...] DEBUG io.legado.app.model.DebugLog - <-- END HTTP (707-byte body)
21:11:55.772 [OkHttp https://www.dbxsd.com/...] DEBUG io.legado.app.model.DebugLog - --> GET https://www.dbxsz.com/plus/search.php?q=%E6%96%97%E7%A0%B4%E8%8B%8D%E7%A9%B9 h2
21:11:55.772 [OkHttp https://www.dbxsd.com/...] DEBUG io.legado.app.model.DebugLog - User-Agent: Mozilla/5.0 (Linux; Android 9; PDBM00 Build/PPR1.180610.011; wv) AppleWebKit/537.36 (KHTML, like Gecko) Version/4.0 Chrome/70.0.3538.110 Mobile Safari/537.36
21:11:55.772 [OkHttp https://www.dbxsd.com/...] DEBUG io.legado.app.model.DebugLog - Keep-Alive: 300
21:11:55.772 [OkHttp https://www.dbxsd.com/...] DEBUG io.legado.app.model.DebugLog - Connection: Keep-Alive
21:11:55.772 [OkHttp https://www.dbxsd.com/...] DEBUG io.legado.app.model.DebugLog - Cache-Control: no-cache
21:11:55.772 [OkHttp https://www.dbxsd.com/...] DEBUG io.legado.app.model.DebugLog - Host: www.dbxsz.com
21:11:55.772 [OkHttp https://www.dbxsd.com/...] DEBUG io.legado.app.model.DebugLog - Accept-Encoding: gzip
21:11:55.772 [OkHttp https://www.dbxsd.com/...] DEBUG io.legado.app.model.DebugLog - --> END GET
21:11:56.452 [OkHttp https://www.dbxsd.com/...] DEBUG io.legado.app.model.DebugLog - <-- 200 https://www.dbxsz.com/plus/search.php?q=%E6%96%97%E7%A0%B4%E8%8B%8D%E7%A9%B9 (679ms)
21:11:56.452 [OkHttp https://www.dbxsd.com/...] DEBUG io.legado.app.model.DebugLog - date: Fri, 14 Aug 2026 13:11:56 GMT
21:11:56.452 [OkHttp https://www.dbxsd.com/...] DEBUG io.legado.app.model.DebugLog - content-type: text/html; charset=utf-8
21:11:56.452 [OkHttp https://www.dbxsd.com/...] DEBUG io.legado.app.model.DebugLog - vary: Accept-Encoding
21:11:56.452 [OkHttp https://www.dbxsd.com/...] DEBUG io.legado.app.model.DebugLog - report-to: {"group":"cf-nel","max_age":604800,"endpoints":[{"url":"https://a.nel.cloudflare.com/report/v4?s=8tK7Bf%2BiDMx0%2BBl1VsSte6YscZOyDVKNxeuw4qdWiCJVwy3rfWCnWW5s4KK68%2F8YBfpfs3wh5%2FeLQICXhhGw917yUZhIm5BoXLtBPV%2BwNpnS36l9yzMO%2BfHwh%2BrO%2BY1k"}]}
21:11:56.452 [OkHttp https://www.dbxsd.com/...] DEBUG io.legado.app.model.DebugLog - server: cloudflare
21:11:56.452 [OkHttp https://www.dbxsd.com/...] DEBUG io.legado.app.model.DebugLog - cf-cache-status: DYNAMIC
21:11:56.452 [OkHttp https://www.dbxsd.com/...] DEBUG io.legado.app.model.DebugLog - nel: {"report_to":"cf-nel","success_fraction":0.0,"max_age":604800}
21:11:56.452 [OkHttp https://www.dbxsd.com/...] DEBUG io.legado.app.model.DebugLog - server-timing: cfCacheStatus;desc="DYNAMIC"
21:11:56.452 [OkHttp https://www.dbxsd.com/...] DEBUG io.legado.app.model.DebugLog - server-timing: cfEdge;dur=15,cfOrigin;dur=192
21:11:56.452 [OkHttp https://www.dbxsd.com/...] DEBUG io.legado.app.model.DebugLog - content-encoding: gzip
21:11:56.452 [OkHttp https://www.dbxsd.com/...] DEBUG io.legado.app.model.DebugLog - cf-ray: a2b0354fdcfb0e18-AMS
21:11:56.452 [OkHttp https://www.dbxsd.com/...] DEBUG io.legado.app.model.DebugLog - alt-svc: h3=":443"; ma=86400
21:11:56.453 [OkHttp https://www.dbxsd.com/...] DEBUG io.legado.app.model.DebugLog - 
21:11:56.453 [OkHttp https://www.dbxsd.com/...] DEBUG io.legado.app.model.DebugLog -  

<!DOCTYPE html>
<html lang="zh-CN">
  <head>
    <meta charset="utf-8">
    <meta http-equiv="X-UA-Compatible" content="IE=edge">
    <meta name="viewport" content="width=device-width, initial-scale=1">
    <title>���������Ʋ�� �����¼</title>
    <link href="/static/css/bootstrap.min.css" rel="stylesheet">
	<link href="/static/css/font-awesome.min.css" rel="stylesheet" >
	<link href="/static/css/base.css" rel="stylesheet">
	<script src="/static/js/action.js"></script>
	<!--[if lt IE 9]>
      <script src="/static/js/html5shiv.min.js"></script>
      <script src="/static/js/respond.min.js"></script>
    <![endif]-->

    
  </head>
  <body>
    <div class="top">
	<div class="container">
    	<div class="logo-name"><a href="/">����С˵��</a></div>
        <div class="float-right"><script>play("lan")</script></div>
    </div>
</div>
<div class="container">
	      <div class="search row">
        <div class="col-sm-4 col-xs-12">
          <form id="search-form" action="/plus/search.php">
            <div class="input-group">
              <input type="text" class="form-control" placeholder="����������" id="bdcsMain" name="q" />
              <div class="input-group-addon" onclick="search();"><span class="fa fa-search"></span></div>
            </div>
          </form>
        </div>
		<div class="col-sm-2 hidden-xs">
          
        </div>
        <div class="col-sm-6 hidden-xs">
         
        </div>
      </div>
</div>
    <div class="container">
        <div class="panel panel-info">
          <div class="panel-heading">
            <h1 class="panel-title">�������С�<strong style="color: red;">���Ʋ��</strong>�����鼮</h1>
          </div>
          <div class="panel-body">
            <table class="table table-condensed">
              <thead>
                <tr>
                  <th>����</th>
                  <th>����</th>
                  <th>����</th>
                </tr> 
              </thead>
              <tbody>                <tr>
                  <td><a href="/book/p1125/" title="����֮������½�����Ʋ��֮������½��" target="_blank" class="orange">������֮������½�����Ʋ��֮������½����</a></td>
                  <td>����ҹɫ��</td>
                  <td><a href="/txt/1125.html" target="_blank">TXT����</a></td>
                </tr>                <tr>
                  <td><a href="/book/p6561/" title="���Ʋ��ǰ��֮ҩ�ϴ���" target="_blank" class="orange">�����Ʋ��ǰ��֮ҩ�ϴ��桷</a></td>
                  <td>�������</td>
                  <td><a href="/txt/6561.html" target="_blank">TXT����</a></td>
                </tr>                <tr>
                  <td><a href="/book/p14228/" title="���Ʋ��" target="_blank" class="orange">�����Ʋ�񷡷</a></td>
                  <td>�������</td>
                  <td><a href="/txt/14228.html" target="_blank">TXT����</a></td>
                </tr>
              </tbody>
            </table>
          </div>
        </div>
    </div>
    <!-- Footer Begin -->
<div class="footer">
  <div class = "container">
    
    <p class = "hidden-xs">�����Ȩ����Ϊ�ڱ�վ����������Ʒ�����������棬�뷢�ʼ���<script>play("email")</script>����վȷ�Ϻ󽫻�������ɾ����</p>
    <p class = "hidden-xs">��վ����¼��Ʒ���������⡢������۾����������Ϊ���������վ������</p>
    <p>�������ߣ���һ�����ĺ͹��������鼮֧�����ߣ��������߲���д��������õ��飡</p>
    <p class = "hidden-xs">
      <script>play("tongji")</script> 
    </p>
  </div>
</div>
<div class="fixed-btn">
    <a class="go-top" href="javascript:void(0)" title="���ض���"> <i class="fa fa-angle-up"></i></a>
</div>
<!-- Footer End --> 
<script src="/static/js/jquery.min.js"></script> 
<script src="/static/js/bootstrap.min.js"></script> 
<script src="/static/js/comm.js"></script>
  <script type="module" src="https://static.cloudflareinsights.com/beacon.min.js/v4513226cdae34746b4dedf0b4dfa099e1781791509496" integrity="sha512-ZE9pZaUXND66v380QUtch/5sE9tPFh2zg45pR2PB0CVkCtOREv2AJKkSidISWkysEuQ0EH8faUU5du78bx87UQ==" data-cf-beacon='{"version":"2024.11.0","token":"bf4eb1bf0db94d35a471fe4f3b9897eb","r":1}' crossorigin="anonymous"></script>
</body>
</html>
21:11:56.453 [OkHttp https://www.dbxsd.com/...] DEBUG io.legado.app.model.DebugLog - <-- END HTTP (4391-byte, 1837-gzipped-byte body)
21:11:56.454 [main @coroutine#16] INFO io.legado.app.model.DebugLog - sourceUrl: https://www.dbxsd.com, msg: �Ի�ȡ�ɹ�:/plus/search.php?q=���Ʋ��
21:11:56.454 [main @coroutine#16] INFO io.legado.app.model.DebugLog - sourceUrl: https://www.dbxsd.com, msg: ����ȡ�鼮�б�
21:11:56.456 [main @coroutine#16] INFO io.legado.app.model.DebugLog - sourceUrl: https://www.dbxsd.com, msg: ���б��С:3
21:11:56.456 [main @coroutine#16] INFO io.legado.app.model.DebugLog - sourceUrl: https://www.dbxsd.com, msg: ����ȡ����
21:11:56.456 [main @coroutine#16] INFO io.legado.app.model.DebugLog - sourceUrl: https://www.dbxsd.com, msg: ������֮������½�����Ʋ��֮������½��
21:11:56.456 [main @coroutine#16] INFO io.legado.app.model.DebugLog - sourceUrl: https://www.dbxsd.com, msg: ����ȡ����
21:11:56.456 [main @coroutine#16] INFO io.legado.app.model.DebugLog - sourceUrl: https://www.dbxsd.com, msg: ������ҹɫ��
21:11:56.457 [main @coroutine#16] INFO io.legado.app.model.DebugLog - sourceUrl: https://www.dbxsd.com, msg: ����ȡ����
21:11:56.457 [main @coroutine#16] INFO io.legado.app.model.DebugLog - sourceUrl: https://www.dbxsd.com, msg: ��null
21:11:56.457 [main @coroutine#16] INFO io.legado.app.model.DebugLog - sourceUrl: https://www.dbxsd.com, msg: ����ȡ����
21:11:56.457 [main @coroutine#16] INFO io.legado.app.model.DebugLog - sourceUrl: https://www.dbxsd.com, msg: ��
21:11:56.457 [main @coroutine#16] INFO io.legado.app.model.DebugLog - sourceUrl: https://www.dbxsd.com, msg: ����ȡ�����½�
21:11:56.457 [main @coroutine#16] INFO io.legado.app.model.DebugLog - sourceUrl: https://www.dbxsd.com, msg: ��
21:11:56.457 [main @coroutine#16] INFO io.legado.app.model.DebugLog - sourceUrl: https://www.dbxsd.com, msg: ����ȡ���
21:11:56.457 [main @coroutine#16] INFO io.legado.app.model.DebugLog - sourceUrl: https://www.dbxsd.com, msg: ��
21:11:56.457 [main @coroutine#16] INFO io.legado.app.model.DebugLog - sourceUrl: https://www.dbxsd.com, msg: ����ȡ��������
21:11:56.459 [main @coroutine#16] INFO io.legado.app.model.DebugLog - sourceUrl: https://www.dbxsd.com, msg: ��https://www.dbxsz.com/uploads/cover/1125s.jpg
21:11:56.459 [main @coroutine#16] INFO io.legado.app.model.DebugLog - sourceUrl: https://www.dbxsd.com, msg: ����ȡ����ҳ����
21:11:56.459 [main @coroutine#16] INFO io.legado.app.model.DebugLog - sourceUrl: https://www.dbxsd.com, msg: ��https://www.dbxsz.com/book/p1125/
21:11:56.461 [main] INFO cn.kong.app.model.NovelSourceTest -   �������: 3 ��
21:11:56.461 [main] INFO cn.kong.app.model.NovelSourceTest -     [1] ����֮������½�����Ʋ��֮������½�� | ����ҹɫ��
21:11:56.461 [main] INFO cn.kong.app.model.NovelSourceTest -     [2] ���Ʋ��ǰ��֮ҩ�ϴ��� | �������
21:11:56.461 [main] INFO cn.kong.app.model.NovelSourceTest -     [3] ���Ʋ�� | �������
21:11:56.461 [main] INFO cn.kong.app.model.NovelSourceTest -   --- Step 2: ��ȡ���� ---
21:11:56.461 [OkHttp https://www.dbxsz.com/...] DEBUG io.legado.app.model.DebugLog - --> GET https://www.dbxsz.com/book/p1125/ h2
21:11:56.461 [OkHttp https://www.dbxsz.com/...] DEBUG io.legado.app.model.DebugLog - User-Agent: Mozilla/5.0 (Linux; Android 9; PDBM00 Build/PPR1.180610.011; wv) AppleWebKit/537.36 (KHTML, like Gecko) Version/4.0 Chrome/70.0.3538.110 Mobile Safari/537.36
21:11:56.461 [OkHttp https://www.dbxsz.com/...] DEBUG io.legado.app.model.DebugLog - Keep-Alive: 300
21:11:56.461 [OkHttp https://www.dbxsz.com/...] DEBUG io.legado.app.model.DebugLog - Connection: Keep-Alive
21:11:56.461 [OkHttp https://www.dbxsz.com/...] DEBUG io.legado.app.model.DebugLog - Cache-Control: no-cache
21:11:56.461 [OkHttp https://www.dbxsz.com/...] DEBUG io.legado.app.model.DebugLog - Host: www.dbxsz.com
21:11:56.461 [OkHttp https://www.dbxsz.com/...] DEBUG io.legado.app.model.DebugLog - Accept-Encoding: gzip
21:11:56.461 [OkHttp https://www.dbxsz.com/...] DEBUG io.legado.app.model.DebugLog - --> END GET
21:11:56.876 [OkHttp https://www.dbxsz.com/...] DEBUG io.legado.app.model.DebugLog - <-- 200 https://www.dbxsz.com/book/p1125/ (414ms)
21:11:56.876 [OkHttp https://www.dbxsz.com/...] DEBUG io.legado.app.model.DebugLog - date: Fri, 14 Aug 2026 13:11:56 GMT
21:11:56.876 [OkHttp https://www.dbxsz.com/...] DEBUG io.legado.app.model.DebugLog - content-type: text/html
21:11:56.876 [OkHttp https://www.dbxsz.com/...] DEBUG io.legado.app.model.DebugLog - last-modified: Mon, 03 Jun 2024 06:30:39 GMT
21:11:56.876 [OkHttp https://www.dbxsz.com/...] DEBUG io.legado.app.model.DebugLog - nel: {"report_to":"cf-nel","success_fraction":0.0,"max_age":604800}
21:11:56.876 [OkHttp https://www.dbxsz.com/...] DEBUG io.legado.app.model.DebugLog - server-timing: cfCacheStatus;desc="DYNAMIC"
21:11:56.876 [OkHttp https://www.dbxsz.com/...] DEBUG io.legado.app.model.DebugLog - server-timing: cfEdge;dur=7,cfOrigin;dur=154
21:11:56.876 [OkHttp https://www.dbxsz.com/...] DEBUG io.legado.app.model.DebugLog - vary: Accept-Encoding
21:11:56.876 [OkHttp https://www.dbxsz.com/...] DEBUG io.legado.app.model.DebugLog - report-to: {"group":"cf-nel","max_age":604800,"endpoints":[{"url":"https://a.nel.cloudflare.com/report/v4?s=cIy8FS3hqO8vmWCUDd82kHIAecJL85aRzdWw9TJjjCKpJHIZM4y%2BeOOAZVV0300bVuakPCVPj36eBSAlyaYgrFigbCueLiGeKOt76P41cyKPxKIfZmkoGLJ7BrXYy74u"}]}
21:11:56.876 [OkHttp https://www.dbxsz.com/...] DEBUG io.legado.app.model.DebugLog - server: cloudflare
21:11:56.876 [OkHttp https://www.dbxsz.com/...] DEBUG io.legado.app.model.DebugLog - cf-cache-status: DYNAMIC
21:11:56.876 [OkHttp https://www.dbxsz.com/...] DEBUG io.legado.app.model.DebugLog - content-encoding: gzip
21:11:56.876 [OkHttp https://www.dbxsz.com/...] DEBUG io.legado.app.model.DebugLog - cf-ray: a2b03552c8950e18-AMS
21:11:56.876 [OkHttp https://www.dbxsz.com/...] DEBUG io.legado.app.model.DebugLog - alt-svc: h3=":443"; ma=86400
21:11:56.881 [OkHttp https://www.dbxsz.com/...] DEBUG io.legado.app.model.DebugLog - 
21:11:56.881 [OkHttp https://www.dbxsz.com/...] DEBUG io.legado.app.model.DebugLog - <!DOCTYPE html>
<html lang="zh-cn">
<head>
<meta charset="utf-8">
<meta http-equiv="X-UA-Compatible" content="IE=edge">
<meta name="viewport" content="width=device-width, initial-scale=1">
<title>����֮������½�����Ʋ��֮������½��(����ҹɫ��)ȫ���Ķ�|�����½�|TXT����|�޹�浯��</title>

	<meta name="keywords" content="����ҹɫ��,����ҹɫ������,����ҹɫ������С˵,����֮������½�����Ʋ��֮������½��,����֮������½�����Ʋ��֮������½�������½�,����֮������½�����Ʋ��֮������½����,����֮������½�����Ʋ��֮������½����Ȥ��,����֮������½�����Ʋ��֮������½�������,����С˵��"/>
	<meta name="description" content="����С˵�� �ṩ �������  /  ����֮������½�����Ʋ��֮������½�� ȫ���Ķ��� �������  /  ����֮������½�����Ʋ��֮������½�� TXT���أ��޹�浯���� �����½� ����ʮ���� �Ǹ�����
"/>
	
	<meta property="og:type" content="novel"/>
	<meta property="og:title" content="����֮������½�����Ʋ��֮������½��"/>
	<meta property="og:description" content=" �������������������磬û�л���������ħ�����еģ������Ƿ��ܵ��۷�������� ����һ��������ڱ��ü�������׷ɱ�����������ĺ��޲�����������ô���е���Ц�� ��Ϊ���ҵ���������ǵ�����ܵÿ�~~~ С���ߣ������վס"/>
	<meta property="og:image" content="/uploads/cover/1125s.jpg"/>
	<meta property="og:novel:category" content="�������"/>
	<meta property="og:novel:author" content="����ҹɫ��"/>
	<meta property="og:novel:book_name" content="����֮������½�����Ʋ��֮������½��"/>
	<meta property="og:novel:read_url" content="/book/p1125/"/>
	<meta property="og:url" content="/book/p1125/"/>
	<meta property="og:novel:status" content="���"/>
	<meta property="og:novel:author_link" content="/book/p1125/"/>
	<meta property="og:novel:update_time" content="02:13:37"/>
	<meta property="og:novel:latest_chapter_name" content="����ʮ���� �Ǹ�����"/>
	<meta property="og:novel:latest_chapter_url" content="/book/p1125/314984.html"/>

	<!--360 seo end-->	
		<link href="/static/css/bootstrap.min.css" rel="stylesheet">
	<link href="/static/css/font-awesome.min.css" rel="stylesheet" >
	<link href="/static/css/base.css" rel="stylesheet">
	<script src="/static/js/action.js"></script>
	<!--[if lt IE 9]>
      <script src="/static/js/html5shiv.min.js"></script>
      <script src="/static/js/respond.min.js"></script>
    <![endif]-->
	<script type="text/javascript">
      var book = new Object();
      book.id="1125";
      book.name="����֮������½�����Ʋ��֮������½��";
      book.url="/book/p1125/";
    </script>
</head>
<body>
<div class="top">
	<div class="container">
    	<div class="logo-name"><a href="/">����С˵��</a></div>
        <div class="float-right"><script>play("lan")</script></div>
    </div>
</div>
<div class="container">
	<div class="book-type t10">
        <ol class="breadcrumb">
        <li><a href="/nav/xh-qh.html" target="_blank">���á����</a></li><li><a href="/nav/kh-yx.html" target="_blank">�ƻá���Ϸ</a></li><li><a href="/nav/xx-wx.html" target="_blank">����������</a></li><li><a href="/nav/ns-yq.html" target="_blank">Ů��������</a></li><li><a href="/nav/ds-yl.html" target="_blank">���С�����</a></li><li><a href="/nav/ls-js.html" target="_blank">��ʷ������</a></li><li><a href="/nav/xy-ly.html" target="_blank">���ɡ�����</a></li><li><a href="/nav/dm-ca.html" target="_blank">����������</a></li><li><a href="/nav/qxs.html" target="_blank">��С˵</a></li>
		<li><i class="fa fa-book" aria-hidden="true"></i> <a href="/readbook.html" target="_blank">�ҵ����</a></li>
        </ol>
    </div>
    <div class="clear"></div>
	      <div class="search row">
        <div class="col-sm-4 col-xs-12">
          <form id="search-form" action="/plus/search.php">
            <div class="input-group">
              <input type="text" class="form-control" placeholder="����������" id="bdcsMain" name="q" />
              <div class="input-group-addon" onclick="search();"><span class="fa fa-search"></span></div>
            </div>
          </form>
        </div>
		<div class="col-sm-2 hidden-xs">
          
        </div>
        <div class="col-sm-6 hidden-xs">
         
        </div>
      </div>
</div>

<div class="container">
  <script>play("announce")</script>
  <div class="col-left">
    <!-- Book Info Begin -->
	<div class="book-info">  
	  <div class="panel panel-info">
		<div class="panel-body">
		  <div class="media">
			<div class="media-left"> <a href="/book/p1125/" target="_blank"> <img class="book-img-middel" src="/uploads/cover/1125s.jpg" alt="����֮������½�����Ʋ��֮������½��" title="����֮������½�����Ʋ��֮������½��"/> </a>
            </div>
			<div class="media-body">
			  <h1 class="book-name"><a href="/book/p1125/" title="����֮������½�����Ʋ��֮������½��">����֮������½�����Ʋ��֮������½��</a></h1>
			  <div class="clear"></div>
			  <div class="row">
                <div class="col-md-8 col-sm-6 dark"> ���ߣ�<a href="/author/����ҹɫ��.html" target="_blank">����ҹɫ��</a> </div>
                <div class="col-md-4 col-sm-6 dark">״̬�����</div>
				<div class="col-md-8 col-sm-6 dark">������£�<a href="/book/p1125/314984.html">����ʮ���� �Ǹ�����</a> </div>
				<div class="col-md-4 col-sm-6 dark hidden-sm hidden-xs">02:13:37</div>

              </div>
			  <div class="reader-bar hidden-xs hidden-sm">
				<div class="row">
				  <a href="/book/p1125/314907.html">
				  <div class="col-xs-5 btn btn-info">��ʼ�Ķ�</div>
				  </a>

				  <div class="col-xs-1"></div>
				  <a href="/txt/1125.html" target="_blank">
				  <div class="col-xs-5 btn btn-info">����������</div>	
				  </a>
				</div>
			  </div>
			</div>
			<div class="reader-bar visible-sm visible-xs">			
				<div class="row t10">
				  <a href="/book/p1125/314907.html">
				  <div class="col-xs-5 btn btn-info">��ʼ�Ķ�</div>
				  </a>

				  <div class="col-xs-1"></div>
				  <a href="/txt/1125.html" target="_blank">
				  <div class="col-xs-5 btn btn-info">����������</div>	
				  </a>
				</div>
			</div>
		  </div>
		  <div class="row t10" onclick="showBookDetail()">
			  <div class="col-sm-11 col-xs-10">
				  <div class="book-detail">
					 �������������������磬û�л���������ħ�����еģ������Ƿ��ܵ��۷�������� ����һ��������ڱ��ü�������׷ɱ�����������ĺ��޲�����������ô���е���Ц�� ��Ϊ���ҵ���������ǵ�����ܵÿ�~~~ С���ߣ������վס���б�������һս�� �Ǻǣ����ӾͲ�������б���������׷���Ұ��� ����ȼ��ƶȣ����ߣ���ʦ������ʦ�����飬��������ʣ����ڣ�������ʥ����ۡ� 
				  </div>
			  </div>
			  <div class="col-sm-1 col-xs-2"><span id="up-down" class="fa fa-angle-down"></span>
			  </div>
		  </div>
		</div>
	  </div>     
	</div>
	<!-- Book Info End -->
	<div class="clear"></div>
	<div class="chapter-history"></div>
    <!-- Chapter Begin -->
    <div class="chapter">
	  <div class="panel panel-info">
        <div class="panel-heading">
          <h3 class="panel-title"><strong>����֮������½�����Ʋ��֮������½�������½�</strong></h3>
        </div>
        <div class="panel-body">
          <div class="row">
			<div class="col-md-6 item"> <a href="/book/p1125/314984.html" title="����ʮ���� �Ǹ�����" target="_blank">����ʮ���� �Ǹ�����</a> </div>
<div class="col-md-6 item"> <a href="/book/p1125/314983.html" title="����ʮ���� ���㶨�ɣ�" target="_blank">����ʮ���� ���㶨�ɣ�</a> </div>
<div class="col-md-6 item"> <a href="/book/p1125/314982.html" title="����ʮ���� ����δ������Ů" target="_blank">����ʮ���� ����δ������Ů</a> </div>
<div class="col-md-6 item"> <a href="/book/p1125/314981.html" title="����ʮ���� һ��Ϊ��" target="_blank">����ʮ���� һ��Ϊ��</a> </div>
<div class="col-md-6 item"> <a href="/book/p1125/314980.html" title="����ʮһ�� ż��������" target="_blank">����ʮһ�� ż��������</a> </div>
<div class="col-md-6 item"> <a href="/book/p1125/314979.html" title="����ʮ�� �ں�����������" target="_blank">����ʮ�� �ں�����������</a> </div>
<div class="col-md-6 item"> <a href="/book/p1125/314978.html" title="����ʮ���� ��������Ź�" target="_blank">����ʮ���� ��������Ź�</a> </div>
<div class="col-md-6 item"> <a href="/book/p1125/314977.html" title="����ʮ���� �Ұ��㵱���ˣ���ȴ������" target="_blank">����ʮ���� �Ұ��㵱���ˣ���ȴ������</a> </div>
<div class="col-md-6 item"> <a href="/book/p1125/314976.html" title="����ʮ���� ���㳤�ó�" target="_blank">����ʮ���� ���㳤�ó�</a> </div>
<div class="col-md-6 item"> <a href="/book/p1125/314975.html" title="����ʮ���� ս������" target="_blank">����ʮ���� ս������</a> </div>
<div class="col-md-6 item"> <a href="/book/p1125/314974.html" title="����ʮ���� ʥ�����" target="_blank">����ʮ���� ʥ�����</a> </div>
<div class="col-md-6 item"> <a href="/book/p1125/314973.html" title="����ʮ���� һ������Ļ���" target="_blank">����ʮ���� һ������Ļ���</a> </div>

          </div>
        </div>
		<div class="panel-footer visible-xs visible-sm">
          <h3 class="panel-title text-center" onClick="showAllChapter('#fix-chapter')">ȫ���½�>>>></h3>
        </div>
      </div>
	  <!-- New Chapter End -->
	  <div class="clear" id="fix-chapter"></div>
	  <!-- All Chapter Begin -->
      <div id="all-chapter">
        <div class="panel panel-info">
          <div class="panel-heading">
            <h3 class="panel-title"><strong>����֮������½�����Ʋ��֮������½���½�Ŀ¼</strong></h3>
          </div>
          <div class="panel-body">
            <div class="row">
			  <div class="col-md-6 item">
				<a href="/book/p1125/314907.html" title="��һ�� ������" target="_blank">��һ�� ������</a>
			  </div><div class="col-md-6 item">
				<a href="/book/p1125/314908.html" title="�ڶ��� ������Ҿ���һ������ʦ��" target="_blank">�ڶ��� ������Ҿ���һ������ʦ��</a>
			  </div><div class="col-md-6 item">
				<a href="/book/p1125/314909.html" title="������ �������" target="_blank">������ �������</a>
			  </div><div class="col-md-6 item">
				<a href="/book/p1125/314910.html" title="������ ������" target="_blank">������ ������</a>
			  </div><div class="col-md-6 item">
				<a href="/book/p1125/314911.html" title="������ �����ɯ����" target="_blank">������ �����ɯ����</a>
			  </div><div class="col-md-6 item">
				<a href="/book/p1125/314912.html" title="֪ͨ�������������" target="_blank">֪ͨ�������������</a>
			  </div><div class="col-md-6 item">
				<a href="/book/p1125/314913.html" title="������ ��ǧ��ң�" target="_blank">������ ��ǧ��ң�</a>
			  </div><div class="col-md-6 item">
				<a href="/book/p1125/314914.html" title="������ Ц��̫�ɰ�" target="_blank">������ Ц��̫�ɰ�</a>
			  </div><div class="col-md-6 item">
				<a href="/book/p1125/314915.html" title="�ڰ��� ħ��Ĳ���" target="_blank">�ڰ��� ħ��Ĳ���</a>
			  </div><div class="col-md-6 item">
				<a href="/book/p1125/314916.html" title="�ھ��� ����װ" target="_blank">�ھ��� ����װ</a>
			  </div><div class="col-md-6 item">
				<a href="/book/p1125/314917.html" title="��ʮ�� ������ں������" target="_blank">��ʮ�� ������ں������</a>
			  </div><div class="col-md-6 item">
				<a href="/book/p1125/314918.html" title="��ʮһ�� �Ӹ�����" target="_blank">��ʮһ�� �Ӹ�����</a>
			  </div><div class="col-md-6 item">
				<a href="/book/p1125/314919.html" title="��ʮ���� ĥ�˵�����" target="_blank">��ʮ���� ĥ�˵�����</a>
			  </div><div class="col-md-6 item">
				<a href="/book/p1125/314920.html" title="��ʮ���� ����Ƥ���㵨�����" target="_blank">��ʮ���� ����Ƥ���㵨�����</a>
			  </div><div class="col-md-6 item">
				<a href="/book/p1125/314921.html" title="��ʮ���� ����Ҫ���·�����" target="_blank">��ʮ���� ����Ҫ���·�����</a>
			  </div><div class="col-md-6 item">
				<a href="/book/p1125/314922.html" title="��ʮ���� �Ȳ����Ѳ��ѵ�" target="_blank">��ʮ���� �Ȳ����Ѳ��ѵ�</a>
			  </div><div class="col-md-6 item">
				<a href="/book/p1125/314923.html" title="��ʮ���� ʲô����ҲҪ�˻飿" target="_blank">��ʮ���� ʲô����ҲҪ�˻飿</a>
			  </div><div class="col-md-6 item">
				<a href="/book/p1125/314924.html" title="��ʮ���� ��֧�����˻飡" target="_blank">��ʮ���� ��֧�����˻飡</a>
			  </div><div class="col-md-6 item">
				<a href="/book/p1125/314925.html" title="��ʮ���� ��������" target="_blank">��ʮ���� ��������</a>
			  </div><div class="col-md-6 item">
				<a href="/book/p1125/314926.html" title="��ʮ���� �����׽��һ��" target="_blank">��ʮ���� �����׽��һ��</a>
			  </div><div class="col-md-6 item">
				<a href="/book/p1125/314927.html" title="�ڶ�ʮ�� �ƽ𼦳��" target="_blank">�ڶ�ʮ�� �ƽ𼦳��</a>
			  </div><div class="col-md-6 item">
				<a href="/book/p1125/314928.html" title="�ڶ�ʮһ�� վλ������" target="_blank">�ڶ�ʮһ�� վλ������</a>
			  </div><div class="col-md-6 item">
				<a href="/book/p1125/314929.html" title="�ڶ�ʮ���� ����û��" target="_blank">�ڶ�ʮ���� ����û��</a>
			  </div><div class="col-md-6 item">
				<a href="/book/p1125/314930.html" title="�ڶ�ʮ���� ��С���Ǹ���˾����" target="_blank">�ڶ�ʮ���� ��С���Ǹ���˾����</a>
			  </div><div class="col-md-6 item">
				<a href="/book/p1125/314931.html" title="�ڶ�ʮ���� �������" target="_blank">�ڶ�ʮ���� �������</a>
			  </div><div class="col-md-6 item">
				<a href="/book/p1125/314932.html" title="�ڶ�ʮ���� һ���Ǿ籾�򿪵ķ�ʽ����" target="_blank">�ڶ�ʮ���� һ���Ǿ籾�򿪵ķ�ʽ����</a>
			  </div><div class="col-md-6 item">
				<a href="/book/p1125/314933.html" title="�ڶ�ʮ���� ��������˲�����" target="_blank">�ڶ�ʮ���� ��������˲�����</a>
			  </div><div class="col-md-6 item">
				<a href="/book/p1125/314934.html" title="�ڶ�ʮ���� Ф�����ȥ��������" target="_blank">�ڶ�ʮ���� Ф�����ȥ��������</a>
			  </div><div class="col-md-6 item">
				<a href="/book/p1125/314935.html" title="�ڶ�ʮ���� ��Ҳ̫�����ˣ����Ƽ�Ʊ��" target="_blank">�ڶ�ʮ���� ��Ҳ̫�����ˣ����Ƽ�Ʊ��</a>
			  </div><div class="col-md-6 item">
				<a href="/book/p1125/314936.html" title="�ڶ�ʮ���� ����ô����Լ���" target="_blank">�ڶ�ʮ���� ����ô����Լ���</a>
			  </div><div class="col-md-6 item">
				<a href="/book/p1125/314937.html" title="����ʮ�� ���ض���ʷ����" target="_blank">����ʮ�� ���ض���ʷ����</a>
			  </div><div class="col-md-6 item">
				<a href="/book/p1125/314938.html" title="����ʮһ�� ���·��������˰�" target="_blank">����ʮһ�� ���·��������˰�</a>
			  </div><div class="col-md-6 item">
				<a href="/book/p1125/314939.html" title="����ʮ���� ��㶪ʧ�������Ķ���" target="_blank">����ʮ���� ��㶪ʧ�������Ķ���</a>
			  </div><div class="col-md-6 item">
				<a href="/book/p1125/314940.html" title="����ʮ���� ����ɽ����������" target="_blank">����ʮ���� ����ɽ����������</a>
			  </div><div class="col-md-6 item">
				<a href="/book/p1125/314941.html" title="����ʮ���� һȭһ�����ӹ�" target="_blank">����ʮ���� һȭһ�����ӹ�</a>
			  </div><div class="col-md-6 item">
				<a href="/book/p1125/314942.html" title="����ʮ�� �ǳ����ʵġ���" target="_blank">����ʮ�� �ǳ����ʵġ���</a>
			  </div><div class="col-md-6 item">
				<a href="/book/p1125/314943.html" title="����ʮ���� �����Ǹ��������" target="_blank">����ʮ���� �����Ǹ��������</a>
			  </div><div class="col-md-6 item">
				<a href="/book/p1125/314944.html" title="����ʮ���� ��������װ�Ƶ�" target="_blank">����ʮ���� ��������װ�Ƶ�</a>
			  </div><div class="col-md-6 item">
				<a href="/book/p1125/314945.html" title="����ʮ���� ����Ͱ���" target="_blank">����ʮ���� ����Ͱ���</a>
			  </div><div class="col-md-6 item">
				<a href="/book/p1125/314946.html" title="����ʮ���� ����Ū��ƨ�ɵ�" target="_blank">����ʮ���� ����Ū��ƨ�ɵ�</a>
			  </div><div class="col-md-6 item">
				<a href="/book/p1125/314947.html" title="����ʮ���� �Ҿ�ϲ����һ������" target="_blank">����ʮ���� �Ҿ�ϲ����һ������</a>
			  </div><div class="col-md-6 item">
				<a href="/book/p1125/314948.html" title="����ʮ�� �����ж�" target="_blank">����ʮ�� �����ж�</a>
			  </div><div class="col-md-6 item">
				<a href="/book/p1125/314949.html" title="����ʮһ�� ��ƭ��֪��Ů" target="_blank">����ʮһ�� ��ƭ��֪��Ů</a>
			  </div><div class="col-md-6 item">
				<a href="/book/p1125/314950.html" title="����ʮ���� �Ǹ������ж�����" target="_blank">����ʮ���� �Ǹ������ж�����</a>
			  </div><div class="col-md-6 item">
				<a href="/book/p1125/314951.html" title="����ʮ���� ���ɯŮ��" target="_blank">����ʮ���� ���ɯŮ��</a>
			  </div><div class="col-md-6 item">
				<a href="/book/p1125/314952.html" title="����ʮ���� ���������̼�" target="_blank">����ʮ���� ���������̼�</a>
			  </div><div class="col-md-6 item">
				<a href="/book/p1125/314953.html" title="����ʮ���� ������Ժ���������Ƽ�Ʊ��" target="_blank">����ʮ���� ������Ժ���������Ƽ�Ʊ��</a>
			  </div><div class="col-md-6 item">
				<a href="/book/p1125/314954.html" title="����ʮ���� ������ʹթ" target="_blank">����ʮ���� ������ʹթ</a>
			  </div><div class="col-md-6 item">
				<a href="/book/p1125/314955.html" title="����ʮ���� ����ȣ�����װ����" target="_blank">����ʮ���� ����ȣ�����װ����</a>
			  </div><div class="col-md-6 item">
				<a href="/book/p1125/314956.html" title="����ʮ���� �������䶯��" target="_blank">����ʮ���� �������䶯��</a>
			  </div><div class="col-md-6 item">
				<a href="/book/p1125/314957.html" title="����ʮ���� ���յ�ʦ�������" target="_blank">����ʮ���� ���յ�ʦ�������</a>
			  </div><div class="col-md-6 item">
				<a href="/book/p1125/314958.html" title="����ʮ�� ����ʮ�˸�" target="_blank">����ʮ�� ����ʮ�˸�</a>
			  </div><div class="col-md-6 item">
				<a href="/book/p1125/314959.html" title="����ʮһ�� ���׾�����ֻ����" target="_blank">����ʮһ�� ���׾�����ֻ����</a>
			  </div><div class="col-md-6 item">
				<a href="/book/p1125/314960.html" title="����ʮ���� ��ʲô÷" target="_blank">����ʮ���� ��ʲô÷</a>
			  </div><div class="col-md-6 item">
				<a href="/book/p1125/314961.html" title="����ʮ���� ˵��������ô����" target="_blank">����ʮ���� ˵��������ô����</a>
			  </div><div class="col-md-6 item">
				<a href="/book/p1125/314962.html" title="����ʮ���� ��������������" target="_blank">����ʮ���� ��������������</a>
			  </div><div class="col-md-6 item">
				<a href="/book/p1125/314963.html" title="����ʮ���� �������޶����Ź�" target="_blank">����ʮ���� �������޶����Ź�</a>
			  </div><div class="col-md-6 item">
				<a href="/book/p1125/314964.html" title="����ʮ���� ѹסСҽ��" target="_blank">����ʮ���� ѹסСҽ��</a>
			  </div><div class="col-md-6 item">
				<a href="/book/p1125/314965.html" title="����ʮ���� ���������" target="_blank">����ʮ���� ���������</a>
			  </div><div class="col-md-6 item">
				<a href="/book/p1125/314966.html" title="����ʮ���� ͻȻ��й��" target="_blank">����ʮ���� ͻȻ��й��</a>
			  </div><div class="col-md-6 item">
				<a href="/book/p1125/314967.html" title="����ʮ���� ����ˬһ��" target="_blank">����ʮ���� ����ˬһ��</a>
			  </div><div class="col-md-6 item">
				<a href="/book/p1125/314968.html" title="����ʮ�� ���뵱�����Ǿ͵�Ů��" target="_blank">����ʮ�� ���뵱�����Ǿ͵�Ů��</a>
			  </div><div class="col-md-6 item">
				<a href="/book/p1125/314969.html" title="����ʮһ�� ������ӿ" target="_blank">����ʮһ�� ������ӿ</a>
			  </div><div class="col-md-6 item">
				<a href="/book/p1125/314970.html" title="����ʮ���� �������" target="_blank">����ʮ���� �������</a>
			  </div><div class="col-md-6 item">
				<a href="/book/p1125/314971.html" title="����ʮ���� ����������������" target="_blank">����ʮ���� ����������������</a>
			  </div><div class="col-md-6 item">
				<a href="/book/p1125/314972.html" title="֪ͨ������һ���������������ϡ�" target="_blank">֪ͨ������һ���������������ϡ�</a>
			  </div><div class="col-md-6 item">
				<a href="/book/p1125/314973.html" title="����ʮ���� һ������Ļ���" target="_blank">����ʮ���� һ������Ļ���</a>
			  </div><div class="col-md-6 item">
				<a href="/book/p1125/314974.html" title="����ʮ���� ʥ�����" target="_blank">����ʮ���� ʥ�����</a>
			  </div><div class="col-md-6 item">
				<a href="/book/p1125/314975.html" title="����ʮ���� ս������" target="_blank">����ʮ���� ս������</a>
			  </div><div class="col-md-6 item">
				<a href="/book/p1125/314976.html" title="����ʮ���� ���㳤�ó�" target="_blank">����ʮ���� ���㳤�ó�</a>
			  </div><div class="col-md-6 item">
				<a href="/book/p1125/314977.html" title="����ʮ���� �Ұ��㵱���ˣ���ȴ������" target="_blank">����ʮ���� �Ұ��㵱���ˣ���ȴ������</a>
			  </div><div class="col-md-6 item">
				<a href="/book/p1125/314978.html" title="����ʮ���� ��������Ź�" target="_blank">����ʮ���� ��������Ź�</a>
			  </div><div class="col-md-6 item">
				<a href="/book/p1125/314979.html" title="����ʮ�� �ں�����������" target="_blank">����ʮ�� �ں�����������</a>
			  </div><div class="col-md-6 item">
				<a href="/book/p1125/314980.html" title="����ʮһ�� ż��������" target="_blank">����ʮһ�� ż��������</a>
			  </div><div class="col-md-6 item">
				<a href="/book/p1125/314981.html" title="����ʮ���� һ��Ϊ��" target="_blank">����ʮ���� һ��Ϊ��</a>
			  </div><div class="col-md-6 item">
				<a href="/book/p1125/314982.html" title="����ʮ���� ����δ������Ů" target="_blank">����ʮ���� ����δ������Ů</a>
			  </div><div class="col-md-6 item">
				<a href="/book/p1125/314983.html" title="����ʮ���� ���㶨�ɣ�" target="_blank">����ʮ���� ���㶨�ɣ�</a>
			  </div><div class="col-md-6 item">
				<a href="/book/p1125/314984.html" title="����ʮ���� �Ǹ�����" target="_blank">����ʮ���� �Ǹ�����</a>
			  </div>
            </div>
          </div>
        </div>
      </div>
      <!-- All Chapterlist End -->
    </div>
	<!-- Chapter End -->
  </div>
  <!-- Left End -->
  <div class="col-right2">
	  <div class="panel panel-info hidden-xs hidden-sm t10">
        <div class="panel-heading">
          <h3 class="panel-title">�������</h3>
        </div>
        <div class="panel-body">
          <div class="row">
			<div class="col-md-12 item fix1px"><a class="float-left" href="/book/p1132/" target="_blank">��Ӱ֮��ǿ���</a><span class="dark float-right">ҹ������</span></div><div class="col-md-12 item fix1px"><a class="float-left" href="/book/p1131/" target="_blank">����Ԫ��ëϵͳ(����̫��������</a><span class="dark float-right">����i��</span></div><div class="col-md-12 item fix1px"><a class="float-left" href="/book/p1130/" target="_blank">ĳ��ѧ�Ļ�Ӱ����</a><span class="dark float-right">��Ҷ֪��</span></div><div class="col-md-12 item fix1px"><a class="float-left" href="/book/p1129/" target="_blank">�������ͣ�GO</a><span class="dark float-right">��ӹ</span></div><div class="col-md-12 item fix1px"><a class="float-left" href="/book/p1128/" target="_blank">��ү�Ĺ켣</a><span class="dark float-right">���¼���</span></div><div class="col-md-12 item fix1px"><a class="float-left" href="/book/p1127/" target="_blank">�澳��Ϸ</a><span class="dark float-right">�ʺ���</span></div><div class="col-md-12 item fix1px"><a class="float-left" href="/book/p1126/" target="_blank">��ħ��ŮУ����ʦ</a><span class="dark float-right">��ɽӰ</span></div><div class="col-md-12 item fix1px"><a class="float-left" href="/book/p1125/" target="_blank">����֮������½�����Ʋ��֮����</a><span class="dark float-right">����ҹɫ��</span></div><div class="col-md-12 item fix1px"><a class="float-left" href="/book/p1124/" target="_blank">����֮��Ŷ���</a><span class="dark float-right">��֮��</span></div><div class="col-md-12 item fix1px"><a class="float-left" href="/book/p1123/" target="_blank">��Ӱ֮Ѫ������</a><span class="dark float-right">59ʽ���л�</span></div>
          </div>
        </div>
      </div>
	  <!--New Book End -->
	  <div class="panel panel-info">
          <div class="panel-heading"><h3 class="panel-title">����������Ʒ</h3></div>
          <div class="panel-body">
            <div class="row">
              
            </div>
          </div>
        </div>
      <div class="panel panel-info">
        <div class="panel-heading">
          <h3 class="panel-title"><strong>�����Ƽ�</strong></h3>
        </div>
        <div class="panel-body">
          <div class="row">
			<div class="col-md-12 t10">
              <div class="media"> <a class="media-left" href="/book/p439/" target="_blank"> <img class="book-img-small" src="/uploads/cover/439s.jpg" title="���۳�Ϊ����λ����" alt="���۳�Ϊ����λ����"/> </a>
                <div class="media-body">
                  <div class="media-title">
                    <h4><a href="/book/p439/" target="_blank">���۳�Ϊ����λ����</a></h4>
					<span class="dark">����</span>
                  </div>
                  <div class="media-info"> ʮ�����������ҵ�����۴�Խ�ˡ� ���Ÿ�ĸ������һ��Խ��һ��İ�������硭</div>
                </div>
              </div>
            </div><div class="col-md-12 t10">
              <div class="media"> <a class="media-left" href="/book/p146/" target="_blank"> <img class="book-img-small" src="/uploads/cover/146s.jpg" title="����������Ϸ��������" alt="����������Ϸ��������"/> </a>
                <div class="media-body">
                  <div class="media-title">
                    <h4><a href="/book/p146/" target="_blank">����������Ϸ��������</a></h4>
					<span class="dark">�����</span>
                  </div>
                  <div class="media-info"> ��߮�۴�����������Ϸ�����Ůװ���С� ԭ��ˮ������������ˣ�ֻ���ϡ�</div>
                </div>
              </div>
            </div><div class="col-md-12 t10">
              <div class="media"> <a class="media-left" href="/book/p1056/" target="_blank"> <img class="book-img-small" src="/uploads/cover/1056s.jpg" title="ʥ����ϲ" alt="ʥ����ϲ"/> </a>
                <div class="media-body">
                  <div class="media-title">
                    <h4><a href="/book/p1056/" target="_blank">ʥ����ϲ</a></h4>
					<span class="dark">������</span>
                  </div>
                  <div class="media-info"> ǰ����ƭ��������������Ѱ�� ���Ľ��ʺ�18��18�����ϵĳ�������������֪����</div>
                </div>
              </div>
            </div><div class="col-md-12 t10">
              <div class="media"> <a class="media-left" href="/book/p671/" target="_blank"> <img class="book-img-small" src="/uploads/cover/671s.jpg" title="���" alt="���"/> </a>
                <div class="media-body">
                  <div class="media-title">
                    <h4><a href="/book/p671/" target="_blank">���</a></h4>
					<span class="dark">����</span>
                  </div>
                  <div class="media-info"> �ִ����죬����HE ����������ing�� ����ǰһ����ը��������ʧȥ���Լ��Ĵ��</div>
                </div>
              </div>
            </div><div class="col-md-12 t10">
              <div class="media"> <a class="media-left" href="/book/p986/" target="_blank"> <img class="book-img-small" src="/uploads/cover/986s.jpg" title="��ʦ���ɺ��Ź���" alt="��ʦ���ɺ��Ź���"/> </a>
                <div class="media-body">
                  <div class="media-title">
                    <h4><a href="/book/p986/" target="_blank">��ʦ���ɺ��Ź���</a></h4>
					<span class="dark">С�ĵ�</span>
                  </div>
                  <div class="media-info"> л��Ӣ�����ţ��Ӵ�����÷���ˮ��Ĺ�ʦ����ִ����Ź��ӡ� ֻ��ϧ�ǡ�</div>
                </div>
              </div>
            </div><div class="col-md-12 t10">
              <div class="media"> <a class="media-left" href="/book/p1108/" target="_blank"> <img class="book-img-small" src="/uploads/cover/1108s.jpg" title="��¥ʷ����յļ���" alt="��¥ʷ����յļ���"/> </a>
                <div class="media-body">
                  <div class="media-title">
                    <h4><a href="/book/p1108/" target="_blank">��¥ʷ����յļ���</a></h4>
					<span class="dark">���ϱ�</span>
                  </div>
                  <div class="media-info"> ĩ���д�Խ�ɴ���ү���� ������ܺͿռ䣬��¥һ���˵��ڴ���ү��ǰ����ս��</div>
                </div>
              </div>
            </div><div class="col-md-12 t10">
              <div class="media"> <a class="media-left" href="/book/p501/" target="_blank"> <img class="book-img-small" src="/uploads/cover/501s.jpg" title="���д����Ҷ�����" alt="���д����Ҷ�����"/> </a>
                <div class="media-body">
                  <div class="media-title">
                    <h4><a href="/book/p501/" target="_blank">���д����Ҷ�����</a></h4>
					<span class="dark">¹Ұ����</span>
                  </div>
                  <div class="media-info"> �����������ʱ���˹���ͷ�����ڱ�����������Թ��̫������������󱻡�</div>
                </div>
              </div>
            </div><div class="col-md-12 t10">
              <div class="media"> <a class="media-left" href="/book/p1068/" target="_blank"> <img class="book-img-small" src="/uploads/cover/1068s.jpg" title="�����ɫ����" alt="�����ɫ����"/> </a>
                <div class="media-body">
                  <div class="media-title">
                    <h4><a href="/book/p1068/" target="_blank">�����ɫ����</a></h4>
					<span class="dark">����</span>
                  </div>
                  <div class="media-info"> �� �ྩ���и߶��ս�����ħͷ�� �氲һ�������⣬��αװ�������̳��������š�</div>
                </div>
              </div>
            </div><div class="col-md-12 t10">
              <div class="media"> <a class="media-left" href="/book/p823/" target="_blank"> <img class="book-img-small" src="/uploads/cover/823s.jpg" title="�ٶ�" alt="�ٶ�"/> </a>
                <div class="media-body">
                  <div class="media-title">
                    <h4><a href="/book/p823/" target="_blank">�ٶ�</a></h4>
					<span class="dark">���</span>
                  </div>
                  <div class="media-info"> ��ȥ��δ������һ�������������ߣ� ������Զ���ڽڵ㡣 �ܶ�����ٻ��ף��ҡ�</div>
                </div>
              </div>
            </div><div class="col-md-12 t10">
              <div class="media"> <a class="media-left" href="/book/p725/" target="_blank"> <img class="book-img-small" src="/uploads/cover/725s.jpg" title="��Ʒ����/��Ʒ����" alt="��Ʒ����/��Ʒ����"/> </a>
                <div class="media-body">
                  <div class="media-title">
                    <h4><a href="/book/p725/" target="_blank">��Ʒ����/��Ʒ����</a></h4>
					<span class="dark">������</span>
                  </div>
                  <div class="media-info"> ��Ϊ����ӵ�л�λ�̳�Ȩȴ��ѡΪħ��ļ�Ʒ���������˵��������˿���ɡ�</div>
                </div>
              </div>
            </div>
          </div>
        </div>
      </div>
	  <!-- �����Ƽ� End-->
    </div>
    <!-- Col-right End -->
</div>
<!-- Footer Begin -->
<div class="footer">
  <div class = "container">
    
    <p class = "hidden-xs">�����Ȩ����Ϊ�ڱ�վ����������Ʒ�����������棬�뷢�ʼ���<script>play("email")</script>����վȷ�Ϻ󽫻�������ɾ����</p>
    <p class = "hidden-xs">��վ����¼��Ʒ���������⡢������۾����������Ϊ���������վ������</p>
    <p>�������ߣ���һ�����ĺ͹��������鼮֧�����ߣ��������߲���д��������õ��飡</p>
    <p class = "hidden-xs"> 
      <script>play("tongji")</script> 
    </p>
  </div>
</div>
<div class="fixed-btn">
    <a class="go-top" href="javascript:void(0)" title="���ض���"> <i class="fa fa-angle-up"></i></a>
</div>
<!-- Footer End --> 
<!-- jQuery (necessary for Bootstrap's JavaScript plugins) --> 
<script src="/static/js/jquery.min.js"></script> 
<!-- Include all compiled plugins (below), or include individual files as needed --> 
<script src="/static/js/bootstrap.min.js"></script> 
<script src="/static/js/comm.js"></script>
<script type="text/javascript">
	var sid ="1125";
	$(function(){
        BookShelf.getChapterHistory(book);
    });
</script>
<script type="module" src="https://static.cloudflareinsights.com/beacon.min.js/v4513226cdae34746b4dedf0b4dfa099e1781791509496" integrity="sha512-ZE9pZaUXND66v380QUtch/5sE9tPFh2zg45pR2PB0CVkCtOREv2AJKkSidISWkysEuQ0EH8faUU5du78bx87UQ==" data-cf-beacon='{"version":"2024.11.0","token":"bf4eb1bf0db94d35a471fe4f3b9897eb","r":1}' crossorigin="anonymous"></script>
</body>
</html>

21:11:56.882 [OkHttp https://www.dbxsz.com/...] DEBUG io.legado.app.model.DebugLog - <-- END HTTP (36080-byte, 7581-gzipped-byte body)
21:11:56.882 [main @coroutine#17] INFO io.legado.app.model.DebugLog - sourceUrl: https://www.dbxsd.com, msg: �Ի�ȡ�ɹ�:https://www.dbxsz.com/book/p1125/
21:11:56.882 [main @coroutine#17] INFO io.legado.app.model.DebugLog - sourceUrl: https://www.dbxsd.com, msg: ����ȡ����
21:11:56.884 [main @coroutine#17] INFO io.legado.app.model.DebugLog - sourceUrl: https://www.dbxsd.com, msg: ������֮������½�����Ʋ��֮������½��
21:11:56.885 [main @coroutine#17] INFO io.legado.app.model.DebugLog - sourceUrl: https://www.dbxsd.com, msg: ����ȡ����
21:11:56.885 [main @coroutine#17] INFO io.legado.app.model.DebugLog - sourceUrl: https://www.dbxsd.com, msg: ������ʮ���� �Ǹ�����
21:11:56.885 [main @coroutine#17] INFO io.legado.app.model.DebugLog - sourceUrl: https://www.dbxsd.com, msg: ����ȡ����
21:11:56.885 [main @coroutine#17] INFO io.legado.app.model.DebugLog - sourceUrl: https://www.dbxsd.com, msg: ��null
21:11:56.885 [main @coroutine#17] INFO io.legado.app.model.DebugLog - sourceUrl: https://www.dbxsd.com, msg: ����ȡ����
21:11:56.885 [main @coroutine#17] INFO io.legado.app.model.DebugLog - sourceUrl: https://www.dbxsd.com, msg: ��null
21:11:56.885 [main @coroutine#17] INFO io.legado.app.model.DebugLog - sourceUrl: https://www.dbxsd.com, msg: ����ȡ�����½�
21:11:56.885 [main @coroutine#17] INFO io.legado.app.model.DebugLog - sourceUrl: https://www.dbxsd.com, msg: ��null
21:11:56.885 [main @coroutine#17] INFO io.legado.app.model.DebugLog - sourceUrl: https://www.dbxsd.com, msg: ����ȡ���
21:11:56.886 [main @coroutine#17] INFO io.legado.app.model.DebugLog - sourceUrl: https://www.dbxsd.com, msg: �����������������������������磬û�л���������ħ�����еģ������Ƿ��ܵ��۷��������
��������һ��������ڱ��ü�������׷ɱ�����������ĺ��޲�����������ô���е���Ц��
������Ϊ���ҵ���������ǵ�����ܵÿ�~~~ С���ߣ�
���������վס��
�����б�������һս��
�����Ǻǣ����ӾͲ�������б���������׷���Ұ���
��������ȼ��ƶȣ����ߣ���ʦ������ʦ�����飬��������ʣ����ڣ�������ʥ����ۡ�
����
21:11:56.886 [main @coroutine#17] INFO io.legado.app.model.DebugLog - sourceUrl: https://www.dbxsd.com, msg: ����ȡ��������
21:11:56.886 [main @coroutine#17] INFO io.legado.app.model.DebugLog - sourceUrl: https://www.dbxsd.com, msg: ��https://www.dbxsz.com/uploads/cover/1125s.jpg
21:11:56.886 [main @coroutine#17] INFO io.legado.app.model.DebugLog - sourceUrl: https://www.dbxsd.com, msg: ����ȡĿ¼����
21:11:56.886 [main @coroutine#17] INFO io.legado.app.model.DebugLog - sourceUrl: https://www.dbxsd.com, msg: ��https://www.dbxsz.com/book/p1125/
21:11:56.886 [main] INFO cn.kong.app.model.NovelSourceTest -   ����: ����֮������½�����Ʋ��֮������½�� | ����: ����ʮ���� �Ǹ�����
21:11:56.886 [main] INFO cn.kong.app.model.NovelSourceTest -   ���: ���������������������������磬û�л���������ħ�����еģ������Ƿ��ܵ��۷��������
��������һ��������ڱ��ü�������׷ɱ�����������ĺ��޲�����������ô���е���Ц��
������Ϊ���ҵ���������ǵ�����ܵÿ�...
21:11:56.886 [main] INFO cn.kong.app.model.NovelSourceTest -   --- Step 3: ��ȡĿ¼ ---
21:11:56.886 [OkHttp https://www.dbxsz.com/...] DEBUG io.legado.app.model.DebugLog - --> GET https://www.dbxsz.com/book/p1125/ h2
21:11:56.886 [OkHttp https://www.dbxsz.com/...] DEBUG io.legado.app.model.DebugLog - User-Agent: Mozilla/5.0 (Linux; Android 9; PDBM00 Build/PPR1.180610.011; wv) AppleWebKit/537.36 (KHTML, like Gecko) Version/4.0 Chrome/70.0.3538.110 Mobile Safari/537.36
21:11:56.886 [OkHttp https://www.dbxsz.com/...] DEBUG io.legado.app.model.DebugLog - Keep-Alive: 300
21:11:56.886 [OkHttp https://www.dbxsz.com/...] DEBUG io.legado.app.model.DebugLog - Connection: Keep-Alive
21:11:56.886 [OkHttp https://www.dbxsz.com/...] DEBUG io.legado.app.model.DebugLog - Cache-Control: no-cache
21:11:56.886 [OkHttp https://www.dbxsz.com/...] DEBUG io.legado.app.model.DebugLog - Host: www.dbxsz.com
21:11:56.886 [OkHttp https://www.dbxsz.com/...] DEBUG io.legado.app.model.DebugLog - Accept-Encoding: gzip
21:11:56.886 [OkHttp https://www.dbxsz.com/...] DEBUG io.legado.app.model.DebugLog - --> END GET
21:11:57.273 [OkHttp https://www.dbxsz.com/...] DEBUG io.legado.app.model.DebugLog - <-- 200 https://www.dbxsz.com/book/p1125/ (386ms)
21:11:57.273 [OkHttp https://www.dbxsz.com/...] DEBUG io.legado.app.model.DebugLog - date: Fri, 14 Aug 2026 13:11:57 GMT
21:11:57.273 [OkHttp https://www.dbxsz.com/...] DEBUG io.legado.app.model.DebugLog - content-type: text/html
21:11:57.273 [OkHttp https://www.dbxsz.com/...] DEBUG io.legado.app.model.DebugLog - last-modified: Mon, 03 Jun 2024 06:30:39 GMT
21:11:57.273 [OkHttp https://www.dbxsz.com/...] DEBUG io.legado.app.model.DebugLog - nel: {"report_to":"cf-nel","success_fraction":0.0,"max_age":604800}
21:11:57.273 [OkHttp https://www.dbxsz.com/...] DEBUG io.legado.app.model.DebugLog - server-timing: cfCacheStatus;desc="DYNAMIC"
21:11:57.273 [OkHttp https://www.dbxsz.com/...] DEBUG io.legado.app.model.DebugLog - server-timing: cfEdge;dur=7,cfOrigin;dur=156
21:11:57.273 [OkHttp https://www.dbxsz.com/...] DEBUG io.legado.app.model.DebugLog - vary: Accept-Encoding
21:11:57.273 [OkHttp https://www.dbxsz.com/...] DEBUG io.legado.app.model.DebugLog - report-to: {"group":"cf-nel","max_age":604800,"endpoints":[{"url":"https://a.nel.cloudflare.com/report/v4?s=CkqsNJOapnaNRk5TkQtl%2FuBRx6AbVaQY4ZrGxDaMGq8W83LdZ3%2BqMzE7iWu2POmceXh4f%2FMSeb1SFYADAuSOTbW1z%2FS6KtLP1%2BDuKXUgdU4uafbSIBmOhZ%2FEIBeWirnn"}]}
21:11:57.273 [OkHttp https://www.dbxsz.com/...] DEBUG io.legado.app.model.DebugLog - server: cloudflare
21:11:57.273 [OkHttp https://www.dbxsz.com/...] DEBUG io.legado.app.model.DebugLog - cf-cache-status: DYNAMIC
21:11:57.273 [OkHttp https://www.dbxsz.com/...] DEBUG io.legado.app.model.DebugLog - content-encoding: gzip
21:11:57.273 [OkHttp https://www.dbxsz.com/...] DEBUG io.legado.app.model.DebugLog - cf-ray: a2b035553bc00e18-AMS
21:11:57.273 [OkHttp https://www.dbxsz.com/...] DEBUG io.legado.app.model.DebugLog - alt-svc: h3=":443"; ma=86400
21:11:57.542 [OkHttp https://www.dbxsz.com/...] DEBUG io.legado.app.model.DebugLog - 
21:11:57.543 [OkHttp https://www.dbxsz.com/...] DEBUG io.legado.app.model.DebugLog - <!DOCTYPE html>
<html lang="zh-cn">
<head>
<meta charset="utf-8">
<meta http-equiv="X-UA-Compatible" content="IE=edge">
<meta name="viewport" content="width=device-width, initial-scale=1">
<title>����֮������½�����Ʋ��֮������½��(����ҹɫ��)ȫ���Ķ�|�����½�|TXT����|�޹�浯��</title>

	<meta name="keywords" content="����ҹɫ��,����ҹɫ������,����ҹɫ������С˵,����֮������½�����Ʋ��֮������½��,����֮������½�����Ʋ��֮������½�������½�,����֮������½�����Ʋ��֮������½����,����֮������½�����Ʋ��֮������½����Ȥ��,����֮������½�����Ʋ��֮������½�������,����С˵��"/>
	<meta name="description" content="����С˵�� �ṩ �������  /  ����֮������½�����Ʋ��֮������½�� ȫ���Ķ��� �������  /  ����֮������½�����Ʋ��֮������½�� TXT���أ��޹�浯���� �����½� ����ʮ���� �Ǹ�����
"/>
	
	<meta property="og:type" content="novel"/>
	<meta property="og:title" content="����֮������½�����Ʋ��֮������½��"/>
	<meta property="og:description" content=" �������������������磬û�л���������ħ�����еģ������Ƿ��ܵ��۷�������� ����һ��������ڱ��ü�������׷ɱ�����������ĺ��޲�����������ô���е���Ц�� ��Ϊ���ҵ���������ǵ�����ܵÿ�~~~ С���ߣ������վס"/>
	<meta property="og:image" content="/uploads/cover/1125s.jpg"/>
	<meta property="og:novel:category" content="�������"/>
	<meta property="og:novel:author" content="����ҹɫ��"/>
	<meta property="og:novel:book_name" content="����֮������½�����Ʋ��֮������½��"/>
	<meta property="og:novel:read_url" content="/book/p1125/"/>
	<meta property="og:url" content="/book/p1125/"/>
	<meta property="og:novel:status" content="���"/>
	<meta property="og:novel:author_link" content="/book/p1125/"/>
	<meta property="og:novel:update_time" content="02:13:37"/>
	<meta property="og:novel:latest_chapter_name" content="����ʮ���� �Ǹ�����"/>
	<meta property="og:novel:latest_chapter_url" content="/book/p1125/314984.html"/>

	<!--360 seo end-->	
		<link href="/static/css/bootstrap.min.css" rel="stylesheet">
	<link href="/static/css/font-awesome.min.css" rel="stylesheet" >
	<link href="/static/css/base.css" rel="stylesheet">
	<script src="/static/js/action.js"></script>
	<!--[if lt IE 9]>
      <script src="/static/js/html5shiv.min.js"></script>
      <script src="/static/js/respond.min.js"></script>
    <![endif]-->
	<script type="text/javascript">
      var book = new Object();
      book.id="1125";
      book.name="����֮������½�����Ʋ��֮������½��";
      book.url="/book/p1125/";
    </script>
</head>
<body>
<div class="top">
	<div class="container">
    	<div class="logo-name"><a href="/">����С˵��</a></div>
        <div class="float-right"><script>play("lan")</script></div>
    </div>
</div>
<div class="container">
	<div class="book-type t10">
        <ol class="breadcrumb">
        <li><a href="/nav/xh-qh.html" target="_blank">���á����</a></li><li><a href="/nav/kh-yx.html" target="_blank">�ƻá���Ϸ</a></li><li><a href="/nav/xx-wx.html" target="_blank">����������</a></li><li><a href="/nav/ns-yq.html" target="_blank">Ů��������</a></li><li><a href="/nav/ds-yl.html" target="_blank">���С�����</a></li><li><a href="/nav/ls-js.html" target="_blank">��ʷ������</a></li><li><a href="/nav/xy-ly.html" target="_blank">���ɡ�����</a></li><li><a href="/nav/dm-ca.html" target="_blank">����������</a></li><li><a href="/nav/qxs.html" target="_blank">��С˵</a></li>
		<li><i class="fa fa-book" aria-hidden="true"></i> <a href="/readbook.html" target="_blank">�ҵ����</a></li>
        </ol>
    </div>
    <div class="clear"></div>
	      <div class="search row">
        <div class="col-sm-4 col-xs-12">
          <form id="search-form" action="/plus/search.php">
            <div class="input-group">
              <input type="text" class="form-control" placeholder="����������" id="bdcsMain" name="q" />
              <div class="input-group-addon" onclick="search();"><span class="fa fa-search"></span></div>
            </div>
          </form>
        </div>
		<div class="col-sm-2 hidden-xs">
          
        </div>
        <div class="col-sm-6 hidden-xs">
         
        </div>
      </div>
</div>

<div class="container">
  <script>play("announce")</script>
  <div class="col-left">
    <!-- Book Info Begin -->
	<div class="book-info">  
	  <div class="panel panel-info">
		<div class="panel-body">
		  <div class="media">
			<div class="media-left"> <a href="/book/p1125/" target="_blank"> <img class="book-img-middel" src="/uploads/cover/1125s.jpg" alt="����֮������½�����Ʋ��֮������½��" title="����֮������½�����Ʋ��֮������½��"/> </a>
            </div>
			<div class="media-body">
			  <h1 class="book-name"><a href="/book/p1125/" title="����֮������½�����Ʋ��֮������½��">����֮������½�����Ʋ��֮������½��</a></h1>
			  <div class="clear"></div>
			  <div class="row">
                <div class="col-md-8 col-sm-6 dark"> ���ߣ�<a href="/author/����ҹɫ��.html" target="_blank">����ҹɫ��</a> </div>
                <div class="col-md-4 col-sm-6 dark">״̬�����</div>
				<div class="col-md-8 col-sm-6 dark">������£�<a href="/book/p1125/314984.html">����ʮ���� �Ǹ�����</a> </div>
				<div class="col-md-4 col-sm-6 dark hidden-sm hidden-xs">02:13:37</div>

              </div>
			  <div class="reader-bar hidden-xs hidden-sm">
				<div class="row">
				  <a href="/book/p1125/314907.html">
				  <div class="col-xs-5 btn btn-info">��ʼ�Ķ�</div>
				  </a>

				  <div class="col-xs-1"></div>
				  <a href="/txt/1125.html" target="_blank">
				  <div class="col-xs-5 btn btn-info">����������</div>	
				  </a>
				</div>
			  </div>
			</div>
			<div class="reader-bar visible-sm visible-xs">			
				<div class="row t10">
				  <a href="/book/p1125/314907.html">
				  <div class="col-xs-5 btn btn-info">��ʼ�Ķ�</div>
				  </a>

				  <div class="col-xs-1"></div>
				  <a href="/txt/1125.html" target="_blank">
				  <div class="col-xs-5 btn btn-info">����������</div>	
				  </a>
				</div>
			</div>
		  </div>
		  <div class="row t10" onclick="showBookDetail()">
			  <div class="col-sm-11 col-xs-10">
				  <div class="book-detail">
					 �������������������磬û�л���������ħ�����еģ������Ƿ��ܵ��۷�������� ����һ��������ڱ��ü�������׷ɱ�����������ĺ��޲�����������ô���е���Ц�� ��Ϊ���ҵ���������ǵ�����ܵÿ�~~~ С���ߣ������վס���б�������һս�� �Ǻǣ����ӾͲ�������б���������׷���Ұ��� ����ȼ��ƶȣ����ߣ���ʦ������ʦ�����飬��������ʣ����ڣ�������ʥ����ۡ� 
				  </div>
			  </div>
			  <div class="col-sm-1 col-xs-2"><span id="up-down" class="fa fa-angle-down"></span>
			  </div>
		  </div>
		</div>
	  </div>     
	</div>
	<!-- Book Info End -->
	<div class="clear"></div>
	<div class="chapter-history"></div>
    <!-- Chapter Begin -->
    <div class="chapter">
	  <div class="panel panel-info">
        <div class="panel-heading">
          <h3 class="panel-title"><strong>����֮������½�����Ʋ��֮������½�������½�</strong></h3>
        </div>
        <div class="panel-body">
          <div class="row">
			<div class="col-md-6 item"> <a href="/book/p1125/314984.html" title="����ʮ���� �Ǹ�����" target="_blank">����ʮ���� �Ǹ�����</a> </div>
<div class="col-md-6 item"> <a href="/book/p1125/314983.html" title="����ʮ���� ���㶨�ɣ�" target="_blank">����ʮ���� ���㶨�ɣ�</a> </div>
<div class="col-md-6 item"> <a href="/book/p1125/314982.html" title="����ʮ���� ����δ������Ů" target="_blank">����ʮ���� ����δ������Ů</a> </div>
<div class="col-md-6 item"> <a href="/book/p1125/314981.html" title="����ʮ���� һ��Ϊ��" target="_blank">����ʮ���� һ��Ϊ��</a> </div>
<div class="col-md-6 item"> <a href="/book/p1125/314980.html" title="����ʮһ�� ż��������" target="_blank">����ʮһ�� ż��������</a> </div>
<div class="col-md-6 item"> <a href="/book/p1125/314979.html" title="����ʮ�� �ں�����������" target="_blank">����ʮ�� �ں�����������</a> </div>
<div class="col-md-6 item"> <a href="/book/p1125/314978.html" title="����ʮ���� ��������Ź�" target="_blank">����ʮ���� ��������Ź�</a> </div>
<div class="col-md-6 item"> <a href="/book/p1125/314977.html" title="����ʮ���� �Ұ��㵱���ˣ���ȴ������" target="_blank">����ʮ���� �Ұ��㵱���ˣ���ȴ������</a> </div>
<div class="col-md-6 item"> <a href="/book/p1125/314976.html" title="����ʮ���� ���㳤�ó�" target="_blank">����ʮ���� ���㳤�ó�</a> </div>
<div class="col-md-6 item"> <a href="/book/p1125/314975.html" title="����ʮ���� ս������" target="_blank">����ʮ���� ս������</a> </div>
<div class="col-md-6 item"> <a href="/book/p1125/314974.html" title="����ʮ���� ʥ�����" target="_blank">����ʮ���� ʥ�����</a> </div>
<div class="col-md-6 item"> <a href="/book/p1125/314973.html" title="����ʮ���� һ������Ļ���" target="_blank">����ʮ���� һ������Ļ���</a> </div>

          </div>
        </div>
		<div class="panel-footer visible-xs visible-sm">
          <h3 class="panel-title text-center" onClick="showAllChapter('#fix-chapter')">ȫ���½�>>>></h3>
        </div>
      </div>
	  <!-- New Chapter End -->
	  <div class="clear" id="fix-chapter"></div>
	  <!-- All Chapter Begin -->
      <div id="all-chapter">
        <div class="panel panel-info">
          <div class="panel-heading">
            <h3 class="panel-title"><strong>����֮������½�����Ʋ��֮������½���½�Ŀ¼</strong></h3>
          </div>
          <div class="panel-body">
            <div class="row">
			  <div class="col-md-6 item">
				<a href="/book/p1125/314907.html" title="��һ�� ������" target="_blank">��һ�� ������</a>
			  </div><div class="col-md-6 item">
				<a href="/book/p1125/314908.html" title="�ڶ��� ������Ҿ���һ������ʦ��" target="_blank">�ڶ��� ������Ҿ���һ������ʦ��</a>
			  </div><div class="col-md-6 item">
				<a href="/book/p1125/314909.html" title="������ �������" target="_blank">������ �������</a>
			  </div><div class="col-md-6 item">
				<a href="/book/p1125/314910.html" title="������ ������" target="_blank">������ ������</a>
			  </div><div class="col-md-6 item">
				<a href="/book/p1125/314911.html" title="������ �����ɯ����" target="_blank">������ �����ɯ����</a>
			  </div><div class="col-md-6 item">
				<a href="/book/p1125/314912.html" title="֪ͨ�������������" target="_blank">֪ͨ�������������</a>
			  </div><div class="col-md-6 item">
				<a href="/book/p1125/314913.html" title="������ ��ǧ��ң�" target="_blank">������ ��ǧ��ң�</a>
			  </div><div class="col-md-6 item">
				<a href="/book/p1125/314914.html" title="������ Ц��̫�ɰ�" target="_blank">������ Ц��̫�ɰ�</a>
			  </div><div class="col-md-6 item">
				<a href="/book/p1125/314915.html" title="�ڰ��� ħ��Ĳ���" target="_blank">�ڰ��� ħ��Ĳ���</a>
			  </div><div class="col-md-6 item">
				<a href="/book/p1125/314916.html" title="�ھ��� ����װ" target="_blank">�ھ��� ����װ</a>
			  </div><div class="col-md-6 item">
				<a href="/book/p1125/314917.html" title="��ʮ�� ������ں������" target="_blank">��ʮ�� ������ں������</a>
			  </div><div class="col-md-6 item">
				<a href="/book/p1125/314918.html" title="��ʮһ�� �Ӹ�����" target="_blank">��ʮһ�� �Ӹ�����</a>
			  </div><div class="col-md-6 item">
				<a href="/book/p1125/314919.html" title="��ʮ���� ĥ�˵�����" target="_blank">��ʮ���� ĥ�˵�����</a>
			  </div><div class="col-md-6 item">
				<a href="/book/p1125/314920.html" title="��ʮ���� ����Ƥ���㵨�����" target="_blank">��ʮ���� ����Ƥ���㵨�����</a>
			  </div><div class="col-md-6 item">
				<a href="/book/p1125/314921.html" title="��ʮ���� ����Ҫ���·�����" target="_blank">��ʮ���� ����Ҫ���·�����</a>
			  </div><div class="col-md-6 item">
				<a href="/book/p1125/314922.html" title="��ʮ���� �Ȳ����Ѳ��ѵ�" target="_blank">��ʮ���� �Ȳ����Ѳ��ѵ�</a>
			  </div><div class="col-md-6 item">
				<a href="/book/p1125/314923.html" title="��ʮ���� ʲô����ҲҪ�˻飿" target="_blank">��ʮ���� ʲô����ҲҪ�˻飿</a>
			  </div><div class="col-md-6 item">
				<a href="/book/p1125/314924.html" title="��ʮ���� ��֧�����˻飡" target="_blank">��ʮ���� ��֧�����˻飡</a>
			  </div><div class="col-md-6 item">
				<a href="/book/p1125/314925.html" title="��ʮ���� ��������" target="_blank">��ʮ���� ��������</a>
			  </div><div class="col-md-6 item">
				<a href="/book/p1125/314926.html" title="��ʮ���� �����׽��һ��" target="_blank">��ʮ���� �����׽��һ��</a>
			  </div><div class="col-md-6 item">
				<a href="/book/p1125/314927.html" title="�ڶ�ʮ�� �ƽ𼦳��" target="_blank">�ڶ�ʮ�� �ƽ𼦳��</a>
			  </div><div class="col-md-6 item">
				<a href="/book/p1125/314928.html" title="�ڶ�ʮһ�� վλ������" target="_blank">�ڶ�ʮһ�� վλ������</a>
			  </div><div class="col-md-6 item">
				<a href="/book/p1125/314929.html" title="�ڶ�ʮ���� ����û��" target="_blank">�ڶ�ʮ���� ����û��</a>
			  </div><div class="col-md-6 item">
				<a href="/book/p1125/314930.html" title="�ڶ�ʮ���� ��С���Ǹ���˾����" target="_blank">�ڶ�ʮ���� ��С���Ǹ���˾����</a>
			  </div><div class="col-md-6 item">
				<a href="/book/p1125/314931.html" title="�ڶ�ʮ���� �������" target="_blank">�ڶ�ʮ���� �������</a>
			  </div><div class="col-md-6 item">
				<a href="/book/p1125/314932.html" title="�ڶ�ʮ���� һ���Ǿ籾�򿪵ķ�ʽ����" target="_blank">�ڶ�ʮ���� һ���Ǿ籾�򿪵ķ�ʽ����</a>
			  </div><div class="col-md-6 item">
				<a href="/book/p1125/314933.html" title="�ڶ�ʮ���� ��������˲�����" target="_blank">�ڶ�ʮ���� ��������˲�����</a>
			  </div><div class="col-md-6 item">
				<a href="/book/p1125/314934.html" title="�ڶ�ʮ���� Ф�����ȥ��������" target="_blank">�ڶ�ʮ���� Ф�����ȥ��������</a>
			  </div><div class="col-md-6 item">
				<a href="/book/p1125/314935.html" title="�ڶ�ʮ���� ��Ҳ̫�����ˣ����Ƽ�Ʊ��" target="_blank">�ڶ�ʮ���� ��Ҳ̫�����ˣ����Ƽ�Ʊ��</a>
			  </div><div class="col-md-6 item">
				<a href="/book/p1125/314936.html" title="�ڶ�ʮ���� ����ô����Լ���" target="_blank">�ڶ�ʮ���� ����ô����Լ���</a>
			  </div><div class="col-md-6 item">
				<a href="/book/p1125/314937.html" title="����ʮ�� ���ض���ʷ����" target="_blank">����ʮ�� ���ض���ʷ����</a>
			  </div><div class="col-md-6 item">
				<a href="/book/p1125/314938.html" title="����ʮһ�� ���·��������˰�" target="_blank">����ʮһ�� ���·��������˰�</a>
			  </div><div class="col-md-6 item">
				<a href="/book/p1125/314939.html" title="����ʮ���� ��㶪ʧ�������Ķ���" target="_blank">����ʮ���� ��㶪ʧ�������Ķ���</a>
			  </div><div class="col-md-6 item">
				<a href="/book/p1125/314940.html" title="����ʮ���� ����ɽ����������" target="_blank">����ʮ���� ����ɽ����������</a>
			  </div><div class="col-md-6 item">
				<a href="/book/p1125/314941.html" title="����ʮ���� һȭһ�����ӹ�" target="_blank">����ʮ���� һȭһ�����ӹ�</a>
			  </div><div class="col-md-6 item">
				<a href="/book/p1125/314942.html" title="����ʮ�� �ǳ����ʵġ���" target="_blank">����ʮ�� �ǳ����ʵġ���</a>
			  </div><div class="col-md-6 item">
				<a href="/book/p1125/314943.html" title="����ʮ���� �����Ǹ��������" target="_blank">����ʮ���� �����Ǹ��������</a>
			  </div><div class="col-md-6 item">
				<a href="/book/p1125/314944.html" title="����ʮ���� ��������װ�Ƶ�" target="_blank">����ʮ���� ��������װ�Ƶ�</a>
			  </div><div class="col-md-6 item">
				<a href="/book/p1125/314945.html" title="����ʮ���� ����Ͱ���" target="_blank">����ʮ���� ����Ͱ���</a>
			  </div><div class="col-md-6 item">
				<a href="/book/p1125/314946.html" title="����ʮ���� ����Ū��ƨ�ɵ�" target="_blank">����ʮ���� ����Ū��ƨ�ɵ�</a>
			  </div><div class="col-md-6 item">
				<a href="/book/p1125/314947.html" title="����ʮ���� �Ҿ�ϲ����һ������" target="_blank">����ʮ���� �Ҿ�ϲ����һ������</a>
			  </div><div class="col-md-6 item">
				<a href="/book/p1125/314948.html" title="����ʮ�� �����ж�" target="_blank">����ʮ�� �����ж�</a>
			  </div><div class="col-md-6 item">
				<a href="/book/p1125/314949.html" title="����ʮһ�� ��ƭ��֪��Ů" target="_blank">����ʮһ�� ��ƭ��֪��Ů</a>
			  </div><div class="col-md-6 item">
				<a href="/book/p1125/314950.html" title="����ʮ���� �Ǹ������ж�����" target="_blank">����ʮ���� �Ǹ������ж�����</a>
			  </div><div class="col-md-6 item">
				<a href="/book/p1125/314951.html" title="����ʮ���� ���ɯŮ��" target="_blank">����ʮ���� ���ɯŮ��</a>
			  </div><div class="col-md-6 item">
				<a href="/book/p1125/314952.html" title="����ʮ���� ���������̼�" target="_blank">����ʮ���� ���������̼�</a>
			  </div><div class="col-md-6 item">
				<a href="/book/p1125/314953.html" title="����ʮ���� ������Ժ���������Ƽ�Ʊ��" target="_blank">����ʮ���� ������Ժ���������Ƽ�Ʊ��</a>
			  </div><div class="col-md-6 item">
				<a href="/book/p1125/314954.html" title="����ʮ���� ������ʹթ" target="_blank">����ʮ���� ������ʹթ</a>
			  </div><div class="col-md-6 item">
				<a href="/book/p1125/314955.html" title="����ʮ���� ����ȣ�����װ����" target="_blank">����ʮ���� ����ȣ�����װ����</a>
			  </div><div class="col-md-6 item">
				<a href="/book/p1125/314956.html" title="����ʮ���� �������䶯��" target="_blank">����ʮ���� �������䶯��</a>
			  </div><div class="col-md-6 item">
				<a href="/book/p1125/314957.html" title="����ʮ���� ���յ�ʦ�������" target="_blank">����ʮ���� ���յ�ʦ�������</a>
			  </div><div class="col-md-6 item">
				<a href="/book/p1125/314958.html" title="����ʮ�� ����ʮ�˸�" target="_blank">����ʮ�� ����ʮ�˸�</a>
			  </div><div class="col-md-6 item">
				<a href="/book/p1125/314959.html" title="����ʮһ�� ���׾�����ֻ����" target="_blank">����ʮһ�� ���׾�����ֻ����</a>
			  </div><div class="col-md-6 item">
				<a href="/book/p1125/314960.html" title="����ʮ���� ��ʲô÷" target="_blank">����ʮ���� ��ʲô÷</a>
			  </div><div class="col-md-6 item">
				<a href="/book/p1125/314961.html" title="����ʮ���� ˵��������ô����" target="_blank">����ʮ���� ˵��������ô����</a>
			  </div><div class="col-md-6 item">
				<a href="/book/p1125/314962.html" title="����ʮ���� ��������������" target="_blank">����ʮ���� ��������������</a>
			  </div><div class="col-md-6 item">
				<a href="/book/p1125/314963.html" title="����ʮ���� �������޶����Ź�" target="_blank">����ʮ���� �������޶����Ź�</a>
			  </div><div class="col-md-6 item">
				<a href="/book/p1125/314964.html" title="����ʮ���� ѹסСҽ��" target="_blank">����ʮ���� ѹסСҽ��</a>
			  </div><div class="col-md-6 item">
				<a href="/book/p1125/314965.html" title="����ʮ���� ���������" target="_blank">����ʮ���� ���������</a>
			  </div><div class="col-md-6 item">
				<a href="/book/p1125/314966.html" title="����ʮ���� ͻȻ��й��" target="_blank">����ʮ���� ͻȻ��й��</a>
			  </div><div class="col-md-6 item">
				<a href="/book/p1125/314967.html" title="����ʮ���� ����ˬһ��" target="_blank">����ʮ���� ����ˬһ��</a>
			  </div><div class="col-md-6 item">
				<a href="/book/p1125/314968.html" title="����ʮ�� ���뵱�����Ǿ͵�Ů��" target="_blank">����ʮ�� ���뵱�����Ǿ͵�Ů��</a>
			  </div><div class="col-md-6 item">
				<a href="/book/p1125/314969.html" title="����ʮһ�� ������ӿ" target="_blank">����ʮһ�� ������ӿ</a>
			  </div><div class="col-md-6 item">
				<a href="/book/p1125/314970.html" title="����ʮ���� �������" target="_blank">����ʮ���� �������</a>
			  </div><div class="col-md-6 item">
				<a href="/book/p1125/314971.html" title="����ʮ���� ����������������" target="_blank">����ʮ���� ����������������</a>
			  </div><div class="col-md-6 item">
				<a href="/book/p1125/314972.html" title="֪ͨ������һ���������������ϡ�" target="_blank">֪ͨ������һ���������������ϡ�</a>
			  </div><div class="col-md-6 item">
				<a href="/book/p1125/314973.html" title="����ʮ���� һ������Ļ���" target="_blank">����ʮ���� һ������Ļ���</a>
			  </div><div class="col-md-6 item">
				<a href="/book/p1125/314974.html" title="����ʮ���� ʥ�����" target="_blank">����ʮ���� ʥ�����</a>
			  </div><div class="col-md-6 item">
				<a href="/book/p1125/314975.html" title="����ʮ���� ս������" target="_blank">����ʮ���� ս������</a>
			  </div><div class="col-md-6 item">
				<a href="/book/p1125/314976.html" title="����ʮ���� ���㳤�ó�" target="_blank">����ʮ���� ���㳤�ó�</a>
			  </div><div class="col-md-6 item">
				<a href="/book/p1125/314977.html" title="����ʮ���� �Ұ��㵱���ˣ���ȴ������" target="_blank">����ʮ���� �Ұ��㵱���ˣ���ȴ������</a>
			  </div><div class="col-md-6 item">
				<a href="/book/p1125/314978.html" title="����ʮ���� ��������Ź�" target="_blank">����ʮ���� ��������Ź�</a>
			  </div><div class="col-md-6 item">
				<a href="/book/p1125/314979.html" title="����ʮ�� �ں�����������" target="_blank">����ʮ�� �ں�����������</a>
			  </div><div class="col-md-6 item">
				<a href="/book/p1125/314980.html" title="����ʮһ�� ż��������" target="_blank">����ʮһ�� ż��������</a>
			  </div><div class="col-md-6 item">
				<a href="/book/p1125/314981.html" title="����ʮ���� һ��Ϊ��" target="_blank">����ʮ���� һ��Ϊ��</a>
			  </div><div class="col-md-6 item">
				<a href="/book/p1125/314982.html" title="����ʮ���� ����δ������Ů" target="_blank">����ʮ���� ����δ������Ů</a>
			  </div><div class="col-md-6 item">
				<a href="/book/p1125/314983.html" title="����ʮ���� ���㶨�ɣ�" target="_blank">����ʮ���� ���㶨�ɣ�</a>
			  </div><div class="col-md-6 item">
				<a href="/book/p1125/314984.html" title="����ʮ���� �Ǹ�����" target="_blank">����ʮ���� �Ǹ�����</a>
			  </div>
            </div>
          </div>
        </div>
      </div>
      <!-- All Chapterlist End -->
    </div>
	<!-- Chapter End -->
  </div>
  <!-- Left End -->
  <div class="col-right2">
	  <div class="panel panel-info hidden-xs hidden-sm t10">
        <div class="panel-heading">
          <h3 class="panel-title">�������</h3>
        </div>
        <div class="panel-body">
          <div class="row">
			<div class="col-md-12 item fix1px"><a class="float-left" href="/book/p1132/" target="_blank">��Ӱ֮��ǿ���</a><span class="dark float-right">ҹ������</span></div><div class="col-md-12 item fix1px"><a class="float-left" href="/book/p1131/" target="_blank">����Ԫ��ëϵͳ(����̫��������</a><span class="dark float-right">����i��</span></div><div class="col-md-12 item fix1px"><a class="float-left" href="/book/p1130/" target="_blank">ĳ��ѧ�Ļ�Ӱ����</a><span class="dark float-right">��Ҷ֪��</span></div><div class="col-md-12 item fix1px"><a class="float-left" href="/book/p1129/" target="_blank">�������ͣ�GO</a><span class="dark float-right">��ӹ</span></div><div class="col-md-12 item fix1px"><a class="float-left" href="/book/p1128/" target="_blank">��ү�Ĺ켣</a><span class="dark float-right">���¼���</span></div><div class="col-md-12 item fix1px"><a class="float-left" href="/book/p1127/" target="_blank">�澳��Ϸ</a><span class="dark float-right">�ʺ���</span></div><div class="col-md-12 item fix1px"><a class="float-left" href="/book/p1126/" target="_blank">��ħ��ŮУ����ʦ</a><span class="dark float-right">��ɽӰ</span></div><div class="col-md-12 item fix1px"><a class="float-left" href="/book/p1125/" target="_blank">����֮������½�����Ʋ��֮����</a><span class="dark float-right">����ҹɫ��</span></div><div class="col-md-12 item fix1px"><a class="float-left" href="/book/p1124/" target="_blank">����֮��Ŷ���</a><span class="dark float-right">��֮��</span></div><div class="col-md-12 item fix1px"><a class="float-left" href="/book/p1123/" target="_blank">��Ӱ֮Ѫ������</a><span class="dark float-right">59ʽ���л�</span></div>
          </div>
        </div>
      </div>
	  <!--New Book End -->
	  <div class="panel panel-info">
          <div class="panel-heading"><h3 class="panel-title">����������Ʒ</h3></div>
          <div class="panel-body">
            <div class="row">
              
            </div>
          </div>
        </div>
      <div class="panel panel-info">
        <div class="panel-heading">
          <h3 class="panel-title"><strong>�����Ƽ�</strong></h3>
        </div>
        <div class="panel-body">
          <div class="row">
			<div class="col-md-12 t10">
              <div class="media"> <a class="media-left" href="/book/p439/" target="_blank"> <img class="book-img-small" src="/uploads/cover/439s.jpg" title="���۳�Ϊ����λ����" alt="���۳�Ϊ����λ����"/> </a>
                <div class="media-body">
                  <div class="media-title">
                    <h4><a href="/book/p439/" target="_blank">���۳�Ϊ����λ����</a></h4>
					<span class="dark">����</span>
                  </div>
                  <div class="media-info"> ʮ�����������ҵ�����۴�Խ�ˡ� ���Ÿ�ĸ������һ��Խ��һ��İ�������硭</div>
                </div>
              </div>
            </div><div class="col-md-12 t10">
              <div class="media"> <a class="media-left" href="/book/p146/" target="_blank"> <img class="book-img-small" src="/uploads/cover/146s.jpg" title="����������Ϸ��������" alt="����������Ϸ��������"/> </a>
                <div class="media-body">
                  <div class="media-title">
                    <h4><a href="/book/p146/" target="_blank">����������Ϸ��������</a></h4>
					<span class="dark">�����</span>
                  </div>
                  <div class="media-info"> ��߮�۴�����������Ϸ�����Ůװ���С� ԭ��ˮ������������ˣ�ֻ���ϡ�</div>
                </div>
              </div>
            </div><div class="col-md-12 t10">
              <div class="media"> <a class="media-left" href="/book/p1056/" target="_blank"> <img class="book-img-small" src="/uploads/cover/1056s.jpg" title="ʥ����ϲ" alt="ʥ����ϲ"/> </a>
                <div class="media-body">
                  <div class="media-title">
                    <h4><a href="/book/p1056/" target="_blank">ʥ����ϲ</a></h4>
					<span class="dark">������</span>
                  </div>
                  <div class="media-info"> ǰ����ƭ��������������Ѱ�� ���Ľ��ʺ�18��18�����ϵĳ�������������֪����</div>
                </div>
              </div>
            </div><div class="col-md-12 t10">
              <div class="media"> <a class="media-left" href="/book/p671/" target="_blank"> <img class="book-img-small" src="/uploads/cover/671s.jpg" title="���" alt="���"/> </a>
                <div class="media-body">
                  <div class="media-title">
                    <h4><a href="/book/p671/" target="_blank">���</a></h4>
					<span class="dark">����</span>
                  </div>
                  <div class="media-info"> �ִ����죬����HE ����������ing�� ����ǰһ����ը��������ʧȥ���Լ��Ĵ��</div>
                </div>
              </div>
            </div><div class="col-md-12 t10">
              <div class="media"> <a class="media-left" href="/book/p986/" target="_blank"> <img class="book-img-small" src="/uploads/cover/986s.jpg" title="��ʦ���ɺ��Ź���" alt="��ʦ���ɺ��Ź���"/> </a>
                <div class="media-body">
                  <div class="media-title">
                    <h4><a href="/book/p986/" target="_blank">��ʦ���ɺ��Ź���</a></h4>
					<span class="dark">С�ĵ�</span>
                  </div>
                  <div class="media-info"> л��Ӣ�����ţ��Ӵ�����÷���ˮ��Ĺ�ʦ����ִ����Ź��ӡ� ֻ��ϧ�ǡ�</div>
                </div>
              </div>
            </div><div class="col-md-12 t10">
              <div class="media"> <a class="media-left" href="/book/p1108/" target="_blank"> <img class="book-img-small" src="/uploads/cover/1108s.jpg" title="��¥ʷ����յļ���" alt="��¥ʷ����յļ���"/> </a>
                <div class="media-body">
                  <div class="media-title">
                    <h4><a href="/book/p1108/" target="_blank">��¥ʷ����յļ���</a></h4>
					<span class="dark">���ϱ�</span>
                  </div>
                  <div class="media-info"> ĩ���д�Խ�ɴ���ү���� ������ܺͿռ䣬��¥һ���˵��ڴ���ү��ǰ����ս��</div>
                </div>
              </div>
            </div><div class="col-md-12 t10">
              <div class="media"> <a class="media-left" href="/book/p501/" target="_blank"> <img class="book-img-small" src="/uploads/cover/501s.jpg" title="���д����Ҷ�����" alt="���д����Ҷ�����"/> </a>
                <div class="media-body">
                  <div class="media-title">
                    <h4><a href="/book/p501/" target="_blank">���д����Ҷ�����</a></h4>
					<span class="dark">¹Ұ����</span>
                  </div>
                  <div class="media-info"> �����������ʱ���˹���ͷ�����ڱ�����������Թ��̫������������󱻡�</div>
                </div>
              </div>
            </div><div class="col-md-12 t10">
              <div class="media"> <a class="media-left" href="/book/p1068/" target="_blank"> <img class="book-img-small" src="/uploads/cover/1068s.jpg" title="�����ɫ����" alt="�����ɫ����"/> </a>
                <div class="media-body">
                  <div class="media-title">
                    <h4><a href="/book/p1068/" target="_blank">�����ɫ����</a></h4>
					<span class="dark">����</span>
                  </div>
                  <div class="media-info"> �� �ྩ���и߶��ս�����ħͷ�� �氲һ�������⣬��αװ�������̳��������š�</div>
                </div>
              </div>
            </div><div class="col-md-12 t10">
              <div class="media"> <a class="media-left" href="/book/p823/" target="_blank"> <img class="book-img-small" src="/uploads/cover/823s.jpg" title="�ٶ�" alt="�ٶ�"/> </a>
                <div class="media-body">
                  <div class="media-title">
                    <h4><a href="/book/p823/" target="_blank">�ٶ�</a></h4>
					<span class="dark">���</span>
                  </div>
                  <div class="media-info"> ��ȥ��δ������һ�������������ߣ� ������Զ���ڽڵ㡣 �ܶ�����ٻ��ף��ҡ�</div>
                </div>
              </div>
            </div><div class="col-md-12 t10">
              <div class="media"> <a class="media-left" href="/book/p725/" target="_blank"> <img class="book-img-small" src="/uploads/cover/725s.jpg" title="��Ʒ����/��Ʒ����" alt="��Ʒ����/��Ʒ����"/> </a>
                <div class="media-body">
                  <div class="media-title">
                    <h4><a href="/book/p725/" target="_blank">��Ʒ����/��Ʒ����</a></h4>
					<span class="dark">������</span>
                  </div>
                  <div class="media-info"> ��Ϊ����ӵ�л�λ�̳�Ȩȴ��ѡΪħ��ļ�Ʒ���������˵��������˿���ɡ�</div>
                </div>
              </div>
            </div>
          </div>
        </div>
      </div>
	  <!-- �����Ƽ� End-->
    </div>
    <!-- Col-right End -->
</div>
<!-- Footer Begin -->
<div class="footer">
  <div class = "container">
    
    <p class = "hidden-xs">�����Ȩ����Ϊ�ڱ�վ����������Ʒ�����������棬�뷢�ʼ���<script>play("email")</script>����վȷ�Ϻ󽫻�������ɾ����</p>
    <p class = "hidden-xs">��վ����¼��Ʒ���������⡢������۾����������Ϊ���������վ������</p>
    <p>�������ߣ���һ�����ĺ͹��������鼮֧�����ߣ��������߲���д��������õ��飡</p>
    <p class = "hidden-xs"> 
      <script>play("tongji")</script> 
    </p>
  </div>
</div>
<div class="fixed-btn">
    <a class="go-top" href="javascript:void(0)" title="���ض���"> <i class="fa fa-angle-up"></i></a>
</div>
<!-- Footer End --> 
<!-- jQuery (necessary for Bootstrap's JavaScript plugins) --> 
<script src="/static/js/jquery.min.js"></script> 
<!-- Include all compiled plugins (below), or include individual files as needed --> 
<script src="/static/js/bootstrap.min.js"></script> 
<script src="/static/js/comm.js"></script>
<script type="text/javascript">
	var sid ="1125";
	$(function(){
        BookShelf.getChapterHistory(book);
    });
</script>
<script type="module" src="https://static.cloudflareinsights.com/beacon.min.js/v4513226cdae34746b4dedf0b4dfa099e1781791509496" integrity="sha512-ZE9pZaUXND66v380QUtch/5sE9tPFh2zg45pR2PB0CVkCtOREv2AJKkSidISWkysEuQ0EH8faUU5du78bx87UQ==" data-cf-beacon='{"version":"2024.11.0","token":"bf4eb1bf0db94d35a471fe4f3b9897eb","r":1}' crossorigin="anonymous"></script>
</body>
</html>

21:11:57.543 [OkHttp https://www.dbxsz.com/...] DEBUG io.legado.app.model.DebugLog - <-- END HTTP (36080-byte, 7581-gzipped-byte body)
21:11:57.544 [main @coroutine#18] INFO io.legado.app.model.DebugLog - sourceUrl: https://www.dbxsd.com, msg: �Ի�ȡ�ɹ�:https://www.dbxsz.com/book/p1125/
21:11:57.544 [main @coroutine#18] INFO io.legado.app.model.DebugLog - sourceUrl: https://www.dbxsd.com, msg: ����ȡĿ¼�б�
21:11:57.547 [main @coroutine#18] INFO io.legado.app.model.DebugLog - sourceUrl: https://www.dbxsd.com, msg: ���б��С:390
21:11:57.547 [main @coroutine#18] INFO io.legado.app.model.DebugLog - sourceUrl: https://www.dbxsd.com, msg: ������Ŀ¼�б�
21:11:57.599 [main @coroutine#18] INFO io.legado.app.model.DebugLog - sourceUrl: https://www.dbxsd.com, msg: ��Ŀ¼�б�������
21:11:57.599 [main @coroutine#18] INFO io.legado.app.model.DebugLog - sourceUrl: https://www.dbxsd.com, msg: ��������Ϣ
21:11:57.599 [main @coroutine#18] INFO io.legado.app.model.DebugLog - sourceUrl: https://www.dbxsd.com, msg: ���½�����:��һ�� ������
21:11:57.599 [main @coroutine#18] INFO io.legado.app.model.DebugLog - sourceUrl: https://www.dbxsd.com, msg: ���½�����:/book/p1125/314907.html
21:11:57.599 [main @coroutine#18] INFO io.legado.app.model.DebugLog - sourceUrl: https://www.dbxsd.com, msg: ���½���Ϣ:
21:11:57.599 [main @coroutine#18] INFO io.legado.app.model.DebugLog - sourceUrl: https://www.dbxsd.com, msg: ���Ƿ����:false
21:11:57.601 [main @coroutine#18] INFO io.legado.app.model.DebugLog - sourceUrl: https://www.dbxsd.com, msg: ��Ŀ¼����:78
21:11:57.601 [main] INFO cn.kong.app.model.NovelSourceTest -   �½���: 78
21:11:57.601 [main] INFO cn.kong.app.model.NovelSourceTest -     [1] ��һ�� ������
21:11:57.601 [main] INFO cn.kong.app.model.NovelSourceTest -     [2] �ڶ��� ������Ҿ���һ������ʦ��
21:11:57.601 [main] INFO cn.kong.app.model.NovelSourceTest -     [3] ������ �������
21:11:57.601 [main] INFO cn.kong.app.model.NovelSourceTest -     [4] ������ ������
21:11:57.601 [main] INFO cn.kong.app.model.NovelSourceTest -     [5] ������ �����ɯ����
21:11:57.601 [main] INFO cn.kong.app.model.NovelSourceTest -   --- Step 4: ��ȡ���� ---
21:11:57.603 [main @coroutine#19] INFO io.legado.app.model.webBook.WebBook - bookChapterUrl: /book/p1125/314907.html
21:11:57.603 [OkHttp https://www.dbxsz.com/...] DEBUG io.legado.app.model.DebugLog - --> GET https://www.dbxsz.com/book/p1125/314907.html h2
21:11:57.603 [OkHttp https://www.dbxsz.com/...] DEBUG io.legado.app.model.DebugLog - User-Agent: Mozilla/5.0 (Linux; Android 9; PDBM00 Build/PPR1.180610.011; wv) AppleWebKit/537.36 (KHTML, like Gecko) Version/4.0 Chrome/70.0.3538.110 Mobile Safari/537.36
21:11:57.603 [OkHttp https://www.dbxsz.com/...] DEBUG io.legado.app.model.DebugLog - Keep-Alive: 300
21:11:57.603 [OkHttp https://www.dbxsz.com/...] DEBUG io.legado.app.model.DebugLog - Connection: Keep-Alive
21:11:57.603 [OkHttp https://www.dbxsz.com/...] DEBUG io.legado.app.model.DebugLog - Cache-Control: no-cache
21:11:57.603 [OkHttp https://www.dbxsz.com/...] DEBUG io.legado.app.model.DebugLog - Host: www.dbxsz.com
21:11:57.603 [OkHttp https://www.dbxsz.com/...] DEBUG io.legado.app.model.DebugLog - Accept-Encoding: gzip
21:11:57.603 [OkHttp https://www.dbxsz.com/...] DEBUG io.legado.app.model.DebugLog - --> END GET
21:11:57.984 [OkHttp https://www.dbxsz.com/...] DEBUG io.legado.app.model.DebugLog - <-- 200 https://www.dbxsz.com/book/p1125/314907.html (380ms)
21:11:57.984 [OkHttp https://www.dbxsz.com/...] DEBUG io.legado.app.model.DebugLog - date: Fri, 14 Aug 2026 13:11:57 GMT
21:11:57.984 [OkHttp https://www.dbxsz.com/...] DEBUG io.legado.app.model.DebugLog - content-type: text/html
21:11:57.984 [OkHttp https://www.dbxsz.com/...] DEBUG io.legado.app.model.DebugLog - last-modified: Tue, 17 Nov 2020 13:53:59 GMT
21:11:57.984 [OkHttp https://www.dbxsz.com/...] DEBUG io.legado.app.model.DebugLog - nel: {"report_to":"cf-nel","success_fraction":0.0,"max_age":604800}
21:11:57.984 [OkHttp https://www.dbxsz.com/...] DEBUG io.legado.app.model.DebugLog - server-timing: cfCacheStatus;desc="DYNAMIC"
21:11:57.984 [OkHttp https://www.dbxsz.com/...] DEBUG io.legado.app.model.DebugLog - server-timing: cfEdge;dur=5,cfOrigin;dur=154
21:11:57.984 [OkHttp https://www.dbxsz.com/...] DEBUG io.legado.app.model.DebugLog - vary: Accept-Encoding
21:11:57.984 [OkHttp https://www.dbxsz.com/...] DEBUG io.legado.app.model.DebugLog - report-to: {"group":"cf-nel","max_age":604800,"endpoints":[{"url":"https://a.nel.cloudflare.com/report/v4?s=d5U7e%2FAuCgB70%2FW3%2BL%2FfoQ%2FM%2FjBXRS9Kwi6YWdmHSiv0zA3N453oKmC2rsQXDNJJsvILX9MgfFvg7O6WXTn%2BjAdrtgOxQYQZXT0DdiIQdnlc7kzo%2BMdkO60yh%2BH7Sj1g"}]}
21:11:57.984 [OkHttp https://www.dbxsz.com/...] DEBUG io.legado.app.model.DebugLog - server: cloudflare
21:11:57.984 [OkHttp https://www.dbxsz.com/...] DEBUG io.legado.app.model.DebugLog - cf-cache-status: DYNAMIC
21:11:57.984 [OkHttp https://www.dbxsz.com/...] DEBUG io.legado.app.model.DebugLog - content-encoding: gzip
21:11:57.984 [OkHttp https://www.dbxsz.com/...] DEBUG io.legado.app.model.DebugLog - cf-ray: a2b03559b9140e18-AMS
21:11:57.984 [OkHttp https://www.dbxsz.com/...] DEBUG io.legado.app.model.DebugLog - alt-svc: h3=":443"; ma=86400
21:11:58.260 [OkHttp https://www.dbxsz.com/...] DEBUG io.legado.app.model.DebugLog - 
21:11:58.260 [OkHttp https://www.dbxsz.com/...] DEBUG io.legado.app.model.DebugLog - <!DOCTYPE html>
<html lang="zh-cn">
<head>
	<meta charset="utf-8">
	<meta http-equiv="X-UA-Compatible" content="IE=edge">
	<meta name="viewport" content="width=device-width, initial-scale=1">
	<title>��һ�� ������-������֮������½�����Ʋ��֮������½������������Ķ�_����С˵��</title>

	<meta name="keywords" content="����С˵��,����֮������½�����Ʋ��֮������½��,��һ�� ������ �����Ķ�"/>
	<meta name="description" content="��ǰ�½�:��һ�� ������"/>
	
		<link href="/static/css/bootstrap.min.css" rel="stylesheet">
	<link href="/static/css/font-awesome.min.css" rel="stylesheet" >
	<link href="/static/css/base.css" rel="stylesheet">
	<script src="/static/js/action.js"></script>
	<!--[if lt IE 9]>
      <script src="/static/js/html5shiv.min.js"></script>
      <script src="/static/js/respond.min.js"></script>
    <![endif]-->
	<script type="text/javascript">
      var book = new Object();
      book.id="1125";
      book.name="����֮������½�����Ʋ��֮������½��";
      book.author="����ҹɫ��";
      book.url="/book/p1125/";
      book.chapterName="��һ�� ������";
      book.chapterUrl=window.location.href;
      book.chapterId="314907";
    </script>
</head>
<body>
<div class="top">
	<div class="container">
    	<div class="logo-name"><a href="/">����С˵��</a></div>
        <div class="float-right"><script>play("lan")</script></div>
    </div>
</div>
<div class="container">
	      <div class="search row">
        <div class="col-sm-4 col-xs-12">
          <form id="search-form" action="/plus/search.php">
            <div class="input-group">
              <input type="text" class="form-control" placeholder="����������" id="bdcsMain" name="q" />
              <div class="input-group-addon" onclick="search();"><span class="fa fa-search"></span></div>
            </div>
          </form>
        </div>
		<div class="col-sm-2 hidden-xs">
          
        </div>
        <div class="col-sm-6 hidden-xs">
         
        </div>
      </div>
</div>

<div class="container">
  <div class="book-type t10">
	<ol class="breadcrumb hidden-xs">
	  <li><a href="/"><i class="fa fa-home"></i> ��ҳ</a></li>
	  <li><a href="/book/p1125/">����֮������½�����Ʋ��֮������½��</a></li>
	  <li class="active">��һ�� ������</li>
	</ol>
  </div>
  <div class="cont-set clearfix">
  	<script>bookset();</script>
  </div>
  <!-- Content Begin-->
  <div class="content" id="content">
    <h1 class="cont-title">��һ�� ������</h1>
    <div class="row">
      <div class="col-md-3"></div>
      <div class="col-md-6 text-center">
        <a href="/book/p1125/"><button type="button" class="btn btn-info"><i class="fa fa-arrow-circle-left" aria-hidden="true"></i> ��һ��</button></a>
        <a href="/book/p1125/"><button type="button" class="btn btn-info">��Ŀ¼</button></a>
        <a href="/book/p1125/314908.html"><button type="button" class="btn btn-info">��һ�� <i class="fa fa-arrow-circle-right" aria-hidden="true"></i></button></a>
      </div>
    </div>
	<div class="page">
		<ul class="pagination pagination-sm">
			
		</ul>
	</div>
	<script>play("code-1");</script>
	<div id="cont-body" class="cont-body 314907">
		<script>play("code-2");</script>
    	<p>��̹�ǣ���ҹ㳡���������ڸ�̨�Ͻ��в��顣</p><p>����֮�����߶Σ���</p><p>����ħʯ���ϣ���������������ۣ����ų����Ĺ�â���ù㳡�ϵ����˲��Ϲ�����ǵ��ѺϽ��ۡ�</p><p>���ۣ���ү������������Ұ����ѵ�һ������ţ���ʮ����ʹﵽ�߶���֮���ˣ���</p><p>���Ҳ���ү�Ȼ�������ʱ�����ٶ�����ɫ�����</p><p>����ɫ����Ҳ̫С����ү�ˣ��ҿ����Ҳ����ɫ����</p><p>�ڶ�������Ů�ó�ݵ�Ŀ�⿴�����ף��ڹ㳡��ߴߴ����������������</p><p>������½������������Ϊ���������������������⣬ÿ���˶�Ҫ������ꡣ</p><p>���ֻ��һ�֣��Ǿ�����ν������������ǻ���Ϊʮ���ȼ���һ����ɫ�����Ϊ��ͼ���ʮ����ɫ�����Ϊ��߼���</p><p>������������½������������һ�����£�ʮ�����׷ɱһ�����ߣ����׷�������������û�н�������նɱ��</p><p>��Ϊ����ʮ����۾��ѵ���꣬����һɫ����������߾��ѵ���꣬����ʮɫ�������ƾ�������Ϊ�ٸߣ���Ҳ׷�ϲ��ϡ�</p><p>���������������һ���ϵ���ţ�ʮ��������ʮ�����Ķ���֮����ʮ������Ѵﵽ�߶���֮����</p><p>��Ƚ����ٶȣ����������۹��������������ҳ�������</p><p>����˶������ױ��źܸߵ��ڴ���ֻҪ���׾��ѵ���겻������ɫ�������ô�պ����ң�Ǳ���㲻�����������п���һԾ��Ϊ�۹��ڵĴ���塣</p><p>�����ף�����������������ꡣ��</p><p>������������ϵ�Ц�ݣ���ͬһ��ջ������ţ���Ц���еĿ������ף��Ͳ����ְ����ױ������ˡ�</p><p>���׻����ߵ��Աߣ�������ǰ����һ������ĵ���</p><p>��в�����ר������������ꡣ</p><p>�����ַ���ȥ�����Ų�����ڹ�����������������ܾ��ѡ������������Ա����ѵ���</p><p>���׵��ͷ�����Ʒ������֮�ϣ������۾�������һ�������ڵ�������������Ѹ�ٳ��Ų������ӿ����ȥ��</p><p>��һ�̣������㳡�����շ·����������������˵�Ŀ�⣬���ǽ����Ÿ�̨�ϵ����׺��ǲ��������Ǻ��ڴ����׾��ѵ���꣬��Ͼ��غ������������������</p><p>�ˣ�</p><p>������ϣ�������������һ����â���ڶ���</p><p>���ԣ�</p><p>����ţ�һƥ���������ͷ���ϳ��֣�̧��ǰ�ȣ���������Ľ�����</p><p>˻��</p><p>������ƥ������㳡֮�ϣ���ʱ��������һ�������������������</p><p>�����۾������ף��������ּ�����������Ϥ����������������۶�֪���������ѵ����϶���ţ�ơ�</p><p>����ģ�̫�����ˣ�����֮ǰ����Ϊ������ţ�û�뵽����Ȼ�ž���һɫ�������</p><p>�����������Ƕ���������˴���ڴ�������ô����˼������ͼ�����ꣿ��</p><p>��һɫ�����������׷ɱ�����������Ӳ����������Ҷ���������ˣ���</p><p>��Ȼ�䣬��������á���������������ڹ㳡�ϴ���˷��Ĵ�����</p><p>ʲô��</p><p>��Щ����һ�ֲ�����������׶��У������͵�һ����æ����˫�ۣ�̧ͷ����ͷ������һƥ����ɫ��������������׻���</p><p>����ô���ܡ�����</p><p>����Ϊʲô�ž���һɫ�������</p><p>��һ���ǲ��Դ��ˣ���</p><p>�������ϣ���������˶Բ��ԣ���</p><p>�����������ң��������������Լ����ѵ����ֻ��һ����ɫ��</p><p>�������ͼ�����갡��</p><p>�����Ժ����ɳ�������ۣ�����Ҫɱһ������ʮɫ��������߶�����������ʲôƨ�ã�</p><p>���ߣ����ף����Լ����ѵ������Ȼ������˼�ֲ������ˣ�����Ƥ��ô���֮�񣿡�</p><p>�����������ɫ��䣬���ﻹ��֮ǰ���ֺ���̬�������һ��������������ҹ���ȥ����Ҫ�����ﶪ�����ۡ���</p><p>�����������������Ѽ�������������ˣ���</p><p>���Ժ��ȥǧ��Ҫ˵����������ҵ��ˡ���</p><p>��������������۵����⣬��Ҫ����������������ߣ���</p><p>��̨�µ��������һ����ͬ�������ʱ�����������ס�</p><p>��������һ�����ģ���Щû��վ�ȣ�����ɫ�԰ף���������һĨ�Գ������յ����ƣ���Ϊ��������������΢�����ָ������Ĵ̽�������֮�У�����һ�������ĵ���ʹ��</p><p>����Щ�˶�����˼��������𣿡�</p><p>�������ϸ���һĨ��Ц���Լ�û�о������ǰ��չ�ֳ����������츳���ܵ������˵�׷������������ѣ���ֻ��һ����ɫ������Щ�˷���ȴ�ȷ��黹�죬һת�۵�ʱ�䣬�����Լ�Ϊ����С�</p><p>���ң���Ȼ������˵Ҫ����������Լ��ߣ��Ҳ��ҳ���������Ե㣿</p><p>�뵽����������ϵĿ�Ц�����ɱ�ø���Ũ���</p><p>������һ����������һ�ӣ�ͷ���ϵİ�ɫ������䵽���棬һ����������ﵽ��������ϡ�</p><p>���ݣ���</p><p>˫��һ�����������������㣬��ÿ�����׵Ļ����ٶȱ����š�</p><p>��Ц�����ˣ��ܵ���ô����������Ϊ���Ҹ�����Σ�������һ����ˮ������ת����ߣ���</p><p>���������������Ժ�Ҫ�������ܵ������е�������Դ������Ҳ���˷ѣ���</p><p>����ɲ�һ������Ȼ���Ƿ������Ҫ���ˣ����������峤����</p><p>���峤���������峤�Ϳ��԰Ѽ����������Դ����˷���һ�������������浱�������ǿ���������</p><p>������һƥÿ�������ٶȱ��ܵ�������ڶ������ٶȳ�Ц������</p><p>���ײ�δ��ȥ��ᣬֻ�Ǹ��ܵ���������ı����ٶȣ������һ�������̺ݺݵ���������һ�㣬��������΢΢���١�</p><p>��������������</p><p>����ô�����ܿ���������Լ����ڹ㳡�ϼ���������ǣ�</p><p>���������˵ĳ�Ц����������һ����Ļ�ı�Ӱ����ʧ���˹㳡��ͷ��</p><p>����</p><p>�������̣����췱�ǡ�</p><p>��Һ�ɽ���������ڵ��ϣ������Աߵİ�ɫ���������һ����������ƨ�ɣ�������ƥ����������������������档</p><p>�����޹��֪���Ҿ��ѵ���һɫ��꣬Ҳ�������������Դ����𣿡�</p><p>�����Ժ��и����Ǵ�����ɫ��ȹ��Ů�����գ�������૵���</p><p>��޹��������֮ǰ���뿪����ң�����ȥ��ʲô�ط�����Ҳ��֪����</p><p>�����׸�磬�Ҿ�֪�����������</p><p>��������������ͷת��ʱ�����������У�������һ����Ů����ɤ��ĺ�����</p>
    </div>
	
	<div class="clear"></div>
	<div class="note"><script>play("note")</script></div>
	<script>play("code-3");</script>
	<div class="page">
		<ul class="pagination pagination-sm">
			
		</ul>
	</div>
	<script>play("code-4");</script>
    <div class="row t10">
      <div class="col-md-3"></div>
      <div class="col-md-6 text-center">
        <a href="/book/p1125/"><button type="button" class="btn btn-info"><i class="fa fa-arrow-circle-left" aria-hidden="true"></i> ��һ��</button></a>
        <a href="/book/p1125/"><button type="button" class="btn btn-info">��Ŀ¼</button></a>
        <a href="/book/p1125/314908.html"><button type="button" class="btn btn-info">��һ�� <i class="fa fa-arrow-circle-right" aria-hidden="true"></i></button></a>
      </div>
    </div>
	<script>play("code-5");</script>
	
  </div>
  <!-- Content End-->
</div>
<!-- Footer Begin -->
<div class="footer">
  <div class = "container">
    
    <p class = "hidden-xs">�����Ȩ����Ϊ�ڱ�վ����������Ʒ�����������棬�뷢�ʼ���<script>play("email")</script>����վȷ�Ϻ󽫻�������ɾ����</p>
    <p class = "hidden-xs">��վ����¼��Ʒ���������⡢������۾����������Ϊ���������վ������</p>
    <p>�������ߣ���һ�����ĺ͹��������鼮֧�����ߣ��������߲���д��������õ��飡</p>
    <p class = "hidden-xs"> 
      <script>play("tongji")</script> 
    </p>
  </div>
</div>
<div class="fixed-btn">
    <a class="go-top" href="javascript:void(0)" title="���ض���"> <i class="fa fa-angle-up"></i></a>
</div>
<!-- Footer End --> 
<!-- jQuery (necessary for Bootstrap's JavaScript plugins) --> 
<script src="/static/js/jquery.min.js"></script> 
<!-- Include all compiled plugins (below), or include individual files as needed --> 
<script src="/static/js/bootstrap.min.js"></script> 
<script src="/static/js/comm.js"></script>
<script type="text/javascript">
	var shortname = ".html";
	var npage = 1;
	var totalpage = 1;
	var namehand = "314907";
	var displaytype = "st";
	var nexturl = "<a href='/book/p1125/314908.html'><button type='button' class='btn btn-info'>��һ��(��)</button></a>";
	var preurl = "";
	var muluurl = "/book/p1125/";
	var domain = "/";
	var cid = "314907";
	var sid ="1125";
	play("flow");
</script>
<script src="/static/js/article.js"></script>
<script src="/static/js/up.js"></script>
<script type="module" src="https://static.cloudflareinsights.com/beacon.min.js/v4513226cdae34746b4dedf0b4dfa099e1781791509496" integrity="sha512-ZE9pZaUXND66v380QUtch/5sE9tPFh2zg45pR2PB0CVkCtOREv2AJKkSidISWkysEuQ0EH8faUU5du78bx87UQ==" data-cf-beacon='{"version":"2024.11.0","token":"bf4eb1bf0db94d35a471fe4f3b9897eb","r":1}' crossorigin="anonymous"></script>
</body>
</html>

21:11:58.260 [OkHttp https://www.dbxsz.com/...] DEBUG io.legado.app.model.DebugLog - <-- END HTTP (13283-byte, 5771-gzipped-byte body)
21:11:58.262 [main @coroutine#19] INFO io.legado.app.model.DebugLog - sourceUrl: https://www.dbxsd.com, msg: �Ի�ȡ�ɹ�:/book/p1125/314907.html
21:11:58.265 [main @coroutine#19] INFO io.legado.app.model.DebugLog - sourceUrl: https://www.dbxsd.com, msg: ����ȡ�½�����
21:11:58.265 [main @coroutine#19] INFO io.legado.app.model.DebugLog - sourceUrl: https://www.dbxsd.com, msg: ����һ�� ������
21:11:58.265 [main @coroutine#19] INFO io.legado.app.model.DebugLog - sourceUrl: https://www.dbxsd.com, msg: ����ȡ�������� (���ȣ�2381)
21:11:58.269 [main @coroutine#19] INFO io.legado.app.model.DebugLog - sourceUrl: https://www.dbxsd.com, msg: ��
����������̹�ǣ���ҹ㳡���������ڸ�̨�Ͻ��в��顣
��������֮�����߶Σ���
��������ħʯ���ϣ������ ... ͷת��ʱ�����������У�������һ����Ů����ɤ��ĺ�����
����
21:11:58.269 [main] INFO cn.kong.app.model.NovelSourceTest -   �½�: ��һ�� ������ | ���ĳ���: 2381
21:11:58.269 [main] INFO cn.kong.app.model.NovelSourceTest -   ����ǰ200��: ����������̹�ǣ���ҹ㳡���������ڸ�̨�Ͻ��в��顣
��������֮�����߶Σ���
��������ħʯ���ϣ���������������ۣ����ų����Ĺ�â���ù㳡�ϵ����˲��Ϲ�����ǵ��ѺϽ��ۡ�
�������ۣ���ү������������Ұ����ѵ�һ������ţ���ʮ����ʹﵽ�߶���֮���ˣ���
�������Ҳ���ү�Ȼ�������ʱ�����ٶ�����ɫ�����
��������ɫ����Ҳ̫С����ү�ˣ��ҿ����Ҳ����ɫ����
�����ڶ�������Ů�ó�ݵ�Ŀ�⿴�����ף��ڹ㳡��ߴ
21:11:58.269 [main] INFO cn.kong.app.model.NovelSourceTest - 
  -------- �ؼ��� [��ͨ��] --------
21:11:58.269 [main] INFO cn.kong.app.model.NovelSourceTest -   --- Step 1: ���� [��ͨ��] ---
21:11:58.271 [OkHttp https://www.dbxsd.com/...] DEBUG io.legado.app.model.DebugLog - --> GET https://www.dbxsd.com/plus/search.php?q=%E7%A5%9E%E9%80%9A%E8%80%85 h2
21:11:58.271 [OkHttp https://www.dbxsd.com/...] DEBUG io.legado.app.model.DebugLog - User-Agent: Mozilla/5.0 (Linux; Android 9; PDBM00 Build/PPR1.180610.011; wv) AppleWebKit/537.36 (KHTML, like Gecko) Version/4.0 Chrome/70.0.3538.110 Mobile Safari/537.36
21:11:58.271 [OkHttp https://www.dbxsd.com/...] DEBUG io.legado.app.model.DebugLog - Keep-Alive: 300
21:11:58.271 [OkHttp https://www.dbxsd.com/...] DEBUG io.legado.app.model.DebugLog - Connection: Keep-Alive
21:11:58.271 [OkHttp https://www.dbxsd.com/...] DEBUG io.legado.app.model.DebugLog - Cache-Control: no-cache
21:11:58.271 [OkHttp https://www.dbxsd.com/...] DEBUG io.legado.app.model.DebugLog - Host: www.dbxsd.com
21:11:58.271 [OkHttp https://www.dbxsd.com/...] DEBUG io.legado.app.model.DebugLog - Accept-Encoding: gzip
21:11:58.271 [OkHttp https://www.dbxsd.com/...] DEBUG io.legado.app.model.DebugLog - --> END GET
21:11:58.669 [OkHttp https://www.dbxsd.com/...] DEBUG io.legado.app.model.DebugLog - <-- 301 https://www.dbxsd.com/plus/search.php?q=%E7%A5%9E%E9%80%9A%E8%80%85 (398ms)
21:11:58.670 [OkHttp https://www.dbxsd.com/...] DEBUG io.legado.app.model.DebugLog - date: Fri, 14 Aug 2026 13:11:58 GMT
21:11:58.670 [OkHttp https://www.dbxsd.com/...] DEBUG io.legado.app.model.DebugLog - content-type: text/html; charset=iso-8859-1
21:11:58.670 [OkHttp https://www.dbxsd.com/...] DEBUG io.legado.app.model.DebugLog - location: https://www.dbxsz.com/plus/search.php?q=%E7%A5%9E%E9%80%9A%E8%80%85
21:11:58.670 [OkHttp https://www.dbxsd.com/...] DEBUG io.legado.app.model.DebugLog - server: cloudflare
21:11:58.670 [OkHttp https://www.dbxsd.com/...] DEBUG io.legado.app.model.DebugLog - cf-cache-status: DYNAMIC
21:11:58.670 [OkHttp https://www.dbxsd.com/...] DEBUG io.legado.app.model.DebugLog - nel: {"report_to":"cf-nel","success_fraction":0.0,"max_age":604800}
21:11:58.670 [OkHttp https://www.dbxsd.com/...] DEBUG io.legado.app.model.DebugLog - server-timing: cfCacheStatus;desc="DYNAMIC"
21:11:58.670 [OkHttp https://www.dbxsd.com/...] DEBUG io.legado.app.model.DebugLog - server-timing: cfEdge;dur=5,cfOrigin;dur=151
21:11:58.670 [OkHttp https://www.dbxsd.com/...] DEBUG io.legado.app.model.DebugLog - report-to: {"group":"cf-nel","max_age":604800,"endpoints":[{"url":"https://a.nel.cloudflare.com/report/v4?s=yL9QjGWGX%2BuOnfrAyP1KY86Yy7uPXOfkqJTB5hC2E0EL9WAxuRFB1gN9pxUYsKu42JyjQbogVsIbrXJpuxfwKhn52Vc4hPE8Kuu4a4O%2FlHdh0g%2FLAHRJX2%2B7HgI%2FbIsj"}]}
21:11:58.670 [OkHttp https://www.dbxsd.com/...] DEBUG io.legado.app.model.DebugLog - cf-ray: a2b0355e1c83b8af-AMS
21:11:58.670 [OkHttp https://www.dbxsd.com/...] DEBUG io.legado.app.model.DebugLog - alt-svc: h3=":443"; ma=86400
21:11:58.670 [OkHttp https://www.dbxsd.com/...] DEBUG io.legado.app.model.DebugLog - 
21:11:58.670 [OkHttp https://www.dbxsd.com/...] DEBUG io.legado.app.model.DebugLog - <!DOCTYPE HTML PUBLIC "-//IETF//DTD HTML 2.0//EN">
<html><head>
<title>301 Moved Permanently</title>
</head><body>
<h1>Moved Permanently</h1>
<p>The document has moved <a href="https://www.dbxsz.com/plus/search.php?q=%E7%A5%9E%E9%80%9A%E8%80%85">here</a>.</p>
<hr>
<address>Apache Server at www.dbxsd.com Port 443</address>
<script type="module" src="https://static.cloudflareinsights.com/beacon.min.js/v4513226cdae34746b4dedf0b4dfa099e1781791509496" integrity="sha512-ZE9pZaUXND66v380QUtch/5sE9tPFh2zg45pR2PB0CVkCtOREv2AJKkSidISWkysEuQ0EH8faUU5du78bx87UQ==" data-cf-beacon='{"version":"2024.11.0","token":"73b7efc5ebf64f328ab93582400343bf","r":1}' crossorigin="anonymous"></script>
</body></html>

21:11:58.670 [OkHttp https://www.dbxsd.com/...] DEBUG io.legado.app.model.DebugLog - <-- END HTTP (698-byte body)
21:11:58.670 [OkHttp https://www.dbxsd.com/...] DEBUG io.legado.app.model.DebugLog - --> GET https://www.dbxsz.com/plus/search.php?q=%E7%A5%9E%E9%80%9A%E8%80%85 h2
21:11:58.670 [OkHttp https://www.dbxsd.com/...] DEBUG io.legado.app.model.DebugLog - User-Agent: Mozilla/5.0 (Linux; Android 9; PDBM00 Build/PPR1.180610.011; wv) AppleWebKit/537.36 (KHTML, like Gecko) Version/4.0 Chrome/70.0.3538.110 Mobile Safari/537.36
21:11:58.670 [OkHttp https://www.dbxsd.com/...] DEBUG io.legado.app.model.DebugLog - Keep-Alive: 300
21:11:58.670 [OkHttp https://www.dbxsd.com/...] DEBUG io.legado.app.model.DebugLog - Connection: Keep-Alive
21:11:58.670 [OkHttp https://www.dbxsd.com/...] DEBUG io.legado.app.model.DebugLog - Cache-Control: no-cache
21:11:58.670 [OkHttp https://www.dbxsd.com/...] DEBUG io.legado.app.model.DebugLog - Host: www.dbxsz.com
21:11:58.670 [OkHttp https://www.dbxsd.com/...] DEBUG io.legado.app.model.DebugLog - Accept-Encoding: gzip
21:11:58.670 [OkHttp https://www.dbxsd.com/...] DEBUG io.legado.app.model.DebugLog - --> END GET
21:11:59.082 [OkHttp https://www.dbxsd.com/...] DEBUG io.legado.app.model.DebugLog - <-- 200 https://www.dbxsz.com/plus/search.php?q=%E7%A5%9E%E9%80%9A%E8%80%85 (412ms)
21:11:59.083 [OkHttp https://www.dbxsd.com/...] DEBUG io.legado.app.model.DebugLog - date: Fri, 14 Aug 2026 13:11:58 GMT
21:11:59.083 [OkHttp https://www.dbxsd.com/...] DEBUG io.legado.app.model.DebugLog - content-type: text/html; charset=utf-8
21:11:59.083 [OkHttp https://www.dbxsd.com/...] DEBUG io.legado.app.model.DebugLog - vary: Accept-Encoding
21:11:59.083 [OkHttp https://www.dbxsd.com/...] DEBUG io.legado.app.model.DebugLog - report-to: {"group":"cf-nel","max_age":604800,"endpoints":[{"url":"https://a.nel.cloudflare.com/report/v4?s=c1QygpmjfeTlFgEIBMcNgmKLw4%2FN%2FeZ6quX431ggCCDujA8EcPlsTO8kGz1yoik2I6UP7W8n0JyLLU5V5N95k4KuuxWIfU7nxqqKL%2FjOE6yquDM8fbalkECuBSnlhYPR"}]}
21:11:59.083 [OkHttp https://www.dbxsd.com/...] DEBUG io.legado.app.model.DebugLog - server: cloudflare
21:11:59.083 [OkHttp https://www.dbxsd.com/...] DEBUG io.legado.app.model.DebugLog - cf-cache-status: DYNAMIC
21:11:59.083 [OkHttp https://www.dbxsd.com/...] DEBUG io.legado.app.model.DebugLog - nel: {"report_to":"cf-nel","success_fraction":0.0,"max_age":604800}
21:11:59.083 [OkHttp https://www.dbxsd.com/...] DEBUG io.legado.app.model.DebugLog - server-timing: cfCacheStatus;desc="DYNAMIC"
21:11:59.083 [OkHttp https://www.dbxsd.com/...] DEBUG io.legado.app.model.DebugLog - server-timing: cfEdge;dur=6,cfOrigin;dur=188
21:11:59.083 [OkHttp https://www.dbxsd.com/...] DEBUG io.legado.app.model.DebugLog - content-encoding: gzip
21:11:59.083 [OkHttp https://www.dbxsd.com/...] DEBUG io.legado.app.model.DebugLog - cf-ray: a2b03560698b0e18-AMS
21:11:59.083 [OkHttp https://www.dbxsd.com/...] DEBUG io.legado.app.model.DebugLog - alt-svc: h3=":443"; ma=86400
21:11:59.083 [OkHttp https://www.dbxsd.com/...] DEBUG io.legado.app.model.DebugLog - 
21:11:59.083 [OkHttp https://www.dbxsd.com/...] DEBUG io.legado.app.model.DebugLog -  

<!DOCTYPE html>
<html lang="zh-CN">
  <head>
    <meta charset="utf-8">
    <meta http-equiv="X-UA-Compatible" content="IE=edge">
    <meta name="viewport" content="width=device-width, initial-scale=1">
    <title>��������ͨ�� �����¼</title>
    <link href="/static/css/bootstrap.min.css" rel="stylesheet">
	<link href="/static/css/font-awesome.min.css" rel="stylesheet" >
	<link href="/static/css/base.css" rel="stylesheet">
	<script src="/static/js/action.js"></script>
	<!--[if lt IE 9]>
      <script src="/static/js/html5shiv.min.js"></script>
      <script src="/static/js/respond.min.js"></script>
    <![endif]-->

    
  </head>
  <body>
    <div class="top">
	<div class="container">
    	<div class="logo-name"><a href="/">����С˵��</a></div>
        <div class="float-right"><script>play("lan")</script></div>
    </div>
</div>
<div class="container">
	      <div class="search row">
        <div class="col-sm-4 col-xs-12">
          <form id="search-form" action="/plus/search.php">
            <div class="input-group">
              <input type="text" class="form-control" placeholder="����������" id="bdcsMain" name="q" />
              <div class="input-group-addon" onclick="search();"><span class="fa fa-search"></span></div>
            </div>
          </form>
        </div>
		<div class="col-sm-2 hidden-xs">
          
        </div>
        <div class="col-sm-6 hidden-xs">
         
        </div>
      </div>
</div>
    <div class="container">
        <div class="panel panel-info">
          <div class="panel-heading">
            <h1 class="panel-title">�������С�<strong style="color: red;">��ͨ��</strong>�����鼮</h1>
          </div>
          <div class="panel-body">
            <table class="table table-condensed">
              <thead>
                <tr>
                  <th>����</th>
                  <th>����</th>
                  <th>����</th>
                </tr> 
              </thead>
              <tbody>
				<tr>
                  <td>û���ҵ���������ͨ�ߵ�С˵</td>
                </tr>
              </tbody>
            </table>
          </div>
        </div>
    </div>
    <!-- Footer Begin -->
<div class="footer">
  <div class = "container">
    
    <p class = "hidden-xs">�����Ȩ����Ϊ�ڱ�վ����������Ʒ�����������棬�뷢�ʼ���<script>play("email")</script>����վȷ�Ϻ󽫻�������ɾ����</p>
    <p class = "hidden-xs">��վ����¼��Ʒ���������⡢������۾����������Ϊ���������վ������</p>
    <p>�������ߣ���һ�����ĺ͹��������鼮֧�����ߣ��������߲���д��������õ��飡</p>
    <p class = "hidden-xs">
      <script>play("tongji")</script> 
    </p>
  </div>
</div>
<div class="fixed-btn">
    <a class="go-top" href="javascript:void(0)" title="���ض���"> <i class="fa fa-angle-up"></i></a>
</div>
<!-- Footer End --> 
<script src="/static/js/jquery.min.js"></script> 
<script src="/static/js/bootstrap.min.js"></script> 
<script src="/static/js/comm.js"></script>
  <script type="module" src="https://static.cloudflareinsights.com/beacon.min.js/v4513226cdae34746b4dedf0b4dfa099e1781791509496" integrity="sha512-ZE9pZaUXND66v380QUtch/5sE9tPFh2zg45pR2PB0CVkCtOREv2AJKkSidISWkysEuQ0EH8faUU5du78bx87UQ==" data-cf-beacon='{"version":"2024.11.0","token":"bf4eb1bf0db94d35a471fe4f3b9897eb","r":1}' crossorigin="anonymous"></script>
</body>
</html>
21:11:59.083 [OkHttp https://www.dbxsd.com/...] DEBUG io.legado.app.model.DebugLog - <-- END HTTP (3485-byte, 1654-gzipped-byte body)
21:11:59.083 [main @coroutine#20] INFO io.legado.app.model.DebugLog - sourceUrl: https://www.dbxsd.com, msg: �Ի�ȡ�ɹ�:/plus/search.php?q=��ͨ��
21:11:59.083 [main @coroutine#20] INFO io.legado.app.model.DebugLog - sourceUrl: https://www.dbxsd.com, msg: ����ȡ�鼮�б�
21:11:59.085 [main @coroutine#20] INFO io.legado.app.model.DebugLog - sourceUrl: https://www.dbxsd.com, msg: ���б��С:1
21:11:59.085 [main @coroutine#20] INFO io.legado.app.model.DebugLog - sourceUrl: https://www.dbxsd.com, msg: ����ȡ����
21:11:59.085 [main @coroutine#20] INFO io.legado.app.model.DebugLog - sourceUrl: https://www.dbxsd.com, msg: ��
21:11:59.085 [main] INFO cn.kong.app.model.NovelSourceTest -   �������: 0 ��
21:11:59.085 [main] WARN cn.kong.app.model.NovelSourceTest -   �����޽����������������
21:11:59.085 [main] INFO cn.kong.app.model.NovelSourceTest - 
  -------- �ؼ��� [ҹ��������] --------
21:11:59.085 [main] INFO cn.kong.app.model.NovelSourceTest -   --- Step 1: ���� [ҹ��������] ---
21:11:59.087 [OkHttp https://www.dbxsd.com/...] DEBUG io.legado.app.model.DebugLog - --> GET https://www.dbxsd.com/plus/search.php?q=%E5%A4%9C%E7%9A%84%E5%91%BD%E5%90%8D%E6%9C%AF h2
21:11:59.087 [OkHttp https://www.dbxsd.com/...] DEBUG io.legado.app.model.DebugLog - User-Agent: Mozilla/5.0 (Linux; Android 9; PDBM00 Build/PPR1.180610.011; wv) AppleWebKit/537.36 (KHTML, like Gecko) Version/4.0 Chrome/70.0.3538.110 Mobile Safari/537.36
21:11:59.087 [OkHttp https://www.dbxsd.com/...] DEBUG io.legado.app.model.DebugLog - Keep-Alive: 300
21:11:59.087 [OkHttp https://www.dbxsd.com/...] DEBUG io.legado.app.model.DebugLog - Connection: Keep-Alive
21:11:59.087 [OkHttp https://www.dbxsd.com/...] DEBUG io.legado.app.model.DebugLog - Cache-Control: no-cache
21:11:59.087 [OkHttp https://www.dbxsd.com/...] DEBUG io.legado.app.model.DebugLog - Host: www.dbxsd.com
21:11:59.087 [OkHttp https://www.dbxsd.com/...] DEBUG io.legado.app.model.DebugLog - Accept-Encoding: gzip
21:11:59.087 [OkHttp https://www.dbxsd.com/...] DEBUG io.legado.app.model.DebugLog - --> END GET
21:11:59.492 [OkHttp https://www.dbxsd.com/...] DEBUG io.legado.app.model.DebugLog - <-- 301 https://www.dbxsd.com/plus/search.php?q=%E5%A4%9C%E7%9A%84%E5%91%BD%E5%90%8D%E6%9C%AF (405ms)
21:11:59.493 [OkHttp https://www.dbxsd.com/...] DEBUG io.legado.app.model.DebugLog - date: Fri, 14 Aug 2026 13:11:59 GMT
21:11:59.493 [OkHttp https://www.dbxsd.com/...] DEBUG io.legado.app.model.DebugLog - content-type: text/html; charset=iso-8859-1
21:11:59.493 [OkHttp https://www.dbxsd.com/...] DEBUG io.legado.app.model.DebugLog - location: https://www.dbxsz.com/plus/search.php?q=%E5%A4%9C%E7%9A%84%E5%91%BD%E5%90%8D%E6%9C%AF
21:11:59.493 [OkHttp https://www.dbxsd.com/...] DEBUG io.legado.app.model.DebugLog - server: cloudflare
21:11:59.493 [OkHttp https://www.dbxsd.com/...] DEBUG io.legado.app.model.DebugLog - cf-cache-status: DYNAMIC
21:11:59.493 [OkHttp https://www.dbxsd.com/...] DEBUG io.legado.app.model.DebugLog - nel: {"report_to":"cf-nel","success_fraction":0.0,"max_age":604800}
21:11:59.493 [OkHttp https://www.dbxsd.com/...] DEBUG io.legado.app.model.DebugLog - server-timing: cfCacheStatus;desc="DYNAMIC"
21:11:59.493 [OkHttp https://www.dbxsd.com/...] DEBUG io.legado.app.model.DebugLog - server-timing: cfEdge;dur=4,cfOrigin;dur=151
21:11:59.493 [OkHttp https://www.dbxsd.com/...] DEBUG io.legado.app.model.DebugLog - report-to: {"group":"cf-nel","max_age":604800,"endpoints":[{"url":"https://a.nel.cloudflare.com/report/v4?s=6p11%2FwuOObkLpzrywTXptR7IEhQ3FsTZc%2ByUS3RtlD1%2FAH8QU6rcDDNNRcIBIeIPj6JZDJNpCx%2FOTIZ0EeY7OFpWbtjXrNNJxYKNydqk3L3xQAY8%2FnVY9XSmJ5II02a9"}]}
21:11:59.493 [OkHttp https://www.dbxsd.com/...] DEBUG io.legado.app.model.DebugLog - cf-ray: a2b0356329eeb8af-AMS
21:11:59.493 [OkHttp https://www.dbxsd.com/...] DEBUG io.legado.app.model.DebugLog - alt-svc: h3=":443"; ma=86400
21:11:59.493 [OkHttp https://www.dbxsd.com/...] DEBUG io.legado.app.model.DebugLog - 
21:11:59.493 [OkHttp https://www.dbxsd.com/...] DEBUG io.legado.app.model.DebugLog - <!DOCTYPE HTML PUBLIC "-//IETF//DTD HTML 2.0//EN">
<html><head>
<title>301 Moved Permanently</title>
</head><body>
<h1>Moved Permanently</h1>
<p>The document has moved <a href="https://www.dbxsz.com/plus/search.php?q=%E5%A4%9C%E7%9A%84%E5%91%BD%E5%90%8D%E6%9C%AF">here</a>.</p>
<hr>
<address>Apache Server at www.dbxsd.com Port 443</address>
<script type="module" src="https://static.cloudflareinsights.com/beacon.min.js/v4513226cdae34746b4dedf0b4dfa099e1781791509496" integrity="sha512-ZE9pZaUXND66v380QUtch/5sE9tPFh2zg45pR2PB0CVkCtOREv2AJKkSidISWkysEuQ0EH8faUU5du78bx87UQ==" data-cf-beacon='{"version":"2024.11.0","token":"73b7efc5ebf64f328ab93582400343bf","r":1}' crossorigin="anonymous"></script>
</body></html>

21:11:59.493 [OkHttp https://www.dbxsd.com/...] DEBUG io.legado.app.model.DebugLog - <-- END HTTP (716-byte body)
21:11:59.493 [OkHttp https://www.dbxsd.com/...] DEBUG io.legado.app.model.DebugLog - --> GET https://www.dbxsz.com/plus/search.php?q=%E5%A4%9C%E7%9A%84%E5%91%BD%E5%90%8D%E6%9C%AF h2
21:11:59.493 [OkHttp https://www.dbxsd.com/...] DEBUG io.legado.app.model.DebugLog - User-Agent: Mozilla/5.0 (Linux; Android 9; PDBM00 Build/PPR1.180610.011; wv) AppleWebKit/537.36 (KHTML, like Gecko) Version/4.0 Chrome/70.0.3538.110 Mobile Safari/537.36
21:11:59.493 [OkHttp https://www.dbxsd.com/...] DEBUG io.legado.app.model.DebugLog - Keep-Alive: 300
21:11:59.493 [OkHttp https://www.dbxsd.com/...] DEBUG io.legado.app.model.DebugLog - Connection: Keep-Alive
21:11:59.493 [OkHttp https://www.dbxsd.com/...] DEBUG io.legado.app.model.DebugLog - Cache-Control: no-cache
21:11:59.493 [OkHttp https://www.dbxsd.com/...] DEBUG io.legado.app.model.DebugLog - Host: www.dbxsz.com
21:11:59.493 [OkHttp https://www.dbxsd.com/...] DEBUG io.legado.app.model.DebugLog - Accept-Encoding: gzip
21:11:59.493 [OkHttp https://www.dbxsd.com/...] DEBUG io.legado.app.model.DebugLog - --> END GET
21:11:59.897 [OkHttp https://www.dbxsd.com/...] DEBUG io.legado.app.model.DebugLog - <-- 200 https://www.dbxsz.com/plus/search.php?q=%E5%A4%9C%E7%9A%84%E5%91%BD%E5%90%8D%E6%9C%AF (403ms)
21:11:59.897 [OkHttp https://www.dbxsd.com/...] DEBUG io.legado.app.model.DebugLog - date: Fri, 14 Aug 2026 13:11:59 GMT
21:11:59.897 [OkHttp https://www.dbxsd.com/...] DEBUG io.legado.app.model.DebugLog - content-type: text/html; charset=utf-8
21:11:59.897 [OkHttp https://www.dbxsd.com/...] DEBUG io.legado.app.model.DebugLog - vary: Accept-Encoding
21:11:59.897 [OkHttp https://www.dbxsd.com/...] DEBUG io.legado.app.model.DebugLog - report-to: {"group":"cf-nel","max_age":604800,"endpoints":[{"url":"https://a.nel.cloudflare.com/report/v4?s=%2B2Y%2FnR8kkNFtQEIB9xn78Pi02MuVKb4S1TXRoQChLzkmXa6qv3rNn81xoVminJNHs8in0IxLJphAhofFCaD8go5qiuynAByxaZQNo%2FPi%2FSoUWrz2s1rt%2FWcSQrr07xFa"}]}
21:11:59.897 [OkHttp https://www.dbxsd.com/...] DEBUG io.legado.app.model.DebugLog - server: cloudflare
21:11:59.897 [OkHttp https://www.dbxsd.com/...] DEBUG io.legado.app.model.DebugLog - cf-cache-status: DYNAMIC
21:11:59.897 [OkHttp https://www.dbxsd.com/...] DEBUG io.legado.app.model.DebugLog - nel: {"report_to":"cf-nel","success_fraction":0.0,"max_age":604800}
21:11:59.897 [OkHttp https://www.dbxsd.com/...] DEBUG io.legado.app.model.DebugLog - server-timing: cfCacheStatus;desc="DYNAMIC"
21:11:59.897 [OkHttp https://www.dbxsd.com/...] DEBUG io.legado.app.model.DebugLog - server-timing: cfEdge;dur=4,cfOrigin;dur=182
21:11:59.897 [OkHttp https://www.dbxsd.com/...] DEBUG io.legado.app.model.DebugLog - content-encoding: gzip
21:11:59.897 [OkHttp https://www.dbxsd.com/...] DEBUG io.legado.app.model.DebugLog - cf-ray: a2b035658f5a0e18-AMS
21:11:59.897 [OkHttp https://www.dbxsd.com/...] DEBUG io.legado.app.model.DebugLog - alt-svc: h3=":443"; ma=86400
21:12:00.580 [OkHttp https://www.dbxsd.com/...] DEBUG io.legado.app.model.DebugLog - 
21:12:00.580 [OkHttp https://www.dbxsd.com/...] DEBUG io.legado.app.model.DebugLog -  

<!DOCTYPE html>
<html lang="zh-CN">
  <head>
    <meta charset="utf-8">
    <meta http-equiv="X-UA-Compatible" content="IE=edge">
    <meta name="viewport" content="width=device-width, initial-scale=1">
    <title>������ҹ�������� �����¼</title>
    <link href="/static/css/bootstrap.min.css" rel="stylesheet">
	<link href="/static/css/font-awesome.min.css" rel="stylesheet" >
	<link href="/static/css/base.css" rel="stylesheet">
	<script src="/static/js/action.js"></script>
	<!--[if lt IE 9]>
      <script src="/static/js/html5shiv.min.js"></script>
      <script src="/static/js/respond.min.js"></script>
    <![endif]-->

    
  </head>
  <body>
    <div class="top">
	<div class="container">
    	<div class="logo-name"><a href="/">����С˵��</a></div>
        <div class="float-right"><script>play("lan")</script></div>
    </div>
</div>
<div class="container">
	      <div class="search row">
        <div class="col-sm-4 col-xs-12">
          <form id="search-form" action="/plus/search.php">
            <div class="input-group">
              <input type="text" class="form-control" placeholder="����������" id="bdcsMain" name="q" />
              <div class="input-group-addon" onclick="search();"><span class="fa fa-search"></span></div>
            </div>
          </form>
        </div>
		<div class="col-sm-2 hidden-xs">
          
        </div>
        <div class="col-sm-6 hidden-xs">
         
        </div>
      </div>
</div>
    <div class="container">
        <div class="panel panel-info">
          <div class="panel-heading">
            <h1 class="panel-title">�������С�<strong style="color: red;">ҹ��������</strong>�����鼮</h1>
          </div>
          <div class="panel-body">
            <table class="table table-condensed">
              <thead>
                <tr>
                  <th>����</th>
                  <th>����</th>
                  <th>����</th>
                </tr> 
              </thead>
              <tbody>                <tr>
                  <td><a href="/book/p20869/" title="ҹ��������" target="_blank" class="orange">��ҹ����������</a></td>
                  <td>��˵��������</td>
                  <td><a href="/txt/20869.html" target="_blank">TXT����</a></td>
                </tr>
              </tbody>
            </table>
          </div>
        </div>
    </div>
    <!-- Footer Begin -->
<div class="footer">
  <div class = "container">
    
    <p class = "hidden-xs">�����Ȩ����Ϊ�ڱ�վ����������Ʒ�����������棬�뷢�ʼ���<script>play("email")</script>����վȷ�Ϻ󽫻�������ɾ����</p>
    <p class = "hidden-xs">��վ����¼��Ʒ���������⡢������۾����������Ϊ���������վ������</p>
    <p>�������ߣ���һ�����ĺ͹��������鼮֧�����ߣ��������߲���д��������õ��飡</p>
    <p class = "hidden-xs">
      <script>play("tongji")</script> 
    </p>
  </div>
</div>
<div class="fixed-btn">
    <a class="go-top" href="javascript:void(0)" title="���ض���"> <i class="fa fa-angle-up"></i></a>
</div>
<!-- Footer End --> 
<script src="/static/js/jquery.min.js"></script> 
<script src="/static/js/bootstrap.min.js"></script> 
<script src="/static/js/comm.js"></script>
  <script type="module" src="https://static.cloudflareinsights.com/beacon.min.js/v4513226cdae34746b4dedf0b4dfa099e1781791509496" integrity="sha512-ZE9pZaUXND66v380QUtch/5sE9tPFh2zg45pR2PB0CVkCtOREv2AJKkSidISWkysEuQ0EH8faUU5du78bx87UQ==" data-cf-beacon='{"version":"2024.11.0","token":"bf4eb1bf0db94d35a471fe4f3b9897eb","r":1}' crossorigin="anonymous"></script>
</body>
</html>
21:12:00.580 [OkHttp https://www.dbxsd.com/...] DEBUG io.legado.app.model.DebugLog - <-- END HTTP (3702-byte, 1728-gzipped-byte body)
21:12:00.581 [main @coroutine#21] INFO io.legado.app.model.DebugLog - sourceUrl: https://www.dbxsd.com, msg: �Ի�ȡ�ɹ�:/plus/search.php?q=ҹ��������
21:12:00.581 [main @coroutine#21] INFO io.legado.app.model.DebugLog - sourceUrl: https://www.dbxsd.com, msg: ����ȡ�鼮�б�
21:12:00.582 [main @coroutine#21] INFO io.legado.app.model.DebugLog - sourceUrl: https://www.dbxsd.com, msg: ���б��С:1
21:12:00.582 [main @coroutine#21] INFO io.legado.app.model.DebugLog - sourceUrl: https://www.dbxsd.com, msg: ����ȡ����
21:12:00.583 [main @coroutine#21] INFO io.legado.app.model.DebugLog - sourceUrl: https://www.dbxsd.com, msg: ��ҹ��������
21:12:00.583 [main @coroutine#21] INFO io.legado.app.model.DebugLog - sourceUrl: https://www.dbxsd.com, msg: ����ȡ����
21:12:00.583 [main @coroutine#21] INFO io.legado.app.model.DebugLog - sourceUrl: https://www.dbxsd.com, msg: ����˵��������
21:12:00.583 [main @coroutine#21] INFO io.legado.app.model.DebugLog - sourceUrl: https://www.dbxsd.com, msg: ����ȡ����
21:12:00.583 [main @coroutine#21] INFO io.legado.app.model.DebugLog - sourceUrl: https://www.dbxsd.com, msg: ��null
21:12:00.583 [main @coroutine#21] INFO io.legado.app.model.DebugLog - sourceUrl: https://www.dbxsd.com, msg: ����ȡ����
21:12:00.583 [main @coroutine#21] INFO io.legado.app.model.DebugLog - sourceUrl: https://www.dbxsd.com, msg: ��
21:12:00.583 [main @coroutine#21] INFO io.legado.app.model.DebugLog - sourceUrl: https://www.dbxsd.com, msg: ����ȡ�����½�
21:12:00.583 [main @coroutine#21] INFO io.legado.app.model.DebugLog - sourceUrl: https://www.dbxsd.com, msg: ��
21:12:00.583 [main @coroutine#21] INFO io.legado.app.model.DebugLog - sourceUrl: https://www.dbxsd.com, msg: ����ȡ���
21:12:00.583 [main @coroutine#21] INFO io.legado.app.model.DebugLog - sourceUrl: https://www.dbxsd.com, msg: ��
21:12:00.583 [main @coroutine#21] INFO io.legado.app.model.DebugLog - sourceUrl: https://www.dbxsd.com, msg: ����ȡ��������
21:12:00.585 [main @coroutine#21] INFO io.legado.app.model.DebugLog - sourceUrl: https://www.dbxsd.com, msg: ��https://www.dbxsz.com/uploads/cover/20869s.jpg
21:12:00.585 [main @coroutine#21] INFO io.legado.app.model.DebugLog - sourceUrl: https://www.dbxsd.com, msg: ����ȡ����ҳ����
21:12:00.585 [main @coroutine#21] INFO io.legado.app.model.DebugLog - sourceUrl: https://www.dbxsd.com, msg: ��https://www.dbxsz.com/book/p20869/
21:12:00.585 [main] INFO cn.kong.app.model.NovelSourceTest -   �������: 1 ��
21:12:00.585 [main] INFO cn.kong.app.model.NovelSourceTest -     [1] ҹ�������� | ��˵��������
21:12:00.585 [main] INFO cn.kong.app.model.NovelSourceTest -   --- Step 2: ��ȡ���� ---
21:12:00.586 [OkHttp https://www.dbxsz.com/...] DEBUG io.legado.app.model.DebugLog - --> GET https://www.dbxsz.com/book/p20869/ h2
21:12:00.586 [OkHttp https://www.dbxsz.com/...] DEBUG io.legado.app.model.DebugLog - User-Agent: Mozilla/5.0 (Linux; Android 9; PDBM00 Build/PPR1.180610.011; wv) AppleWebKit/537.36 (KHTML, like Gecko) Version/4.0 Chrome/70.0.3538.110 Mobile Safari/537.36
21:12:00.586 [OkHttp https://www.dbxsz.com/...] DEBUG io.legado.app.model.DebugLog - Keep-Alive: 300
21:12:00.586 [OkHttp https://www.dbxsz.com/...] DEBUG io.legado.app.model.DebugLog - Connection: Keep-Alive
21:12:00.586 [OkHttp https://www.dbxsz.com/...] DEBUG io.legado.app.model.DebugLog - Cache-Control: no-cache
21:12:00.586 [OkHttp https://www.dbxsz.com/...] DEBUG io.legado.app.model.DebugLog - Host: www.dbxsz.com
21:12:00.586 [OkHttp https://www.dbxsz.com/...] DEBUG io.legado.app.model.DebugLog - Accept-Encoding: gzip
21:12:00.586 [OkHttp https://www.dbxsz.com/...] DEBUG io.legado.app.model.DebugLog - --> END GET
21:12:01.144 [OkHttp https://www.dbxsz.com/...] DEBUG io.legado.app.model.DebugLog - <-- 200 https://www.dbxsz.com/book/p20869/ (557ms)
21:12:01.144 [OkHttp https://www.dbxsz.com/...] DEBUG io.legado.app.model.DebugLog - date: Fri, 14 Aug 2026 13:12:01 GMT
21:12:01.144 [OkHttp https://www.dbxsz.com/...] DEBUG io.legado.app.model.DebugLog - content-type: text/html
21:12:01.144 [OkHttp https://www.dbxsz.com/...] DEBUG io.legado.app.model.DebugLog - last-modified: Mon, 03 Jun 2024 06:32:35 GMT
21:12:01.144 [OkHttp https://www.dbxsz.com/...] DEBUG io.legado.app.model.DebugLog - nel: {"report_to":"cf-nel","success_fraction":0.0,"max_age":604800}
21:12:01.144 [OkHttp https://www.dbxsz.com/...] DEBUG io.legado.app.model.DebugLog - server-timing: cfCacheStatus;desc="DYNAMIC"
21:12:01.144 [OkHttp https://www.dbxsz.com/...] DEBUG io.legado.app.model.DebugLog - server-timing: cfEdge;dur=6,cfOrigin;dur=310
21:12:01.144 [OkHttp https://www.dbxsz.com/...] DEBUG io.legado.app.model.DebugLog - vary: Accept-Encoding
21:12:01.144 [OkHttp https://www.dbxsz.com/...] DEBUG io.legado.app.model.DebugLog - report-to: {"group":"cf-nel","max_age":604800,"endpoints":[{"url":"https://a.nel.cloudflare.com/report/v4?s=UtuabZY%2B5fnVuDCngkzHx737WjAyZIAkRh7kbBVx1Jygh1iwj5apWGRi%2FJvJQOgVNKh2i2jCJV%2FZKNucQNv8p9%2BYB7Azwd5m6tejpx7LX4nepd8zFgQvWdy8tvbR8nMm"}]}
21:12:01.144 [OkHttp https://www.dbxsz.com/...] DEBUG io.legado.app.model.DebugLog - server: cloudflare
21:12:01.144 [OkHttp https://www.dbxsz.com/...] DEBUG io.legado.app.model.DebugLog - cf-cache-status: DYNAMIC
21:12:01.144 [OkHttp https://www.dbxsz.com/...] DEBUG io.legado.app.model.DebugLog - content-encoding: gzip
21:12:01.144 [OkHttp https://www.dbxsz.com/...] DEBUG io.legado.app.model.DebugLog - cf-ray: a2b0356c5f600e18-AMS
21:12:01.144 [OkHttp https://www.dbxsz.com/...] DEBUG io.legado.app.model.DebugLog - alt-svc: h3=":443"; ma=86400
21:12:01.382 [OkHttp https://www.dbxsz.com/...] DEBUG io.legado.app.model.DebugLog - 
21:12:01.383 [OkHttp https://www.dbxsz.com/...] DEBUG io.legado.app.model.DebugLog - <!DOCTYPE html>
<html lang="zh-cn">
<head>
<meta charset="utf-8">
<meta http-equiv="X-UA-Compatible" content="IE=edge">
<meta name="viewport" content="width=device-width, initial-scale=1">
<title>ҹ��������(��˵��������)ȫ���Ķ�|�����½�|TXT����|�޹�浯��</title>

	<meta name="keywords" content="��˵��������,��˵������������,��˵������������С˵,ҹ��������,ҹ�������������½�,ҹ����������,ҹ����������Ȥ��,ҹ�������������,����С˵��"/>
	<meta name="description" content="����С˵�� �ṩ �������  /  ҹ�������� ȫ���Ķ��� �������  /  ҹ�������� TXT���أ��޹�浯���� �����½� ��ǣ�����
"/>
	
	<meta property="og:type" content="novel"/>
	<meta property="og:title" content="ҹ��������"/>
	<meta property="og:description" content=" �����ϵ��޺��У�Ũ�ܵĸ�������£����ݺ�����ǰ�ˣ��ǿƼ�����֮������磬Ҳ����ʵ����õķֽ硣 ���������壬��ȥ��δ���� ����������������粢�棬��ǰ��һ�У�����ʱ��֮ǽ������ǰ�� �ڰ������֡� ����Ҫ��"/>
	<meta property="og:image" content="/uploads/cover/20869s.jpg"/>
	<meta property="og:novel:category" content="�������"/>
	<meta property="og:novel:author" content="��˵��������"/>
	<meta property="og:novel:book_name" content="ҹ��������"/>
	<meta property="og:novel:read_url" content="/book/p20869/"/>
	<meta property="og:url" content="/book/p20869/"/>
	<meta property="og:novel:status" content="���"/>
	<meta property="og:novel:author_link" content="/book/p20869/"/>
	<meta property="og:novel:update_time" content="19:56:26"/>
	<meta property="og:novel:latest_chapter_name" content="��ǣ�����"/>
	<meta property="og:novel:latest_chapter_url" content="/book/p20869/5641304.html"/>

	<!--360 seo end-->	
		<link href="/static/css/bootstrap.min.css" rel="stylesheet">
	<link href="/static/css/font-awesome.min.css" rel="stylesheet" >
	<link href="/static/css/base.css" rel="stylesheet">
	<script src="/static/js/action.js"></script>
	<!--[if lt IE 9]>
      <script src="/static/js/html5shiv.min.js"></script>
      <script src="/static/js/respond.min.js"></script>
    <![endif]-->
	<script type="text/javascript">
      var book = new Object();
      book.id="20869";
      book.name="ҹ��������";
      book.url="/book/p20869/";
    </script>
</head>
<body>
<div class="top">
	<div class="container">
    	<div class="logo-name"><a href="/">����С˵��</a></div>
        <div class="float-right"><script>play("lan")</script></div>
    </div>
</div>
<div class="container">
	<div class="book-type t10">
        <ol class="breadcrumb">
        <li><a href="/nav/xh-qh.html" target="_blank">���á����</a></li><li><a href="/nav/kh-yx.html" target="_blank">�ƻá���Ϸ</a></li><li><a href="/nav/xx-wx.html" target="_blank">����������</a></li><li><a href="/nav/ns-yq.html" target="_blank">Ů��������</a></li><li><a href="/nav/ds-yl.html" target="_blank">���С�����</a></li><li><a href="/nav/ls-js.html" target="_blank">��ʷ������</a></li><li><a href="/nav/xy-ly.html" target="_blank">���ɡ�����</a></li><li><a href="/nav/dm-ca.html" target="_blank">����������</a></li><li><a href="/nav/qxs.html" target="_blank">��С˵</a></li>
		<li><i class="fa fa-book" aria-hidden="true"></i> <a href="/readbook.html" target="_blank">�ҵ����</a></li>
        </ol>
    </div>
    <div class="clear"></div>
	      <div class="search row">
        <div class="col-sm-4 col-xs-12">
          <form id="search-form" action="/plus/search.php">
            <div class="input-group">
              <input type="text" class="form-control" placeholder="����������" id="bdcsMain" name="q" />
              <div class="input-group-addon" onclick="search();"><span class="fa fa-search"></span></div>
            </div>
          </form>
        </div>
		<div class="col-sm-2 hidden-xs">
          
        </div>
        <div class="col-sm-6 hidden-xs">
         
        </div>
      </div>
</div>

<div class="container">
  <script>play("announce")</script>
  <div class="col-left">
    <!-- Book Info Begin -->
	<div class="book-info">  
	  <div class="panel panel-info">
		<div class="panel-body">
		  <div class="media">
			<div class="media-left"> <a href="/book/p20869/" target="_blank"> <img class="book-img-middel" src="/uploads/cover/20869s.jpg" alt="ҹ��������" title="ҹ��������"/> </a>
            </div>
			<div class="media-body">
			  <h1 class="book-name"><a href="/book/p20869/" title="ҹ��������">ҹ��������</a></h1>
			  <div class="clear"></div>
			  <div class="row">
                <div class="col-md-8 col-sm-6 dark"> ���ߣ�<a href="/author/��˵��������.html" target="_blank">��˵��������</a> </div>
                <div class="col-md-4 col-sm-6 dark">״̬�����</div>
				<div class="col-md-8 col-sm-6 dark">������£�<a href="/book/p20869/5641304.html">��ǣ�����</a> </div>
				<div class="col-md-4 col-sm-6 dark hidden-sm hidden-xs">19:56:26</div>

              </div>
			  <div class="reader-bar hidden-xs hidden-sm">
				<div class="row">
				  <a href="/book/p20869/5640305.html">
				  <div class="col-xs-5 btn btn-info">��ʼ�Ķ�</div>
				  </a>

				  <div class="col-xs-1"></div>
				  <a href="/txt/20869.html" target="_blank">
				  <div class="col-xs-5 btn btn-info">����������</div>	
				  </a>
				</div>
			  </div>
			</div>
			<div class="reader-bar visible-sm visible-xs">			
				<div class="row t10">
				  <a href="/book/p20869/5640305.html">
				  <div class="col-xs-5 btn btn-info">��ʼ�Ķ�</div>
				  </a>

				  <div class="col-xs-1"></div>
				  <a href="/txt/20869.html" target="_blank">
				  <div class="col-xs-5 btn btn-info">����������</div>	
				  </a>
				</div>
			</div>
		  </div>
		  <div class="row t10" onclick="showBookDetail()">
			  <div class="col-sm-11 col-xs-10">
				  <div class="book-detail">
					 �����ϵ��޺��У�Ũ�ܵĸ�������£����ݺ�����ǰ�ˣ��ǿƼ�����֮������磬Ҳ����ʵ����õķֽ硣 ���������壬��ȥ��δ���� ����������������粢�棬��ǰ��һ�У�����ʱ��֮ǽ������ǰ�� �ڰ������֡� ����Ҫ���װ��ҵ����ѣ����ǲ���������ȥӦ�Ժڰ���Ҫ�û� 
				  </div>
			  </div>
			  <div class="col-sm-1 col-xs-2"><span id="up-down" class="fa fa-angle-down"></span>
			  </div>
		  </div>
		</div>
	  </div>     
	</div>
	<!-- Book Info End -->
	<div class="clear"></div>
	<div class="chapter-history"></div>
    <!-- Chapter Begin -->
    <div class="chapter">
	  <div class="panel panel-info">
        <div class="panel-heading">
          <h3 class="panel-title"><strong>ҹ�������������½�</strong></h3>
        </div>
        <div class="panel-body">
          <div class="row">
			<div class="col-md-6 item"> <a href="/book/p20869/5641304.html" title="��ǣ�����" target="_blank">��ǣ�����</a> </div>
<div class="col-md-6 item"> <a href="/book/p20869/5641303.html" title="��ǣ�һ��" target="_blank">��ǣ�һ��</a> </div>
<div class="col-md-6 item"> <a href="/book/p20869/5641302.html" title="��998�¡����һ�̣��꣩" target="_blank">��998�¡����һ�̣��꣩</a> </div>
<div class="col-md-6 item"> <a href="/book/p20869/5641301.html" title="��997�¡����һ�̣��ţ�" target="_blank">��997�¡����һ�̣��ţ�</a> </div>
<div class="col-md-6 item"> <a href="/book/p20869/5641300.html" title="��996�¡����һ�̣��ˣ�" target="_blank">��996�¡����һ�̣��ˣ�</a> </div>
<div class="col-md-6 item"> <a href="/book/p20869/5641299.html" title="��995�¡����һ�̣��ߣ�" target="_blank">��995�¡����һ�̣��ߣ�</a> </div>
<div class="col-md-6 item"> <a href="/book/p20869/5641298.html" title="��994�¡����һ�̣�����" target="_blank">��994�¡����һ�̣�����</a> </div>
<div class="col-md-6 item"> <a href="/book/p20869/5641297.html" title="��993�¡����һ�̣��壩" target="_blank">��993�¡����һ�̣��壩</a> </div>
<div class="col-md-6 item"> <a href="/book/p20869/5641296.html" title="��992�¡����һ�̣��ģ�" target="_blank">��992�¡����һ�̣��ģ�</a> </div>
<div class="col-md-6 item"> <a href="/book/p20869/5641295.html" title="��991�¡����һ�̣�����" target="_blank">��991�¡����һ�̣�����</a> </div>
<div class="col-md-6 item"> <a href="/book/p20869/5641294.html" title="��990�¡����һ�̣�����" target="_blank">��990�¡����һ�̣�����</a> </div>
<div class="col-md-6 item"> <a href="/book/p20869/5641293.html" title="��989�¡����һ��" target="_blank">��989�¡����һ��</a> </div>

          </div>
        </div>
		<div class="panel-footer visible-xs visible-sm">
          <h3 class="panel-title text-center" onClick="showAllChapter('#fix-chapter')">ȫ���½�>>>></h3>
        </div>
      </div>
	  <!-- New Chapter End -->
	  <div class="clear" id="fix-chapter"></div>
	  <!-- All Chapter Begin -->
      <div id="all-chapter">
        <div class="panel panel-info">
          <div class="panel-heading">
            <h3 class="panel-title"><strong>ҹ���������½�Ŀ¼</strong></h3>
          </div>
          <div class="panel-body">
            <div class="row">
			  <div class="col-md-6 item">
				<a href="/book/p20869/5640305.html" title="��1�¡���ȵ���" target="_blank">��1�¡���ȵ���</a>
			  </div><div class="col-md-6 item">
				<a href="/book/p20869/5640306.html" title="��2�¡�����ʱ" target="_blank">��2�¡�����ʱ</a>
			  </div><div class="col-md-6 item">
				<a href="/book/p20869/5640307.html" title="��3�¡����������" target="_blank">��3�¡����������</a>
			  </div><div class="col-md-6 item">
				<a href="/book/p20869/5640308.html" title="��4�¡���ֹһ��" target="_blank">��4�¡���ֹһ��</a>
			  </div><div class="col-md-6 item">
				<a href="/book/p20869/5640309.html" title="��5�¡���Ȼ�ĵ�λ" target="_blank">��5�¡���Ȼ�ĵ�λ</a>
			  </div><div class="col-md-6 item">
				<a href="/book/p20869/5640310.html" title="��6�¡����ӵĺ���" target="_blank">��6�¡����ӵĺ���</a>
			  </div><div class="col-md-6 item">
				<a href="/book/p20869/5640311.html" title="��7�¡����010101" target="_blank">��7�¡����010101</a>
			  </div><div class="col-md-6 item">
				<a href="/book/p20869/5640312.html" title="��8�¡�Ӱ��" target="_blank">��8�¡�Ӱ��</a>
			  </div><div class="col-md-6 item">
				<a href="/book/p20869/5640313.html" title="��9�¡�����" target="_blank">��9�¡�����</a>
			  </div><div class="col-md-6 item">
				<a href="/book/p20869/5640314.html" title="��10�¡�Ҫ�û�" target="_blank">��10�¡�Ҫ�û�</a>
			  </div><div class="col-md-6 item">
				<a href="/book/p20869/5640315.html" title="��11�¡��ͱ�" target="_blank">��11�¡��ͱ�</a>
			  </div><div class="col-md-6 item">
				<a href="/book/p20869/5640316.html" title="��12�¡��ع�" target="_blank">��12�¡��ع�</a>
			  </div><div class="col-md-6 item">
				<a href="/book/p20869/5640317.html" title="��13�¡�����" target="_blank">��13�¡�����</a>
			  </div><div class="col-md-6 item">
				<a href="/book/p20869/5640318.html" title="��14�¡�������������" target="_blank">��14�¡�������������</a>
			  </div><div class="col-md-6 item">
				<a href="/book/p20869/5640319.html" title="��15�¡���������" target="_blank">��15�¡���������</a>
			  </div><div class="col-md-6 item">
				<a href="/book/p20869/5640320.html" title="��16�¡���ֻ��һ��" target="_blank">��16�¡���ֻ��һ��</a>
			  </div><div class="col-md-6 item">
				<a href="/book/p20869/5640321.html" title="��17�¡��������" target="_blank">��17�¡��������</a>
			  </div><div class="col-md-6 item">
				<a href="/book/p20869/5640322.html" title="��18�¡�������֯" target="_blank">��18�¡�������֯</a>
			  </div><div class="col-md-6 item">
				<a href="/book/p20869/5640323.html" title="��19�¡����Ƴ���" target="_blank">��19�¡����Ƴ���</a>
			  </div><div class="col-md-6 item">
				<a href="/book/p20869/5640324.html" title="��20�¡���Խ�ߵ�Ⱥ��" target="_blank">��20�¡���Խ�ߵ�Ⱥ��</a>
			  </div><div class="col-md-6 item">
				<a href="/book/p20869/5640325.html" title="��21�¡�����Ƭ��Ӱ��֮��" target="_blank">��21�¡�����Ƭ��Ӱ��֮��</a>
			  </div><div class="col-md-6 item">
				<a href="/book/p20869/5640326.html" title="��22�¡���ӭ����18�ż���" target="_blank">��22�¡���ӭ����18�ż���</a>
			  </div><div class="col-md-6 item">
				<a href="/book/p20869/5640327.html" title="��23�¡�����֮��" target="_blank">��23�¡�����֮��</a>
			  </div><div class="col-md-6 item">
				<a href="/book/p20869/5640328.html" title="��24�¡����������" target="_blank">��24�¡����������</a>
			  </div><div class="col-md-6 item">
				<a href="/book/p20869/5640329.html" title="��25�¡��µ�����" target="_blank">��25�¡��µ�����</a>
			  </div><div class="col-md-6 item">
				<a href="/book/p20869/5640330.html" title="��26�¡�������ʹ����������Ż���ߵ�" target="_blank">��26�¡�������ʹ����������Ż���ߵ�</a>
			  </div><div class="col-md-6 item">
				<a href="/book/p20869/5640331.html" title="��27�¡�������" target="_blank">��27�¡�������</a>
			  </div><div class="col-md-6 item">
				<a href="/book/p20869/5640332.html" title="��28�¡��ٴλع�" target="_blank">��28�¡��ٴλع�</a>
			  </div><div class="col-md-6 item">
				<a href="/book/p20869/5640333.html" title="��29�¡������" target="_blank">��29�¡������</a>
			  </div><div class="col-md-6 item">
				<a href="/book/p20869/5640334.html" title="��30�¡���ô׬Ǯ" target="_blank">��30�¡���ô׬Ǯ</a>
			  </div><div class="col-md-6 item">
				<a href="/book/p20869/5640335.html" title="��31�¡����ϲ���" target="_blank">��31�¡����ϲ���</a>
			  </div><div class="col-md-6 item">
				<a href="/book/p20869/5640336.html" title="��32�¡���ͽ" target="_blank">��32�¡���ͽ</a>
			  </div><div class="col-md-6 item">
				<a href="/book/p20869/5640337.html" title="��33�¡��ϵ�Ļ�е֫��" target="_blank">��33�¡��ϵ�Ļ�е֫��</a>
			  </div><div class="col-md-6 item">
				<a href="/book/p20869/5640338.html" title="��34�¡����ؿ�" target="_blank">��34�¡����ؿ�</a>
			  </div><div class="col-md-6 item">
				<a href="/book/p20869/5640339.html" title="��35�¡�Ѱ���쳾" target="_blank">��35�¡�Ѱ���쳾</a>
			  </div><div class="col-md-6 item">
				<a href="/book/p20869/5640340.html" title="��36�¡��µĹ���" target="_blank">��36�¡��µĹ���</a>
			  </div><div class="col-md-6 item">
				<a href="/book/p20869/5640341.html" title="��37�¡�������" target="_blank">��37�¡�������</a>
			  </div><div class="col-md-6 item">
				<a href="/book/p20869/5640342.html" title="��38�¡��쳾������" target="_blank">��38�¡��쳾������</a>
			  </div><div class="col-md-6 item">
				<a href="/book/p20869/5640343.html" title="��39�¡����нݾ����Զ������·" target="_blank">��39�¡����нݾ����Զ������·</a>
			  </div><div class="col-md-6 item">
				<a href="/book/p20869/5640344.html" title="��40�¡�����" target="_blank">��40�¡�����</a>
			  </div><div class="col-md-6 item">
				<a href="/book/p20869/5640345.html" title="��41�¡�����Ժ����" target="_blank">��41�¡�����Ժ����</a>
			  </div><div class="col-md-6 item">
				<a href="/book/p20869/5640346.html" title="��42�¡�ɱ����" target="_blank">��42�¡�ɱ����</a>
			  </div><div class="col-md-6 item">
				<a href="/book/p20869/5640347.html" title="��43�¡�����" target="_blank">��43�¡�����</a>
			  </div><div class="col-md-6 item">
				<a href="/book/p20869/5640348.html" title="��44�¡�ֱ��ʹ��" target="_blank">��44�¡�ֱ��ʹ��</a>
			  </div><div class="col-md-6 item">
				<a href="/book/p20869/5640349.html" title="��45�¡�������" target="_blank">��45�¡�������</a>
			  </div><div class="col-md-6 item">
				<a href="/book/p20869/5640350.html" title="��46�¡�����̽��" target="_blank">��46�¡�����̽��</a>
			  </div><div class="col-md-6 item">
				<a href="/book/p20869/5640351.html" title="��47�¡���������" target="_blank">��47�¡���������</a>
			  </div><div class="col-md-6 item">
				<a href="/book/p20869/5640352.html" title="��48�¡������ߣ�������" target="_blank">��48�¡������ߣ�������</a>
			  </div><div class="col-md-6 item">
				<a href="/book/p20869/5640353.html" title="��49�¡�����" target="_blank">��49�¡�����</a>
			  </div><div class="col-md-6 item">
				<a href="/book/p20869/5640354.html" title="��50�¡����ղ���" target="_blank">��50�¡����ղ���</a>
			  </div><div class="col-md-6 item">
				<a href="/book/p20869/5640355.html" title="��51�¡�תУ��" target="_blank">��51�¡�תУ��</a>
			  </div><div class="col-md-6 item">
				<a href="/book/p20869/5640356.html" title="��52�¡����ھ�" target="_blank">��52�¡����ھ�</a>
			  </div><div class="col-md-6 item">
				<a href="/book/p20869/5640357.html" title="��53�¡�ѧ����ѧ��" target="_blank">��53�¡�ѧ����ѧ��</a>
			  </div><div class="col-md-6 item">
				<a href="/book/p20869/5640358.html" title="��54�¡��������������������Իط�" target="_blank">��54�¡��������������������Իط�</a>
			  </div><div class="col-md-6 item">
				<a href="/book/p20869/5640359.html" title="��55�¡���̽������" target="_blank">��55�¡���̽������</a>
			  </div><div class="col-md-6 item">
				<a href="/book/p20869/5640360.html" title="��56�¡���λ�ϰ�" target="_blank">��56�¡���λ�ϰ�</a>
			  </div><div class="col-md-6 item">
				<a href="/book/p20869/5640361.html" title="��57�¡�����Ҫ��" target="_blank">��57�¡�����Ҫ��</a>
			  </div><div class="col-md-6 item">
				<a href="/book/p20869/5640362.html" title="��58�¡���ô�򵥵��ⶼ����" target="_blank">��58�¡���ô�򵥵��ⶼ����</a>
			  </div><div class="col-md-6 item">
				<a href="/book/p20869/5640363.html" title="��59�¡�����" target="_blank">��59�¡�����</a>
			  </div><div class="col-md-6 item">
				<a href="/book/p20869/5640364.html" title="��60�¡�������" target="_blank">��60�¡�������</a>
			  </div><div class="col-md-6 item">
				<a href="/book/p20869/5640365.html" title="��61�¡����㿴һ�۷羰" target="_blank">��61�¡����㿴һ�۷羰</a>
			  </div><div class="col-md-6 item">
				<a href="/book/p20869/5640366.html" title="��62�¡�һ����" target="_blank">��62�¡�һ����</a>
			  </div><div class="col-md-6 item">
				<a href="/book/p20869/5640367.html" title="��63�¡��һ����ٳ�����" target="_blank">��63�¡��һ����ٳ�����</a>
			  </div><div class="col-md-6 item">
				<a href="/book/p20869/5640368.html" title="��64�¡�������������" target="_blank">��64�¡�������������</a>
			  </div><div class="col-md-6 item">
				<a href="/book/p20869/5640369.html" title="��65�¡�����������Ŧ��" target="_blank">��65�¡�����������Ŧ��</a>
			  </div><div class="col-md-6 item">
				<a href="/book/p20869/5640370.html" title="��66�¡�һ�����ڱ�����Ľ���" target="_blank">��66�¡�һ�����ڱ�����Ľ���</a>
			  </div><div class="col-md-6 item">
				<a href="/book/p20869/5640371.html" title="��67�¡����еĲ���ҹ" target="_blank">��67�¡����еĲ���ҹ</a>
			  </div><div class="col-md-6 item">
				<a href="/book/p20869/5640372.html" title="��68�¡��Ằ666����" target="_blank">��68�¡��Ằ666����</a>
			  </div><div class="col-md-6 item">
				<a href="/book/p20869/5640373.html" title="��69�¡��ɲ�����ס�����" target="_blank">��69�¡��ɲ�����ס�����</a>
			  </div><div class="col-md-6 item">
				<a href="/book/p20869/5640374.html" title="��70�¡�¥�ϵ�����" target="_blank">��70�¡�¥�ϵ�����</a>
			  </div><div class="col-md-6 item">
				<a href="/book/p20869/5640375.html" title="��71�¡���ҹ����" target="_blank">��71�¡���ҹ����</a>
			  </div><div class="col-md-6 item">
				<a href="/book/p20869/5640376.html" title="��72�¡���ը��" target="_blank">��72�¡���ը��</a>
			  </div><div class="col-md-6 item">
				<a href="/book/p20869/5640377.html" title="��73�¡�������" target="_blank">��73�¡�������</a>
			  </div><div class="col-md-6 item">
				<a href="/book/p20869/5640378.html" title="��74�¡�����" target="_blank">��74�¡�����</a>
			  </div><div class="col-md-6 item">
				<a href="/book/p20869/5640379.html" title="��75�¡���̨֮��" target="_blank">��75�¡���̨֮��</a>
			  </div><div class="col-md-6 item">
				<a href="/book/p20869/5640380.html" title="��76�¡������˽��" target="_blank">��76�¡������˽��</a>
			  </div><div class="col-md-6 item">
				<a href="/book/p20869/5640381.html" title="��77�¡�ACE-099" target="_blank">��77�¡�ACE-099</a>
			  </div><div class="col-md-6 item">
				<a href="/book/p20869/5640382.html" title="��78�¡�����֮ǰ" target="_blank">��78�¡�����֮ǰ</a>
			  </div><div class="col-md-6 item">
				<a href="/book/p20869/5640383.html" title="��79�¡�������ɽ" target="_blank">��79�¡�������ɽ</a>
			  </div><div class="col-md-6 item">
				<a href="/book/p20869/5640384.html" title="��80�¡����ڹ�" target="_blank">��80�¡����ڹ�</a>
			  </div><div class="col-md-6 item">
				<a href="/book/p20869/5640385.html" title="��81�¡�����֮����" target="_blank">��81�¡�����֮����</a>
			  </div><div class="col-md-6 item">
				<a href="/book/p20869/5640386.html" title="��82�¡�Ҫ�������" target="_blank">��82�¡�Ҫ�������</a>
			  </div><div class="col-md-6 item">
				<a href="/book/p20869/5640387.html" title="��83�¡�ս��������" target="_blank">��83�¡�ս��������</a>
			  </div><div class="col-md-6 item">
				<a href="/book/p20869/5640388.html" title="��84�¡�͵Ϯ��̽��" target="_blank">��84�¡�͵Ϯ��̽��</a>
			  </div><div class="col-md-6 item">
				<a href="/book/p20869/5640389.html" title="��85�¡����������" target="_blank">��85�¡����������</a>
			  </div><div class="col-md-6 item">
				<a href="/book/p20869/5640390.html" title="��86�¡���������" target="_blank">��86�¡���������</a>
			  </div><div class="col-md-6 item">
				<a href="/book/p20869/5640391.html" title="��87�¡���������" target="_blank">��87�¡���������</a>
			  </div><div class="col-md-6 item">
				<a href="/book/p20869/5640392.html" title="��88�¡��ո�����������" target="_blank">��88�¡��ո�����������</a>
			  </div><div class="col-md-6 item">
				<a href="/book/p20869/5640393.html" title="��89�¡�����" target="_blank">��89�¡�����</a>
			  </div><div class="col-md-6 item">
				<a href="/book/p20869/5640394.html" title="��90�¡��ڹ�" target="_blank">��90�¡��ڹ�</a>
			  </div><div class="col-md-6 item">
				<a href="/book/p20869/5640395.html" title="��91�¡���һ��ʱ������" target="_blank">��91�¡���һ��ʱ������</a>
			  </div><div class="col-md-6 item">
				<a href="/book/p20869/5640396.html" title="��92�¡������䶨" target="_blank">��92�¡������䶨</a>
			  </div><div class="col-md-6 item">
				<a href="/book/p20869/5640397.html" title="��93�¡��µĿ�ʼ" target="_blank">��93�¡��µĿ�ʼ</a>
			  </div><div class="col-md-6 item">
				<a href="/book/p20869/5640398.html" title="��94�¡�����" target="_blank">��94�¡�����</a>
			  </div><div class="col-md-6 item">
				<a href="/book/p20869/5640399.html" title="��95�¡��ؼ���" target="_blank">��95�¡��ؼ���</a>
			  </div><div class="col-md-6 item">
				<a href="/book/p20869/5640400.html" title="��96�¡���������ѡ��" target="_blank">��96�¡���������ѡ��</a>
			  </div><div class="col-md-6 item">
				<a href="/book/p20869/5640401.html" title="��97�¡�����" target="_blank">��97�¡�����</a>
			  </div><div class="col-md-6 item">
				<a href="/book/p20869/5640402.html" title="��98�¡�һ�������İ�" target="_blank">��98�¡�һ�������İ�</a>
			  </div><div class="col-md-6 item">
				<a href="/book/p20869/5640403.html" title="��99�¡�������ܵĳͷ�" target="_blank">��99�¡�������ܵĳͷ�</a>
			  </div><div class="col-md-6 item">
				<a href="/book/p20869/5640404.html" title="��100�¡�Ѱ���ڹ�" target="_blank">��100�¡�Ѱ���ڹ�</a>
			  </div><div class="col-md-6 item">
				<a href="/book/p20869/5640405.html" title="��101�¡�������ACE-017" target="_blank">��101�¡�������ACE-017</a>
			  </div><div class="col-md-6 item">
				<a href="/book/p20869/5640406.html" title="��102�¡������������" target="_blank">��102�¡������������</a>
			  </div><div class="col-md-6 item">
				<a href="/book/p20869/5640407.html" title="��103�¡��µ�ʱ������" target="_blank">��103�¡��µ�ʱ������</a>
			  </div><div class="col-md-6 item">
				<a href="/book/p20869/5640408.html" title="��104�¡����ⲻ��" target="_blank">��104�¡����ⲻ��</a>
			  </div><div class="col-md-6 item">
				<a href="/book/p20869/5640409.html" title="��105�¡��ֳ�ȥ��" target="_blank">��105�¡��ֳ�ȥ��</a>
			  </div><div class="col-md-6 item">
				<a href="/book/p20869/5640410.html" title="��106�¡���Ұ" target="_blank">��106�¡���Ұ</a>
			  </div><div class="col-md-6 item">
				<a href="/book/p20869/5640411.html" title="��107�¡�����������" target="_blank">��107�¡�����������</a>
			  </div><div class="col-md-6 item">
				<a href="/book/p20869/5640412.html" title="��108�¡���������" target="_blank">��108�¡���������</a>
			  </div><div class="col-md-6 item">
				<a href="/book/p20869/5640413.html" title="��109�¡�����" target="_blank">��109�¡�����</a>
			  </div><div class="col-md-6 item">
				<a href="/book/p20869/5640414.html" title="��110�¡�����Ŀ��" target="_blank">��110�¡�����Ŀ��</a>
			  </div><div class="col-md-6 item">
				<a href="/book/p20869/5640415.html" title="��111�¡���Ұ" target="_blank">��111�¡���Ұ</a>
			  </div><div class="col-md-6 item">
				<a href="/book/p20869/5640416.html" title="��112�¡�������ĳ���" target="_blank">��112�¡�������ĳ���</a>
			  </div><div class="col-md-6 item">
				<a href="/book/p20869/5640417.html" title="��113�¡�������" target="_blank">��113�¡�������</a>
			  </div><div class="col-md-6 item">
				<a href="/book/p20869/5640418.html" title="��114�¡��ؼ�" target="_blank">��114�¡��ؼ�</a>
			  </div><div class="col-md-6 item">
				<a href="/book/p20869/5640419.html" title="��115�¡�����" target="_blank">��115�¡�����</a>
			  </div><div class="col-md-6 item">
				<a href="/book/p20869/5640420.html" title="��116�¡�ϮӪ" target="_blank">��116�¡�ϮӪ</a>
			  </div><div class="col-md-6 item">
				<a href="/book/p20869/5640421.html" title="��117�¡������ܣ�û�ܵ�" target="_blank">��117�¡������ܣ�û�ܵ�</a>
			  </div><div class="col-md-6 item">
				<a href="/book/p20869/5640422.html" title="��118�¡����˵�����" target="_blank">��118�¡����˵�����</a>
			  </div><div class="col-md-6 item">
				<a href="/book/p20869/5640423.html" title="��119�¡������ÿ�" target="_blank">��119�¡������ÿ�</a>
			  </div><div class="col-md-6 item">
				<a href="/book/p20869/5640424.html" title="��120�¡����ŵ�" target="_blank">��120�¡����ŵ�</a>
			  </div><div class="col-md-6 item">
				<a href="/book/p20869/5640425.html" title="��121�¡��������ĳ���" target="_blank">��121�¡��������ĳ���</a>
			  </div><div class="col-md-6 item">
				<a href="/book/p20869/5640426.html" title="��122�¡�����" target="_blank">��122�¡�����</a>
			  </div><div class="col-md-6 item">
				<a href="/book/p20869/5640427.html" title="��123�¡��������������" target="_blank">��123�¡��������������</a>
			  </div><div class="col-md-6 item">
				<a href="/book/p20869/5640428.html" title="��124�¡�Ͷ��" target="_blank">��124�¡�Ͷ��</a>
			  </div><div class="col-md-6 item">
				<a href="/book/p20869/5640429.html" title="��125�¡�ʱ���Ļ���" target="_blank">��125�¡�ʱ���Ļ���</a>
			  </div><div class="col-md-6 item">
				<a href="/book/p20869/5640430.html" title="��126�¡�˫����ʱ��" target="_blank">��126�¡�˫����ʱ��</a>
			  </div><div class="col-md-6 item">
				<a href="/book/p20869/5640431.html" title="��127�¡�����Ϊ��" target="_blank">��127�¡�����Ϊ��</a>
			  </div><div class="col-md-6 item">
				<a href="/book/p20869/5640432.html" title="��128�¡���ƽ�˾�" target="_blank">��128�¡���ƽ�˾�</a>
			  </div><div class="col-md-6 item">
				<a href="/book/p20869/5640433.html" title="��129�¡���һ���˽�" target="_blank">��129�¡���һ���˽�</a>
			  </div><div class="col-md-6 item">
				<a href="/book/p20869/5640434.html" title="��130�¡����" target="_blank">��130�¡����</a>
			  </div><div class="col-md-6 item">
				<a href="/book/p20869/5640435.html" title="��131�¡����ڴ�����" target="_blank">��131�¡����ڴ�����</a>
			  </div><div class="col-md-6 item">
				<a href="/book/p20869/5640436.html" title="��132�¡���ѧ��������" target="_blank">��132�¡���ѧ��������</a>
			  </div><div class="col-md-6 item">
				<a href="/book/p20869/5640437.html" title="��133�¡������������ʱ������" target="_blank">��133�¡������������ʱ������</a>
			  </div><div class="col-md-6 item">
				<a href="/book/p20869/5640438.html" title="��134�¡�С����" target="_blank">��134�¡�С����</a>
			  </div><div class="col-md-6 item">
				<a href="/book/p20869/5640439.html" title="��135�¡���ֵĿ���ģʽ" target="_blank">��135�¡���ֵĿ���ģʽ</a>
			  </div><div class="col-md-6 item">
				<a href="/book/p20869/5640440.html" title="��136�¡���Ӵ��" target="_blank">��136�¡���Ӵ��</a>
			  </div><div class="col-md-6 item">
				<a href="/book/p20869/5640441.html" title="��137�¡��Թ�������" target="_blank">��137�¡��Թ�������</a>
			  </div><div class="col-md-6 item">
				<a href="/book/p20869/5640442.html" title="��138�¡���ȫ�ش�" target="_blank">��138�¡���ȫ�ش�</a>
			  </div><div class="col-md-6 item">
				<a href="/book/p20869/5640443.html" title="��139�¡���ʦ��æ" target="_blank">��139�¡���ʦ��æ</a>
			  </div><div class="col-md-6 item">
				<a href="/book/p20869/5640444.html" title="��140�¡�����" target="_blank">��140�¡�����</a>
			  </div><div class="col-md-6 item">
				<a href="/book/p20869/5640445.html" title="��141�¡�����֮�صĹ���" target="_blank">��141�¡�����֮�صĹ���</a>
			  </div><div class="col-md-6 item">
				<a href="/book/p20869/5640446.html" title="��142�¡�����Ĺ���" target="_blank">��142�¡�����Ĺ���</a>
			  </div><div class="col-md-6 item">
				<a href="/book/p20869/5640447.html" title="��143�¡���������" target="_blank">��143�¡���������</a>
			  </div><div class="col-md-6 item">
				<a href="/book/p20869/5640448.html" title="��144�¡�������������" target="_blank">��144�¡�������������</a>
			  </div><div class="col-md-6 item">
				<a href="/book/p20869/5640449.html" title="��145�¡���ʿڣ" target="_blank">��145�¡���ʿڣ</a>
			  </div><div class="col-md-6 item">
				<a href="/book/p20869/5640450.html" title="��146�¡�002�Ž���֮�صĹ���" target="_blank">��146�¡�002�Ž���֮�صĹ���</a>
			  </div><div class="col-md-6 item">
				<a href="/book/p20869/5640451.html" title="��147�¡����ù���" target="_blank">��147�¡����ù���</a>
			  </div><div class="col-md-6 item">
				<a href="/book/p20869/5640452.html" title="��148�¡����Ǽ���" target="_blank">��148�¡����Ǽ���</a>
			  </div><div class="col-md-6 item">
				<a href="/book/p20869/5640453.html" title="��149�¡����߲�" target="_blank">��149�¡����߲�</a>
			  </div><div class="col-md-6 item">
				<a href="/book/p20869/5640454.html" title="��150�¡����׵ش�" target="_blank">��150�¡����׵ش�</a>
			  </div><div class="col-md-6 item">
				<a href="/book/p20869/5640455.html" title="��151�¡��������֣�" target="_blank">��151�¡��������֣�</a>
			  </div><div class="col-md-6 item">
				<a href="/book/p20869/5640456.html" title="��152�¡�����׹߻�С����" target="_blank">��152�¡�����׹߻�С����</a>
			  </div><div class="col-md-6 item">
				<a href="/book/p20869/5640457.html" title="��153�¡����ԣ�" target="_blank">��153�¡����ԣ�</a>
			  </div><div class="col-md-6 item">
				<a href="/book/p20869/5640458.html" title="��154�¡���һ��ɽ" target="_blank">��154�¡���һ��ɽ</a>
			  </div><div class="col-md-6 item">
				<a href="/book/p20869/5640459.html" title="��155�¡�׷һ����" target="_blank">��155�¡�׷һ����</a>
			  </div><div class="col-md-6 item">
				<a href="/book/p20869/5640460.html" title="��156�¡���ɫ����" target="_blank">��156�¡���ɫ����</a>
			  </div><div class="col-md-6 item">
				<a href="/book/p20869/5640461.html" title="��157�¡���Ҷ��" target="_blank">��157�¡���Ҷ��</a>
			  </div><div class="col-md-6 item">
				<a href="/book/p20869/5640462.html" title="��158�¡�����ľż" target="_blank">��158�¡�����ľż</a>
			  </div><div class="col-md-6 item">
				<a href="/book/p20869/5640463.html" title="��159�¡����Ϊ����ϯ�ض���" target="_blank">��159�¡����Ϊ����ϯ�ض���</a>
			  </div><div class="col-md-6 item">
				<a href="/book/p20869/5640464.html" title="��160�¡�����©��" target="_blank">��160�¡�����©��</a>
			  </div><div class="col-md-6 item">
				<a href="/book/p20869/5640465.html" title="��161�¡�ʧ�ٵ�ʿ��" target="_blank">��161�¡�ʧ�ٵ�ʿ��</a>
			  </div><div class="col-md-6 item">
				<a href="/book/p20869/5640466.html" title="��162�¡���Ӧ��ְҵ����" target="_blank">��162�¡���Ӧ��ְҵ����</a>
			  </div><div class="col-md-6 item">
				<a href="/book/p20869/5640467.html" title="��163�¡��㲻���Ρ" target="_blank">��163�¡��㲻���Ρ</a>
			  </div><div class="col-md-6 item">
				<a href="/book/p20869/5640468.html" title="��164�¡�׷��" target="_blank">��164�¡�׷��</a>
			  </div><div class="col-md-6 item">
				<a href="/book/p20869/5640469.html" title="��165�¡������䶨" target="_blank">��165�¡������䶨</a>
			  </div><div class="col-md-6 item">
				<a href="/book/p20869/5640470.html" title="��166�¡��ع�" target="_blank">��166�¡��ع�</a>
			  </div><div class="col-md-6 item">
				<a href="/book/p20869/5640471.html" title="��167�¡�����ƻ�" target="_blank">��167�¡�����ƻ�</a>
			  </div><div class="col-md-6 item">
				<a href="/book/p20869/5640472.html" title="��168�¡��ּ�תУ��" target="_blank">��168�¡��ּ�תУ��</a>
			  </div><div class="col-md-6 item">
				<a href="/book/p20869/5640473.html" title="��169�¡�Ļ����Ǹ���" target="_blank">��169�¡�Ļ����Ǹ���</a>
			  </div><div class="col-md-6 item">
				<a href="/book/p20869/5640474.html" title="��170�¡����ҵĸ���" target="_blank">��170�¡����ҵĸ���</a>
			  </div><div class="col-md-6 item">
				<a href="/book/p20869/5640475.html" title="��171�¡���ҹ��Ѫˮ��ɱ��" target="_blank">��171�¡���ҹ��Ѫˮ��ɱ��</a>
			  </div><div class="col-md-6 item">
				<a href="/book/p20869/5640476.html" title="��172�¡�˫��" target="_blank">��172�¡�˫��</a>
			  </div><div class="col-md-6 item">
				<a href="/book/p20869/5640477.html" title="��173�¡�����Ī����ϰ�" target="_blank">��173�¡�����Ī����ϰ�</a>
			  </div><div class="col-md-6 item">
				<a href="/book/p20869/5640478.html" title="��174�¡����һؼ�" target="_blank">��174�¡����һؼ�</a>
			  </div><div class="col-md-6 item">
				<a href="/book/p20869/5640479.html" title="��175�¡�ǧ��֮�е�����" target="_blank">��175�¡�ǧ��֮�е�����</a>
			  </div><div class="col-md-6 item">
				<a href="/book/p20869/5640480.html" title="��176�¡���Ч��" target="_blank">��176�¡���Ч��</a>
			  </div><div class="col-md-6 item">
				<a href="/book/p20869/5640481.html" title="��177�¡�����" target="_blank">��177�¡�����</a>
			  </div><div class="col-md-6 item">
				<a href="/book/p20869/5640482.html" title="��178�¡�˫��" target="_blank">��178�¡�˫��</a>
			  </div><div class="col-md-6 item">
				<a href="/book/p20869/5640483.html" title="��179�¡�ʦ���������ף�" target="_blank">��179�¡�ʦ���������ף�</a>
			  </div><div class="col-md-6 item">
				<a href="/book/p20869/5640484.html" title="��180�¡�ʦ��" target="_blank">��180�¡�ʦ��</a>
			  </div><div class="col-md-6 item">
				<a href="/book/p20869/5640485.html" title="��181�¡��˹����ܣ�Ҽ" target="_blank">��181�¡��˹����ܣ�Ҽ</a>
			  </div><div class="col-md-6 item">
				<a href="/book/p20869/5640486.html" title="��182�¡���������ط�" target="_blank">��182�¡���������ط�</a>
			  </div><div class="col-md-6 item">
				<a href="/book/p20869/5640487.html" title="��183�¡�ȥ��һ����Ҽ�" target="_blank">��183�¡�ȥ��һ����Ҽ�</a>
			  </div><div class="col-md-6 item">
				<a href="/book/p20869/5640488.html" title="��184�¡������ֵ�����ͬ" target="_blank">��184�¡������ֵ�����ͬ</a>
			  </div><div class="col-md-6 item">
				<a href="/book/p20869/5640489.html" title="��185�¡�����ɣ�" target="_blank">��185�¡�����ɣ�</a>
			  </div><div class="col-md-6 item">
				<a href="/book/p20869/5640490.html" title="��186�¡���ȭ" target="_blank">��186�¡���ȭ</a>
			  </div><div class="col-md-6 item">
				<a href="/book/p20869/5640491.html" title="��187�¡���ʿ�Ĵ�ͳ" target="_blank">��187�¡���ʿ�Ĵ�ͳ</a>
			  </div><div class="col-md-6 item">
				<a href="/book/p20869/5640492.html" title="��188�¡����ɵ���" target="_blank">��188�¡����ɵ���</a>
			  </div><div class="col-md-6 item">
				<a href="/book/p20869/5640493.html" title="��189�¡��˽����ڣ�Ѫ�Ե����꣡" target="_blank">��189�¡��˽����ڣ�Ѫ�Ե����꣡</a>
			  </div><div class="col-md-6 item">
				<a href="/book/p20869/5640494.html" title="��190�¡��Ҳ�ɱ��" target="_blank">��190�¡��Ҳ�ɱ��</a>
			  </div><div class="col-md-6 item">
				<a href="/book/p20869/5640495.html" title="��191�¡�������Ӱ��" target="_blank">��191�¡�������Ӱ��</a>
			  </div><div class="col-md-6 item">
				<a href="/book/p20869/5640496.html" title="��192�¡��ֲ��쳾�Ķ̰�" target="_blank">��192�¡��ֲ��쳾�Ķ̰�</a>
			  </div><div class="col-md-6 item">
				<a href="/book/p20869/5640497.html" title="��193�¡�С����Ľ���" target="_blank">��193�¡�С����Ľ���</a>
			  </div><div class="col-md-6 item">
				<a href="/book/p20869/5640498.html" title="��194�¡���Ӱ����" target="_blank">��194�¡���Ӱ����</a>
			  </div><div class="col-md-6 item">
				<a href="/book/p20869/5640499.html" title="��195�¡�ACE-005����͸����˰�" target="_blank">��195�¡�ACE-005����͸����˰�</a>
			  </div><div class="col-md-6 item">
				<a href="/book/p20869/5640500.html" title="��196�¡�������ACE-005" target="_blank">��196�¡�������ACE-005</a>
			  </div><div class="col-md-6 item">
				<a href="/book/p20869/5640501.html" title="��197�¡�����A" target="_blank">��197�¡�����A</a>
			  </div><div class="col-md-6 item">
				<a href="/book/p20869/5640502.html" title="��198�¡���������" target="_blank">��198�¡���������</a>
			  </div><div class="col-md-6 item">
				<a href="/book/p20869/5640503.html" title="��199�¡�������ACE-002��" target="_blank">��199�¡�������ACE-002��</a>
			  </div><div class="col-md-6 item">
				<a href="/book/p20869/5640504.html" title="��200�¡���ƭ�ҵڶ��Σ�" target="_blank">��200�¡���ƭ�ҵڶ��Σ�</a>
			  </div><div class="col-md-6 item">
				<a href="/book/p20869/5640505.html" title="��201�¡�ɱ������" target="_blank">��201�¡�ɱ������</a>
			  </div><div class="col-md-6 item">
				<a href="/book/p20869/5640506.html" title="��202�¡���ʿ�Ĵ���" target="_blank">��202�¡���ʿ�Ĵ���</a>
			  </div><div class="col-md-6 item">
				<a href="/book/p20869/5640507.html" title="��203�¡�Ȩ�Ⱥ�" target="_blank">��203�¡�Ȩ�Ⱥ�</a>
			  </div><div class="col-md-6 item">
				<a href="/book/p20869/5640508.html" title="��204�¡����ܼ���" target="_blank">��204�¡����ܼ���</a>
			  </div><div class="col-md-6 item">
				<a href="/book/p20869/5640509.html" title="��205�¡�����" target="_blank">��205�¡�����</a>
			  </div><div class="col-md-6 item">
				<a href="/book/p20869/5640510.html" title="��206�¡�ǧ�����ؾ֣�������ACE-002�ؼ����գ�" target="_blank">��206�¡�ǧ�����ؾ֣�������ACE-002�ؼ����գ�</a>
			  </div><div class="col-md-6 item">
				<a href="/book/p20869/5640511.html" title="��207�¡������۷�" target="_blank">��207�¡������۷�</a>
			  </div><div class="col-md-6 item">
				<a href="/book/p20869/5640512.html" title="��208�¡����" target="_blank">��208�¡����</a>
			  </div><div class="col-md-6 item">
				<a href="/book/p20869/5640513.html" title="��209�¡�һ����ʦ�̳�����" target="_blank">��209�¡�һ����ʦ�̳�����</a>
			  </div><div class="col-md-6 item">
				<a href="/book/p20869/5640514.html" title="��210�¡�Ӱ��֮�����ڶ���" target="_blank">��210�¡�Ӱ��֮�����ڶ���</a>
			  </div><div class="col-md-6 item">
				<a href="/book/p20869/5640515.html" title="��211�¡�Ϊ��ѡ�����ڿ�" target="_blank">��211�¡�Ϊ��ѡ�����ڿ�</a>
			  </div><div class="col-md-6 item">
				<a href="/book/p20869/5640516.html" title="��212�¡�Ⱥ��Ψһ��һ��ɵ��" target="_blank">��212�¡�Ⱥ��Ψһ��һ��ɵ��</a>
			  </div><div class="col-md-6 item">
				<a href="/book/p20869/5640517.html" title="��213�¡��������" target="_blank">��213�¡��������</a>
			  </div><div class="col-md-6 item">
				<a href="/book/p20869/5640518.html" title="��214�¡���������" target="_blank">��214�¡���������</a>
			  </div><div class="col-md-6 item">
				<a href="/book/p20869/5640519.html" title="��215�¡����ղ�����" target="_blank">��215�¡����ղ�����</a>
			  </div><div class="col-md-6 item">
				<a href="/book/p20869/5640520.html" title="��216�¡�����ʫ��" target="_blank">��216�¡�����ʫ��</a>
			  </div><div class="col-md-6 item">
				<a href="/book/p20869/5640521.html" title="��217�¡�Ҽ��˽��Ǯ" target="_blank">��217�¡�Ҽ��˽��Ǯ</a>
			  </div><div class="col-md-6 item">
				<a href="/book/p20869/5640522.html" title="��218�¡����������ֳ�" target="_blank">��218�¡����������ֳ�</a>
			  </div><div class="col-md-6 item">
				<a href="/book/p20869/5640523.html" title="��219�¡�������Ӱ��" target="_blank">��219�¡�������Ӱ��</a>
			  </div><div class="col-md-6 item">
				<a href="/book/p20869/5640524.html" title="��220�¡�û���������׵�����" target="_blank">��220�¡�û���������׵�����</a>
			  </div><div class="col-md-6 item">
				<a href="/book/p20869/5640525.html" title="��221�¡���������" target="_blank">��221�¡���������</a>
			  </div><div class="col-md-6 item">
				<a href="/book/p20869/5640526.html" title="��222�¡��ù�" target="_blank">��222�¡��ù�</a>
			  </div><div class="col-md-6 item">
				<a href="/book/p20869/5640527.html" title="��223�¡���С�ĵĺݻ�" target="_blank">��223�¡���С�ĵĺݻ�</a>
			  </div><div class="col-md-6 item">
				<a href="/book/p20869/5640528.html" title="��224�¡�Ӱ�ӵ���Ϸ" target="_blank">��224�¡�Ӱ�ӵ���Ϸ</a>
			  </div><div class="col-md-6 item">
				<a href="/book/p20869/5640529.html" title="��225�¡�Ϊ��Ϸ���Ӷ�ע" target="_blank">��225�¡�Ϊ��Ϸ���Ӷ�ע</a>
			  </div><div class="col-md-6 item">
				<a href="/book/p20869/5640530.html" title="��226�¡��ٴα��֣�" target="_blank">��226�¡��ٴα��֣�</a>
			  </div><div class="col-md-6 item">
				<a href="/book/p20869/5640531.html" title="��227�¡�������·" target="_blank">��227�¡�������·</a>
			  </div><div class="col-md-6 item">
				<a href="/book/p20869/5640532.html" title="��228�¡�ȭ��" target="_blank">��228�¡�ȭ��</a>
			  </div><div class="col-md-6 item">
				<a href="/book/p20869/5640533.html" title="��229�¡��ڻ��ͨ��" target="_blank">��229�¡��ڻ��ͨ��</a>
			  </div><div class="col-md-6 item">
				<a href="/book/p20869/5640534.html" title="��230�¡���Զ����" target="_blank">��230�¡���Զ����</a>
			  </div><div class="col-md-6 item">
				<a href="/book/p20869/5640535.html" title="��231�¡�ACE-005��������" target="_blank">��231�¡�ACE-005��������</a>
			  </div><div class="col-md-6 item">
				<a href="/book/p20869/5640536.html" title="��232�¡�һ��Զ�к�һЩѪծ" target="_blank">��232�¡�һ��Զ�к�һЩѪծ</a>
			  </div><div class="col-md-6 item">
				<a href="/book/p20869/5640537.html" title="��233�¡�ʱ���Ҵ�" target="_blank">��233�¡�ʱ���Ҵ�</a>
			  </div><div class="col-md-6 item">
				<a href="/book/p20869/5640538.html" title="��234�¡������ط�" target="_blank">��234�¡������ط�</a>
			  </div><div class="col-md-6 item">
				<a href="/book/p20869/5640539.html" title="��235�¡���Ӧ����ŵ" target="_blank">��235�¡���Ӧ����ŵ</a>
			  </div><div class="col-md-6 item">
				<a href="/book/p20869/5640540.html" title="��236�¡��ѻ���" target="_blank">��236�¡��ѻ���</a>
			  </div><div class="col-md-6 item">
				<a href="/book/p20869/5640541.html" title="��237�¡������˰�" target="_blank">��237�¡������˰�</a>
			  </div><div class="col-md-6 item">
				<a href="/book/p20869/5640542.html" title="��238�¡�����ǹ��" target="_blank">��238�¡�����ǹ��</a>
			  </div><div class="col-md-6 item">
				<a href="/book/p20869/5640543.html" title="��239�¡�������ACE-011���ѻ�ǹ" target="_blank">��239�¡�������ACE-011���ѻ�ǹ</a>
			  </div><div class="col-md-6 item">
				<a href="/book/p20869/5640544.html" title="��240�¡�����ʱ�����ߵ�������" target="_blank">��240�¡�����ʱ�����ߵ�������</a>
			  </div><div class="col-md-6 item">
				<a href="/book/p20869/5640545.html" title="��241�¡������뵯��" target="_blank">��241�¡������뵯��</a>
			  </div><div class="col-md-6 item">
				<a href="/book/p20869/5640546.html" title="��242�¡��������" target="_blank">��242�¡��������</a>
			  </div><div class="col-md-6 item">
				<a href="/book/p20869/5640547.html" title="��243�¡���ı��" target="_blank">��243�¡���ı��</a>
			  </div><div class="col-md-6 item">
				<a href="/book/p20869/5640548.html" title="��244�¡�¥��ǹս" target="_blank">��244�¡�¥��ǹս</a>
			  </div><div class="col-md-6 item">
				<a href="/book/p20869/5640549.html" title="��245�¡�������Ķ���ʹ�÷���" target="_blank">��245�¡�������Ķ���ʹ�÷���</a>
			  </div><div class="col-md-6 item">
				<a href="/book/p20869/5640550.html" title="��246�¡���������" target="_blank">��246�¡���������</a>
			  </div><div class="col-md-6 item">
				<a href="/book/p20869/5640551.html" title="��247�¡�ϴ��" target="_blank">��247�¡�ϴ��</a>
			  </div><div class="col-md-6 item">
				<a href="/book/p20869/5640552.html" title="��248�¡���һ" target="_blank">��248�¡���һ</a>
			  </div><div class="col-md-6 item">
				<a href="/book/p20869/5640553.html" title="��249�¡���ϻ��" target="_blank">��249�¡���ϻ��</a>
			  </div><div class="col-md-6 item">
				<a href="/book/p20869/5640554.html" title="��250�¡���֯��������" target="_blank">��250�¡���֯��������</a>
			  </div><div class="col-md-6 item">
				<a href="/book/p20869/5640555.html" title="��251�¡����ݽ�����ACE-011��" target="_blank">��251�¡����ݽ�����ACE-011��</a>
			  </div><div class="col-md-6 item">
				<a href="/book/p20869/5640556.html" title="��252�¡������" target="_blank">��252�¡������</a>
			  </div><div class="col-md-6 item">
				<a href="/book/p20869/5640557.html" title="��253�¡�����ɱ" target="_blank">��253�¡�����ɱ</a>
			  </div><div class="col-md-6 item">
				<a href="/book/p20869/5640558.html" title="��254�¡��ѻ������" target="_blank">��254�¡��ѻ������</a>
			  </div><div class="col-md-6 item">
				<a href="/book/p20869/5640559.html" title="��255�¡�ʱ�����ߵĵȼ�" target="_blank">��255�¡�ʱ�����ߵĵȼ�</a>
			  </div><div class="col-md-6 item">
				<a href="/book/p20869/5640560.html" title="��256�¡�ʱ�����ߵ�׬Ǯ��ʽ" target="_blank">��256�¡�ʱ�����ߵ�׬Ǯ��ʽ</a>
			  </div><div class="col-md-6 item">
				<a href="/book/p20869/5640561.html" title="��257�¡������δ��" target="_blank">��257�¡������δ��</a>
			  </div><div class="col-md-6 item">
				<a href="/book/p20869/5640562.html" title="��258�¡�δ������" target="_blank">��258�¡�δ������</a>
			  </div><div class="col-md-6 item">
				<a href="/book/p20869/5640563.html" title="��259�¡�����Ⱥ" target="_blank">��259�¡�����Ⱥ</a>
			  </div><div class="col-md-6 item">
				<a href="/book/p20869/5640564.html" title="��260�¡�����֮·" target="_blank">��260�¡�����֮·</a>
			  </div><div class="col-md-6 item">
				<a href="/book/p20869/5640565.html" title="��261�¡����أ�֣Զ��" target="_blank">��261�¡����أ�֣Զ��</a>
			  </div><div class="col-md-6 item">
				<a href="/book/p20869/5640566.html" title="��262�¡���һ��" target="_blank">��262�¡���һ��</a>
			  </div><div class="col-md-6 item">
				<a href="/book/p20869/5640567.html" title="��263�¡���������" target="_blank">��263�¡���������</a>
			  </div><div class="col-md-6 item">
				<a href="/book/p20869/5640568.html" title="��264�¡�ҹĻ��ǹ��" target="_blank">��264�¡�ҹĻ��ǹ��</a>
			  </div><div class="col-md-6 item">
				<a href="/book/p20869/5640569.html" title="��265�¡�����" target="_blank">��265�¡�����</a>
			  </div><div class="col-md-6 item">
				<a href="/book/p20869/5640570.html" title="��266�¡�����" target="_blank">��266�¡�����</a>
			  </div><div class="col-md-6 item">
				<a href="/book/p20869/5640571.html" title="��267�¡���Ļ" target="_blank">��267�¡���Ļ</a>
			  </div><div class="col-md-6 item">
				<a href="/book/p20869/5640572.html" title="��268�¡������" target="_blank">��268�¡������</a>
			  </div><div class="col-md-6 item">
				<a href="/book/p20869/5640573.html" title="��269�¡������µ���������" target="_blank">��269�¡������µ���������</a>
			  </div><div class="col-md-6 item">
				<a href="/book/p20869/5640574.html" title="��270�¡���̫����������" target="_blank">��270�¡���̫����������</a>
			  </div><div class="col-md-6 item">
				<a href="/book/p20869/5640575.html" title="��271�¡������е��ų���" target="_blank">��271�¡������е��ų���</a>
			  </div><div class="col-md-6 item">
				<a href="/book/p20869/5640576.html" title="��272�¡����������" target="_blank">��272�¡����������</a>
			  </div><div class="col-md-6 item">
				<a href="/book/p20869/5640577.html" title="��273�¡���ˣ�����ˣ�" target="_blank">��273�¡���ˣ�����ˣ�</a>
			  </div><div class="col-md-6 item">
				<a href="/book/p20869/5640578.html" title="��274�¡�����ֹ��С�ϰ�" target="_blank">��274�¡�����ֹ��С�ϰ�</a>
			  </div><div class="col-md-6 item">
				<a href="/book/p20869/5640579.html" title="��275�¡�����Ӫ��" target="_blank">��275�¡�����Ӫ��</a>
			  </div><div class="col-md-6 item">
				<a href="/book/p20869/5640580.html" title="��276�¡�����֮·" target="_blank">��276�¡�����֮·</a>
			  </div><div class="col-md-6 item">
				<a href="/book/p20869/5640581.html" title="��277�¡��ݼ�" target="_blank">��277�¡��ݼ�</a>
			  </div><div class="col-md-6 item">
				<a href="/book/p20869/5640582.html" title="��278�¡������õ��½�ϰ���쳾" target="_blank">��278�¡������õ��½�ϰ���쳾</a>
			  </div><div class="col-md-6 item">
				<a href="/book/p20869/5640583.html" title="��279�¡�������ͦ�õ�" target="_blank">��279�¡�������ͦ�õ�</a>
			  </div><div class="col-md-6 item">
				<a href="/book/p20869/5640584.html" title="��280�¡���֧�������ѧ��" target="_blank">��280�¡���֧�������ѧ��</a>
			  </div><div class="col-md-6 item">
				<a href="/book/p20869/5640585.html" title="��281�¡�����������" target="_blank">��281�¡�����������</a>
			  </div><div class="col-md-6 item">
				<a href="/book/p20869/5640586.html" title="��282�¡�����֮�ص���������" target="_blank">��282�¡�����֮�ص���������</a>
			  </div><div class="col-md-6 item">
				<a href="/book/p20869/5640587.html" title="��283�¡������" target="_blank">��283�¡������</a>
			  </div><div class="col-md-6 item">
				<a href="/book/p20869/5640588.html" title="��284�¡����ص�Ӱ��֮����ⷽʽ" target="_blank">��284�¡����ص�Ӱ��֮����ⷽʽ</a>
			  </div><div class="col-md-6 item">
				<a href="/book/p20869/5640589.html" title="��285�¡�����֮��" target="_blank">��285�¡�����֮��</a>
			  </div><div class="col-md-6 item">
				<a href="/book/p20869/5640590.html" title="��286�¡��ع�" target="_blank">��286�¡��ع�</a>
			  </div><div class="col-md-6 item">
				<a href="/book/p20869/5640591.html" title="��287�¡�Ǳ�ӵ��������" target="_blank">��287�¡�Ǳ�ӵ��������</a>
			  </div><div class="col-md-6 item">
				<a href="/book/p20869/5640592.html" title="��288�¡��ش�������֯" target="_blank">��288�¡��ش�������֯</a>
			  </div><div class="col-md-6 item">
				<a href="/book/p20869/5640593.html" title="��289�¡��籩����" target="_blank">��289�¡��籩����</a>
			  </div><div class="col-md-6 item">
				<a href="/book/p20869/5640594.html" title="��290�¡��������λ�ʺ�" target="_blank">��290�¡��������λ�ʺ�</a>
			  </div><div class="col-md-6 item">
				<a href="/book/p20869/5640595.html" title="��291�¡�׷��֮ս" target="_blank">��291�¡�׷��֮ս</a>
			  </div><div class="col-md-6 item">
				<a href="/book/p20869/5640596.html" title="��292�¡���л����" target="_blank">��292�¡���л����</a>
			  </div><div class="col-md-6 item">
				<a href="/book/p20869/5640597.html" title="��293�¡����ڵ�������ˮ�µ�ɱ��" target="_blank">��293�¡����ڵ�������ˮ�µ�ɱ��</a>
			  </div><div class="col-md-6 item">
				<a href="/book/p20869/5640598.html" title="��294�¡����һ��" target="_blank">��294�¡����һ��</a>
			  </div><div class="col-md-6 item">
				<a href="/book/p20869/5640599.html" title="��295�¡���͵���Ԯ��" target="_blank">��295�¡���͵���Ԯ��</a>
			  </div><div class="col-md-6 item">
				<a href="/book/p20869/5640600.html" title="��296�¡�������" target="_blank">��296�¡�������</a>
			  </div><div class="col-md-6 item">
				<a href="/book/p20869/5640601.html" title="��297�¡�������" target="_blank">��297�¡�������</a>
			  </div><div class="col-md-6 item">
				<a href="/book/p20869/5640602.html" title="��298�¡�����ǹ��" target="_blank">��298�¡�����ǹ��</a>
			  </div><div class="col-md-6 item">
				<a href="/book/p20869/5640603.html" title="��299�¡�����������" target="_blank">��299�¡�����������</a>
			  </div><div class="col-md-6 item">
				<a href="/book/p20869/5640604.html" title="��300�¡���һ�η���Խ�ƻ���Ļ" target="_blank">��300�¡���һ�η���Խ�ƻ���Ļ</a>
			  </div><div class="col-md-6 item">
				<a href="/book/p20869/5640605.html" title="��301�¡���Ҷ��Ժ��������" target="_blank">��301�¡���Ҷ��Ժ��������</a>
			  </div><div class="col-md-6 item">
				<a href="/book/p20869/5640606.html" title="��302�¡���Ҷ��Ժ������" target="_blank">��302�¡���Ҷ��Ժ������</a>
			  </div><div class="col-md-6 item">
				<a href="/book/p20869/5640607.html" title="��303�¡���ͳ����֮��" target="_blank">��303�¡���ͳ����֮��</a>
			  </div><div class="col-md-6 item">
				<a href="/book/p20869/5640608.html" title="��304�¡�������ʦ��" target="_blank">��304�¡�������ʦ��</a>
			  </div><div class="col-md-6 item">
				<a href="/book/p20869/5640609.html" title="��305�¡���ʮ������" target="_blank">��305�¡���ʮ������</a>
			  </div><div class="col-md-6 item">
				<a href="/book/p20869/5640610.html" title="��306�¡�ѩɽ��Ļ������ͻ����Աߵ���Ů" target="_blank">��306�¡�ѩɽ��Ļ������ͻ����Աߵ���Ů</a>
			  </div><div class="col-md-6 item">
				<a href="/book/p20869/5640611.html" title="��307�¡������¹��" target="_blank">��307�¡������¹��</a>
			  </div><div class="col-md-6 item">
				<a href="/book/p20869/5640612.html" title="��308�¡��ඥ֮��" target="_blank">��308�¡��ඥ֮��</a>
			  </div><div class="col-md-6 item">
				<a href="/book/p20869/5640613.html" title="��309�¡��·����¼�" target="_blank">��309�¡��·����¼�</a>
			  </div><div class="col-md-6 item">
				<a href="/book/p20869/5640614.html" title="��310�¡�������" target="_blank">��310�¡�������</a>
			  </div><div class="col-md-6 item">
				<a href="/book/p20869/5640615.html" title="��311�¡�һ��ˮ��ƽ" target="_blank">��311�¡�һ��ˮ��ƽ</a>
			  </div><div class="col-md-6 item">
				<a href="/book/p20869/5640616.html" title="��312�¡���������" target="_blank">��312�¡���������</a>
			  </div><div class="col-md-6 item">
				<a href="/book/p20869/5640617.html" title="��313�¡�ҹϮ������ͷ��ɱ��" target="_blank">��313�¡�ҹϮ������ͷ��ɱ��</a>
			  </div><div class="col-md-6 item">
				<a href="/book/p20869/5640618.html" title="��314�¡�����˭���ܵ��ҵ�ѧ��" target="_blank">��314�¡�����˭���ܵ��ҵ�ѧ��</a>
			  </div><div class="col-md-6 item">
				<a href="/book/p20869/5640619.html" title="��315�¡�Ҫ������Ĺ�������" target="_blank">��315�¡�Ҫ������Ĺ�������</a>
			  </div><div class="col-md-6 item">
				<a href="/book/p20869/5640620.html" title="��316�¡�������ѻ���" target="_blank">��316�¡�������ѻ���</a>
			  </div><div class="col-md-6 item">
				<a href="/book/p20869/5640621.html" title="��317�¡�������" target="_blank">��317�¡�������</a>
			  </div><div class="col-md-6 item">
				<a href="/book/p20869/5640622.html" title="��318�¡�͵͵��ѧϰ��Ȼ����������" target="_blank">��318�¡�͵͵��ѧϰ��Ȼ����������</a>
			  </div><div class="col-md-6 item">
				<a href="/book/p20869/5640623.html" title="��319�¡��������࣬���ı���" target="_blank">��319�¡��������࣬���ı���</a>
			  </div><div class="col-md-6 item">
				<a href="/book/p20869/5640624.html" title="��320�¡�����ϴ��" target="_blank">��320�¡�����ϴ��</a>
			  </div><div class="col-md-6 item">
				<a href="/book/p20869/5640625.html" title="��321�¡�Լ��" target="_blank">��321�¡�Լ��</a>
			  </div><div class="col-md-6 item">
				<a href="/book/p20869/5640626.html" title="��322�¡�������ľѻ���" target="_blank">��322�¡�������ľѻ���</a>
			  </div><div class="col-md-6 item">
				<a href="/book/p20869/5640627.html" title="��323�¡�ʢ��ı�ҵ����" target="_blank">��323�¡�ʢ��ı�ҵ����</a>
			  </div><div class="col-md-6 item">
				<a href="/book/p20869/5640628.html" title="��324�¡���ָ��������ʧ�ĵذ�" target="_blank">��324�¡���ָ��������ʧ�ĵذ�</a>
			  </div><div class="col-md-6 item">
				<a href="/book/p20869/5640629.html" title="��325�¡���ʧ���쳾" target="_blank">��325�¡���ʧ���쳾</a>
			  </div><div class="col-md-6 item">
				<a href="/book/p20869/5640630.html" title="��326�¡����Ľ���֮��" target="_blank">��326�¡����Ľ���֮��</a>
			  </div><div class="col-md-6 item">
				<a href="/book/p20869/5640631.html" title="��327�¡��������������" target="_blank">��327�¡��������������</a>
			  </div><div class="col-md-6 item">
				<a href="/book/p20869/5640632.html" title="��328�¡����ŷ�����" target="_blank">��328�¡����ŷ�����</a>
			  </div><div class="col-md-6 item">
				<a href="/book/p20869/5640633.html" title="��329�¡������Эͬ��ս" target="_blank">��329�¡������Эͬ��ս</a>
			  </div><div class="col-md-6 item">
				<a href="/book/p20869/5640634.html" title="��330�¡�Χ��������" target="_blank">��330�¡�Χ��������</a>
			  </div><div class="col-md-6 item">
				<a href="/book/p20869/5640635.html" title="��331�¡�������˭������" target="_blank">��331�¡�������˭������</a>
			  </div><div class="col-md-6 item">
				<a href="/book/p20869/5640636.html" title="��332�¡�����ļ���" target="_blank">��332�¡�����ļ���</a>
			  </div><div class="col-md-6 item">
				<a href="/book/p20869/5640637.html" title="��333�¡���Υ������" target="_blank">��333�¡���Υ������</a>
			  </div><div class="col-md-6 item">
				<a href="/book/p20869/5640638.html" title="��334�¡���ѧ�������컨�壬�쳾" target="_blank">��334�¡���ѧ�������컨�壬�쳾</a>
			  </div><div class="col-md-6 item">
				<a href="/book/p20869/5640639.html" title="��335�¡����������ϵ�ʱ������" target="_blank">��335�¡����������ϵ�ʱ������</a>
			  </div><div class="col-md-6 item">
				<a href="/book/p20869/5640640.html" title="��336�¡��Ҷ���ţ��" target="_blank">��336�¡��Ҷ���ţ��</a>
			  </div><div class="col-md-6 item">
				<a href="/book/p20869/5640641.html" title="��337�¡��˼����" target="_blank">��337�¡��˼����</a>
			  </div><div class="col-md-6 item">
				<a href="/book/p20869/5640642.html" title="��338�¡�ҹ�����ŵ���" target="_blank">��338�¡�ҹ�����ŵ���</a>
			  </div><div class="col-md-6 item">
				<a href="/book/p20869/5640643.html" title="��339�¡�Ϧ�����͵�Ѥ��" target="_blank">��339�¡�Ϧ�����͵�Ѥ��</a>
			  </div><div class="col-md-6 item">
				<a href="/book/p20869/5640644.html" title="��340�¡���㡣�����" target="_blank">��340�¡���㡣�����</a>
			  </div><div class="col-md-6 item">
				<a href="/book/p20869/5640645.html" title="��341�¡���Ϸ����Ȥ" target="_blank">��341�¡���Ϸ����Ȥ</a>
			  </div><div class="col-md-6 item">
				<a href="/book/p20869/5640646.html" title="��342�¡���װNPC" target="_blank">��342�¡���װNPC</a>
			  </div><div class="col-md-6 item">
				<a href="/book/p20869/5640647.html" title="��343�¡����ң��ּ�����" target="_blank">��343�¡����ң��ּ�����</a>
			  </div><div class="col-md-6 item">
				<a href="/book/p20869/5640648.html" title="��344�¡�����ȳ��" target="_blank">��344�¡�����ȳ��</a>
			  </div><div class="col-md-6 item">
				<a href="/book/p20869/5640649.html" title="��345�¡��ּ�����" target="_blank">��345�¡��ּ�����</a>
			  </div><div class="col-md-6 item">
				<a href="/book/p20869/5640650.html" title="��346�¡�����" target="_blank">��346�¡�����</a>
			  </div><div class="col-md-6 item">
				<a href="/book/p20869/5640651.html" title="��347�¡�����" target="_blank">��347�¡�����</a>
			  </div><div class="col-md-6 item">
				<a href="/book/p20869/5640652.html" title="��348�¡���ѻ��" target="_blank">��348�¡���ѻ��</a>
			  </div><div class="col-md-6 item">
				<a href="/book/p20869/5640653.html" title="��349�¡����˵�����" target="_blank">��349�¡����˵�����</a>
			  </div><div class="col-md-6 item">
				<a href="/book/p20869/5640654.html" title="��350�¡�׷���뷴ɱ��" target="_blank">��350�¡�׷���뷴ɱ��</a>
			  </div><div class="col-md-6 item">
				<a href="/book/p20869/5640655.html" title="��351�¡����������" target="_blank">��351�¡����������</a>
			  </div><div class="col-md-6 item">
				<a href="/book/p20869/5640656.html" title="��352�¡�ȱһ������" target="_blank">��352�¡�ȱһ������</a>
			  </div><div class="col-md-6 item">
				<a href="/book/p20869/5640657.html" title="��353�¡���һ������" target="_blank">��353�¡���һ������</a>
			  </div><div class="col-md-6 item">
				<a href="/book/p20869/5640658.html" title="��354�¡�������������ʱ��һ���ƽ�һ����" target="_blank">��354�¡�������������ʱ��һ���ƽ�һ����</a>
			  </div><div class="col-md-6 item">
				<a href="/book/p20869/5640659.html" title="��355�¡��쳾�ĲƲ�" target="_blank">��355�¡��쳾�ĲƲ�</a>
			  </div><div class="col-md-6 item">
				<a href="/book/p20869/5640660.html" title="��356�¡������͵Ĺ���" target="_blank">��356�¡������͵Ĺ���</a>
			  </div><div class="col-md-6 item">
				<a href="/book/p20869/5640661.html" title="��357�¡��ܵ�˾��" target="_blank">��357�¡��ܵ�˾��</a>
			  </div><div class="col-md-6 item">
				<a href="/book/p20869/5640662.html" title="��358�¡��µİ���Ⱥ��Ա" target="_blank">��358�¡��µİ���Ⱥ��Ա</a>
			  </div><div class="col-md-6 item">
				<a href="/book/p20869/5640663.html" title="��359�¡���ʽ������" target="_blank">��359�¡���ʽ������</a>
			  </div><div class="col-md-6 item">
				<a href="/book/p20869/5640664.html" title="��360�¡�ƾʲô��" target="_blank">��360�¡�ƾʲô��</a>
			  </div><div class="col-md-6 item">
				<a href="/book/p20869/5640665.html" title="��361�¡��µĴ�Խ����" target="_blank">��361�¡��µĴ�Խ����</a>
			  </div><div class="col-md-6 item">
				<a href="/book/p20869/5640666.html" title="��362�¡���Ұ������������" target="_blank">��362�¡���Ұ������������</a>
			  </div><div class="col-md-6 item">
				<a href="/book/p20869/5640667.html" title="��363�¡����صĻ�Ұ����" target="_blank">��363�¡����صĻ�Ұ����</a>
			  </div><div class="col-md-6 item">
				<a href="/book/p20869/5640668.html" title="��364�¡���������Ů" target="_blank">��364�¡���������Ů</a>
			  </div><div class="col-md-6 item">
				<a href="/book/p20869/5640669.html" title="��365�¡��쳾�ķ���" target="_blank">��365�¡��쳾�ķ���</a>
			  </div><div class="col-md-6 item">
				<a href="/book/p20869/5640670.html" title="��366�¡����ʶ��" target="_blank">��366�¡����ʶ��</a>
			  </div><div class="col-md-6 item">
				<a href="/book/p20869/5640671.html" title="��367�¡����ϵ���ǰ��" target="_blank">��367�¡����ϵ���ǰ��</a>
			  </div><div class="col-md-6 item">
				<a href="/book/p20869/5640672.html" title="��368�¡��µĳ��У��µ�����" target="_blank">��368�¡��µĳ��У��µ�����</a>
			  </div><div class="col-md-6 item">
				<a href="/book/p20869/5640673.html" title="��369�¡��µ�������µ��ھ�" target="_blank">��369�¡��µ�������µ��ھ�</a>
			  </div><div class="col-md-6 item">
				<a href="/book/p20869/5640674.html" title="��370�¡���ְ�ܵ�˾" target="_blank">��370�¡���ְ�ܵ�˾</a>
			  </div><div class="col-md-6 item">
				<a href="/book/p20869/5640675.html" title="��371�¡�����֮��" target="_blank">��371�¡�����֮��</a>
			  </div><div class="col-md-6 item">
				<a href="/book/p20869/5640676.html" title="��372�¡����Σ�����ֶ���" target="_blank">��372�¡����Σ�����ֶ���</a>
			  </div><div class="col-md-6 item">
				<a href="/book/p20869/5640677.html" title="��373�¡���ӵ�������鱨һ��" target="_blank">��373�¡���ӵ�������鱨һ��</a>
			  </div><div class="col-md-6 item">
				<a href="/book/p20869/5640678.html" title="��374�¡�ͳ���鱨һ����¥�ĵ�һ��" target="_blank">��374�¡�ͳ���鱨һ����¥�ĵ�һ��</a>
			  </div><div class="col-md-6 item">
				<a href="/book/p20869/5640679.html" title="��375�¡��������е㼱��" target="_blank">��375�¡��������е㼱��</a>
			  </div><div class="col-md-6 item">
				<a href="/book/p20869/5640680.html" title="��376�¡����ӵ���һ���" target="_blank">��376�¡����ӵ���һ���</a>
			  </div><div class="col-md-6 item">
				<a href="/book/p20869/5640681.html" title="��377�¡���һ���·���" target="_blank">��377�¡���һ���·���</a>
			  </div><div class="col-md-6 item">
				<a href="/book/p20869/5640682.html" title="��378�¡�˭���ŵģ�" target="_blank">��378�¡�˭���ŵģ�</a>
			  </div><div class="col-md-6 item">
				<a href="/book/p20869/5640683.html" title="��379�¡�Ʒ�����" target="_blank">��379�¡�Ʒ�����</a>
			  </div><div class="col-md-6 item">
				<a href="/book/p20869/5640684.html" title="��380�¡����궽��" target="_blank">��380�¡����궽��</a>
			  </div><div class="col-md-6 item">
				<a href="/book/p20869/5640685.html" title="��381�¡�10�ų��е�ʳ����" target="_blank">��381�¡�10�ų��е�ʳ����</a>
			  </div><div class="col-md-6 item">
				<a href="/book/p20869/5640686.html" title="��382�¡���������" target="_blank">��382�¡���������</a>
			  </div><div class="col-md-6 item">
				<a href="/book/p20869/5640687.html" title="��383�¡�ʮ����" target="_blank">��383�¡�ʮ����</a>
			  </div><div class="col-md-6 item">
				<a href="/book/p20869/5640688.html" title="��384�¡���һ���˻ؼ�" target="_blank">��384�¡���һ���˻ؼ�</a>
			  </div><div class="col-md-6 item">
				<a href="/book/p20869/5640689.html" title="��385�¡���Ա" target="_blank">��385�¡���Ա</a>
			  </div><div class="col-md-6 item">
				<a href="/book/p20869/5640690.html" title="��386�¡�����" target="_blank">��386�¡�����</a>
			  </div><div class="col-md-6 item">
				<a href="/book/p20869/5640691.html" title="��387�¡�������Ϸ" target="_blank">��387�¡�������Ϸ</a>
			  </div><div class="col-md-6 item">
				<a href="/book/p20869/5640692.html" title="��388�¡���̨����ɱ" target="_blank">��388�¡���̨����ɱ</a>
			  </div><div class="col-md-6 item">
				<a href="/book/p20869/5640693.html" title="��389�¡���������" target="_blank">��389�¡���������</a>
			  </div><div class="col-md-6 item">
				<a href="/book/p20869/5640694.html" title="��390�¡�����ʱ����" target="_blank">��390�¡�����ʱ����</a>
			  </div><div class="col-md-6 item">
				<a href="/book/p20869/5640695.html" title="��391�¡����ڸ���" target="_blank">��391�¡����ڸ���</a>
			  </div><div class="col-md-6 item">
				<a href="/book/p20869/5640696.html" title="��392�¡�����" target="_blank">��392�¡�����</a>
			  </div><div class="col-md-6 item">
				<a href="/book/p20869/5640697.html" title="��393�¡����������" target="_blank">��393�¡����������</a>
			  </div><div class="col-md-6 item">
				<a href="/book/p20869/5640698.html" title="��394�¡���������" target="_blank">��394�¡���������</a>
			  </div><div class="col-md-6 item">
				<a href="/book/p20869/5640699.html" title="��395�¡�һ����Ϸ" target="_blank">��395�¡�һ����Ϸ</a>
			  </div><div class="col-md-6 item">
				<a href="/book/p20869/5640700.html" title="��396�¡��Թ���" target="_blank">��396�¡��Թ���</a>
			  </div><div class="col-md-6 item">
				<a href="/book/p20869/5640701.html" title="��397�¡������" target="_blank">��397�¡������</a>
			  </div><div class="col-md-6 item">
				<a href="/book/p20869/5640702.html" title="��398�¡��ع�" target="_blank">��398�¡��ع�</a>
			  </div><div class="col-md-6 item">
				<a href="/book/p20869/5640703.html" title="��399�¡�������" target="_blank">��399�¡�������</a>
			  </div><div class="col-md-6 item">
				<a href="/book/p20869/5640704.html" title="��400�¡�����" target="_blank">��400�¡�����</a>
			  </div><div class="col-md-6 item">
				<a href="/book/p20869/5640705.html" title="��401�¡�������" target="_blank">��401�¡�������</a>
			  </div><div class="col-md-6 item">
				<a href="/book/p20869/5640706.html" title="��402�¡�������" target="_blank">��402�¡�������</a>
			  </div><div class="col-md-6 item">
				<a href="/book/p20869/5640707.html" title="��403�¡����������ҵ���з�״�" target="_blank">��403�¡����������ҵ���з�״�</a>
			  </div><div class="col-md-6 item">
				<a href="/book/p20869/5640708.html" title="��404�¡�����" target="_blank">��404�¡�����</a>
			  </div><div class="col-md-6 item">
				<a href="/book/p20869/5640709.html" title="��405�¡�����" target="_blank">��405�¡�����</a>
			  </div><div class="col-md-6 item">
				<a href="/book/p20869/5640710.html" title="��406�¡���õ�ս��" target="_blank">��406�¡���õ�ս��</a>
			  </div><div class="col-md-6 item">
				<a href="/book/p20869/5640711.html" title="��407�¡�û������" target="_blank">��407�¡�û������</a>
			  </div><div class="col-md-6 item">
				<a href="/book/p20869/5640712.html" title="��408�¡����" target="_blank">��408�¡����</a>
			  </div><div class="col-md-6 item">
				<a href="/book/p20869/5640713.html" title="��409�¡���â�����" target="_blank">��409�¡���â�����</a>
			  </div><div class="col-md-6 item">
				<a href="/book/p20869/5640714.html" title="��410�¡����׵ı��أ����ϵ�ǹ��" target="_blank">��410�¡����׵ı��أ����ϵ�ǹ��</a>
			  </div><div class="col-md-6 item">
				<a href="/book/p20869/5640715.html" title="��411�¡����ٵ����" target="_blank">��411�¡����ٵ����</a>
			  </div><div class="col-md-6 item">
				<a href="/book/p20869/5640716.html" title="��412�¡���ʿ�ļ���" target="_blank">��412�¡���ʿ�ļ���</a>
			  </div><div class="col-md-6 item">
				<a href="/book/p20869/5640717.html" title="��413�¡�������" target="_blank">��413�¡�������</a>
			  </div><div class="col-md-6 item">
				<a href="/book/p20869/5640718.html" title="��414�¡�Ī������Ϥ��" target="_blank">��414�¡�Ī������Ϥ��</a>
			  </div><div class="col-md-6 item">
				<a href="/book/p20869/5640719.html" title="��415�¡���ս��" target="_blank">��415�¡���ս��</a>
			  </div><div class="col-md-6 item">
				<a href="/book/p20869/5640720.html" title="��416�¡��Ե�" target="_blank">��416�¡��Ե�</a>
			  </div><div class="col-md-6 item">
				<a href="/book/p20869/5640721.html" title="��417�¡��µĿ���" target="_blank">��417�¡��µĿ���</a>
			  </div><div class="col-md-6 item">
				<a href="/book/p20869/5640722.html" title="��418�¡�Ϸż��ʦ" target="_blank">��418�¡�Ϸż��ʦ</a>
			  </div><div class="col-md-6 item">
				<a href="/book/p20869/5640723.html" title="��419�¡���Ļ" target="_blank">��419�¡���Ļ</a>
			  </div><div class="col-md-6 item">
				<a href="/book/p20869/5640724.html" title="��420�¡�β�����뿪" target="_blank">��420�¡�β�����뿪</a>
			  </div><div class="col-md-6 item">
				<a href="/book/p20869/5640725.html" title="��421�¡��ؼ�" target="_blank">��421�¡��ؼ�</a>
			  </div><div class="col-md-6 item">
				<a href="/book/p20869/5640726.html" title="��422�¡�ʱ���������ϻ�" target="_blank">��422�¡�ʱ���������ϻ�</a>
			  </div><div class="col-md-6 item">
				<a href="/book/p20869/5640727.html" title="��423�¡���Ҳ��ʱ�����ߣ�" target="_blank">��423�¡���Ҳ��ʱ�����ߣ�</a>
			  </div><div class="col-md-6 item">
				<a href="/book/p20869/5640728.html" title="��424�¡�ʢ��" target="_blank">��424�¡�ʢ��</a>
			  </div><div class="col-md-6 item">
				<a href="/book/p20869/5640729.html" title="��425�¡������뷴����" target="_blank">��425�¡������뷴����</a>
			  </div><div class="col-md-6 item">
				<a href="/book/p20869/5640730.html" title="��426�¡����ַǷ�" target="_blank">��426�¡����ַǷ�</a>
			  </div><div class="col-md-6 item">
				<a href="/book/p20869/5640731.html" title="��427�¡���ֻʷ��ķ" target="_blank">��427�¡���ֻʷ��ķ</a>
			  </div><div class="col-md-6 item">
				<a href="/book/p20869/5640732.html" title="��428�¡���ԭ��������" target="_blank">��428�¡���ԭ��������</a>
			  </div><div class="col-md-6 item">
				<a href="/book/p20869/5640733.html" title="��429�¡�Ƥ����ϲ�����ھ�������" target="_blank">��429�¡�Ƥ����ϲ�����ھ�������</a>
			  </div><div class="col-md-6 item">
				<a href="/book/p20869/5640734.html" title="��430�¡���ʲô��ס����" target="_blank">��430�¡���ʲô��ס����</a>
			  </div><div class="col-md-6 item">
				<a href="/book/p20869/5640735.html" title="��431�¡���ս" target="_blank">��431�¡���ս</a>
			  </div><div class="col-md-6 item">
				<a href="/book/p20869/5640736.html" title="��432�¡�������Ѫս" target="_blank">��432�¡�������Ѫս</a>
			  </div><div class="col-md-6 item">
				<a href="/book/p20869/5640737.html" title="��433�¡�����" target="_blank">��433�¡�����</a>
			  </div><div class="col-md-6 item">
				<a href="/book/p20869/5640738.html" title="��434�¡�һֻСѼ�ӱ��߳�Ⱥ��" target="_blank">��434�¡�һֻСѼ�ӱ��߳�Ⱥ��</a>
			  </div><div class="col-md-6 item">
				<a href="/book/p20869/5640739.html" title="��435�¡��ϲ����Ⱥ�ģ��µ���ף�" target="_blank">��435�¡��ϲ����Ⱥ�ģ��µ���ף�</a>
			  </div><div class="col-md-6 item">
				<a href="/book/p20869/5640740.html" title="��436�¡�����" target="_blank">��436�¡�����</a>
			  </div><div class="col-md-6 item">
				<a href="/book/p20869/5640741.html" title="��437�¡��������Ʊ��ѡ����" target="_blank">��437�¡��������Ʊ��ѡ����</a>
			  </div><div class="col-md-6 item">
				<a href="/book/p20869/5640742.html" title="��438�¡����������ռ�" target="_blank">��438�¡����������ռ�</a>
			  </div><div class="col-md-6 item">
				<a href="/book/p20869/5640743.html" title="��439�¡����ϻ���" target="_blank">��439�¡����ϻ���</a>
			  </div><div class="col-md-6 item">
				<a href="/book/p20869/5640744.html" title="��440�¡�������" target="_blank">��440�¡�������</a>
			  </div><div class="col-md-6 item">
				<a href="/book/p20869/5640745.html" title="��441�¡��쳾�İ취" target="_blank">��441�¡��쳾�İ취</a>
			  </div><div class="col-md-6 item">
				<a href="/book/p20869/5640746.html" title="��442�¡�һ���ƽ���һ������" target="_blank">��442�¡�һ���ƽ���һ������</a>
			  </div><div class="col-md-6 item">
				<a href="/book/p20869/5640747.html" title="��443�¡��ڲ����" target="_blank">��443�¡��ڲ����</a>
			  </div><div class="col-md-6 item">
				<a href="/book/p20869/5640748.html" title="��444�¡��ٴ���ʧ�Ķ���" target="_blank">��444�¡��ٴ���ʧ�Ķ���</a>
			  </div><div class="col-md-6 item">
				<a href="/book/p20869/5640749.html" title="��445�¡�ǫ�������" target="_blank">��445�¡�ǫ�������</a>
			  </div><div class="col-md-6 item">
				<a href="/book/p20869/5640750.html" title="��446�¡���ʱ����" target="_blank">��446�¡���ʱ����</a>
			  </div><div class="col-md-6 item">
				<a href="/book/p20869/5640751.html" title="��447�¡�����ǹ" target="_blank">��447�¡�����ǹ</a>
			  </div><div class="col-md-6 item">
				<a href="/book/p20869/5640752.html" title="��448�¡�װ����" target="_blank">��448�¡�װ����</a>
			  </div><div class="col-md-6 item">
				<a href="/book/p20869/5640753.html" title="��449�¡�����" target="_blank">��449�¡�����</a>
			  </div><div class="col-md-6 item">
				<a href="/book/p20869/5640754.html" title="��450�¡�������" target="_blank">��450�¡�������</a>
			  </div><div class="col-md-6 item">
				<a href="/book/p20869/5640755.html" title="��451�¡��ط�" target="_blank">��451�¡��ط�</a>
			  </div><div class="col-md-6 item">
				<a href="/book/p20869/5640756.html" title="��452�¡���նԻ�" target="_blank">��452�¡���նԻ�</a>
			  </div><div class="col-md-6 item">
				<a href="/book/p20869/5640757.html" title="��453�¡�������Ǻη���ʥ��" target="_blank">��453�¡�������Ǻη���ʥ��</a>
			  </div><div class="col-md-6 item">
				<a href="/book/p20869/5640758.html" title="��454�¡�Ӱ�ӵĸ���" target="_blank">��454�¡�Ӱ�ӵĸ���</a>
			  </div><div class="col-md-6 item">
				<a href="/book/p20869/5640759.html" title="��455�¡���������Ů" target="_blank">��455�¡���������Ů</a>
			  </div><div class="col-md-6 item">
				<a href="/book/p20869/5640760.html" title="��456�¡���ʿ����Լ" target="_blank">��456�¡���ʿ����Լ</a>
			  </div><div class="col-md-6 item">
				<a href="/book/p20869/5640761.html" title="��457�¡���������" target="_blank">��457�¡���������</a>
			  </div><div class="col-md-6 item">
				<a href="/book/p20869/5640762.html" title="��458�¡�Σ��" target="_blank">��458�¡�Σ��</a>
			  </div><div class="col-md-6 item">
				<a href="/book/p20869/5640763.html" title="��459�¡�Ӱ������" target="_blank">��459�¡�Ӱ������</a>
			  </div><div class="col-md-6 item">
				<a href="/book/p20869/5640764.html" title="��460�¡��ٺ�����" target="_blank">��460�¡��ٺ�����</a>
			  </div><div class="col-md-6 item">
				<a href="/book/p20869/5640765.html" title="��461�¡��䳵����" target="_blank">��461�¡��䳵����</a>
			  </div><div class="col-md-6 item">
				<a href="/book/p20869/5640766.html" title="��462�¡�����" target="_blank">��462�¡�����</a>
			  </div><div class="col-md-6 item">
				<a href="/book/p20869/5640767.html" title="��463�¡����ֽ�Ŀ" target="_blank">��463�¡����ֽ�Ŀ</a>
			  </div><div class="col-md-6 item">
				<a href="/book/p20869/5640768.html" title="��464�¡�����" target="_blank">��464�¡�����</a>
			  </div><div class="col-md-6 item">
				<a href="/book/p20869/5640769.html" title="��465�¡���·" target="_blank">��465�¡���·</a>
			  </div><div class="col-md-6 item">
				<a href="/book/p20869/5640770.html" title="��466�¡�������Ŀ��" target="_blank">��466�¡�������Ŀ��</a>
			  </div><div class="col-md-6 item">
				<a href="/book/p20869/5640771.html" title="��467�¡���ı" target="_blank">��467�¡���ı</a>
			  </div><div class="col-md-6 item">
				<a href="/book/p20869/5640772.html" title="��468�¡���������" target="_blank">��468�¡���������</a>
			  </div><div class="col-md-6 item">
				<a href="/book/p20869/5640773.html" title="��469�¡���Ԯ" target="_blank">��469�¡���Ԯ</a>
			  </div><div class="col-md-6 item">
				<a href="/book/p20869/5640774.html" title="��470�¡�ʧ�ٵ��쳾" target="_blank">��470�¡�ʧ�ٵ��쳾</a>
			  </div><div class="col-md-6 item">
				<a href="/book/p20869/5640775.html" title="��471�¡���̸" target="_blank">��471�¡���̸</a>
			  </div><div class="col-md-6 item">
				<a href="/book/p20869/5640776.html" title="��472�¡�����" target="_blank">��472�¡�����</a>
			  </div><div class="col-md-6 item">
				<a href="/book/p20869/5640777.html" title="��473�¡����һ��" target="_blank">��473�¡����һ��</a>
			  </div><div class="col-md-6 item">
				<a href="/book/p20869/5640778.html" title="��474�¡���Ԫ�Ӳ�" target="_blank">��474�¡���Ԫ�Ӳ�</a>
			  </div><div class="col-md-6 item">
				<a href="/book/p20869/5640779.html" title="��475�¡�һ���������ƵĹ���" target="_blank">��475�¡�һ���������ƵĹ���</a>
			  </div><div class="col-md-6 item">
				<a href="/book/p20869/5640780.html" title="��476�¡�ִ����" target="_blank">��476�¡�ִ����</a>
			  </div><div class="col-md-6 item">
				<a href="/book/p20869/5640781.html" title="��477�¡���Ĺ" target="_blank">��477�¡���Ĺ</a>
			  </div><div class="col-md-6 item">
				<a href="/book/p20869/5640782.html" title="��478�¡��ټ�" target="_blank">��478�¡��ټ�</a>
			  </div><div class="col-md-6 item">
				<a href="/book/p20869/5640783.html" title="��479�¡�һ��ɱʮ��" target="_blank">��479�¡�һ��ɱʮ��</a>
			  </div><div class="col-md-6 item">
				<a href="/book/p20869/5640784.html" title="��480�¡��ܶ�" target="_blank">��480�¡��ܶ�</a>
			  </div><div class="col-md-6 item">
				<a href="/book/p20869/5640785.html" title="��481�¡�����" target="_blank">��481�¡�����</a>
			  </div><div class="col-md-6 item">
				<a href="/book/p20869/5640786.html" title="��482�¡����ѣ�����������" target="_blank">��482�¡����ѣ�����������</a>
			  </div><div class="col-md-6 item">
				<a href="/book/p20869/5640787.html" title="��483�¡��ڶ�������" target="_blank">��483�¡��ڶ�������</a>
			  </div><div class="col-md-6 item">
				<a href="/book/p20869/5640788.html" title="��484�¡���Ϣ��" target="_blank">��484�¡���Ϣ��</a>
			  </div><div class="col-md-6 item">
				<a href="/book/p20869/5640789.html" title="��485�¡���ɱ" target="_blank">��485�¡���ɱ</a>
			  </div><div class="col-md-6 item">
				<a href="/book/p20869/5640790.html" title="��486�¡�û��ϵ" target="_blank">��486�¡�û��ϵ</a>
			  </div><div class="col-md-6 item">
				<a href="/book/p20869/5640791.html" title="��487�¡�����" target="_blank">��487�¡�����</a>
			  </div><div class="col-md-6 item">
				<a href="/book/p20869/5640792.html" title="��488�¡�����Ҳ������" target="_blank">��488�¡�����Ҳ������</a>
			  </div><div class="col-md-6 item">
				<a href="/book/p20869/5640793.html" title="��489�¡�ΥԼ��" target="_blank">��489�¡�ΥԼ��</a>
			  </div><div class="col-md-6 item">
				<a href="/book/p20869/5640794.html" title="��490�¡����ǿ��Դ�����" target="_blank">��490�¡����ǿ��Դ�����</a>
			  </div><div class="col-md-6 item">
				<a href="/book/p20869/5640795.html" title="��491�¡��ع�" target="_blank">��491�¡��ع�</a>
			  </div><div class="col-md-6 item">
				<a href="/book/p20869/5640796.html" title="��492�¡���̣��µ���;" target="_blank">��492�¡���̣��µ���;</a>
			  </div><div class="col-md-6 item">
				<a href="/book/p20869/5640797.html" title="��493�¡�����" target="_blank">��493�¡�����</a>
			  </div><div class="col-md-6 item">
				<a href="/book/p20869/5640798.html" title="��494�¡��������" target="_blank">��494�¡��������</a>
			  </div><div class="col-md-6 item">
				<a href="/book/p20869/5640799.html" title="��495�¡�ѩ����СŮ��" target="_blank">��495�¡�ѩ����СŮ��</a>
			  </div><div class="col-md-6 item">
				<a href="/book/p20869/5640800.html" title="��496�¡�����֮��" target="_blank">��496�¡�����֮��</a>
			  </div><div class="col-md-6 item">
				<a href="/book/p20869/5640801.html" title="��497�¡���ҩ" target="_blank">��497�¡���ҩ</a>
			  </div><div class="col-md-6 item">
				<a href="/book/p20869/5640802.html" title="��498�¡��԰���������ҹ" target="_blank">��498�¡��԰���������ҹ</a>
			  </div><div class="col-md-6 item">
				<a href="/book/p20869/5640803.html" title="��499�¡������۾�" target="_blank">��499�¡������۾�</a>
			  </div><div class="col-md-6 item">
				<a href="/book/p20869/5640804.html" title="��500�¡�������·" target="_blank">��500�¡�������·</a>
			  </div><div class="col-md-6 item">
				<a href="/book/p20869/5640805.html" title="��501�¡��Լ���·���Լ�ѡ" target="_blank">��501�¡��Լ���·���Լ�ѡ</a>
			  </div><div class="col-md-6 item">
				<a href="/book/p20869/5640806.html" title="��502�¡�ѡ��" target="_blank">��502�¡�ѡ��</a>
			  </div><div class="col-md-6 item">
				<a href="/book/p20869/5640807.html" title="��503�¡��ɳ�" target="_blank">��503�¡��ɳ�</a>
			  </div><div class="col-md-6 item">
				<a href="/book/p20869/5640808.html" title="��504�¡���Σ��" target="_blank">��504�¡���Σ��</a>
			  </div><div class="col-md-6 item">
				<a href="/book/p20869/5640809.html" title="��505�¡�����" target="_blank">��505�¡�����</a>
			  </div><div class="col-md-6 item">
				<a href="/book/p20869/5640810.html" title="��506�¡������䣬������" target="_blank">��506�¡������䣬������</a>
			  </div><div class="col-md-6 item">
				<a href="/book/p20869/5640811.html" title="��507�¡���������" target="_blank">��507�¡���������</a>
			  </div><div class="col-md-6 item">
				<a href="/book/p20869/5640812.html" title="��508�¡���Ҷ��" target="_blank">��508�¡���Ҷ��</a>
			  </div><div class="col-md-6 item">
				<a href="/book/p20869/5640813.html" title="��509�¡�ʽ��" target="_blank">��509�¡�ʽ��</a>
			  </div><div class="col-md-6 item">
				<a href="/book/p20869/5640814.html" title="��510�¡�������" target="_blank">��510�¡�������</a>
			  </div><div class="col-md-6 item">
				<a href="/book/p20869/5640815.html" title="��511�¡�����֮��" target="_blank">��511�¡�����֮��</a>
			  </div><div class="col-md-6 item">
				<a href="/book/p20869/5640816.html" title="��512�¡�ͬ��������������" target="_blank">��512�¡�ͬ��������������</a>
			  </div><div class="col-md-6 item">
				<a href="/book/p20869/5640817.html" title="��513�¡�������Ը" target="_blank">��513�¡�������Ը</a>
			  </div><div class="col-md-6 item">
				<a href="/book/p20869/5640818.html" title="��514�¡�ʦĸ" target="_blank">��514�¡�ʦĸ</a>
			  </div><div class="col-md-6 item">
				<a href="/book/p20869/5640819.html" title="��515�¡����ԭ��" target="_blank">��515�¡����ԭ��</a>
			  </div><div class="col-md-6 item">
				<a href="/book/p20869/5640820.html" title="��516�¡���������" target="_blank">��516�¡���������</a>
			  </div><div class="col-md-6 item">
				<a href="/book/p20869/5640821.html" title="��517�¡���ѡ" target="_blank">��517�¡���ѡ</a>
			  </div><div class="col-md-6 item">
				<a href="/book/p20869/5640822.html" title="��518�¡�С����" target="_blank">��518�¡�С����</a>
			  </div><div class="col-md-6 item">
				<a href="/book/p20869/5640823.html" title="��519�¡�Ͷ��״" target="_blank">��519�¡�Ͷ��״</a>
			  </div><div class="col-md-6 item">
				<a href="/book/p20869/5640824.html" title="��520�¡�ATS-088ʽ�����⾵" target="_blank">��520�¡�ATS-088ʽ�����⾵</a>
			  </div><div class="col-md-6 item">
				<a href="/book/p20869/5640825.html" title="��521�¡�Zard�����������" target="_blank">��521�¡�Zard�����������</a>
			  </div><div class="col-md-6 item">
				<a href="/book/p20869/5640826.html" title="��522�¡��������λ�ʺ�" target="_blank">��522�¡��������λ�ʺ�</a>
			  </div><div class="col-md-6 item">
				<a href="/book/p20869/5640827.html" title="��523�¡�ʦ������ʿ" target="_blank">��523�¡�ʦ������ʿ</a>
			  </div><div class="col-md-6 item">
				<a href="/book/p20869/5640828.html" title="��524�¡���ѹʽ��Ĺ���" target="_blank">��524�¡���ѹʽ��Ĺ���</a>
			  </div><div class="col-md-6 item">
				<a href="/book/p20869/5640829.html" title="��525�¡�ʦ��Ҳ��ʦ��" target="_blank">��525�¡�ʦ��Ҳ��ʦ��</a>
			  </div><div class="col-md-6 item">
				<a href="/book/p20869/5640830.html" title="��526�¡�ɱ������" target="_blank">��526�¡�ɱ������</a>
			  </div><div class="col-md-6 item">
				<a href="/book/p20869/5640831.html" title="��527�¡��ٱ����������" target="_blank">��527�¡��ٱ����������</a>
			  </div><div class="col-md-6 item">
				<a href="/book/p20869/5640832.html" title="��528�¡�һ��ٺϻ�" target="_blank">��528�¡�һ��ٺϻ�</a>
			  </div><div class="col-md-6 item">
				<a href="/book/p20869/5640833.html" title="��529�¡�����������֮��" target="_blank">��529�¡�����������֮��</a>
			  </div><div class="col-md-6 item">
				<a href="/book/p20869/5640834.html" title="��530�¡������ֳ�" target="_blank">��530�¡������ֳ�</a>
			  </div><div class="col-md-6 item">
				<a href="/book/p20869/5640835.html" title="��531�¡������" target="_blank">��531�¡������</a>
			  </div><div class="col-md-6 item">
				<a href="/book/p20869/5640836.html" title="��532�¡�A02���ʱ������" target="_blank">��532�¡�A02���ʱ������</a>
			  </div><div class="col-md-6 item">
				<a href="/book/p20869/5640837.html" title="��533�¡�����" target="_blank">��533�¡�����</a>
			  </div><div class="col-md-6 item">
				<a href="/book/p20869/5640838.html" title="��534�¡�Ҽ������" target="_blank">��534�¡�Ҽ������</a>
			  </div><div class="col-md-6 item">
				<a href="/book/p20869/5640839.html" title="��535�¡���ƽʢ��" target="_blank">��535�¡���ƽʢ��</a>
			  </div><div class="col-md-6 item">
				<a href="/book/p20869/5640840.html" title="��536�¡�ѩ�߾�Ԯ" target="_blank">��536�¡�ѩ�߾�Ԯ</a>
			  </div><div class="col-md-6 item">
				<a href="/book/p20869/5640841.html" title="��537�¡�һ�����ã�" target="_blank">��537�¡�һ�����ã�</a>
			  </div><div class="col-md-6 item">
				<a href="/book/p20869/5640842.html" title="��538�¡��þò���" target="_blank">��538�¡��þò���</a>
			  </div><div class="col-md-6 item">
				<a href="/book/p20869/5640843.html" title="��539�¡�ս����" target="_blank">��539�¡�ս����</a>
			  </div><div class="col-md-6 item">
				<a href="/book/p20869/5640844.html" title="��540�¡�����" target="_blank">��540�¡�����</a>
			  </div><div class="col-md-6 item">
				<a href="/book/p20869/5640845.html" title="��541�¡�������" target="_blank">��541�¡�������</a>
			  </div><div class="col-md-6 item">
				<a href="/book/p20869/5640846.html" title="��542�¡�Ӱ�ӣ�" target="_blank">��542�¡�Ӱ�ӣ�</a>
			  </div><div class="col-md-6 item">
				<a href="/book/p20869/5640847.html" title="��543�¡���ͷ��" target="_blank">��543�¡���ͷ��</a>
			  </div><div class="col-md-6 item">
				<a href="/book/p20869/5640848.html" title="��544�¡����ļ���" target="_blank">��544�¡����ļ���</a>
			  </div><div class="col-md-6 item">
				<a href="/book/p20869/5640849.html" title="��545�¡�����֮ս" target="_blank">��545�¡�����֮ս</a>
			  </div><div class="col-md-6 item">
				<a href="/book/p20869/5640850.html" title="��546�¡�ʯ�������" target="_blank">��546�¡�ʯ�������</a>
			  </div><div class="col-md-6 item">
				<a href="/book/p20869/5640851.html" title="��547�¡�ʷʫ������" target="_blank">��547�¡�ʷʫ������</a>
			  </div><div class="col-md-6 item">
				<a href="/book/p20869/5640852.html" title="��548�¡��Դ���Ļ��ǿ��" target="_blank">��548�¡��Դ���Ļ��ǿ��</a>
			  </div><div class="col-md-6 item">
				<a href="/book/p20869/5640853.html" title="��549�¡������ǻؼ�" target="_blank">��549�¡������ǻؼ�</a>
			  </div><div class="col-md-6 item">
				<a href="/book/p20869/5640854.html" title="��550�¡���סBug" target="_blank">��550�¡���סBug</a>
			  </div><div class="col-md-6 item">
				<a href="/book/p20869/5640855.html" title="��551�¡���Ϊ����" target="_blank">��551�¡���Ϊ����</a>
			  </div><div class="col-md-6 item">
				<a href="/book/p20869/5640856.html" title="��552�¡���ѫ" target="_blank">��552�¡���ѫ</a>
			  </div><div class="col-md-6 item">
				<a href="/book/p20869/5640857.html" title="��553�¡�Ҽ������" target="_blank">��553�¡�Ҽ������</a>
			  </div><div class="col-md-6 item">
				<a href="/book/p20869/5640858.html" title="��554�¡��ӹ�" target="_blank">��554�¡��ӹ�</a>
			  </div><div class="col-md-6 item">
				<a href="/book/p20869/5640859.html" title="��555�¡��ҳ���ִ�" target="_blank">��555�¡��ҳ���ִ�</a>
			  </div><div class="col-md-6 item">
				<a href="/book/p20869/5640860.html" title="��556�¡�ƽʱ��������" target="_blank">��556�¡�ƽʱ��������</a>
			  </div><div class="col-md-6 item">
				<a href="/book/p20869/5640861.html" title="��557�¡�ս��" target="_blank">��557�¡�ս��</a>
			  </div><div class="col-md-6 item">
				<a href="/book/p20869/5640862.html" title="��558�¡���Ƶ��쳾" target="_blank">��558�¡���Ƶ��쳾</a>
			  </div><div class="col-md-6 item">
				<a href="/book/p20869/5640863.html" title="��559�¡����������" target="_blank">��559�¡����������</a>
			  </div><div class="col-md-6 item">
				<a href="/book/p20869/5640864.html" title="��560�¡���������" target="_blank">��560�¡���������</a>
			  </div><div class="col-md-6 item">
				<a href="/book/p20869/5640865.html" title="��561�¡��ھ����ı仯" target="_blank">��561�¡��ھ����ı仯</a>
			  </div><div class="col-md-6 item">
				<a href="/book/p20869/5640866.html" title="��562�¡����" target="_blank">��562�¡����</a>
			  </div><div class="col-md-6 item">
				<a href="/book/p20869/5640867.html" title="��563�¡�������ɱ¾" target="_blank">��563�¡�������ɱ¾</a>
			  </div><div class="col-md-6 item">
				<a href="/book/p20869/5640868.html" title="��564�¡��Ѳ�" target="_blank">��564�¡��Ѳ�</a>
			  </div><div class="col-md-6 item">
				<a href="/book/p20869/5640869.html" title="��565�¡����ջ���" target="_blank">��565�¡����ջ���</a>
			  </div><div class="col-md-6 item">
				<a href="/book/p20869/5640870.html" title="��566�¡�����A" target="_blank">��566�¡�����A</a>
			  </div><div class="col-md-6 item">
				<a href="/book/p20869/5640871.html" title="��567�¡���ѹʽ����ս��" target="_blank">��567�¡���ѹʽ����ս��</a>
			  </div><div class="col-md-6 item">
				<a href="/book/p20869/5640872.html" title="��568�¡�����" target="_blank">��568�¡�����</a>
			  </div><div class="col-md-6 item">
				<a href="/book/p20869/5640873.html" title="��569�¡�����A������" target="_blank">��569�¡�����A������</a>
			  </div><div class="col-md-6 item">
				<a href="/book/p20869/5640874.html" title="��570�¡�����ɭ�ٳ���" target="_blank">��570�¡�����ɭ�ٳ���</a>
			  </div><div class="col-md-6 item">
				<a href="/book/p20869/5640875.html" title="��571�¡����׳�н������" target="_blank">��571�¡����׳�н������</a>
			  </div><div class="col-md-6 item">
				<a href="/book/p20869/5640876.html" title="��572�¡�����һ��ʳ���" target="_blank">��572�¡�����һ��ʳ���</a>
			  </div><div class="col-md-6 item">
				<a href="/book/p20869/5640877.html" title="��573�¡����˴�·" target="_blank">��573�¡����˴�·</a>
			  </div><div class="col-md-6 item">
				<a href="/book/p20869/5640878.html" title="��574�¡�����" target="_blank">��574�¡�����</a>
			  </div><div class="col-md-6 item">
				<a href="/book/p20869/5640879.html" title="��575�¡�����ɽ��" target="_blank">��575�¡�����ɽ��</a>
			  </div><div class="col-md-6 item">
				<a href="/book/p20869/5640880.html" title="��576�¡�����֮��" target="_blank">��576�¡�����֮��</a>
			  </div><div class="col-md-6 item">
				<a href="/book/p20869/5640881.html" title="��577�¡�����һԾ" target="_blank">��577�¡�����һԾ</a>
			  </div><div class="col-md-6 item">
				<a href="/book/p20869/5640882.html" title="��578�¡��ع鵹��ʱ" target="_blank">��578�¡��ع鵹��ʱ</a>
			  </div><div class="col-md-6 item">
				<a href="/book/p20869/5640883.html" title="��579�¡���Чɱ��" target="_blank">��579�¡���Чɱ��</a>
			  </div><div class="col-md-6 item">
				<a href="/book/p20869/5640884.html" title="��580�¡����һ����" target="_blank">��580�¡����һ����</a>
			  </div><div class="col-md-6 item">
				<a href="/book/p20869/5640885.html" title="��581�¡���򵥵�һ��" target="_blank">��581�¡���򵥵�һ��</a>
			  </div><div class="col-md-6 item">
				<a href="/book/p20869/5640886.html" title="��582�¡�����EMPը����" target="_blank">��582�¡�����EMPը����</a>
			  </div><div class="col-md-6 item">
				<a href="/book/p20869/5640887.html" title="��583�¡�ͳ����" target="_blank">��583�¡�ͳ����</a>
			  </div><div class="col-md-6 item">
				<a href="/book/p20869/5640888.html" title="��584�¡���һ�̣�������" target="_blank">��584�¡���һ�̣�������</a>
			  </div><div class="col-md-6 item">
				<a href="/book/p20869/5640889.html" title="��585�¡�Ӱ�ӵļ�����" target="_blank">��585�¡�Ӱ�ӵļ�����</a>
			  </div><div class="col-md-6 item">
				<a href="/book/p20869/5640890.html" title="��586�¡��ع�" target="_blank">��586�¡��ع�</a>
			  </div><div class="col-md-6 item">
				<a href="/book/p20869/5640891.html" title="��587�¡���ȥ" target="_blank">��587�¡���ȥ</a>
			  </div><div class="col-md-6 item">
				<a href="/book/p20869/5640892.html" title="��588�¡���Ҳ��ʱ�����ߣ�" target="_blank">��588�¡���Ҳ��ʱ�����ߣ�</a>
			  </div><div class="col-md-6 item">
				<a href="/book/p20869/5640893.html" title="��589�¡���������" target="_blank">��589�¡���������</a>
			  </div><div class="col-md-6 item">
				<a href="/book/p20869/5640894.html" title="��590�¡�ǰ��" target="_blank">��590�¡�ǰ��</a>
			  </div><div class="col-md-6 item">
				<a href="/book/p20869/5640895.html" title="��591�¡�һ������ڵ���" target="_blank">��591�¡�һ������ڵ���</a>
			  </div><div class="col-md-6 item">
				<a href="/book/p20869/5640896.html" title="��592�¡�δ��������" target="_blank">��592�¡�δ��������</a>
			  </div><div class="col-md-6 item">
				<a href="/book/p20869/5640897.html" title="��593�¡�������ACE-004������֮��" target="_blank">��593�¡�������ACE-004������֮��</a>
			  </div><div class="col-md-6 item">
				<a href="/book/p20869/5640898.html" title="��594�¡��ܵ�˾����˾���쳾" target="_blank">��594�¡��ܵ�˾����˾���쳾</a>
			  </div><div class="col-md-6 item">
				<a href="/book/p20869/5640899.html" title="��595�¡����������г��������" target="_blank">��595�¡����������г��������</a>
			  </div><div class="col-md-6 item">
				<a href="/book/p20869/5640900.html" title="��596�¡���������" target="_blank">��596�¡���������</a>
			  </div><div class="col-md-6 item">
				<a href="/book/p20869/5640901.html" title="��597�¡��˿�����ƱԱ" target="_blank">��597�¡��˿�����ƱԱ</a>
			  </div><div class="col-md-6 item">
				<a href="/book/p20869/5640902.html" title="��598�¡���ʧ��һ������" target="_blank">��598�¡���ʧ��һ������</a>
			  </div><div class="col-md-6 item">
				<a href="/book/p20869/5640903.html" title="��599�¡�10�Ž���֮��" target="_blank">��599�¡�10�Ž���֮��</a>
			  </div><div class="col-md-6 item">
				<a href="/book/p20869/5640904.html" title="��600�¡�����������" target="_blank">��600�¡�����������</a>
			  </div><div class="col-md-6 item">
				<a href="/book/p20869/5640905.html" title="��601�¡��쳾����֮��" target="_blank">��601�¡��쳾����֮��</a>
			  </div><div class="col-md-6 item">
				<a href="/book/p20869/5640906.html" title="��602�¡��쳾����������" target="_blank">��602�¡��쳾����������</a>
			  </div><div class="col-md-6 item">
				<a href="/book/p20869/5640907.html" title="��603�¡���ǿ������" target="_blank">��603�¡���ǿ������</a>
			  </div><div class="col-md-6 item">
				<a href="/book/p20869/5640908.html" title="��604�¡�����ɱ��" target="_blank">��604�¡�����ɱ��</a>
			  </div><div class="col-md-6 item">
				<a href="/book/p20869/5640909.html" title="��605�¡����Ա��Ӱ��" target="_blank">��605�¡����Ա��Ӱ��</a>
			  </div><div class="col-md-6 item">
				<a href="/book/p20869/5640910.html" title="��606�¡����������" target="_blank">��606�¡����������</a>
			  </div><div class="col-md-6 item">
				<a href="/book/p20869/5640911.html" title="��607�¡��޶�Ƥ��" target="_blank">��607�¡��޶�Ƥ��</a>
			  </div><div class="col-md-6 item">
				<a href="/book/p20869/5640912.html" title="��608�¡��ع���С��" target="_blank">��608�¡��ع���С��</a>
			  </div><div class="col-md-6 item">
				<a href="/book/p20869/5640913.html" title="��609�¡��������" target="_blank">��609�¡��������</a>
			  </div><div class="col-md-6 item">
				<a href="/book/p20869/5640914.html" title="��610�¡�����ţ�ɣ����꣡" target="_blank">��610�¡�����ţ�ɣ����꣡</a>
			  </div><div class="col-md-6 item">
				<a href="/book/p20869/5640915.html" title="��611�¡����۷�" target="_blank">��611�¡����۷�</a>
			  </div><div class="col-md-6 item">
				<a href="/book/p20869/5640916.html" title="��612�¡���ʦ�Ĵ���" target="_blank">��612�¡���ʦ�Ĵ���</a>
			  </div><div class="col-md-6 item">
				<a href="/book/p20869/5640917.html" title="��613�¡��������������ˣ���" target="_blank">��613�¡��������������ˣ���</a>
			  </div><div class="col-md-6 item">
				<a href="/book/p20869/5640918.html" title="��614�¡��������ռ�" target="_blank">��614�¡��������ռ�</a>
			  </div><div class="col-md-6 item">
				<a href="/book/p20869/5640919.html" title="��615�¡�������" target="_blank">��615�¡�������</a>
			  </div><div class="col-md-6 item">
				<a href="/book/p20869/5640920.html" title="��616�¡�У�����쳾" target="_blank">��616�¡�У�����쳾</a>
			  </div><div class="col-md-6 item">
				<a href="/book/p20869/5640921.html" title="��617�¡�����ƻ���" target="_blank">��617�¡�����ƻ���</a>
			  </div><div class="col-md-6 item">
				<a href="/book/p20869/5640922.html" title="��618�¡����������Ӱ�е�������" target="_blank">��618�¡����������Ӱ�е�������</a>
			  </div><div class="col-md-6 item">
				<a href="/book/p20869/5640923.html" title="��619�¡�ũ��ѧԺԺ�����쳾" target="_blank">��619�¡�ũ��ѧԺԺ�����쳾</a>
			  </div><div class="col-md-6 item">
				<a href="/book/p20869/5640924.html" title="��620�¡�Ѱ���µ����д���" target="_blank">��620�¡�Ѱ���µ����д���</a>
			  </div><div class="col-md-6 item">
				<a href="/book/p20869/5640925.html" title="��621�¡�Ӱ�ӳ���" target="_blank">��621�¡�Ӱ�ӳ���</a>
			  </div><div class="col-md-6 item">
				<a href="/book/p20869/5640926.html" title="��622�¡���׭��" target="_blank">��622�¡���׭��</a>
			  </div><div class="col-md-6 item">
				<a href="/book/p20869/5640927.html" title="��623�¡���ɫ���ˣ�֣Զ��" target="_blank">��623�¡���ɫ���ˣ�֣Զ��</a>
			  </div><div class="col-md-6 item">
				<a href="/book/p20869/5640928.html" title="��624�¡�����Ľ��" target="_blank">��624�¡�����Ľ��</a>
			  </div><div class="col-md-6 item">
				<a href="/book/p20869/5640929.html" title="��625�¡�ȱʧ��һ������" target="_blank">��625�¡�ȱʧ��һ������</a>
			  </div><div class="col-md-6 item">
				<a href="/book/p20869/5640930.html" title="��626�¡�ũ��ѧԺ�ĵ�һ���Ͷ���" target="_blank">��626�¡�ũ��ѧԺ�ĵ�һ���Ͷ���</a>
			  </div><div class="col-md-6 item">
				<a href="/book/p20869/5640931.html" title="��627�¡����Թ�����֯�Ľ���" target="_blank">��627�¡����Թ�����֯�Ľ���</a>
			  </div><div class="col-md-6 item">
				<a href="/book/p20869/5640932.html" title="��628�¡����֣����֣�" target="_blank">��628�¡����֣����֣�</a>
			  </div><div class="col-md-6 item">
				<a href="/book/p20869/5640933.html" title="��629�¡�������˾" target="_blank">��629�¡�������˾</a>
			  </div><div class="col-md-6 item">
				<a href="/book/p20869/5640934.html" title="��630�¡�ũ��ѧԺ�����⸣��" target="_blank">��630�¡�ũ��ѧԺ�����⸣��</a>
			  </div><div class="col-md-6 item">
				<a href="/book/p20869/5640935.html" title="��631�¡��ῨBug��ũ��ѧԺԺ��" target="_blank">��631�¡��ῨBug��ũ��ѧԺԺ��</a>
			  </div><div class="col-md-6 item">
				<a href="/book/p20869/5640936.html" title="��632�¡��ֲ�һ�����͵��ź�" target="_blank">��632�¡��ֲ�һ�����͵��ź�</a>
			  </div><div class="col-md-6 item">
				<a href="/book/p20869/5640937.html" title="��633�¡�Զ�������ѣ�����" target="_blank">��633�¡�Զ�������ѣ�����</a>
			  </div><div class="col-md-6 item">
				<a href="/book/p20869/5640938.html" title="��634�¡���ɫ�Ĺ��" target="_blank">��634�¡���ɫ�Ĺ��</a>
			  </div><div class="col-md-6 item">
				<a href="/book/p20869/5640939.html" title="��635�¡�Ͷ��״" target="_blank">��635�¡�Ͷ��״</a>
			  </div><div class="col-md-6 item">
				<a href="/book/p20869/5640940.html" title="��636�¡�10���ֱ�" target="_blank">��636�¡�10���ֱ�</a>
			  </div><div class="col-md-6 item">
				<a href="/book/p20869/5640941.html" title="��637�¡������Ե�" target="_blank">��637�¡������Ե�</a>
			  </div><div class="col-md-6 item">
				<a href="/book/p20869/5640942.html" title="��638�¡������˲���" target="_blank">��638�¡������˲���</a>
			  </div><div class="col-md-6 item">
				<a href="/book/p20869/5640943.html" title="��639�¡�Ӱ����Ҫ��Ͷ��״" target="_blank">��639�¡�Ӱ����Ҫ��Ͷ��״</a>
			  </div><div class="col-md-6 item">
				<a href="/book/p20869/5640944.html" title="��640�¡�ǰ��" target="_blank">��640�¡�ǰ��</a>
			  </div><div class="col-md-6 item">
				<a href="/book/p20869/5640945.html" title="��641�¡�Զ��������" target="_blank">��641�¡�Զ��������</a>
			  </div><div class="col-md-6 item">
				<a href="/book/p20869/5640946.html" title="��642�¡�ʮ�����磡" target="_blank">��642�¡�ʮ�����磡</a>
			  </div><div class="col-md-6 item">
				<a href="/book/p20869/5640947.html" title="��643�¡����쳾Ϊ��" target="_blank">��643�¡����쳾Ϊ��</a>
			  </div><div class="col-md-6 item">
				<a href="/book/p20869/5640948.html" title="��644�¡���ս��" target="_blank">��644�¡���ս��</a>
			  </div><div class="col-md-6 item">
				<a href="/book/p20869/5640949.html" title="��645�¡��ٺ�����" target="_blank">��645�¡��ٺ�����</a>
			  </div><div class="col-md-6 item">
				<a href="/book/p20869/5640950.html" title="��646�¡�Ӱ�ӣ�һ���ӵ�������" target="_blank">��646�¡�Ӱ�ӣ�һ���ӵ�������</a>
			  </div><div class="col-md-6 item">
				<a href="/book/p20869/5640951.html" title="��647�¡�ս�����ڼ���" target="_blank">��647�¡�ս�����ڼ���</a>
			  </div><div class="col-md-6 item">
				<a href="/book/p20869/5640952.html" title="��648�¡��޾أ��쳾�������˼������" target="_blank">��648�¡��޾أ��쳾�������˼������</a>
			  </div><div class="col-md-6 item">
				<a href="/book/p20869/5640953.html" title="��649�¡���������" target="_blank">��649�¡���������</a>
			  </div><div class="col-md-6 item">
				<a href="/book/p20869/5640954.html" title="��650�¡��쳾�����������" target="_blank">��650�¡��쳾�����������</a>
			  </div><div class="col-md-6 item">
				<a href="/book/p20869/5640955.html" title="��651�¡������ʦ����" target="_blank">��651�¡������ʦ����</a>
			  </div><div class="col-md-6 item">
				<a href="/book/p20869/5640956.html" title="��652�¡��ܵܵ���" target="_blank">��652�¡��ܵܵ���</a>
			  </div><div class="col-md-6 item">
				<a href="/book/p20869/5640957.html" title="��653�¡��������е�˫�н�" target="_blank">��653�¡��������е�˫�н�</a>
			  </div><div class="col-md-6 item">
				<a href="/book/p20869/5640958.html" title="��654�¡�������͵Ļ�����" target="_blank">��654�¡�������͵Ļ�����</a>
			  </div><div class="col-md-6 item">
				<a href="/book/p20869/5640959.html" title="��655�¡����������ʿ֮·" target="_blank">��655�¡����������ʿ֮·</a>
			  </div><div class="col-md-6 item">
				<a href="/book/p20869/5640960.html" title="��656�¡�������" target="_blank">��656�¡�������</a>
			  </div><div class="col-md-6 item">
				<a href="/book/p20869/5640961.html" title="��657�¡���������" target="_blank">��657�¡���������</a>
			  </div><div class="col-md-6 item">
				<a href="/book/p20869/5640962.html" title="��658�¡�һ��������ʿ��ʱ��" target="_blank">��658�¡�һ��������ʿ��ʱ��</a>
			  </div><div class="col-md-6 item">
				<a href="/book/p20869/5640963.html" title="��659�¡�������ģ��ͼ���ǰ����" target="_blank">��659�¡�������ģ��ͼ���ǰ����</a>
			  </div><div class="col-md-6 item">
				<a href="/book/p20869/5640964.html" title="��660�¡��������ؾ�������" target="_blank">��660�¡��������ؾ�������</a>
			  </div><div class="col-md-6 item">
				<a href="/book/p20869/5640965.html" title="��661�¡�ũ��ѧԺ���³�Ա" target="_blank">��661�¡�ũ��ѧԺ���³�Ա</a>
			  </div><div class="col-md-6 item">
				<a href="/book/p20869/5640966.html" title="��662�¡�ս����" target="_blank">��662�¡�ս����</a>
			  </div><div class="col-md-6 item">
				<a href="/book/p20869/5640967.html" title="��663�¡����ֳ����ߵ�С����" target="_blank">��663�¡����ֳ����ߵ�С����</a>
			  </div><div class="col-md-6 item">
				<a href="/book/p20869/5640968.html" title="��664�¡��붣�˻�ϣ�" target="_blank">��664�¡��붣�˻�ϣ�</a>
			  </div><div class="col-md-6 item">
				<a href="/book/p20869/5640969.html" title="��665�¡�������ʿ�����ˣ�" target="_blank">��665�¡�������ʿ�����ˣ�</a>
			  </div><div class="col-md-6 item">
				<a href="/book/p20869/5640970.html" title="��666�¡���ս֮��" target="_blank">��666�¡���ս֮��</a>
			  </div><div class="col-md-6 item">
				<a href="/book/p20869/5640971.html" title="��667�¡�002�Ž���֮�ص��ϼһ���" target="_blank">��667�¡�002�Ž���֮�ص��ϼһ���</a>
			  </div><div class="col-md-6 item">
				<a href="/book/p20869/5640972.html" title="��668�¡�������֮Լ" target="_blank">��668�¡�������֮Լ</a>
			  </div><div class="col-md-6 item">
				<a href="/book/p20869/5640973.html" title="��669�¡�Ѫ��ѹ��" target="_blank">��669�¡�Ѫ��ѹ��</a>
			  </div><div class="col-md-6 item">
				<a href="/book/p20869/5640974.html" title="��670�¡������˸�" target="_blank">��670�¡������˸�</a>
			  </div><div class="col-md-6 item">
				<a href="/book/p20869/5640975.html" title="��671�¡������ٻ�" target="_blank">��671�¡������ٻ�</a>
			  </div><div class="col-md-6 item">
				<a href="/book/p20869/5640976.html" title="��672�¡���Ҫ������Ҫ��" target="_blank">��672�¡���Ҫ������Ҫ��</a>
			  </div><div class="col-md-6 item">
				<a href="/book/p20869/5640977.html" title="��673�¡�����֮��" target="_blank">��673�¡�����֮��</a>
			  </div><div class="col-md-6 item">
				<a href="/book/p20869/5640978.html" title="��674�¡�СԺ��" target="_blank">��674�¡�СԺ��</a>
			  </div><div class="col-md-6 item">
				<a href="/book/p20869/5640979.html" title="��675�¡��ӹ�ָ��Ȩ" target="_blank">��675�¡��ӹ�ָ��Ȩ</a>
			  </div><div class="col-md-6 item">
				<a href="/book/p20869/5640980.html" title="��676�¡���Ϩ��ĳ���" target="_blank">��676�¡���Ϩ��ĳ���</a>
			  </div><div class="col-md-6 item">
				<a href="/book/p20869/5640981.html" title="��677�¡�������" target="_blank">��677�¡�������</a>
			  </div><div class="col-md-6 item">
				<a href="/book/p20869/5640982.html" title="��678�¡��������ıܷ��" target="_blank">��678�¡��������ıܷ��</a>
			  </div><div class="col-md-6 item">
				<a href="/book/p20869/5640983.html" title="��679�¡���������" target="_blank">��679�¡���������</a>
			  </div><div class="col-md-6 item">
				<a href="/book/p20869/5640984.html" title="��680�¡�ɱ��ȥ��" target="_blank">��680�¡�ɱ��ȥ��</a>
			  </div><div class="col-md-6 item">
				<a href="/book/p20869/5640985.html" title="��681�¡����ѳ�ʼ" target="_blank">��681�¡����ѳ�ʼ</a>
			  </div><div class="col-md-6 item">
				<a href="/book/p20869/5640986.html" title="��682�¡�������ǰ������" target="_blank">��682�¡�������ǰ������</a>
			  </div><div class="col-md-6 item">
				<a href="/book/p20869/5640987.html" title="��683�¡�������" target="_blank">��683�¡�������</a>
			  </div><div class="col-md-6 item">
				<a href="/book/p20869/5640988.html" title="��684�¡�ʱ���Ҵ���" target="_blank">��684�¡�ʱ���Ҵ���</a>
			  </div><div class="col-md-6 item">
				<a href="/book/p20869/5640989.html" title="��685�¡����أ�һ�����ˣ�" target="_blank">��685�¡����أ�һ�����ˣ�</a>
			  </div><div class="col-md-6 item">
				<a href="/book/p20869/5640990.html" title="��686�¡�����Ҫ������" target="_blank">��686�¡�����Ҫ������</a>
			  </div><div class="col-md-6 item">
				<a href="/book/p20869/5640991.html" title="��687�¡��ܵ�˾��Ͷ��״��" target="_blank">��687�¡��ܵ�˾��Ͷ��״��</a>
			  </div><div class="col-md-6 item">
				<a href="/book/p20869/5640992.html" title="��688�¡���������" target="_blank">��688�¡���������</a>
			  </div><div class="col-md-6 item">
				<a href="/book/p20869/5640993.html" title="��689�¡��ջص�ȭͷ" target="_blank">��689�¡��ջص�ȭͷ</a>
			  </div><div class="col-md-6 item">
				<a href="/book/p20869/5640994.html" title="��690�¡�����֮�µ�����" target="_blank">��690�¡�����֮�µ�����</a>
			  </div><div class="col-md-6 item">
				<a href="/book/p20869/5640995.html" title="��691�¡��һ�����" target="_blank">��691�¡��һ�����</a>
			  </div><div class="col-md-6 item">
				<a href="/book/p20869/5640996.html" title="��692�¡�Ӧ�����ɿ���" target="_blank">��692�¡�Ӧ�����ɿ���</a>
			  </div><div class="col-md-6 item">
				<a href="/book/p20869/5640997.html" title="��693�¡�����һս" target="_blank">��693�¡�����һս</a>
			  </div><div class="col-md-6 item">
				<a href="/book/p20869/5640998.html" title="��694�¡�����" target="_blank">��694�¡�����</a>
			  </div><div class="col-md-6 item">
				<a href="/book/p20869/5640999.html" title="��695�¡��ֽ�����" target="_blank">��695�¡��ֽ�����</a>
			  </div><div class="col-md-6 item">
				<a href="/book/p20869/5641000.html" title="��696�¡�������ACE-039��������" target="_blank">��696�¡�������ACE-039��������</a>
			  </div><div class="col-md-6 item">
				<a href="/book/p20869/5641001.html" title="��697�¡�������ACE-022���Ϻ�" target="_blank">��697�¡�������ACE-022���Ϻ�</a>
			  </div><div class="col-md-6 item">
				<a href="/book/p20869/5641002.html" title="��698�¡�����ɽ�ϵ�����������" target="_blank">��698�¡�����ɽ�ϵ�����������</a>
			  </div><div class="col-md-6 item">
				<a href="/book/p20869/5641003.html" title="��699�¡�Ϊ������" target="_blank">��699�¡�Ϊ������</a>
			  </div><div class="col-md-6 item">
				<a href="/book/p20869/5641004.html" title="��700�¡�������" target="_blank">��700�¡�������</a>
			  </div><div class="col-md-6 item">
				<a href="/book/p20869/5641005.html" title="��701�¡�������Ԫ������Ӯ��������" target="_blank">��701�¡�������Ԫ������Ӯ��������</a>
			  </div><div class="col-md-6 item">
				<a href="/book/p20869/5641006.html" title="��702�¡�ѹ����ʿ��֯������" target="_blank">��702�¡�ѹ����ʿ��֯������</a>
			  </div><div class="col-md-6 item">
				<a href="/book/p20869/5641007.html" title="��703�¡���δӮ�����ˣ�Ӯ��һ��" target="_blank">��703�¡���δӮ�����ˣ�Ӯ��һ��</a>
			  </div><div class="col-md-6 item">
				<a href="/book/p20869/5641008.html" title="��704�¡���ʿ���Ų" target="_blank">��704�¡���ʿ���Ų</a>
			  </div><div class="col-md-6 item">
				<a href="/book/p20869/5641009.html" title="��705�¡���Կ֮�ţ�" target="_blank">��705�¡���Կ֮�ţ�</a>
			  </div><div class="col-md-6 item">
				<a href="/book/p20869/5641010.html" title="��706�¡���ؼ���һ��������֮Ѫ��" target="_blank">��706�¡���ؼ���һ��������֮Ѫ��</a>
			  </div><div class="col-md-6 item">
				<a href="/book/p20869/5641011.html" title="��707�¡����ˣ�S�����������˼䣡" target="_blank">��707�¡����ˣ�S�����������˼䣡</a>
			  </div><div class="col-md-6 item">
				<a href="/book/p20869/5641012.html" title="��708�¡�ħ����" target="_blank">��708�¡�ħ����</a>
			  </div><div class="col-md-6 item">
				<a href="/book/p20869/5641013.html" title="��709�¡�ѭ��" target="_blank">��709�¡�ѭ��</a>
			  </div><div class="col-md-6 item">
				<a href="/book/p20869/5641014.html" title="��710�¡��������޹ص�������ǹ��" target="_blank">��710�¡��������޹ص�������ǹ��</a>
			  </div><div class="col-md-6 item">
				<a href="/book/p20869/5641015.html" title="��711�¡��ֵܸ���������" target="_blank">��711�¡��ֵܸ���������</a>
			  </div><div class="col-md-6 item">
				<a href="/book/p20869/5641016.html" title="��712�¡�������Ԫ�ף����" target="_blank">��712�¡�������Ԫ�ף����</a>
			  </div><div class="col-md-6 item">
				<a href="/book/p20869/5641017.html" title="��713�¡����ҿ�һ�������磡" target="_blank">��713�¡����ҿ�һ�������磡</a>
			  </div><div class="col-md-6 item">
				<a href="/book/p20869/5641018.html" title="��714�¡�վ�������" target="_blank">��714�¡�վ�������</a>
			  </div><div class="col-md-6 item">
				<a href="/book/p20869/5641019.html" title="��715�¡������ƹ�µ�����" target="_blank">��715�¡������ƹ�µ�����</a>
			  </div><div class="col-md-6 item">
				<a href="/book/p20869/5641020.html" title="��716�¡���ҳ���" target="_blank">��716�¡���ҳ���</a>
			  </div><div class="col-md-6 item">
				<a href="/book/p20869/5641021.html" title="��717�¡������ѹ������" target="_blank">��717�¡������ѹ������</a>
			  </div><div class="col-md-6 item">
				<a href="/book/p20869/5641022.html" title="��718�¡�û�£�������" target="_blank">��718�¡�û�£�������</a>
			  </div><div class="col-md-6 item">
				<a href="/book/p20869/5641023.html" title="��719�¡��쳾������" target="_blank">��719�¡��쳾������</a>
			  </div><div class="col-md-6 item">
				<a href="/book/p20869/5641024.html" title="��720�¡�����" target="_blank">��720�¡�����</a>
			  </div><div class="col-md-6 item">
				<a href="/book/p20869/5641025.html" title="��721�¡�������Ļ����ж�" target="_blank">��721�¡�������Ļ����ж�</a>
			  </div><div class="col-md-6 item">
				<a href="/book/p20869/5641026.html" title="��722�¡�ʦ�����¼��£�" target="_blank">��722�¡�ʦ�����¼��£�</a>
			  </div><div class="col-md-6 item">
				<a href="/book/p20869/5641027.html" title="��723�¡�008�Ž���֮�أ��µĹ���" target="_blank">��723�¡�008�Ž���֮�أ��µĹ���</a>
			  </div><div class="col-md-6 item">
				<a href="/book/p20869/5641028.html" title="��724�¡��������ƣ�" target="_blank">��724�¡��������ƣ�</a>
			  </div><div class="col-md-6 item">
				<a href="/book/p20869/5641029.html" title="��725�¡�Ӱ��ɱ��" target="_blank">��725�¡�Ӱ��ɱ��</a>
			  </div><div class="col-md-6 item">
				<a href="/book/p20869/5641030.html" title="��726�¡���������" target="_blank">��726�¡���������</a>
			  </div><div class="col-md-6 item">
				<a href="/book/p20869/5641031.html" title="��727�¡�����֮��������֮��" target="_blank">��727�¡�����֮��������֮��</a>
			  </div><div class="col-md-6 item">
				<a href="/book/p20869/5641032.html" title="��728�¡��������ģ�" target="_blank">��728�¡��������ģ�</a>
			  </div><div class="col-md-6 item">
				<a href="/book/p20869/5641033.html" title="��729�¡���������֮��" target="_blank">��729�¡���������֮��</a>
			  </div><div class="col-md-6 item">
				<a href="/book/p20869/5641034.html" title="��730�¡�������֮�ص�Bug" target="_blank">��730�¡�������֮�ص�Bug</a>
			  </div><div class="col-md-6 item">
				<a href="/book/p20869/5641035.html" title="��731�¡����������·" target="_blank">��731�¡����������·</a>
			  </div><div class="col-md-6 item">
				<a href="/book/p20869/5641036.html" title="��732�¡������쳾��" target="_blank">��732�¡������쳾��</a>
			  </div><div class="col-md-6 item">
				<a href="/book/p20869/5641037.html" title="��733�¡�Ӧ�е�����" target="_blank">��733�¡�Ӧ�е�����</a>
			  </div><div class="col-md-6 item">
				<a href="/book/p20869/5641038.html" title="��734�¡�������̽" target="_blank">��734�¡�������̽</a>
			  </div><div class="col-md-6 item">
				<a href="/book/p20869/5641039.html" title="��735�¡����С�����Ұ���Ū��" target="_blank">��735�¡����С�����Ұ���Ū��</a>
			  </div><div class="col-md-6 item">
				<a href="/book/p20869/5641040.html" title="��736�¡�������ս�����޻��ң�" target="_blank">��736�¡�������ս�����޻��ң�</a>
			  </div><div class="col-md-6 item">
				<a href="/book/p20869/5641041.html" title="��737�¡���ѹ�뱻��ѹ" target="_blank">��737�¡���ѹ�뱻��ѹ</a>
			  </div><div class="col-md-6 item">
				<a href="/book/p20869/5641042.html" title="��738�¡������˵�Ȼ��ȫ��Ҫ��" target="_blank">��738�¡������˵�Ȼ��ȫ��Ҫ��</a>
			  </div><div class="col-md-6 item">
				<a href="/book/p20869/5641043.html" title="��739�¡�ŦԼ���µĽ���֮�أ�" target="_blank">��739�¡�ŦԼ���µĽ���֮�أ�</a>
			  </div><div class="col-md-6 item">
				<a href="/book/p20869/5641044.html" title="��740�¡�ս��Ʒ" target="_blank">��740�¡�ս��Ʒ</a>
			  </div><div class="col-md-6 item">
				<a href="/book/p20869/5641045.html" title="��741�¡������" target="_blank">��741�¡������</a>
			  </div><div class="col-md-6 item">
				<a href="/book/p20869/5641046.html" title="��742�¡�������ɱ�֣�" target="_blank">��742�¡�������ɱ�֣�</a>
			  </div><div class="col-md-6 item">
				<a href="/book/p20869/5641047.html" title="��743�¡�����ħ�������أ�" target="_blank">��743�¡�����ħ�������أ�</a>
			  </div><div class="col-md-6 item">
				<a href="/book/p20869/5641048.html" title="��744�¡����صĵ粨" target="_blank">��744�¡����صĵ粨</a>
			  </div><div class="col-md-6 item">
				<a href="/book/p20869/5641049.html" title="��745�¡�����ƽ������" target="_blank">��745�¡�����ƽ������</a>
			  </div><div class="col-md-6 item">
				<a href="/book/p20869/5641050.html" title="��746�¡��������ǿ���Ϊ����Ϊ" target="_blank">��746�¡��������ǿ���Ϊ����Ϊ</a>
			  </div><div class="col-md-6 item">
				<a href="/book/p20869/5641051.html" title="��747�¡��������ߣ������Լ�ǿ" target="_blank">��747�¡��������ߣ������Լ�ǿ</a>
			  </div><div class="col-md-6 item">
				<a href="/book/p20869/5641052.html" title="��748�¡�������T-3019" target="_blank">��748�¡�������T-3019</a>
			  </div><div class="col-md-6 item">
				<a href="/book/p20869/5641053.html" title="��749�¡�����һ��������" target="_blank">��749�¡�����һ��������</a>
			  </div><div class="col-md-6 item">
				<a href="/book/p20869/5641054.html" title="��750�¡������ܻ�������ʧ�ķ�����" target="_blank">��750�¡������ܻ�������ʧ�ķ�����</a>
			  </div><div class="col-md-6 item">
				<a href="/book/p20869/5641055.html" title="��751�¡��������ѣ���������ħ��" target="_blank">��751�¡��������ѣ���������ħ��</a>
			  </div><div class="col-md-6 item">
				<a href="/book/p20869/5641056.html" title="��752�¡�����ͬ��ʲô���µģ�����û�ü�����" target="_blank">��752�¡�����ͬ��ʲô���µģ�����û�ü�����</a>
			  </div><div class="col-md-6 item">
				<a href="/book/p20869/5641057.html" title="��753�¡���������" target="_blank">��753�¡���������</a>
			  </div><div class="col-md-6 item">
				<a href="/book/p20869/5641058.html" title="��754�¡�ҹϮ" target="_blank">��754�¡�ҹϮ</a>
			  </div><div class="col-md-6 item">
				<a href="/book/p20869/5641059.html" title="��755�¡����߲�����������ϣ�" target="_blank">��755�¡����߲�����������ϣ�</a>
			  </div><div class="col-md-6 item">
				<a href="/book/p20869/5641060.html" title="��756�¡�Ӱ�Ӳ��ӣ����ʵĵ���" target="_blank">��756�¡�Ӱ�Ӳ��ӣ����ʵĵ���</a>
			  </div><div class="col-md-6 item">
				<a href="/book/p20869/5641061.html" title="��757�¡�ʱ�䵽���Ӳ��׹�䣡" target="_blank">��757�¡�ʱ�䵽���Ӳ��׹�䣡</a>
			  </div><div class="col-md-6 item">
				<a href="/book/p20869/5641062.html" title="��758�¡��ҳ���ļ�Чָ�꣬ץ�����" target="_blank">��758�¡��ҳ���ļ�Чָ�꣬ץ�����</a>
			  </div><div class="col-md-6 item">
				<a href="/book/p20869/5641063.html" title="��759�¡����˹�������ݲ���" target="_blank">��759�¡����˹�������ݲ���</a>
			  </div><div class="col-md-6 item">
				<a href="/book/p20869/5641064.html" title="��760�¡�û���鱨���Ǿ������鱨" target="_blank">��760�¡�û���鱨���Ǿ������鱨</a>
			  </div><div class="col-md-6 item">
				<a href="/book/p20869/5641065.html" title="��761�¡�����һԾ" target="_blank">��761�¡�����һԾ</a>
			  </div><div class="col-md-6 item">
				<a href="/book/p20869/5641066.html" title="��762�¡���׼Ϊ�ܵ�׼��������" target="_blank">��762�¡���׼Ϊ�ܵ�׼��������</a>
			  </div><div class="col-md-6 item">
				<a href="/book/p20869/5641067.html" title="��763�¡���ɵĵ�����Ц" target="_blank">��763�¡���ɵĵ�����Ц</a>
			  </div><div class="col-md-6 item">
				<a href="/book/p20869/5641068.html" title="��764�¡�Ҽ���þò���" target="_blank">��764�¡�Ҽ���þò���</a>
			  </div><div class="col-md-6 item">
				<a href="/book/p20869/5641069.html" title="��765�¡�СҼ������" target="_blank">��765�¡�СҼ������</a>
			  </div><div class="col-md-6 item">
				<a href="/book/p20869/5641070.html" title="��766�¡����׽���ʱ" target="_blank">��766�¡����׽���ʱ</a>
			  </div><div class="col-md-6 item">
				<a href="/book/p20869/5641071.html" title="��767�¡�Ұ�ļ����쳾" target="_blank">��767�¡�Ұ�ļ����쳾</a>
			  </div><div class="col-md-6 item">
				<a href="/book/p20869/5641072.html" title="��768�¡����޳�" target="_blank">��768�¡����޳�</a>
			  </div><div class="col-md-6 item">
				<a href="/book/p20869/5641073.html" title="��769�¡�ͬ�ӵ�����" target="_blank">��769�¡�ͬ�ӵ�����</a>
			  </div><div class="col-md-6 item">
				<a href="/book/p20869/5641074.html" title="��770�¡���������" target="_blank">��770�¡���������</a>
			  </div><div class="col-md-6 item">
				<a href="/book/p20869/5641075.html" title="��771�¡�����ʦ��" target="_blank">��771�¡�����ʦ��</a>
			  </div><div class="col-md-6 item">
				<a href="/book/p20869/5641076.html" title="��772�¡����˰���Ŀ�" target="_blank">��772�¡����˰���Ŀ�</a>
			  </div><div class="col-md-6 item">
				<a href="/book/p20869/5641077.html" title="��773�¡����峤��Zard" target="_blank">��773�¡����峤��Zard</a>
			  </div><div class="col-md-6 item">
				<a href="/book/p20869/5641078.html" title="��774�¡������еģ���ҲҪ��" target="_blank">��774�¡������еģ���ҲҪ��</a>
			  </div><div class="col-md-6 item">
				<a href="/book/p20869/5641079.html" title="��775�¡�̫�Ӽ��" target="_blank">��775�¡�̫�Ӽ��</a>
			  </div><div class="col-md-6 item">
				<a href="/book/p20869/5641080.html" title="��776�¡�Χ�������ɣ�" target="_blank">��776�¡�Χ�������ɣ�</a>
			  </div><div class="col-md-6 item">
				<a href="/book/p20869/5641081.html" title="��777�¡����쳾ף��" target="_blank">��777�¡����쳾ף��</a>
			  </div><div class="col-md-6 item">
				<a href="/book/p20869/5641082.html" title="��778�¡����ϼ������׺�" target="_blank">��778�¡����ϼ������׺�</a>
			  </div><div class="col-md-6 item">
				<a href="/book/p20869/5641083.html" title="��779�¡�����ɽ�ϵ�����" target="_blank">��779�¡�����ɽ�ϵ�����</a>
			  </div><div class="col-md-6 item">
				<a href="/book/p20869/5641084.html" title="��780�¡���������Ķ�ͦ��" target="_blank">��780�¡���������Ķ�ͦ��</a>
			  </div><div class="col-md-6 item">
				<a href="/book/p20869/5641085.html" title="��781�¡���Ҫ���飬�����" target="_blank">��781�¡���Ҫ���飬�����</a>
			  </div><div class="col-md-6 item">
				<a href="/book/p20869/5641086.html" title="��782�¡�������������ִ�" target="_blank">��782�¡�������������ִ�</a>
			  </div><div class="col-md-6 item">
				<a href="/book/p20869/5641087.html" title="��783�¡�ԭ����û����" target="_blank">��783�¡�ԭ����û����</a>
			  </div><div class="col-md-6 item">
				<a href="/book/p20869/5641088.html" title="��784�¡��쳾��������" target="_blank">��784�¡��쳾��������</a>
			  </div><div class="col-md-6 item">
				<a href="/book/p20869/5641089.html" title="��785�¡����֮��" target="_blank">��785�¡����֮��</a>
			  </div><div class="col-md-6 item">
				<a href="/book/p20869/5641090.html" title="��786�¡���˭���˲��Ժ���" target="_blank">��786�¡���˭���˲��Ժ���</a>
			  </div><div class="col-md-6 item">
				<a href="/book/p20869/5641091.html" title="��787�¡�С���ĳ𣬱���" target="_blank">��787�¡�С���ĳ𣬱���</a>
			  </div><div class="col-md-6 item">
				<a href="/book/p20869/5641092.html" title="��788�¡�Ǳ�룡" target="_blank">��788�¡�Ǳ�룡</a>
			  </div><div class="col-md-6 item">
				<a href="/book/p20869/5641093.html" title="��789�¡�����Ǳ��" target="_blank">��789�¡�����Ǳ��</a>
			  </div><div class="col-md-6 item">
				<a href="/book/p20869/5641094.html" title="��790�¡�������С��" target="_blank">��790�¡�������С��</a>
			  </div><div class="col-md-6 item">
				<a href="/book/p20869/5641095.html" title="��791�¡��������确������" target="_blank">��791�¡��������确������</a>
			  </div><div class="col-md-6 item">
				<a href="/book/p20869/5641096.html" title="��792�¡�����������������" target="_blank">��792�¡�����������������</a>
			  </div><div class="col-md-6 item">
				<a href="/book/p20869/5641097.html" title="��793�¡��ͻ������" target="_blank">��793�¡��ͻ������</a>
			  </div><div class="col-md-6 item">
				<a href="/book/p20869/5641098.html" title="��794�¡�����֮��" target="_blank">��794�¡�����֮��</a>
			  </div><div class="col-md-6 item">
				<a href="/book/p20869/5641099.html" title="��795�¡��ܸ�����׳��������" target="_blank">��795�¡��ܸ�����׳��������</a>
			  </div><div class="col-md-6 item">
				<a href="/book/p20869/5641100.html" title="��796�¡���������ɱ��������·" target="_blank">��796�¡���������ɱ��������·</a>
			  </div><div class="col-md-6 item">
				<a href="/book/p20869/5641101.html" title="��797�¡�����˽���AI" target="_blank">��797�¡�����˽���AI</a>
			  </div><div class="col-md-6 item">
				<a href="/book/p20869/5641102.html" title="��798�¡�136�Ŷ�Ԫ����" target="_blank">��798�¡�136�Ŷ�Ԫ����</a>
			  </div><div class="col-md-6 item">
				<a href="/book/p20869/5641103.html" title="��799�¡��ı䳬������ĸ�֣�" target="_blank">��799�¡��ı䳬������ĸ�֣�</a>
			  </div><div class="col-md-6 item">
				<a href="/book/p20869/5641104.html" title="��800�¡�Ҽ���ػ�" target="_blank">��800�¡�Ҽ���ػ�</a>
			  </div><div class="col-md-6 item">
				<a href="/book/p20869/5641105.html" title="��801�¡���Ȼ�е����뺦��" target="_blank">��801�¡���Ȼ�е����뺦��</a>
			  </div><div class="col-md-6 item">
				<a href="/book/p20869/5641106.html" title="��802�¡����Ѳ飡" target="_blank">��802�¡����Ѳ飡</a>
			  </div><div class="col-md-6 item">
				<a href="/book/p20869/5641107.html" title="��803�¡�����ɱ��©��֮��" target="_blank">��803�¡�����ɱ��©��֮��</a>
			  </div><div class="col-md-6 item">
				<a href="/book/p20869/5641108.html" title="��804�¡���Ҳ̫��̬�˰ɣ�" target="_blank">��804�¡���Ҳ̫��̬�˰ɣ�</a>
			  </div><div class="col-md-6 item">
				<a href="/book/p20869/5641109.html" title="��805�¡���AI�ĶԻ�" target="_blank">��805�¡���AI�ĶԻ�</a>
			  </div><div class="col-md-6 item">
				<a href="/book/p20869/5641110.html" title="��806�¡��ձ�����" target="_blank">��806�¡��ձ�����</a>
			  </div><div class="col-md-6 item">
				<a href="/book/p20869/5641111.html" title="��807�¡���ʿ��ѡ����" target="_blank">��807�¡���ʿ��ѡ����</a>
			  </div><div class="col-md-6 item">
				<a href="/book/p20869/5641112.html" title="��808�¡���ʿ��֯���»�����" target="_blank">��808�¡���ʿ��֯���»�����</a>
			  </div><div class="col-md-6 item">
				<a href="/book/p20869/5641113.html" title="��809�¡�С������ʹ���" target="_blank">��809�¡�С������ʹ���</a>
			  </div><div class="col-md-6 item">
				<a href="/book/p20869/5641114.html" title="��810�¡����𣡰�����ȫ���Ƴɽ�ʬ��" target="_blank">��810�¡����𣡰�����ȫ���Ƴɽ�ʬ��</a>
			  </div><div class="col-md-6 item">
				<a href="/book/p20869/5641115.html" title="��811�¡�����İ���" target="_blank">��811�¡�����İ���</a>
			  </div><div class="col-md-6 item">
				<a href="/book/p20869/5641116.html" title="��812�¡���ħ������" target="_blank">��812�¡���ħ������</a>
			  </div><div class="col-md-6 item">
				<a href="/book/p20869/5641117.html" title="��813�¡�����֮��" target="_blank">��813�¡�����֮��</a>
			  </div><div class="col-md-6 item">
				<a href="/book/p20869/5641118.html" title="��814�¡����ҵĺ�ˮ�ǣ���ʱը��������" target="_blank">��814�¡����ҵĺ�ˮ�ǣ���ʱը��������</a>
			  </div><div class="col-md-6 item">
				<a href="/book/p20869/5641119.html" title="��815�¡�����" target="_blank">��815�¡�����</a>
			  </div><div class="col-md-6 item">
				<a href="/book/p20869/5641120.html" title="��816�¡�8�Ŷ�Ԫ���磬������ƴ�����" target="_blank">��816�¡�8�Ŷ�Ԫ���磬������ƴ�����</a>
			  </div><div class="col-md-6 item">
				<a href="/book/p20869/5641121.html" title="��817�¡�����ħ���쳾��" target="_blank">��817�¡�����ħ���쳾��</a>
			  </div><div class="col-md-6 item">
				<a href="/book/p20869/5641122.html" title="��818�¡����������½������" target="_blank">��818�¡����������½������</a>
			  </div><div class="col-md-6 item">
				<a href="/book/p20869/5641123.html" title="��819�¡���ɱ" target="_blank">��819�¡���ɱ</a>
			  </div><div class="col-md-6 item">
				<a href="/book/p20869/5641124.html" title="��820�¡�����ս����" target="_blank">��820�¡�����ս����</a>
			  </div><div class="col-md-6 item">
				<a href="/book/p20869/5641125.html" title="��821�¡�����������ϧ�Ķ�ħ" target="_blank">��821�¡�����������ϧ�Ķ�ħ</a>
			  </div><div class="col-md-6 item">
				<a href="/book/p20869/5641126.html" title="��822�¡������ӷ�" target="_blank">��822�¡������ӷ�</a>
			  </div><div class="col-md-6 item">
				<a href="/book/p20869/5641127.html" title="��823�¡�������" target="_blank">��823�¡�������</a>
			  </div><div class="col-md-6 item">
				<a href="/book/p20869/5641128.html" title="��824�¡�����������ս����" target="_blank">��824�¡�����������ս����</a>
			  </div><div class="col-md-6 item">
				<a href="/book/p20869/5641129.html" title="��825�¡��������乬���쳾" target="_blank">��825�¡��������乬���쳾</a>
			  </div><div class="col-md-6 item">
				<a href="/book/p20869/5641130.html" title="��826�¡�����ִ��" target="_blank">��826�¡�����ִ��</a>
			  </div><div class="col-md-6 item">
				<a href="/book/p20869/5641131.html" title="��827�¡���׷ɱ��" target="_blank">��827�¡���׷ɱ��</a>
			  </div><div class="col-md-6 item">
				<a href="/book/p20869/5641132.html" title="��828�¡��쳾����������Bug��" target="_blank">��828�¡��쳾����������Bug��</a>
			  </div><div class="col-md-6 item">
				<a href="/book/p20869/5641133.html" title="��829�¡����ż����쳾" target="_blank">��829�¡����ż����쳾</a>
			  </div><div class="col-md-6 item">
				<a href="/book/p20869/5641134.html" title="��830�¡�Ҽ��������" target="_blank">��830�¡�Ҽ��������</a>
			  </div><div class="col-md-6 item">
				<a href="/book/p20869/5641135.html" title="��831�¡�ʦ�ã���С�ţ�" target="_blank">��831�¡�ʦ�ã���С�ţ�</a>
			  </div><div class="col-md-6 item">
				<a href="/book/p20869/5641136.html" title="��832�¡�������Boss���쳾" target="_blank">��832�¡�������Boss���쳾</a>
			  </div><div class="col-md-6 item">
				<a href="/book/p20869/5641137.html" title="��833�¡��ؼ�" target="_blank">��833�¡��ؼ�</a>
			  </div><div class="col-md-6 item">
				<a href="/book/p20869/5641138.html" title="��834�¡��籩�ǵĴ��Ѳ飡" target="_blank">��834�¡��籩�ǵĴ��Ѳ飡</a>
			  </div><div class="col-md-6 item">
				<a href="/book/p20869/5641139.html" title="��835�¡��������쳾��˫Ӯ" target="_blank">��835�¡��������쳾��˫Ӯ</a>
			  </div><div class="col-md-6 item">
				<a href="/book/p20869/5641140.html" title="��836�¡���ʤ�֣����ط�ɱ��" target="_blank">��836�¡���ʤ�֣����ط�ɱ��</a>
			  </div><div class="col-md-6 item">
				<a href="/book/p20869/5641141.html" title="��837�¡�S���ռ����У����У�" target="_blank">��837�¡�S���ռ����У����У�</a>
			  </div><div class="col-md-6 item">
				<a href="/book/p20869/5641142.html" title="��838�¡�����" target="_blank">��838�¡�����</a>
			  </div><div class="col-md-6 item">
				<a href="/book/p20869/5641143.html" title="��839�¡�������" target="_blank">��839�¡�������</a>
			  </div><div class="col-md-6 item">
				<a href="/book/p20869/5641144.html" title="��840�¡��������쳾����ͳ�������Ը��" target="_blank">��840�¡��������쳾����ͳ�������Ը��</a>
			  </div><div class="col-md-6 item">
				<a href="/book/p20869/5641145.html" title="��841�¡����������ʸ�����������" target="_blank">��841�¡����������ʸ�����������</a>
			  </div><div class="col-md-6 item">
				<a href="/book/p20869/5641146.html" title="��842�¡�а�������" target="_blank">��842�¡�а�������</a>
			  </div><div class="col-md-6 item">
				<a href="/book/p20869/5641147.html" title="��843�¡��쳾�ķ�˿�����" target="_blank">��843�¡��쳾�ķ�˿�����</a>
			  </div><div class="col-md-6 item">
				<a href="/book/p20869/5641148.html" title="��844�¡�ǰ�ڻ��ص��¹ܼ�" target="_blank">��844�¡�ǰ�ڻ��ص��¹ܼ�</a>
			  </div><div class="col-md-6 item">
				<a href="/book/p20869/5641149.html" title="��845�¡��쳾��̰��" target="_blank">��845�¡��쳾��̰��</a>
			  </div><div class="col-md-6 item">
				<a href="/book/p20869/5641150.html" title="��846�¡�ǰ�ڻ��ؾ���" target="_blank">��846�¡�ǰ�ڻ��ؾ���</a>
			  </div><div class="col-md-6 item">
				<a href="/book/p20869/5641151.html" title="��847�¡�������Ϯ��" target="_blank">��847�¡�������Ϯ��</a>
			  </div><div class="col-md-6 item">
				<a href="/book/p20869/5641152.html" title="��848�¡�ʬ�������ǳ��ȶ�" target="_blank">��848�¡�ʬ�������ǳ��ȶ�</a>
			  </div><div class="col-md-6 item">
				<a href="/book/p20869/5641153.html" title="��849�¡����ٺ������" target="_blank">��849�¡����ٺ������</a>
			  </div><div class="col-md-6 item">
				<a href="/book/p20869/5641154.html" title="��850�¡�Ϸ��ʦ���幫��" target="_blank">��850�¡�Ϸ��ʦ���幫��</a>
			  </div><div class="col-md-6 item">
				<a href="/book/p20869/5641155.html" title="��851�¡��쳾������Ƭ��" target="_blank">��851�¡��쳾������Ƭ��</a>
			  </div><div class="col-md-6 item">
				<a href="/book/p20869/5641156.html" title="��852�¡��������ط�" target="_blank">��852�¡��������ط�</a>
			  </div><div class="col-md-6 item">
				<a href="/book/p20869/5641157.html" title="��853�¡���λ��˹��Ӱ��" target="_blank">��853�¡���λ��˹��Ӱ��</a>
			  </div><div class="col-md-6 item">
				<a href="/book/p20869/5641158.html" title="��854�¡�����֮ɭ���µĹ���" target="_blank">��854�¡�����֮ɭ���µĹ���</a>
			  </div><div class="col-md-6 item">
				<a href="/book/p20869/5641159.html" title="��855�¡��������Ӱ������֮ɭ���������" target="_blank">��855�¡��������Ӱ������֮ɭ���������</a>
			  </div><div class="col-md-6 item">
				<a href="/book/p20869/5641160.html" title="��856�¡��쳾����������֪" target="_blank">��856�¡��쳾����������֪</a>
			  </div><div class="col-md-6 item">
				<a href="/book/p20869/5641161.html" title="��857�¡���֪������" target="_blank">��857�¡���֪������</a>
			  </div><div class="col-md-6 item">
				<a href="/book/p20869/5641162.html" title="��858�¡�ΰ��Ԥ���������" target="_blank">��858�¡�ΰ��Ԥ���������</a>
			  </div><div class="col-md-6 item">
				<a href="/book/p20869/5641163.html" title="��859�¡��������Ԥ��" target="_blank">��859�¡��������Ԥ��</a>
			  </div><div class="col-md-6 item">
				<a href="/book/p20869/5641164.html" title="��860�¡����ޣ�Ϸ��ʦ���ֶΣ�" target="_blank">��860�¡����ޣ�Ϸ��ʦ���ֶΣ�</a>
			  </div><div class="col-md-6 item">
				<a href="/book/p20869/5641165.html" title="��861�¡�������ͥ" target="_blank">��861�¡�������ͥ</a>
			  </div><div class="col-md-6 item">
				<a href="/book/p20869/5641166.html" title="��862�¡���֩�룡" target="_blank">��862�¡���֩�룡</a>
			  </div><div class="col-md-6 item">
				<a href="/book/p20869/5641167.html" title="��863�¡������˶�������" target="_blank">��863�¡������˶�������</a>
			  </div><div class="col-md-6 item">
				<a href="/book/p20869/5641168.html" title="��864�¡�����ʿ��" target="_blank">��864�¡�����ʿ��</a>
			  </div><div class="col-md-6 item">
				<a href="/book/p20869/5641169.html" title="��865�¡������볤��" target="_blank">��865�¡������볤��</a>
			  </div><div class="col-md-6 item">
				<a href="/book/p20869/5641170.html" title="��866�¡�����֮ǹ���Ӳ��׹�䣡" target="_blank">��866�¡�����֮ǹ���Ӳ��׹�䣡</a>
			  </div><div class="col-md-6 item">
				<a href="/book/p20869/5641171.html" title="��867�¡��۹���ج��" target="_blank">��867�¡��۹���ج��</a>
			  </div><div class="col-md-6 item">
				<a href="/book/p20869/5641172.html" title="��868�¡����˵�����" target="_blank">��868�¡����˵�����</a>
			  </div><div class="col-md-6 item">
				<a href="/book/p20869/5641173.html" title="��869�¡���ɽ���" target="_blank">��869�¡���ɽ���</a>
			  </div><div class="col-md-6 item">
				<a href="/book/p20869/5641174.html" title="��870�¡����˵�����" target="_blank">��870�¡����˵�����</a>
			  </div><div class="col-md-6 item">
				<a href="/book/p20869/5641175.html" title="��871�¡������Ǹ�������" target="_blank">��871�¡������Ǹ�������</a>
			  </div><div class="col-md-6 item">
				<a href="/book/p20869/5641176.html" title="��872�¡����꽫��" target="_blank">��872�¡����꽫��</a>
			  </div><div class="col-md-6 item">
				<a href="/book/p20869/5641177.html" title="��873�¡���ʮ��" target="_blank">��873�¡���ʮ��</a>
			  </div><div class="col-md-6 item">
				<a href="/book/p20869/5641178.html" title="��874�¡���������֮��" target="_blank">��874�¡���������֮��</a>
			  </div><div class="col-md-6 item">
				<a href="/book/p20869/5641179.html" title="��875�¡�������֮��" target="_blank">��875�¡�������֮��</a>
			  </div><div class="col-md-6 item">
				<a href="/book/p20869/5641180.html" title="��876�¡�����â����" target="_blank">��876�¡�����â����</a>
			  </div><div class="col-md-6 item">
				<a href="/book/p20869/5641181.html" title="��877�¡���ս��ݣ����˵�Զ����" target="_blank">��877�¡���ս��ݣ����˵�Զ����</a>
			  </div><div class="col-md-6 item">
				<a href="/book/p20869/5641182.html" title="��878�¡�ע��ҩ�����ν��ﲡ�䣡" target="_blank">��878�¡�ע��ҩ�����ν��ﲡ�䣡</a>
			  </div><div class="col-md-6 item">
				<a href="/book/p20869/5641183.html" title="��879�¡�����ɱ" target="_blank">��879�¡�����ɱ</a>
			  </div><div class="col-md-6 item">
				<a href="/book/p20869/5641184.html" title="��880�¡�Joker������" target="_blank">��880�¡�Joker������</a>
			  </div><div class="col-md-6 item">
				<a href="/book/p20869/5641185.html" title="��881�¡�����ʿ������" target="_blank">��881�¡�����ʿ������</a>
			  </div><div class="col-md-6 item">
				<a href="/book/p20869/5641186.html" title="��882�¡�����ɱ��" target="_blank">��882�¡�����ɱ��</a>
			  </div><div class="col-md-6 item">
				<a href="/book/p20869/5641187.html" title="��883�¡��������Ӱ2.0��ȫ�°汾��" target="_blank">��883�¡��������Ӱ2.0��ȫ�°汾��</a>
			  </div><div class="col-md-6 item">
				<a href="/book/p20869/5641188.html" title="��884�¡������Ż�" target="_blank">��884�¡������Ż�</a>
			  </div><div class="col-md-6 item">
				<a href="/book/p20869/5641189.html" title="��885�¡���Ϊ�˵�����" target="_blank">��885�¡���Ϊ�˵�����</a>
			  </div><div class="col-md-6 item">
				<a href="/book/p20869/5641190.html" title="��886�¡�Ϸ��ʦ����" target="_blank">��886�¡�Ϸ��ʦ����</a>
			  </div><div class="col-md-6 item">
				<a href="/book/p20869/5641191.html" title="��887�¡���·�ѣ���ȥ����" target="_blank">��887�¡���·�ѣ���ȥ����</a>
			  </div><div class="col-md-6 item">
				<a href="/book/p20869/5641192.html" title="��888�¡���ǧ���ˣ�������" target="_blank">��888�¡���ǧ���ˣ�������</a>
			  </div><div class="col-md-6 item">
				<a href="/book/p20869/5641193.html" title="��889�¡�ս��֮���Ĭ��������" target="_blank">��889�¡�ս��֮���Ĭ��������</a>
			  </div><div class="col-md-6 item">
				<a href="/book/p20869/5641194.html" title="��890�¡��������޺ν���" target="_blank">��890�¡��������޺ν���</a>
			  </div><div class="col-md-6 item">
				<a href="/book/p20869/5641195.html" title="��891�¡�Ϸ��ʦ����̨֮��" target="_blank">��891�¡�Ϸ��ʦ����̨֮��</a>
			  </div><div class="col-md-6 item">
				<a href="/book/p20869/5641196.html" title="��892�¡����֣�����" target="_blank">��892�¡����֣�����</a>
			  </div><div class="col-md-6 item">
				<a href="/book/p20869/5641197.html" title="��893�¡�ɱ��" target="_blank">��893�¡�ɱ��</a>
			  </div><div class="col-md-6 item">
				<a href="/book/p20869/5641198.html" title="��894�¡��������Ҷ��" target="_blank">��894�¡��������Ҷ��</a>
			  </div><div class="col-md-6 item">
				<a href="/book/p20869/5641199.html" title="��895�¡�ս��β��" target="_blank">��895�¡�ս��β��</a>
			  </div><div class="col-md-6 item">
				<a href="/book/p20869/5641200.html" title="��896�¡���������ͬ" target="_blank">��896�¡���������ͬ</a>
			  </div><div class="col-md-6 item">
				<a href="/book/p20869/5641201.html" title="��897�¡��㣿" target="_blank">��897�¡��㣿</a>
			  </div><div class="col-md-6 item">
				<a href="/book/p20869/5641202.html" title="��898�¡�����Ҽ" target="_blank">��898�¡�����Ҽ</a>
			  </div><div class="col-md-6 item">
				<a href="/book/p20869/5641203.html" title="��899�¡�СѼ�Ӵ�" target="_blank">��899�¡�СѼ�Ӵ�</a>
			  </div><div class="col-md-6 item">
				<a href="/book/p20869/5641204.html" title="��900�¡�ӽ̾��" target="_blank">��900�¡�ӽ̾��</a>
			  </div><div class="col-md-6 item">
				<a href="/book/p20869/5641205.html" title="��901�¡�������" target="_blank">��901�¡�������</a>
			  </div><div class="col-md-6 item">
				<a href="/book/p20869/5641206.html" title="��902�¡�����ʦ������" target="_blank">��902�¡�����ʦ������</a>
			  </div><div class="col-md-6 item">
				<a href="/book/p20869/5641207.html" title="��903�¡��������䣬��Ҷԭ���ػ�" target="_blank">��903�¡��������䣬��Ҷԭ���ػ�</a>
			  </div><div class="col-md-6 item">
				<a href="/book/p20869/5641208.html" title="��904�¡��͸�����ʦ������" target="_blank">��904�¡��͸�����ʦ������</a>
			  </div><div class="col-md-6 item">
				<a href="/book/p20869/5641209.html" title="��905�¡�ɸ�飡" target="_blank">��905�¡�ɸ�飡</a>
			  </div><div class="col-md-6 item">
				<a href="/book/p20869/5641210.html" title="��906�¡�������" target="_blank">��906�¡�������</a>
			  </div><div class="col-md-6 item">
				<a href="/book/p20869/5641211.html" title="��907�¡�A������ҩ��" target="_blank">��907�¡�A������ҩ��</a>
			  </div><div class="col-md-6 item">
				<a href="/book/p20869/5641212.html" title="��908�¡�������޵Ĵ�ʦ��" target="_blank">��908�¡�������޵Ĵ�ʦ��</a>
			  </div><div class="col-md-6 item">
				<a href="/book/p20869/5641213.html" title="��909�¡�αװ����ʦ" target="_blank">��909�¡�αװ����ʦ</a>
			  </div><div class="col-md-6 item">
				<a href="/book/p20869/5641214.html" title="��910�¡���װ����ѵ��" target="_blank">��910�¡���װ����ѵ��</a>
			  </div><div class="col-md-6 item">
				<a href="/book/p20869/5641215.html" title="��911�¡��˼����У�������" target="_blank">��911�¡��˼����У�������</a>
			  </div><div class="col-md-6 item">
				<a href="/book/p20869/5641216.html" title="��912�¡������" target="_blank">��912�¡������</a>
			  </div><div class="col-md-6 item">
				<a href="/book/p20869/5641217.html" title="��913�¡��εĽ���" target="_blank">��913�¡��εĽ���</a>
			  </div><div class="col-md-6 item">
				<a href="/book/p20869/5641218.html" title="��914�¡�001�Ž���֮�أ�С��" target="_blank">��914�¡�001�Ž���֮�أ�С��</a>
			  </div><div class="col-md-6 item">
				<a href="/book/p20869/5641219.html" title="��915�¡�������԰" target="_blank">��915�¡�������԰</a>
			  </div><div class="col-md-6 item">
				<a href="/book/p20869/5641220.html" title="��916�¡���תľ��" target="_blank">��916�¡���תľ��</a>
			  </div><div class="col-md-6 item">
				<a href="/book/p20869/5641221.html" title="��917�¡��￳��Ϸ" target="_blank">��917�¡��￳��Ϸ</a>
			  </div><div class="col-md-6 item">
				<a href="/book/p20869/5641222.html" title="��918�¡���ôȱ��" target="_blank">��918�¡���ôȱ��</a>
			  </div><div class="col-md-6 item">
				<a href="/book/p20869/5641223.html" title="��919�¡������ǵ���˫��" target="_blank">��919�¡������ǵ���˫��</a>
			  </div><div class="col-md-6 item">
				<a href="/book/p20869/5641224.html" title="��920�¡������ڵ�һ��" target="_blank">��920�¡������ڵ�һ��</a>
			  </div><div class="col-md-6 item">
				<a href="/book/p20869/5641225.html" title="��921�¡�����԰��Ŀ���ʱ��" target="_blank">��921�¡�����԰��Ŀ���ʱ��</a>
			  </div><div class="col-md-6 item">
				<a href="/book/p20869/5641226.html" title="��922�¡�������ڲ�������" target="_blank">��922�¡�������ڲ�������</a>
			  </div><div class="col-md-6 item">
				<a href="/book/p20869/5641227.html" title="��923�¡�ȫ����" target="_blank">��923�¡�ȫ����</a>
			  </div><div class="col-md-6 item">
				<a href="/book/p20869/5641228.html" title="��924�¡���ɽ����������" target="_blank">��924�¡���ɽ����������</a>
			  </div><div class="col-md-6 item">
				<a href="/book/p20869/5641229.html" title="��925�¡�������������" target="_blank">��925�¡�������������</a>
			  </div><div class="col-md-6 item">
				<a href="/book/p20869/5641230.html" title="��926�¡���Ӱ" target="_blank">��926�¡���Ӱ</a>
			  </div><div class="col-md-6 item">
				<a href="/book/p20869/5641231.html" title="��927�¡��Ĺ����ػ����������" target="_blank">��927�¡��Ĺ����ػ����������</a>
			  </div><div class="col-md-6 item">
				<a href="/book/p20869/5641232.html" title="��928�¡��쳾������" target="_blank">��928�¡��쳾������</a>
			  </div><div class="col-md-6 item">
				<a href="/book/p20869/5641233.html" title="��929�¡��Դ�BGM��Zard" target="_blank">��929�¡��Դ�BGM��Zard</a>
			  </div><div class="col-md-6 item">
				<a href="/book/p20869/5641234.html" title="��930�¡���Խ��ɱ��" target="_blank">��930�¡���Խ��ɱ��</a>
			  </div><div class="col-md-6 item">
				<a href="/book/p20869/5641235.html" title="��931�¡�����" target="_blank">��931�¡�����</a>
			  </div><div class="col-md-6 item">
				<a href="/book/p20869/5641236.html" title="��932�¡�����" target="_blank">��932�¡�����</a>
			  </div><div class="col-md-6 item">
				<a href="/book/p20869/5641237.html" title="��933�¡�����" target="_blank">��933�¡�����</a>
			  </div><div class="col-md-6 item">
				<a href="/book/p20869/5641238.html" title="��934�¡��ջ�" target="_blank">��934�¡��ջ�</a>
			  </div><div class="col-md-6 item">
				<a href="/book/p20869/5641239.html" title="��935�¡��յ�" target="_blank">��935�¡��յ�</a>
			  </div><div class="col-md-6 item">
				<a href="/book/p20869/5641240.html" title="��936�¡�����ҡ��" target="_blank">��936�¡�����ҡ��</a>
			  </div><div class="col-md-6 item">
				<a href="/book/p20869/5641241.html" title="��937�¡��ܲ��ܴ���һ����ɫ�ļ���Ʒ��" target="_blank">��937�¡��ܲ��ܴ���һ����ɫ�ļ���Ʒ��</a>
			  </div><div class="col-md-6 item">
				<a href="/book/p20869/5641242.html" title="��938�¡������ֵ�������" target="_blank">��938�¡������ֵ�������</a>
			  </div><div class="col-md-6 item">
				<a href="/book/p20869/5641243.html" title="��939�¡��쳾������" target="_blank">��939�¡��쳾������</a>
			  </div><div class="col-md-6 item">
				<a href="/book/p20869/5641244.html" title="��940�¡������ߣ���Ϊ����һ�����" target="_blank">��940�¡������ߣ���Ϊ����һ�����</a>
			  </div><div class="col-md-6 item">
				<a href="/book/p20869/5641245.html" title="��941�¡���������" target="_blank">��941�¡���������</a>
			  </div><div class="col-md-6 item">
				<a href="/book/p20869/5641246.html" title="��942�¡���ϧһ�д���" target="_blank">��942�¡���ϧһ�д���</a>
			  </div><div class="col-md-6 item">
				<a href="/book/p20869/5641247.html" title="��943�¡���������" target="_blank">��943�¡���������</a>
			  </div><div class="col-md-6 item">
				<a href="/book/p20869/5641248.html" title="��944�¡�����" target="_blank">��944�¡�����</a>
			  </div><div class="col-md-6 item">
				<a href="/book/p20869/5641249.html" title="��945�¡��ֵ�����" target="_blank">��945�¡��ֵ�����</a>
			  </div><div class="col-md-6 item">
				<a href="/book/p20869/5641250.html" title="��946�¡�����һ��Ҫ��ù�����ȥ��" target="_blank">��946�¡�����һ��Ҫ��ù�����ȥ��</a>
			  </div><div class="col-md-6 item">
				<a href="/book/p20869/5641251.html" title="��947�¡�һƬ����" target="_blank">��947�¡�һƬ����</a>
			  </div><div class="col-md-6 item">
				<a href="/book/p20869/5641252.html" title="��948�¡�����ţ������" target="_blank">��948�¡�����ţ������</a>
			  </div><div class="col-md-6 item">
				<a href="/book/p20869/5641253.html" title="��949�¡�һ����Ƭ" target="_blank">��949�¡�һ����Ƭ</a>
			  </div><div class="col-md-6 item">
				<a href="/book/p20869/5641254.html" title="��950�¡�Ԥ��δ��" target="_blank">��950�¡�Ԥ��δ��</a>
			  </div><div class="col-md-6 item">
				<a href="/book/p20869/5641255.html" title="��951�¡�ϴ��" target="_blank">��951�¡�ϴ��</a>
			  </div><div class="col-md-6 item">
				<a href="/book/p20869/5641256.html" title="��952�¡���ħ�����ħ��" target="_blank">��952�¡���ħ�����ħ��</a>
			  </div><div class="col-md-6 item">
				<a href="/book/p20869/5641257.html" title="��953�¡��쳾�ĺ�ħ��" target="_blank">��953�¡��쳾�ĺ�ħ��</a>
			  </div><div class="col-md-6 item">
				<a href="/book/p20869/5641258.html" title="��954�¡����ص�ʱ������" target="_blank">��954�¡����ص�ʱ������</a>
			  </div><div class="col-md-6 item">
				<a href="/book/p20869/5641259.html" title="��955�¡�����" target="_blank">��955�¡�����</a>
			  </div><div class="col-md-6 item">
				<a href="/book/p20869/5641260.html" title="��956�¡���������" target="_blank">��956�¡���������</a>
			  </div><div class="col-md-6 item">
				<a href="/book/p20869/5641261.html" title="��957�¡����ͻ��" target="_blank">��957�¡����ͻ��</a>
			  </div><div class="col-md-6 item">
				<a href="/book/p20869/5641262.html" title="��958�¡��˵��Ȼ�" target="_blank">��958�¡��˵��Ȼ�</a>
			  </div><div class="col-md-6 item">
				<a href="/book/p20869/5641263.html" title="��959�¡�����" target="_blank">��959�¡�����</a>
			  </div><div class="col-md-6 item">
				<a href="/book/p20869/5641264.html" title="��960�¡��Һ������ҵĽ��" target="_blank">��960�¡��Һ������ҵĽ��</a>
			  </div><div class="col-md-6 item">
				<a href="/book/p20869/5641265.html" title="��961�¡�����" target="_blank">��961�¡�����</a>
			  </div><div class="col-md-6 item">
				<a href="/book/p20869/5641266.html" title="��962�¡��ĸ���ǰ" target="_blank">��962�¡��ĸ���ǰ</a>
			  </div><div class="col-md-6 item">
				<a href="/book/p20869/5641267.html" title="��963�¡���ѩ��" target="_blank">��963�¡���ѩ��</a>
			  </div><div class="col-md-6 item">
				<a href="/book/p20869/5641268.html" title="��964�¡��߾߻ƽ��" target="_blank">��964�¡��߾߻ƽ��</a>
			  </div><div class="col-md-6 item">
				<a href="/book/p20869/5641269.html" title="��965�¡���ʮ�ı������Ľ�" target="_blank">��965�¡���ʮ�ı������Ľ�</a>
			  </div><div class="col-md-6 item">
				<a href="/book/p20869/5641270.html" title="��966�¡�����" target="_blank">��966�¡�����</a>
			  </div><div class="col-md-6 item">
				<a href="/book/p20869/5641271.html" title="��967�¡���͸����" target="_blank">��967�¡���͸����</a>
			  </div><div class="col-md-6 item">
				<a href="/book/p20869/5641272.html" title="��968�¡����¼����һ��Ҳ��" target="_blank">��968�¡����¼����һ��Ҳ��</a>
			  </div><div class="col-md-6 item">
				<a href="/book/p20869/5641273.html" title="��969�¡���ɳ�ɺ�" target="_blank">��969�¡���ɳ�ɺ�</a>
			  </div><div class="col-md-6 item">
				<a href="/book/p20869/5641274.html" title="��970�¡��ۻ��ƽ��" target="_blank">��970�¡��ۻ��ƽ��</a>
			  </div><div class="col-md-6 item">
				<a href="/book/p20869/5641275.html" title="��971�¡������źõ�����" target="_blank">��971�¡������źõ�����</a>
			  </div><div class="col-md-6 item">
				<a href="/book/p20869/5641276.html" title="��972�¡�������ACE-003�����֮��" target="_blank">��972�¡�������ACE-003�����֮��</a>
			  </div><div class="col-md-6 item">
				<a href="/book/p20869/5641277.html" title="��973�¡�������ACE-015��ľ��" target="_blank">��973�¡�������ACE-015��ľ��</a>
			  </div><div class="col-md-6 item">
				<a href="/book/p20869/5641278.html" title="��974�¡�С��" target="_blank">��974�¡�С��</a>
			  </div><div class="col-md-6 item">
				<a href="/book/p20869/5641279.html" title="��975�¡��ȴ�" target="_blank">��975�¡��ȴ�</a>
			  </div><div class="col-md-6 item">
				<a href="/book/p20869/5641280.html" title="��976�¡��¸�·�ڼ�" target="_blank">��976�¡��¸�·�ڼ�</a>
			  </div><div class="col-md-6 item">
				<a href="/book/p20869/5641281.html" title="��977�¡�ʧ��" target="_blank">��977�¡�ʧ��</a>
			  </div><div class="col-md-6 item">
				<a href="/book/p20869/5641282.html" title="��978�¡�ƽ��" target="_blank">��978�¡�ƽ��</a>
			  </div><div class="col-md-6 item">
				<a href="/book/p20869/5641283.html" title="��979�¡�������͵�·" target="_blank">��979�¡�������͵�·</a>
			  </div><div class="col-md-6 item">
				<a href="/book/p20869/5641284.html" title="��980�¡�һ��ֽ��" target="_blank">��980�¡�һ��ֽ��</a>
			  </div><div class="col-md-6 item">
				<a href="/book/p20869/5641285.html" title="��981�¡���ʱ����" target="_blank">��981�¡���ʱ����</a>
			  </div><div class="col-md-6 item">
				<a href="/book/p20869/5641286.html" title="��982�¡��ٹ�ҹ��" target="_blank">��982�¡��ٹ�ҹ��</a>
			  </div><div class="col-md-6 item">
				<a href="/book/p20869/5641287.html" title="��983�¡�����" target="_blank">��983�¡�����</a>
			  </div><div class="col-md-6 item">
				<a href="/book/p20869/5641288.html" title="��984�¡���ʧ���������" target="_blank">��984�¡���ʧ���������</a>
			  </div><div class="col-md-6 item">
				<a href="/book/p20869/5641289.html" title="��985�¡��˼��ѩ�����ѳɶ�" target="_blank">��985�¡��˼��ѩ�����ѳɶ�</a>
			  </div><div class="col-md-6 item">
				<a href="/book/p20869/5641290.html" title="��986�¡�No.9" target="_blank">��986�¡�No.9</a>
			  </div><div class="col-md-6 item">
				<a href="/book/p20869/5641291.html" title="��987�¡��ȱ�" target="_blank">��987�¡��ȱ�</a>
			  </div><div class="col-md-6 item">
				<a href="/book/p20869/5641292.html" title="��988�¡�����" target="_blank">��988�¡�����</a>
			  </div><div class="col-md-6 item">
				<a href="/book/p20869/5641293.html" title="��989�¡����һ��" target="_blank">��989�¡����һ��</a>
			  </div><div class="col-md-6 item">
				<a href="/book/p20869/5641294.html" title="��990�¡����һ�̣�����" target="_blank">��990�¡����һ�̣�����</a>
			  </div><div class="col-md-6 item">
				<a href="/book/p20869/5641295.html" title="��991�¡����һ�̣�����" target="_blank">��991�¡����һ�̣�����</a>
			  </div><div class="col-md-6 item">
				<a href="/book/p20869/5641296.html" title="��992�¡����һ�̣��ģ�" target="_blank">��992�¡����һ�̣��ģ�</a>
			  </div><div class="col-md-6 item">
				<a href="/book/p20869/5641297.html" title="��993�¡����һ�̣��壩" target="_blank">��993�¡����һ�̣��壩</a>
			  </div><div class="col-md-6 item">
				<a href="/book/p20869/5641298.html" title="��994�¡����һ�̣�����" target="_blank">��994�¡����һ�̣�����</a>
			  </div><div class="col-md-6 item">
				<a href="/book/p20869/5641299.html" title="��995�¡����һ�̣��ߣ�" target="_blank">��995�¡����һ�̣��ߣ�</a>
			  </div><div class="col-md-6 item">
				<a href="/book/p20869/5641300.html" title="��996�¡����һ�̣��ˣ�" target="_blank">��996�¡����һ�̣��ˣ�</a>
			  </div><div class="col-md-6 item">
				<a href="/book/p20869/5641301.html" title="��997�¡����һ�̣��ţ�" target="_blank">��997�¡����һ�̣��ţ�</a>
			  </div><div class="col-md-6 item">
				<a href="/book/p20869/5641302.html" title="��998�¡����һ�̣��꣩" target="_blank">��998�¡����һ�̣��꣩</a>
			  </div><div class="col-md-6 item">
				<a href="/book/p20869/5641303.html" title="��ǣ�һ��" target="_blank">��ǣ�һ��</a>
			  </div><div class="col-md-6 item">
				<a href="/book/p20869/5641304.html" title="��ǣ�����" target="_blank">��ǣ�����</a>
			  </div>
            </div>
          </div>
        </div>
      </div>
      <!-- All Chapterlist End -->
    </div>
	<!-- Chapter End -->
  </div>
  <!-- Left End -->
  <div class="col-right2">
	  <div class="panel panel-info hidden-xs hidden-sm t10">
        <div class="panel-heading">
          <h3 class="panel-title">�������</h3>
        </div>
        <div class="panel-body">
          <div class="row">
			<div class="col-md-12 item fix1px"><a class="float-left" href="/book/p20869/" target="_blank">ҹ��������</a><span class="dark float-right">��˵������</span></div><div class="col-md-12 item fix1px"><a class="float-left" href="/book/p20832/" target="_blank">��ɫ�ռ�ϵͳ</a><span class="dark float-right">�ҿ�������</span></div><div class="col-md-12 item fix1px"><a class="float-left" href="/book/p20604/" target="_blank">�쿴�Ǹ�����</a><span class="dark float-right">�¶�������</span></div><div class="col-md-12 item fix1px"><a class="float-left" href="/book/p20603/" target="_blank">����������Ӯ��</a><span class="dark float-right">������С</span></div><div class="col-md-12 item fix1px"><a class="float-left" href="/book/p20601/" target="_blank">�����������������ҽ��ʼ</a><span class="dark float-right">����Сľ��</span></div><div class="col-md-12 item fix1px"><a class="float-left" href="/book/p20600/" target="_blank">��������ƽ����</a><span class="dark float-right">���꺭</span></div><div class="col-md-12 item fix1px"><a class="float-left" href="/book/p20595/" target="_blank">����2011</a><span class="dark float-right">��������ѩ</span></div><div class="col-md-12 item fix1px"><a class="float-left" href="/book/p20502/" target="_blank">���Ѳ������кö���</a><span class="dark float-right">�ȿ�</span></div><div class="col-md-12 item fix1px"><a class="float-left" href="/book/p20229/" target="_blank">����֮��ˮ����</a><span class="dark float-right">��ɽ��</span></div><div class="col-md-12 item fix1px"><a class="float-left" href="/book/p20181/" target="_blank">ƽ�������ƽ������</a><span class="dark float-right">�δ�����</span></div>
          </div>
        </div>
      </div>
	  <!--New Book End -->
	  <div class="panel panel-info">
          <div class="panel-heading"><h3 class="panel-title">����������Ʒ</h3></div>
          <div class="panel-body">
            <div class="row">
              <div class="col-md-12 t10">
                <div class="media"> <a class="media-left" href="/book/p256/" target="_blank"> <img class="book-img-small"  src="/uploads/cover/256s.jpg" title="��һ����" alt="��һ����"/> </a>
                  <div class="media-body">
                    <div class="media-title">
                      <h4><a href="/book/p256/" target="_blank">��һ����</a></h4>
                    </div>
                    <div class="media-info">
                       ����֮�ϣ������������Թ��Ӳд��� һ�������ݰεض�������ȴ���ϱ�������
                    </div>
                  </div>
                </div>
              </div><div class="col-md-12 t10">
                <div class="media"> <a class="media-left" href="/book/p2284/" target="_blank"> <img class="book-img-small"  src="/uploads/cover/2284s.jpg" title="Ӣ������֮�ֱ�ʱ��" alt="Ӣ������֮�ֱ�ʱ��"/> </a>
                  <div class="media-body">
                    <div class="media-title">
                      <h4><a href="/book/p2284/" target="_blank">Ӣ������֮�ֱ�ʱ��</a></h4>
                    </div>
                    <div class="media-info">
                       �����������Ե����һ��LOL���ɴ����ֱ�ĩ���ˣ� ͬ���Ǵ�Ӣ�����ˣ�ֻ������
                    </div>
                  </div>
                </div>
              </div><div class="col-md-12 t10">
                <div class="media"> <a class="media-left" href="/book/p3639/" target="_blank"> <img class="book-img-small"  src="/uploads/cover/3639s.jpg" title="��������" alt="��������"/> </a>
                  <div class="media-body">
                    <div class="media-title">
                      <h4><a href="/book/p3639/" target="_blank">��������</a></h4>
                    </div>
                    <div class="media-info">
                       �������յ�ʱ�����ž���������ˣ��·������ᴩ���գ����ֱ�����ģ���ɳ��
                    </div>
                  </div>
                </div>
              </div><div class="col-md-12 t10">
                <div class="media"> <a class="media-left" href="/book/p3677/" target="_blank"> <img class="book-img-small"  src="/uploads/cover/3677s.jpg" title="���Ǵ����" alt="���Ǵ����"/> </a>
                  <div class="media-body">
                    <div class="media-title">
                      <h4><a href="/book/p3677/" target="_blank">���Ǵ����</a></h4>
                    </div>
                    <div class="media-info">
                       �ĳ���Ҳ���ܲ��Ͷ��� ���������С˵��Ҫ��ϵͳ��ȥ�����Ĵ�Խ���𣿡�
                    </div>
                  </div>
                </div>
              </div>
            </div>
          </div>
        </div>
      <div class="panel panel-info">
        <div class="panel-heading">
          <h3 class="panel-title"><strong>�����Ƽ�</strong></h3>
        </div>
        <div class="panel-body">
          <div class="row">
			<div class="col-md-12 t10">
              <div class="media"> <a class="media-left" href="/book/p16922/" target="_blank"> <img class="book-img-small" src="/uploads/cover/16922s.jpg" title="���ֱ�����ս����BE" alt="���ֱ�����ս����BE"/> </a>
                <div class="media-body">
                  <div class="media-title">
                    <h4><a href="/book/p16922/" target="_blank">���ֱ�����ս����BE</a></h4>
					<span class="dark">��������</span>
                  </div>
                  <div class="media-info"> ��֮�����̳�����������ɹ������縱���������������ϵͳ����������ʦ��</div>
                </div>
              </div>
            </div><div class="col-md-12 t10">
              <div class="media"> <a class="media-left" href="/book/p13645/" target="_blank"> <img class="book-img-small" src="/uploads/cover/13645s.jpg" title="�󹬣���ִ�1" alt="�󹬣���ִ�1"/> </a>
                <div class="media-body">
                  <div class="media-title">
                    <h4><a href="/book/p13645/" target="_blank">�󹬣���ִ�1</a></h4>
					<span class="dark">������</span>
                  </div>
                  <div class="media-info">Ů��֮��Ķ�������Զ����п�Ķ��������󹬣��ǲп���ܼ��ء������ϱ��¡�</div>
                </div>
              </div>
            </div><div class="col-md-12 t10">
              <div class="media"> <a class="media-left" href="/book/p7060/" target="_blank"> <img class="book-img-small" src="/uploads/cover/7060s.jpg" title="�����˼�������" alt="�����˼�������"/> </a>
                <div class="media-body">
                  <div class="media-title">
                    <h4><a href="/book/p7060/" target="_blank">�����˼�������</a></h4>
					<span class="dark">�ֻ���</span>
                  </div>
                  <div class="media-info">�������˼������졷�����ӽ����ġ��ֻ��򼯡���������ʫѡ����Ϊ�༭�ױ���</div>
                </div>
              </div>
            </div><div class="col-md-12 t10">
              <div class="media"> <a class="media-left" href="/book/p19600/" target="_blank"> <img class="book-img-small" src="/uploads/cover/19600s.jpg" title="������ɨѾ�ߺ�" alt="������ɨѾ�ߺ�"/> </a>
                <div class="media-body">
                  <div class="media-title">
                    <h4><a href="/book/p19600/" target="_blank">������ɨѾ�ߺ�</a></h4>
					<span class="dark">ľ�ӽ���</span>
                  </div>
                  <div class="media-info"> һ��������Ҷ������˹˸���ׯ����ɨѾ�ߣ��ϱ�������ĩ�����������򣬾š�</div>
                </div>
              </div>
            </div><div class="col-md-12 t10">
              <div class="media"> <a class="media-left" href="/book/p5646/" target="_blank"> <img class="book-img-small" src="/uploads/cover/5646s.jpg" title="����ɱ��" alt="����ɱ��"/> </a>
                <div class="media-body">
                  <div class="media-title">
                    <h4><a href="/book/p5646/" target="_blank">����ɱ��</a></h4>
					<span class="dark">Ī��������</span>
                  </div>
                  <div class="media-info"> ���Ƶ����磬���Ƶ��ֻء�������������޵���ʱ��������֪����һ������</div>
                </div>
              </div>
            </div><div class="col-md-12 t10">
              <div class="media"> <a class="media-left" href="/book/p8901/" target="_blank"> <img class="book-img-small" src="/uploads/cover/8901s.jpg" title="����Ħ˹֢��Ⱥ" alt="����Ħ˹֢��Ⱥ"/> </a>
                <div class="media-body">
                  <div class="media-title">
                    <h4><a href="/book/p8901/" target="_blank">����Ħ˹֢��Ⱥ</a></h4>
					<span class="dark">J��M������</span>
                  </div>
                  <div class="media-info"> ��ʿɽ�������˽��ùݣ�4��ǰ��ѩ���ж����ùݺ�������ϵ����������Ա�ơ�</div>
                </div>
              </div>
            </div><div class="col-md-12 t10">
              <div class="media"> <a class="media-left" href="/book/p19914/" target="_blank"> <img class="book-img-small" src="/uploads/cover/19914s.jpg" title="����������CP" alt="����������CP"/> </a>
                <div class="media-body">
                  <div class="media-title">
                    <h4><a href="/book/p19914/" target="_blank">����������CP</a></h4>
					<span class="dark">Դ������</span>
                  </div>
                  <div class="media-info"> �ң��깬�㣬һ������ͨͨ�Ȱ�����Ԫ��24�����꣬һ����Ȼ��Խ�����������䡭</div>
                </div>
              </div>
            </div><div class="col-md-12 t10">
              <div class="media"> <a class="media-left" href="/book/p2928/" target="_blank"> <img class="book-img-small" src="/uploads/cover/2928s.jpg" title="����������һ����ʷѧ�ҵ����а�" alt="����������һ����ʷѧ�ҵ����а�"/> </a>
                <div class="media-body">
                  <div class="media-title">
                    <h4><a href="/book/p2928/" target="_blank">����������һ����ʷѧ�ҵ����а�</a></h4>
					<span class="dark">������</span>
                  </div>
                  <div class="media-info"> һ�������ԡ�����Τ��Щ�й��˶���������������������Ǵ��������ģ����ݡ�</div>
                </div>
              </div>
            </div><div class="col-md-12 t10">
              <div class="media"> <a class="media-left" href="/book/p5133/" target="_blank"> <img class="book-img-small" src="/uploads/cover/5133s.jpg" title="Cλ���������ư�����Ȧ�ˣ�[����]" alt="Cλ���������ư�����Ȧ�ˣ�[����]"/> </a>
                <div class="media-body">
                  <div class="media-title">
                    <h4><a href="/book/p5133/" target="_blank">Cλ���������ư�����Ȧ�ˣ�[����]</a></h4>
					<span class="dark">����</span>
                  </div>
                  <div class="media-info"> ������һ�����ǧ���������ڷ����ļ�ǧ�� ���󣬽��类�촩ϵͳѡ�У��ɡ�</div>
                </div>
              </div>
            </div><div class="col-md-12 t10">
              <div class="media"> <a class="media-left" href="/book/p11635/" target="_blank"> <img class="book-img-small" src="/uploads/cover/11635s.jpg" title="����Դ���뱻���ƽ���[�Ǽ�]" alt="����Դ���뱻���ƽ���[�Ǽ�]"/> </a>
                <div class="media-body">
                  <div class="media-title">
                    <h4><a href="/book/p11635/" target="_blank">����Դ���뱻���ƽ���[�Ǽ�]</a></h4>
					<span class="dark">����ī</span>
                  </div>
                  <div class="media-info"> �����ǵ���;�����ǳ��󺣡�����һ�����ڳɳ��Ĺ��¡��� ����İ�ϱ��������</div>
                </div>
              </div>
            </div>
          </div>
        </div>
      </div>
	  <!-- �����Ƽ� End-->
    </div>
    <!-- Col-right End -->
</div>
<!-- Footer Begin -->
<div class="footer">
  <div class = "container">
    <p class = "hidden-xs">�����Ȩ����Ϊ�ڱ�վ����������Ʒ�����������棬�뷢�ʼ���<script>play("email")</script>����վȷ�Ϻ󽫻�������ɾ����</p>
    <p class = "hidden-xs">��վ����¼��Ʒ���������⡢������۾����������Ϊ���������վ������</p>
    <p>�������ߣ���һ�����ĺ͹��������鼮֧�����ߣ��������߲���д��������õ��飡</p>
    <p class = "hidden-xs">
      <script>play("tongji")</script> 
    </p>
  </div>
</div>
<div class="fixed-btn">
    <a class="go-top" href="javascript:void(0)" title="���ض���"> <i class="fa fa-angle-up"></i></a>
</div>
<!-- Footer End --> 
<!-- jQuery (necessary for Bootstrap's JavaScript plugins) --> 
<script src="/static/js/jquery.min.js"></script> 
<!-- Include all compiled plugins (below), or include individual files as needed --> 
<script src="/static/js/bootstrap.min.js"></script> 
<script src="/static/js/comm.js"></script>
<script type="text/javascript">
	var sid ="20869";
	$(function(){
        BookShelf.getChapterHistory(book);
    });
</script>
<script type="module" src="https://static.cloudflareinsights.com/beacon.min.js/v4513226cdae34746b4dedf0b4dfa099e1781791509496" integrity="sha512-ZE9pZaUXND66v380QUtch/5sE9tPFh2zg45pR2PB0CVkCtOREv2AJKkSidISWkysEuQ0EH8faUU5du78bx87UQ==" data-cf-beacon='{"version":"2024.11.0","token":"bf4eb1bf0db94d35a471fe4f3b9897eb","r":1}' crossorigin="anonymous"></script>
</body>
</html>

21:12:01.384 [OkHttp https://www.dbxsz.com/...] DEBUG io.legado.app.model.DebugLog - <-- END HTTP (191607-byte, 27756-gzipped-byte body)
21:12:01.386 [main @coroutine#22] INFO io.legado.app.model.DebugLog - sourceUrl: https://www.dbxsd.com, msg: �Ի�ȡ�ɹ�:https://www.dbxsz.com/book/p20869/
21:12:01.387 [main @coroutine#22] INFO io.legado.app.model.DebugLog - sourceUrl: https://www.dbxsd.com, msg: ����ȡ����
21:12:01.392 [main @coroutine#22] INFO io.legado.app.model.DebugLog - sourceUrl: https://www.dbxsd.com, msg: ��ҹ��������
21:12:01.392 [main @coroutine#22] INFO io.legado.app.model.DebugLog - sourceUrl: https://www.dbxsd.com, msg: ����ȡ����
21:12:01.394 [main @coroutine#22] INFO io.legado.app.model.DebugLog - sourceUrl: https://www.dbxsd.com, msg: ����ǣ�����
21:12:01.394 [main @coroutine#22] INFO io.legado.app.model.DebugLog - sourceUrl: https://www.dbxsd.com, msg: ����ȡ����
21:12:01.394 [main @coroutine#22] INFO io.legado.app.model.DebugLog - sourceUrl: https://www.dbxsd.com, msg: ��null
21:12:01.394 [main @coroutine#22] INFO io.legado.app.model.DebugLog - sourceUrl: https://www.dbxsd.com, msg: ����ȡ����
21:12:01.395 [main @coroutine#22] INFO io.legado.app.model.DebugLog - sourceUrl: https://www.dbxsd.com, msg: ��null
21:12:01.395 [main @coroutine#22] INFO io.legado.app.model.DebugLog - sourceUrl: https://www.dbxsd.com, msg: ����ȡ�����½�
21:12:01.395 [main @coroutine#22] INFO io.legado.app.model.DebugLog - sourceUrl: https://www.dbxsd.com, msg: ��null
21:12:01.395 [main @coroutine#22] INFO io.legado.app.model.DebugLog - sourceUrl: https://www.dbxsd.com, msg: ����ȡ���
21:12:01.396 [main @coroutine#22] INFO io.legado.app.model.DebugLog - sourceUrl: https://www.dbxsd.com, msg: ���������������ϵ��޺��У�Ũ�ܵĸ�������£����ݺ�����ǰ�ˣ��ǿƼ�����֮������磬Ҳ����ʵ����õķֽ硣
�������������壬��ȥ��δ����
��������������������粢�棬��ǰ��һ�У�����ʱ��֮ǽ������ǰ��
�����ڰ������֡�
��������Ҫ���װ��ҵ����ѣ����ǲ���������ȥӦ�Ժڰ���Ҫ�û�
����
21:12:01.396 [main @coroutine#22] INFO io.legado.app.model.DebugLog - sourceUrl: https://www.dbxsd.com, msg: ����ȡ��������
21:12:01.396 [main @coroutine#22] INFO io.legado.app.model.DebugLog - sourceUrl: https://www.dbxsd.com, msg: ��https://www.dbxsz.com/uploads/cover/20869s.jpg
21:12:01.396 [main @coroutine#22] INFO io.legado.app.model.DebugLog - sourceUrl: https://www.dbxsd.com, msg: ����ȡĿ¼����
21:12:01.396 [main @coroutine#22] INFO io.legado.app.model.DebugLog - sourceUrl: https://www.dbxsd.com, msg: ��https://www.dbxsz.com/book/p20869/
21:12:01.396 [main] INFO cn.kong.app.model.NovelSourceTest -   ����: ҹ�������� | ����: ��ǣ�����
21:12:01.396 [main] INFO cn.kong.app.model.NovelSourceTest -   ���: �������������ϵ��޺��У�Ũ�ܵĸ�������£����ݺ�����ǰ�ˣ��ǿƼ�����֮������磬Ҳ����ʵ����õķֽ硣
�������������壬��ȥ��δ����
��������������������粢�棬��ǰ��һ�У�����ʱ��֮ǽ������ǰ��
...
21:12:01.396 [main] INFO cn.kong.app.model.NovelSourceTest -   --- Step 3: ��ȡĿ¼ ---
21:12:01.397 [OkHttp https://www.dbxsz.com/...] DEBUG io.legado.app.model.DebugLog - --> GET https://www.dbxsz.com/book/p20869/ h2
21:12:01.397 [OkHttp https://www.dbxsz.com/...] DEBUG io.legado.app.model.DebugLog - User-Agent: Mozilla/5.0 (Linux; Android 9; PDBM00 Build/PPR1.180610.011; wv) AppleWebKit/537.36 (KHTML, like Gecko) Version/4.0 Chrome/70.0.3538.110 Mobile Safari/537.36
21:12:01.397 [OkHttp https://www.dbxsz.com/...] DEBUG io.legado.app.model.DebugLog - Keep-Alive: 300
21:12:01.397 [OkHttp https://www.dbxsz.com/...] DEBUG io.legado.app.model.DebugLog - Connection: Keep-Alive
21:12:01.397 [OkHttp https://www.dbxsz.com/...] DEBUG io.legado.app.model.DebugLog - Cache-Control: no-cache
21:12:01.397 [OkHttp https://www.dbxsz.com/...] DEBUG io.legado.app.model.DebugLog - Host: www.dbxsz.com
21:12:01.397 [OkHttp https://www.dbxsz.com/...] DEBUG io.legado.app.model.DebugLog - Accept-Encoding: gzip
21:12:01.397 [OkHttp https://www.dbxsz.com/...] DEBUG io.legado.app.model.DebugLog - --> END GET
21:12:02.055 [OkHttp https://www.dbxsz.com/...] DEBUG io.legado.app.model.DebugLog - <-- 200 https://www.dbxsz.com/book/p20869/ (657ms)
21:12:02.055 [OkHttp https://www.dbxsz.com/...] DEBUG io.legado.app.model.DebugLog - date: Fri, 14 Aug 2026 13:12:01 GMT
21:12:02.055 [OkHttp https://www.dbxsz.com/...] DEBUG io.legado.app.model.DebugLog - content-type: text/html
21:12:02.055 [OkHttp https://www.dbxsz.com/...] DEBUG io.legado.app.model.DebugLog - last-modified: Mon, 03 Jun 2024 06:32:35 GMT
21:12:02.055 [OkHttp https://www.dbxsz.com/...] DEBUG io.legado.app.model.DebugLog - nel: {"report_to":"cf-nel","success_fraction":0.0,"max_age":604800}
21:12:02.055 [OkHttp https://www.dbxsz.com/...] DEBUG io.legado.app.model.DebugLog - server-timing: cfCacheStatus;desc="DYNAMIC"
21:12:02.055 [OkHttp https://www.dbxsz.com/...] DEBUG io.legado.app.model.DebugLog - server-timing: cfEdge;dur=4,cfOrigin;dur=416
21:12:02.055 [OkHttp https://www.dbxsz.com/...] DEBUG io.legado.app.model.DebugLog - vary: Accept-Encoding
21:12:02.055 [OkHttp https://www.dbxsz.com/...] DEBUG io.legado.app.model.DebugLog - report-to: {"group":"cf-nel","max_age":604800,"endpoints":[{"url":"https://a.nel.cloudflare.com/report/v4?s=yaX8HX4cSF1z1791BwLBRT%2FJlAGn7W%2BWblrUiA5LSOrBukfyK%2F3iYc2Z2O3hJn1YN0I5DANU%2FvtqZDnsoQZcnxMTg6kJ2zRtLLKOjHoImS%2BwOb1bxh%2FgwNhHZIildFyI"}]}
21:12:02.056 [OkHttp https://www.dbxsz.com/...] DEBUG io.legado.app.model.DebugLog - server: cloudflare
21:12:02.056 [OkHttp https://www.dbxsz.com/...] DEBUG io.legado.app.model.DebugLog - cf-cache-status: DYNAMIC
21:12:02.056 [OkHttp https://www.dbxsz.com/...] DEBUG io.legado.app.model.DebugLog - content-encoding: gzip
21:12:02.056 [OkHttp https://www.dbxsz.com/...] DEBUG io.legado.app.model.DebugLog - cf-ray: a2b035717caf0e18-AMS
21:12:02.056 [OkHttp https://www.dbxsz.com/...] DEBUG io.legado.app.model.DebugLog - alt-svc: h3=":443"; ma=86400
21:12:02.356 [OkHttp https://www.dbxsz.com/...] DEBUG io.legado.app.model.DebugLog - 
21:12:02.358 [OkHttp https://www.dbxsz.com/...] DEBUG io.legado.app.model.DebugLog - <!DOCTYPE html>
<html lang="zh-cn">
<head>
<meta charset="utf-8">
<meta http-equiv="X-UA-Compatible" content="IE=edge">
<meta name="viewport" content="width=device-width, initial-scale=1">
<title>ҹ��������(��˵��������)ȫ���Ķ�|�����½�|TXT����|�޹�浯��</title>

	<meta name="keywords" content="��˵��������,��˵������������,��˵������������С˵,ҹ��������,ҹ�������������½�,ҹ����������,ҹ����������Ȥ��,ҹ�������������,����С˵��"/>
	<meta name="description" content="����С˵�� �ṩ �������  /  ҹ�������� ȫ���Ķ��� �������  /  ҹ�������� TXT���أ��޹�浯���� �����½� ��ǣ�����
"/>
	
	<meta property="og:type" content="novel"/>
	<meta property="og:title" content="ҹ��������"/>
	<meta property="og:description" content=" �����ϵ��޺��У�Ũ�ܵĸ�������£����ݺ�����ǰ�ˣ��ǿƼ�����֮������磬Ҳ����ʵ����õķֽ硣 ���������壬��ȥ��δ���� ����������������粢�棬��ǰ��һ�У�����ʱ��֮ǽ������ǰ�� �ڰ������֡� ����Ҫ��"/>
	<meta property="og:image" content="/uploads/cover/20869s.jpg"/>
	<meta property="og:novel:category" content="�������"/>
	<meta property="og:novel:author" content="��˵��������"/>
	<meta property="og:novel:book_name" content="ҹ��������"/>
	<meta property="og:novel:read_url" content="/book/p20869/"/>
	<meta property="og:url" content="/book/p20869/"/>
	<meta property="og:novel:status" content="���"/>
	<meta property="og:novel:author_link" content="/book/p20869/"/>
	<meta property="og:novel:update_time" content="19:56:26"/>
	<meta property="og:novel:latest_chapter_name" content="��ǣ�����"/>
	<meta property="og:novel:latest_chapter_url" content="/book/p20869/5641304.html"/>

	<!--360 seo end-->	
		<link href="/static/css/bootstrap.min.css" rel="stylesheet">
	<link href="/static/css/font-awesome.min.css" rel="stylesheet" >
	<link href="/static/css/base.css" rel="stylesheet">
	<script src="/static/js/action.js"></script>
	<!--[if lt IE 9]>
      <script src="/static/js/html5shiv.min.js"></script>
      <script src="/static/js/respond.min.js"></script>
    <![endif]-->
	<script type="text/javascript">
      var book = new Object();
      book.id="20869";
      book.name="ҹ��������";
      book.url="/book/p20869/";
    </script>
</head>
<body>
<div class="top">
	<div class="container">
    	<div class="logo-name"><a href="/">����С˵��</a></div>
        <div class="float-right"><script>play("lan")</script></div>
    </div>
</div>
<div class="container">
	<div class="book-type t10">
        <ol class="breadcrumb">
        <li><a href="/nav/xh-qh.html" target="_blank">���á����</a></li><li><a href="/nav/kh-yx.html" target="_blank">�ƻá���Ϸ</a></li><li><a href="/nav/xx-wx.html" target="_blank">����������</a></li><li><a href="/nav/ns-yq.html" target="_blank">Ů��������</a></li><li><a href="/nav/ds-yl.html" target="_blank">���С�����</a></li><li><a href="/nav/ls-js.html" target="_blank">��ʷ������</a></li><li><a href="/nav/xy-ly.html" target="_blank">���ɡ�����</a></li><li><a href="/nav/dm-ca.html" target="_blank">����������</a></li><li><a href="/nav/qxs.html" target="_blank">��С˵</a></li>
		<li><i class="fa fa-book" aria-hidden="true"></i> <a href="/readbook.html" target="_blank">�ҵ����</a></li>
        </ol>
    </div>
    <div class="clear"></div>
	      <div class="search row">
        <div class="col-sm-4 col-xs-12">
          <form id="search-form" action="/plus/search.php">
            <div class="input-group">
              <input type="text" class="form-control" placeholder="����������" id="bdcsMain" name="q" />
              <div class="input-group-addon" onclick="search();"><span class="fa fa-search"></span></div>
            </div>
          </form>
        </div>
		<div class="col-sm-2 hidden-xs">
          
        </div>
        <div class="col-sm-6 hidden-xs">
         
        </div>
      </div>
</div>

<div class="container">
  <script>play("announce")</script>
  <div class="col-left">
    <!-- Book Info Begin -->
	<div class="book-info">  
	  <div class="panel panel-info">
		<div class="panel-body">
		  <div class="media">
			<div class="media-left"> <a href="/book/p20869/" target="_blank"> <img class="book-img-middel" src="/uploads/cover/20869s.jpg" alt="ҹ��������" title="ҹ��������"/> </a>
            </div>
			<div class="media-body">
			  <h1 class="book-name"><a href="/book/p20869/" title="ҹ��������">ҹ��������</a></h1>
			  <div class="clear"></div>
			  <div class="row">
                <div class="col-md-8 col-sm-6 dark"> ���ߣ�<a href="/author/��˵��������.html" target="_blank">��˵��������</a> </div>
                <div class="col-md-4 col-sm-6 dark">״̬�����</div>
				<div class="col-md-8 col-sm-6 dark">������£�<a href="/book/p20869/5641304.html">��ǣ�����</a> </div>
				<div class="col-md-4 col-sm-6 dark hidden-sm hidden-xs">19:56:26</div>

              </div>
			  <div class="reader-bar hidden-xs hidden-sm">
				<div class="row">
				  <a href="/book/p20869/5640305.html">
				  <div class="col-xs-5 btn btn-info">��ʼ�Ķ�</div>
				  </a>

				  <div class="col-xs-1"></div>
				  <a href="/txt/20869.html" target="_blank">
				  <div class="col-xs-5 btn btn-info">����������</div>	
				  </a>
				</div>
			  </div>
			</div>
			<div class="reader-bar visible-sm visible-xs">			
				<div class="row t10">
				  <a href="/book/p20869/5640305.html">
				  <div class="col-xs-5 btn btn-info">��ʼ�Ķ�</div>
				  </a>

				  <div class="col-xs-1"></div>
				  <a href="/txt/20869.html" target="_blank">
				  <div class="col-xs-5 btn btn-info">����������</div>	
				  </a>
				</div>
			</div>
		  </div>
		  <div class="row t10" onclick="showBookDetail()">
			  <div class="col-sm-11 col-xs-10">
				  <div class="book-detail">
					 �����ϵ��޺��У�Ũ�ܵĸ�������£����ݺ�����ǰ�ˣ��ǿƼ�����֮������磬Ҳ����ʵ����õķֽ硣 ���������壬��ȥ��δ���� ����������������粢�棬��ǰ��һ�У�����ʱ��֮ǽ������ǰ�� �ڰ������֡� ����Ҫ���װ��ҵ����ѣ����ǲ���������ȥӦ�Ժڰ���Ҫ�û� 
				  </div>
			  </div>
			  <div class="col-sm-1 col-xs-2"><span id="up-down" class="fa fa-angle-down"></span>
			  </div>
		  </div>
		</div>
	  </div>     
	</div>
	<!-- Book Info End -->
	<div class="clear"></div>
	<div class="chapter-history"></div>
    <!-- Chapter Begin -->
    <div class="chapter">
	  <div class="panel panel-info">
        <div class="panel-heading">
          <h3 class="panel-title"><strong>ҹ�������������½�</strong></h3>
        </div>
        <div class="panel-body">
          <div class="row">
			<div class="col-md-6 item"> <a href="/book/p20869/5641304.html" title="��ǣ�����" target="_blank">��ǣ�����</a> </div>
<div class="col-md-6 item"> <a href="/book/p20869/5641303.html" title="��ǣ�һ��" target="_blank">��ǣ�һ��</a> </div>
<div class="col-md-6 item"> <a href="/book/p20869/5641302.html" title="��998�¡����һ�̣��꣩" target="_blank">��998�¡����һ�̣��꣩</a> </div>
<div class="col-md-6 item"> <a href="/book/p20869/5641301.html" title="��997�¡����һ�̣��ţ�" target="_blank">��997�¡����һ�̣��ţ�</a> </div>
<div class="col-md-6 item"> <a href="/book/p20869/5641300.html" title="��996�¡����һ�̣��ˣ�" target="_blank">��996�¡����һ�̣��ˣ�</a> </div>
<div class="col-md-6 item"> <a href="/book/p20869/5641299.html" title="��995�¡����һ�̣��ߣ�" target="_blank">��995�¡����һ�̣��ߣ�</a> </div>
<div class="col-md-6 item"> <a href="/book/p20869/5641298.html" title="��994�¡����һ�̣�����" target="_blank">��994�¡����һ�̣�����</a> </div>
<div class="col-md-6 item"> <a href="/book/p20869/5641297.html" title="��993�¡����һ�̣��壩" target="_blank">��993�¡����һ�̣��壩</a> </div>
<div class="col-md-6 item"> <a href="/book/p20869/5641296.html" title="��992�¡����һ�̣��ģ�" target="_blank">��992�¡����һ�̣��ģ�</a> </div>
<div class="col-md-6 item"> <a href="/book/p20869/5641295.html" title="��991�¡����һ�̣�����" target="_blank">��991�¡����һ�̣�����</a> </div>
<div class="col-md-6 item"> <a href="/book/p20869/5641294.html" title="��990�¡����һ�̣�����" target="_blank">��990�¡����һ�̣�����</a> </div>
<div class="col-md-6 item"> <a href="/book/p20869/5641293.html" title="��989�¡����һ��" target="_blank">��989�¡����һ��</a> </div>

          </div>
        </div>
		<div class="panel-footer visible-xs visible-sm">
          <h3 class="panel-title text-center" onClick="showAllChapter('#fix-chapter')">ȫ���½�>>>></h3>
        </div>
      </div>
	  <!-- New Chapter End -->
	  <div class="clear" id="fix-chapter"></div>
	  <!-- All Chapter Begin -->
      <div id="all-chapter">
        <div class="panel panel-info">
          <div class="panel-heading">
            <h3 class="panel-title"><strong>ҹ���������½�Ŀ¼</strong></h3>
          </div>
          <div class="panel-body">
            <div class="row">
			  <div class="col-md-6 item">
				<a href="/book/p20869/5640305.html" title="��1�¡���ȵ���" target="_blank">��1�¡���ȵ���</a>
			  </div><div class="col-md-6 item">
				<a href="/book/p20869/5640306.html" title="��2�¡�����ʱ" target="_blank">��2�¡�����ʱ</a>
			  </div><div class="col-md-6 item">
				<a href="/book/p20869/5640307.html" title="��3�¡����������" target="_blank">��3�¡����������</a>
			  </div><div class="col-md-6 item">
				<a href="/book/p20869/5640308.html" title="��4�¡���ֹһ��" target="_blank">��4�¡���ֹһ��</a>
			  </div><div class="col-md-6 item">
				<a href="/book/p20869/5640309.html" title="��5�¡���Ȼ�ĵ�λ" target="_blank">��5�¡���Ȼ�ĵ�λ</a>
			  </div><div class="col-md-6 item">
				<a href="/book/p20869/5640310.html" title="��6�¡����ӵĺ���" target="_blank">��6�¡����ӵĺ���</a>
			  </div><div class="col-md-6 item">
				<a href="/book/p20869/5640311.html" title="��7�¡����010101" target="_blank">��7�¡����010101</a>
			  </div><div class="col-md-6 item">
				<a href="/book/p20869/5640312.html" title="��8�¡�Ӱ��" target="_blank">��8�¡�Ӱ��</a>
			  </div><div class="col-md-6 item">
				<a href="/book/p20869/5640313.html" title="��9�¡�����" target="_blank">��9�¡�����</a>
			  </div><div class="col-md-6 item">
				<a href="/book/p20869/5640314.html" title="��10�¡�Ҫ�û�" target="_blank">��10�¡�Ҫ�û�</a>
			  </div><div class="col-md-6 item">
				<a href="/book/p20869/5640315.html" title="��11�¡��ͱ�" target="_blank">��11�¡��ͱ�</a>
			  </div><div class="col-md-6 item">
				<a href="/book/p20869/5640316.html" title="��12�¡��ع�" target="_blank">��12�¡��ع�</a>
			  </div><div class="col-md-6 item">
				<a href="/book/p20869/5640317.html" title="��13�¡�����" target="_blank">��13�¡�����</a>
			  </div><div class="col-md-6 item">
				<a href="/book/p20869/5640318.html" title="��14�¡�������������" target="_blank">��14�¡�������������</a>
			  </div><div class="col-md-6 item">
				<a href="/book/p20869/5640319.html" title="��15�¡���������" target="_blank">��15�¡���������</a>
			  </div><div class="col-md-6 item">
				<a href="/book/p20869/5640320.html" title="��16�¡���ֻ��һ��" target="_blank">��16�¡���ֻ��һ��</a>
			  </div><div class="col-md-6 item">
				<a href="/book/p20869/5640321.html" title="��17�¡��������" target="_blank">��17�¡��������</a>
			  </div><div class="col-md-6 item">
				<a href="/book/p20869/5640322.html" title="��18�¡�������֯" target="_blank">��18�¡�������֯</a>
			  </div><div class="col-md-6 item">
				<a href="/book/p20869/5640323.html" title="��19�¡����Ƴ���" target="_blank">��19�¡����Ƴ���</a>
			  </div><div class="col-md-6 item">
				<a href="/book/p20869/5640324.html" title="��20�¡���Խ�ߵ�Ⱥ��" target="_blank">��20�¡���Խ�ߵ�Ⱥ��</a>
			  </div><div class="col-md-6 item">
				<a href="/book/p20869/5640325.html" title="��21�¡�����Ƭ��Ӱ��֮��" target="_blank">��21�¡�����Ƭ��Ӱ��֮��</a>
			  </div><div class="col-md-6 item">
				<a href="/book/p20869/5640326.html" title="��22�¡���ӭ����18�ż���" target="_blank">��22�¡���ӭ����18�ż���</a>
			  </div><div class="col-md-6 item">
				<a href="/book/p20869/5640327.html" title="��23�¡�����֮��" target="_blank">��23�¡�����֮��</a>
			  </div><div class="col-md-6 item">
				<a href="/book/p20869/5640328.html" title="��24�¡����������" target="_blank">��24�¡����������</a>
			  </div><div class="col-md-6 item">
				<a href="/book/p20869/5640329.html" title="��25�¡��µ�����" target="_blank">��25�¡��µ�����</a>
			  </div><div class="col-md-6 item">
				<a href="/book/p20869/5640330.html" title="��26�¡�������ʹ����������Ż���ߵ�" target="_blank">��26�¡�������ʹ����������Ż���ߵ�</a>
			  </div><div class="col-md-6 item">
				<a href="/book/p20869/5640331.html" title="��27�¡�������" target="_blank">��27�¡�������</a>
			  </div><div class="col-md-6 item">
				<a href="/book/p20869/5640332.html" title="��28�¡��ٴλع�" target="_blank">��28�¡��ٴλع�</a>
			  </div><div class="col-md-6 item">
				<a href="/book/p20869/5640333.html" title="��29�¡������" target="_blank">��29�¡������</a>
			  </div><div class="col-md-6 item">
				<a href="/book/p20869/5640334.html" title="��30�¡���ô׬Ǯ" target="_blank">��30�¡���ô׬Ǯ</a>
			  </div><div class="col-md-6 item">
				<a href="/book/p20869/5640335.html" title="��31�¡����ϲ���" target="_blank">��31�¡����ϲ���</a>
			  </div><div class="col-md-6 item">
				<a href="/book/p20869/5640336.html" title="��32�¡���ͽ" target="_blank">��32�¡���ͽ</a>
			  </div><div class="col-md-6 item">
				<a href="/book/p20869/5640337.html" title="��33�¡��ϵ�Ļ�е֫��" target="_blank">��33�¡��ϵ�Ļ�е֫��</a>
			  </div><div class="col-md-6 item">
				<a href="/book/p20869/5640338.html" title="��34�¡����ؿ�" target="_blank">��34�¡����ؿ�</a>
			  </div><div class="col-md-6 item">
				<a href="/book/p20869/5640339.html" title="��35�¡�Ѱ���쳾" target="_blank">��35�¡�Ѱ���쳾</a>
			  </div><div class="col-md-6 item">
				<a href="/book/p20869/5640340.html" title="��36�¡��µĹ���" target="_blank">��36�¡��µĹ���</a>
			  </div><div class="col-md-6 item">
				<a href="/book/p20869/5640341.html" title="��37�¡�������" target="_blank">��37�¡�������</a>
			  </div><div class="col-md-6 item">
				<a href="/book/p20869/5640342.html" title="��38�¡��쳾������" target="_blank">��38�¡��쳾������</a>
			  </div><div class="col-md-6 item">
				<a href="/book/p20869/5640343.html" title="��39�¡����нݾ����Զ������·" target="_blank">��39�¡����нݾ����Զ������·</a>
			  </div><div class="col-md-6 item">
				<a href="/book/p20869/5640344.html" title="��40�¡�����" target="_blank">��40�¡�����</a>
			  </div><div class="col-md-6 item">
				<a href="/book/p20869/5640345.html" title="��41�¡�����Ժ����" target="_blank">��41�¡�����Ժ����</a>
			  </div><div class="col-md-6 item">
				<a href="/book/p20869/5640346.html" title="��42�¡�ɱ����" target="_blank">��42�¡�ɱ����</a>
			  </div><div class="col-md-6 item">
				<a href="/book/p20869/5640347.html" title="��43�¡�����" target="_blank">��43�¡�����</a>
			  </div><div class="col-md-6 item">
				<a href="/book/p20869/5640348.html" title="��44�¡�ֱ��ʹ��" target="_blank">��44�¡�ֱ��ʹ��</a>
			  </div><div class="col-md-6 item">
				<a href="/book/p20869/5640349.html" title="��45�¡�������" target="_blank">��45�¡�������</a>
			  </div><div class="col-md-6 item">
				<a href="/book/p20869/5640350.html" title="��46�¡�����̽��" target="_blank">��46�¡�����̽��</a>
			  </div><div class="col-md-6 item">
				<a href="/book/p20869/5640351.html" title="��47�¡���������" target="_blank">��47�¡���������</a>
			  </div><div class="col-md-6 item">
				<a href="/book/p20869/5640352.html" title="��48�¡������ߣ�������" target="_blank">��48�¡������ߣ�������</a>
			  </div><div class="col-md-6 item">
				<a href="/book/p20869/5640353.html" title="��49�¡�����" target="_blank">��49�¡�����</a>
			  </div><div class="col-md-6 item">
				<a href="/book/p20869/5640354.html" title="��50�¡����ղ���" target="_blank">��50�¡����ղ���</a>
			  </div><div class="col-md-6 item">
				<a href="/book/p20869/5640355.html" title="��51�¡�תУ��" target="_blank">��51�¡�תУ��</a>
			  </div><div class="col-md-6 item">
				<a href="/book/p20869/5640356.html" title="��52�¡����ھ�" target="_blank">��52�¡����ھ�</a>
			  </div><div class="col-md-6 item">
				<a href="/book/p20869/5640357.html" title="��53�¡�ѧ����ѧ��" target="_blank">��53�¡�ѧ����ѧ��</a>
			  </div><div class="col-md-6 item">
				<a href="/book/p20869/5640358.html" title="��54�¡��������������������Իط�" target="_blank">��54�¡��������������������Իط�</a>
			  </div><div class="col-md-6 item">
				<a href="/book/p20869/5640359.html" title="��55�¡���̽������" target="_blank">��55�¡���̽������</a>
			  </div><div class="col-md-6 item">
				<a href="/book/p20869/5640360.html" title="��56�¡���λ�ϰ�" target="_blank">��56�¡���λ�ϰ�</a>
			  </div><div class="col-md-6 item">
				<a href="/book/p20869/5640361.html" title="��57�¡�����Ҫ��" target="_blank">��57�¡�����Ҫ��</a>
			  </div><div class="col-md-6 item">
				<a href="/book/p20869/5640362.html" title="��58�¡���ô�򵥵��ⶼ����" target="_blank">��58�¡���ô�򵥵��ⶼ����</a>
			  </div><div class="col-md-6 item">
				<a href="/book/p20869/5640363.html" title="��59�¡�����" target="_blank">��59�¡�����</a>
			  </div><div class="col-md-6 item">
				<a href="/book/p20869/5640364.html" title="��60�¡�������" target="_blank">��60�¡�������</a>
			  </div><div class="col-md-6 item">
				<a href="/book/p20869/5640365.html" title="��61�¡����㿴һ�۷羰" target="_blank">��61�¡����㿴һ�۷羰</a>
			  </div><div class="col-md-6 item">
				<a href="/book/p20869/5640366.html" title="��62�¡�һ����" target="_blank">��62�¡�һ����</a>
			  </div><div class="col-md-6 item">
				<a href="/book/p20869/5640367.html" title="��63�¡��һ����ٳ�����" target="_blank">��63�¡��һ����ٳ�����</a>
			  </div><div class="col-md-6 item">
				<a href="/book/p20869/5640368.html" title="��64�¡�������������" target="_blank">��64�¡�������������</a>
			  </div><div class="col-md-6 item">
				<a href="/book/p20869/5640369.html" title="��65�¡�����������Ŧ��" target="_blank">��65�¡�����������Ŧ��</a>
			  </div><div class="col-md-6 item">
				<a href="/book/p20869/5640370.html" title="��66�¡�һ�����ڱ�����Ľ���" target="_blank">��66�¡�һ�����ڱ�����Ľ���</a>
			  </div><div class="col-md-6 item">
				<a href="/book/p20869/5640371.html" title="��67�¡����еĲ���ҹ" target="_blank">��67�¡����еĲ���ҹ</a>
			  </div><div class="col-md-6 item">
				<a href="/book/p20869/5640372.html" title="��68�¡��Ằ666����" target="_blank">��68�¡��Ằ666����</a>
			  </div><div class="col-md-6 item">
				<a href="/book/p20869/5640373.html" title="��69�¡��ɲ�����ס�����" target="_blank">��69�¡��ɲ�����ס�����</a>
			  </div><div class="col-md-6 item">
				<a href="/book/p20869/5640374.html" title="��70�¡�¥�ϵ�����" target="_blank">��70�¡�¥�ϵ�����</a>
			  </div><div class="col-md-6 item">
				<a href="/book/p20869/5640375.html" title="��71�¡���ҹ����" target="_blank">��71�¡���ҹ����</a>
			  </div><div class="col-md-6 item">
				<a href="/book/p20869/5640376.html" title="��72�¡���ը��" target="_blank">��72�¡���ը��</a>
			  </div><div class="col-md-6 item">
				<a href="/book/p20869/5640377.html" title="��73�¡�������" target="_blank">��73�¡�������</a>
			  </div><div class="col-md-6 item">
				<a href="/book/p20869/5640378.html" title="��74�¡�����" target="_blank">��74�¡�����</a>
			  </div><div class="col-md-6 item">
				<a href="/book/p20869/5640379.html" title="��75�¡���̨֮��" target="_blank">��75�¡���̨֮��</a>
			  </div><div class="col-md-6 item">
				<a href="/book/p20869/5640380.html" title="��76�¡������˽��" target="_blank">��76�¡������˽��</a>
			  </div><div class="col-md-6 item">
				<a href="/book/p20869/5640381.html" title="��77�¡�ACE-099" target="_blank">��77�¡�ACE-099</a>
			  </div><div class="col-md-6 item">
				<a href="/book/p20869/5640382.html" title="��78�¡�����֮ǰ" target="_blank">��78�¡�����֮ǰ</a>
			  </div><div class="col-md-6 item">
				<a href="/book/p20869/5640383.html" title="��79�¡�������ɽ" target="_blank">��79�¡�������ɽ</a>
			  </div><div class="col-md-6 item">
				<a href="/book/p20869/5640384.html" title="��80�¡����ڹ�" target="_blank">��80�¡����ڹ�</a>
			  </div><div class="col-md-6 item">
				<a href="/book/p20869/5640385.html" title="��81�¡�����֮����" target="_blank">��81�¡�����֮����</a>
			  </div><div class="col-md-6 item">
				<a href="/book/p20869/5640386.html" title="��82�¡�Ҫ�������" target="_blank">��82�¡�Ҫ�������</a>
			  </div><div class="col-md-6 item">
				<a href="/book/p20869/5640387.html" title="��83�¡�ս��������" target="_blank">��83�¡�ս��������</a>
			  </div><div class="col-md-6 item">
				<a href="/book/p20869/5640388.html" title="��84�¡�͵Ϯ��̽��" target="_blank">��84�¡�͵Ϯ��̽��</a>
			  </div><div class="col-md-6 item">
				<a href="/book/p20869/5640389.html" title="��85�¡����������" target="_blank">��85�¡����������</a>
			  </div><div class="col-md-6 item">
				<a href="/book/p20869/5640390.html" title="��86�¡���������" target="_blank">��86�¡���������</a>
			  </div><div class="col-md-6 item">
				<a href="/book/p20869/5640391.html" title="��87�¡���������" target="_blank">��87�¡���������</a>
			  </div><div class="col-md-6 item">
				<a href="/book/p20869/5640392.html" title="��88�¡��ո�����������" target="_blank">��88�¡��ո�����������</a>
			  </div><div class="col-md-6 item">
				<a href="/book/p20869/5640393.html" title="��89�¡�����" target="_blank">��89�¡�����</a>
			  </div><div class="col-md-6 item">
				<a href="/book/p20869/5640394.html" title="��90�¡��ڹ�" target="_blank">��90�¡��ڹ�</a>
			  </div><div class="col-md-6 item">
				<a href="/book/p20869/5640395.html" title="��91�¡���һ��ʱ������" target="_blank">��91�¡���һ��ʱ������</a>
			  </div><div class="col-md-6 item">
				<a href="/book/p20869/5640396.html" title="��92�¡������䶨" target="_blank">��92�¡������䶨</a>
			  </div><div class="col-md-6 item">
				<a href="/book/p20869/5640397.html" title="��93�¡��µĿ�ʼ" target="_blank">��93�¡��µĿ�ʼ</a>
			  </div><div class="col-md-6 item">
				<a href="/book/p20869/5640398.html" title="��94�¡�����" target="_blank">��94�¡�����</a>
			  </div><div class="col-md-6 item">
				<a href="/book/p20869/5640399.html" title="��95�¡��ؼ���" target="_blank">��95�¡��ؼ���</a>
			  </div><div class="col-md-6 item">
				<a href="/book/p20869/5640400.html" title="��96�¡���������ѡ��" target="_blank">��96�¡���������ѡ��</a>
			  </div><div class="col-md-6 item">
				<a href="/book/p20869/5640401.html" title="��97�¡�����" target="_blank">��97�¡�����</a>
			  </div><div class="col-md-6 item">
				<a href="/book/p20869/5640402.html" title="��98�¡�һ�������İ�" target="_blank">��98�¡�һ�������İ�</a>
			  </div><div class="col-md-6 item">
				<a href="/book/p20869/5640403.html" title="��99�¡�������ܵĳͷ�" target="_blank">��99�¡�������ܵĳͷ�</a>
			  </div><div class="col-md-6 item">
				<a href="/book/p20869/5640404.html" title="��100�¡�Ѱ���ڹ�" target="_blank">��100�¡�Ѱ���ڹ�</a>
			  </div><div class="col-md-6 item">
				<a href="/book/p20869/5640405.html" title="��101�¡�������ACE-017" target="_blank">��101�¡�������ACE-017</a>
			  </div><div class="col-md-6 item">
				<a href="/book/p20869/5640406.html" title="��102�¡������������" target="_blank">��102�¡������������</a>
			  </div><div class="col-md-6 item">
				<a href="/book/p20869/5640407.html" title="��103�¡��µ�ʱ������" target="_blank">��103�¡��µ�ʱ������</a>
			  </div><div class="col-md-6 item">
				<a href="/book/p20869/5640408.html" title="��104�¡����ⲻ��" target="_blank">��104�¡����ⲻ��</a>
			  </div><div class="col-md-6 item">
				<a href="/book/p20869/5640409.html" title="��105�¡��ֳ�ȥ��" target="_blank">��105�¡��ֳ�ȥ��</a>
			  </div><div class="col-md-6 item">
				<a href="/book/p20869/5640410.html" title="��106�¡���Ұ" target="_blank">��106�¡���Ұ</a>
			  </div><div class="col-md-6 item">
				<a href="/book/p20869/5640411.html" title="��107�¡�����������" target="_blank">��107�¡�����������</a>
			  </div><div class="col-md-6 item">
				<a href="/book/p20869/5640412.html" title="��108�¡���������" target="_blank">��108�¡���������</a>
			  </div><div class="col-md-6 item">
				<a href="/book/p20869/5640413.html" title="��109�¡�����" target="_blank">��109�¡�����</a>
			  </div><div class="col-md-6 item">
				<a href="/book/p20869/5640414.html" title="��110�¡�����Ŀ��" target="_blank">��110�¡�����Ŀ��</a>
			  </div><div class="col-md-6 item">
				<a href="/book/p20869/5640415.html" title="��111�¡���Ұ" target="_blank">��111�¡���Ұ</a>
			  </div><div class="col-md-6 item">
				<a href="/book/p20869/5640416.html" title="��112�¡�������ĳ���" target="_blank">��112�¡�������ĳ���</a>
			  </div><div class="col-md-6 item">
				<a href="/book/p20869/5640417.html" title="��113�¡�������" target="_blank">��113�¡�������</a>
			  </div><div class="col-md-6 item">
				<a href="/book/p20869/5640418.html" title="��114�¡��ؼ�" target="_blank">��114�¡��ؼ�</a>
			  </div><div class="col-md-6 item">
				<a href="/book/p20869/5640419.html" title="��115�¡�����" target="_blank">��115�¡�����</a>
			  </div><div class="col-md-6 item">
				<a href="/book/p20869/5640420.html" title="��116�¡�ϮӪ" target="_blank">��116�¡�ϮӪ</a>
			  </div><div class="col-md-6 item">
				<a href="/book/p20869/5640421.html" title="��117�¡������ܣ�û�ܵ�" target="_blank">��117�¡������ܣ�û�ܵ�</a>
			  </div><div class="col-md-6 item">
				<a href="/book/p20869/5640422.html" title="��118�¡����˵�����" target="_blank">��118�¡����˵�����</a>
			  </div><div class="col-md-6 item">
				<a href="/book/p20869/5640423.html" title="��119�¡������ÿ�" target="_blank">��119�¡������ÿ�</a>
			  </div><div class="col-md-6 item">
				<a href="/book/p20869/5640424.html" title="��120�¡����ŵ�" target="_blank">��120�¡����ŵ�</a>
			  </div><div class="col-md-6 item">
				<a href="/book/p20869/5640425.html" title="��121�¡��������ĳ���" target="_blank">��121�¡��������ĳ���</a>
			  </div><div class="col-md-6 item">
				<a href="/book/p20869/5640426.html" title="��122�¡�����" target="_blank">��122�¡�����</a>
			  </div><div class="col-md-6 item">
				<a href="/book/p20869/5640427.html" title="��123�¡��������������" target="_blank">��123�¡��������������</a>
			  </div><div class="col-md-6 item">
				<a href="/book/p20869/5640428.html" title="��124�¡�Ͷ��" target="_blank">��124�¡�Ͷ��</a>
			  </div><div class="col-md-6 item">
				<a href="/book/p20869/5640429.html" title="��125�¡�ʱ���Ļ���" target="_blank">��125�¡�ʱ���Ļ���</a>
			  </div><div class="col-md-6 item">
				<a href="/book/p20869/5640430.html" title="��126�¡�˫����ʱ��" target="_blank">��126�¡�˫����ʱ��</a>
			  </div><div class="col-md-6 item">
				<a href="/book/p20869/5640431.html" title="��127�¡�����Ϊ��" target="_blank">��127�¡�����Ϊ��</a>
			  </div><div class="col-md-6 item">
				<a href="/book/p20869/5640432.html" title="��128�¡���ƽ�˾�" target="_blank">��128�¡���ƽ�˾�</a>
			  </div><div class="col-md-6 item">
				<a href="/book/p20869/5640433.html" title="��129�¡���һ���˽�" target="_blank">��129�¡���һ���˽�</a>
			  </div><div class="col-md-6 item">
				<a href="/book/p20869/5640434.html" title="��130�¡����" target="_blank">��130�¡����</a>
			  </div><div class="col-md-6 item">
				<a href="/book/p20869/5640435.html" title="��131�¡����ڴ�����" target="_blank">��131�¡����ڴ�����</a>
			  </div><div class="col-md-6 item">
				<a href="/book/p20869/5640436.html" title="��132�¡���ѧ��������" target="_blank">��132�¡���ѧ��������</a>
			  </div><div class="col-md-6 item">
				<a href="/book/p20869/5640437.html" title="��133�¡������������ʱ������" target="_blank">��133�¡������������ʱ������</a>
			  </div><div class="col-md-6 item">
				<a href="/book/p20869/5640438.html" title="��134�¡�С����" target="_blank">��134�¡�С����</a>
			  </div><div class="col-md-6 item">
				<a href="/book/p20869/5640439.html" title="��135�¡���ֵĿ���ģʽ" target="_blank">��135�¡���ֵĿ���ģʽ</a>
			  </div><div class="col-md-6 item">
				<a href="/book/p20869/5640440.html" title="��136�¡���Ӵ��" target="_blank">��136�¡���Ӵ��</a>
			  </div><div class="col-md-6 item">
				<a href="/book/p20869/5640441.html" title="��137�¡��Թ�������" target="_blank">��137�¡��Թ�������</a>
			  </div><div class="col-md-6 item">
				<a href="/book/p20869/5640442.html" title="��138�¡���ȫ�ش�" target="_blank">��138�¡���ȫ�ش�</a>
			  </div><div class="col-md-6 item">
				<a href="/book/p20869/5640443.html" title="��139�¡���ʦ��æ" target="_blank">��139�¡���ʦ��æ</a>
			  </div><div class="col-md-6 item">
				<a href="/book/p20869/5640444.html" title="��140�¡�����" target="_blank">��140�¡�����</a>
			  </div><div class="col-md-6 item">
				<a href="/book/p20869/5640445.html" title="��141�¡�����֮�صĹ���" target="_blank">��141�¡�����֮�صĹ���</a>
			  </div><div class="col-md-6 item">
				<a href="/book/p20869/5640446.html" title="��142�¡�����Ĺ���" target="_blank">��142�¡�����Ĺ���</a>
			  </div><div class="col-md-6 item">
				<a href="/book/p20869/5640447.html" title="��143�¡���������" target="_blank">��143�¡���������</a>
			  </div><div class="col-md-6 item">
				<a href="/book/p20869/5640448.html" title="��144�¡�������������" target="_blank">��144�¡�������������</a>
			  </div><div class="col-md-6 item">
				<a href="/book/p20869/5640449.html" title="��145�¡���ʿڣ" target="_blank">��145�¡���ʿڣ</a>
			  </div><div class="col-md-6 item">
				<a href="/book/p20869/5640450.html" title="��146�¡�002�Ž���֮�صĹ���" target="_blank">��146�¡�002�Ž���֮�صĹ���</a>
			  </div><div class="col-md-6 item">
				<a href="/book/p20869/5640451.html" title="��147�¡����ù���" target="_blank">��147�¡����ù���</a>
			  </div><div class="col-md-6 item">
				<a href="/book/p20869/5640452.html" title="��148�¡����Ǽ���" target="_blank">��148�¡����Ǽ���</a>
			  </div><div class="col-md-6 item">
				<a href="/book/p20869/5640453.html" title="��149�¡����߲�" target="_blank">��149�¡����߲�</a>
			  </div><div class="col-md-6 item">
				<a href="/book/p20869/5640454.html" title="��150�¡����׵ش�" target="_blank">��150�¡����׵ش�</a>
			  </div><div class="col-md-6 item">
				<a href="/book/p20869/5640455.html" title="��151�¡��������֣�" target="_blank">��151�¡��������֣�</a>
			  </div><div class="col-md-6 item">
				<a href="/book/p20869/5640456.html" title="��152�¡�����׹߻�С����" target="_blank">��152�¡�����׹߻�С����</a>
			  </div><div class="col-md-6 item">
				<a href="/book/p20869/5640457.html" title="��153�¡����ԣ�" target="_blank">��153�¡����ԣ�</a>
			  </div><div class="col-md-6 item">
				<a href="/book/p20869/5640458.html" title="��154�¡���һ��ɽ" target="_blank">��154�¡���һ��ɽ</a>
			  </div><div class="col-md-6 item">
				<a href="/book/p20869/5640459.html" title="��155�¡�׷һ����" target="_blank">��155�¡�׷һ����</a>
			  </div><div class="col-md-6 item">
				<a href="/book/p20869/5640460.html" title="��156�¡���ɫ����" target="_blank">��156�¡���ɫ����</a>
			  </div><div class="col-md-6 item">
				<a href="/book/p20869/5640461.html" title="��157�¡���Ҷ��" target="_blank">��157�¡���Ҷ��</a>
			  </div><div class="col-md-6 item">
				<a href="/book/p20869/5640462.html" title="��158�¡�����ľż" target="_blank">��158�¡�����ľż</a>
			  </div><div class="col-md-6 item">
				<a href="/book/p20869/5640463.html" title="��159�¡����Ϊ����ϯ�ض���" target="_blank">��159�¡����Ϊ����ϯ�ض���</a>
			  </div><div class="col-md-6 item">
				<a href="/book/p20869/5640464.html" title="��160�¡�����©��" target="_blank">��160�¡�����©��</a>
			  </div><div class="col-md-6 item">
				<a href="/book/p20869/5640465.html" title="��161�¡�ʧ�ٵ�ʿ��" target="_blank">��161�¡�ʧ�ٵ�ʿ��</a>
			  </div><div class="col-md-6 item">
				<a href="/book/p20869/5640466.html" title="��162�¡���Ӧ��ְҵ����" target="_blank">��162�¡���Ӧ��ְҵ����</a>
			  </div><div class="col-md-6 item">
				<a href="/book/p20869/5640467.html" title="��163�¡��㲻���Ρ" target="_blank">��163�¡��㲻���Ρ</a>
			  </div><div class="col-md-6 item">
				<a href="/book/p20869/5640468.html" title="��164�¡�׷��" target="_blank">��164�¡�׷��</a>
			  </div><div class="col-md-6 item">
				<a href="/book/p20869/5640469.html" title="��165�¡������䶨" target="_blank">��165�¡������䶨</a>
			  </div><div class="col-md-6 item">
				<a href="/book/p20869/5640470.html" title="��166�¡��ع�" target="_blank">��166�¡��ع�</a>
			  </div><div class="col-md-6 item">
				<a href="/book/p20869/5640471.html" title="��167�¡�����ƻ�" target="_blank">��167�¡�����ƻ�</a>
			  </div><div class="col-md-6 item">
				<a href="/book/p20869/5640472.html" title="��168�¡��ּ�תУ��" target="_blank">��168�¡��ּ�תУ��</a>
			  </div><div class="col-md-6 item">
				<a href="/book/p20869/5640473.html" title="��169�¡�Ļ����Ǹ���" target="_blank">��169�¡�Ļ����Ǹ���</a>
			  </div><div class="col-md-6 item">
				<a href="/book/p20869/5640474.html" title="��170�¡����ҵĸ���" target="_blank">��170�¡����ҵĸ���</a>
			  </div><div class="col-md-6 item">
				<a href="/book/p20869/5640475.html" title="��171�¡���ҹ��Ѫˮ��ɱ��" target="_blank">��171�¡���ҹ��Ѫˮ��ɱ��</a>
			  </div><div class="col-md-6 item">
				<a href="/book/p20869/5640476.html" title="��172�¡�˫��" target="_blank">��172�¡�˫��</a>
			  </div><div class="col-md-6 item">
				<a href="/book/p20869/5640477.html" title="��173�¡�����Ī����ϰ�" target="_blank">��173�¡�����Ī����ϰ�</a>
			  </div><div class="col-md-6 item">
				<a href="/book/p20869/5640478.html" title="��174�¡����һؼ�" target="_blank">��174�¡����һؼ�</a>
			  </div><div class="col-md-6 item">
				<a href="/book/p20869/5640479.html" title="��175�¡�ǧ��֮�е�����" target="_blank">��175�¡�ǧ��֮�е�����</a>
			  </div><div class="col-md-6 item">
				<a href="/book/p20869/5640480.html" title="��176�¡���Ч��" target="_blank">��176�¡���Ч��</a>
			  </div><div class="col-md-6 item">
				<a href="/book/p20869/5640481.html" title="��177�¡�����" target="_blank">��177�¡�����</a>
			  </div><div class="col-md-6 item">
				<a href="/book/p20869/5640482.html" title="��178�¡�˫��" target="_blank">��178�¡�˫��</a>
			  </div><div class="col-md-6 item">
				<a href="/book/p20869/5640483.html" title="��179�¡�ʦ���������ף�" target="_blank">��179�¡�ʦ���������ף�</a>
			  </div><div class="col-md-6 item">
				<a href="/book/p20869/5640484.html" title="��180�¡�ʦ��" target="_blank">��180�¡�ʦ��</a>
			  </div><div class="col-md-6 item">
				<a href="/book/p20869/5640485.html" title="��181�¡��˹����ܣ�Ҽ" target="_blank">��181�¡��˹����ܣ�Ҽ</a>
			  </div><div class="col-md-6 item">
				<a href="/book/p20869/5640486.html" title="��182�¡���������ط�" target="_blank">��182�¡���������ط�</a>
			  </div><div class="col-md-6 item">
				<a href="/book/p20869/5640487.html" title="��183�¡�ȥ��һ����Ҽ�" target="_blank">��183�¡�ȥ��һ����Ҽ�</a>
			  </div><div class="col-md-6 item">
				<a href="/book/p20869/5640488.html" title="��184�¡������ֵ�����ͬ" target="_blank">��184�¡������ֵ�����ͬ</a>
			  </div><div class="col-md-6 item">
				<a href="/book/p20869/5640489.html" title="��185�¡�����ɣ�" target="_blank">��185�¡�����ɣ�</a>
			  </div><div class="col-md-6 item">
				<a href="/book/p20869/5640490.html" title="��186�¡���ȭ" target="_blank">��186�¡���ȭ</a>
			  </div><div class="col-md-6 item">
				<a href="/book/p20869/5640491.html" title="��187�¡���ʿ�Ĵ�ͳ" target="_blank">��187�¡���ʿ�Ĵ�ͳ</a>
			  </div><div class="col-md-6 item">
				<a href="/book/p20869/5640492.html" title="��188�¡����ɵ���" target="_blank">��188�¡����ɵ���</a>
			  </div><div class="col-md-6 item">
				<a href="/book/p20869/5640493.html" title="��189�¡��˽����ڣ�Ѫ�Ե����꣡" target="_blank">��189�¡��˽����ڣ�Ѫ�Ե����꣡</a>
			  </div><div class="col-md-6 item">
				<a href="/book/p20869/5640494.html" title="��190�¡��Ҳ�ɱ��" target="_blank">��190�¡��Ҳ�ɱ��</a>
			  </div><div class="col-md-6 item">
				<a href="/book/p20869/5640495.html" title="��191�¡�������Ӱ��" target="_blank">��191�¡�������Ӱ��</a>
			  </div><div class="col-md-6 item">
				<a href="/book/p20869/5640496.html" title="��192�¡��ֲ��쳾�Ķ̰�" target="_blank">��192�¡��ֲ��쳾�Ķ̰�</a>
			  </div><div class="col-md-6 item">
				<a href="/book/p20869/5640497.html" title="��193�¡�С����Ľ���" target="_blank">��193�¡�С����Ľ���</a>
			  </div><div class="col-md-6 item">
				<a href="/book/p20869/5640498.html" title="��194�¡���Ӱ����" target="_blank">��194�¡���Ӱ����</a>
			  </div><div class="col-md-6 item">
				<a href="/book/p20869/5640499.html" title="��195�¡�ACE-005����͸����˰�" target="_blank">��195�¡�ACE-005����͸����˰�</a>
			  </div><div class="col-md-6 item">
				<a href="/book/p20869/5640500.html" title="��196�¡�������ACE-005" target="_blank">��196�¡�������ACE-005</a>
			  </div><div class="col-md-6 item">
				<a href="/book/p20869/5640501.html" title="��197�¡�����A" target="_blank">��197�¡�����A</a>
			  </div><div class="col-md-6 item">
				<a href="/book/p20869/5640502.html" title="��198�¡���������" target="_blank">��198�¡���������</a>
			  </div><div class="col-md-6 item">
				<a href="/book/p20869/5640503.html" title="��199�¡�������ACE-002��" target="_blank">��199�¡�������ACE-002��</a>
			  </div><div class="col-md-6 item">
				<a href="/book/p20869/5640504.html" title="��200�¡���ƭ�ҵڶ��Σ�" target="_blank">��200�¡���ƭ�ҵڶ��Σ�</a>
			  </div><div class="col-md-6 item">
				<a href="/book/p20869/5640505.html" title="��201�¡�ɱ������" target="_blank">��201�¡�ɱ������</a>
			  </div><div class="col-md-6 item">
				<a href="/book/p20869/5640506.html" title="��202�¡���ʿ�Ĵ���" target="_blank">��202�¡���ʿ�Ĵ���</a>
			  </div><div class="col-md-6 item">
				<a href="/book/p20869/5640507.html" title="��203�¡�Ȩ�Ⱥ�" target="_blank">��203�¡�Ȩ�Ⱥ�</a>
			  </div><div class="col-md-6 item">
				<a href="/book/p20869/5640508.html" title="��204�¡����ܼ���" target="_blank">��204�¡����ܼ���</a>
			  </div><div class="col-md-6 item">
				<a href="/book/p20869/5640509.html" title="��205�¡�����" target="_blank">��205�¡�����</a>
			  </div><div class="col-md-6 item">
				<a href="/book/p20869/5640510.html" title="��206�¡�ǧ�����ؾ֣�������ACE-002�ؼ����գ�" target="_blank">��206�¡�ǧ�����ؾ֣�������ACE-002�ؼ����գ�</a>
			  </div><div class="col-md-6 item">
				<a href="/book/p20869/5640511.html" title="��207�¡������۷�" target="_blank">��207�¡������۷�</a>
			  </div><div class="col-md-6 item">
				<a href="/book/p20869/5640512.html" title="��208�¡����" target="_blank">��208�¡����</a>
			  </div><div class="col-md-6 item">
				<a href="/book/p20869/5640513.html" title="��209�¡�һ����ʦ�̳�����" target="_blank">��209�¡�һ����ʦ�̳�����</a>
			  </div><div class="col-md-6 item">
				<a href="/book/p20869/5640514.html" title="��210�¡�Ӱ��֮�����ڶ���" target="_blank">��210�¡�Ӱ��֮�����ڶ���</a>
			  </div><div class="col-md-6 item">
				<a href="/book/p20869/5640515.html" title="��211�¡�Ϊ��ѡ�����ڿ�" target="_blank">��211�¡�Ϊ��ѡ�����ڿ�</a>
			  </div><div class="col-md-6 item">
				<a href="/book/p20869/5640516.html" title="��212�¡�Ⱥ��Ψһ��һ��ɵ��" target="_blank">��212�¡�Ⱥ��Ψһ��һ��ɵ��</a>
			  </div><div class="col-md-6 item">
				<a href="/book/p20869/5640517.html" title="��213�¡��������" target="_blank">��213�¡��������</a>
			  </div><div class="col-md-6 item">
				<a href="/book/p20869/5640518.html" title="��214�¡���������" target="_blank">��214�¡���������</a>
			  </div><div class="col-md-6 item">
				<a href="/book/p20869/5640519.html" title="��215�¡����ղ�����" target="_blank">��215�¡����ղ�����</a>
			  </div><div class="col-md-6 item">
				<a href="/book/p20869/5640520.html" title="��216�¡�����ʫ��" target="_blank">��216�¡�����ʫ��</a>
			  </div><div class="col-md-6 item">
				<a href="/book/p20869/5640521.html" title="��217�¡�Ҽ��˽��Ǯ" target="_blank">��217�¡�Ҽ��˽��Ǯ</a>
			  </div><div class="col-md-6 item">
				<a href="/book/p20869/5640522.html" title="��218�¡����������ֳ�" target="_blank">��218�¡����������ֳ�</a>
			  </div><div class="col-md-6 item">
				<a href="/book/p20869/5640523.html" title="��219�¡�������Ӱ��" target="_blank">��219�¡�������Ӱ��</a>
			  </div><div class="col-md-6 item">
				<a href="/book/p20869/5640524.html" title="��220�¡�û���������׵�����" target="_blank">��220�¡�û���������׵�����</a>
			  </div><div class="col-md-6 item">
				<a href="/book/p20869/5640525.html" title="��221�¡���������" target="_blank">��221�¡���������</a>
			  </div><div class="col-md-6 item">
				<a href="/book/p20869/5640526.html" title="��222�¡��ù�" target="_blank">��222�¡��ù�</a>
			  </div><div class="col-md-6 item">
				<a href="/book/p20869/5640527.html" title="��223�¡���С�ĵĺݻ�" target="_blank">��223�¡���С�ĵĺݻ�</a>
			  </div><div class="col-md-6 item">
				<a href="/book/p20869/5640528.html" title="��224�¡�Ӱ�ӵ���Ϸ" target="_blank">��224�¡�Ӱ�ӵ���Ϸ</a>
			  </div><div class="col-md-6 item">
				<a href="/book/p20869/5640529.html" title="��225�¡�Ϊ��Ϸ���Ӷ�ע" target="_blank">��225�¡�Ϊ��Ϸ���Ӷ�ע</a>
			  </div><div class="col-md-6 item">
				<a href="/book/p20869/5640530.html" title="��226�¡��ٴα��֣�" target="_blank">��226�¡��ٴα��֣�</a>
			  </div><div class="col-md-6 item">
				<a href="/book/p20869/5640531.html" title="��227�¡�������·" target="_blank">��227�¡�������·</a>
			  </div><div class="col-md-6 item">
				<a href="/book/p20869/5640532.html" title="��228�¡�ȭ��" target="_blank">��228�¡�ȭ��</a>
			  </div><div class="col-md-6 item">
				<a href="/book/p20869/5640533.html" title="��229�¡��ڻ��ͨ��" target="_blank">��229�¡��ڻ��ͨ��</a>
			  </div><div class="col-md-6 item">
				<a href="/book/p20869/5640534.html" title="��230�¡���Զ����" target="_blank">��230�¡���Զ����</a>
			  </div><div class="col-md-6 item">
				<a href="/book/p20869/5640535.html" title="��231�¡�ACE-005��������" target="_blank">��231�¡�ACE-005��������</a>
			  </div><div class="col-md-6 item">
				<a href="/book/p20869/5640536.html" title="��232�¡�һ��Զ�к�һЩѪծ" target="_blank">��232�¡�һ��Զ�к�һЩѪծ</a>
			  </div><div class="col-md-6 item">
				<a href="/book/p20869/5640537.html" title="��233�¡�ʱ���Ҵ�" target="_blank">��233�¡�ʱ���Ҵ�</a>
			  </div><div class="col-md-6 item">
				<a href="/book/p20869/5640538.html" title="��234�¡������ط�" target="_blank">��234�¡������ط�</a>
			  </div><div class="col-md-6 item">
				<a href="/book/p20869/5640539.html" title="��235�¡���Ӧ����ŵ" target="_blank">��235�¡���Ӧ����ŵ</a>
			  </div><div class="col-md-6 item">
				<a href="/book/p20869/5640540.html" title="��236�¡��ѻ���" target="_blank">��236�¡��ѻ���</a>
			  </div><div class="col-md-6 item">
				<a href="/book/p20869/5640541.html" title="��237�¡������˰�" target="_blank">��237�¡������˰�</a>
			  </div><div class="col-md-6 item">
				<a href="/book/p20869/5640542.html" title="��238�¡�����ǹ��" target="_blank">��238�¡�����ǹ��</a>
			  </div><div class="col-md-6 item">
				<a href="/book/p20869/5640543.html" title="��239�¡�������ACE-011���ѻ�ǹ" target="_blank">��239�¡�������ACE-011���ѻ�ǹ</a>
			  </div><div class="col-md-6 item">
				<a href="/book/p20869/5640544.html" title="��240�¡�����ʱ�����ߵ�������" target="_blank">��240�¡�����ʱ�����ߵ�������</a>
			  </div><div class="col-md-6 item">
				<a href="/book/p20869/5640545.html" title="��241�¡������뵯��" target="_blank">��241�¡������뵯��</a>
			  </div><div class="col-md-6 item">
				<a href="/book/p20869/5640546.html" title="��242�¡��������" target="_blank">��242�¡��������</a>
			  </div><div class="col-md-6 item">
				<a href="/book/p20869/5640547.html" title="��243�¡���ı��" target="_blank">��243�¡���ı��</a>
			  </div><div class="col-md-6 item">
				<a href="/book/p20869/5640548.html" title="��244�¡�¥��ǹս" target="_blank">��244�¡�¥��ǹս</a>
			  </div><div class="col-md-6 item">
				<a href="/book/p20869/5640549.html" title="��245�¡�������Ķ���ʹ�÷���" target="_blank">��245�¡�������Ķ���ʹ�÷���</a>
			  </div><div class="col-md-6 item">
				<a href="/book/p20869/5640550.html" title="��246�¡���������" target="_blank">��246�¡���������</a>
			  </div><div class="col-md-6 item">
				<a href="/book/p20869/5640551.html" title="��247�¡�ϴ��" target="_blank">��247�¡�ϴ��</a>
			  </div><div class="col-md-6 item">
				<a href="/book/p20869/5640552.html" title="��248�¡���һ" target="_blank">��248�¡���һ</a>
			  </div><div class="col-md-6 item">
				<a href="/book/p20869/5640553.html" title="��249�¡���ϻ��" target="_blank">��249�¡���ϻ��</a>
			  </div><div class="col-md-6 item">
				<a href="/book/p20869/5640554.html" title="��250�¡���֯��������" target="_blank">��250�¡���֯��������</a>
			  </div><div class="col-md-6 item">
				<a href="/book/p20869/5640555.html" title="��251�¡����ݽ�����ACE-011��" target="_blank">��251�¡����ݽ�����ACE-011��</a>
			  </div><div class="col-md-6 item">
				<a href="/book/p20869/5640556.html" title="��252�¡������" target="_blank">��252�¡������</a>
			  </div><div class="col-md-6 item">
				<a href="/book/p20869/5640557.html" title="��253�¡�����ɱ" target="_blank">��253�¡�����ɱ</a>
			  </div><div class="col-md-6 item">
				<a href="/book/p20869/5640558.html" title="��254�¡��ѻ������" target="_blank">��254�¡��ѻ������</a>
			  </div><div class="col-md-6 item">
				<a href="/book/p20869/5640559.html" title="��255�¡�ʱ�����ߵĵȼ�" target="_blank">��255�¡�ʱ�����ߵĵȼ�</a>
			  </div><div class="col-md-6 item">
				<a href="/book/p20869/5640560.html" title="��256�¡�ʱ�����ߵ�׬Ǯ��ʽ" target="_blank">��256�¡�ʱ�����ߵ�׬Ǯ��ʽ</a>
			  </div><div class="col-md-6 item">
				<a href="/book/p20869/5640561.html" title="��257�¡������δ��" target="_blank">��257�¡������δ��</a>
			  </div><div class="col-md-6 item">
				<a href="/book/p20869/5640562.html" title="��258�¡�δ������" target="_blank">��258�¡�δ������</a>
			  </div><div class="col-md-6 item">
				<a href="/book/p20869/5640563.html" title="��259�¡�����Ⱥ" target="_blank">��259�¡�����Ⱥ</a>
			  </div><div class="col-md-6 item">
				<a href="/book/p20869/5640564.html" title="��260�¡�����֮·" target="_blank">��260�¡�����֮·</a>
			  </div><div class="col-md-6 item">
				<a href="/book/p20869/5640565.html" title="��261�¡����أ�֣Զ��" target="_blank">��261�¡����أ�֣Զ��</a>
			  </div><div class="col-md-6 item">
				<a href="/book/p20869/5640566.html" title="��262�¡���һ��" target="_blank">��262�¡���һ��</a>
			  </div><div class="col-md-6 item">
				<a href="/book/p20869/5640567.html" title="��263�¡���������" target="_blank">��263�¡���������</a>
			  </div><div class="col-md-6 item">
				<a href="/book/p20869/5640568.html" title="��264�¡�ҹĻ��ǹ��" target="_blank">��264�¡�ҹĻ��ǹ��</a>
			  </div><div class="col-md-6 item">
				<a href="/book/p20869/5640569.html" title="��265�¡�����" target="_blank">��265�¡�����</a>
			  </div><div class="col-md-6 item">
				<a href="/book/p20869/5640570.html" title="��266�¡�����" target="_blank">��266�¡�����</a>
			  </div><div class="col-md-6 item">
				<a href="/book/p20869/5640571.html" title="��267�¡���Ļ" target="_blank">��267�¡���Ļ</a>
			  </div><div class="col-md-6 item">
				<a href="/book/p20869/5640572.html" title="��268�¡������" target="_blank">��268�¡������</a>
			  </div><div class="col-md-6 item">
				<a href="/book/p20869/5640573.html" title="��269�¡������µ���������" target="_blank">��269�¡������µ���������</a>
			  </div><div class="col-md-6 item">
				<a href="/book/p20869/5640574.html" title="��270�¡���̫����������" target="_blank">��270�¡���̫����������</a>
			  </div><div class="col-md-6 item">
				<a href="/book/p20869/5640575.html" title="��271�¡������е��ų���" target="_blank">��271�¡������е��ų���</a>
			  </div><div class="col-md-6 item">
				<a href="/book/p20869/5640576.html" title="��272�¡����������" target="_blank">��272�¡����������</a>
			  </div><div class="col-md-6 item">
				<a href="/book/p20869/5640577.html" title="��273�¡���ˣ�����ˣ�" target="_blank">��273�¡���ˣ�����ˣ�</a>
			  </div><div class="col-md-6 item">
				<a href="/book/p20869/5640578.html" title="��274�¡�����ֹ��С�ϰ�" target="_blank">��274�¡�����ֹ��С�ϰ�</a>
			  </div><div class="col-md-6 item">
				<a href="/book/p20869/5640579.html" title="��275�¡�����Ӫ��" target="_blank">��275�¡�����Ӫ��</a>
			  </div><div class="col-md-6 item">
				<a href="/book/p20869/5640580.html" title="��276�¡�����֮·" target="_blank">��276�¡�����֮·</a>
			  </div><div class="col-md-6 item">
				<a href="/book/p20869/5640581.html" title="��277�¡��ݼ�" target="_blank">��277�¡��ݼ�</a>
			  </div><div class="col-md-6 item">
				<a href="/book/p20869/5640582.html" title="��278�¡������õ��½�ϰ���쳾" target="_blank">��278�¡������õ��½�ϰ���쳾</a>
			  </div><div class="col-md-6 item">
				<a href="/book/p20869/5640583.html" title="��279�¡�������ͦ�õ�" target="_blank">��279�¡�������ͦ�õ�</a>
			  </div><div class="col-md-6 item">
				<a href="/book/p20869/5640584.html" title="��280�¡���֧�������ѧ��" target="_blank">��280�¡���֧�������ѧ��</a>
			  </div><div class="col-md-6 item">
				<a href="/book/p20869/5640585.html" title="��281�¡�����������" target="_blank">��281�¡�����������</a>
			  </div><div class="col-md-6 item">
				<a href="/book/p20869/5640586.html" title="��282�¡�����֮�ص���������" target="_blank">��282�¡�����֮�ص���������</a>
			  </div><div class="col-md-6 item">
				<a href="/book/p20869/5640587.html" title="��283�¡������" target="_blank">��283�¡������</a>
			  </div><div class="col-md-6 item">
				<a href="/book/p20869/5640588.html" title="��284�¡����ص�Ӱ��֮����ⷽʽ" target="_blank">��284�¡����ص�Ӱ��֮����ⷽʽ</a>
			  </div><div class="col-md-6 item">
				<a href="/book/p20869/5640589.html" title="��285�¡�����֮��" target="_blank">��285�¡�����֮��</a>
			  </div><div class="col-md-6 item">
				<a href="/book/p20869/5640590.html" title="��286�¡��ع�" target="_blank">��286�¡��ع�</a>
			  </div><div class="col-md-6 item">
				<a href="/book/p20869/5640591.html" title="��287�¡�Ǳ�ӵ��������" target="_blank">��287�¡�Ǳ�ӵ��������</a>
			  </div><div class="col-md-6 item">
				<a href="/book/p20869/5640592.html" title="��288�¡��ش�������֯" target="_blank">��288�¡��ش�������֯</a>
			  </div><div class="col-md-6 item">
				<a href="/book/p20869/5640593.html" title="��289�¡��籩����" target="_blank">��289�¡��籩����</a>
			  </div><div class="col-md-6 item">
				<a href="/book/p20869/5640594.html" title="��290�¡��������λ�ʺ�" target="_blank">��290�¡��������λ�ʺ�</a>
			  </div><div class="col-md-6 item">
				<a href="/book/p20869/5640595.html" title="��291�¡�׷��֮ս" target="_blank">��291�¡�׷��֮ս</a>
			  </div><div class="col-md-6 item">
				<a href="/book/p20869/5640596.html" title="��292�¡���л����" target="_blank">��292�¡���л����</a>
			  </div><div class="col-md-6 item">
				<a href="/book/p20869/5640597.html" title="��293�¡����ڵ�������ˮ�µ�ɱ��" target="_blank">��293�¡����ڵ�������ˮ�µ�ɱ��</a>
			  </div><div class="col-md-6 item">
				<a href="/book/p20869/5640598.html" title="��294�¡����һ��" target="_blank">��294�¡����һ��</a>
			  </div><div class="col-md-6 item">
				<a href="/book/p20869/5640599.html" title="��295�¡���͵���Ԯ��" target="_blank">��295�¡���͵���Ԯ��</a>
			  </div><div class="col-md-6 item">
				<a href="/book/p20869/5640600.html" title="��296�¡�������" target="_blank">��296�¡�������</a>
			  </div><div class="col-md-6 item">
				<a href="/book/p20869/5640601.html" title="��297�¡�������" target="_blank">��297�¡�������</a>
			  </div><div class="col-md-6 item">
				<a href="/book/p20869/5640602.html" title="��298�¡�����ǹ��" target="_blank">��298�¡�����ǹ��</a>
			  </div><div class="col-md-6 item">
				<a href="/book/p20869/5640603.html" title="��299�¡�����������" target="_blank">��299�¡�����������</a>
			  </div><div class="col-md-6 item">
				<a href="/book/p20869/5640604.html" title="��300�¡���һ�η���Խ�ƻ���Ļ" target="_blank">��300�¡���һ�η���Խ�ƻ���Ļ</a>
			  </div><div class="col-md-6 item">
				<a href="/book/p20869/5640605.html" title="��301�¡���Ҷ��Ժ��������" target="_blank">��301�¡���Ҷ��Ժ��������</a>
			  </div><div class="col-md-6 item">
				<a href="/book/p20869/5640606.html" title="��302�¡���Ҷ��Ժ������" target="_blank">��302�¡���Ҷ��Ժ������</a>
			  </div><div class="col-md-6 item">
				<a href="/book/p20869/5640607.html" title="��303�¡���ͳ����֮��" target="_blank">��303�¡���ͳ����֮��</a>
			  </div><div class="col-md-6 item">
				<a href="/book/p20869/5640608.html" title="��304�¡�������ʦ��" target="_blank">��304�¡�������ʦ��</a>
			  </div><div class="col-md-6 item">
				<a href="/book/p20869/5640609.html" title="��305�¡���ʮ������" target="_blank">��305�¡���ʮ������</a>
			  </div><div class="col-md-6 item">
				<a href="/book/p20869/5640610.html" title="��306�¡�ѩɽ��Ļ������ͻ����Աߵ���Ů" target="_blank">��306�¡�ѩɽ��Ļ������ͻ����Աߵ���Ů</a>
			  </div><div class="col-md-6 item">
				<a href="/book/p20869/5640611.html" title="��307�¡������¹��" target="_blank">��307�¡������¹��</a>
			  </div><div class="col-md-6 item">
				<a href="/book/p20869/5640612.html" title="��308�¡��ඥ֮��" target="_blank">��308�¡��ඥ֮��</a>
			  </div><div class="col-md-6 item">
				<a href="/book/p20869/5640613.html" title="��309�¡��·����¼�" target="_blank">��309�¡��·����¼�</a>
			  </div><div class="col-md-6 item">
				<a href="/book/p20869/5640614.html" title="��310�¡�������" target="_blank">��310�¡�������</a>
			  </div><div class="col-md-6 item">
				<a href="/book/p20869/5640615.html" title="��311�¡�һ��ˮ��ƽ" target="_blank">��311�¡�һ��ˮ��ƽ</a>
			  </div><div class="col-md-6 item">
				<a href="/book/p20869/5640616.html" title="��312�¡���������" target="_blank">��312�¡���������</a>
			  </div><div class="col-md-6 item">
				<a href="/book/p20869/5640617.html" title="��313�¡�ҹϮ������ͷ��ɱ��" target="_blank">��313�¡�ҹϮ������ͷ��ɱ��</a>
			  </div><div class="col-md-6 item">
				<a href="/book/p20869/5640618.html" title="��314�¡�����˭���ܵ��ҵ�ѧ��" target="_blank">��314�¡�����˭���ܵ��ҵ�ѧ��</a>
			  </div><div class="col-md-6 item">
				<a href="/book/p20869/5640619.html" title="��315�¡�Ҫ������Ĺ�������" target="_blank">��315�¡�Ҫ������Ĺ�������</a>
			  </div><div class="col-md-6 item">
				<a href="/book/p20869/5640620.html" title="��316�¡�������ѻ���" target="_blank">��316�¡�������ѻ���</a>
			  </div><div class="col-md-6 item">
				<a href="/book/p20869/5640621.html" title="��317�¡�������" target="_blank">��317�¡�������</a>
			  </div><div class="col-md-6 item">
				<a href="/book/p20869/5640622.html" title="��318�¡�͵͵��ѧϰ��Ȼ����������" target="_blank">��318�¡�͵͵��ѧϰ��Ȼ����������</a>
			  </div><div class="col-md-6 item">
				<a href="/book/p20869/5640623.html" title="��319�¡��������࣬���ı���" target="_blank">��319�¡��������࣬���ı���</a>
			  </div><div class="col-md-6 item">
				<a href="/book/p20869/5640624.html" title="��320�¡�����ϴ��" target="_blank">��320�¡�����ϴ��</a>
			  </div><div class="col-md-6 item">
				<a href="/book/p20869/5640625.html" title="��321�¡�Լ��" target="_blank">��321�¡�Լ��</a>
			  </div><div class="col-md-6 item">
				<a href="/book/p20869/5640626.html" title="��322�¡�������ľѻ���" target="_blank">��322�¡�������ľѻ���</a>
			  </div><div class="col-md-6 item">
				<a href="/book/p20869/5640627.html" title="��323�¡�ʢ��ı�ҵ����" target="_blank">��323�¡�ʢ��ı�ҵ����</a>
			  </div><div class="col-md-6 item">
				<a href="/book/p20869/5640628.html" title="��324�¡���ָ��������ʧ�ĵذ�" target="_blank">��324�¡���ָ��������ʧ�ĵذ�</a>
			  </div><div class="col-md-6 item">
				<a href="/book/p20869/5640629.html" title="��325�¡���ʧ���쳾" target="_blank">��325�¡���ʧ���쳾</a>
			  </div><div class="col-md-6 item">
				<a href="/book/p20869/5640630.html" title="��326�¡����Ľ���֮��" target="_blank">��326�¡����Ľ���֮��</a>
			  </div><div class="col-md-6 item">
				<a href="/book/p20869/5640631.html" title="��327�¡��������������" target="_blank">��327�¡��������������</a>
			  </div><div class="col-md-6 item">
				<a href="/book/p20869/5640632.html" title="��328�¡����ŷ�����" target="_blank">��328�¡����ŷ�����</a>
			  </div><div class="col-md-6 item">
				<a href="/book/p20869/5640633.html" title="��329�¡������Эͬ��ս" target="_blank">��329�¡������Эͬ��ս</a>
			  </div><div class="col-md-6 item">
				<a href="/book/p20869/5640634.html" title="��330�¡�Χ��������" target="_blank">��330�¡�Χ��������</a>
			  </div><div class="col-md-6 item">
				<a href="/book/p20869/5640635.html" title="��331�¡�������˭������" target="_blank">��331�¡�������˭������</a>
			  </div><div class="col-md-6 item">
				<a href="/book/p20869/5640636.html" title="��332�¡�����ļ���" target="_blank">��332�¡�����ļ���</a>
			  </div><div class="col-md-6 item">
				<a href="/book/p20869/5640637.html" title="��333�¡���Υ������" target="_blank">��333�¡���Υ������</a>
			  </div><div class="col-md-6 item">
				<a href="/book/p20869/5640638.html" title="��334�¡���ѧ�������컨�壬�쳾" target="_blank">��334�¡���ѧ�������컨�壬�쳾</a>
			  </div><div class="col-md-6 item">
				<a href="/book/p20869/5640639.html" title="��335�¡����������ϵ�ʱ������" target="_blank">��335�¡����������ϵ�ʱ������</a>
			  </div><div class="col-md-6 item">
				<a href="/book/p20869/5640640.html" title="��336�¡��Ҷ���ţ��" target="_blank">��336�¡��Ҷ���ţ��</a>
			  </div><div class="col-md-6 item">
				<a href="/book/p20869/5640641.html" title="��337�¡��˼����" target="_blank">��337�¡��˼����</a>
			  </div><div class="col-md-6 item">
				<a href="/book/p20869/5640642.html" title="��338�¡�ҹ�����ŵ���" target="_blank">��338�¡�ҹ�����ŵ���</a>
			  </div><div class="col-md-6 item">
				<a href="/book/p20869/5640643.html" title="��339�¡�Ϧ�����͵�Ѥ��" target="_blank">��339�¡�Ϧ�����͵�Ѥ��</a>
			  </div><div class="col-md-6 item">
				<a href="/book/p20869/5640644.html" title="��340�¡���㡣�����" target="_blank">��340�¡���㡣�����</a>
			  </div><div class="col-md-6 item">
				<a href="/book/p20869/5640645.html" title="��341�¡���Ϸ����Ȥ" target="_blank">��341�¡���Ϸ����Ȥ</a>
			  </div><div class="col-md-6 item">
				<a href="/book/p20869/5640646.html" title="��342�¡���װNPC" target="_blank">��342�¡���װNPC</a>
			  </div><div class="col-md-6 item">
				<a href="/book/p20869/5640647.html" title="��343�¡����ң��ּ�����" target="_blank">��343�¡����ң��ּ�����</a>
			  </div><div class="col-md-6 item">
				<a href="/book/p20869/5640648.html" title="��344�¡�����ȳ��" target="_blank">��344�¡�����ȳ��</a>
			  </div><div class="col-md-6 item">
				<a href="/book/p20869/5640649.html" title="��345�¡��ּ�����" target="_blank">��345�¡��ּ�����</a>
			  </div><div class="col-md-6 item">
				<a href="/book/p20869/5640650.html" title="��346�¡�����" target="_blank">��346�¡�����</a>
			  </div><div class="col-md-6 item">
				<a href="/book/p20869/5640651.html" title="��347�¡�����" target="_blank">��347�¡�����</a>
			  </div><div class="col-md-6 item">
				<a href="/book/p20869/5640652.html" title="��348�¡���ѻ��" target="_blank">��348�¡���ѻ��</a>
			  </div><div class="col-md-6 item">
				<a href="/book/p20869/5640653.html" title="��349�¡����˵�����" target="_blank">��349�¡����˵�����</a>
			  </div><div class="col-md-6 item">
				<a href="/book/p20869/5640654.html" title="��350�¡�׷���뷴ɱ��" target="_blank">��350�¡�׷���뷴ɱ��</a>
			  </div><div class="col-md-6 item">
				<a href="/book/p20869/5640655.html" title="��351�¡����������" target="_blank">��351�¡����������</a>
			  </div><div class="col-md-6 item">
				<a href="/book/p20869/5640656.html" title="��352�¡�ȱһ������" target="_blank">��352�¡�ȱһ������</a>
			  </div><div class="col-md-6 item">
				<a href="/book/p20869/5640657.html" title="��353�¡���һ������" target="_blank">��353�¡���һ������</a>
			  </div><div class="col-md-6 item">
				<a href="/book/p20869/5640658.html" title="��354�¡�������������ʱ��һ���ƽ�һ����" target="_blank">��354�¡�������������ʱ��һ���ƽ�һ����</a>
			  </div><div class="col-md-6 item">
				<a href="/book/p20869/5640659.html" title="��355�¡��쳾�ĲƲ�" target="_blank">��355�¡��쳾�ĲƲ�</a>
			  </div><div class="col-md-6 item">
				<a href="/book/p20869/5640660.html" title="��356�¡������͵Ĺ���" target="_blank">��356�¡������͵Ĺ���</a>
			  </div><div class="col-md-6 item">
				<a href="/book/p20869/5640661.html" title="��357�¡��ܵ�˾��" target="_blank">��357�¡��ܵ�˾��</a>
			  </div><div class="col-md-6 item">
				<a href="/book/p20869/5640662.html" title="��358�¡��µİ���Ⱥ��Ա" target="_blank">��358�¡��µİ���Ⱥ��Ա</a>
			  </div><div class="col-md-6 item">
				<a href="/book/p20869/5640663.html" title="��359�¡���ʽ������" target="_blank">��359�¡���ʽ������</a>
			  </div><div class="col-md-6 item">
				<a href="/book/p20869/5640664.html" title="��360�¡�ƾʲô��" target="_blank">��360�¡�ƾʲô��</a>
			  </div><div class="col-md-6 item">
				<a href="/book/p20869/5640665.html" title="��361�¡��µĴ�Խ����" target="_blank">��361�¡��µĴ�Խ����</a>
			  </div><div class="col-md-6 item">
				<a href="/book/p20869/5640666.html" title="��362�¡���Ұ������������" target="_blank">��362�¡���Ұ������������</a>
			  </div><div class="col-md-6 item">
				<a href="/book/p20869/5640667.html" title="��363�¡����صĻ�Ұ����" target="_blank">��363�¡����صĻ�Ұ����</a>
			  </div><div class="col-md-6 item">
				<a href="/book/p20869/5640668.html" title="��364�¡���������Ů" target="_blank">��364�¡���������Ů</a>
			  </div><div class="col-md-6 item">
				<a href="/book/p20869/5640669.html" title="��365�¡��쳾�ķ���" target="_blank">��365�¡��쳾�ķ���</a>
			  </div><div class="col-md-6 item">
				<a href="/book/p20869/5640670.html" title="��366�¡����ʶ��" target="_blank">��366�¡����ʶ��</a>
			  </div><div class="col-md-6 item">
				<a href="/book/p20869/5640671.html" title="��367�¡����ϵ���ǰ��" target="_blank">��367�¡����ϵ���ǰ��</a>
			  </div><div class="col-md-6 item">
				<a href="/book/p20869/5640672.html" title="��368�¡��µĳ��У��µ�����" target="_blank">��368�¡��µĳ��У��µ�����</a>
			  </div><div class="col-md-6 item">
				<a href="/book/p20869/5640673.html" title="��369�¡��µ�������µ��ھ�" target="_blank">��369�¡��µ�������µ��ھ�</a>
			  </div><div class="col-md-6 item">
				<a href="/book/p20869/5640674.html" title="��370�¡���ְ�ܵ�˾" target="_blank">��370�¡���ְ�ܵ�˾</a>
			  </div><div class="col-md-6 item">
				<a href="/book/p20869/5640675.html" title="��371�¡�����֮��" target="_blank">��371�¡�����֮��</a>
			  </div><div class="col-md-6 item">
				<a href="/book/p20869/5640676.html" title="��372�¡����Σ�����ֶ���" target="_blank">��372�¡����Σ�����ֶ���</a>
			  </div><div class="col-md-6 item">
				<a href="/book/p20869/5640677.html" title="��373�¡���ӵ�������鱨һ��" target="_blank">��373�¡���ӵ�������鱨һ��</a>
			  </div><div class="col-md-6 item">
				<a href="/book/p20869/5640678.html" title="��374�¡�ͳ���鱨һ����¥�ĵ�һ��" target="_blank">��374�¡�ͳ���鱨һ����¥�ĵ�һ��</a>
			  </div><div class="col-md-6 item">
				<a href="/book/p20869/5640679.html" title="��375�¡��������е㼱��" target="_blank">��375�¡��������е㼱��</a>
			  </div><div class="col-md-6 item">
				<a href="/book/p20869/5640680.html" title="��376�¡����ӵ���һ���" target="_blank">��376�¡����ӵ���һ���</a>
			  </div><div class="col-md-6 item">
				<a href="/book/p20869/5640681.html" title="��377�¡���һ���·���" target="_blank">��377�¡���һ���·���</a>
			  </div><div class="col-md-6 item">
				<a href="/book/p20869/5640682.html" title="��378�¡�˭���ŵģ�" target="_blank">��378�¡�˭���ŵģ�</a>
			  </div><div class="col-md-6 item">
				<a href="/book/p20869/5640683.html" title="��379�¡�Ʒ�����" target="_blank">��379�¡�Ʒ�����</a>
			  </div><div class="col-md-6 item">
				<a href="/book/p20869/5640684.html" title="��380�¡����궽��" target="_blank">��380�¡����궽��</a>
			  </div><div class="col-md-6 item">
				<a href="/book/p20869/5640685.html" title="��381�¡�10�ų��е�ʳ����" target="_blank">��381�¡�10�ų��е�ʳ����</a>
			  </div><div class="col-md-6 item">
				<a href="/book/p20869/5640686.html" title="��382�¡���������" target="_blank">��382�¡���������</a>
			  </div><div class="col-md-6 item">
				<a href="/book/p20869/5640687.html" title="��383�¡�ʮ����" target="_blank">��383�¡�ʮ����</a>
			  </div><div class="col-md-6 item">
				<a href="/book/p20869/5640688.html" title="��384�¡���һ���˻ؼ�" target="_blank">��384�¡���һ���˻ؼ�</a>
			  </div><div class="col-md-6 item">
				<a href="/book/p20869/5640689.html" title="��385�¡���Ա" target="_blank">��385�¡���Ա</a>
			  </div><div class="col-md-6 item">
				<a href="/book/p20869/5640690.html" title="��386�¡�����" target="_blank">��386�¡�����</a>
			  </div><div class="col-md-6 item">
				<a href="/book/p20869/5640691.html" title="��387�¡�������Ϸ" target="_blank">��387�¡�������Ϸ</a>
			  </div><div class="col-md-6 item">
				<a href="/book/p20869/5640692.html" title="��388�¡���̨����ɱ" target="_blank">��388�¡���̨����ɱ</a>
			  </div><div class="col-md-6 item">
				<a href="/book/p20869/5640693.html" title="��389�¡���������" target="_blank">��389�¡���������</a>
			  </div><div class="col-md-6 item">
				<a href="/book/p20869/5640694.html" title="��390�¡�����ʱ����" target="_blank">��390�¡�����ʱ����</a>
			  </div><div class="col-md-6 item">
				<a href="/book/p20869/5640695.html" title="��391�¡����ڸ���" target="_blank">��391�¡����ڸ���</a>
			  </div><div class="col-md-6 item">
				<a href="/book/p20869/5640696.html" title="��392�¡�����" target="_blank">��392�¡�����</a>
			  </div><div class="col-md-6 item">
				<a href="/book/p20869/5640697.html" title="��393�¡����������" target="_blank">��393�¡����������</a>
			  </div><div class="col-md-6 item">
				<a href="/book/p20869/5640698.html" title="��394�¡���������" target="_blank">��394�¡���������</a>
			  </div><div class="col-md-6 item">
				<a href="/book/p20869/5640699.html" title="��395�¡�һ����Ϸ" target="_blank">��395�¡�һ����Ϸ</a>
			  </div><div class="col-md-6 item">
				<a href="/book/p20869/5640700.html" title="��396�¡��Թ���" target="_blank">��396�¡��Թ���</a>
			  </div><div class="col-md-6 item">
				<a href="/book/p20869/5640701.html" title="��397�¡������" target="_blank">��397�¡������</a>
			  </div><div class="col-md-6 item">
				<a href="/book/p20869/5640702.html" title="��398�¡��ع�" target="_blank">��398�¡��ع�</a>
			  </div><div class="col-md-6 item">
				<a href="/book/p20869/5640703.html" title="��399�¡�������" target="_blank">��399�¡�������</a>
			  </div><div class="col-md-6 item">
				<a href="/book/p20869/5640704.html" title="��400�¡�����" target="_blank">��400�¡�����</a>
			  </div><div class="col-md-6 item">
				<a href="/book/p20869/5640705.html" title="��401�¡�������" target="_blank">��401�¡�������</a>
			  </div><div class="col-md-6 item">
				<a href="/book/p20869/5640706.html" title="��402�¡�������" target="_blank">��402�¡�������</a>
			  </div><div class="col-md-6 item">
				<a href="/book/p20869/5640707.html" title="��403�¡����������ҵ���з�״�" target="_blank">��403�¡����������ҵ���з�״�</a>
			  </div><div class="col-md-6 item">
				<a href="/book/p20869/5640708.html" title="��404�¡�����" target="_blank">��404�¡�����</a>
			  </div><div class="col-md-6 item">
				<a href="/book/p20869/5640709.html" title="��405�¡�����" target="_blank">��405�¡�����</a>
			  </div><div class="col-md-6 item">
				<a href="/book/p20869/5640710.html" title="��406�¡���õ�ս��" target="_blank">��406�¡���õ�ս��</a>
			  </div><div class="col-md-6 item">
				<a href="/book/p20869/5640711.html" title="��407�¡�û������" target="_blank">��407�¡�û������</a>
			  </div><div class="col-md-6 item">
				<a href="/book/p20869/5640712.html" title="��408�¡����" target="_blank">��408�¡����</a>
			  </div><div class="col-md-6 item">
				<a href="/book/p20869/5640713.html" title="��409�¡���â�����" target="_blank">��409�¡���â�����</a>
			  </div><div class="col-md-6 item">
				<a href="/book/p20869/5640714.html" title="��410�¡����׵ı��أ����ϵ�ǹ��" target="_blank">��410�¡����׵ı��أ����ϵ�ǹ��</a>
			  </div><div class="col-md-6 item">
				<a href="/book/p20869/5640715.html" title="��411�¡����ٵ����" target="_blank">��411�¡����ٵ����</a>
			  </div><div class="col-md-6 item">
				<a href="/book/p20869/5640716.html" title="��412�¡���ʿ�ļ���" target="_blank">��412�¡���ʿ�ļ���</a>
			  </div><div class="col-md-6 item">
				<a href="/book/p20869/5640717.html" title="��413�¡�������" target="_blank">��413�¡�������</a>
			  </div><div class="col-md-6 item">
				<a href="/book/p20869/5640718.html" title="��414�¡�Ī������Ϥ��" target="_blank">��414�¡�Ī������Ϥ��</a>
			  </div><div class="col-md-6 item">
				<a href="/book/p20869/5640719.html" title="��415�¡���ս��" target="_blank">��415�¡���ս��</a>
			  </div><div class="col-md-6 item">
				<a href="/book/p20869/5640720.html" title="��416�¡��Ե�" target="_blank">��416�¡��Ե�</a>
			  </div><div class="col-md-6 item">
				<a href="/book/p20869/5640721.html" title="��417�¡��µĿ���" target="_blank">��417�¡��µĿ���</a>
			  </div><div class="col-md-6 item">
				<a href="/book/p20869/5640722.html" title="��418�¡�Ϸż��ʦ" target="_blank">��418�¡�Ϸż��ʦ</a>
			  </div><div class="col-md-6 item">
				<a href="/book/p20869/5640723.html" title="��419�¡���Ļ" target="_blank">��419�¡���Ļ</a>
			  </div><div class="col-md-6 item">
				<a href="/book/p20869/5640724.html" title="��420�¡�β�����뿪" target="_blank">��420�¡�β�����뿪</a>
			  </div><div class="col-md-6 item">
				<a href="/book/p20869/5640725.html" title="��421�¡��ؼ�" target="_blank">��421�¡��ؼ�</a>
			  </div><div class="col-md-6 item">
				<a href="/book/p20869/5640726.html" title="��422�¡�ʱ���������ϻ�" target="_blank">��422�¡�ʱ���������ϻ�</a>
			  </div><div class="col-md-6 item">
				<a href="/book/p20869/5640727.html" title="��423�¡���Ҳ��ʱ�����ߣ�" target="_blank">��423�¡���Ҳ��ʱ�����ߣ�</a>
			  </div><div class="col-md-6 item">
				<a href="/book/p20869/5640728.html" title="��424�¡�ʢ��" target="_blank">��424�¡�ʢ��</a>
			  </div><div class="col-md-6 item">
				<a href="/book/p20869/5640729.html" title="��425�¡������뷴����" target="_blank">��425�¡������뷴����</a>
			  </div><div class="col-md-6 item">
				<a href="/book/p20869/5640730.html" title="��426�¡����ַǷ�" target="_blank">��426�¡����ַǷ�</a>
			  </div><div class="col-md-6 item">
				<a href="/book/p20869/5640731.html" title="��427�¡���ֻʷ��ķ" target="_blank">��427�¡���ֻʷ��ķ</a>
			  </div><div class="col-md-6 item">
				<a href="/book/p20869/5640732.html" title="��428�¡���ԭ��������" target="_blank">��428�¡���ԭ��������</a>
			  </div><div class="col-md-6 item">
				<a href="/book/p20869/5640733.html" title="��429�¡�Ƥ����ϲ�����ھ�������" target="_blank">��429�¡�Ƥ����ϲ�����ھ�������</a>
			  </div><div class="col-md-6 item">
				<a href="/book/p20869/5640734.html" title="��430�¡���ʲô��ס����" target="_blank">��430�¡���ʲô��ס����</a>
			  </div><div class="col-md-6 item">
				<a href="/book/p20869/5640735.html" title="��431�¡���ս" target="_blank">��431�¡���ս</a>
			  </div><div class="col-md-6 item">
				<a href="/book/p20869/5640736.html" title="��432�¡�������Ѫս" target="_blank">��432�¡�������Ѫս</a>
			  </div><div class="col-md-6 item">
				<a href="/book/p20869/5640737.html" title="��433�¡�����" target="_blank">��433�¡�����</a>
			  </div><div class="col-md-6 item">
				<a href="/book/p20869/5640738.html" title="��434�¡�һֻСѼ�ӱ��߳�Ⱥ��" target="_blank">��434�¡�һֻСѼ�ӱ��߳�Ⱥ��</a>
			  </div><div class="col-md-6 item">
				<a href="/book/p20869/5640739.html" title="��435�¡��ϲ����Ⱥ�ģ��µ���ף�" target="_blank">��435�¡��ϲ����Ⱥ�ģ��µ���ף�</a>
			  </div><div class="col-md-6 item">
				<a href="/book/p20869/5640740.html" title="��436�¡�����" target="_blank">��436�¡�����</a>
			  </div><div class="col-md-6 item">
				<a href="/book/p20869/5640741.html" title="��437�¡��������Ʊ��ѡ����" target="_blank">��437�¡��������Ʊ��ѡ����</a>
			  </div><div class="col-md-6 item">
				<a href="/book/p20869/5640742.html" title="��438�¡����������ռ�" target="_blank">��438�¡����������ռ�</a>
			  </div><div class="col-md-6 item">
				<a href="/book/p20869/5640743.html" title="��439�¡����ϻ���" target="_blank">��439�¡����ϻ���</a>
			  </div><div class="col-md-6 item">
				<a href="/book/p20869/5640744.html" title="��440�¡�������" target="_blank">��440�¡�������</a>
			  </div><div class="col-md-6 item">
				<a href="/book/p20869/5640745.html" title="��441�¡��쳾�İ취" target="_blank">��441�¡��쳾�İ취</a>
			  </div><div class="col-md-6 item">
				<a href="/book/p20869/5640746.html" title="��442�¡�һ���ƽ���һ������" target="_blank">��442�¡�һ���ƽ���һ������</a>
			  </div><div class="col-md-6 item">
				<a href="/book/p20869/5640747.html" title="��443�¡��ڲ����" target="_blank">��443�¡��ڲ����</a>
			  </div><div class="col-md-6 item">
				<a href="/book/p20869/5640748.html" title="��444�¡��ٴ���ʧ�Ķ���" target="_blank">��444�¡��ٴ���ʧ�Ķ���</a>
			  </div><div class="col-md-6 item">
				<a href="/book/p20869/5640749.html" title="��445�¡�ǫ�������" target="_blank">��445�¡�ǫ�������</a>
			  </div><div class="col-md-6 item">
				<a href="/book/p20869/5640750.html" title="��446�¡���ʱ����" target="_blank">��446�¡���ʱ����</a>
			  </div><div class="col-md-6 item">
				<a href="/book/p20869/5640751.html" title="��447�¡�����ǹ" target="_blank">��447�¡�����ǹ</a>
			  </div><div class="col-md-6 item">
				<a href="/book/p20869/5640752.html" title="��448�¡�װ����" target="_blank">��448�¡�װ����</a>
			  </div><div class="col-md-6 item">
				<a href="/book/p20869/5640753.html" title="��449�¡�����" target="_blank">��449�¡�����</a>
			  </div><div class="col-md-6 item">
				<a href="/book/p20869/5640754.html" title="��450�¡�������" target="_blank">��450�¡�������</a>
			  </div><div class="col-md-6 item">
				<a href="/book/p20869/5640755.html" title="��451�¡��ط�" target="_blank">��451�¡��ط�</a>
			  </div><div class="col-md-6 item">
				<a href="/book/p20869/5640756.html" title="��452�¡���նԻ�" target="_blank">��452�¡���նԻ�</a>
			  </div><div class="col-md-6 item">
				<a href="/book/p20869/5640757.html" title="��453�¡�������Ǻη���ʥ��" target="_blank">��453�¡�������Ǻη���ʥ��</a>
			  </div><div class="col-md-6 item">
				<a href="/book/p20869/5640758.html" title="��454�¡�Ӱ�ӵĸ���" target="_blank">��454�¡�Ӱ�ӵĸ���</a>
			  </div><div class="col-md-6 item">
				<a href="/book/p20869/5640759.html" title="��455�¡���������Ů" target="_blank">��455�¡���������Ů</a>
			  </div><div class="col-md-6 item">
				<a href="/book/p20869/5640760.html" title="��456�¡���ʿ����Լ" target="_blank">��456�¡���ʿ����Լ</a>
			  </div><div class="col-md-6 item">
				<a href="/book/p20869/5640761.html" title="��457�¡���������" target="_blank">��457�¡���������</a>
			  </div><div class="col-md-6 item">
				<a href="/book/p20869/5640762.html" title="��458�¡�Σ��" target="_blank">��458�¡�Σ��</a>
			  </div><div class="col-md-6 item">
				<a href="/book/p20869/5640763.html" title="��459�¡�Ӱ������" target="_blank">��459�¡�Ӱ������</a>
			  </div><div class="col-md-6 item">
				<a href="/book/p20869/5640764.html" title="��460�¡��ٺ�����" target="_blank">��460�¡��ٺ�����</a>
			  </div><div class="col-md-6 item">
				<a href="/book/p20869/5640765.html" title="��461�¡��䳵����" target="_blank">��461�¡��䳵����</a>
			  </div><div class="col-md-6 item">
				<a href="/book/p20869/5640766.html" title="��462�¡�����" target="_blank">��462�¡�����</a>
			  </div><div class="col-md-6 item">
				<a href="/book/p20869/5640767.html" title="��463�¡����ֽ�Ŀ" target="_blank">��463�¡����ֽ�Ŀ</a>
			  </div><div class="col-md-6 item">
				<a href="/book/p20869/5640768.html" title="��464�¡�����" target="_blank">��464�¡�����</a>
			  </div><div class="col-md-6 item">
				<a href="/book/p20869/5640769.html" title="��465�¡���·" target="_blank">��465�¡���·</a>
			  </div><div class="col-md-6 item">
				<a href="/book/p20869/5640770.html" title="��466�¡�������Ŀ��" target="_blank">��466�¡�������Ŀ��</a>
			  </div><div class="col-md-6 item">
				<a href="/book/p20869/5640771.html" title="��467�¡���ı" target="_blank">��467�¡���ı</a>
			  </div><div class="col-md-6 item">
				<a href="/book/p20869/5640772.html" title="��468�¡���������" target="_blank">��468�¡���������</a>
			  </div><div class="col-md-6 item">
				<a href="/book/p20869/5640773.html" title="��469�¡���Ԯ" target="_blank">��469�¡���Ԯ</a>
			  </div><div class="col-md-6 item">
				<a href="/book/p20869/5640774.html" title="��470�¡�ʧ�ٵ��쳾" target="_blank">��470�¡�ʧ�ٵ��쳾</a>
			  </div><div class="col-md-6 item">
				<a href="/book/p20869/5640775.html" title="��471�¡���̸" target="_blank">��471�¡���̸</a>
			  </div><div class="col-md-6 item">
				<a href="/book/p20869/5640776.html" title="��472�¡�����" target="_blank">��472�¡�����</a>
			  </div><div class="col-md-6 item">
				<a href="/book/p20869/5640777.html" title="��473�¡����һ��" target="_blank">��473�¡����һ��</a>
			  </div><div class="col-md-6 item">
				<a href="/book/p20869/5640778.html" title="��474�¡���Ԫ�Ӳ�" target="_blank">��474�¡���Ԫ�Ӳ�</a>
			  </div><div class="col-md-6 item">
				<a href="/book/p20869/5640779.html" title="��475�¡�һ���������ƵĹ���" target="_blank">��475�¡�һ���������ƵĹ���</a>
			  </div><div class="col-md-6 item">
				<a href="/book/p20869/5640780.html" title="��476�¡�ִ����" target="_blank">��476�¡�ִ����</a>
			  </div><div class="col-md-6 item">
				<a href="/book/p20869/5640781.html" title="��477�¡���Ĺ" target="_blank">��477�¡���Ĺ</a>
			  </div><div class="col-md-6 item">
				<a href="/book/p20869/5640782.html" title="��478�¡��ټ�" target="_blank">��478�¡��ټ�</a>
			  </div><div class="col-md-6 item">
				<a href="/book/p20869/5640783.html" title="��479�¡�һ��ɱʮ��" target="_blank">��479�¡�һ��ɱʮ��</a>
			  </div><div class="col-md-6 item">
				<a href="/book/p20869/5640784.html" title="��480�¡��ܶ�" target="_blank">��480�¡��ܶ�</a>
			  </div><div class="col-md-6 item">
				<a href="/book/p20869/5640785.html" title="��481�¡�����" target="_blank">��481�¡�����</a>
			  </div><div class="col-md-6 item">
				<a href="/book/p20869/5640786.html" title="��482�¡����ѣ�����������" target="_blank">��482�¡����ѣ�����������</a>
			  </div><div class="col-md-6 item">
				<a href="/book/p20869/5640787.html" title="��483�¡��ڶ�������" target="_blank">��483�¡��ڶ�������</a>
			  </div><div class="col-md-6 item">
				<a href="/book/p20869/5640788.html" title="��484�¡���Ϣ��" target="_blank">��484�¡���Ϣ��</a>
			  </div><div class="col-md-6 item">
				<a href="/book/p20869/5640789.html" title="��485�¡���ɱ" target="_blank">��485�¡���ɱ</a>
			  </div><div class="col-md-6 item">
				<a href="/book/p20869/5640790.html" title="��486�¡�û��ϵ" target="_blank">��486�¡�û��ϵ</a>
			  </div><div class="col-md-6 item">
				<a href="/book/p20869/5640791.html" title="��487�¡�����" target="_blank">��487�¡�����</a>
			  </div><div class="col-md-6 item">
				<a href="/book/p20869/5640792.html" title="��488�¡�����Ҳ������" target="_blank">��488�¡�����Ҳ������</a>
			  </div><div class="col-md-6 item">
				<a href="/book/p20869/5640793.html" title="��489�¡�ΥԼ��" target="_blank">��489�¡�ΥԼ��</a>
			  </div><div class="col-md-6 item">
				<a href="/book/p20869/5640794.html" title="��490�¡����ǿ��Դ�����" target="_blank">��490�¡����ǿ��Դ�����</a>
			  </div><div class="col-md-6 item">
				<a href="/book/p20869/5640795.html" title="��491�¡��ع�" target="_blank">��491�¡��ع�</a>
			  </div><div class="col-md-6 item">
				<a href="/book/p20869/5640796.html" title="��492�¡���̣��µ���;" target="_blank">��492�¡���̣��µ���;</a>
			  </div><div class="col-md-6 item">
				<a href="/book/p20869/5640797.html" title="��493�¡�����" target="_blank">��493�¡�����</a>
			  </div><div class="col-md-6 item">
				<a href="/book/p20869/5640798.html" title="��494�¡��������" target="_blank">��494�¡��������</a>
			  </div><div class="col-md-6 item">
				<a href="/book/p20869/5640799.html" title="��495�¡�ѩ����СŮ��" target="_blank">��495�¡�ѩ����СŮ��</a>
			  </div><div class="col-md-6 item">
				<a href="/book/p20869/5640800.html" title="��496�¡�����֮��" target="_blank">��496�¡�����֮��</a>
			  </div><div class="col-md-6 item">
				<a href="/book/p20869/5640801.html" title="��497�¡���ҩ" target="_blank">��497�¡���ҩ</a>
			  </div><div class="col-md-6 item">
				<a href="/book/p20869/5640802.html" title="��498�¡��԰���������ҹ" target="_blank">��498�¡��԰���������ҹ</a>
			  </div><div class="col-md-6 item">
				<a href="/book/p20869/5640803.html" title="��499�¡������۾�" target="_blank">��499�¡������۾�</a>
			  </div><div class="col-md-6 item">
				<a href="/book/p20869/5640804.html" title="��500�¡�������·" target="_blank">��500�¡�������·</a>
			  </div><div class="col-md-6 item">
				<a href="/book/p20869/5640805.html" title="��501�¡��Լ���·���Լ�ѡ" target="_blank">��501�¡��Լ���·���Լ�ѡ</a>
			  </div><div class="col-md-6 item">
				<a href="/book/p20869/5640806.html" title="��502�¡�ѡ��" target="_blank">��502�¡�ѡ��</a>
			  </div><div class="col-md-6 item">
				<a href="/book/p20869/5640807.html" title="��503�¡��ɳ�" target="_blank">��503�¡��ɳ�</a>
			  </div><div class="col-md-6 item">
				<a href="/book/p20869/5640808.html" title="��504�¡���Σ��" target="_blank">��504�¡���Σ��</a>
			  </div><div class="col-md-6 item">
				<a href="/book/p20869/5640809.html" title="��505�¡�����" target="_blank">��505�¡�����</a>
			  </div><div class="col-md-6 item">
				<a href="/book/p20869/5640810.html" title="��506�¡������䣬������" target="_blank">��506�¡������䣬������</a>
			  </div><div class="col-md-6 item">
				<a href="/book/p20869/5640811.html" title="��507�¡���������" target="_blank">��507�¡���������</a>
			  </div><div class="col-md-6 item">
				<a href="/book/p20869/5640812.html" title="��508�¡���Ҷ��" target="_blank">��508�¡���Ҷ��</a>
			  </div><div class="col-md-6 item">
				<a href="/book/p20869/5640813.html" title="��509�¡�ʽ��" target="_blank">��509�¡�ʽ��</a>
			  </div><div class="col-md-6 item">
				<a href="/book/p20869/5640814.html" title="��510�¡�������" target="_blank">��510�¡�������</a>
			  </div><div class="col-md-6 item">
				<a href="/book/p20869/5640815.html" title="��511�¡�����֮��" target="_blank">��511�¡�����֮��</a>
			  </div><div class="col-md-6 item">
				<a href="/book/p20869/5640816.html" title="��512�¡�ͬ��������������" target="_blank">��512�¡�ͬ��������������</a>
			  </div><div class="col-md-6 item">
				<a href="/book/p20869/5640817.html" title="��513�¡�������Ը" target="_blank">��513�¡�������Ը</a>
			  </div><div class="col-md-6 item">
				<a href="/book/p20869/5640818.html" title="��514�¡�ʦĸ" target="_blank">��514�¡�ʦĸ</a>
			  </div><div class="col-md-6 item">
				<a href="/book/p20869/5640819.html" title="��515�¡����ԭ��" target="_blank">��515�¡����ԭ��</a>
			  </div><div class="col-md-6 item">
				<a href="/book/p20869/5640820.html" title="��516�¡���������" target="_blank">��516�¡���������</a>
			  </div><div class="col-md-6 item">
				<a href="/book/p20869/5640821.html" title="��517�¡���ѡ" target="_blank">��517�¡���ѡ</a>
			  </div><div class="col-md-6 item">
				<a href="/book/p20869/5640822.html" title="��518�¡�С����" target="_blank">��518�¡�С����</a>
			  </div><div class="col-md-6 item">
				<a href="/book/p20869/5640823.html" title="��519�¡�Ͷ��״" target="_blank">��519�¡�Ͷ��״</a>
			  </div><div class="col-md-6 item">
				<a href="/book/p20869/5640824.html" title="��520�¡�ATS-088ʽ�����⾵" target="_blank">��520�¡�ATS-088ʽ�����⾵</a>
			  </div><div class="col-md-6 item">
				<a href="/book/p20869/5640825.html" title="��521�¡�Zard�����������" target="_blank">��521�¡�Zard�����������</a>
			  </div><div class="col-md-6 item">
				<a href="/book/p20869/5640826.html" title="��522�¡��������λ�ʺ�" target="_blank">��522�¡��������λ�ʺ�</a>
			  </div><div class="col-md-6 item">
				<a href="/book/p20869/5640827.html" title="��523�¡�ʦ������ʿ" target="_blank">��523�¡�ʦ������ʿ</a>
			  </div><div class="col-md-6 item">
				<a href="/book/p20869/5640828.html" title="��524�¡���ѹʽ��Ĺ���" target="_blank">��524�¡���ѹʽ��Ĺ���</a>
			  </div><div class="col-md-6 item">
				<a href="/book/p20869/5640829.html" title="��525�¡�ʦ��Ҳ��ʦ��" target="_blank">��525�¡�ʦ��Ҳ��ʦ��</a>
			  </div><div class="col-md-6 item">
				<a href="/book/p20869/5640830.html" title="��526�¡�ɱ������" target="_blank">��526�¡�ɱ������</a>
			  </div><div class="col-md-6 item">
				<a href="/book/p20869/5640831.html" title="��527�¡��ٱ����������" target="_blank">��527�¡��ٱ����������</a>
			  </div><div class="col-md-6 item">
				<a href="/book/p20869/5640832.html" title="��528�¡�һ��ٺϻ�" target="_blank">��528�¡�һ��ٺϻ�</a>
			  </div><div class="col-md-6 item">
				<a href="/book/p20869/5640833.html" title="��529�¡�����������֮��" target="_blank">��529�¡�����������֮��</a>
			  </div><div class="col-md-6 item">
				<a href="/book/p20869/5640834.html" title="��530�¡������ֳ�" target="_blank">��530�¡������ֳ�</a>
			  </div><div class="col-md-6 item">
				<a href="/book/p20869/5640835.html" title="��531�¡������" target="_blank">��531�¡������</a>
			  </div><div class="col-md-6 item">
				<a href="/book/p20869/5640836.html" title="��532�¡�A02���ʱ������" target="_blank">��532�¡�A02���ʱ������</a>
			  </div><div class="col-md-6 item">
				<a href="/book/p20869/5640837.html" title="��533�¡�����" target="_blank">��533�¡�����</a>
			  </div><div class="col-md-6 item">
				<a href="/book/p20869/5640838.html" title="��534�¡�Ҽ������" target="_blank">��534�¡�Ҽ������</a>
			  </div><div class="col-md-6 item">
				<a href="/book/p20869/5640839.html" title="��535�¡���ƽʢ��" target="_blank">��535�¡���ƽʢ��</a>
			  </div><div class="col-md-6 item">
				<a href="/book/p20869/5640840.html" title="��536�¡�ѩ�߾�Ԯ" target="_blank">��536�¡�ѩ�߾�Ԯ</a>
			  </div><div class="col-md-6 item">
				<a href="/book/p20869/5640841.html" title="��537�¡�һ�����ã�" target="_blank">��537�¡�һ�����ã�</a>
			  </div><div class="col-md-6 item">
				<a href="/book/p20869/5640842.html" title="��538�¡��þò���" target="_blank">��538�¡��þò���</a>
			  </div><div class="col-md-6 item">
				<a href="/book/p20869/5640843.html" title="��539�¡�ս����" target="_blank">��539�¡�ս����</a>
			  </div><div class="col-md-6 item">
				<a href="/book/p20869/5640844.html" title="��540�¡�����" target="_blank">��540�¡�����</a>
			  </div><div class="col-md-6 item">
				<a href="/book/p20869/5640845.html" title="��541�¡�������" target="_blank">��541�¡�������</a>
			  </div><div class="col-md-6 item">
				<a href="/book/p20869/5640846.html" title="��542�¡�Ӱ�ӣ�" target="_blank">��542�¡�Ӱ�ӣ�</a>
			  </div><div class="col-md-6 item">
				<a href="/book/p20869/5640847.html" title="��543�¡���ͷ��" target="_blank">��543�¡���ͷ��</a>
			  </div><div class="col-md-6 item">
				<a href="/book/p20869/5640848.html" title="��544�¡����ļ���" target="_blank">��544�¡����ļ���</a>
			  </div><div class="col-md-6 item">
				<a href="/book/p20869/5640849.html" title="��545�¡�����֮ս" target="_blank">��545�¡�����֮ս</a>
			  </div><div class="col-md-6 item">
				<a href="/book/p20869/5640850.html" title="��546�¡�ʯ�������" target="_blank">��546�¡�ʯ�������</a>
			  </div><div class="col-md-6 item">
				<a href="/book/p20869/5640851.html" title="��547�¡�ʷʫ������" target="_blank">��547�¡�ʷʫ������</a>
			  </div><div class="col-md-6 item">
				<a href="/book/p20869/5640852.html" title="��548�¡��Դ���Ļ��ǿ��" target="_blank">��548�¡��Դ���Ļ��ǿ��</a>
			  </div><div class="col-md-6 item">
				<a href="/book/p20869/5640853.html" title="��549�¡������ǻؼ�" target="_blank">��549�¡������ǻؼ�</a>
			  </div><div class="col-md-6 item">
				<a href="/book/p20869/5640854.html" title="��550�¡���סBug" target="_blank">��550�¡���סBug</a>
			  </div><div class="col-md-6 item">
				<a href="/book/p20869/5640855.html" title="��551�¡���Ϊ����" target="_blank">��551�¡���Ϊ����</a>
			  </div><div class="col-md-6 item">
				<a href="/book/p20869/5640856.html" title="��552�¡���ѫ" target="_blank">��552�¡���ѫ</a>
			  </div><div class="col-md-6 item">
				<a href="/book/p20869/5640857.html" title="��553�¡�Ҽ������" target="_blank">��553�¡�Ҽ������</a>
			  </div><div class="col-md-6 item">
				<a href="/book/p20869/5640858.html" title="��554�¡��ӹ�" target="_blank">��554�¡��ӹ�</a>
			  </div><div class="col-md-6 item">
				<a href="/book/p20869/5640859.html" title="��555�¡��ҳ���ִ�" target="_blank">��555�¡��ҳ���ִ�</a>
			  </div><div class="col-md-6 item">
				<a href="/book/p20869/5640860.html" title="��556�¡�ƽʱ��������" target="_blank">��556�¡�ƽʱ��������</a>
			  </div><div class="col-md-6 item">
				<a href="/book/p20869/5640861.html" title="��557�¡�ս��" target="_blank">��557�¡�ս��</a>
			  </div><div class="col-md-6 item">
				<a href="/book/p20869/5640862.html" title="��558�¡���Ƶ��쳾" target="_blank">��558�¡���Ƶ��쳾</a>
			  </div><div class="col-md-6 item">
				<a href="/book/p20869/5640863.html" title="��559�¡����������" target="_blank">��559�¡����������</a>
			  </div><div class="col-md-6 item">
				<a href="/book/p20869/5640864.html" title="��560�¡���������" target="_blank">��560�¡���������</a>
			  </div><div class="col-md-6 item">
				<a href="/book/p20869/5640865.html" title="��561�¡��ھ����ı仯" target="_blank">��561�¡��ھ����ı仯</a>
			  </div><div class="col-md-6 item">
				<a href="/book/p20869/5640866.html" title="��562�¡����" target="_blank">��562�¡����</a>
			  </div><div class="col-md-6 item">
				<a href="/book/p20869/5640867.html" title="��563�¡�������ɱ¾" target="_blank">��563�¡�������ɱ¾</a>
			  </div><div class="col-md-6 item">
				<a href="/book/p20869/5640868.html" title="��564�¡��Ѳ�" target="_blank">��564�¡��Ѳ�</a>
			  </div><div class="col-md-6 item">
				<a href="/book/p20869/5640869.html" title="��565�¡����ջ���" target="_blank">��565�¡����ջ���</a>
			  </div><div class="col-md-6 item">
				<a href="/book/p20869/5640870.html" title="��566�¡�����A" target="_blank">��566�¡�����A</a>
			  </div><div class="col-md-6 item">
				<a href="/book/p20869/5640871.html" title="��567�¡���ѹʽ����ս��" target="_blank">��567�¡���ѹʽ����ս��</a>
			  </div><div class="col-md-6 item">
				<a href="/book/p20869/5640872.html" title="��568�¡�����" target="_blank">��568�¡�����</a>
			  </div><div class="col-md-6 item">
				<a href="/book/p20869/5640873.html" title="��569�¡�����A������" target="_blank">��569�¡�����A������</a>
			  </div><div class="col-md-6 item">
				<a href="/book/p20869/5640874.html" title="��570�¡�����ɭ�ٳ���" target="_blank">��570�¡�����ɭ�ٳ���</a>
			  </div><div class="col-md-6 item">
				<a href="/book/p20869/5640875.html" title="��571�¡����׳�н������" target="_blank">��571�¡����׳�н������</a>
			  </div><div class="col-md-6 item">
				<a href="/book/p20869/5640876.html" title="��572�¡�����һ��ʳ���" target="_blank">��572�¡�����һ��ʳ���</a>
			  </div><div class="col-md-6 item">
				<a href="/book/p20869/5640877.html" title="��573�¡����˴�·" target="_blank">��573�¡����˴�·</a>
			  </div><div class="col-md-6 item">
				<a href="/book/p20869/5640878.html" title="��574�¡�����" target="_blank">��574�¡�����</a>
			  </div><div class="col-md-6 item">
				<a href="/book/p20869/5640879.html" title="��575�¡�����ɽ��" target="_blank">��575�¡�����ɽ��</a>
			  </div><div class="col-md-6 item">
				<a href="/book/p20869/5640880.html" title="��576�¡�����֮��" target="_blank">��576�¡�����֮��</a>
			  </div><div class="col-md-6 item">
				<a href="/book/p20869/5640881.html" title="��577�¡�����һԾ" target="_blank">��577�¡�����һԾ</a>
			  </div><div class="col-md-6 item">
				<a href="/book/p20869/5640882.html" title="��578�¡��ع鵹��ʱ" target="_blank">��578�¡��ع鵹��ʱ</a>
			  </div><div class="col-md-6 item">
				<a href="/book/p20869/5640883.html" title="��579�¡���Чɱ��" target="_blank">��579�¡���Чɱ��</a>
			  </div><div class="col-md-6 item">
				<a href="/book/p20869/5640884.html" title="��580�¡����һ����" target="_blank">��580�¡����һ����</a>
			  </div><div class="col-md-6 item">
				<a href="/book/p20869/5640885.html" title="��581�¡���򵥵�һ��" target="_blank">��581�¡���򵥵�һ��</a>
			  </div><div class="col-md-6 item">
				<a href="/book/p20869/5640886.html" title="��582�¡�����EMPը����" target="_blank">��582�¡�����EMPը����</a>
			  </div><div class="col-md-6 item">
				<a href="/book/p20869/5640887.html" title="��583�¡�ͳ����" target="_blank">��583�¡�ͳ����</a>
			  </div><div class="col-md-6 item">
				<a href="/book/p20869/5640888.html" title="��584�¡���һ�̣�������" target="_blank">��584�¡���һ�̣�������</a>
			  </div><div class="col-md-6 item">
				<a href="/book/p20869/5640889.html" title="��585�¡�Ӱ�ӵļ�����" target="_blank">��585�¡�Ӱ�ӵļ�����</a>
			  </div><div class="col-md-6 item">
				<a href="/book/p20869/5640890.html" title="��586�¡��ع�" target="_blank">��586�¡��ع�</a>
			  </div><div class="col-md-6 item">
				<a href="/book/p20869/5640891.html" title="��587�¡���ȥ" target="_blank">��587�¡���ȥ</a>
			  </div><div class="col-md-6 item">
				<a href="/book/p20869/5640892.html" title="��588�¡���Ҳ��ʱ�����ߣ�" target="_blank">��588�¡���Ҳ��ʱ�����ߣ�</a>
			  </div><div class="col-md-6 item">
				<a href="/book/p20869/5640893.html" title="��589�¡���������" target="_blank">��589�¡���������</a>
			  </div><div class="col-md-6 item">
				<a href="/book/p20869/5640894.html" title="��590�¡�ǰ��" target="_blank">��590�¡�ǰ��</a>
			  </div><div class="col-md-6 item">
				<a href="/book/p20869/5640895.html" title="��591�¡�һ������ڵ���" target="_blank">��591�¡�һ������ڵ���</a>
			  </div><div class="col-md-6 item">
				<a href="/book/p20869/5640896.html" title="��592�¡�δ��������" target="_blank">��592�¡�δ��������</a>
			  </div><div class="col-md-6 item">
				<a href="/book/p20869/5640897.html" title="��593�¡�������ACE-004������֮��" target="_blank">��593�¡�������ACE-004������֮��</a>
			  </div><div class="col-md-6 item">
				<a href="/book/p20869/5640898.html" title="��594�¡��ܵ�˾����˾���쳾" target="_blank">��594�¡��ܵ�˾����˾���쳾</a>
			  </div><div class="col-md-6 item">
				<a href="/book/p20869/5640899.html" title="��595�¡����������г��������" target="_blank">��595�¡����������г��������</a>
			  </div><div class="col-md-6 item">
				<a href="/book/p20869/5640900.html" title="��596�¡���������" target="_blank">��596�¡���������</a>
			  </div><div class="col-md-6 item">
				<a href="/book/p20869/5640901.html" title="��597�¡��˿�����ƱԱ" target="_blank">��597�¡��˿�����ƱԱ</a>
			  </div><div class="col-md-6 item">
				<a href="/book/p20869/5640902.html" title="��598�¡���ʧ��һ������" target="_blank">��598�¡���ʧ��һ������</a>
			  </div><div class="col-md-6 item">
				<a href="/book/p20869/5640903.html" title="��599�¡�10�Ž���֮��" target="_blank">��599�¡�10�Ž���֮��</a>
			  </div><div class="col-md-6 item">
				<a href="/book/p20869/5640904.html" title="��600�¡�����������" target="_blank">��600�¡�����������</a>
			  </div><div class="col-md-6 item">
				<a href="/book/p20869/5640905.html" title="��601�¡��쳾����֮��" target="_blank">��601�¡��쳾����֮��</a>
			  </div><div class="col-md-6 item">
				<a href="/book/p20869/5640906.html" title="��602�¡��쳾����������" target="_blank">��602�¡��쳾����������</a>
			  </div><div class="col-md-6 item">
				<a href="/book/p20869/5640907.html" title="��603�¡���ǿ������" target="_blank">��603�¡���ǿ������</a>
			  </div><div class="col-md-6 item">
				<a href="/book/p20869/5640908.html" title="��604�¡�����ɱ��" target="_blank">��604�¡�����ɱ��</a>
			  </div><div class="col-md-6 item">
				<a href="/book/p20869/5640909.html" title="��605�¡����Ա��Ӱ��" target="_blank">��605�¡����Ա��Ӱ��</a>
			  </div><div class="col-md-6 item">
				<a href="/book/p20869/5640910.html" title="��606�¡����������" target="_blank">��606�¡����������</a>
			  </div><div class="col-md-6 item">
				<a href="/book/p20869/5640911.html" title="��607�¡��޶�Ƥ��" target="_blank">��607�¡��޶�Ƥ��</a>
			  </div><div class="col-md-6 item">
				<a href="/book/p20869/5640912.html" title="��608�¡��ع���С��" target="_blank">��608�¡��ع���С��</a>
			  </div><div class="col-md-6 item">
				<a href="/book/p20869/5640913.html" title="��609�¡��������" target="_blank">��609�¡��������</a>
			  </div><div class="col-md-6 item">
				<a href="/book/p20869/5640914.html" title="��610�¡�����ţ�ɣ����꣡" target="_blank">��610�¡�����ţ�ɣ����꣡</a>
			  </div><div class="col-md-6 item">
				<a href="/book/p20869/5640915.html" title="��611�¡����۷�" target="_blank">��611�¡����۷�</a>
			  </div><div class="col-md-6 item">
				<a href="/book/p20869/5640916.html" title="��612�¡���ʦ�Ĵ���" target="_blank">��612�¡���ʦ�Ĵ���</a>
			  </div><div class="col-md-6 item">
				<a href="/book/p20869/5640917.html" title="��613�¡��������������ˣ���" target="_blank">��613�¡��������������ˣ���</a>
			  </div><div class="col-md-6 item">
				<a href="/book/p20869/5640918.html" title="��614�¡��������ռ�" target="_blank">��614�¡��������ռ�</a>
			  </div><div class="col-md-6 item">
				<a href="/book/p20869/5640919.html" title="��615�¡�������" target="_blank">��615�¡�������</a>
			  </div><div class="col-md-6 item">
				<a href="/book/p20869/5640920.html" title="��616�¡�У�����쳾" target="_blank">��616�¡�У�����쳾</a>
			  </div><div class="col-md-6 item">
				<a href="/book/p20869/5640921.html" title="��617�¡�����ƻ���" target="_blank">��617�¡�����ƻ���</a>
			  </div><div class="col-md-6 item">
				<a href="/book/p20869/5640922.html" title="��618�¡����������Ӱ�е�������" target="_blank">��618�¡����������Ӱ�е�������</a>
			  </div><div class="col-md-6 item">
				<a href="/book/p20869/5640923.html" title="��619�¡�ũ��ѧԺԺ�����쳾" target="_blank">��619�¡�ũ��ѧԺԺ�����쳾</a>
			  </div><div class="col-md-6 item">
				<a href="/book/p20869/5640924.html" title="��620�¡�Ѱ���µ����д���" target="_blank">��620�¡�Ѱ���µ����д���</a>
			  </div><div class="col-md-6 item">
				<a href="/book/p20869/5640925.html" title="��621�¡�Ӱ�ӳ���" target="_blank">��621�¡�Ӱ�ӳ���</a>
			  </div><div class="col-md-6 item">
				<a href="/book/p20869/5640926.html" title="��622�¡���׭��" target="_blank">��622�¡���׭��</a>
			  </div><div class="col-md-6 item">
				<a href="/book/p20869/5640927.html" title="��623�¡���ɫ���ˣ�֣Զ��" target="_blank">��623�¡���ɫ���ˣ�֣Զ��</a>
			  </div><div class="col-md-6 item">
				<a href="/book/p20869/5640928.html" title="��624�¡�����Ľ��" target="_blank">��624�¡�����Ľ��</a>
			  </div><div class="col-md-6 item">
				<a href="/book/p20869/5640929.html" title="��625�¡�ȱʧ��һ������" target="_blank">��625�¡�ȱʧ��һ������</a>
			  </div><div class="col-md-6 item">
				<a href="/book/p20869/5640930.html" title="��626�¡�ũ��ѧԺ�ĵ�һ���Ͷ���" target="_blank">��626�¡�ũ��ѧԺ�ĵ�һ���Ͷ���</a>
			  </div><div class="col-md-6 item">
				<a href="/book/p20869/5640931.html" title="��627�¡����Թ�����֯�Ľ���" target="_blank">��627�¡����Թ�����֯�Ľ���</a>
			  </div><div class="col-md-6 item">
				<a href="/book/p20869/5640932.html" title="��628�¡����֣����֣�" target="_blank">��628�¡����֣����֣�</a>
			  </div><div class="col-md-6 item">
				<a href="/book/p20869/5640933.html" title="��629�¡�������˾" target="_blank">��629�¡�������˾</a>
			  </div><div class="col-md-6 item">
				<a href="/book/p20869/5640934.html" title="��630�¡�ũ��ѧԺ�����⸣��" target="_blank">��630�¡�ũ��ѧԺ�����⸣��</a>
			  </div><div class="col-md-6 item">
				<a href="/book/p20869/5640935.html" title="��631�¡��ῨBug��ũ��ѧԺԺ��" target="_blank">��631�¡��ῨBug��ũ��ѧԺԺ��</a>
			  </div><div class="col-md-6 item">
				<a href="/book/p20869/5640936.html" title="��632�¡��ֲ�һ�����͵��ź�" target="_blank">��632�¡��ֲ�һ�����͵��ź�</a>
			  </div><div class="col-md-6 item">
				<a href="/book/p20869/5640937.html" title="��633�¡�Զ�������ѣ�����" target="_blank">��633�¡�Զ�������ѣ�����</a>
			  </div><div class="col-md-6 item">
				<a href="/book/p20869/5640938.html" title="��634�¡���ɫ�Ĺ��" target="_blank">��634�¡���ɫ�Ĺ��</a>
			  </div><div class="col-md-6 item">
				<a href="/book/p20869/5640939.html" title="��635�¡�Ͷ��״" target="_blank">��635�¡�Ͷ��״</a>
			  </div><div class="col-md-6 item">
				<a href="/book/p20869/5640940.html" title="��636�¡�10���ֱ�" target="_blank">��636�¡�10���ֱ�</a>
			  </div><div class="col-md-6 item">
				<a href="/book/p20869/5640941.html" title="��637�¡������Ե�" target="_blank">��637�¡������Ե�</a>
			  </div><div class="col-md-6 item">
				<a href="/book/p20869/5640942.html" title="��638�¡������˲���" target="_blank">��638�¡������˲���</a>
			  </div><div class="col-md-6 item">
				<a href="/book/p20869/5640943.html" title="��639�¡�Ӱ����Ҫ��Ͷ��״" target="_blank">��639�¡�Ӱ����Ҫ��Ͷ��״</a>
			  </div><div class="col-md-6 item">
				<a href="/book/p20869/5640944.html" title="��640�¡�ǰ��" target="_blank">��640�¡�ǰ��</a>
			  </div><div class="col-md-6 item">
				<a href="/book/p20869/5640945.html" title="��641�¡�Զ��������" target="_blank">��641�¡�Զ��������</a>
			  </div><div class="col-md-6 item">
				<a href="/book/p20869/5640946.html" title="��642�¡�ʮ�����磡" target="_blank">��642�¡�ʮ�����磡</a>
			  </div><div class="col-md-6 item">
				<a href="/book/p20869/5640947.html" title="��643�¡����쳾Ϊ��" target="_blank">��643�¡����쳾Ϊ��</a>
			  </div><div class="col-md-6 item">
				<a href="/book/p20869/5640948.html" title="��644�¡���ս��" target="_blank">��644�¡���ս��</a>
			  </div><div class="col-md-6 item">
				<a href="/book/p20869/5640949.html" title="��645�¡��ٺ�����" target="_blank">��645�¡��ٺ�����</a>
			  </div><div class="col-md-6 item">
				<a href="/book/p20869/5640950.html" title="��646�¡�Ӱ�ӣ�һ���ӵ�������" target="_blank">��646�¡�Ӱ�ӣ�һ���ӵ�������</a>
			  </div><div class="col-md-6 item">
				<a href="/book/p20869/5640951.html" title="��647�¡�ս�����ڼ���" target="_blank">��647�¡�ս�����ڼ���</a>
			  </div><div class="col-md-6 item">
				<a href="/book/p20869/5640952.html" title="��648�¡��޾أ��쳾�������˼������" target="_blank">��648�¡��޾أ��쳾�������˼������</a>
			  </div><div class="col-md-6 item">
				<a href="/book/p20869/5640953.html" title="��649�¡���������" target="_blank">��649�¡���������</a>
			  </div><div class="col-md-6 item">
				<a href="/book/p20869/5640954.html" title="��650�¡��쳾�����������" target="_blank">��650�¡��쳾�����������</a>
			  </div><div class="col-md-6 item">
				<a href="/book/p20869/5640955.html" title="��651�¡������ʦ����" target="_blank">��651�¡������ʦ����</a>
			  </div><div class="col-md-6 item">
				<a href="/book/p20869/5640956.html" title="��652�¡��ܵܵ���" target="_blank">��652�¡��ܵܵ���</a>
			  </div><div class="col-md-6 item">
				<a href="/book/p20869/5640957.html" title="��653�¡��������е�˫�н�" target="_blank">��653�¡��������е�˫�н�</a>
			  </div><div class="col-md-6 item">
				<a href="/book/p20869/5640958.html" title="��654�¡�������͵Ļ�����" target="_blank">��654�¡�������͵Ļ�����</a>
			  </div><div class="col-md-6 item">
				<a href="/book/p20869/5640959.html" title="��655�¡����������ʿ֮·" target="_blank">��655�¡����������ʿ֮·</a>
			  </div><div class="col-md-6 item">
				<a href="/book/p20869/5640960.html" title="��656�¡�������" target="_blank">��656�¡�������</a>
			  </div><div class="col-md-6 item">
				<a href="/book/p20869/5640961.html" title="��657�¡���������" target="_blank">��657�¡���������</a>
			  </div><div class="col-md-6 item">
				<a href="/book/p20869/5640962.html" title="��658�¡�һ��������ʿ��ʱ��" target="_blank">��658�¡�һ��������ʿ��ʱ��</a>
			  </div><div class="col-md-6 item">
				<a href="/book/p20869/5640963.html" title="��659�¡�������ģ��ͼ���ǰ����" target="_blank">��659�¡�������ģ��ͼ���ǰ����</a>
			  </div><div class="col-md-6 item">
				<a href="/book/p20869/5640964.html" title="��660�¡��������ؾ�������" target="_blank">��660�¡��������ؾ�������</a>
			  </div><div class="col-md-6 item">
				<a href="/book/p20869/5640965.html" title="��661�¡�ũ��ѧԺ���³�Ա" target="_blank">��661�¡�ũ��ѧԺ���³�Ա</a>
			  </div><div class="col-md-6 item">
				<a href="/book/p20869/5640966.html" title="��662�¡�ս����" target="_blank">��662�¡�ս����</a>
			  </div><div class="col-md-6 item">
				<a href="/book/p20869/5640967.html" title="��663�¡����ֳ����ߵ�С����" target="_blank">��663�¡����ֳ����ߵ�С����</a>
			  </div><div class="col-md-6 item">
				<a href="/book/p20869/5640968.html" title="��664�¡��붣�˻�ϣ�" target="_blank">��664�¡��붣�˻�ϣ�</a>
			  </div><div class="col-md-6 item">
				<a href="/book/p20869/5640969.html" title="��665�¡�������ʿ�����ˣ�" target="_blank">��665�¡�������ʿ�����ˣ�</a>
			  </div><div class="col-md-6 item">
				<a href="/book/p20869/5640970.html" title="��666�¡���ս֮��" target="_blank">��666�¡���ս֮��</a>
			  </div><div class="col-md-6 item">
				<a href="/book/p20869/5640971.html" title="��667�¡�002�Ž���֮�ص��ϼһ���" target="_blank">��667�¡�002�Ž���֮�ص��ϼһ���</a>
			  </div><div class="col-md-6 item">
				<a href="/book/p20869/5640972.html" title="��668�¡�������֮Լ" target="_blank">��668�¡�������֮Լ</a>
			  </div><div class="col-md-6 item">
				<a href="/book/p20869/5640973.html" title="��669�¡�Ѫ��ѹ��" target="_blank">��669�¡�Ѫ��ѹ��</a>
			  </div><div class="col-md-6 item">
				<a href="/book/p20869/5640974.html" title="��670�¡������˸�" target="_blank">��670�¡������˸�</a>
			  </div><div class="col-md-6 item">
				<a href="/book/p20869/5640975.html" title="��671�¡������ٻ�" target="_blank">��671�¡������ٻ�</a>
			  </div><div class="col-md-6 item">
				<a href="/book/p20869/5640976.html" title="��672�¡���Ҫ������Ҫ��" target="_blank">��672�¡���Ҫ������Ҫ��</a>
			  </div><div class="col-md-6 item">
				<a href="/book/p20869/5640977.html" title="��673�¡�����֮��" target="_blank">��673�¡�����֮��</a>
			  </div><div class="col-md-6 item">
				<a href="/book/p20869/5640978.html" title="��674�¡�СԺ��" target="_blank">��674�¡�СԺ��</a>
			  </div><div class="col-md-6 item">
				<a href="/book/p20869/5640979.html" title="��675�¡��ӹ�ָ��Ȩ" target="_blank">��675�¡��ӹ�ָ��Ȩ</a>
			  </div><div class="col-md-6 item">
				<a href="/book/p20869/5640980.html" title="��676�¡���Ϩ��ĳ���" target="_blank">��676�¡���Ϩ��ĳ���</a>
			  </div><div class="col-md-6 item">
				<a href="/book/p20869/5640981.html" title="��677�¡�������" target="_blank">��677�¡�������</a>
			  </div><div class="col-md-6 item">
				<a href="/book/p20869/5640982.html" title="��678�¡��������ıܷ��" target="_blank">��678�¡��������ıܷ��</a>
			  </div><div class="col-md-6 item">
				<a href="/book/p20869/5640983.html" title="��679�¡���������" target="_blank">��679�¡���������</a>
			  </div><div class="col-md-6 item">
				<a href="/book/p20869/5640984.html" title="��680�¡�ɱ��ȥ��" target="_blank">��680�¡�ɱ��ȥ��</a>
			  </div><div class="col-md-6 item">
				<a href="/book/p20869/5640985.html" title="��681�¡����ѳ�ʼ" target="_blank">��681�¡����ѳ�ʼ</a>
			  </div><div class="col-md-6 item">
				<a href="/book/p20869/5640986.html" title="��682�¡�������ǰ������" target="_blank">��682�¡�������ǰ������</a>
			  </div><div class="col-md-6 item">
				<a href="/book/p20869/5640987.html" title="��683�¡�������" target="_blank">��683�¡�������</a>
			  </div><div class="col-md-6 item">
				<a href="/book/p20869/5640988.html" title="��684�¡�ʱ���Ҵ���" target="_blank">��684�¡�ʱ���Ҵ���</a>
			  </div><div class="col-md-6 item">
				<a href="/book/p20869/5640989.html" title="��685�¡����أ�һ�����ˣ�" target="_blank">��685�¡����أ�һ�����ˣ�</a>
			  </div><div class="col-md-6 item">
				<a href="/book/p20869/5640990.html" title="��686�¡�����Ҫ������" target="_blank">��686�¡�����Ҫ������</a>
			  </div><div class="col-md-6 item">
				<a href="/book/p20869/5640991.html" title="��687�¡��ܵ�˾��Ͷ��״��" target="_blank">��687�¡��ܵ�˾��Ͷ��״��</a>
			  </div><div class="col-md-6 item">
				<a href="/book/p20869/5640992.html" title="��688�¡���������" target="_blank">��688�¡���������</a>
			  </div><div class="col-md-6 item">
				<a href="/book/p20869/5640993.html" title="��689�¡��ջص�ȭͷ" target="_blank">��689�¡��ջص�ȭͷ</a>
			  </div><div class="col-md-6 item">
				<a href="/book/p20869/5640994.html" title="��690�¡�����֮�µ�����" target="_blank">��690�¡�����֮�µ�����</a>
			  </div><div class="col-md-6 item">
				<a href="/book/p20869/5640995.html" title="��691�¡��һ�����" target="_blank">��691�¡��һ�����</a>
			  </div><div class="col-md-6 item">
				<a href="/book/p20869/5640996.html" title="��692�¡�Ӧ�����ɿ���" target="_blank">��692�¡�Ӧ�����ɿ���</a>
			  </div><div class="col-md-6 item">
				<a href="/book/p20869/5640997.html" title="��693�¡�����һս" target="_blank">��693�¡�����һս</a>
			  </div><div class="col-md-6 item">
				<a href="/book/p20869/5640998.html" title="��694�¡�����" target="_blank">��694�¡�����</a>
			  </div><div class="col-md-6 item">
				<a href="/book/p20869/5640999.html" title="��695�¡��ֽ�����" target="_blank">��695�¡��ֽ�����</a>
			  </div><div class="col-md-6 item">
				<a href="/book/p20869/5641000.html" title="��696�¡�������ACE-039��������" target="_blank">��696�¡�������ACE-039��������</a>
			  </div><div class="col-md-6 item">
				<a href="/book/p20869/5641001.html" title="��697�¡�������ACE-022���Ϻ�" target="_blank">��697�¡�������ACE-022���Ϻ�</a>
			  </div><div class="col-md-6 item">
				<a href="/book/p20869/5641002.html" title="��698�¡�����ɽ�ϵ�����������" target="_blank">��698�¡�����ɽ�ϵ�����������</a>
			  </div><div class="col-md-6 item">
				<a href="/book/p20869/5641003.html" title="��699�¡�Ϊ������" target="_blank">��699�¡�Ϊ������</a>
			  </div><div class="col-md-6 item">
				<a href="/book/p20869/5641004.html" title="��700�¡�������" target="_blank">��700�¡�������</a>
			  </div><div class="col-md-6 item">
				<a href="/book/p20869/5641005.html" title="��701�¡�������Ԫ������Ӯ��������" target="_blank">��701�¡�������Ԫ������Ӯ��������</a>
			  </div><div class="col-md-6 item">
				<a href="/book/p20869/5641006.html" title="��702�¡�ѹ����ʿ��֯������" target="_blank">��702�¡�ѹ����ʿ��֯������</a>
			  </div><div class="col-md-6 item">
				<a href="/book/p20869/5641007.html" title="��703�¡���δӮ�����ˣ�Ӯ��һ��" target="_blank">��703�¡���δӮ�����ˣ�Ӯ��һ��</a>
			  </div><div class="col-md-6 item">
				<a href="/book/p20869/5641008.html" title="��704�¡���ʿ���Ų" target="_blank">��704�¡���ʿ���Ų</a>
			  </div><div class="col-md-6 item">
				<a href="/book/p20869/5641009.html" title="��705�¡���Կ֮�ţ�" target="_blank">��705�¡���Կ֮�ţ�</a>
			  </div><div class="col-md-6 item">
				<a href="/book/p20869/5641010.html" title="��706�¡���ؼ���һ��������֮Ѫ��" target="_blank">��706�¡���ؼ���һ��������֮Ѫ��</a>
			  </div><div class="col-md-6 item">
				<a href="/book/p20869/5641011.html" title="��707�¡����ˣ�S�����������˼䣡" target="_blank">��707�¡����ˣ�S�����������˼䣡</a>
			  </div><div class="col-md-6 item">
				<a href="/book/p20869/5641012.html" title="��708�¡�ħ����" target="_blank">��708�¡�ħ����</a>
			  </div><div class="col-md-6 item">
				<a href="/book/p20869/5641013.html" title="��709�¡�ѭ��" target="_blank">��709�¡�ѭ��</a>
			  </div><div class="col-md-6 item">
				<a href="/book/p20869/5641014.html" title="��710�¡��������޹ص�������ǹ��" target="_blank">��710�¡��������޹ص�������ǹ��</a>
			  </div><div class="col-md-6 item">
				<a href="/book/p20869/5641015.html" title="��711�¡��ֵܸ���������" target="_blank">��711�¡��ֵܸ���������</a>
			  </div><div class="col-md-6 item">
				<a href="/book/p20869/5641016.html" title="��712�¡�������Ԫ�ף����" target="_blank">��712�¡�������Ԫ�ף����</a>
			  </div><div class="col-md-6 item">
				<a href="/book/p20869/5641017.html" title="��713�¡����ҿ�һ�������磡" target="_blank">��713�¡����ҿ�һ�������磡</a>
			  </div><div class="col-md-6 item">
				<a href="/book/p20869/5641018.html" title="��714�¡�վ�������" target="_blank">��714�¡�վ�������</a>
			  </div><div class="col-md-6 item">
				<a href="/book/p20869/5641019.html" title="��715�¡������ƹ�µ�����" target="_blank">��715�¡������ƹ�µ�����</a>
			  </div><div class="col-md-6 item">
				<a href="/book/p20869/5641020.html" title="��716�¡���ҳ���" target="_blank">��716�¡���ҳ���</a>
			  </div><div class="col-md-6 item">
				<a href="/book/p20869/5641021.html" title="��717�¡������ѹ������" target="_blank">��717�¡������ѹ������</a>
			  </div><div class="col-md-6 item">
				<a href="/book/p20869/5641022.html" title="��718�¡�û�£�������" target="_blank">��718�¡�û�£�������</a>
			  </div><div class="col-md-6 item">
				<a href="/book/p20869/5641023.html" title="��719�¡��쳾������" target="_blank">��719�¡��쳾������</a>
			  </div><div class="col-md-6 item">
				<a href="/book/p20869/5641024.html" title="��720�¡�����" target="_blank">��720�¡�����</a>
			  </div><div class="col-md-6 item">
				<a href="/book/p20869/5641025.html" title="��721�¡�������Ļ����ж�" target="_blank">��721�¡�������Ļ����ж�</a>
			  </div><div class="col-md-6 item">
				<a href="/book/p20869/5641026.html" title="��722�¡�ʦ�����¼��£�" target="_blank">��722�¡�ʦ�����¼��£�</a>
			  </div><div class="col-md-6 item">
				<a href="/book/p20869/5641027.html" title="��723�¡�008�Ž���֮�أ��µĹ���" target="_blank">��723�¡�008�Ž���֮�أ��µĹ���</a>
			  </div><div class="col-md-6 item">
				<a href="/book/p20869/5641028.html" title="��724�¡��������ƣ�" target="_blank">��724�¡��������ƣ�</a>
			  </div><div class="col-md-6 item">
				<a href="/book/p20869/5641029.html" title="��725�¡�Ӱ��ɱ��" target="_blank">��725�¡�Ӱ��ɱ��</a>
			  </div><div class="col-md-6 item">
				<a href="/book/p20869/5641030.html" title="��726�¡���������" target="_blank">��726�¡���������</a>
			  </div><div class="col-md-6 item">
				<a href="/book/p20869/5641031.html" title="��727�¡�����֮��������֮��" target="_blank">��727�¡�����֮��������֮��</a>
			  </div><div class="col-md-6 item">
				<a href="/book/p20869/5641032.html" title="��728�¡��������ģ�" target="_blank">��728�¡��������ģ�</a>
			  </div><div class="col-md-6 item">
				<a href="/book/p20869/5641033.html" title="��729�¡���������֮��" target="_blank">��729�¡���������֮��</a>
			  </div><div class="col-md-6 item">
				<a href="/book/p20869/5641034.html" title="��730�¡�������֮�ص�Bug" target="_blank">��730�¡�������֮�ص�Bug</a>
			  </div><div class="col-md-6 item">
				<a href="/book/p20869/5641035.html" title="��731�¡����������·" target="_blank">��731�¡����������·</a>
			  </div><div class="col-md-6 item">
				<a href="/book/p20869/5641036.html" title="��732�¡������쳾��" target="_blank">��732�¡������쳾��</a>
			  </div><div class="col-md-6 item">
				<a href="/book/p20869/5641037.html" title="��733�¡�Ӧ�е�����" target="_blank">��733�¡�Ӧ�е�����</a>
			  </div><div class="col-md-6 item">
				<a href="/book/p20869/5641038.html" title="��734�¡�������̽" target="_blank">��734�¡�������̽</a>
			  </div><div class="col-md-6 item">
				<a href="/book/p20869/5641039.html" title="��735�¡����С�����Ұ���Ū��" target="_blank">��735�¡����С�����Ұ���Ū��</a>
			  </div><div class="col-md-6 item">
				<a href="/book/p20869/5641040.html" title="��736�¡�������ս�����޻��ң�" target="_blank">��736�¡�������ս�����޻��ң�</a>
			  </div><div class="col-md-6 item">
				<a href="/book/p20869/5641041.html" title="��737�¡���ѹ�뱻��ѹ" target="_blank">��737�¡���ѹ�뱻��ѹ</a>
			  </div><div class="col-md-6 item">
				<a href="/book/p20869/5641042.html" title="��738�¡������˵�Ȼ��ȫ��Ҫ��" target="_blank">��738�¡������˵�Ȼ��ȫ��Ҫ��</a>
			  </div><div class="col-md-6 item">
				<a href="/book/p20869/5641043.html" title="��739�¡�ŦԼ���µĽ���֮�أ�" target="_blank">��739�¡�ŦԼ���µĽ���֮�أ�</a>
			  </div><div class="col-md-6 item">
				<a href="/book/p20869/5641044.html" title="��740�¡�ս��Ʒ" target="_blank">��740�¡�ս��Ʒ</a>
			  </div><div class="col-md-6 item">
				<a href="/book/p20869/5641045.html" title="��741�¡������" target="_blank">��741�¡������</a>
			  </div><div class="col-md-6 item">
				<a href="/book/p20869/5641046.html" title="��742�¡�������ɱ�֣�" target="_blank">��742�¡�������ɱ�֣�</a>
			  </div><div class="col-md-6 item">
				<a href="/book/p20869/5641047.html" title="��743�¡�����ħ�������أ�" target="_blank">��743�¡�����ħ�������أ�</a>
			  </div><div class="col-md-6 item">
				<a href="/book/p20869/5641048.html" title="��744�¡����صĵ粨" target="_blank">��744�¡����صĵ粨</a>
			  </div><div class="col-md-6 item">
				<a href="/book/p20869/5641049.html" title="��745�¡�����ƽ������" target="_blank">��745�¡�����ƽ������</a>
			  </div><div class="col-md-6 item">
				<a href="/book/p20869/5641050.html" title="��746�¡��������ǿ���Ϊ����Ϊ" target="_blank">��746�¡��������ǿ���Ϊ����Ϊ</a>
			  </div><div class="col-md-6 item">
				<a href="/book/p20869/5641051.html" title="��747�¡��������ߣ������Լ�ǿ" target="_blank">��747�¡��������ߣ������Լ�ǿ</a>
			  </div><div class="col-md-6 item">
				<a href="/book/p20869/5641052.html" title="��748�¡�������T-3019" target="_blank">��748�¡�������T-3019</a>
			  </div><div class="col-md-6 item">
				<a href="/book/p20869/5641053.html" title="��749�¡�����һ��������" target="_blank">��749�¡�����һ��������</a>
			  </div><div class="col-md-6 item">
				<a href="/book/p20869/5641054.html" title="��750�¡������ܻ�������ʧ�ķ�����" target="_blank">��750�¡������ܻ�������ʧ�ķ�����</a>
			  </div><div class="col-md-6 item">
				<a href="/book/p20869/5641055.html" title="��751�¡��������ѣ���������ħ��" target="_blank">��751�¡��������ѣ���������ħ��</a>
			  </div><div class="col-md-6 item">
				<a href="/book/p20869/5641056.html" title="��752�¡�����ͬ��ʲô���µģ�����û�ü�����" target="_blank">��752�¡�����ͬ��ʲô���µģ�����û�ü�����</a>
			  </div><div class="col-md-6 item">
				<a href="/book/p20869/5641057.html" title="��753�¡���������" target="_blank">��753�¡���������</a>
			  </div><div class="col-md-6 item">
				<a href="/book/p20869/5641058.html" title="��754�¡�ҹϮ" target="_blank">��754�¡�ҹϮ</a>
			  </div><div class="col-md-6 item">
				<a href="/book/p20869/5641059.html" title="��755�¡����߲�����������ϣ�" target="_blank">��755�¡����߲�����������ϣ�</a>
			  </div><div class="col-md-6 item">
				<a href="/book/p20869/5641060.html" title="��756�¡�Ӱ�Ӳ��ӣ����ʵĵ���" target="_blank">��756�¡�Ӱ�Ӳ��ӣ����ʵĵ���</a>
			  </div><div class="col-md-6 item">
				<a href="/book/p20869/5641061.html" title="��757�¡�ʱ�䵽���Ӳ��׹�䣡" target="_blank">��757�¡�ʱ�䵽���Ӳ��׹�䣡</a>
			  </div><div class="col-md-6 item">
				<a href="/book/p20869/5641062.html" title="��758�¡��ҳ���ļ�Чָ�꣬ץ�����" target="_blank">��758�¡��ҳ���ļ�Чָ�꣬ץ�����</a>
			  </div><div class="col-md-6 item">
				<a href="/book/p20869/5641063.html" title="��759�¡����˹�������ݲ���" target="_blank">��759�¡����˹�������ݲ���</a>
			  </div><div class="col-md-6 item">
				<a href="/book/p20869/5641064.html" title="��760�¡�û���鱨���Ǿ������鱨" target="_blank">��760�¡�û���鱨���Ǿ������鱨</a>
			  </div><div class="col-md-6 item">
				<a href="/book/p20869/5641065.html" title="��761�¡�����һԾ" target="_blank">��761�¡�����һԾ</a>
			  </div><div class="col-md-6 item">
				<a href="/book/p20869/5641066.html" title="��762�¡���׼Ϊ�ܵ�׼��������" target="_blank">��762�¡���׼Ϊ�ܵ�׼��������</a>
			  </div><div class="col-md-6 item">
				<a href="/book/p20869/5641067.html" title="��763�¡���ɵĵ�����Ц" target="_blank">��763�¡���ɵĵ�����Ц</a>
			  </div><div class="col-md-6 item">
				<a href="/book/p20869/5641068.html" title="��764�¡�Ҽ���þò���" target="_blank">��764�¡�Ҽ���þò���</a>
			  </div><div class="col-md-6 item">
				<a href="/book/p20869/5641069.html" title="��765�¡�СҼ������" target="_blank">��765�¡�СҼ������</a>
			  </div><div class="col-md-6 item">
				<a href="/book/p20869/5641070.html" title="��766�¡����׽���ʱ" target="_blank">��766�¡����׽���ʱ</a>
			  </div><div class="col-md-6 item">
				<a href="/book/p20869/5641071.html" title="��767�¡�Ұ�ļ����쳾" target="_blank">��767�¡�Ұ�ļ����쳾</a>
			  </div><div class="col-md-6 item">
				<a href="/book/p20869/5641072.html" title="��768�¡����޳�" target="_blank">��768�¡����޳�</a>
			  </div><div class="col-md-6 item">
				<a href="/book/p20869/5641073.html" title="��769�¡�ͬ�ӵ�����" target="_blank">��769�¡�ͬ�ӵ�����</a>
			  </div><div class="col-md-6 item">
				<a href="/book/p20869/5641074.html" title="��770�¡���������" target="_blank">��770�¡���������</a>
			  </div><div class="col-md-6 item">
				<a href="/book/p20869/5641075.html" title="��771�¡�����ʦ��" target="_blank">��771�¡�����ʦ��</a>
			  </div><div class="col-md-6 item">
				<a href="/book/p20869/5641076.html" title="��772�¡����˰���Ŀ�" target="_blank">��772�¡����˰���Ŀ�</a>
			  </div><div class="col-md-6 item">
				<a href="/book/p20869/5641077.html" title="��773�¡����峤��Zard" target="_blank">��773�¡����峤��Zard</a>
			  </div><div class="col-md-6 item">
				<a href="/book/p20869/5641078.html" title="��774�¡������еģ���ҲҪ��" target="_blank">��774�¡������еģ���ҲҪ��</a>
			  </div><div class="col-md-6 item">
				<a href="/book/p20869/5641079.html" title="��775�¡�̫�Ӽ��" target="_blank">��775�¡�̫�Ӽ��</a>
			  </div><div class="col-md-6 item">
				<a href="/book/p20869/5641080.html" title="��776�¡�Χ�������ɣ�" target="_blank">��776�¡�Χ�������ɣ�</a>
			  </div><div class="col-md-6 item">
				<a href="/book/p20869/5641081.html" title="��777�¡����쳾ף��" target="_blank">��777�¡����쳾ף��</a>
			  </div><div class="col-md-6 item">
				<a href="/book/p20869/5641082.html" title="��778�¡����ϼ������׺�" target="_blank">��778�¡����ϼ������׺�</a>
			  </div><div class="col-md-6 item">
				<a href="/book/p20869/5641083.html" title="��779�¡�����ɽ�ϵ�����" target="_blank">��779�¡�����ɽ�ϵ�����</a>
			  </div><div class="col-md-6 item">
				<a href="/book/p20869/5641084.html" title="��780�¡���������Ķ�ͦ��" target="_blank">��780�¡���������Ķ�ͦ��</a>
			  </div><div class="col-md-6 item">
				<a href="/book/p20869/5641085.html" title="��781�¡���Ҫ���飬�����" target="_blank">��781�¡���Ҫ���飬�����</a>
			  </div><div class="col-md-6 item">
				<a href="/book/p20869/5641086.html" title="��782�¡�������������ִ�" target="_blank">��782�¡�������������ִ�</a>
			  </div><div class="col-md-6 item">
				<a href="/book/p20869/5641087.html" title="��783�¡�ԭ����û����" target="_blank">��783�¡�ԭ����û����</a>
			  </div><div class="col-md-6 item">
				<a href="/book/p20869/5641088.html" title="��784�¡��쳾��������" target="_blank">��784�¡��쳾��������</a>
			  </div><div class="col-md-6 item">
				<a href="/book/p20869/5641089.html" title="��785�¡����֮��" target="_blank">��785�¡����֮��</a>
			  </div><div class="col-md-6 item">
				<a href="/book/p20869/5641090.html" title="��786�¡���˭���˲��Ժ���" target="_blank">��786�¡���˭���˲��Ժ���</a>
			  </div><div class="col-md-6 item">
				<a href="/book/p20869/5641091.html" title="��787�¡�С���ĳ𣬱���" target="_blank">��787�¡�С���ĳ𣬱���</a>
			  </div><div class="col-md-6 item">
				<a href="/book/p20869/5641092.html" title="��788�¡�Ǳ�룡" target="_blank">��788�¡�Ǳ�룡</a>
			  </div><div class="col-md-6 item">
				<a href="/book/p20869/5641093.html" title="��789�¡�����Ǳ��" target="_blank">��789�¡�����Ǳ��</a>
			  </div><div class="col-md-6 item">
				<a href="/book/p20869/5641094.html" title="��790�¡�������С��" target="_blank">��790�¡�������С��</a>
			  </div><div class="col-md-6 item">
				<a href="/book/p20869/5641095.html" title="��791�¡��������确������" target="_blank">��791�¡��������确������</a>
			  </div><div class="col-md-6 item">
				<a href="/book/p20869/5641096.html" title="��792�¡�����������������" target="_blank">��792�¡�����������������</a>
			  </div><div class="col-md-6 item">
				<a href="/book/p20869/5641097.html" title="��793�¡��ͻ������" target="_blank">��793�¡��ͻ������</a>
			  </div><div class="col-md-6 item">
				<a href="/book/p20869/5641098.html" title="��794�¡�����֮��" target="_blank">��794�¡�����֮��</a>
			  </div><div class="col-md-6 item">
				<a href="/book/p20869/5641099.html" title="��795�¡��ܸ�����׳��������" target="_blank">��795�¡��ܸ�����׳��������</a>
			  </div><div class="col-md-6 item">
				<a href="/book/p20869/5641100.html" title="��796�¡���������ɱ��������·" target="_blank">��796�¡���������ɱ��������·</a>
			  </div><div class="col-md-6 item">
				<a href="/book/p20869/5641101.html" title="��797�¡�����˽���AI" target="_blank">��797�¡�����˽���AI</a>
			  </div><div class="col-md-6 item">
				<a href="/book/p20869/5641102.html" title="��798�¡�136�Ŷ�Ԫ����" target="_blank">��798�¡�136�Ŷ�Ԫ����</a>
			  </div><div class="col-md-6 item">
				<a href="/book/p20869/5641103.html" title="��799�¡��ı䳬������ĸ�֣�" target="_blank">��799�¡��ı䳬������ĸ�֣�</a>
			  </div><div class="col-md-6 item">
				<a href="/book/p20869/5641104.html" title="��800�¡�Ҽ���ػ�" target="_blank">��800�¡�Ҽ���ػ�</a>
			  </div><div class="col-md-6 item">
				<a href="/book/p20869/5641105.html" title="��801�¡���Ȼ�е����뺦��" target="_blank">��801�¡���Ȼ�е����뺦��</a>
			  </div><div class="col-md-6 item">
				<a href="/book/p20869/5641106.html" title="��802�¡����Ѳ飡" target="_blank">��802�¡����Ѳ飡</a>
			  </div><div class="col-md-6 item">
				<a href="/book/p20869/5641107.html" title="��803�¡�����ɱ��©��֮��" target="_blank">��803�¡�����ɱ��©��֮��</a>
			  </div><div class="col-md-6 item">
				<a href="/book/p20869/5641108.html" title="��804�¡���Ҳ̫��̬�˰ɣ�" target="_blank">��804�¡���Ҳ̫��̬�˰ɣ�</a>
			  </div><div class="col-md-6 item">
				<a href="/book/p20869/5641109.html" title="��805�¡���AI�ĶԻ�" target="_blank">��805�¡���AI�ĶԻ�</a>
			  </div><div class="col-md-6 item">
				<a href="/book/p20869/5641110.html" title="��806�¡��ձ�����" target="_blank">��806�¡��ձ�����</a>
			  </div><div class="col-md-6 item">
				<a href="/book/p20869/5641111.html" title="��807�¡���ʿ��ѡ����" target="_blank">��807�¡���ʿ��ѡ����</a>
			  </div><div class="col-md-6 item">
				<a href="/book/p20869/5641112.html" title="��808�¡���ʿ��֯���»�����" target="_blank">��808�¡���ʿ��֯���»�����</a>
			  </div><div class="col-md-6 item">
				<a href="/book/p20869/5641113.html" title="��809�¡�С������ʹ���" target="_blank">��809�¡�С������ʹ���</a>
			  </div><div class="col-md-6 item">
				<a href="/book/p20869/5641114.html" title="��810�¡����𣡰�����ȫ���Ƴɽ�ʬ��" target="_blank">��810�¡����𣡰�����ȫ���Ƴɽ�ʬ��</a>
			  </div><div class="col-md-6 item">
				<a href="/book/p20869/5641115.html" title="��811�¡�����İ���" target="_blank">��811�¡�����İ���</a>
			  </div><div class="col-md-6 item">
				<a href="/book/p20869/5641116.html" title="��812�¡���ħ������" target="_blank">��812�¡���ħ������</a>
			  </div><div class="col-md-6 item">
				<a href="/book/p20869/5641117.html" title="��813�¡�����֮��" target="_blank">��813�¡�����֮��</a>
			  </div><div class="col-md-6 item">
				<a href="/book/p20869/5641118.html" title="��814�¡����ҵĺ�ˮ�ǣ���ʱը��������" target="_blank">��814�¡����ҵĺ�ˮ�ǣ���ʱը��������</a>
			  </div><div class="col-md-6 item">
				<a href="/book/p20869/5641119.html" title="��815�¡�����" target="_blank">��815�¡�����</a>
			  </div><div class="col-md-6 item">
				<a href="/book/p20869/5641120.html" title="��816�¡�8�Ŷ�Ԫ���磬������ƴ�����" target="_blank">��816�¡�8�Ŷ�Ԫ���磬������ƴ�����</a>
			  </div><div class="col-md-6 item">
				<a href="/book/p20869/5641121.html" title="��817�¡�����ħ���쳾��" target="_blank">��817�¡�����ħ���쳾��</a>
			  </div><div class="col-md-6 item">
				<a href="/book/p20869/5641122.html" title="��818�¡����������½������" target="_blank">��818�¡����������½������</a>
			  </div><div class="col-md-6 item">
				<a href="/book/p20869/5641123.html" title="��819�¡���ɱ" target="_blank">��819�¡���ɱ</a>
			  </div><div class="col-md-6 item">
				<a href="/book/p20869/5641124.html" title="��820�¡�����ս����" target="_blank">��820�¡�����ս����</a>
			  </div><div class="col-md-6 item">
				<a href="/book/p20869/5641125.html" title="��821�¡�����������ϧ�Ķ�ħ" target="_blank">��821�¡�����������ϧ�Ķ�ħ</a>
			  </div><div class="col-md-6 item">
				<a href="/book/p20869/5641126.html" title="��822�¡������ӷ�" target="_blank">��822�¡������ӷ�</a>
			  </div><div class="col-md-6 item">
				<a href="/book/p20869/5641127.html" title="��823�¡�������" target="_blank">��823�¡�������</a>
			  </div><div class="col-md-6 item">
				<a href="/book/p20869/5641128.html" title="��824�¡�����������ս����" target="_blank">��824�¡�����������ս����</a>
			  </div><div class="col-md-6 item">
				<a href="/book/p20869/5641129.html" title="��825�¡��������乬���쳾" target="_blank">��825�¡��������乬���쳾</a>
			  </div><div class="col-md-6 item">
				<a href="/book/p20869/5641130.html" title="��826�¡�����ִ��" target="_blank">��826�¡�����ִ��</a>
			  </div><div class="col-md-6 item">
				<a href="/book/p20869/5641131.html" title="��827�¡���׷ɱ��" target="_blank">��827�¡���׷ɱ��</a>
			  </div><div class="col-md-6 item">
				<a href="/book/p20869/5641132.html" title="��828�¡��쳾����������Bug��" target="_blank">��828�¡��쳾����������Bug��</a>
			  </div><div class="col-md-6 item">
				<a href="/book/p20869/5641133.html" title="��829�¡����ż����쳾" target="_blank">��829�¡����ż����쳾</a>
			  </div><div class="col-md-6 item">
				<a href="/book/p20869/5641134.html" title="��830�¡�Ҽ��������" target="_blank">��830�¡�Ҽ��������</a>
			  </div><div class="col-md-6 item">
				<a href="/book/p20869/5641135.html" title="��831�¡�ʦ�ã���С�ţ�" target="_blank">��831�¡�ʦ�ã���С�ţ�</a>
			  </div><div class="col-md-6 item">
				<a href="/book/p20869/5641136.html" title="��832�¡�������Boss���쳾" target="_blank">��832�¡�������Boss���쳾</a>
			  </div><div class="col-md-6 item">
				<a href="/book/p20869/5641137.html" title="��833�¡��ؼ�" target="_blank">��833�¡��ؼ�</a>
			  </div><div class="col-md-6 item">
				<a href="/book/p20869/5641138.html" title="��834�¡��籩�ǵĴ��Ѳ飡" target="_blank">��834�¡��籩�ǵĴ��Ѳ飡</a>
			  </div><div class="col-md-6 item">
				<a href="/book/p20869/5641139.html" title="��835�¡��������쳾��˫Ӯ" target="_blank">��835�¡��������쳾��˫Ӯ</a>
			  </div><div class="col-md-6 item">
				<a href="/book/p20869/5641140.html" title="��836�¡���ʤ�֣����ط�ɱ��" target="_blank">��836�¡���ʤ�֣����ط�ɱ��</a>
			  </div><div class="col-md-6 item">
				<a href="/book/p20869/5641141.html" title="��837�¡�S���ռ����У����У�" target="_blank">��837�¡�S���ռ����У����У�</a>
			  </div><div class="col-md-6 item">
				<a href="/book/p20869/5641142.html" title="��838�¡�����" target="_blank">��838�¡�����</a>
			  </div><div class="col-md-6 item">
				<a href="/book/p20869/5641143.html" title="��839�¡�������" target="_blank">��839�¡�������</a>
			  </div><div class="col-md-6 item">
				<a href="/book/p20869/5641144.html" title="��840�¡��������쳾����ͳ�������Ը��" target="_blank">��840�¡��������쳾����ͳ�������Ը��</a>
			  </div><div class="col-md-6 item">
				<a href="/book/p20869/5641145.html" title="��841�¡����������ʸ�����������" target="_blank">��841�¡����������ʸ�����������</a>
			  </div><div class="col-md-6 item">
				<a href="/book/p20869/5641146.html" title="��842�¡�а�������" target="_blank">��842�¡�а�������</a>
			  </div><div class="col-md-6 item">
				<a href="/book/p20869/5641147.html" title="��843�¡��쳾�ķ�˿�����" target="_blank">��843�¡��쳾�ķ�˿�����</a>
			  </div><div class="col-md-6 item">
				<a href="/book/p20869/5641148.html" title="��844�¡�ǰ�ڻ��ص��¹ܼ�" target="_blank">��844�¡�ǰ�ڻ��ص��¹ܼ�</a>
			  </div><div class="col-md-6 item">
				<a href="/book/p20869/5641149.html" title="��845�¡��쳾��̰��" target="_blank">��845�¡��쳾��̰��</a>
			  </div><div class="col-md-6 item">
				<a href="/book/p20869/5641150.html" title="��846�¡�ǰ�ڻ��ؾ���" target="_blank">��846�¡�ǰ�ڻ��ؾ���</a>
			  </div><div class="col-md-6 item">
				<a href="/book/p20869/5641151.html" title="��847�¡�������Ϯ��" target="_blank">��847�¡�������Ϯ��</a>
			  </div><div class="col-md-6 item">
				<a href="/book/p20869/5641152.html" title="��848�¡�ʬ�������ǳ��ȶ�" target="_blank">��848�¡�ʬ�������ǳ��ȶ�</a>
			  </div><div class="col-md-6 item">
				<a href="/book/p20869/5641153.html" title="��849�¡����ٺ������" target="_blank">��849�¡����ٺ������</a>
			  </div><div class="col-md-6 item">
				<a href="/book/p20869/5641154.html" title="��850�¡�Ϸ��ʦ���幫��" target="_blank">��850�¡�Ϸ��ʦ���幫��</a>
			  </div><div class="col-md-6 item">
				<a href="/book/p20869/5641155.html" title="��851�¡��쳾������Ƭ��" target="_blank">��851�¡��쳾������Ƭ��</a>
			  </div><div class="col-md-6 item">
				<a href="/book/p20869/5641156.html" title="��852�¡��������ط�" target="_blank">��852�¡��������ط�</a>
			  </div><div class="col-md-6 item">
				<a href="/book/p20869/5641157.html" title="��853�¡���λ��˹��Ӱ��" target="_blank">��853�¡���λ��˹��Ӱ��</a>
			  </div><div class="col-md-6 item">
				<a href="/book/p20869/5641158.html" title="��854�¡�����֮ɭ���µĹ���" target="_blank">��854�¡�����֮ɭ���µĹ���</a>
			  </div><div class="col-md-6 item">
				<a href="/book/p20869/5641159.html" title="��855�¡��������Ӱ������֮ɭ���������" target="_blank">��855�¡��������Ӱ������֮ɭ���������</a>
			  </div><div class="col-md-6 item">
				<a href="/book/p20869/5641160.html" title="��856�¡��쳾����������֪" target="_blank">��856�¡��쳾����������֪</a>
			  </div><div class="col-md-6 item">
				<a href="/book/p20869/5641161.html" title="��857�¡���֪������" target="_blank">��857�¡���֪������</a>
			  </div><div class="col-md-6 item">
				<a href="/book/p20869/5641162.html" title="��858�¡�ΰ��Ԥ���������" target="_blank">��858�¡�ΰ��Ԥ���������</a>
			  </div><div class="col-md-6 item">
				<a href="/book/p20869/5641163.html" title="��859�¡��������Ԥ��" target="_blank">��859�¡��������Ԥ��</a>
			  </div><div class="col-md-6 item">
				<a href="/book/p20869/5641164.html" title="��860�¡����ޣ�Ϸ��ʦ���ֶΣ�" target="_blank">��860�¡����ޣ�Ϸ��ʦ���ֶΣ�</a>
			  </div><div class="col-md-6 item">
				<a href="/book/p20869/5641165.html" title="��861�¡�������ͥ" target="_blank">��861�¡�������ͥ</a>
			  </div><div class="col-md-6 item">
				<a href="/book/p20869/5641166.html" title="��862�¡���֩�룡" target="_blank">��862�¡���֩�룡</a>
			  </div><div class="col-md-6 item">
				<a href="/book/p20869/5641167.html" title="��863�¡������˶�������" target="_blank">��863�¡������˶�������</a>
			  </div><div class="col-md-6 item">
				<a href="/book/p20869/5641168.html" title="��864�¡�����ʿ��" target="_blank">��864�¡�����ʿ��</a>
			  </div><div class="col-md-6 item">
				<a href="/book/p20869/5641169.html" title="��865�¡������볤��" target="_blank">��865�¡������볤��</a>
			  </div><div class="col-md-6 item">
				<a href="/book/p20869/5641170.html" title="��866�¡�����֮ǹ���Ӳ��׹�䣡" target="_blank">��866�¡�����֮ǹ���Ӳ��׹�䣡</a>
			  </div><div class="col-md-6 item">
				<a href="/book/p20869/5641171.html" title="��867�¡��۹���ج��" target="_blank">��867�¡��۹���ج��</a>
			  </div><div class="col-md-6 item">
				<a href="/book/p20869/5641172.html" title="��868�¡����˵�����" target="_blank">��868�¡����˵�����</a>
			  </div><div class="col-md-6 item">
				<a href="/book/p20869/5641173.html" title="��869�¡���ɽ���" target="_blank">��869�¡���ɽ���</a>
			  </div><div class="col-md-6 item">
				<a href="/book/p20869/5641174.html" title="��870�¡����˵�����" target="_blank">��870�¡����˵�����</a>
			  </div><div class="col-md-6 item">
				<a href="/book/p20869/5641175.html" title="��871�¡������Ǹ�������" target="_blank">��871�¡������Ǹ�������</a>
			  </div><div class="col-md-6 item">
				<a href="/book/p20869/5641176.html" title="��872�¡����꽫��" target="_blank">��872�¡����꽫��</a>
			  </div><div class="col-md-6 item">
				<a href="/book/p20869/5641177.html" title="��873�¡���ʮ��" target="_blank">��873�¡���ʮ��</a>
			  </div><div class="col-md-6 item">
				<a href="/book/p20869/5641178.html" title="��874�¡���������֮��" target="_blank">��874�¡���������֮��</a>
			  </div><div class="col-md-6 item">
				<a href="/book/p20869/5641179.html" title="��875�¡�������֮��" target="_blank">��875�¡�������֮��</a>
			  </div><div class="col-md-6 item">
				<a href="/book/p20869/5641180.html" title="��876�¡�����â����" target="_blank">��876�¡�����â����</a>
			  </div><div class="col-md-6 item">
				<a href="/book/p20869/5641181.html" title="��877�¡���ս��ݣ����˵�Զ����" target="_blank">��877�¡���ս��ݣ����˵�Զ����</a>
			  </div><div class="col-md-6 item">
				<a href="/book/p20869/5641182.html" title="��878�¡�ע��ҩ�����ν��ﲡ�䣡" target="_blank">��878�¡�ע��ҩ�����ν��ﲡ�䣡</a>
			  </div><div class="col-md-6 item">
				<a href="/book/p20869/5641183.html" title="��879�¡�����ɱ" target="_blank">��879�¡�����ɱ</a>
			  </div><div class="col-md-6 item">
				<a href="/book/p20869/5641184.html" title="��880�¡�Joker������" target="_blank">��880�¡�Joker������</a>
			  </div><div class="col-md-6 item">
				<a href="/book/p20869/5641185.html" title="��881�¡�����ʿ������" target="_blank">��881�¡�����ʿ������</a>
			  </div><div class="col-md-6 item">
				<a href="/book/p20869/5641186.html" title="��882�¡�����ɱ��" target="_blank">��882�¡�����ɱ��</a>
			  </div><div class="col-md-6 item">
				<a href="/book/p20869/5641187.html" title="��883�¡��������Ӱ2.0��ȫ�°汾��" target="_blank">��883�¡��������Ӱ2.0��ȫ�°汾��</a>
			  </div><div class="col-md-6 item">
				<a href="/book/p20869/5641188.html" title="��884�¡������Ż�" target="_blank">��884�¡������Ż�</a>
			  </div><div class="col-md-6 item">
				<a href="/book/p20869/5641189.html" title="��885�¡���Ϊ�˵�����" target="_blank">��885�¡���Ϊ�˵�����</a>
			  </div><div class="col-md-6 item">
				<a href="/book/p20869/5641190.html" title="��886�¡�Ϸ��ʦ����" target="_blank">��886�¡�Ϸ��ʦ����</a>
			  </div><div class="col-md-6 item">
				<a href="/book/p20869/5641191.html" title="��887�¡���·�ѣ���ȥ����" target="_blank">��887�¡���·�ѣ���ȥ����</a>
			  </div><div class="col-md-6 item">
				<a href="/book/p20869/5641192.html" title="��888�¡���ǧ���ˣ�������" target="_blank">��888�¡���ǧ���ˣ�������</a>
			  </div><div class="col-md-6 item">
				<a href="/book/p20869/5641193.html" title="��889�¡�ս��֮���Ĭ��������" target="_blank">��889�¡�ս��֮���Ĭ��������</a>
			  </div><div class="col-md-6 item">
				<a href="/book/p20869/5641194.html" title="��890�¡��������޺ν���" target="_blank">��890�¡��������޺ν���</a>
			  </div><div class="col-md-6 item">
				<a href="/book/p20869/5641195.html" title="��891�¡�Ϸ��ʦ����̨֮��" target="_blank">��891�¡�Ϸ��ʦ����̨֮��</a>
			  </div><div class="col-md-6 item">
				<a href="/book/p20869/5641196.html" title="��892�¡����֣�����" target="_blank">��892�¡����֣�����</a>
			  </div><div class="col-md-6 item">
				<a href="/book/p20869/5641197.html" title="��893�¡�ɱ��" target="_blank">��893�¡�ɱ��</a>
			  </div><div class="col-md-6 item">
				<a href="/book/p20869/5641198.html" title="��894�¡��������Ҷ��" target="_blank">��894�¡��������Ҷ��</a>
			  </div><div class="col-md-6 item">
				<a href="/book/p20869/5641199.html" title="��895�¡�ս��β��" target="_blank">��895�¡�ս��β��</a>
			  </div><div class="col-md-6 item">
				<a href="/book/p20869/5641200.html" title="��896�¡���������ͬ" target="_blank">��896�¡���������ͬ</a>
			  </div><div class="col-md-6 item">
				<a href="/book/p20869/5641201.html" title="��897�¡��㣿" target="_blank">��897�¡��㣿</a>
			  </div><div class="col-md-6 item">
				<a href="/book/p20869/5641202.html" title="��898�¡�����Ҽ" target="_blank">��898�¡�����Ҽ</a>
			  </div><div class="col-md-6 item">
				<a href="/book/p20869/5641203.html" title="��899�¡�СѼ�Ӵ�" target="_blank">��899�¡�СѼ�Ӵ�</a>
			  </div><div class="col-md-6 item">
				<a href="/book/p20869/5641204.html" title="��900�¡�ӽ̾��" target="_blank">��900�¡�ӽ̾��</a>
			  </div><div class="col-md-6 item">
				<a href="/book/p20869/5641205.html" title="��901�¡�������" target="_blank">��901�¡�������</a>
			  </div><div class="col-md-6 item">
				<a href="/book/p20869/5641206.html" title="��902�¡�����ʦ������" target="_blank">��902�¡�����ʦ������</a>
			  </div><div class="col-md-6 item">
				<a href="/book/p20869/5641207.html" title="��903�¡��������䣬��Ҷԭ���ػ�" target="_blank">��903�¡��������䣬��Ҷԭ���ػ�</a>
			  </div><div class="col-md-6 item">
				<a href="/book/p20869/5641208.html" title="��904�¡��͸�����ʦ������" target="_blank">��904�¡��͸�����ʦ������</a>
			  </div><div class="col-md-6 item">
				<a href="/book/p20869/5641209.html" title="��905�¡�ɸ�飡" target="_blank">��905�¡�ɸ�飡</a>
			  </div><div class="col-md-6 item">
				<a href="/book/p20869/5641210.html" title="��906�¡�������" target="_blank">��906�¡�������</a>
			  </div><div class="col-md-6 item">
				<a href="/book/p20869/5641211.html" title="��907�¡�A������ҩ��" target="_blank">��907�¡�A������ҩ��</a>
			  </div><div class="col-md-6 item">
				<a href="/book/p20869/5641212.html" title="��908�¡�������޵Ĵ�ʦ��" target="_blank">��908�¡�������޵Ĵ�ʦ��</a>
			  </div><div class="col-md-6 item">
				<a href="/book/p20869/5641213.html" title="��909�¡�αװ����ʦ" target="_blank">��909�¡�αװ����ʦ</a>
			  </div><div class="col-md-6 item">
				<a href="/book/p20869/5641214.html" title="��910�¡���װ����ѵ��" target="_blank">��910�¡���װ����ѵ��</a>
			  </div><div class="col-md-6 item">
				<a href="/book/p20869/5641215.html" title="��911�¡��˼����У�������" target="_blank">��911�¡��˼����У�������</a>
			  </div><div class="col-md-6 item">
				<a href="/book/p20869/5641216.html" title="��912�¡������" target="_blank">��912�¡������</a>
			  </div><div class="col-md-6 item">
				<a href="/book/p20869/5641217.html" title="��913�¡��εĽ���" target="_blank">��913�¡��εĽ���</a>
			  </div><div class="col-md-6 item">
				<a href="/book/p20869/5641218.html" title="��914�¡�001�Ž���֮�أ�С��" target="_blank">��914�¡�001�Ž���֮�أ�С��</a>
			  </div><div class="col-md-6 item">
				<a href="/book/p20869/5641219.html" title="��915�¡�������԰" target="_blank">��915�¡�������԰</a>
			  </div><div class="col-md-6 item">
				<a href="/book/p20869/5641220.html" title="��916�¡���תľ��" target="_blank">��916�¡���תľ��</a>
			  </div><div class="col-md-6 item">
				<a href="/book/p20869/5641221.html" title="��917�¡��￳��Ϸ" target="_blank">��917�¡��￳��Ϸ</a>
			  </div><div class="col-md-6 item">
				<a href="/book/p20869/5641222.html" title="��918�¡���ôȱ��" target="_blank">��918�¡���ôȱ��</a>
			  </div><div class="col-md-6 item">
				<a href="/book/p20869/5641223.html" title="��919�¡������ǵ���˫��" target="_blank">��919�¡������ǵ���˫��</a>
			  </div><div class="col-md-6 item">
				<a href="/book/p20869/5641224.html" title="��920�¡������ڵ�һ��" target="_blank">��920�¡������ڵ�һ��</a>
			  </div><div class="col-md-6 item">
				<a href="/book/p20869/5641225.html" title="��921�¡�����԰��Ŀ���ʱ��" target="_blank">��921�¡�����԰��Ŀ���ʱ��</a>
			  </div><div class="col-md-6 item">
				<a href="/book/p20869/5641226.html" title="��922�¡�������ڲ�������" target="_blank">��922�¡�������ڲ�������</a>
			  </div><div class="col-md-6 item">
				<a href="/book/p20869/5641227.html" title="��923�¡�ȫ����" target="_blank">��923�¡�ȫ����</a>
			  </div><div class="col-md-6 item">
				<a href="/book/p20869/5641228.html" title="��924�¡���ɽ����������" target="_blank">��924�¡���ɽ����������</a>
			  </div><div class="col-md-6 item">
				<a href="/book/p20869/5641229.html" title="��925�¡�������������" target="_blank">��925�¡�������������</a>
			  </div><div class="col-md-6 item">
				<a href="/book/p20869/5641230.html" title="��926�¡���Ӱ" target="_blank">��926�¡���Ӱ</a>
			  </div><div class="col-md-6 item">
				<a href="/book/p20869/5641231.html" title="��927�¡��Ĺ����ػ����������" target="_blank">��927�¡��Ĺ����ػ����������</a>
			  </div><div class="col-md-6 item">
				<a href="/book/p20869/5641232.html" title="��928�¡��쳾������" target="_blank">��928�¡��쳾������</a>
			  </div><div class="col-md-6 item">
				<a href="/book/p20869/5641233.html" title="��929�¡��Դ�BGM��Zard" target="_blank">��929�¡��Դ�BGM��Zard</a>
			  </div><div class="col-md-6 item">
				<a href="/book/p20869/5641234.html" title="��930�¡���Խ��ɱ��" target="_blank">��930�¡���Խ��ɱ��</a>
			  </div><div class="col-md-6 item">
				<a href="/book/p20869/5641235.html" title="��931�¡�����" target="_blank">��931�¡�����</a>
			  </div><div class="col-md-6 item">
				<a href="/book/p20869/5641236.html" title="��932�¡�����" target="_blank">��932�¡�����</a>
			  </div><div class="col-md-6 item">
				<a href="/book/p20869/5641237.html" title="��933�¡�����" target="_blank">��933�¡�����</a>
			  </div><div class="col-md-6 item">
				<a href="/book/p20869/5641238.html" title="��934�¡��ջ�" target="_blank">��934�¡��ջ�</a>
			  </div><div class="col-md-6 item">
				<a href="/book/p20869/5641239.html" title="��935�¡��յ�" target="_blank">��935�¡��յ�</a>
			  </div><div class="col-md-6 item">
				<a href="/book/p20869/5641240.html" title="��936�¡�����ҡ��" target="_blank">��936�¡�����ҡ��</a>
			  </div><div class="col-md-6 item">
				<a href="/book/p20869/5641241.html" title="��937�¡��ܲ��ܴ���һ����ɫ�ļ���Ʒ��" target="_blank">��937�¡��ܲ��ܴ���һ����ɫ�ļ���Ʒ��</a>
			  </div><div class="col-md-6 item">
				<a href="/book/p20869/5641242.html" title="��938�¡������ֵ�������" target="_blank">��938�¡������ֵ�������</a>
			  </div><div class="col-md-6 item">
				<a href="/book/p20869/5641243.html" title="��939�¡��쳾������" target="_blank">��939�¡��쳾������</a>
			  </div><div class="col-md-6 item">
				<a href="/book/p20869/5641244.html" title="��940�¡������ߣ���Ϊ����һ�����" target="_blank">��940�¡������ߣ���Ϊ����һ�����</a>
			  </div><div class="col-md-6 item">
				<a href="/book/p20869/5641245.html" title="��941�¡���������" target="_blank">��941�¡���������</a>
			  </div><div class="col-md-6 item">
				<a href="/book/p20869/5641246.html" title="��942�¡���ϧһ�д���" target="_blank">��942�¡���ϧһ�д���</a>
			  </div><div class="col-md-6 item">
				<a href="/book/p20869/5641247.html" title="��943�¡���������" target="_blank">��943�¡���������</a>
			  </div><div class="col-md-6 item">
				<a href="/book/p20869/5641248.html" title="��944�¡�����" target="_blank">��944�¡�����</a>
			  </div><div class="col-md-6 item">
				<a href="/book/p20869/5641249.html" title="��945�¡��ֵ�����" target="_blank">��945�¡��ֵ�����</a>
			  </div><div class="col-md-6 item">
				<a href="/book/p20869/5641250.html" title="��946�¡�����һ��Ҫ��ù�����ȥ��" target="_blank">��946�¡�����һ��Ҫ��ù�����ȥ��</a>
			  </div><div class="col-md-6 item">
				<a href="/book/p20869/5641251.html" title="��947�¡�һƬ����" target="_blank">��947�¡�һƬ����</a>
			  </div><div class="col-md-6 item">
				<a href="/book/p20869/5641252.html" title="��948�¡�����ţ������" target="_blank">��948�¡�����ţ������</a>
			  </div><div class="col-md-6 item">
				<a href="/book/p20869/5641253.html" title="��949�¡�һ����Ƭ" target="_blank">��949�¡�һ����Ƭ</a>
			  </div><div class="col-md-6 item">
				<a href="/book/p20869/5641254.html" title="��950�¡�Ԥ��δ��" target="_blank">��950�¡�Ԥ��δ��</a>
			  </div><div class="col-md-6 item">
				<a href="/book/p20869/5641255.html" title="��951�¡�ϴ��" target="_blank">��951�¡�ϴ��</a>
			  </div><div class="col-md-6 item">
				<a href="/book/p20869/5641256.html" title="��952�¡���ħ�����ħ��" target="_blank">��952�¡���ħ�����ħ��</a>
			  </div><div class="col-md-6 item">
				<a href="/book/p20869/5641257.html" title="��953�¡��쳾�ĺ�ħ��" target="_blank">��953�¡��쳾�ĺ�ħ��</a>
			  </div><div class="col-md-6 item">
				<a href="/book/p20869/5641258.html" title="��954�¡����ص�ʱ������" target="_blank">��954�¡����ص�ʱ������</a>
			  </div><div class="col-md-6 item">
				<a href="/book/p20869/5641259.html" title="��955�¡�����" target="_blank">��955�¡�����</a>
			  </div><div class="col-md-6 item">
				<a href="/book/p20869/5641260.html" title="��956�¡���������" target="_blank">��956�¡���������</a>
			  </div><div class="col-md-6 item">
				<a href="/book/p20869/5641261.html" title="��957�¡����ͻ��" target="_blank">��957�¡����ͻ��</a>
			  </div><div class="col-md-6 item">
				<a href="/book/p20869/5641262.html" title="��958�¡��˵��Ȼ�" target="_blank">��958�¡��˵��Ȼ�</a>
			  </div><div class="col-md-6 item">
				<a href="/book/p20869/5641263.html" title="��959�¡�����" target="_blank">��959�¡�����</a>
			  </div><div class="col-md-6 item">
				<a href="/book/p20869/5641264.html" title="��960�¡��Һ������ҵĽ��" target="_blank">��960�¡��Һ������ҵĽ��</a>
			  </div><div class="col-md-6 item">
				<a href="/book/p20869/5641265.html" title="��961�¡�����" target="_blank">��961�¡�����</a>
			  </div><div class="col-md-6 item">
				<a href="/book/p20869/5641266.html" title="��962�¡��ĸ���ǰ" target="_blank">��962�¡��ĸ���ǰ</a>
			  </div><div class="col-md-6 item">
				<a href="/book/p20869/5641267.html" title="��963�¡���ѩ��" target="_blank">��963�¡���ѩ��</a>
			  </div><div class="col-md-6 item">
				<a href="/book/p20869/5641268.html" title="��964�¡��߾߻ƽ��" target="_blank">��964�¡��߾߻ƽ��</a>
			  </div><div class="col-md-6 item">
				<a href="/book/p20869/5641269.html" title="��965�¡���ʮ�ı������Ľ�" target="_blank">��965�¡���ʮ�ı������Ľ�</a>
			  </div><div class="col-md-6 item">
				<a href="/book/p20869/5641270.html" title="��966�¡�����" target="_blank">��966�¡�����</a>
			  </div><div class="col-md-6 item">
				<a href="/book/p20869/5641271.html" title="��967�¡���͸����" target="_blank">��967�¡���͸����</a>
			  </div><div class="col-md-6 item">
				<a href="/book/p20869/5641272.html" title="��968�¡����¼����һ��Ҳ��" target="_blank">��968�¡����¼����һ��Ҳ��</a>
			  </div><div class="col-md-6 item">
				<a href="/book/p20869/5641273.html" title="��969�¡���ɳ�ɺ�" target="_blank">��969�¡���ɳ�ɺ�</a>
			  </div><div class="col-md-6 item">
				<a href="/book/p20869/5641274.html" title="��970�¡��ۻ��ƽ��" target="_blank">��970�¡��ۻ��ƽ��</a>
			  </div><div class="col-md-6 item">
				<a href="/book/p20869/5641275.html" title="��971�¡������źõ�����" target="_blank">��971�¡������źõ�����</a>
			  </div><div class="col-md-6 item">
				<a href="/book/p20869/5641276.html" title="��972�¡�������ACE-003�����֮��" target="_blank">��972�¡�������ACE-003�����֮��</a>
			  </div><div class="col-md-6 item">
				<a href="/book/p20869/5641277.html" title="��973�¡�������ACE-015��ľ��" target="_blank">��973�¡�������ACE-015��ľ��</a>
			  </div><div class="col-md-6 item">
				<a href="/book/p20869/5641278.html" title="��974�¡�С��" target="_blank">��974�¡�С��</a>
			  </div><div class="col-md-6 item">
				<a href="/book/p20869/5641279.html" title="��975�¡��ȴ�" target="_blank">��975�¡��ȴ�</a>
			  </div><div class="col-md-6 item">
				<a href="/book/p20869/5641280.html" title="��976�¡��¸�·�ڼ�" target="_blank">��976�¡��¸�·�ڼ�</a>
			  </div><div class="col-md-6 item">
				<a href="/book/p20869/5641281.html" title="��977�¡�ʧ��" target="_blank">��977�¡�ʧ��</a>
			  </div><div class="col-md-6 item">
				<a href="/book/p20869/5641282.html" title="��978�¡�ƽ��" target="_blank">��978�¡�ƽ��</a>
			  </div><div class="col-md-6 item">
				<a href="/book/p20869/5641283.html" title="��979�¡�������͵�·" target="_blank">��979�¡�������͵�·</a>
			  </div><div class="col-md-6 item">
				<a href="/book/p20869/5641284.html" title="��980�¡�һ��ֽ��" target="_blank">��980�¡�һ��ֽ��</a>
			  </div><div class="col-md-6 item">
				<a href="/book/p20869/5641285.html" title="��981�¡���ʱ����" target="_blank">��981�¡���ʱ����</a>
			  </div><div class="col-md-6 item">
				<a href="/book/p20869/5641286.html" title="��982�¡��ٹ�ҹ��" target="_blank">��982�¡��ٹ�ҹ��</a>
			  </div><div class="col-md-6 item">
				<a href="/book/p20869/5641287.html" title="��983�¡�����" target="_blank">��983�¡�����</a>
			  </div><div class="col-md-6 item">
				<a href="/book/p20869/5641288.html" title="��984�¡���ʧ���������" target="_blank">��984�¡���ʧ���������</a>
			  </div><div class="col-md-6 item">
				<a href="/book/p20869/5641289.html" title="��985�¡��˼��ѩ�����ѳɶ�" target="_blank">��985�¡��˼��ѩ�����ѳɶ�</a>
			  </div><div class="col-md-6 item">
				<a href="/book/p20869/5641290.html" title="��986�¡�No.9" target="_blank">��986�¡�No.9</a>
			  </div><div class="col-md-6 item">
				<a href="/book/p20869/5641291.html" title="��987�¡��ȱ�" target="_blank">��987�¡��ȱ�</a>
			  </div><div class="col-md-6 item">
				<a href="/book/p20869/5641292.html" title="��988�¡�����" target="_blank">��988�¡�����</a>
			  </div><div class="col-md-6 item">
				<a href="/book/p20869/5641293.html" title="��989�¡����һ��" target="_blank">��989�¡����һ��</a>
			  </div><div class="col-md-6 item">
				<a href="/book/p20869/5641294.html" title="��990�¡����һ�̣�����" target="_blank">��990�¡����һ�̣�����</a>
			  </div><div class="col-md-6 item">
				<a href="/book/p20869/5641295.html" title="��991�¡����һ�̣�����" target="_blank">��991�¡����һ�̣�����</a>
			  </div><div class="col-md-6 item">
				<a href="/book/p20869/5641296.html" title="��992�¡����һ�̣��ģ�" target="_blank">��992�¡����һ�̣��ģ�</a>
			  </div><div class="col-md-6 item">
				<a href="/book/p20869/5641297.html" title="��993�¡����һ�̣��壩" target="_blank">��993�¡����һ�̣��壩</a>
			  </div><div class="col-md-6 item">
				<a href="/book/p20869/5641298.html" title="��994�¡����һ�̣�����" target="_blank">��994�¡����һ�̣�����</a>
			  </div><div class="col-md-6 item">
				<a href="/book/p20869/5641299.html" title="��995�¡����һ�̣��ߣ�" target="_blank">��995�¡����һ�̣��ߣ�</a>
			  </div><div class="col-md-6 item">
				<a href="/book/p20869/5641300.html" title="��996�¡����һ�̣��ˣ�" target="_blank">��996�¡����һ�̣��ˣ�</a>
			  </div><div class="col-md-6 item">
				<a href="/book/p20869/5641301.html" title="��997�¡����һ�̣��ţ�" target="_blank">��997�¡����һ�̣��ţ�</a>
			  </div><div class="col-md-6 item">
				<a href="/book/p20869/5641302.html" title="��998�¡����һ�̣��꣩" target="_blank">��998�¡����һ�̣��꣩</a>
			  </div><div class="col-md-6 item">
				<a href="/book/p20869/5641303.html" title="��ǣ�һ��" target="_blank">��ǣ�һ��</a>
			  </div><div class="col-md-6 item">
				<a href="/book/p20869/5641304.html" title="��ǣ�����" target="_blank">��ǣ�����</a>
			  </div>
            </div>
          </div>
        </div>
      </div>
      <!-- All Chapterlist End -->
    </div>
	<!-- Chapter End -->
  </div>
  <!-- Left End -->
  <div class="col-right2">
	  <div class="panel panel-info hidden-xs hidden-sm t10">
        <div class="panel-heading">
          <h3 class="panel-title">�������</h3>
        </div>
        <div class="panel-body">
          <div class="row">
			<div class="col-md-12 item fix1px"><a class="float-left" href="/book/p20869/" target="_blank">ҹ��������</a><span class="dark float-right">��˵������</span></div><div class="col-md-12 item fix1px"><a class="float-left" href="/book/p20832/" target="_blank">��ɫ�ռ�ϵͳ</a><span class="dark float-right">�ҿ�������</span></div><div class="col-md-12 item fix1px"><a class="float-left" href="/book/p20604/" target="_blank">�쿴�Ǹ�����</a><span class="dark float-right">�¶�������</span></div><div class="col-md-12 item fix1px"><a class="float-left" href="/book/p20603/" target="_blank">����������Ӯ��</a><span class="dark float-right">������С</span></div><div class="col-md-12 item fix1px"><a class="float-left" href="/book/p20601/" target="_blank">�����������������ҽ��ʼ</a><span class="dark float-right">����Сľ��</span></div><div class="col-md-12 item fix1px"><a class="float-left" href="/book/p20600/" target="_blank">��������ƽ����</a><span class="dark float-right">���꺭</span></div><div class="col-md-12 item fix1px"><a class="float-left" href="/book/p20595/" target="_blank">����2011</a><span class="dark float-right">��������ѩ</span></div><div class="col-md-12 item fix1px"><a class="float-left" href="/book/p20502/" target="_blank">���Ѳ������кö���</a><span class="dark float-right">�ȿ�</span></div><div class="col-md-12 item fix1px"><a class="float-left" href="/book/p20229/" target="_blank">����֮��ˮ����</a><span class="dark float-right">��ɽ��</span></div><div class="col-md-12 item fix1px"><a class="float-left" href="/book/p20181/" target="_blank">ƽ�������ƽ������</a><span class="dark float-right">�δ�����</span></div>
          </div>
        </div>
      </div>
	  <!--New Book End -->
	  <div class="panel panel-info">
          <div class="panel-heading"><h3 class="panel-title">����������Ʒ</h3></div>
          <div class="panel-body">
            <div class="row">
              <div class="col-md-12 t10">
                <div class="media"> <a class="media-left" href="/book/p256/" target="_blank"> <img class="book-img-small"  src="/uploads/cover/256s.jpg" title="��һ����" alt="��һ����"/> </a>
                  <div class="media-body">
                    <div class="media-title">
                      <h4><a href="/book/p256/" target="_blank">��һ����</a></h4>
                    </div>
                    <div class="media-info">
                       ����֮�ϣ������������Թ��Ӳд��� һ�������ݰεض�������ȴ���ϱ�������
                    </div>
                  </div>
                </div>
              </div><div class="col-md-12 t10">
                <div class="media"> <a class="media-left" href="/book/p2284/" target="_blank"> <img class="book-img-small"  src="/uploads/cover/2284s.jpg" title="Ӣ������֮�ֱ�ʱ��" alt="Ӣ������֮�ֱ�ʱ��"/> </a>
                  <div class="media-body">
                    <div class="media-title">
                      <h4><a href="/book/p2284/" target="_blank">Ӣ������֮�ֱ�ʱ��</a></h4>
                    </div>
                    <div class="media-info">
                       �����������Ե����һ��LOL���ɴ����ֱ�ĩ���ˣ� ͬ���Ǵ�Ӣ�����ˣ�ֻ������
                    </div>
                  </div>
                </div>
              </div><div class="col-md-12 t10">
                <div class="media"> <a class="media-left" href="/book/p3639/" target="_blank"> <img class="book-img-small"  src="/uploads/cover/3639s.jpg" title="��������" alt="��������"/> </a>
                  <div class="media-body">
                    <div class="media-title">
                      <h4><a href="/book/p3639/" target="_blank">��������</a></h4>
                    </div>
                    <div class="media-info">
                       �������յ�ʱ�����ž���������ˣ��·������ᴩ���գ����ֱ�����ģ���ɳ��
                    </div>
                  </div>
                </div>
              </div><div class="col-md-12 t10">
                <div class="media"> <a class="media-left" href="/book/p3677/" target="_blank"> <img class="book-img-small"  src="/uploads/cover/3677s.jpg" title="���Ǵ����" alt="���Ǵ����"/> </a>
                  <div class="media-body">
                    <div class="media-title">
                      <h4><a href="/book/p3677/" target="_blank">���Ǵ����</a></h4>
                    </div>
                    <div class="media-info">
                       �ĳ���Ҳ���ܲ��Ͷ��� ���������С˵��Ҫ��ϵͳ��ȥ�����Ĵ�Խ���𣿡�
                    </div>
                  </div>
                </div>
              </div>
            </div>
          </div>
        </div>
      <div class="panel panel-info">
        <div class="panel-heading">
          <h3 class="panel-title"><strong>�����Ƽ�</strong></h3>
        </div>
        <div class="panel-body">
          <div class="row">
			<div class="col-md-12 t10">
              <div class="media"> <a class="media-left" href="/book/p16922/" target="_blank"> <img class="book-img-small" src="/uploads/cover/16922s.jpg" title="���ֱ�����ս����BE" alt="���ֱ�����ս����BE"/> </a>
                <div class="media-body">
                  <div class="media-title">
                    <h4><a href="/book/p16922/" target="_blank">���ֱ�����ս����BE</a></h4>
					<span class="dark">��������</span>
                  </div>
                  <div class="media-info"> ��֮�����̳�����������ɹ������縱���������������ϵͳ����������ʦ��</div>
                </div>
              </div>
            </div><div class="col-md-12 t10">
              <div class="media"> <a class="media-left" href="/book/p13645/" target="_blank"> <img class="book-img-small" src="/uploads/cover/13645s.jpg" title="�󹬣���ִ�1" alt="�󹬣���ִ�1"/> </a>
                <div class="media-body">
                  <div class="media-title">
                    <h4><a href="/book/p13645/" target="_blank">�󹬣���ִ�1</a></h4>
					<span class="dark">������</span>
                  </div>
                  <div class="media-info">Ů��֮��Ķ�������Զ����п�Ķ��������󹬣��ǲп���ܼ��ء������ϱ��¡�</div>
                </div>
              </div>
            </div><div class="col-md-12 t10">
              <div class="media"> <a class="media-left" href="/book/p7060/" target="_blank"> <img class="book-img-small" src="/uploads/cover/7060s.jpg" title="�����˼�������" alt="�����˼�������"/> </a>
                <div class="media-body">
                  <div class="media-title">
                    <h4><a href="/book/p7060/" target="_blank">�����˼�������</a></h4>
					<span class="dark">�ֻ���</span>
                  </div>
                  <div class="media-info">�������˼������졷�����ӽ����ġ��ֻ��򼯡���������ʫѡ����Ϊ�༭�ױ���</div>
                </div>
              </div>
            </div><div class="col-md-12 t10">
              <div class="media"> <a class="media-left" href="/book/p19600/" target="_blank"> <img class="book-img-small" src="/uploads/cover/19600s.jpg" title="������ɨѾ�ߺ�" alt="������ɨѾ�ߺ�"/> </a>
                <div class="media-body">
                  <div class="media-title">
                    <h4><a href="/book/p19600/" target="_blank">������ɨѾ�ߺ�</a></h4>
					<span class="dark">ľ�ӽ���</span>
                  </div>
                  <div class="media-info"> һ��������Ҷ������˹˸���ׯ����ɨѾ�ߣ��ϱ�������ĩ�����������򣬾š�</div>
                </div>
              </div>
            </div><div class="col-md-12 t10">
              <div class="media"> <a class="media-left" href="/book/p5646/" target="_blank"> <img class="book-img-small" src="/uploads/cover/5646s.jpg" title="����ɱ��" alt="����ɱ��"/> </a>
                <div class="media-body">
                  <div class="media-title">
                    <h4><a href="/book/p5646/" target="_blank">����ɱ��</a></h4>
					<span class="dark">Ī��������</span>
                  </div>
                  <div class="media-info"> ���Ƶ����磬���Ƶ��ֻء�������������޵���ʱ��������֪����һ������</div>
                </div>
              </div>
            </div><div class="col-md-12 t10">
              <div class="media"> <a class="media-left" href="/book/p8901/" target="_blank"> <img class="book-img-small" src="/uploads/cover/8901s.jpg" title="����Ħ˹֢��Ⱥ" alt="����Ħ˹֢��Ⱥ"/> </a>
                <div class="media-body">
                  <div class="media-title">
                    <h4><a href="/book/p8901/" target="_blank">����Ħ˹֢��Ⱥ</a></h4>
					<span class="dark">J��M������</span>
                  </div>
                  <div class="media-info"> ��ʿɽ�������˽��ùݣ�4��ǰ��ѩ���ж����ùݺ�������ϵ����������Ա�ơ�</div>
                </div>
              </div>
            </div><div class="col-md-12 t10">
              <div class="media"> <a class="media-left" href="/book/p19914/" target="_blank"> <img class="book-img-small" src="/uploads/cover/19914s.jpg" title="����������CP" alt="����������CP"/> </a>
                <div class="media-body">
                  <div class="media-title">
                    <h4><a href="/book/p19914/" target="_blank">����������CP</a></h4>
					<span class="dark">Դ������</span>
                  </div>
                  <div class="media-info"> �ң��깬�㣬һ������ͨͨ�Ȱ�����Ԫ��24�����꣬һ����Ȼ��Խ�����������䡭</div>
                </div>
              </div>
            </div><div class="col-md-12 t10">
              <div class="media"> <a class="media-left" href="/book/p2928/" target="_blank"> <img class="book-img-small" src="/uploads/cover/2928s.jpg" title="����������һ����ʷѧ�ҵ����а�" alt="����������һ����ʷѧ�ҵ����а�"/> </a>
                <div class="media-body">
                  <div class="media-title">
                    <h4><a href="/book/p2928/" target="_blank">����������һ����ʷѧ�ҵ����а�</a></h4>
					<span class="dark">������</span>
                  </div>
                  <div class="media-info"> һ�������ԡ�����Τ��Щ�й��˶���������������������Ǵ��������ģ����ݡ�</div>
                </div>
              </div>
            </div><div class="col-md-12 t10">
              <div class="media"> <a class="media-left" href="/book/p5133/" target="_blank"> <img class="book-img-small" src="/uploads/cover/5133s.jpg" title="Cλ���������ư�����Ȧ�ˣ�[����]" alt="Cλ���������ư�����Ȧ�ˣ�[����]"/> </a>
                <div class="media-body">
                  <div class="media-title">
                    <h4><a href="/book/p5133/" target="_blank">Cλ���������ư�����Ȧ�ˣ�[����]</a></h4>
					<span class="dark">����</span>
                  </div>
                  <div class="media-info"> ������һ�����ǧ���������ڷ����ļ�ǧ�� ���󣬽��类�촩ϵͳѡ�У��ɡ�</div>
                </div>
              </div>
            </div><div class="col-md-12 t10">
              <div class="media"> <a class="media-left" href="/book/p11635/" target="_blank"> <img class="book-img-small" src="/uploads/cover/11635s.jpg" title="����Դ���뱻���ƽ���[�Ǽ�]" alt="����Դ���뱻���ƽ���[�Ǽ�]"/> </a>
                <div class="media-body">
                  <div class="media-title">
                    <h4><a href="/book/p11635/" target="_blank">����Դ���뱻���ƽ���[�Ǽ�]</a></h4>
					<span class="dark">����ī</span>
                  </div>
                  <div class="media-info"> �����ǵ���;�����ǳ��󺣡�����һ�����ڳɳ��Ĺ��¡��� ����İ�ϱ��������</div>
                </div>
              </div>
            </div>
          </div>
        </div>
      </div>
	  <!-- �����Ƽ� End-->
    </div>
    <!-- Col-right End -->
</div>
<!-- Footer Begin -->
<div class="footer">
  <div class = "container">
    <p class = "hidden-xs">�����Ȩ����Ϊ�ڱ�վ����������Ʒ�����������棬�뷢�ʼ���<script>play("email")</script>����վȷ�Ϻ󽫻�������ɾ����</p>
    <p class = "hidden-xs">��վ����¼��Ʒ���������⡢������۾����������Ϊ���������վ������</p>
    <p>�������ߣ���һ�����ĺ͹��������鼮֧�����ߣ��������߲���д��������õ��飡</p>
    <p class = "hidden-xs">
      <script>play("tongji")</script> 
    </p>
  </div>
</div>
<div class="fixed-btn">
    <a class="go-top" href="javascript:void(0)" title="���ض���"> <i class="fa fa-angle-up"></i></a>
</div>
<!-- Footer End --> 
<!-- jQuery (necessary for Bootstrap's JavaScript plugins) --> 
<script src="/static/js/jquery.min.js"></script> 
<!-- Include all compiled plugins (below), or include individual files as needed --> 
<script src="/static/js/bootstrap.min.js"></script> 
<script src="/static/js/comm.js"></script>
<script type="text/javascript">
	var sid ="20869";
	$(function(){
        BookShelf.getChapterHistory(book);
    });
</script>
<script type="module" src="https://static.cloudflareinsights.com/beacon.min.js/v4513226cdae34746b4dedf0b4dfa099e1781791509496" integrity="sha512-ZE9pZaUXND66v380QUtch/5sE9tPFh2zg45pR2PB0CVkCtOREv2AJKkSidISWkysEuQ0EH8faUU5du78bx87UQ==" data-cf-beacon='{"version":"2024.11.0","token":"bf4eb1bf0db94d35a471fe4f3b9897eb","r":1}' crossorigin="anonymous"></script>
</body>
</html>

21:12:02.359 [OkHttp https://www.dbxsz.com/...] DEBUG io.legado.app.model.DebugLog - <-- END HTTP (191607-byte, 27756-gzipped-byte body)
21:12:02.361 [main @coroutine#23] INFO io.legado.app.model.DebugLog - sourceUrl: https://www.dbxsd.com, msg: �Ի�ȡ�ɹ�:https://www.dbxsz.com/book/p20869/
21:12:02.361 [main @coroutine#23] INFO io.legado.app.model.DebugLog - sourceUrl: https://www.dbxsd.com, msg: ����ȡĿ¼�б�
21:12:02.368 [main @coroutine#23] INFO io.legado.app.model.DebugLog - sourceUrl: https://www.dbxsd.com, msg: ���б��С:5000
21:12:02.368 [main @coroutine#23] INFO io.legado.app.model.DebugLog - sourceUrl: https://www.dbxsd.com, msg: ������Ŀ¼�б�
21:12:02.738 [main @coroutine#23] INFO io.legado.app.model.DebugLog - sourceUrl: https://www.dbxsd.com, msg: ��Ŀ¼�б�������
21:12:02.738 [main @coroutine#23] INFO io.legado.app.model.DebugLog - sourceUrl: https://www.dbxsd.com, msg: ��������Ϣ
21:12:02.738 [main @coroutine#23] INFO io.legado.app.model.DebugLog - sourceUrl: https://www.dbxsd.com, msg: ���½�����:��1�¡���ȵ���
21:12:02.738 [main @coroutine#23] INFO io.legado.app.model.DebugLog - sourceUrl: https://www.dbxsd.com, msg: ���½�����:/book/p20869/5640305.html
21:12:02.738 [main @coroutine#23] INFO io.legado.app.model.DebugLog - sourceUrl: https://www.dbxsd.com, msg: ���½���Ϣ:
21:12:02.738 [main @coroutine#23] INFO io.legado.app.model.DebugLog - sourceUrl: https://www.dbxsd.com, msg: ���Ƿ����:false
21:12:02.741 [main @coroutine#23] INFO io.legado.app.model.DebugLog - sourceUrl: https://www.dbxsd.com, msg: ��Ŀ¼����:1000
21:12:02.741 [main] INFO cn.kong.app.model.NovelSourceTest -   �½���: 1000
21:12:02.741 [main] INFO cn.kong.app.model.NovelSourceTest -     [1] ��1�¡���ȵ���
21:12:02.741 [main] INFO cn.kong.app.model.NovelSourceTest -     [2] ��2�¡�����ʱ
21:12:02.741 [main] INFO cn.kong.app.model.NovelSourceTest -     [3] ��3�¡����������
21:12:02.741 [main] INFO cn.kong.app.model.NovelSourceTest -     [4] ��4�¡���ֹһ��
21:12:02.741 [main] INFO cn.kong.app.model.NovelSourceTest -     [5] ��5�¡���Ȼ�ĵ�λ
21:12:02.741 [main] INFO cn.kong.app.model.NovelSourceTest -   --- Step 4: ��ȡ���� ---
21:12:02.741 [main @coroutine#24] INFO io.legado.app.model.webBook.WebBook - bookChapterUrl: /book/p20869/5640305.html
21:12:02.742 [OkHttp https://www.dbxsz.com/...] DEBUG io.legado.app.model.DebugLog - --> GET https://www.dbxsz.com/book/p20869/5640305.html h2
21:12:02.742 [OkHttp https://www.dbxsz.com/...] DEBUG io.legado.app.model.DebugLog - User-Agent: Mozilla/5.0 (Linux; Android 9; PDBM00 Build/PPR1.180610.011; wv) AppleWebKit/537.36 (KHTML, like Gecko) Version/4.0 Chrome/70.0.3538.110 Mobile Safari/537.36
21:12:02.742 [OkHttp https://www.dbxsz.com/...] DEBUG io.legado.app.model.DebugLog - Keep-Alive: 300
21:12:02.742 [OkHttp https://www.dbxsz.com/...] DEBUG io.legado.app.model.DebugLog - Connection: Keep-Alive
21:12:02.742 [OkHttp https://www.dbxsz.com/...] DEBUG io.legado.app.model.DebugLog - Cache-Control: no-cache
21:12:02.742 [OkHttp https://www.dbxsz.com/...] DEBUG io.legado.app.model.DebugLog - Host: www.dbxsz.com
21:12:02.742 [OkHttp https://www.dbxsz.com/...] DEBUG io.legado.app.model.DebugLog - Accept-Encoding: gzip
21:12:02.742 [OkHttp https://www.dbxsz.com/...] DEBUG io.legado.app.model.DebugLog - --> END GET
21:12:03.122 [OkHttp https://www.dbxsz.com/...] DEBUG io.legado.app.model.DebugLog - <-- 200 https://www.dbxsz.com/book/p20869/5640305.html (380ms)
21:12:03.122 [OkHttp https://www.dbxsz.com/...] DEBUG io.legado.app.model.DebugLog - date: Fri, 14 Aug 2026 13:12:03 GMT
21:12:03.122 [OkHttp https://www.dbxsz.com/...] DEBUG io.legado.app.model.DebugLog - content-type: text/html
21:12:03.122 [OkHttp https://www.dbxsz.com/...] DEBUG io.legado.app.model.DebugLog - last-modified: Mon, 16 Jan 2023 12:38:19 GMT
21:12:03.122 [OkHttp https://www.dbxsz.com/...] DEBUG io.legado.app.model.DebugLog - nel: {"report_to":"cf-nel","success_fraction":0.0,"max_age":604800}
21:12:03.122 [OkHttp https://www.dbxsz.com/...] DEBUG io.legado.app.model.DebugLog - server-timing: cfCacheStatus;desc="DYNAMIC"
21:12:03.122 [OkHttp https://www.dbxsz.com/...] DEBUG io.legado.app.model.DebugLog - server-timing: cfEdge;dur=4,cfOrigin;dur=154
21:12:03.122 [OkHttp https://www.dbxsz.com/...] DEBUG io.legado.app.model.DebugLog - vary: Accept-Encoding
21:12:03.122 [OkHttp https://www.dbxsz.com/...] DEBUG io.legado.app.model.DebugLog - report-to: {"group":"cf-nel","max_age":604800,"endpoints":[{"url":"https://a.nel.cloudflare.com/report/v4?s=b%2BDluqkRyfLP8fiVZtbgwvRusr6LXdDrny9fVzEXQtoTpOOs%2F298vDIyiKAQuuMBOVNn5fVAXv0BDjp99VeOyulc%2FNeqvXqc%2FNBDMOGKPkTOYV6Wgh99qHXhTOoyCmRw"}]}
21:12:03.122 [OkHttp https://www.dbxsz.com/...] DEBUG io.legado.app.model.DebugLog - server: cloudflare
21:12:03.122 [OkHttp https://www.dbxsz.com/...] DEBUG io.legado.app.model.DebugLog - cf-cache-status: DYNAMIC
21:12:03.122 [OkHttp https://www.dbxsz.com/...] DEBUG io.legado.app.model.DebugLog - content-encoding: gzip
21:12:03.122 [OkHttp https://www.dbxsz.com/...] DEBUG io.legado.app.model.DebugLog - cf-ray: a2b03579ddbd0e18-AMS
21:12:03.122 [OkHttp https://www.dbxsz.com/...] DEBUG io.legado.app.model.DebugLog - alt-svc: h3=":443"; ma=86400
21:12:03.124 [OkHttp https://www.dbxsz.com/...] DEBUG io.legado.app.model.DebugLog - 
21:12:03.124 [OkHttp https://www.dbxsz.com/...] DEBUG io.legado.app.model.DebugLog - <!DOCTYPE html>
<html lang="zh-cn">
<head>
	<meta charset="utf-8">
	<meta http-equiv="X-UA-Compatible" content="IE=edge">
	<meta name="viewport" content="width=device-width, initial-scale=1">
	<title>��1�¡���ȵ���-��ҹ������������������Ķ�_����С˵��</title>

	<meta name="keywords" content="����С˵��,ҹ��������,��1�¡���ȵ��� �����Ķ�"/>
	<meta name="description" content="��ǰ�½�:��1�¡���ȵ���"/>
	
		<link href="/static/css/bootstrap.min.css" rel="stylesheet">
	<link href="/static/css/font-awesome.min.css" rel="stylesheet" >
	<link href="/static/css/base.css" rel="stylesheet">
	<script src="/static/js/action.js"></script>
	<!--[if lt IE 9]>
      <script src="/static/js/html5shiv.min.js"></script>
      <script src="/static/js/respond.min.js"></script>
    <![endif]-->
	<script type="text/javascript">
      var book = new Object();
      book.id="20869";
      book.name="ҹ��������";
      book.author="��˵��������";
      book.url="/book/p20869/";
      book.chapterName="��1�¡���ȵ���";
      book.chapterUrl=window.location.href;
      book.chapterId="5640305";
    </script>
</head>
<body>
<div class="top">
	<div class="container">
    	<div class="logo-name"><a href="/">����С˵��</a></div>
        <div class="float-right"><script>play("lan")</script></div>
    </div>
</div>
<div class="container">
	      <div class="search row">
        <div class="col-sm-4 col-xs-12">
          <form id="search-form" action="/plus/search.php">
            <div class="input-group">
              <input type="text" class="form-control" placeholder="����������" id="bdcsMain" name="q" />
              <div class="input-group-addon" onclick="search();"><span class="fa fa-search"></span></div>
            </div>
          </form>
        </div>
		<div class="col-sm-2 hidden-xs">
          
        </div>
        <div class="col-sm-6 hidden-xs">
         
        </div>
      </div>
</div>

<div class="container">
  <div class="book-type t10">
	<ol class="breadcrumb hidden-xs">
	  <li><a href="//www.dubuxiaoshuo.com"><i class="fa fa-home"></i> ��ҳ</a></li>
	  <li><a href="/book/p20869/">ҹ��������</a></li>
	  <li class="active">��1�¡���ȵ���</li>
	</ol>
  </div>
  <div class="cont-set clearfix">
  	<script>bookset();</script>
  </div>
  <!-- Content Begin-->
  <div class="content" id="content">
    <h1 class="cont-title">��1�¡���ȵ���</h1>
    <div class="row">
      <div class="col-md-3"></div>
      <div class="col-md-6 text-center">
        <a href="/book/p20869/"><button type="button" class="btn btn-info"><i class="fa fa-arrow-circle-left" aria-hidden="true"></i> ��һ��</button></a>
        <a href="/book/p20869/"><button type="button" class="btn btn-info">��Ŀ¼</button></a>
        <a href="/book/p20869/5640306.html"><button type="button" class="btn btn-info">��һ�� <i class="fa fa-arrow-circle-right" aria-hidden="true"></i></button></a>
      </div>
    </div>
	<div class="page">
		<ul class="pagination pagination-sm">
			
		</ul>
	</div>
	<script>play("code-1");</script>
	<div id="cont-body" class="cont-body 5640305">
		<script>play("code-2");</script>
    	
<p>2022�꣬�</p>
<p>��������С��ӻ�ɫ���׹�䣬��ƮƮ�����ڳ��нֵ��ϡ�</p>
<p>ʱֵ�＾��ʱ��ʱ���ܿ���û��ɡ�����ˣ����ֵ���ͷ���ҴҶ�����</p>
<p>��խ�ľ����ͬ�����һ��ʮ�߰�������꣬��һλ��ү�Ӷ����ڳ���С������������档</p>
<p>����֮���ȫ����Ұ������涼����ˮ�߳��˺�ɫ��ֻ�������µĵ��滹����һƬ����ش����������������綼ֻʣ����һ�龻����</p>
<p>������׸ɾ�������γ����������ص�У���������</p>
<p>������ǰ����һ���ƾɵ�ľ�������̣�ͷ�����Ǻ�ɫ�ġ��������С����ơ�</p>
<p>���������������쳾˵���վ������������ͷ��ϡ�����ͷ����ԭ�ء�</p>
<p>���һ����ԡ�������ͷ�����ĵ�˵����������µ�ʮ������������</p>
<p>�����쳾���˶Է�һ��ƽ��˵���������������ˡ���</p>
<p>��������ɱ����¶������ͼ��ذ�������ʱ�̡�</p>
<p>��ͷ�������������Ӹ��ӵ��������ϣ��������䡣</p>
<p>�쳾�������˵��߽��Ա߳��еĹ�̨��ӹ�̨�������Ǯ����������20��Ǯ�������</p>
<p>��ͷ�������ֵĿ����쳾����ÿ�춼Ҫ�����20��Ǯ��������մ�������������Ӯ��20��Ǯ��������ȫ������ˣ�������˵���ܻ��ʮ���꣬�����ڲ���ʮ����Ҫ��ÿ������20��Ǯ���ҵ����ȥ����Ǯ����</p>
<p>�����һ�����������ȥ������Ӯ�����ӣ����쳾����Ǯ���������Աߣ�ƽ���Ļش�����������������㲢��������</p>
<p>��ͷ������������������̵Ķ���Щû�õĶ�������</p>
<p>�쳾������һ�ۣ�����Ҫ����˵�Լ�����</p>
<p>��ͷ������������</p>
<p>��ͷû�����Ľ��������°ںã�Ȼ���е������������ˣ����̰ɡ���</p>
<p>��һ�̣��쳾��Ȼ��ͷ��</p>
<p>�Ǹո����Ź�ȥ��ʱ�䣬���Ǵ������лط�һ�㡣</p>
<p>��ͷϮ�����ڣ����Ӻ����ϵĺ��䣬���Ժ���һһ�ص���</p>
<p>��ֹ��Щ��</p>
<p>��������ʱ����������·���Ĵ��壬�������Ÿ�����ĸ��ձ����ճ�¯���ձ��ο�һЩˮ������͸�����ϴ���Ⱦ����һ������</p>
<p>���Ű�ɫȹ�ӵ�СŮ����ɡ�߹�����СƤЬ��Ь���ϻ�����ֻƯ���ĺ�����</p>
<p>���֮�ϣ�Ʈҡ����ˮ���ں�ͬ���Ө��͸��</p>
<p>��ͬ��ͷ��103·����������խ�ĺ�ͬ��һ����������һ��������ɫ���µ�Ů�˾�ɡ���򹫽���վ��</p>
<p>�Ų�������ˮ����·��񿾮��ʱ����ˮ������Щ���ӵ���������Ե��������ž���</p>
<p>��һ�У��쳾���������ǡ�</p>
<p>��Źֵļ����������쳾�����������츳�������������ִ�ʱ�䳤�����ȡ��һ���浵��Ȼ���ȡ����Ƭ�浵������Ļ��档</p>
<p>�쳾�����������ϵ����ӡ�</p>
<p>��ͷȫ���ע�Ķ������̣���ÿ��֮��ĸ���Ҳ�Ƕľ�Լ������쳾������壬��ͷ��Ǯ֮��ѧ�塣</p>
<p>��һĻ��Щ���죬����û����Գ���ʱӦ�е�ǫ�������󣬷���������һλ��ʦ��</p>
<p>���췽�ڶ�ƽ�壬�ڷ����ڰ�ƽ�壬���������������˽��ߡ������쳾һ����Ų�������ӡ�</p>
<p>��ͷ�۾�����գһ�£�ǰ�涼���������֣������벻ͨ��ô���˵��������Լ��������˶Է������ȴͻȻ���������ơ�</p>
<p>������ʮ���еľ�������ڵ������Ľ������������˺�����ߵ�ɱ��ﵣ����쳾������˵�ţ�����ǰ������ǹ�԰���Ǹ������µ����ҿ��ˣ���ϲ��˳�ܿ��֣�����������ʮ���д���û�����⡣��</p>
<p>�������ү�����������˼��Ȼ��С���ʵ���������Ӯ������</p>
<p>��һ��������ѧ���ҽ��������ʮ���У���Ϳ��԰������һ����ˣ����쳾˵�������Ͼ��������µ�Ҳ����ô������</p>
<p>��ͷ��ɫ��¶��һ˿ϲɫ��</p>
<p>������ͻȻ�ʵ�����ѧһ��������Ӯ��������ѧ���ÿ���Ӯ�㣿��</p>
<p>����֮�£��쳾����˼����������������˵���ܻ���ʮ�����𡭡����������ˡ���</p>
<p>��ͷ��ɫһ�ͣ�������˵������˵�����ܻ��ʮ�š����ף�������Ӧ����������ϰ����������ô��ѧ��ô�磿��</p>
<p>�쳾������ش���������ڵ��ˡ���</p>
<p>�����ˣ�����ͷ���һ�¡�</p>
<p>�쳾����������������С�Ŀ��Ʈҡ��С�����Ļ�У�û���ٻش�</p>
<p>��ͷ˵��������С��������ô��������ô��ȥ�μ�����������㲻��˵��ȱǮ�𣬵��˹ھ�Ҳ��Ǯ�ð�����</p>
<p>�����쳾ҡҡͷ������ֻ�ǽ�������׶���������������ѣ����������»��У������ϸ��־�¶���ˡ��ҵ�·�����������ֻ����ʱ�ġ���</p>
<p>��ȫ�����������������ͷ�п���һ�£�������ǰ���ã���Ŀ�����������鶼�Ǳ���Ϲ��ġ���</p>
<p>�껺��ͣ�ˡ�</p>
<p>���ڴ�ʱ����ͷ�����쳾���һ�¡�</p>
<p>��˳�������Ŀ�⿴ȥ�����ɿ�����ͬ����һ�Է���ǣ��һ��С�к�������</p>
<p>����Ů�Ӵ��ž��µķ��£���������һ��������ӣ�������ϵ����ɫ�Һÿ��Ķд���</p>
<p>�����ɵ�����Ҳ����ס�������ϵ�ϲ����ɫ���쳾ת����ߣ�������ͷ���ڸ��������ſڵ�����������̾����</p>
<p>����Ů�ӿ������쳾�ı�Ӱ�������ں����쳾�����֣����쳾ͷҲû�ص���ʧ���˺�ͬ�ľ�ͷ��</p>
<p>��ͬ���ߵ�ǽ�ܾ��ˣ���ɫǽ�����������һ��һ��߲��ĺ�שģ����</p>
<p>�쳾Ҫ�ȵ������ˣ������ֲ�����ˡ�</p>

    </div>
	
	<div class="clear"></div>
	<div class="note"><script>play("note");</script></div>
	<script>play("code-3");</script>
	<div class="page">
		<ul class="pagination pagination-sm">
			
		</ul>
	</div>
	<script>play("code-4");</script>
    <div class="row t10">
      <div class="col-md-3"></div>
      <div class="col-md-6 text-center">
        <a href="/book/p20869/"><button type="button" class="btn btn-info"><i class="fa fa-arrow-circle-left" aria-hidden="true"></i> ��һ��</button></a>
        <a href="/book/p20869/"><button type="button" class="btn btn-info">��Ŀ¼</button></a>
        <a href="/book/p20869/5640306.html"><button type="button" class="btn btn-info">��һ�� <i class="fa fa-arrow-circle-right" aria-hidden="true"></i></button></a>
      </div>
    </div>
	<script>play("code-5");</script>
	
  </div>
  <!-- Content End-->
</div>
<!-- Footer Begin -->
<div class="footer">
  <div class = "container">
    <p class = "hidden-xs">�����Ȩ����Ϊ�ڱ�վ����������Ʒ�����������棬�뷢�ʼ���<script>play("email")</script>����վȷ�Ϻ󽫻�������ɾ����</p>
    <p class = "hidden-xs">��վ����¼��Ʒ���������⡢������۾����������Ϊ���������վ������</p>
    <p>�������ߣ���һ�����ĺ͹��������鼮֧�����ߣ��������߲���д��������õ��飡</p>
    <p class = "hidden-xs">
      <script>play("tongji")</script> 
    </p>
  </div>
</div>
<div class="fixed-btn">
    <a class="go-top" href="javascript:void(0)" title="���ض���"> <i class="fa fa-angle-up"></i></a>
</div>
<!-- Footer End --> 
<!-- jQuery (necessary for Bootstrap's JavaScript plugins) --> 
<script src="/static/js/jquery.min.js"></script> 
<!-- Include all compiled plugins (below), or include individual files as needed --> 
<script src="/static/js/bootstrap.min.js"></script> 
<script src="/static/js/comm.js"></script>
<script type="text/javascript">
	var shortname = ".html";
	var npage = 1;
	var totalpage = 1;
	var namehand = "5640305";
	var displaytype = "st";
	var nexturl = "<a href='/book/p20869/5640306.html'><button type='button' class='btn btn-info'>��һ��(��)</button></a>";
	var preurl = "";
	var muluurl = "/book/p20869/";
	var cid = "5640305";
	var sid ="20869";
	play("flow");
</script>
<script src="/static/js/article.js"></script>
<script src="/static/js/up.js"></script>
<script type="module" src="https://static.cloudflareinsights.com/beacon.min.js/v4513226cdae34746b4dedf0b4dfa099e1781791509496" integrity="sha512-ZE9pZaUXND66v380QUtch/5sE9tPFh2zg45pR2PB0CVkCtOREv2AJKkSidISWkysEuQ0EH8faUU5du78bx87UQ==" data-cf-beacon='{"version":"2024.11.0","token":"bf4eb1bf0db94d35a471fe4f3b9897eb","r":1}' crossorigin="anonymous"></script>
</body>
</html>

21:12:03.124 [OkHttp https://www.dbxsz.com/...] DEBUG io.legado.app.model.DebugLog - <-- END HTTP (12204-byte, 5500-gzipped-byte body)
21:12:03.125 [main @coroutine#24] INFO io.legado.app.model.DebugLog - sourceUrl: https://www.dbxsd.com, msg: �Ի�ȡ�ɹ�:/book/p20869/5640305.html
21:12:03.127 [main @coroutine#24] INFO io.legado.app.model.DebugLog - sourceUrl: https://www.dbxsd.com, msg: ����ȡ�½�����
21:12:03.127 [main @coroutine#24] INFO io.legado.app.model.DebugLog - sourceUrl: https://www.dbxsd.com, msg: ����1�¡���ȵ���
21:12:03.127 [main @coroutine#24] INFO io.legado.app.model.DebugLog - sourceUrl: https://www.dbxsd.com, msg: ����ȡ�������� (���ȣ�2029)
21:12:03.127 [main @coroutine#24] INFO io.legado.app.model.DebugLog - sourceUrl: https://www.dbxsd.com, msg: ��
��������2022�꣬�
������������С��ӻ�ɫ���׹�䣬��ƮƮ�����ڳ��нֵ��ϡ�
����ʱֵ�＾��ʱ ... ���ĺ�שģ����
�����쳾Ҫ�ȵ������ˣ������ֲ�����ˡ�
����
21:12:03.127 [main] INFO cn.kong.app.model.NovelSourceTest -   �½�: ��1�¡���ȵ��� | ���ĳ���: 2029
21:12:03.127 [main] INFO cn.kong.app.model.NovelSourceTest -   ����ǰ200��: ��������2022�꣬�
������������С��ӻ�ɫ���׹�䣬��ƮƮ�����ڳ��нֵ��ϡ�
����ʱֵ�＾��ʱ��ʱ���ܿ���û��ɡ�����ˣ����ֵ���ͷ���ҴҶ�����
������խ�ľ����ͬ�����һ��ʮ�߰�������꣬��һλ��ү�Ӷ����ڳ���С������������档
��������֮���ȫ����Ұ������涼����ˮ�߳��˺�ɫ��ֻ�������µĵ��滹����һƬ����ش����������������綼ֻʣ����һ�龻����
����������׸ɾ�������γ����������ص�У
21:12:03.127 [main] INFO cn.kong.app.model.NovelSourceTest - 
  -------- �ؼ��� [��ʬ��] --------
21:12:03.127 [main] INFO cn.kong.app.model.NovelSourceTest -   --- Step 1: ���� [��ʬ��] ---
21:12:03.128 [OkHttp https://www.dbxsd.com/...] DEBUG io.legado.app.model.DebugLog - --> GET https://www.dbxsd.com/plus/search.php?q=%E6%8D%9E%E5%B0%B8%E4%BA%BA h2
21:12:03.129 [OkHttp https://www.dbxsd.com/...] DEBUG io.legado.app.model.DebugLog - User-Agent: Mozilla/5.0 (Linux; Android 9; PDBM00 Build/PPR1.180610.011; wv) AppleWebKit/537.36 (KHTML, like Gecko) Version/4.0 Chrome/70.0.3538.110 Mobile Safari/537.36
21:12:03.129 [OkHttp https://www.dbxsd.com/...] DEBUG io.legado.app.model.DebugLog - Keep-Alive: 300
21:12:03.129 [OkHttp https://www.dbxsd.com/...] DEBUG io.legado.app.model.DebugLog - Connection: Keep-Alive
21:12:03.129 [OkHttp https://www.dbxsd.com/...] DEBUG io.legado.app.model.DebugLog - Cache-Control: no-cache
21:12:03.129 [OkHttp https://www.dbxsd.com/...] DEBUG io.legado.app.model.DebugLog - Host: www.dbxsd.com
21:12:03.129 [OkHttp https://www.dbxsd.com/...] DEBUG io.legado.app.model.DebugLog - Accept-Encoding: gzip
21:12:03.129 [OkHttp https://www.dbxsd.com/...] DEBUG io.legado.app.model.DebugLog - --> END GET
21:12:03.527 [OkHttp https://www.dbxsd.com/...] DEBUG io.legado.app.model.DebugLog - <-- 301 https://www.dbxsd.com/plus/search.php?q=%E6%8D%9E%E5%B0%B8%E4%BA%BA (398ms)
21:12:03.527 [OkHttp https://www.dbxsd.com/...] DEBUG io.legado.app.model.DebugLog - date: Fri, 14 Aug 2026 13:12:03 GMT
21:12:03.527 [OkHttp https://www.dbxsd.com/...] DEBUG io.legado.app.model.DebugLog - content-type: text/html; charset=iso-8859-1
21:12:03.527 [OkHttp https://www.dbxsd.com/...] DEBUG io.legado.app.model.DebugLog - location: https://www.dbxsz.com/plus/search.php?q=%E6%8D%9E%E5%B0%B8%E4%BA%BA
21:12:03.527 [OkHttp https://www.dbxsd.com/...] DEBUG io.legado.app.model.DebugLog - server: cloudflare
21:12:03.527 [OkHttp https://www.dbxsd.com/...] DEBUG io.legado.app.model.DebugLog - cf-cache-status: DYNAMIC
21:12:03.527 [OkHttp https://www.dbxsd.com/...] DEBUG io.legado.app.model.DebugLog - nel: {"report_to":"cf-nel","success_fraction":0.0,"max_age":604800}
21:12:03.527 [OkHttp https://www.dbxsd.com/...] DEBUG io.legado.app.model.DebugLog - server-timing: cfCacheStatus;desc="DYNAMIC"
21:12:03.527 [OkHttp https://www.dbxsd.com/...] DEBUG io.legado.app.model.DebugLog - server-timing: cfEdge;dur=7,cfOrigin;dur=151
21:12:03.527 [OkHttp https://www.dbxsd.com/...] DEBUG io.legado.app.model.DebugLog - report-to: {"group":"cf-nel","max_age":604800,"endpoints":[{"url":"https://a.nel.cloudflare.com/report/v4?s=yHmS1LkztLAGu9zdp6sHiX%2FghPdLhelRMaqHFGYHiLff1A%2Bz8GFHqDMlLvLYtHUTyl4CxPlZ1hhQZbl10KfSU6e4AiQrYzOsaemZrX4lKS98DwfhIOe2PHxaBWXEZmPB"}]}
21:12:03.527 [OkHttp https://www.dbxsd.com/...] DEBUG io.legado.app.model.DebugLog - cf-ray: a2b0357c7df2b8af-AMS
21:12:03.527 [OkHttp https://www.dbxsd.com/...] DEBUG io.legado.app.model.DebugLog - alt-svc: h3=":443"; ma=86400
21:12:03.527 [OkHttp https://www.dbxsd.com/...] DEBUG io.legado.app.model.DebugLog - 
21:12:03.527 [OkHttp https://www.dbxsd.com/...] DEBUG io.legado.app.model.DebugLog - <!DOCTYPE HTML PUBLIC "-//IETF//DTD HTML 2.0//EN">
<html><head>
<title>301 Moved Permanently</title>
</head><body>
<h1>Moved Permanently</h1>
<p>The document has moved <a href="https://www.dbxsz.com/plus/search.php?q=%E6%8D%9E%E5%B0%B8%E4%BA%BA">here</a>.</p>
<hr>
<address>Apache Server at www.dbxsd.com Port 443</address>
<script type="module" src="https://static.cloudflareinsights.com/beacon.min.js/v4513226cdae34746b4dedf0b4dfa099e1781791509496" integrity="sha512-ZE9pZaUXND66v380QUtch/5sE9tPFh2zg45pR2PB0CVkCtOREv2AJKkSidISWkysEuQ0EH8faUU5du78bx87UQ==" data-cf-beacon='{"version":"2024.11.0","token":"73b7efc5ebf64f328ab93582400343bf","r":1}' crossorigin="anonymous"></script>
</body></html>

21:12:03.527 [OkHttp https://www.dbxsd.com/...] DEBUG io.legado.app.model.DebugLog - <-- END HTTP (698-byte body)
21:12:03.527 [OkHttp https://www.dbxsd.com/...] DEBUG io.legado.app.model.DebugLog - --> GET https://www.dbxsz.com/plus/search.php?q=%E6%8D%9E%E5%B0%B8%E4%BA%BA h2
21:12:03.527 [OkHttp https://www.dbxsd.com/...] DEBUG io.legado.app.model.DebugLog - User-Agent: Mozilla/5.0 (Linux; Android 9; PDBM00 Build/PPR1.180610.011; wv) AppleWebKit/537.36 (KHTML, like Gecko) Version/4.0 Chrome/70.0.3538.110 Mobile Safari/537.36
21:12:03.527 [OkHttp https://www.dbxsd.com/...] DEBUG io.legado.app.model.DebugLog - Keep-Alive: 300
21:12:03.527 [OkHttp https://www.dbxsd.com/...] DEBUG io.legado.app.model.DebugLog - Connection: Keep-Alive
21:12:03.527 [OkHttp https://www.dbxsd.com/...] DEBUG io.legado.app.model.DebugLog - Cache-Control: no-cache
21:12:03.527 [OkHttp https://www.dbxsd.com/...] DEBUG io.legado.app.model.DebugLog - Host: www.dbxsz.com
21:12:03.527 [OkHttp https://www.dbxsd.com/...] DEBUG io.legado.app.model.DebugLog - Accept-Encoding: gzip
21:12:03.527 [OkHttp https://www.dbxsd.com/...] DEBUG io.legado.app.model.DebugLog - --> END GET
21:12:03.984 [OkHttp https://www.dbxsd.com/...] DEBUG io.legado.app.model.DebugLog - <-- 200 https://www.dbxsz.com/plus/search.php?q=%E6%8D%9E%E5%B0%B8%E4%BA%BA (456ms)
21:12:03.984 [OkHttp https://www.dbxsd.com/...] DEBUG io.legado.app.model.DebugLog - date: Fri, 14 Aug 2026 13:12:03 GMT
21:12:03.984 [OkHttp https://www.dbxsd.com/...] DEBUG io.legado.app.model.DebugLog - content-type: text/html; charset=utf-8
21:12:03.984 [OkHttp https://www.dbxsd.com/...] DEBUG io.legado.app.model.DebugLog - vary: Accept-Encoding
21:12:03.984 [OkHttp https://www.dbxsd.com/...] DEBUG io.legado.app.model.DebugLog - report-to: {"group":"cf-nel","max_age":604800,"endpoints":[{"url":"https://a.nel.cloudflare.com/report/v4?s=scqwFIhvRrXBLSDzUKO%2FWEW02mL8uGxPgg0z7Qv%2BLikqBCoC%2BXt4tQ3kU9UQzLmgIcmZ5u52LauFO%2FA6A6pWUrsDFf2t%2B8uOOD5Bl15OL2vLctRMSPYwNpSdNRbrxr1o"}]}
21:12:03.984 [OkHttp https://www.dbxsd.com/...] DEBUG io.legado.app.model.DebugLog - server: cloudflare
21:12:03.984 [OkHttp https://www.dbxsd.com/...] DEBUG io.legado.app.model.DebugLog - cf-cache-status: DYNAMIC
21:12:03.984 [OkHttp https://www.dbxsd.com/...] DEBUG io.legado.app.model.DebugLog - nel: {"report_to":"cf-nel","success_fraction":0.0,"max_age":604800}
21:12:03.984 [OkHttp https://www.dbxsd.com/...] DEBUG io.legado.app.model.DebugLog - server-timing: cfCacheStatus;desc="DYNAMIC"
21:12:03.984 [OkHttp https://www.dbxsd.com/...] DEBUG io.legado.app.model.DebugLog - server-timing: cfEdge;dur=7,cfOrigin;dur=232
21:12:03.984 [OkHttp https://www.dbxsd.com/...] DEBUG io.legado.app.model.DebugLog - content-encoding: gzip
21:12:03.984 [OkHttp https://www.dbxsd.com/...] DEBUG io.legado.app.model.DebugLog - cf-ray: a2b0357ebb470e18-AMS
21:12:03.984 [OkHttp https://www.dbxsd.com/...] DEBUG io.legado.app.model.DebugLog - alt-svc: h3=":443"; ma=86400
21:12:03.985 [OkHttp https://www.dbxsd.com/...] DEBUG io.legado.app.model.DebugLog - 
21:12:03.985 [OkHttp https://www.dbxsd.com/...] DEBUG io.legado.app.model.DebugLog -  

<!DOCTYPE html>
<html lang="zh-CN">
  <head>
    <meta charset="utf-8">
    <meta http-equiv="X-UA-Compatible" content="IE=edge">
    <meta name="viewport" content="width=device-width, initial-scale=1">
    <title>��������ʬ�� �����¼</title>
    <link href="/static/css/bootstrap.min.css" rel="stylesheet">
	<link href="/static/css/font-awesome.min.css" rel="stylesheet" >
	<link href="/static/css/base.css" rel="stylesheet">
	<script src="/static/js/action.js"></script>
	<!--[if lt IE 9]>
      <script src="/static/js/html5shiv.min.js"></script>
      <script src="/static/js/respond.min.js"></script>
    <![endif]-->

    
  </head>
  <body>
    <div class="top">
	<div class="container">
    	<div class="logo-name"><a href="/">����С˵��</a></div>
        <div class="float-right"><script>play("lan")</script></div>
    </div>
</div>
<div class="container">
	      <div class="search row">
        <div class="col-sm-4 col-xs-12">
          <form id="search-form" action="/plus/search.php">
            <div class="input-group">
              <input type="text" class="form-control" placeholder="����������" id="bdcsMain" name="q" />
              <div class="input-group-addon" onclick="search();"><span class="fa fa-search"></span></div>
            </div>
          </form>
        </div>
		<div class="col-sm-2 hidden-xs">
          
        </div>
        <div class="col-sm-6 hidden-xs">
         
        </div>
      </div>
</div>
    <div class="container">
        <div class="panel panel-info">
          <div class="panel-heading">
            <h1 class="panel-title">�������С�<strong style="color: red;">��ʬ��</strong>�����鼮</h1>
          </div>
          <div class="panel-body">
            <table class="table table-condensed">
              <thead>
                <tr>
                  <th>����</th>
                  <th>����</th>
                  <th>����</th>
                </tr> 
              </thead>
              <tbody>                <tr>
                  <td><a href="/book/p14387/" title="�ƺ���ʬ��/�ƺ�����¼" target="_blank" class="orange">���ƺ���ʬ��/�ƺ�����¼��</a></td>
                  <td>ϸ������</td>
                  <td><a href="/txt/14387.html" target="_blank">TXT����</a></td>
                </tr>
              </tbody>
            </table>
          </div>
        </div>
    </div>
    <!-- Footer Begin -->
<div class="footer">
  <div class = "container">
    
    <p class = "hidden-xs">�����Ȩ����Ϊ�ڱ�վ����������Ʒ�����������棬�뷢�ʼ���<script>play("email")</script>����վȷ�Ϻ󽫻�������ɾ����</p>
    <p class = "hidden-xs">��վ����¼��Ʒ���������⡢������۾����������Ϊ���������վ������</p>
    <p>�������ߣ���һ�����ĺ͹��������鼮֧�����ߣ��������߲���д��������õ��飡</p>
    <p class = "hidden-xs">
      <script>play("tongji")</script> 
    </p>
  </div>
</div>
<div class="fixed-btn">
    <a class="go-top" href="javascript:void(0)" title="���ض���"> <i class="fa fa-angle-up"></i></a>
</div>
<!-- Footer End --> 
<script src="/static/js/jquery.min.js"></script> 
<script src="/static/js/bootstrap.min.js"></script> 
<script src="/static/js/comm.js"></script>
  <script type="module" src="https://static.cloudflareinsights.com/beacon.min.js/v4513226cdae34746b4dedf0b4dfa099e1781791509496" integrity="sha512-ZE9pZaUXND66v380QUtch/5sE9tPFh2zg45pR2PB0CVkCtOREv2AJKkSidISWkysEuQ0EH8faUU5du78bx87UQ==" data-cf-beacon='{"version":"2024.11.0","token":"bf4eb1bf0db94d35a471fe4f3b9897eb","r":1}' crossorigin="anonymous"></script>
</body>
</html>
21:12:03.986 [OkHttp https://www.dbxsd.com/...] DEBUG io.legado.app.model.DebugLog - <-- END HTTP (3716-byte, 1736-gzipped-byte body)
21:12:03.986 [main @coroutine#25] INFO io.legado.app.model.DebugLog - sourceUrl: https://www.dbxsd.com, msg: �Ի�ȡ�ɹ�:/plus/search.php?q=��ʬ��
21:12:03.986 [main @coroutine#25] INFO io.legado.app.model.DebugLog - sourceUrl: https://www.dbxsd.com, msg: ����ȡ�鼮�б�
21:12:03.987 [main @coroutine#25] INFO io.legado.app.model.DebugLog - sourceUrl: https://www.dbxsd.com, msg: ���б��С:1
21:12:03.987 [main @coroutine#25] INFO io.legado.app.model.DebugLog - sourceUrl: https://www.dbxsd.com, msg: ����ȡ����
21:12:03.987 [main @coroutine#25] INFO io.legado.app.model.DebugLog - sourceUrl: https://www.dbxsd.com, msg: ���ƺ���ʬ��/�ƺ�����¼
21:12:03.987 [main @coroutine#25] INFO io.legado.app.model.DebugLog - sourceUrl: https://www.dbxsd.com, msg: ����ȡ����
21:12:03.987 [main @coroutine#25] INFO io.legado.app.model.DebugLog - sourceUrl: https://www.dbxsd.com, msg: ��ϸ������
21:12:03.987 [main @coroutine#25] INFO io.legado.app.model.DebugLog - sourceUrl: https://www.dbxsd.com, msg: ����ȡ����
21:12:03.987 [main @coroutine#25] INFO io.legado.app.model.DebugLog - sourceUrl: https://www.dbxsd.com, msg: ��null
21:12:03.987 [main @coroutine#25] INFO io.legado.app.model.DebugLog - sourceUrl: https://www.dbxsd.com, msg: ����ȡ����
21:12:03.987 [main @coroutine#25] INFO io.legado.app.model.DebugLog - sourceUrl: https://www.dbxsd.com, msg: ��
21:12:03.987 [main @coroutine#25] INFO io.legado.app.model.DebugLog - sourceUrl: https://www.dbxsd.com, msg: ����ȡ�����½�
21:12:03.987 [main @coroutine#25] INFO io.legado.app.model.DebugLog - sourceUrl: https://www.dbxsd.com, msg: ��
21:12:03.987 [main @coroutine#25] INFO io.legado.app.model.DebugLog - sourceUrl: https://www.dbxsd.com, msg: ����ȡ���
21:12:03.987 [main @coroutine#25] INFO io.legado.app.model.DebugLog - sourceUrl: https://www.dbxsd.com, msg: ��
21:12:03.987 [main @coroutine#25] INFO io.legado.app.model.DebugLog - sourceUrl: https://www.dbxsd.com, msg: ����ȡ��������
21:12:03.988 [main @coroutine#25] INFO io.legado.app.model.DebugLog - sourceUrl: https://www.dbxsd.com, msg: ��https://www.dbxsz.com/uploads/cover/14387s.jpg
21:12:03.989 [main @coroutine#25] INFO io.legado.app.model.DebugLog - sourceUrl: https://www.dbxsd.com, msg: ����ȡ����ҳ����
21:12:03.989 [main @coroutine#25] INFO io.legado.app.model.DebugLog - sourceUrl: https://www.dbxsd.com, msg: ��https://www.dbxsz.com/book/p14387/
21:12:03.989 [main] INFO cn.kong.app.model.NovelSourceTest -   �������: 1 ��
21:12:03.989 [main] INFO cn.kong.app.model.NovelSourceTest -     [1] �ƺ���ʬ��/�ƺ�����¼ | ϸ������
21:12:03.989 [main] INFO cn.kong.app.model.NovelSourceTest -   --- Step 2: ��ȡ���� ---
21:12:03.989 [OkHttp https://www.dbxsz.com/...] DEBUG io.legado.app.model.DebugLog - --> GET https://www.dbxsz.com/book/p14387/ h2
21:12:03.989 [OkHttp https://www.dbxsz.com/...] DEBUG io.legado.app.model.DebugLog - User-Agent: Mozilla/5.0 (Linux; Android 9; PDBM00 Build/PPR1.180610.011; wv) AppleWebKit/537.36 (KHTML, like Gecko) Version/4.0 Chrome/70.0.3538.110 Mobile Safari/537.36
21:12:03.989 [OkHttp https://www.dbxsz.com/...] DEBUG io.legado.app.model.DebugLog - Keep-Alive: 300
21:12:03.989 [OkHttp https://www.dbxsz.com/...] DEBUG io.legado.app.model.DebugLog - Connection: Keep-Alive
21:12:03.989 [OkHttp https://www.dbxsz.com/...] DEBUG io.legado.app.model.DebugLog - Cache-Control: no-cache
21:12:03.989 [OkHttp https://www.dbxsz.com/...] DEBUG io.legado.app.model.DebugLog - Host: www.dbxsz.com
21:12:03.989 [OkHttp https://www.dbxsz.com/...] DEBUG io.legado.app.model.DebugLog - Accept-Encoding: gzip
21:12:03.989 [OkHttp https://www.dbxsz.com/...] DEBUG io.legado.app.model.DebugLog - --> END GET
21:12:04.517 [OkHttp https://www.dbxsz.com/...] DEBUG io.legado.app.model.DebugLog - <-- 200 https://www.dbxsz.com/book/p14387/ (527ms)
21:12:04.517 [OkHttp https://www.dbxsz.com/...] DEBUG io.legado.app.model.DebugLog - date: Fri, 14 Aug 2026 13:12:04 GMT
21:12:04.517 [OkHttp https://www.dbxsz.com/...] DEBUG io.legado.app.model.DebugLog - content-type: text/html
21:12:04.517 [OkHttp https://www.dbxsz.com/...] DEBUG io.legado.app.model.DebugLog - last-modified: Mon, 03 Jun 2024 06:31:09 GMT
21:12:04.517 [OkHttp https://www.dbxsz.com/...] DEBUG io.legado.app.model.DebugLog - nel: {"report_to":"cf-nel","success_fraction":0.0,"max_age":604800}
21:12:04.517 [OkHttp https://www.dbxsz.com/...] DEBUG io.legado.app.model.DebugLog - server-timing: cfCacheStatus;desc="DYNAMIC"
21:12:04.517 [OkHttp https://www.dbxsz.com/...] DEBUG io.legado.app.model.DebugLog - server-timing: cfEdge;dur=5,cfOrigin;dur=292
21:12:04.517 [OkHttp https://www.dbxsz.com/...] DEBUG io.legado.app.model.DebugLog - vary: Accept-Encoding
21:12:04.517 [OkHttp https://www.dbxsz.com/...] DEBUG io.legado.app.model.DebugLog - report-to: {"group":"cf-nel","max_age":604800,"endpoints":[{"url":"https://a.nel.cloudflare.com/report/v4?s=DEpghUFjM447JWjdvS6KFCeQT%2FAlIited0wB23K%2F4txyrBwIDdwuwZdb06DvOQOAhKEOYe1xpfiHRrx9eXZp9NCV9TCn1sr%2Bsb94ZeEfP12kOj%2Fat7HRdZFDd4UcM6JQ"}]}
21:12:04.517 [OkHttp https://www.dbxsz.com/...] DEBUG io.legado.app.model.DebugLog - server: cloudflare
21:12:04.517 [OkHttp https://www.dbxsz.com/...] DEBUG io.legado.app.model.DebugLog - cf-cache-status: DYNAMIC
21:12:04.517 [OkHttp https://www.dbxsz.com/...] DEBUG io.legado.app.model.DebugLog - content-encoding: gzip
21:12:04.517 [OkHttp https://www.dbxsz.com/...] DEBUG io.legado.app.model.DebugLog - cf-ray: a2b03581ae0c0e18-AMS
21:12:04.517 [OkHttp https://www.dbxsz.com/...] DEBUG io.legado.app.model.DebugLog - alt-svc: h3=":443"; ma=86400
21:12:04.537 [OkHttp https://www.dbxsz.com/...] DEBUG io.legado.app.model.DebugLog - 
21:12:04.537 [OkHttp https://www.dbxsz.com/...] DEBUG io.legado.app.model.DebugLog - <!DOCTYPE html>
<html lang="zh-cn">
<head>
<meta charset="utf-8">
<meta http-equiv="X-UA-Compatible" content="IE=edge">
<meta name="viewport" content="width=device-width, initial-scale=1">
<title>�ƺ���ʬ��/�ƺ�����¼(ϸ������)ȫ���Ķ�|�����½�|TXT����|�޹�浯��</title>

	<meta name="keywords" content="ϸ������,ϸ����������,ϸ����������С˵,�ƺ���ʬ��/�ƺ�����¼,�ƺ���ʬ��/�ƺ�����¼�����½�,�ƺ���ʬ��/�ƺ�����¼��,�ƺ���ʬ��/�ƺ�����¼��Ȥ��,�ƺ���ʬ��/�ƺ�����¼�����,����С˵��"/>
	<meta name="description" content="����С˵�� �ṩ �������  /  �ƺ���ʬ��/�ƺ�����¼ ȫ���Ķ��� �������  /  �ƺ���ʬ��/�ƺ�����¼ TXT���أ��޹�浯���� �����½� ��749�� ����
"/>
	
	<meta property="og:type" content="novel"/>
	<meta property="og:title" content="�ƺ���ʬ��/�ƺ�����¼"/>
	<meta property="og:description" content=" ��ʮ��ǰ���ұ����̵��ƺӴ������ң����������ĸ�����������Ϊ������Ψһ�Ĵ��ˡ��Ӵ��ұ����Ͼ�·��ѧϰ���̡��ұ���ѡ��ֻ���������Ӳд��Ļ���ȥ��"/>
	<meta property="og:image" content="/uploads/cover/14387s.jpg"/>
	<meta property="og:novel:category" content="�������"/>
	<meta property="og:novel:author" content="ϸ������"/>
	<meta property="og:novel:book_name" content="�ƺ���ʬ��/�ƺ�����¼"/>
	<meta property="og:novel:read_url" content="/book/p14387/"/>
	<meta property="og:url" content="/book/p14387/"/>
	<meta property="og:novel:status" content="���"/>
	<meta property="og:novel:author_link" content="/book/p14387/"/>
	<meta property="og:novel:update_time" content="00:33:58"/>
	<meta property="og:novel:latest_chapter_name" content="��749�� ����"/>
	<meta property="og:novel:latest_chapter_url" content="/book/p14387/3918406.html"/>

	<!--360 seo end-->	
		<link href="/static/css/bootstrap.min.css" rel="stylesheet">
	<link href="/static/css/font-awesome.min.css" rel="stylesheet" >
	<link href="/static/css/base.css" rel="stylesheet">
	<script src="/static/js/action.js"></script>
	<!--[if lt IE 9]>
      <script src="/static/js/html5shiv.min.js"></script>
      <script src="/static/js/respond.min.js"></script>
    <![endif]-->
	<script type="text/javascript">
      var book = new Object();
      book.id="14387";
      book.name="�ƺ���ʬ��/�ƺ�����¼";
      book.url="/book/p14387/";
    </script>
</head>
<body>
<div class="top">
	<div class="container">
    	<div class="logo-name"><a href="/">����С˵��</a></div>
        <div class="float-right"><script>play("lan")</script></div>
    </div>
</div>
<div class="container">
	<div class="book-type t10">
        <ol class="breadcrumb">
        <li><a href="/nav/xh-qh.html" target="_blank">���á����</a></li><li><a href="/nav/kh-yx.html" target="_blank">�ƻá���Ϸ</a></li><li><a href="/nav/xx-wx.html" target="_blank">����������</a></li><li><a href="/nav/ns-yq.html" target="_blank">Ů��������</a></li><li><a href="/nav/ds-yl.html" target="_blank">���С�����</a></li><li><a href="/nav/ls-js.html" target="_blank">��ʷ������</a></li><li><a href="/nav/xy-ly.html" target="_blank">���ɡ�����</a></li><li><a href="/nav/dm-ca.html" target="_blank">����������</a></li><li><a href="/nav/qxs.html" target="_blank">��С˵</a></li>
		<li><i class="fa fa-book" aria-hidden="true"></i> <a href="/readbook.html" target="_blank">�ҵ����</a></li>
        </ol>
    </div>
    <div class="clear"></div>
	      <div class="search row">
        <div class="col-sm-4 col-xs-12">
          <form id="search-form" action="/plus/search.php">
            <div class="input-group">
              <input type="text" class="form-control" placeholder="����������" id="bdcsMain" name="q" />
              <div class="input-group-addon" onclick="search();"><span class="fa fa-search"></span></div>
            </div>
          </form>
        </div>
		<div class="col-sm-2 hidden-xs">
          
        </div>
        <div class="col-sm-6 hidden-xs">
         
        </div>
      </div>
</div>

<div class="container">
  <script>play("announce")</script>
  <div class="col-left">
    <!-- Book Info Begin -->
	<div class="book-info">  
	  <div class="panel panel-info">
		<div class="panel-body">
		  <div class="media">
			<div class="media-left"> <a href="/book/p14387/" target="_blank"> <img class="book-img-middel" src="/uploads/cover/14387s.jpg" alt="�ƺ���ʬ��/�ƺ�����¼" title="�ƺ���ʬ��/�ƺ�����¼"/> </a>
            </div>
			<div class="media-body">
			  <h1 class="book-name"><a href="/book/p14387/" title="�ƺ���ʬ��/�ƺ�����¼">�ƺ���ʬ��/�ƺ�����¼</a></h1>
			  <div class="clear"></div>
			  <div class="row">
                <div class="col-md-8 col-sm-6 dark"> ���ߣ�<a href="/author/ϸ������.html" target="_blank">ϸ������</a> </div>
                <div class="col-md-4 col-sm-6 dark">״̬�����</div>
				<div class="col-md-8 col-sm-6 dark">������£�<a href="/book/p14387/3918406.html">��749�� ����</a> </div>
				<div class="col-md-4 col-sm-6 dark hidden-sm hidden-xs">00:33:58</div>

              </div>
			  <div class="reader-bar hidden-xs hidden-sm">
				<div class="row">
				  <a href="/book/p14387/3917657.html">
				  <div class="col-xs-5 btn btn-info">��ʼ�Ķ�</div>
				  </a>

				  <div class="col-xs-1"></div>
				  <a href="/txt/14387.html" target="_blank">
				  <div class="col-xs-5 btn btn-info">����������</div>	
				  </a>
				</div>
			  </div>
			</div>
			<div class="reader-bar visible-sm visible-xs">			
				<div class="row t10">
				  <a href="/book/p14387/3917657.html">
				  <div class="col-xs-5 btn btn-info">��ʼ�Ķ�</div>
				  </a>

				  <div class="col-xs-1"></div>
				  <a href="/txt/14387.html" target="_blank">
				  <div class="col-xs-5 btn btn-info">����������</div>	
				  </a>
				</div>
			</div>
		  </div>
		  <div class="row t10" onclick="showBookDetail()">
			  <div class="col-sm-11 col-xs-10">
				  <div class="book-detail">
					 ��ʮ��ǰ���ұ����̵��ƺӴ������ң����������ĸ�����������Ϊ������Ψһ�Ĵ��ˡ��Ӵ��ұ����Ͼ�·��ѧϰ���̡��ұ���ѡ��ֻ���������Ӳд��Ļ���ȥ��
				  </div>
			  </div>
			  <div class="col-sm-1 col-xs-2"><span id="up-down" class="fa fa-angle-down"></span>
			  </div>
		  </div>
		</div>
	  </div>     
	</div>
	<!-- Book Info End -->
	<div class="clear"></div>
	<div class="chapter-history"></div>
    <!-- Chapter Begin -->
    <div class="chapter">
	  <div class="panel panel-info">
        <div class="panel-heading">
          <h3 class="panel-title"><strong>�ƺ���ʬ��/�ƺ�����¼�����½�</strong></h3>
        </div>
        <div class="panel-body">
          <div class="row">
			<div class="col-md-6 item"> <a href="/book/p14387/3918406.html" title="��749�� ����" target="_blank">��749�� ����</a> </div>
<div class="col-md-6 item"> <a href="/book/p14387/3918405.html" title="��748�� ��ս" target="_blank">��748�� ��ս</a> </div>
<div class="col-md-6 item"> <a href="/book/p14387/3918404.html" title="��747�� ��ս��" target="_blank">��747�� ��ս��</a> </div>
<div class="col-md-6 item"> <a href="/book/p14387/3918403.html" title="��746�� սǰ����" target="_blank">��746�� սǰ����</a> </div>
<div class="col-md-6 item"> <a href="/book/p14387/3918402.html" title="��745�� ����" target="_blank">��745�� ����</a> </div>
<div class="col-md-6 item"> <a href="/book/p14387/3918401.html" title="��744�� ���˼ƻ�" target="_blank">��744�� ���˼ƻ�</a> </div>
<div class="col-md-6 item"> <a href="/book/p14387/3918400.html" title="��743�� Ŀ��" target="_blank">��743�� Ŀ��</a> </div>
<div class="col-md-6 item"> <a href="/book/p14387/3918399.html" title="��742�� Ǳ��" target="_blank">��742�� Ǳ��</a> </div>
<div class="col-md-6 item"> <a href="/book/p14387/3918398.html" title="��741�� ����" target="_blank">��741�� ����</a> </div>
<div class="col-md-6 item"> <a href="/book/p14387/3918397.html" title="��740�� ����" target="_blank">��740�� ����</a> </div>
<div class="col-md-6 item"> <a href="/book/p14387/3918396.html" title="��739�� ���ﱻץ" target="_blank">��739�� ���ﱻץ</a> </div>
<div class="col-md-6 item"> <a href="/book/p14387/3918395.html" title="��738�� �Ӽ�Χ��" target="_blank">��738�� �Ӽ�Χ��</a> </div>

          </div>
        </div>
		<div class="panel-footer visible-xs visible-sm">
          <h3 class="panel-title text-center" onClick="showAllChapter('#fix-chapter')">ȫ���½�>>>></h3>
        </div>
      </div>
	  <!-- New Chapter End -->
	  <div class="clear" id="fix-chapter"></div>
	  <!-- All Chapter Begin -->
      <div id="all-chapter">
        <div class="panel panel-info">
          <div class="panel-heading">
            <h3 class="panel-title"><strong>�ƺ���ʬ��/�ƺ�����¼�½�Ŀ¼</strong></h3>
          </div>
          <div class="panel-body">
            <div class="row">
			  <div class="col-md-6 item">
				<a href="/book/p14387/3917657.html" title="��1�� �ƺ���ʬ��" target="_blank">��1�� �ƺ���ʬ��</a>
			  </div><div class="col-md-6 item">
				<a href="/book/p14387/3917658.html" title="��2�� �ݶ�" target="_blank">��2�� �ݶ�</a>
			  </div><div class="col-md-6 item">
				<a href="/book/p14387/3917659.html" title="��3�� ��ɽ" target="_blank">��3�� ��ɽ</a>
			  </div><div class="col-md-6 item">
				<a href="/book/p14387/3917660.html" title="��4�� �ؼ�" target="_blank">��4�� �ؼ�</a>
			  </div><div class="col-md-6 item">
				<a href="/book/p14387/3917661.html" title="��5�� ľϻ��" target="_blank">��5�� ľϻ��</a>
			  </div><div class="col-md-6 item">
				<a href="/book/p14387/3917662.html" title="��6�� ������һ��" target="_blank">��6�� ������һ��</a>
			  </div><div class="col-md-6 item">
				<a href="/book/p14387/3917663.html" title="��7�� ���ص�����" target="_blank">��7�� ���ص�����</a>
			  </div><div class="col-md-6 item">
				<a href="/book/p14387/3917664.html" title="��8�� ˮ���" target="_blank">��8�� ˮ���</a>
			  </div><div class="col-md-6 item">
				<a href="/book/p14387/3917665.html" title="��9�� ��������" target="_blank">��9�� ��������</a>
			  </div><div class="col-md-6 item">
				<a href="/book/p14387/3917666.html" title="��10�� ����Ǹ������" target="_blank">��10�� ����Ǹ������</a>
			  </div><div class="col-md-6 item">
				<a href="/book/p14387/3917667.html" title="��11�� �" target="_blank">��11�� �</a>
			  </div><div class="col-md-6 item">
				<a href="/book/p14387/3917668.html" title="��12�� ��ʬ" target="_blank">��12�� ��ʬ</a>
			  </div><div class="col-md-6 item">
				<a href="/book/p14387/3917669.html" title="��13�� ��Ƥ��" target="_blank">��13�� ��Ƥ��</a>
			  </div><div class="col-md-6 item">
				<a href="/book/p14387/3917670.html" title="��14�� ��ӡ" target="_blank">��14�� ��ӡ</a>
			  </div><div class="col-md-6 item">
				<a href="/book/p14387/3917671.html" title="��15�� ����" target="_blank">��15�� ����</a>
			  </div><div class="col-md-6 item">
				<a href="/book/p14387/3917672.html" title="��16�� ��һ��" target="_blank">��16�� ��һ��</a>
			  </div><div class="col-md-6 item">
				<a href="/book/p14387/3917673.html" title="��17�� ����" target="_blank">��17�� ����</a>
			  </div><div class="col-md-6 item">
				<a href="/book/p14387/3917674.html" title="��18�� �Ƶ�ʿ" target="_blank">��18�� �Ƶ�ʿ</a>
			  </div><div class="col-md-6 item">
				<a href="/book/p14387/3917675.html" title="��19�� ���" target="_blank">��19�� ���</a>
			  </div><div class="col-md-6 item">
				<a href="/book/p14387/3917676.html" title="��20�� �˲�����" target="_blank">��20�� �˲�����</a>
			  </div><div class="col-md-6 item">
				<a href="/book/p14387/3917677.html" title="��21�� ��������" target="_blank">��21�� ��������</a>
			  </div><div class="col-md-6 item">
				<a href="/book/p14387/3917678.html" title="��22�� ��ʶ�ô�" target="_blank">��22�� ��ʶ�ô�</a>
			  </div><div class="col-md-6 item">
				<a href="/book/p14387/3917679.html" title="��23�� ����" target="_blank">��23�� ����</a>
			  </div><div class="col-md-6 item">
				<a href="/book/p14387/3917680.html" title="��24�� ����" target="_blank">��24�� ����</a>
			  </div><div class="col-md-6 item">
				<a href="/book/p14387/3917681.html" title="��25�� ţԭ����" target="_blank">��25�� ţԭ����</a>
			  </div><div class="col-md-6 item">
				<a href="/book/p14387/3917682.html" title="��26�� ����" target="_blank">��26�� ����</a>
			  </div><div class="col-md-6 item">
				<a href="/book/p14387/3917683.html" title="��27�� ����" target="_blank">��27�� ����</a>
			  </div><div class="col-md-6 item">
				<a href="/book/p14387/3917684.html" title="��28�� ����" target="_blank">��28�� ����</a>
			  </div><div class="col-md-6 item">
				<a href="/book/p14387/3917685.html" title="��29�� ���" target="_blank">��29�� ���</a>
			  </div><div class="col-md-6 item">
				<a href="/book/p14387/3917686.html" title="��30�� ҥ��" target="_blank">��30�� ҥ��</a>
			  </div><div class="col-md-6 item">
				<a href="/book/p14387/3917687.html" title="��31�� ȳ����" target="_blank">��31�� ȳ����</a>
			  </div><div class="col-md-6 item">
				<a href="/book/p14387/3917688.html" title="��32�� ̸��" target="_blank">��32�� ̸��</a>
			  </div><div class="col-md-6 item">
				<a href="/book/p14387/3917690.html" title="��33�� ��Ƥ����" target="_blank">��33�� ��Ƥ����</a>
			  </div><div class="col-md-6 item">
				<a href="/book/p14387/3917691.html" title="��34�� ţ�" target="_blank">��34�� ţ�</a>
			  </div><div class="col-md-6 item">
				<a href="/book/p14387/3917692.html" title="��35�� ����" target="_blank">��35�� ����</a>
			  </div><div class="col-md-6 item">
				<a href="/book/p14387/3917693.html" title="��36�� ����" target="_blank">��36�� ����</a>
			  </div><div class="col-md-6 item">
				<a href="/book/p14387/3917694.html" title="��37�� ����ç��" target="_blank">��37�� ����ç��</a>
			  </div><div class="col-md-6 item">
				<a href="/book/p14387/3917695.html" title="��38�� ����" target="_blank">��38�� ����</a>
			  </div><div class="col-md-6 item">
				<a href="/book/p14387/3917696.html" title="��39�� һ������" target="_blank">��39�� һ������</a>
			  </div><div class="col-md-6 item">
				<a href="/book/p14387/3917697.html" title="��40�� ��������" target="_blank">��40�� ��������</a>
			  </div><div class="col-md-6 item">
				<a href="/book/p14387/3917698.html" title="��41�� ��������" target="_blank">��41�� ��������</a>
			  </div><div class="col-md-6 item">
				<a href="/book/p14387/3917699.html" title="��42�� ����" target="_blank">��42�� ����</a>
			  </div><div class="col-md-6 item">
				<a href="/book/p14387/3917700.html" title="��43�� ������ͷ" target="_blank">��43�� ������ͷ</a>
			  </div><div class="col-md-6 item">
				<a href="/book/p14387/3917701.html" title="��44�� ����" target="_blank">��44�� ����</a>
			  </div><div class="col-md-6 item">
				<a href="/book/p14387/3917702.html" title="��45�� ����" target="_blank">��45�� ����</a>
			  </div><div class="col-md-6 item">
				<a href="/book/p14387/3917703.html" title="��46�� ��ľ��" target="_blank">��46�� ��ľ��</a>
			  </div><div class="col-md-6 item">
				<a href="/book/p14387/3917704.html" title="��47�� ʦͽ" target="_blank">��47�� ʦͽ</a>
			  </div><div class="col-md-6 item">
				<a href="/book/p14387/3917705.html" title="��48�� �����ŷⶤ" target="_blank">��48�� �����ŷⶤ</a>
			  </div><div class="col-md-6 item">
				<a href="/book/p14387/3917706.html" title="��49�� ����" target="_blank">��49�� ����</a>
			  </div><div class="col-md-6 item">
				<a href="/book/p14387/3917707.html" title="��50�� ����Ů��" target="_blank">��50�� ����Ů��</a>
			  </div><div class="col-md-6 item">
				<a href="/book/p14387/3917708.html" title="��51�� ɽ�к�Ⱥ" target="_blank">��51�� ɽ�к�Ⱥ</a>
			  </div><div class="col-md-6 item">
				<a href="/book/p14387/3917709.html" title="��52�� ������" target="_blank">��52�� ������</a>
			  </div><div class="col-md-6 item">
				<a href="/book/p14387/3917710.html" title="��53�� ����˵��ѵ" target="_blank">��53�� ����˵��ѵ</a>
			  </div><div class="col-md-6 item">
				<a href="/book/p14387/3917711.html" title="��54�� ���" target="_blank">��54�� ���</a>
			  </div><div class="col-md-6 item">
				<a href="/book/p14387/3917712.html" title="��55�� ������" target="_blank">��55�� ������</a>
			  </div><div class="col-md-6 item">
				<a href="/book/p14387/3917713.html" title="��56�� ��Ը" target="_blank">��56�� ��Ը</a>
			  </div><div class="col-md-6 item">
				<a href="/book/p14387/3917714.html" title="��57�� ��ױ" target="_blank">��57�� ��ױ</a>
			  </div><div class="col-md-6 item">
				<a href="/book/p14387/3917715.html" title="��58�� ��·" target="_blank">��58�� ��·</a>
			  </div><div class="col-md-6 item">
				<a href="/book/p14387/3917716.html" title="��59�� �������" target="_blank">��59�� �������</a>
			  </div><div class="col-md-6 item">
				<a href="/book/p14387/3917717.html" title="��60�� ɽ����" target="_blank">��60�� ɽ����</a>
			  </div><div class="col-md-6 item">
				<a href="/book/p14387/3917718.html" title="��61�� �" target="_blank">��61�� �</a>
			  </div><div class="col-md-6 item">
				<a href="/book/p14387/3917719.html" title="��62�� �߶�" target="_blank">��62�� �߶�</a>
			  </div><div class="col-md-6 item">
				<a href="/book/p14387/3917720.html" title="��63�� ���" target="_blank">��63�� ���</a>
			  </div><div class="col-md-6 item">
				<a href="/book/p14387/3917721.html" title="��64�� ���" target="_blank">��64�� ���</a>
			  </div><div class="col-md-6 item">
				<a href="/book/p14387/3917722.html" title="��65�� ���徯��" target="_blank">��65�� ���徯��</a>
			  </div><div class="col-md-6 item">
				<a href="/book/p14387/3917723.html" title="��66�� ����" target="_blank">��66�� ����</a>
			  </div><div class="col-md-6 item">
				<a href="/book/p14387/3917724.html" title="��67�� ��������" target="_blank">��67�� ��������</a>
			  </div><div class="col-md-6 item">
				<a href="/book/p14387/3917725.html" title="��68�� ��Բ��" target="_blank">��68�� ��Բ��</a>
			  </div><div class="col-md-6 item">
				<a href="/book/p14387/3917726.html" title="��69�� �ݶ��ɱ�" target="_blank">��69�� �ݶ��ɱ�</a>
			  </div><div class="col-md-6 item">
				<a href="/book/p14387/3917727.html" title="��70�� ��ҧ" target="_blank">��70�� ��ҧ</a>
			  </div><div class="col-md-6 item">
				<a href="/book/p14387/3917728.html" title="��71�� ����" target="_blank">��71�� ����</a>
			  </div><div class="col-md-6 item">
				<a href="/book/p14387/3917729.html" title="��72�� ����" target="_blank">��72�� ����</a>
			  </div><div class="col-md-6 item">
				<a href="/book/p14387/3917730.html" title="��73�� ���" target="_blank">��73�� ���</a>
			  </div><div class="col-md-6 item">
				<a href="/book/p14387/3917731.html" title="��74�� Ǳ��" target="_blank">��74�� Ǳ��</a>
			  </div><div class="col-md-6 item">
				<a href="/book/p14387/3917732.html" title="��75�� ţ�ұ���" target="_blank">��75�� ţ�ұ���</a>
			  </div><div class="col-md-6 item">
				<a href="/book/p14387/3917733.html" title="��76�� ����" target="_blank">��76�� ����</a>
			  </div><div class="col-md-6 item">
				<a href="/book/p14387/3917734.html" title="��77�� ��ʬ" target="_blank">��77�� ��ʬ</a>
			  </div><div class="col-md-6 item">
				<a href="/book/p14387/3917735.html" title="��78�� ���Ͻ�" target="_blank">��78�� ���Ͻ�</a>
			  </div><div class="col-md-6 item">
				<a href="/book/p14387/3917736.html" title="��79�� �׻�" target="_blank">��79�� �׻�</a>
			  </div><div class="col-md-6 item">
				<a href="/book/p14387/3917737.html" title="��80�� ˯�ײ�" target="_blank">��80�� ˯�ײ�</a>
			  </div><div class="col-md-6 item">
				<a href="/book/p14387/3917738.html" title="��81�� ������" target="_blank">��81�� ������</a>
			  </div><div class="col-md-6 item">
				<a href="/book/p14387/3917739.html" title="��82�� �ֶ�������" target="_blank">��82�� �ֶ�������</a>
			  </div><div class="col-md-6 item">
				<a href="/book/p14387/3917740.html" title="��83�� ����ʬ��" target="_blank">��83�� ����ʬ��</a>
			  </div><div class="col-md-6 item">
				<a href="/book/p14387/3917741.html" title="��84�� ׼��" target="_blank">��84�� ׼��</a>
			  </div><div class="col-md-6 item">
				<a href="/book/p14387/3917742.html" title="��85�� ���˹�أ�" target="_blank">��85�� ���˹�أ�</a>
			  </div><div class="col-md-6 item">
				<a href="/book/p14387/3917743.html" title="��86�� ��������" target="_blank">��86�� ��������</a>
			  </div><div class="col-md-6 item">
				<a href="/book/p14387/3917744.html" title="��87�� �ƺ�����������" target="_blank">��87�� �ƺ�����������</a>
			  </div><div class="col-md-6 item">
				<a href="/book/p14387/3917745.html" title="��88�� ����" target="_blank">��88�� ����</a>
			  </div><div class="col-md-6 item">
				<a href="/book/p14387/3917746.html" title="��89�� ˮ��" target="_blank">��89�� ˮ��</a>
			  </div><div class="col-md-6 item">
				<a href="/book/p14387/3917747.html" title="��90�� ����" target="_blank">��90�� ����</a>
			  </div><div class="col-md-6 item">
				<a href="/book/p14387/3917748.html" title="��91�� �Ϲײ���ʬ" target="_blank">��91�� �Ϲײ���ʬ</a>
			  </div><div class="col-md-6 item">
				<a href="/book/p14387/3917749.html" title="��92�� �չ�" target="_blank">��92�� �չ�</a>
			  </div><div class="col-md-6 item">
				<a href="/book/p14387/3917750.html" title="��93�� թʬ" target="_blank">��93�� թʬ</a>
			  </div><div class="col-md-6 item">
				<a href="/book/p14387/3917751.html" title="��94�� �Ϲ�" target="_blank">��94�� �Ϲ�</a>
			  </div><div class="col-md-6 item">
				<a href="/book/p14387/3917752.html" title="��95�� ����" target="_blank">��95�� ����</a>
			  </div><div class="col-md-6 item">
				<a href="/book/p14387/3917753.html" title="��96�� �����˵�����" target="_blank">��96�� �����˵�����</a>
			  </div><div class="col-md-6 item">
				<a href="/book/p14387/3917754.html" title="��97�� ˮ������" target="_blank">��97�� ˮ������</a>
			  </div><div class="col-md-6 item">
				<a href="/book/p14387/3917755.html" title="��98�� ������" target="_blank">��98�� ������</a>
			  </div><div class="col-md-6 item">
				<a href="/book/p14387/3917756.html" title="��99�� ��Թ" target="_blank">��99�� ��Թ</a>
			  </div><div class="col-md-6 item">
				<a href="/book/p14387/3917757.html" title="��100�� ����" target="_blank">��100�� ����</a>
			  </div><div class="col-md-6 item">
				<a href="/book/p14387/3917758.html" title="��101�� ����" target="_blank">��101�� ����</a>
			  </div><div class="col-md-6 item">
				<a href="/book/p14387/3917759.html" title="��102�� �̷�" target="_blank">��102�� �̷�</a>
			  </div><div class="col-md-6 item">
				<a href="/book/p14387/3917760.html" title="��103�� ��ʬ��" target="_blank">��103�� ��ʬ��</a>
			  </div><div class="col-md-6 item">
				<a href="/book/p14387/3917761.html" title="��104�� ɱ��" target="_blank">��104�� ɱ��</a>
			  </div><div class="col-md-6 item">
				<a href="/book/p14387/3917762.html" title="��105�� ıȡ" target="_blank">��105�� ıȡ</a>
			  </div><div class="col-md-6 item">
				<a href="/book/p14387/3917763.html" title="��106�� ����" target="_blank">��106�� ����</a>
			  </div><div class="col-md-6 item">
				<a href="/book/p14387/3917764.html" title="��107�� ���" target="_blank">��107�� ���</a>
			  </div><div class="col-md-6 item">
				<a href="/book/p14387/3917765.html" title="��108�� ����" target="_blank">��108�� ����</a>
			  </div><div class="col-md-6 item">
				<a href="/book/p14387/3917766.html" title="��109�� ������" target="_blank">��109�� ������</a>
			  </div><div class="col-md-6 item">
				<a href="/book/p14387/3917767.html" title="��110�� �����Ĺ�" target="_blank">��110�� �����Ĺ�</a>
			  </div><div class="col-md-6 item">
				<a href="/book/p14387/3917768.html" title="��111�� ����" target="_blank">��111�� ����</a>
			  </div><div class="col-md-6 item">
				<a href="/book/p14387/3917769.html" title="��112�� ����" target="_blank">��112�� ����</a>
			  </div><div class="col-md-6 item">
				<a href="/book/p14387/3917770.html" title="��113�� ����" target="_blank">��113�� ����</a>
			  </div><div class="col-md-6 item">
				<a href="/book/p14387/3917771.html" title="��114�� �ޱ�" target="_blank">��114�� �ޱ�</a>
			  </div><div class="col-md-6 item">
				<a href="/book/p14387/3917772.html" title="��115�� ��̥������" target="_blank">��115�� ��̥������</a>
			  </div><div class="col-md-6 item">
				<a href="/book/p14387/3917773.html" title="��116�� ����" target="_blank">��116�� ����</a>
			  </div><div class="col-md-6 item">
				<a href="/book/p14387/3917774.html" title="��117�� ̰��" target="_blank">��117�� ̰��</a>
			  </div><div class="col-md-6 item">
				<a href="/book/p14387/3917775.html" title="��118�� ���" target="_blank">��118�� ���</a>
			  </div><div class="col-md-6 item">
				<a href="/book/p14387/3917776.html" title="��119�� ����" target="_blank">��119�� ����</a>
			  </div><div class="col-md-6 item">
				<a href="/book/p14387/3917777.html" title="��120�� ��������" target="_blank">��120�� ��������</a>
			  </div><div class="col-md-6 item">
				<a href="/book/p14387/3917778.html" title="��121�� ������" target="_blank">��121�� ������</a>
			  </div><div class="col-md-6 item">
				<a href="/book/p14387/3917779.html" title="��122�� ˮ���" target="_blank">��122�� ˮ���</a>
			  </div><div class="col-md-6 item">
				<a href="/book/p14387/3917780.html" title="��123�� ������" target="_blank">��123�� ������</a>
			  </div><div class="col-md-6 item">
				<a href="/book/p14387/3917781.html" title="��124�� ������" target="_blank">��124�� ������</a>
			  </div><div class="col-md-6 item">
				<a href="/book/p14387/3917782.html" title="��125�� ��߮��" target="_blank">��125�� ��߮��</a>
			  </div><div class="col-md-6 item">
				<a href="/book/p14387/3917783.html" title="��126�� ʯ��" target="_blank">��126�� ʯ��</a>
			  </div><div class="col-md-6 item">
				<a href="/book/p14387/3917784.html" title="��127�� ���" target="_blank">��127�� ���</a>
			  </div><div class="col-md-6 item">
				<a href="/book/p14387/3917785.html" title="��128�� ʯ��" target="_blank">��128�� ʯ��</a>
			  </div><div class="col-md-6 item">
				<a href="/book/p14387/3917786.html" title="��129�� �����ж�" target="_blank">��129�� �����ж�</a>
			  </div><div class="col-md-6 item">
				<a href="/book/p14387/3917787.html" title="��130�� ��ʵ֮��" target="_blank">��130�� ��ʵ֮��</a>
			  </div><div class="col-md-6 item">
				<a href="/book/p14387/3917788.html" title="��131�� ʯ����" target="_blank">��131�� ʯ����</a>
			  </div><div class="col-md-6 item">
				<a href="/book/p14387/3917789.html" title="��132�� ����" target="_blank">��132�� ����</a>
			  </div><div class="col-md-6 item">
				<a href="/book/p14387/3917790.html" title="��133�� ��ʭ" target="_blank">��133�� ��ʭ</a>
			  </div><div class="col-md-6 item">
				<a href="/book/p14387/3917791.html" title="��134�� һü����" target="_blank">��134�� һü����</a>
			  </div><div class="col-md-6 item">
				<a href="/book/p14387/3917792.html" title="��135�� ��ҵ�Ŀ��" target="_blank">��135�� ��ҵ�Ŀ��</a>
			  </div><div class="col-md-6 item">
				<a href="/book/p14387/3917793.html" title="��136�� ��������" target="_blank">��136�� ��������</a>
			  </div><div class="col-md-6 item">
				<a href="/book/p14387/3917794.html" title="��137�� ��¼�ǿ�" target="_blank">��137�� ��¼�ǿ�</a>
			  </div><div class="col-md-6 item">
				<a href="/book/p14387/3917795.html" title="��138�� �ǿ�����" target="_blank">��138�� �ǿ�����</a>
			  </div><div class="col-md-6 item">
				<a href="/book/p14387/3917796.html" title="��139�� ����" target="_blank">��139�� ����</a>
			  </div><div class="col-md-6 item">
				<a href="/book/p14387/3917797.html" title="��140�� ������ʭ" target="_blank">��140�� ������ʭ</a>
			  </div><div class="col-md-6 item">
				<a href="/book/p14387/3917798.html" title="��141�� �й�" target="_blank">��141�� �й�</a>
			  </div><div class="col-md-6 item">
				<a href="/book/p14387/3917799.html" title="��142�� һü����" target="_blank">��142�� һü����</a>
			  </div><div class="col-md-6 item">
				<a href="/book/p14387/3917800.html" title="��143�� �¹���" target="_blank">��143�� �¹���</a>
			  </div><div class="col-md-6 item">
				<a href="/book/p14387/3917801.html" title="��144�� �ֺ�" target="_blank">��144�� �ֺ�</a>
			  </div><div class="col-md-6 item">
				<a href="/book/p14387/3917802.html" title="��145�� ����" target="_blank">��145�� ����</a>
			  </div><div class="col-md-6 item">
				<a href="/book/p14387/3917803.html" title="��146�� ���ɷ�" target="_blank">��146�� ���ɷ�</a>
			  </div><div class="col-md-6 item">
				<a href="/book/p14387/3917804.html" title="��147�� ����" target="_blank">��147�� ����</a>
			  </div><div class="col-md-6 item">
				<a href="/book/p14387/3917805.html" title="��148�� ǰ������" target="_blank">��148�� ǰ������</a>
			  </div><div class="col-md-6 item">
				<a href="/book/p14387/3917806.html" title="��149�� ��������" target="_blank">��149�� ��������</a>
			  </div><div class="col-md-6 item">
				<a href="/book/p14387/3917807.html" title="��150�� �ڷ�" target="_blank">��150�� �ڷ�</a>
			  </div><div class="col-md-6 item">
				<a href="/book/p14387/3917808.html" title="��151�� ����ӡ����ͽ" target="_blank">��151�� ����ӡ����ͽ</a>
			  </div><div class="col-md-6 item">
				<a href="/book/p14387/3917809.html" title="��152�� �����ӡ" target="_blank">��152�� �����ӡ</a>
			  </div><div class="col-md-6 item">
				<a href="/book/p14387/3917810.html" title="��153�� ʧ����" target="_blank">��153�� ʧ����</a>
			  </div><div class="col-md-6 item">
				<a href="/book/p14387/3917811.html" title="��154�� ˫��ѹ��" target="_blank">��154�� ˫��ѹ��</a>
			  </div><div class="col-md-6 item">
				<a href="/book/p14387/3917812.html" title="��155�� ����" target="_blank">��155�� ����</a>
			  </div><div class="col-md-6 item">
				<a href="/book/p14387/3917813.html" title="��156�� ����" target="_blank">��156�� ����</a>
			  </div><div class="col-md-6 item">
				<a href="/book/p14387/3917814.html" title="��157�� ��¶" target="_blank">��157�� ��¶</a>
			  </div><div class="col-md-6 item">
				<a href="/book/p14387/3917815.html" title="��158�� ���Ҫ�Ĺ�ͷ" target="_blank">��158�� ���Ҫ�Ĺ�ͷ</a>
			  </div><div class="col-md-6 item">
				<a href="/book/p14387/3917816.html" title="��159�� �ֶ�" target="_blank">��159�� �ֶ�</a>
			  </div><div class="col-md-6 item">
				<a href="/book/p14387/3917817.html" title="��160�� Ѫ��" target="_blank">��160�� Ѫ��</a>
			  </div><div class="col-md-6 item">
				<a href="/book/p14387/3917818.html" title="��161�� �仯" target="_blank">��161�� �仯</a>
			  </div><div class="col-md-6 item">
				<a href="/book/p14387/3917819.html" title="��162�� ����" target="_blank">��162�� ����</a>
			  </div><div class="col-md-6 item">
				<a href="/book/p14387/3917820.html" title="��163�� ����֮��" target="_blank">��163�� ����֮��</a>
			  </div><div class="col-md-6 item">
				<a href="/book/p14387/3917821.html" title="��164�� ��֪����" target="_blank">��164�� ��֪����</a>
			  </div><div class="col-md-6 item">
				<a href="/book/p14387/3917822.html" title="��165�� ��������" target="_blank">��165�� ��������</a>
			  </div><div class="col-md-6 item">
				<a href="/book/p14387/3917823.html" title="��166�� ����¥" target="_blank">��166�� ����¥</a>
			  </div><div class="col-md-6 item">
				<a href="/book/p14387/3917824.html" title="��167�� ����" target="_blank">��167�� ����</a>
			  </div><div class="col-md-6 item">
				<a href="/book/p14387/3917825.html" title="��168�� ��������" target="_blank">��168�� ��������</a>
			  </div><div class="col-md-6 item">
				<a href="/book/p14387/3917826.html" title="��169�� ѹ��" target="_blank">��169�� ѹ��</a>
			  </div><div class="col-md-6 item">
				<a href="/book/p14387/3917827.html" title="��170�� ����" target="_blank">��170�� ����</a>
			  </div><div class="col-md-6 item">
				<a href="/book/p14387/3917828.html" title="��171�� ǰ������" target="_blank">��171�� ǰ������</a>
			  </div><div class="col-md-6 item">
				<a href="/book/p14387/3917829.html" title="��172�� ����������һü" target="_blank">��172�� ����������һü</a>
			  </div><div class="col-md-6 item">
				<a href="/book/p14387/3917830.html" title="��173�� �ټ�үү" target="_blank">��173�� �ټ�үү</a>
			  </div><div class="col-md-6 item">
				<a href="/book/p14387/3917831.html" title="��174�� ��̽���" target="_blank">��174�� ��̽���</a>
			  </div><div class="col-md-6 item">
				<a href="/book/p14387/3917832.html" title="��175�� �Ұ�" target="_blank">��175�� �Ұ�</a>
			  </div><div class="col-md-6 item">
				<a href="/book/p14387/3917833.html" title="��176�� ����" target="_blank">��176�� ����</a>
			  </div><div class="col-md-6 item">
				<a href="/book/p14387/3917834.html" title="��177�� ����" target="_blank">��177�� ����</a>
			  </div><div class="col-md-6 item">
				<a href="/book/p14387/3917835.html" title="��178�� ����" target="_blank">��178�� ����</a>
			  </div><div class="col-md-6 item">
				<a href="/book/p14387/3917836.html" title="��179�� ����" target="_blank">��179�� ����</a>
			  </div><div class="col-md-6 item">
				<a href="/book/p14387/3917837.html" title="��180�� ��������¥" target="_blank">��180�� ��������¥</a>
			  </div><div class="col-md-6 item">
				<a href="/book/p14387/3917838.html" title="��181�� ��а��������" target="_blank">��181�� ��а��������</a>
			  </div><div class="col-md-6 item">
				<a href="/book/p14387/3917839.html" title="��182�� �����ų���" target="_blank">��182�� �����ų���</a>
			  </div><div class="col-md-6 item">
				<a href="/book/p14387/3917840.html" title="��183�� ���ǽ" target="_blank">��183�� ���ǽ</a>
			  </div><div class="col-md-6 item">
				<a href="/book/p14387/3917841.html" title="��184�� �˷���" target="_blank">��184�� �˷���</a>
			  </div><div class="col-md-6 item">
				<a href="/book/p14387/3917842.html" title="��185�� �Ų�������" target="_blank">��185�� �Ų�������</a>
			  </div><div class="col-md-6 item">
				<a href="/book/p14387/3917843.html" title="��186�� �������" target="_blank">��186�� �������</a>
			  </div><div class="col-md-6 item">
				<a href="/book/p14387/3917844.html" title="��187�� �ָ�ı���" target="_blank">��187�� �ָ�ı���</a>
			  </div><div class="col-md-6 item">
				<a href="/book/p14387/3917845.html" title="��188�� ������֣�" target="_blank">��188�� ������֣�</a>
			  </div><div class="col-md-6 item">
				<a href="/book/p14387/3917846.html" title="��189�� ������" target="_blank">��189�� ������</a>
			  </div><div class="col-md-6 item">
				<a href="/book/p14387/3917847.html" title="��190�� �ֱ�" target="_blank">��190�� �ֱ�</a>
			  </div><div class="col-md-6 item">
				<a href="/book/p14387/3917848.html" title="��191�� ɽ������" target="_blank">��191�� ɽ������</a>
			  </div><div class="col-md-6 item">
				<a href="/book/p14387/3917849.html" title="��192�� �ɸ봫��" target="_blank">��192�� �ɸ봫��</a>
			  </div><div class="col-md-6 item">
				<a href="/book/p14387/3917850.html" title="��193�� ɽ���˼�" target="_blank">��193�� ɽ���˼�</a>
			  </div><div class="col-md-6 item">
				<a href="/book/p14387/3917851.html" title="��194�� ũ�˹���" target="_blank">��194�� ũ�˹���</a>
			  </div><div class="col-md-6 item">
				<a href="/book/p14387/3917852.html" title="��195�� �ö��ӵ���" target="_blank">��195�� �ö��ӵ���</a>
			  </div><div class="col-md-6 item">
				<a href="/book/p14387/3917853.html" title="��196�� ������" target="_blank">��196�� ������</a>
			  </div><div class="col-md-6 item">
				<a href="/book/p14387/3917854.html" title="��197�� ����û��" target="_blank">��197�� ����û��</a>
			  </div><div class="col-md-6 item">
				<a href="/book/p14387/3917855.html" title="��198�� ���Ӿ�" target="_blank">��198�� ���Ӿ�</a>
			  </div><div class="col-md-6 item">
				<a href="/book/p14387/3917856.html" title="��199�� �������" target="_blank">��199�� �������</a>
			  </div><div class="col-md-6 item">
				<a href="/book/p14387/3917857.html" title="��200�� �ر����" target="_blank">��200�� �ر����</a>
			  </div><div class="col-md-6 item">
				<a href="/book/p14387/3917858.html" title="��201�� ɽ�ڶ���" target="_blank">��201�� ɽ�ڶ���</a>
			  </div><div class="col-md-6 item">
				<a href="/book/p14387/3917859.html" title="��202�� ���ǰ���" target="_blank">��202�� ���ǰ���</a>
			  </div><div class="col-md-6 item">
				<a href="/book/p14387/3917860.html" title="��203�� �����Ϻ���" target="_blank">��203�� �����Ϻ���</a>
			  </div><div class="col-md-6 item">
				<a href="/book/p14387/3917861.html" title="��204�� ����˵" target="_blank">��204�� ����˵</a>
			  </div><div class="col-md-6 item">
				<a href="/book/p14387/3917862.html" title="��205�� ��;�澰" target="_blank">��205�� ��;�澰</a>
			  </div><div class="col-md-6 item">
				<a href="/book/p14387/3917863.html" title="��206�� �õ�����" target="_blank">��206�� �õ�����</a>
			  </div><div class="col-md-6 item">
				<a href="/book/p14387/3917864.html" title="��207�� ������" target="_blank">��207�� ������</a>
			  </div><div class="col-md-6 item">
				<a href="/book/p14387/3917865.html" title="��208�� ����Сѧ" target="_blank">��208�� ����Сѧ</a>
			  </div><div class="col-md-6 item">
				<a href="/book/p14387/3917866.html" title="��209�� С����ʷ" target="_blank">��209�� С����ʷ</a>
			  </div><div class="col-md-6 item">
				<a href="/book/p14387/3917867.html" title="��210�� ������ˮ" target="_blank">��210�� ������ˮ</a>
			  </div><div class="col-md-6 item">
				<a href="/book/p14387/3917868.html" title="��211�� ��ˮ����" target="_blank">��211�� ��ˮ����</a>
			  </div><div class="col-md-6 item">
				<a href="/book/p14387/3917869.html" title="��212�� ����Ѳ�" target="_blank">��212�� ����Ѳ�</a>
			  </div><div class="col-md-6 item">
				<a href="/book/p14387/3917870.html" title="��213�� �㶷�������ǵ�" target="_blank">��213�� �㶷�������ǵ�</a>
			  </div><div class="col-md-6 item">
				<a href="/book/p14387/3917871.html" title="��214�� αװ" target="_blank">��214�� αװ</a>
			  </div><div class="col-md-6 item">
				<a href="/book/p14387/3917872.html" title="��215�� �ٻ�������" target="_blank">��215�� �ٻ�������</a>
			  </div><div class="col-md-6 item">
				<a href="/book/p14387/3917873.html" title="��216�� �μ�����" target="_blank">��216�� �μ�����</a>
			  </div><div class="col-md-6 item">
				<a href="/book/p14387/3917874.html" title="��217�� Ǳ��ѧУ" target="_blank">��217�� Ǳ��ѧУ</a>
			  </div><div class="col-md-6 item">
				<a href="/book/p14387/3917875.html" title="��218�� ����������" target="_blank">��218�� ����������</a>
			  </div><div class="col-md-6 item">
				<a href="/book/p14387/3917876.html" title="��219�� ��ҵĶ���" target="_blank">��219�� ��ҵĶ���</a>
			  </div><div class="col-md-6 item">
				<a href="/book/p14387/3917877.html" title="��220�� ��������" target="_blank">��220�� ��������</a>
			  </div><div class="col-md-6 item">
				<a href="/book/p14387/3917878.html" title="��221�� ��Ĺ" target="_blank">��221�� ��Ĺ</a>
			  </div><div class="col-md-6 item">
				<a href="/book/p14387/3917879.html" title="��222�� Ĺ��֮��" target="_blank">��222�� Ĺ��֮��</a>
			  </div><div class="col-md-6 item">
				<a href="/book/p14387/3917880.html" title="��223�� Ĺ������" target="_blank">��223�� Ĺ������</a>
			  </div><div class="col-md-6 item">
				<a href="/book/p14387/3917881.html" title="��224�� ���ף�" target="_blank">��224�� ���ף�</a>
			  </div><div class="col-md-6 item">
				<a href="/book/p14387/3917882.html" title="��225�� �޷�����Ĳ�·" target="_blank">��225�� �޷�����Ĳ�·</a>
			  </div><div class="col-md-6 item">
				<a href="/book/p14387/3917883.html" title="��226�� ������" target="_blank">��226�� ������</a>
			  </div><div class="col-md-6 item">
				<a href="/book/p14387/3917884.html" title="��227�� ����·" target="_blank">��227�� ����·</a>
			  </div><div class="col-md-6 item">
				<a href="/book/p14387/3917885.html" title="��228�� ������" target="_blank">��228�� ������</a>
			  </div><div class="col-md-6 item">
				<a href="/book/p14387/3917886.html" title="��229�� ���ι���" target="_blank">��229�� ���ι���</a>
			  </div><div class="col-md-6 item">
				<a href="/book/p14387/3917887.html" title="��230�� �ƾ�" target="_blank">��230�� �ƾ�</a>
			  </div><div class="col-md-6 item">
				<a href="/book/p14387/3917888.html" title="��231�� �����۶�" target="_blank">��231�� �����۶�</a>
			  </div><div class="col-md-6 item">
				<a href="/book/p14387/3917889.html" title="��232�� ����ͨ��" target="_blank">��232�� ����ͨ��</a>
			  </div><div class="col-md-6 item">
				<a href="/book/p14387/3917890.html" title="��233�� �Ž�����" target="_blank">��233�� �Ž�����</a>
			  </div><div class="col-md-6 item">
				<a href="/book/p14387/3917891.html" title="��234�� �ּ����ϰ�" target="_blank">��234�� �ּ����ϰ�</a>
			  </div><div class="col-md-6 item">
				<a href="/book/p14387/3917892.html" title="��235�� ��������" target="_blank">��235�� ��������</a>
			  </div><div class="col-md-6 item">
				<a href="/book/p14387/3917893.html" title="��236�� �������" target="_blank">��236�� �������</a>
			  </div><div class="col-md-6 item">
				<a href="/book/p14387/3917894.html" title="��237�� �����ʦ" target="_blank">��237�� �����ʦ</a>
			  </div><div class="col-md-6 item">
				<a href="/book/p14387/3917895.html" title="��238�� һ��֮��" target="_blank">��238�� һ��֮��</a>
			  </div><div class="col-md-6 item">
				<a href="/book/p14387/3917896.html" title="��239�� �������" target="_blank">��239�� �������</a>
			  </div><div class="col-md-6 item">
				<a href="/book/p14387/3917897.html" title="��240�� �ҵ�����" target="_blank">��240�� �ҵ�����</a>
			  </div><div class="col-md-6 item">
				<a href="/book/p14387/3917898.html" title="��241�� �������" target="_blank">��241�� �������</a>
			  </div><div class="col-md-6 item">
				<a href="/book/p14387/3917899.html" title="��242�� ����Ĺ��" target="_blank">��242�� ����Ĺ��</a>
			  </div><div class="col-md-6 item">
				<a href="/book/p14387/3917900.html" title="��243�� ����֮��" target="_blank">��243�� ����֮��</a>
			  </div><div class="col-md-6 item">
				<a href="/book/p14387/3917901.html" title="��244�� ��������" target="_blank">��244�� ��������</a>
			  </div><div class="col-md-6 item">
				<a href="/book/p14387/3917902.html" title="��245�� �������" target="_blank">��245�� �������</a>
			  </div><div class="col-md-6 item">
				<a href="/book/p14387/3917903.html" title="��246�� ��������" target="_blank">��246�� ��������</a>
			  </div><div class="col-md-6 item">
				<a href="/book/p14387/3917904.html" title="��247�� ����ө" target="_blank">��247�� ����ө</a>
			  </div><div class="col-md-6 item">
				<a href="/book/p14387/3917905.html" title="��248�� ����Ĺ" target="_blank">��248�� ����Ĺ</a>
			  </div><div class="col-md-6 item">
				<a href="/book/p14387/3917906.html" title="��249�� ��Ȼ�����ǣ�" target="_blank">��249�� ��Ȼ�����ǣ�</a>
			  </div><div class="col-md-6 item">
				<a href="/book/p14387/3917907.html" title="��250�� ����֮��" target="_blank">��250�� ����֮��</a>
			  </div><div class="col-md-6 item">
				<a href="/book/p14387/3917908.html" title="��251�� Ĺ��֮��" target="_blank">��251�� Ĺ��֮��</a>
			  </div><div class="col-md-6 item">
				<a href="/book/p14387/3917909.html" title="��252�� �������²�" target="_blank">��252�� �������²�</a>
			  </div><div class="col-md-6 item">
				<a href="/book/p14387/3917910.html" title="��253�� ��������" target="_blank">��253�� ��������</a>
			  </div><div class="col-md-6 item">
				<a href="/book/p14387/3917911.html" title="��254�� ����" target="_blank">��254�� ����</a>
			  </div><div class="col-md-6 item">
				<a href="/book/p14387/3917912.html" title="��255�� ������" target="_blank">��255�� ������</a>
			  </div><div class="col-md-6 item">
				<a href="/book/p14387/3917913.html" title="��256�� ����" target="_blank">��256�� ����</a>
			  </div><div class="col-md-6 item">
				<a href="/book/p14387/3917914.html" title="��257�� ͬһ�仰" target="_blank">��257�� ͬһ�仰</a>
			  </div><div class="col-md-6 item">
				<a href="/book/p14387/3917915.html" title="��258�� ׼���ƺ�" target="_blank">��258�� ׼���ƺ�</a>
			  </div><div class="col-md-6 item">
				<a href="/book/p14387/3917916.html" title="��259�� �ٽ�������" target="_blank">��259�� �ٽ�������</a>
			  </div><div class="col-md-6 item">
				<a href="/book/p14387/3917917.html" title="��260�� ����ҹ" target="_blank">��260�� ����ҹ</a>
			  </div><div class="col-md-6 item">
				<a href="/book/p14387/3917918.html" title="��261�� ҹè��" target="_blank">��261�� ҹè��</a>
			  </div><div class="col-md-6 item">
				<a href="/book/p14387/3917919.html" title="��262�� �Ҵ�" target="_blank">��262�� �Ҵ�</a>
			  </div><div class="col-md-6 item">
				<a href="/book/p14387/3917920.html" title="��263�� ���и���" target="_blank">��263�� ���и���</a>
			  </div><div class="col-md-6 item">
				<a href="/book/p14387/3917921.html" title="��264�� ������" target="_blank">��264�� ������</a>
			  </div><div class="col-md-6 item">
				<a href="/book/p14387/3917922.html" title="��265�� �ӳ�" target="_blank">��265�� �ӳ�</a>
			  </div><div class="col-md-6 item">
				<a href="/book/p14387/3917923.html" title="��266�� ����" target="_blank">��266�� ����</a>
			  </div><div class="col-md-6 item">
				<a href="/book/p14387/3917924.html" title="��267�� ��̽��Ϣ" target="_blank">��267�� ��̽��Ϣ</a>
			  </div><div class="col-md-6 item">
				<a href="/book/p14387/3917925.html" title="��268�� �õ���ɮ" target="_blank">��268�� �õ���ɮ</a>
			  </div><div class="col-md-6 item">
				<a href="/book/p14387/3917926.html" title="��269�� ���ϸ���" target="_blank">��269�� ���ϸ���</a>
			  </div><div class="col-md-6 item">
				<a href="/book/p14387/3917927.html" title="��270�� ���" target="_blank">��270�� ���</a>
			  </div><div class="col-md-6 item">
				<a href="/book/p14387/3917928.html" title="��271�� �ҽ�����" target="_blank">��271�� �ҽ�����</a>
			  </div><div class="col-md-6 item">
				<a href="/book/p14387/3917929.html" title="��272�� ��ǽ" target="_blank">��272�� ��ǽ</a>
			  </div><div class="col-md-6 item">
				<a href="/book/p14387/3917930.html" title="��273�� ��ҹ" target="_blank">��273�� ��ҹ</a>
			  </div><div class="col-md-6 item">
				<a href="/book/p14387/3917931.html" title="��274�� �þ�" target="_blank">��274�� �þ�</a>
			  </div><div class="col-md-6 item">
				<a href="/book/p14387/3917932.html" title="��275�� ��������" target="_blank">��275�� ��������</a>
			  </div><div class="col-md-6 item">
				<a href="/book/p14387/3917933.html" title="��276�� �����ǹ���" target="_blank">��276�� �����ǹ���</a>
			  </div><div class="col-md-6 item">
				<a href="/book/p14387/3917934.html" title="��277�� ����ʶ�˸���" target="_blank">��277�� ����ʶ�˸���</a>
			  </div><div class="col-md-6 item">
				<a href="/book/p14387/3917935.html" title="��278�� �ڼҸ���" target="_blank">��278�� �ڼҸ���</a>
			  </div><div class="col-md-6 item">
				<a href="/book/p14387/3917936.html" title="��279�� �ӳ�������" target="_blank">��279�� �ӳ�������</a>
			  </div><div class="col-md-6 item">
				<a href="/book/p14387/3917937.html" title="��280�� ���KTV" target="_blank">��280�� ���KTV</a>
			  </div><div class="col-md-6 item">
				<a href="/book/p14387/3917938.html" title="��281�� ������" target="_blank">��281�� ������</a>
			  </div><div class="col-md-6 item">
				<a href="/book/p14387/3917939.html" title="��282�� Ѻ��" target="_blank">��282�� Ѻ��</a>
			  </div><div class="col-md-6 item">
				<a href="/book/p14387/3917940.html" title="��283�� ���ѵ�����ү" target="_blank">��283�� ���ѵ�����ү</a>
			  </div><div class="col-md-6 item">
				<a href="/book/p14387/3917941.html" title="��284�� ��ҽ������Ϯ" target="_blank">��284�� ��ҽ������Ϯ</a>
			  </div><div class="col-md-6 item">
				<a href="/book/p14387/3917942.html" title="��285�� ������" target="_blank">��285�� ������</a>
			  </div><div class="col-md-6 item">
				<a href="/book/p14387/3917943.html" title="��286�� ��ծ" target="_blank">��286�� ��ծ</a>
			  </div><div class="col-md-6 item">
				<a href="/book/p14387/3917944.html" title="��287�� ӡ��" target="_blank">��287�� ӡ��</a>
			  </div><div class="col-md-6 item">
				<a href="/book/p14387/3917945.html" title="��288�� ����" target="_blank">��288�� ����</a>
			  </div><div class="col-md-6 item">
				<a href="/book/p14387/3917946.html" title="��289�� �����Ʒ�" target="_blank">��289�� �����Ʒ�</a>
			  </div><div class="col-md-6 item">
				<a href="/book/p14387/3917947.html" title="��290�� ������" target="_blank">��290�� ������</a>
			  </div><div class="col-md-6 item">
				<a href="/book/p14387/3917948.html" title="��291�� ���" target="_blank">��291�� ���</a>
			  </div><div class="col-md-6 item">
				<a href="/book/p14387/3917949.html" title="��292�� ������ң�" target="_blank">��292�� ������ң�</a>
			  </div><div class="col-md-6 item">
				<a href="/book/p14387/3917950.html" title="��293�� �򶾷�ө" target="_blank">��293�� �򶾷�ө</a>
			  </div><div class="col-md-6 item">
				<a href="/book/p14387/3917951.html" title="��294�� ���޳�" target="_blank">��294�� ���޳�</a>
			  </div><div class="col-md-6 item">
				<a href="/book/p14387/3917952.html" title="��295�� �ټ�������" target="_blank">��295�� �ټ�������</a>
			  </div><div class="col-md-6 item">
				<a href="/book/p14387/3917953.html" title="��296�� ҩ������" target="_blank">��296�� ҩ������</a>
			  </div><div class="col-md-6 item">
				<a href="/book/p14387/3917954.html" title="��297�� ����ʪ��" target="_blank">��297�� ����ʪ��</a>
			  </div><div class="col-md-6 item">
				<a href="/book/p14387/3917955.html" title="��298�� ��������" target="_blank">��298�� ��������</a>
			  </div><div class="col-md-6 item">
				<a href="/book/p14387/3917956.html" title="��299�� ����" target="_blank">��299�� ����</a>
			  </div><div class="col-md-6 item">
				<a href="/book/p14387/3917957.html" title="��300�� ��ǿ����" target="_blank">��300�� ��ǿ����</a>
			  </div><div class="col-md-6 item">
				<a href="/book/p14387/3917958.html" title="��301�� �ʽ�" target="_blank">��301�� �ʽ�</a>
			  </div><div class="col-md-6 item">
				<a href="/book/p14387/3917959.html" title="��302�� ʦͽ" target="_blank">��302�� ʦͽ</a>
			  </div><div class="col-md-6 item">
				<a href="/book/p14387/3917960.html" title="��303�� �������" target="_blank">��303�� �������</a>
			  </div><div class="col-md-6 item">
				<a href="/book/p14387/3917961.html" title="��304�� ˪����" target="_blank">��304�� ˪����</a>
			  </div><div class="col-md-6 item">
				<a href="/book/p14387/3917962.html" title="��305�� ��Ҳ���Ǻ��ˣ�" target="_blank">��305�� ��Ҳ���Ǻ��ˣ�</a>
			  </div><div class="col-md-6 item">
				<a href="/book/p14387/3917963.html" title="��306�� ���޳�" target="_blank">��306�� ���޳�</a>
			  </div><div class="col-md-6 item">
				<a href="/book/p14387/3917964.html" title="��307�� ������үү��" target="_blank">��307�� ������үү��</a>
			  </div><div class="col-md-6 item">
				<a href="/book/p14387/3917965.html" title="��308�� ����Ϊͽ" target="_blank">��308�� ����Ϊͽ</a>
			  </div><div class="col-md-6 item">
				<a href="/book/p14387/3917966.html" title="��309�� �ִ�" target="_blank">��309�� �ִ�</a>
			  </div><div class="col-md-6 item">
				<a href="/book/p14387/3917967.html" title="��310�� ����Ҷ���" target="_blank">��310�� ����Ҷ���</a>
			  </div><div class="col-md-6 item">
				<a href="/book/p14387/3917968.html" title="��311�� ������" target="_blank">��311�� ������</a>
			  </div><div class="col-md-6 item">
				<a href="/book/p14387/3917969.html" title="��312�� ������ħ����" target="_blank">��312�� ������ħ����</a>
			  </div><div class="col-md-6 item">
				<a href="/book/p14387/3917970.html" title="��313�� �������ػ���" target="_blank">��313�� �������ػ���</a>
			  </div><div class="col-md-6 item">
				<a href="/book/p14387/3917971.html" title="��314�� ����֮��" target="_blank">��314�� ����֮��</a>
			  </div><div class="col-md-6 item">
				<a href="/book/p14387/3917972.html" title="��315�� ���֮��" target="_blank">��315�� ���֮��</a>
			  </div><div class="col-md-6 item">
				<a href="/book/p14387/3917973.html" title="��316�� �Ŵ����" target="_blank">��316�� �Ŵ����</a>
			  </div><div class="col-md-6 item">
				<a href="/book/p14387/3917974.html" title="��317�� ̫��ɽ��" target="_blank">��317�� ̫��ɽ��</a>
			  </div><div class="col-md-6 item">
				<a href="/book/p14387/3917975.html" title="��318�� �ش�" target="_blank">��318�� �ش�</a>
			  </div><div class="col-md-6 item">
				<a href="/book/p14387/3917976.html" title="��319�� ժҶ����" target="_blank">��319�� ժҶ����</a>
			  </div><div class="col-md-6 item">
				<a href="/book/p14387/3917977.html" title="��320�� ����" target="_blank">��320�� ����</a>
			  </div><div class="col-md-6 item">
				<a href="/book/p14387/3917978.html" title="��321�� ��ս��" target="_blank">��321�� ��ս��</a>
			  </div><div class="col-md-6 item">
				<a href="/book/p14387/3917979.html" title="��322�� ��ս���Ҵ̿�" target="_blank">��322�� ��ս���Ҵ̿�</a>
			  </div><div class="col-md-6 item">
				<a href="/book/p14387/3917980.html" title="��323�� Ӳ��������" target="_blank">��323�� Ӳ��������</a>
			  </div><div class="col-md-6 item">
				<a href="/book/p14387/3917981.html" title="��324�� ȱ����" target="_blank">��324�� ȱ����</a>
			  </div><div class="col-md-6 item">
				<a href="/book/p14387/3917982.html" title="��325�� ����" target="_blank">��325�� ����</a>
			  </div><div class="col-md-6 item">
				<a href="/book/p14387/3917983.html" title="��326�� ���·ת" target="_blank">��326�� ���·ת</a>
			  </div><div class="col-md-6 item">
				<a href="/book/p14387/3917984.html" title="��327�� ͻ�䣡" target="_blank">��327�� ͻ�䣡</a>
			  </div><div class="col-md-6 item">
				<a href="/book/p14387/3917985.html" title="��328�� �߷�" target="_blank">��328�� �߷�</a>
			  </div><div class="col-md-6 item">
				<a href="/book/p14387/3917986.html" title="��329�� ���" target="_blank">��329�� ���</a>
			  </div><div class="col-md-6 item">
				<a href="/book/p14387/3917987.html" title="��330�� ��Ļ" target="_blank">��330�� ��Ļ</a>
			  </div><div class="col-md-6 item">
				<a href="/book/p14387/3917988.html" title="��331�� ���Ʒ�ӡ��" target="_blank">��331�� ���Ʒ�ӡ��</a>
			  </div><div class="col-md-6 item">
				<a href="/book/p14387/3917989.html" title="��332�� ����" target="_blank">��332�� ����</a>
			  </div><div class="col-md-6 item">
				<a href="/book/p14387/3917990.html" title="��333�� ���ӳ�" target="_blank">��333�� ���ӳ�</a>
			  </div><div class="col-md-6 item">
				<a href="/book/p14387/3917991.html" title="��334�� ����վ" target="_blank">��334�� ����վ</a>
			  </div><div class="col-md-6 item">
				<a href="/book/p14387/3917992.html" title="��335�� ���" target="_blank">��335�� ���</a>
			  </div><div class="col-md-6 item">
				<a href="/book/p14387/3917993.html" title="��336�� �ӳ����" target="_blank">��336�� �ӳ����</a>
			  </div><div class="col-md-6 item">
				<a href="/book/p14387/3917994.html" title="��337�� ��ұ���" target="_blank">��337�� ��ұ���</a>
			  </div><div class="col-md-6 item">
				<a href="/book/p14387/3917995.html" title="��338�� ���֤��" target="_blank">��338�� ���֤��</a>
			  </div><div class="col-md-6 item">
				<a href="/book/p14387/3917996.html" title="��339�� ����ү" target="_blank">��339�� ����ү</a>
			  </div><div class="col-md-6 item">
				<a href="/book/p14387/3917997.html" title="��340�� �����ܻ�" target="_blank">��340�� �����ܻ�</a>
			  </div><div class="col-md-6 item">
				<a href="/book/p14387/3917998.html" title="��341�� �㴼������" target="_blank">��341�� �㴼������</a>
			  </div><div class="col-md-6 item">
				<a href="/book/p14387/3917999.html" title="��342�� ������Ϣ" target="_blank">��342�� ������Ϣ</a>
			  </div><div class="col-md-6 item">
				<a href="/book/p14387/3918000.html" title="��343�� �ӳ���ҵ" target="_blank">��343�� �ӳ���ҵ</a>
			  </div><div class="col-md-6 item">
				<a href="/book/p14387/3918001.html" title="��344�� ��������" target="_blank">��344�� ��������</a>
			  </div><div class="col-md-6 item">
				<a href="/book/p14387/3918002.html" title="��345�� �����������" target="_blank">��345�� �����������</a>
			  </div><div class="col-md-6 item">
				<a href="/book/p14387/3918003.html" title="��346�� ���ʷ�" target="_blank">��346�� ���ʷ�</a>
			  </div><div class="col-md-6 item">
				<a href="/book/p14387/3918004.html" title="��347�� ȫ����" target="_blank">��347�� ȫ����</a>
			  </div><div class="col-md-6 item">
				<a href="/book/p14387/3918005.html" title="��348�� ����ָ�ϣ�" target="_blank">��348�� ����ָ�ϣ�</a>
			  </div><div class="col-md-6 item">
				<a href="/book/p14387/3918006.html" title="��349�� ʫ�������" target="_blank">��349�� ʫ�������</a>
			  </div><div class="col-md-6 item">
				<a href="/book/p14387/3918007.html" title="��350�� �߷»�" target="_blank">��350�� �߷»�</a>
			  </div><div class="col-md-6 item">
				<a href="/book/p14387/3918008.html" title="��351�� �ֵܰ���" target="_blank">��351�� �ֵܰ���</a>
			  </div><div class="col-md-6 item">
				<a href="/book/p14387/3918009.html" title="��352�� ����ȫ��" target="_blank">��352�� ����ȫ��</a>
			  </div><div class="col-md-6 item">
				<a href="/book/p14387/3918010.html" title="��353�� �µļ����ܲ�" target="_blank">��353�� �µļ����ܲ�</a>
			  </div><div class="col-md-6 item">
				<a href="/book/p14387/3918011.html" title="��354�� �����ҹ�" target="_blank">��354�� �����ҹ�</a>
			  </div><div class="col-md-6 item">
				<a href="/book/p14387/3918012.html" title="��355�� �Ż�" target="_blank">��355�� �Ż�</a>
			  </div><div class="col-md-6 item">
				<a href="/book/p14387/3918013.html" title="��356�� ����" target="_blank">��356�� ����</a>
			  </div><div class="col-md-6 item">
				<a href="/book/p14387/3918014.html" title="��357�� �ж�" target="_blank">��357�� �ж�</a>
			  </div><div class="col-md-6 item">
				<a href="/book/p14387/3918015.html" title="��358�� ����˭�ǹ�" target="_blank">��358�� ����˭�ǹ�</a>
			  </div><div class="col-md-6 item">
				<a href="/book/p14387/3918016.html" title="��359�� ��ҵı���" target="_blank">��359�� ��ҵı���</a>
			  </div><div class="col-md-6 item">
				<a href="/book/p14387/3918017.html" title="��360�� ����" target="_blank">��360�� ����</a>
			  </div><div class="col-md-6 item">
				<a href="/book/p14387/3918018.html" title="��361�� ������ҵģ�" target="_blank">��361�� ������ҵģ�</a>
			  </div><div class="col-md-6 item">
				<a href="/book/p14387/3918019.html" title="��362�� �Ա��Ʊ���" target="_blank">��362�� �Ա��Ʊ���</a>
			  </div><div class="col-md-6 item">
				<a href="/book/p14387/3918020.html" title="��363�� ��ծ" target="_blank">��363�� ��ծ</a>
			  </div><div class="col-md-6 item">
				<a href="/book/p14387/3918021.html" title="��364�� ��ҹ" target="_blank">��364�� ��ҹ</a>
			  </div><div class="col-md-6 item">
				<a href="/book/p14387/3918022.html" title="��365�� Ǳ��" target="_blank">��365�� Ǳ��</a>
			  </div><div class="col-md-6 item">
				<a href="/book/p14387/3918023.html" title="��366�� ��ʦ��������" target="_blank">��366�� ��ʦ��������</a>
			  </div><div class="col-md-6 item">
				<a href="/book/p14387/3918024.html" title="��367�� ��ǿ���" target="_blank">��367�� ��ǿ���</a>
			  </div><div class="col-md-6 item">
				<a href="/book/p14387/3918025.html" title="��368�� ��ʤ" target="_blank">��368�� ��ʤ</a>
			  </div><div class="col-md-6 item">
				<a href="/book/p14387/3918026.html" title="��369�� ������а" target="_blank">��369�� ������а</a>
			  </div><div class="col-md-6 item">
				<a href="/book/p14387/3918027.html" title="��370�� ����Ŀ" target="_blank">��370�� ����Ŀ</a>
			  </div><div class="col-md-6 item">
				<a href="/book/p14387/3918028.html" title="��371�� ������ʦ��" target="_blank">��371�� ������ʦ��</a>
			  </div><div class="col-md-6 item">
				<a href="/book/p14387/3918029.html" title="��372�� �ں�" target="_blank">��372�� �ں�</a>
			  </div><div class="col-md-6 item">
				<a href="/book/p14387/3918030.html" title="��373�� ����" target="_blank">��373�� ����</a>
			  </div><div class="col-md-6 item">
				<a href="/book/p14387/3918031.html" title="��374�� ʵ������" target="_blank">��374�� ʵ������</a>
			  </div><div class="col-md-6 item">
				<a href="/book/p14387/3918032.html" title="��375�� �ӳǵ��¸��" target="_blank">��375�� �ӳǵ��¸��</a>
			  </div><div class="col-md-6 item">
				<a href="/book/p14387/3918033.html" title="��376�� ���ǰϦ" target="_blank">��376�� ���ǰϦ</a>
			  </div><div class="col-md-6 item">
				<a href="/book/p14387/3918034.html" title="��377�� ��ϯ" target="_blank">��377�� ��ϯ</a>
			  </div><div class="col-md-6 item">
				<a href="/book/p14387/3918035.html" title="��378�� һ·��" target="_blank">��378�� һ·��</a>
			  </div><div class="col-md-6 item">
				<a href="/book/p14387/3918036.html" title="��379�� ������" target="_blank">��379�� ������</a>
			  </div><div class="col-md-6 item">
				<a href="/book/p14387/3918037.html" title="��380�� ��ʧ����" target="_blank">��380�� ��ʧ����</a>
			  </div><div class="col-md-6 item">
				<a href="/book/p14387/3918038.html" title="��381�� ��������" target="_blank">��381�� ��������</a>
			  </div><div class="col-md-6 item">
				<a href="/book/p14387/3918039.html" title="��382�� �����С͵" target="_blank">��382�� �����С͵</a>
			  </div><div class="col-md-6 item">
				<a href="/book/p14387/3918040.html" title="��383�� ץ��" target="_blank">��383�� ץ��</a>
			  </div><div class="col-md-6 item">
				<a href="/book/p14387/3918041.html" title="��384�� ����" target="_blank">��384�� ����</a>
			  </div><div class="col-md-6 item">
				<a href="/book/p14387/3918042.html" title="��385�� ����β��" target="_blank">��385�� ����β��</a>
			  </div><div class="col-md-6 item">
				<a href="/book/p14387/3918043.html" title="��386�� �г�;��" target="_blank">��386�� �г�;��</a>
			  </div><div class="col-md-6 item">
				<a href="/book/p14387/3918044.html" title="��387�� Ǯ������" target="_blank">��387�� Ǯ������</a>
			  </div><div class="col-md-6 item">
				<a href="/book/p14387/3918045.html" title="��388�� ����" target="_blank">��388�� ����</a>
			  </div><div class="col-md-6 item">
				<a href="/book/p14387/3918046.html" title="��389�� ��³���ŵĴ�˵" target="_blank">��389�� ��³���ŵĴ�˵</a>
			  </div><div class="col-md-6 item">
				<a href="/book/p14387/3918047.html" title="��390�� ��Ҫ����" target="_blank">��390�� ��Ҫ����</a>
			  </div><div class="col-md-6 item">
				<a href="/book/p14387/3918048.html" title="��391�� ��·��" target="_blank">��391�� ��·��</a>
			  </div><div class="col-md-6 item">
				<a href="/book/p14387/3918049.html" title="��392�� �ų�" target="_blank">��392�� �ų�</a>
			  </div><div class="col-md-6 item">
				<a href="/book/p14387/3918050.html" title="��393�� ��¥" target="_blank">��393�� ��¥</a>
			  </div><div class="col-md-6 item">
				<a href="/book/p14387/3918051.html" title="��394�� ���" target="_blank">��394�� ���</a>
			  </div><div class="col-md-6 item">
				<a href="/book/p14387/3918052.html" title="��395�� ����֮��" target="_blank">��395�� ����֮��</a>
			  </div><div class="col-md-6 item">
				<a href="/book/p14387/3918053.html" title="��396�� ������" target="_blank">��396�� ������</a>
			  </div><div class="col-md-6 item">
				<a href="/book/p14387/3918054.html" title="��397�� ��Ƥ��" target="_blank">��397�� ��Ƥ��</a>
			  </div><div class="col-md-6 item">
				<a href="/book/p14387/3918055.html" title="��398�� ������" target="_blank">��398�� ������</a>
			  </div><div class="col-md-6 item">
				<a href="/book/p14387/3918056.html" title="��399�� ������" target="_blank">��399�� ������</a>
			  </div><div class="col-md-6 item">
				<a href="/book/p14387/3918057.html" title="��400�� ת����" target="_blank">��400�� ת����</a>
			  </div><div class="col-md-6 item">
				<a href="/book/p14387/3918058.html" title="��401�� ��ƿ��" target="_blank">��401�� ��ƿ��</a>
			  </div><div class="col-md-6 item">
				<a href="/book/p14387/3918059.html" title="��402�� ������" target="_blank">��402�� ������</a>
			  </div><div class="col-md-6 item">
				<a href="/book/p14387/3918060.html" title="��403�� ��������" target="_blank">��403�� ��������</a>
			  </div><div class="col-md-6 item">
				<a href="/book/p14387/3918061.html" title="��404�� ʷǰ����" target="_blank">��404�� ʷǰ����</a>
			  </div><div class="col-md-6 item">
				<a href="/book/p14387/3918062.html" title="��405�� �ڽ�����" target="_blank">��405�� �ڽ�����</a>
			  </div><div class="col-md-6 item">
				<a href="/book/p14387/3918063.html" title="��406�� ��׳���˵�" target="_blank">��406�� ��׳���˵�</a>
			  </div><div class="col-md-6 item">
				<a href="/book/p14387/3918064.html" title="��407�� �����뽩��" target="_blank">��407�� �����뽩��</a>
			  </div><div class="col-md-6 item">
				<a href="/book/p14387/3918065.html" title="��408�� ���" target="_blank">��408�� ���</a>
			  </div><div class="col-md-6 item">
				<a href="/book/p14387/3918066.html" title="��409�� ����" target="_blank">��409�� ����</a>
			  </div><div class="col-md-6 item">
				<a href="/book/p14387/3918067.html" title="��410�� �콵�޹�" target="_blank">��410�� �콵�޹�</a>
			  </div><div class="col-md-6 item">
				<a href="/book/p14387/3918068.html" title="��411�� ����֮��" target="_blank">��411�� ����֮��</a>
			  </div><div class="col-md-6 item">
				<a href="/book/p14387/3918069.html" title="��412�� ��ǰ��ս" target="_blank">��412�� ��ǰ��ս</a>
			  </div><div class="col-md-6 item">
				<a href="/book/p14387/3918070.html" title="��413�� ���֮��" target="_blank">��413�� ���֮��</a>
			  </div><div class="col-md-6 item">
				<a href="/book/p14387/3918071.html" title="��414�� ��������" target="_blank">��414�� ��������</a>
			  </div><div class="col-md-6 item">
				<a href="/book/p14387/3918072.html" title="��415�� ˭�Ĺײģ�" target="_blank">��415�� ˭�Ĺײģ�</a>
			  </div><div class="col-md-6 item">
				<a href="/book/p14387/3918073.html" title="��416�� �ǿ���" target="_blank">��416�� �ǿ���</a>
			  </div><div class="col-md-6 item">
				<a href="/book/p14387/3918074.html" title="��417�� ����һ����" target="_blank">��417�� ����һ����</a>
			  </div><div class="col-md-6 item">
				<a href="/book/p14387/3918075.html" title="��418�� Ӯ��" target="_blank">��418�� Ӯ��</a>
			  </div><div class="col-md-6 item">
				<a href="/book/p14387/3918076.html" title="��419�� �ֲ����ࣨ1��" target="_blank">��419�� �ֲ����ࣨ1��</a>
			  </div><div class="col-md-6 item">
				<a href="/book/p14387/3918077.html" title="��420�� �ֲ����ࣨ2��" target="_blank">��420�� �ֲ����ࣨ2��</a>
			  </div><div class="col-md-6 item">
				<a href="/book/p14387/3918078.html" title="��421�� ��������ʷ" target="_blank">��421�� ��������ʷ</a>
			  </div><div class="col-md-6 item">
				<a href="/book/p14387/3918079.html" title="��422�� ����֮��" target="_blank">��422�� ����֮��</a>
			  </div><div class="col-md-6 item">
				<a href="/book/p14387/3918080.html" title="��423�� û������" target="_blank">��423�� û������</a>
			  </div><div class="col-md-6 item">
				<a href="/book/p14387/3918081.html" title="��424�� ����" target="_blank">��424�� ����</a>
			  </div><div class="col-md-6 item">
				<a href="/book/p14387/3918082.html" title="��425�� ����֮��" target="_blank">��425�� ����֮��</a>
			  </div><div class="col-md-6 item">
				<a href="/book/p14387/3918083.html" title="��426�� δ֪�Ļ������" target="_blank">��426�� δ֪�Ļ������</a>
			  </div><div class="col-md-6 item">
				<a href="/book/p14387/3918084.html" title="��427�� ������" target="_blank">��427�� ������</a>
			  </div><div class="col-md-6 item">
				<a href="/book/p14387/3918085.html" title="��428�� ���˿־�����ࣨ1��" target="_blank">��428�� ���˿־�����ࣨ1��</a>
			  </div><div class="col-md-6 item">
				<a href="/book/p14387/3918086.html" title="��429�� ���˿־�����ࣨ2��" target="_blank">��429�� ���˿־�����ࣨ2��</a>
			  </div><div class="col-md-6 item">
				<a href="/book/p14387/3918087.html" title="��430�� ���˿־�����ࣨ3��" target="_blank">��430�� ���˿־�����ࣨ3��</a>
			  </div><div class="col-md-6 item">
				<a href="/book/p14387/3918088.html" title="��431�� ����" target="_blank">��431�� ����</a>
			  </div><div class="col-md-6 item">
				<a href="/book/p14387/3918089.html" title="��432�� �������䣡" target="_blank">��432�� �������䣡</a>
			  </div><div class="col-md-6 item">
				<a href="/book/p14387/3918090.html" title="��433�� ���ֻӾ�" target="_blank">��433�� ���ֻӾ�</a>
			  </div><div class="col-md-6 item">
				<a href="/book/p14387/3918091.html" title="��434�� �����������磡" target="_blank">��434�� �����������磡</a>
			  </div><div class="col-md-6 item">
				<a href="/book/p14387/3918092.html" title="��435�� ���˵�����" target="_blank">��435�� ���˵�����</a>
			  </div><div class="col-md-6 item">
				<a href="/book/p14387/3918093.html" title="��436�� ��o����" target="_blank">��436�� ��o����</a>
			  </div><div class="col-md-6 item">
				<a href="/book/p14387/3918094.html" title="��437�� ������" target="_blank">��437�� ������</a>
			  </div><div class="col-md-6 item">
				<a href="/book/p14387/3918095.html" title="��438�� ǧ��һ��" target="_blank">��438�� ǧ��һ��</a>
			  </div><div class="col-md-6 item">
				<a href="/book/p14387/3918096.html" title="��439�� �غ㶨��" target="_blank">��439�� �غ㶨��</a>
			  </div><div class="col-md-6 item">
				<a href="/book/p14387/3918097.html" title="��440�� ��ͷ��ʼ" target="_blank">��440�� ��ͷ��ʼ</a>
			  </div><div class="col-md-6 item">
				<a href="/book/p14387/3918098.html" title="��441�� ͻ��" target="_blank">��441�� ͻ��</a>
			  </div><div class="col-md-6 item">
				<a href="/book/p14387/3918099.html" title="��442�� �ּ�����" target="_blank">��442�� �ּ�����</a>
			  </div><div class="col-md-6 item">
				<a href="/book/p14387/3918100.html" title="��443�� �ָ����" target="_blank">��443�� �ָ����</a>
			  </div><div class="col-md-6 item">
				<a href="/book/p14387/3918101.html" title="��444�� ���ϵİ�ɱ" target="_blank">��444�� ���ϵİ�ɱ</a>
			  </div><div class="col-md-6 item">
				<a href="/book/p14387/3918102.html" title="��445�� ������" target="_blank">��445�� ������</a>
			  </div><div class="col-md-6 item">
				<a href="/book/p14387/3918103.html" title="��446�� ����" target="_blank">��446�� ����</a>
			  </div><div class="col-md-6 item">
				<a href="/book/p14387/3918104.html" title="��447�� �����¹�" target="_blank">��447�� �����¹�</a>
			  </div><div class="col-md-6 item">
				<a href="/book/p14387/3918105.html" title="��448�� ��ͷ���ϰ�" target="_blank">��448�� ��ͷ���ϰ�</a>
			  </div><div class="col-md-6 item">
				<a href="/book/p14387/3918106.html" title="��449�� ����Ŀ�ɽ" target="_blank">��449�� ����Ŀ�ɽ</a>
			  </div><div class="col-md-6 item">
				<a href="/book/p14387/3918107.html" title="��450�� ��ʤ���ϴ�" target="_blank">��450�� ��ʤ���ϴ�</a>
			  </div><div class="col-md-6 item">
				<a href="/book/p14387/3918108.html" title="��451�� ������" target="_blank">��451�� ������</a>
			  </div><div class="col-md-6 item">
				<a href="/book/p14387/3918109.html" title="��452�� �ó���ʱ�ͳ���" target="_blank">��452�� �ó���ʱ�ͳ���</a>
			  </div><div class="col-md-6 item">
				<a href="/book/p14387/3918110.html" title="��453�� �ٴ�������" target="_blank">��453�� �ٴ�������</a>
			  </div><div class="col-md-6 item">
				<a href="/book/p14387/3918111.html" title="��454�� ��ȥ������" target="_blank">��454�� ��ȥ������</a>
			  </div><div class="col-md-6 item">
				<a href="/book/p14387/3918112.html" title="��455�� ʢ����˾" target="_blank">��455�� ʢ����˾</a>
			  </div><div class="col-md-6 item">
				<a href="/book/p14387/3918113.html" title="��456�� ԭ������" target="_blank">��456�� ԭ������</a>
			  </div><div class="col-md-6 item">
				<a href="/book/p14387/3918114.html" title="��457�� ԭί" target="_blank">��457�� ԭί</a>
			  </div><div class="col-md-6 item">
				<a href="/book/p14387/3918115.html" title="��458�� ���๴��" target="_blank">��458�� ���๴��</a>
			  </div><div class="col-md-6 item">
				<a href="/book/p14387/3918116.html" title="��459�� ���ǵĵ�һ��" target="_blank">��459�� ���ǵĵ�һ��</a>
			  </div><div class="col-md-6 item">
				<a href="/book/p14387/3918117.html" title="��460�� ����" target="_blank">��460�� ����</a>
			  </div><div class="col-md-6 item">
				<a href="/book/p14387/3918118.html" title="��461�� ���ϵļ�" target="_blank">��461�� ���ϵļ�</a>
			  </div><div class="col-md-6 item">
				<a href="/book/p14387/3918119.html" title="��462�� ���ϵ���ŵ" target="_blank">��462�� ���ϵ���ŵ</a>
			  </div><div class="col-md-6 item">
				<a href="/book/p14387/3918120.html" title="��463�� ҩ������" target="_blank">��463�� ҩ������</a>
			  </div><div class="col-md-6 item">
				<a href="/book/p14387/3918121.html" title="��464�� �����ƭ��" target="_blank">��464�� �����ƭ��</a>
			  </div><div class="col-md-6 item">
				<a href="/book/p14387/3918122.html" title="��465�� �ҵ���" target="_blank">��465�� �ҵ���</a>
			  </div><div class="col-md-6 item">
				<a href="/book/p14387/3918123.html" title="��466�� ������" target="_blank">��466�� ������</a>
			  </div><div class="col-md-6 item">
				<a href="/book/p14387/3918124.html" title="��467�� ��������" target="_blank">��467�� ��������</a>
			  </div><div class="col-md-6 item">
				<a href="/book/p14387/3918125.html" title="��468�� ���صİ׼�" target="_blank">��468�� ���صİ׼�</a>
			  </div><div class="col-md-6 item">
				<a href="/book/p14387/3918126.html" title="��469�� ��΢���Ǿ�" target="_blank">��469�� ��΢���Ǿ�</a>
			  </div><div class="col-md-6 item">
				<a href="/book/p14387/3918127.html" title="��470�� ����ɱ��" target="_blank">��470�� ����ɱ��</a>
			  </div><div class="col-md-6 item">
				<a href="/book/p14387/3918128.html" title="��471�� ��������" target="_blank">��471�� ��������</a>
			  </div><div class="col-md-6 item">
				<a href="/book/p14387/3918129.html" title="��472�� ��˾ȱ�˲�" target="_blank">��472�� ��˾ȱ�˲�</a>
			  </div><div class="col-md-6 item">
				<a href="/book/p14387/3918130.html" title="��473�� ��˪ȭ" target="_blank">��473�� ��˪ȭ</a>
			  </div><div class="col-md-6 item">
				<a href="/book/p14387/3918131.html" title="��474�� ��ͷŮ��" target="_blank">��474�� ��ͷŮ��</a>
			  </div><div class="col-md-6 item">
				<a href="/book/p14387/3918132.html" title="��475�� ��Ҵ" target="_blank">��475�� ��Ҵ</a>
			  </div><div class="col-md-6 item">
				<a href="/book/p14387/3918133.html" title="��476�� ֻ��Ȯ�͵�Ե��" target="_blank">��476�� ֻ��Ȯ�͵�Ե��</a>
			  </div><div class="col-md-6 item">
				<a href="/book/p14387/3918134.html" title="��477�� �ƻ�����" target="_blank">��477�� �ƻ�����</a>
			  </div><div class="col-md-6 item">
				<a href="/book/p14387/3918135.html" title="��478�� û��˵��" target="_blank">��478�� û��˵��</a>
			  </div><div class="col-md-6 item">
				<a href="/book/p14387/3918136.html" title="��479�� С��Ϸ" target="_blank">��479�� С��Ϸ</a>
			  </div><div class="col-md-6 item">
				<a href="/book/p14387/3918137.html" title="��480�� ����ϯ" target="_blank">��480�� ����ϯ</a>
			  </div><div class="col-md-6 item">
				<a href="/book/p14387/3918138.html" title="��481�� �д�" target="_blank">��481�� �д�</a>
			  </div><div class="col-md-6 item">
				<a href="/book/p14387/3918139.html" title="��482�� �������" target="_blank">��482�� �������</a>
			  </div><div class="col-md-6 item">
				<a href="/book/p14387/3918140.html" title="��483�� �������صĴ�����" target="_blank">��483�� �������صĴ�����</a>
			  </div><div class="col-md-6 item">
				<a href="/book/p14387/3918141.html" title="��484�� ������ʶ��" target="_blank">��484�� ������ʶ��</a>
			  </div><div class="col-md-6 item">
				<a href="/book/p14387/3918142.html" title="��485�� һȺƭ�ӣ�" target="_blank">��485�� һȺƭ�ӣ�</a>
			  </div><div class="col-md-6 item">
				<a href="/book/p14387/3918143.html" title="��486�� ����ô֪��" target="_blank">��486�� ����ô֪��</a>
			  </div><div class="col-md-6 item">
				<a href="/book/p14387/3918144.html" title="��487�� ���ٵ�����" target="_blank">��487�� ���ٵ�����</a>
			  </div><div class="col-md-6 item">
				<a href="/book/p14387/3918145.html" title="��488�� �����۸���" target="_blank">��488�� �����۸���</a>
			  </div><div class="col-md-6 item">
				<a href="/book/p14387/3918146.html" title="��489�� ����Ů��" target="_blank">��489�� ����Ů��</a>
			  </div><div class="col-md-6 item">
				<a href="/book/p14387/3918147.html" title="��490�� �׾���" target="_blank">��490�� �׾���</a>
			  </div><div class="col-md-6 item">
				<a href="/book/p14387/3918148.html" title="��491�� ʢŭ��" target="_blank">��491�� ʢŭ��</a>
			  </div><div class="col-md-6 item">
				<a href="/book/p14387/3918149.html" title="��492�� ������Ư��" target="_blank">��492�� ������Ư��</a>
			  </div><div class="col-md-6 item">
				<a href="/book/p14387/3918150.html" title="��493�� �໥��в" target="_blank">��493�� �໥��в</a>
			  </div><div class="col-md-6 item">
				<a href="/book/p14387/3918151.html" title="��494�� Ȯ����" target="_blank">��494�� Ȯ����</a>
			  </div><div class="col-md-6 item">
				<a href="/book/p14387/3918152.html" title="��495�� �ֲ���־��" target="_blank">��495�� �ֲ���־��</a>
			  </div><div class="col-md-6 item">
				<a href="/book/p14387/3918153.html" title="��496�� ������" target="_blank">��496�� ������</a>
			  </div><div class="col-md-6 item">
				<a href="/book/p14387/3918154.html" title="��497�� �������ë" target="_blank">��497�� �������ë</a>
			  </div><div class="col-md-6 item">
				<a href="/book/p14387/3918155.html" title="��498�� ��������" target="_blank">��498�� ��������</a>
			  </div><div class="col-md-6 item">
				<a href="/book/p14387/3918156.html" title="��499�� �Ͻ����" target="_blank">��499�� �Ͻ����</a>
			  </div><div class="col-md-6 item">
				<a href="/book/p14387/3918157.html" title="��500�� ���ϻ������Ŀ" target="_blank">��500�� ���ϻ������Ŀ</a>
			  </div><div class="col-md-6 item">
				<a href="/book/p14387/3918158.html" title="��501�� ��ȭ" target="_blank">��501�� ��ȭ</a>
			  </div><div class="col-md-6 item">
				<a href="/book/p14387/3918159.html" title="��502�� ̩ȭ�����" target="_blank">��502�� ̩ȭ�����</a>
			  </div><div class="col-md-6 item">
				<a href="/book/p14387/3918160.html" title="��503�� ����ӿ��" target="_blank">��503�� ����ӿ��</a>
			  </div><div class="col-md-6 item">
				<a href="/book/p14387/3918161.html" title="��504�� ����ϯ����" target="_blank">��504�� ����ϯ����</a>
			  </div><div class="col-md-6 item">
				<a href="/book/p14387/3918162.html" title="��505�� ��˹" target="_blank">��505�� ��˹</a>
			  </div><div class="col-md-6 item">
				<a href="/book/p14387/3918163.html" title="��506�� �����밲��" target="_blank">��506�� �����밲��</a>
			  </div><div class="col-md-6 item">
				<a href="/book/p14387/3918164.html" title="��507�� ��ҵ���Ĺ��" target="_blank">��507�� ��ҵ���Ĺ��</a>
			  </div><div class="col-md-6 item">
				<a href="/book/p14387/3918165.html" title="��508�� ����" target="_blank">��508�� ����</a>
			  </div><div class="col-md-6 item">
				<a href="/book/p14387/3918166.html" title="��509�� ������" target="_blank">��509�� ������</a>
			  </div><div class="col-md-6 item">
				<a href="/book/p14387/3918167.html" title="��510�� ���׻���" target="_blank">��510�� ���׻���</a>
			  </div><div class="col-md-6 item">
				<a href="/book/p14387/3918168.html" title="��511�� �ݶ��ı�Ӱ" target="_blank">��511�� �ݶ��ı�Ӱ</a>
			  </div><div class="col-md-6 item">
				<a href="/book/p14387/3918169.html" title="��512�� �Ʒ�" target="_blank">��512�� �Ʒ�</a>
			  </div><div class="col-md-6 item">
				<a href="/book/p14387/3918170.html" title="��513�� ���ĺ�Ժ" target="_blank">��513�� ���ĺ�Ժ</a>
			  </div><div class="col-md-6 item">
				<a href="/book/p14387/3918171.html" title="��514�� ��Ϥ������" target="_blank">��514�� ��Ϥ������</a>
			  </div><div class="col-md-6 item">
				<a href="/book/p14387/3918172.html" title="��515�� ����Ժ" target="_blank">��515�� ����Ժ</a>
			  </div><div class="col-md-6 item">
				<a href="/book/p14387/3918173.html" title="��516�� ���׻����ھ���" target="_blank">��516�� ���׻����ھ���</a>
			  </div><div class="col-md-6 item">
				<a href="/book/p14387/3918174.html" title="��517�� �Ҵ�" target="_blank">��517�� �Ҵ�</a>
			  </div><div class="col-md-6 item">
				<a href="/book/p14387/3918175.html" title="��518�� ��Ů�ط�" target="_blank">��518�� ��Ů�ط�</a>
			  </div><div class="col-md-6 item">
				<a href="/book/p14387/3918176.html" title="��519�� ���ˮ���쳣" target="_blank">��519�� ���ˮ���쳣</a>
			  </div><div class="col-md-6 item">
				<a href="/book/p14387/3918177.html" title="��520�� ���İ���" target="_blank">��520�� ���İ���</a>
			  </div><div class="col-md-6 item">
				<a href="/book/p14387/3918178.html" title="��521�� ��һλ����" target="_blank">��521�� ��һλ����</a>
			  </div><div class="col-md-6 item">
				<a href="/book/p14387/3918179.html" title="��522�� ������" target="_blank">��522�� ������</a>
			  </div><div class="col-md-6 item">
				<a href="/book/p14387/3918180.html" title="��523�� ��û��ҵ��" target="_blank">��523�� ��û��ҵ��</a>
			  </div><div class="col-md-6 item">
				<a href="/book/p14387/3918181.html" title="��524�� ����������" target="_blank">��524�� ����������</a>
			  </div><div class="col-md-6 item">
				<a href="/book/p14387/3918182.html" title="��525�� ��ľ" target="_blank">��525�� ��ľ</a>
			  </div><div class="col-md-6 item">
				<a href="/book/p14387/3918183.html" title="��526�� ���ǿ���" target="_blank">��526�� ���ǿ���</a>
			  </div><div class="col-md-6 item">
				<a href="/book/p14387/3918184.html" title="��527�� ��֮��" target="_blank">��527�� ��֮��</a>
			  </div><div class="col-md-6 item">
				<a href="/book/p14387/3918185.html" title="��528�� ������" target="_blank">��528�� ������</a>
			  </div><div class="col-md-6 item">
				<a href="/book/p14387/3918186.html" title="��529�� �������Ȩ��" target="_blank">��529�� �������Ȩ��</a>
			  </div><div class="col-md-6 item">
				<a href="/book/p14387/3918187.html" title="��530�� ��ɱ" target="_blank">��530�� ��ɱ</a>
			  </div><div class="col-md-6 item">
				<a href="/book/p14387/3918188.html" title="��531�� ʱ�䲻����" target="_blank">��531�� ʱ�䲻����</a>
			  </div><div class="col-md-6 item">
				<a href="/book/p14387/3918189.html" title="��532�� ������" target="_blank">��532�� ������</a>
			  </div><div class="col-md-6 item">
				<a href="/book/p14387/3918190.html" title="��533�� ������" target="_blank">��533�� ������</a>
			  </div><div class="col-md-6 item">
				<a href="/book/p14387/3918191.html" title="��534�� ���ҵ�Ŀ��" target="_blank">��534�� ���ҵ�Ŀ��</a>
			  </div><div class="col-md-6 item">
				<a href="/book/p14387/3918192.html" title="��535�� ǿ���������" target="_blank">��535�� ǿ���������</a>
			  </div><div class="col-md-6 item">
				<a href="/book/p14387/3918193.html" title="��536�� ��������" target="_blank">��536�� ��������</a>
			  </div><div class="col-md-6 item">
				<a href="/book/p14387/3918194.html" title="��537�� ��������" target="_blank">��537�� ��������</a>
			  </div><div class="col-md-6 item">
				<a href="/book/p14387/3918195.html" title="��538�� �������" target="_blank">��538�� �������</a>
			  </div><div class="col-md-6 item">
				<a href="/book/p14387/3918196.html" title="��539�� �̽ܵ�����" target="_blank">��539�� �̽ܵ�����</a>
			  </div><div class="col-md-6 item">
				<a href="/book/p14387/3918197.html" title="��540�� ��ʯ" target="_blank">��540�� ��ʯ</a>
			  </div><div class="col-md-6 item">
				<a href="/book/p14387/3918198.html" title="��541�� ��ɫ����" target="_blank">��541�� ��ɫ����</a>
			  </div><div class="col-md-6 item">
				<a href="/book/p14387/3918199.html" title="��542�� �ߺ�����" target="_blank">��542�� �ߺ�����</a>
			  </div><div class="col-md-6 item">
				<a href="/book/p14387/3918200.html" title="��543�� ��ʯ���" target="_blank">��543�� ��ʯ���</a>
			  </div><div class="col-md-6 item">
				<a href="/book/p14387/3918201.html" title="��544�� һ��ҪС��" target="_blank">��544�� һ��ҪС��</a>
			  </div><div class="col-md-6 item">
				<a href="/book/p14387/3918202.html" title="��545�� �������" target="_blank">��545�� �������</a>
			  </div><div class="col-md-6 item">
				<a href="/book/p14387/3918203.html" title="��546�� �赶ɱ��" target="_blank">��546�� �赶ɱ��</a>
			  </div><div class="col-md-6 item">
				<a href="/book/p14387/3918204.html" title="��547�� �ߺ������" target="_blank">��547�� �ߺ������</a>
			  </div><div class="col-md-6 item">
				<a href="/book/p14387/3918205.html" title="��548�� ��ʯ" target="_blank">��548�� ��ʯ</a>
			  </div><div class="col-md-6 item">
				<a href="/book/p14387/3918206.html" title="��549�� ͨ�籨�ţ�" target="_blank">��549�� ͨ�籨�ţ�</a>
			  </div><div class="col-md-6 item">
				<a href="/book/p14387/3918207.html" title="��550�� ����" target="_blank">��550�� ����</a>
			  </div><div class="col-md-6 item">
				<a href="/book/p14387/3918208.html" title="��551�� ���ʯͷ�أ�" target="_blank">��551�� ���ʯͷ�أ�</a>
			  </div><div class="col-md-6 item">
				<a href="/book/p14387/3918209.html" title="��552�� ���⣿" target="_blank">��552�� ���⣿</a>
			  </div><div class="col-md-6 item">
				<a href="/book/p14387/3918210.html" title="��553�� �����ı���" target="_blank">��553�� �����ı���</a>
			  </div><div class="col-md-6 item">
				<a href="/book/p14387/3918211.html" title="��554�� ��������" target="_blank">��554�� ��������</a>
			  </div><div class="col-md-6 item">
				<a href="/book/p14387/3918212.html" title="��555�� ��ʶ����" target="_blank">��555�� ��ʶ����</a>
			  </div><div class="col-md-6 item">
				<a href="/book/p14387/3918213.html" title="��556�� ���㲡��Ҫ����" target="_blank">��556�� ���㲡��Ҫ����</a>
			  </div><div class="col-md-6 item">
				<a href="/book/p14387/3918214.html" title="��557�� ���ξ�" target="_blank">��557�� ���ξ�</a>
			  </div><div class="col-md-6 item">
				<a href="/book/p14387/3918215.html" title="��558�� ȭ�����" target="_blank">��558�� ȭ�����</a>
			  </div><div class="col-md-6 item">
				<a href="/book/p14387/3918216.html" title="��559�� ��������" target="_blank">��559�� ��������</a>
			  </div><div class="col-md-6 item">
				<a href="/book/p14387/3918217.html" title="��560�� ���壡" target="_blank">��560�� ���壡</a>
			  </div><div class="col-md-6 item">
				<a href="/book/p14387/3918218.html" title="��561�� �ɽ��Դ����ɲ����" target="_blank">��561�� �ɽ��Դ����ɲ����</a>
			  </div><div class="col-md-6 item">
				<a href="/book/p14387/3918219.html" title="��562�� ��ȭ" target="_blank">��562�� ��ȭ</a>
			  </div><div class="col-md-6 item">
				<a href="/book/p14387/3918220.html" title="��563�� ����" target="_blank">��563�� ����</a>
			  </div><div class="col-md-6 item">
				<a href="/book/p14387/3918221.html" title="��564�� ��������" target="_blank">��564�� ��������</a>
			  </div><div class="col-md-6 item">
				<a href="/book/p14387/3918222.html" title="��565�� �ڶ��ε���" target="_blank">��565�� �ڶ��ε���</a>
			  </div><div class="col-md-6 item">
				<a href="/book/p14387/3918223.html" title="��566�� ��������Ϣ" target="_blank">��566�� ��������Ϣ</a>
			  </div><div class="col-md-6 item">
				<a href="/book/p14387/3918224.html" title="��567�� ǧ��һ��" target="_blank">��567�� ǧ��һ��</a>
			  </div><div class="col-md-6 item">
				<a href="/book/p14387/3918225.html" title="��568�� ��ս" target="_blank">��568�� ��ս</a>
			  </div><div class="col-md-6 item">
				<a href="/book/p14387/3918226.html" title="��569�� ��Ȼ���㣡" target="_blank">��569�� ��Ȼ���㣡</a>
			  </div><div class="col-md-6 item">
				<a href="/book/p14387/3918227.html" title="��570�� �ؽ���ָ" target="_blank">��570�� �ؽ���ָ</a>
			  </div><div class="col-md-6 item">
				<a href="/book/p14387/3918228.html" title="��571�� ��������" target="_blank">��571�� ��������</a>
			  </div><div class="col-md-6 item">
				<a href="/book/p14387/3918229.html" title="��572�� �ɽ��Դ��ԡ��������" target="_blank">��572�� �ɽ��Դ��ԡ��������</a>
			  </div><div class="col-md-6 item">
				<a href="/book/p14387/3918230.html" title="��573�� ����" target="_blank">��573�� ����</a>
			  </div><div class="col-md-6 item">
				<a href="/book/p14387/3918231.html" title="��574�� ����" target="_blank">��574�� ����</a>
			  </div><div class="col-md-6 item">
				<a href="/book/p14387/3918232.html" title="��575�� ��Ӥ" target="_blank">��575�� ��Ӥ</a>
			  </div><div class="col-md-6 item">
				<a href="/book/p14387/3918233.html" title="��576�� �����Ĺ��" target="_blank">��576�� �����Ĺ��</a>
			  </div><div class="col-md-6 item">
				<a href="/book/p14387/3918234.html" title="��577�� Ȱ˵����" target="_blank">��577�� Ȱ˵����</a>
			  </div><div class="col-md-6 item">
				<a href="/book/p14387/3918235.html" title="��578�� �ҳ��ѱ�" target="_blank">��578�� �ҳ��ѱ�</a>
			  </div><div class="col-md-6 item">
				<a href="/book/p14387/3918236.html" title="��579�� �������ֵ�" target="_blank">��579�� �������ֵ�</a>
			  </div><div class="col-md-6 item">
				<a href="/book/p14387/3918237.html" title="��580�� ������ʶ" target="_blank">��580�� ������ʶ</a>
			  </div><div class="col-md-6 item">
				<a href="/book/p14387/3918238.html" title="��581�� ��������" target="_blank">��581�� ��������</a>
			  </div><div class="col-md-6 item">
				<a href="/book/p14387/3918239.html" title="��582�� ��������" target="_blank">��582�� ��������</a>
			  </div><div class="col-md-6 item">
				<a href="/book/p14387/3918240.html" title="��583�� ����ʵ�ʵ�����" target="_blank">��583�� ����ʵ�ʵ�����</a>
			  </div><div class="col-md-6 item">
				<a href="/book/p14387/3918241.html" title="��584�� ׷ɱ" target="_blank">��584�� ׷ɱ</a>
			  </div><div class="col-md-6 item">
				<a href="/book/p14387/3918242.html" title="��585�� ���ڵ�" target="_blank">��585�� ���ڵ�</a>
			  </div><div class="col-md-6 item">
				<a href="/book/p14387/3918243.html" title="��586�� ���ö���" target="_blank">��586�� ���ö���</a>
			  </div><div class="col-md-6 item">
				<a href="/book/p14387/3918244.html" title="��587�� ����" target="_blank">��587�� ����</a>
			  </div><div class="col-md-6 item">
				<a href="/book/p14387/3918245.html" title="��588�� �ǳ�����" target="_blank">��588�� �ǳ�����</a>
			  </div><div class="col-md-6 item">
				<a href="/book/p14387/3918246.html" title="��589�� ���������" target="_blank">��589�� ���������</a>
			  </div><div class="col-md-6 item">
				<a href="/book/p14387/3918247.html" title="��590�� ����ϵ���Ϲ�����" target="_blank">��590�� ����ϵ���Ϲ�����</a>
			  </div><div class="col-md-6 item">
				<a href="/book/p14387/3918248.html" title="��591�� Ѫ������" target="_blank">��591�� Ѫ������</a>
			  </div><div class="col-md-6 item">
				<a href="/book/p14387/3918249.html" title="��592�� ��٣�" target="_blank">��592�� ��٣�</a>
			  </div><div class="col-md-6 item">
				<a href="/book/p14387/3918250.html" title="��593�� �ҽ�" target="_blank">��593�� �ҽ�</a>
			  </div><div class="col-md-6 item">
				<a href="/book/p14387/3918251.html" title="��594�� �ǳ�����Ϊ" target="_blank">��594�� �ǳ�����Ϊ</a>
			  </div><div class="col-md-6 item">
				<a href="/book/p14387/3918252.html" title="��595�� ��Ѫ����" target="_blank">��595�� ��Ѫ����</a>
			  </div><div class="col-md-6 item">
				<a href="/book/p14387/3918253.html" title="��596�� �޳ܵĲ���" target="_blank">��596�� �޳ܵĲ���</a>
			  </div><div class="col-md-6 item">
				<a href="/book/p14387/3918254.html" title="��597�� �������������" target="_blank">��597�� �������������</a>
			  </div><div class="col-md-6 item">
				<a href="/book/p14387/3918255.html" title="��598�� ����" target="_blank">��598�� ����</a>
			  </div><div class="col-md-6 item">
				<a href="/book/p14387/3918256.html" title="��599�� �������ӵĳ���" target="_blank">��599�� �������ӵĳ���</a>
			  </div><div class="col-md-6 item">
				<a href="/book/p14387/3918257.html" title="��600�� �ݻƵ�ҩ԰" target="_blank">��600�� �ݻƵ�ҩ԰</a>
			  </div><div class="col-md-6 item">
				<a href="/book/p14387/3918258.html" title="��601�� ��������" target="_blank">��601�� ��������</a>
			  </div><div class="col-md-6 item">
				<a href="/book/p14387/3918259.html" title="��602�� Ĭ������ı" target="_blank">��602�� Ĭ������ı</a>
			  </div><div class="col-md-6 item">
				<a href="/book/p14387/3918260.html" title="��603�� �ε���ȫ��" target="_blank">��603�� �ε���ȫ��</a>
			  </div><div class="col-md-6 item">
				<a href="/book/p14387/3918261.html" title="��604�� ��ʮ��" target="_blank">��604�� ��ʮ��</a>
			  </div><div class="col-md-6 item">
				<a href="/book/p14387/3918262.html" title="��605�� ���ѵĶ�ֲ��" target="_blank">��605�� ���ѵĶ�ֲ��</a>
			  </div><div class="col-md-6 item">
				<a href="/book/p14387/3918263.html" title="��606�� ��Ӱ����" target="_blank">��606�� ��Ӱ����</a>
			  </div><div class="col-md-6 item">
				<a href="/book/p14387/3918264.html" title="��607�� �����������" target="_blank">��607�� �����������</a>
			  </div><div class="col-md-6 item">
				<a href="/book/p14387/3918265.html" title="��608�� һ������" target="_blank">��608�� һ������</a>
			  </div><div class="col-md-6 item">
				<a href="/book/p14387/3918266.html" title="��609�� ����" target="_blank">��609�� ����</a>
			  </div><div class="col-md-6 item">
				<a href="/book/p14387/3918267.html" title="��610�� ����α�켶" target="_blank">��610�� ����α�켶</a>
			  </div><div class="col-md-6 item">
				<a href="/book/p14387/3918268.html" title="��611�� �칷֮��" target="_blank">��611�� �칷֮��</a>
			  </div><div class="col-md-6 item">
				<a href="/book/p14387/3918269.html" title="��612�� ǿ��Ĵ���" target="_blank">��612�� ǿ��Ĵ���</a>
			  </div><div class="col-md-6 item">
				<a href="/book/p14387/3918270.html" title="��613�� ����������" target="_blank">��613�� ����������</a>
			  </div><div class="col-md-6 item">
				<a href="/book/p14387/3918271.html" title="��614�� ��ŭ�ļ��" target="_blank">��614�� ��ŭ�ļ��</a>
			  </div><div class="col-md-6 item">
				<a href="/book/p14387/3918272.html" title="��615�� ץȡ��ʷ��ͶӰ" target="_blank">��615�� ץȡ��ʷ��ͶӰ</a>
			  </div><div class="col-md-6 item">
				<a href="/book/p14387/3918273.html" title="��616�� ���" target="_blank">��616�� ���</a>
			  </div><div class="col-md-6 item">
				<a href="/book/p14387/3918274.html" title="��617�� ��Ӱ��" target="_blank">��617�� ��Ӱ��</a>
			  </div><div class="col-md-6 item">
				<a href="/book/p14387/3918275.html" title="��618�� ��������" target="_blank">��618�� ��������</a>
			  </div><div class="col-md-6 item">
				<a href="/book/p14387/3918276.html" title="��619�� ��Ӱ��" target="_blank">��619�� ��Ӱ��</a>
			  </div><div class="col-md-6 item">
				<a href="/book/p14387/3918277.html" title="��620�� ����֮��" target="_blank">��620�� ����֮��</a>
			  </div><div class="col-md-6 item">
				<a href="/book/p14387/3918278.html" title="��621�� ʧ��" target="_blank">��621�� ʧ��</a>
			  </div><div class="col-md-6 item">
				<a href="/book/p14387/3918279.html" title="��622�� ��Ů��Ϸͼ" target="_blank">��622�� ��Ů��Ϸͼ</a>
			  </div><div class="col-md-6 item">
				<a href="/book/p14387/3918280.html" title="��623�� һ���쳣" target="_blank">��623�� һ���쳣</a>
			  </div><div class="col-md-6 item">
				<a href="/book/p14387/3918281.html" title="��624�� �Ľ�" target="_blank">��624�� �Ľ�</a>
			  </div><div class="col-md-6 item">
				<a href="/book/p14387/3918282.html" title="��625�� ɱ��" target="_blank">��625�� ɱ��</a>
			  </div><div class="col-md-6 item">
				<a href="/book/p14387/3918283.html" title="��626�� �Ļ�" target="_blank">��626�� �Ļ�</a>
			  </div><div class="col-md-6 item">
				<a href="/book/p14387/3918284.html" title="��627�� ����" target="_blank">��627�� ����</a>
			  </div><div class="col-md-6 item">
				<a href="/book/p14387/3918285.html" title="��628�� ������" target="_blank">��628�� ������</a>
			  </div><div class="col-md-6 item">
				<a href="/book/p14387/3918286.html" title="��629�� �������" target="_blank">��629�� �������</a>
			  </div><div class="col-md-6 item">
				<a href="/book/p14387/3918287.html" title="��630�� �״������" target="_blank">��630�� �״������</a>
			  </div><div class="col-md-6 item">
				<a href="/book/p14387/3918288.html" title="��631�� ����" target="_blank">��631�� ����</a>
			  </div><div class="col-md-6 item">
				<a href="/book/p14387/3918289.html" title="��632�� ��������" target="_blank">��632�� ��������</a>
			  </div><div class="col-md-6 item">
				<a href="/book/p14387/3918290.html" title="��633�� ��������" target="_blank">��633�� ��������</a>
			  </div><div class="col-md-6 item">
				<a href="/book/p14387/3918291.html" title="��634�� �������Ա�" target="_blank">��634�� �������Ա�</a>
			  </div><div class="col-md-6 item">
				<a href="/book/p14387/3918292.html" title="��635�� ���񱳺��ǿ��" target="_blank">��635�� ���񱳺��ǿ��</a>
			  </div><div class="col-md-6 item">
				<a href="/book/p14387/3918293.html" title="��636�� ��ʾ" target="_blank">��636�� ��ʾ</a>
			  </div><div class="col-md-6 item">
				<a href="/book/p14387/3918294.html" title="��637�� ���۵���ȳ" target="_blank">��637�� ���۵���ȳ</a>
			  </div><div class="col-md-6 item">
				<a href="/book/p14387/3918295.html" title="��638�� �Ƽҵ��ֶ�" target="_blank">��638�� �Ƽҵ��ֶ�</a>
			  </div><div class="col-md-6 item">
				<a href="/book/p14387/3918296.html" title="��639�� ��������" target="_blank">��639�� ��������</a>
			  </div><div class="col-md-6 item">
				<a href="/book/p14387/3918297.html" title="��640�� ��ʷ��ǰ" target="_blank">��640�� ��ʷ��ǰ</a>
			  </div><div class="col-md-6 item">
				<a href="/book/p14387/3918298.html" title="��641�� �������" target="_blank">��641�� �������</a>
			  </div><div class="col-md-6 item">
				<a href="/book/p14387/3918299.html" title="��642�� ʧ�ٵ���" target="_blank">��642�� ʧ�ٵ���</a>
			  </div><div class="col-md-6 item">
				<a href="/book/p14387/3918300.html" title="��643�� �����ʬ" target="_blank">��643�� �����ʬ</a>
			  </div><div class="col-md-6 item">
				<a href="/book/p14387/3918301.html" title="��644�� �ӻ��׹Ǿ�" target="_blank">��644�� �ӻ��׹Ǿ�</a>
			  </div><div class="col-md-6 item">
				<a href="/book/p14387/3918302.html" title="��645�� ���ȳ��" target="_blank">��645�� ���ȳ��</a>
			  </div><div class="col-md-6 item">
				<a href="/book/p14387/3918303.html" title="��646�� һ���ļ�" target="_blank">��646�� һ���ļ�</a>
			  </div><div class="col-md-6 item">
				<a href="/book/p14387/3918304.html" title="��647�� ɳĮ������" target="_blank">��647�� ɳĮ������</a>
			  </div><div class="col-md-6 item">
				<a href="/book/p14387/3918305.html" title="��648�� ��˧Ӫ" target="_blank">��648�� ��˧Ӫ</a>
			  </div><div class="col-md-6 item">
				<a href="/book/p14387/3918306.html" title="��649�� ��ʮ��������" target="_blank">��649�� ��ʮ��������</a>
			  </div><div class="col-md-6 item">
				<a href="/book/p14387/3918307.html" title="��650�� �׹�֮��" target="_blank">��650�� �׹�֮��</a>
			  </div><div class="col-md-6 item">
				<a href="/book/p14387/3918308.html" title="��651�� ���ǵĸ���" target="_blank">��651�� ���ǵĸ���</a>
			  </div><div class="col-md-6 item">
				<a href="/book/p14387/3918309.html" title="��652�� ������" target="_blank">��652�� ������</a>
			  </div><div class="col-md-6 item">
				<a href="/book/p14387/3918310.html" title="��653�� Լ��" target="_blank">��653�� Լ��</a>
			  </div><div class="col-md-6 item">
				<a href="/book/p14387/3918311.html" title="��654�� ʱ������" target="_blank">��654�� ʱ������</a>
			  </div><div class="col-md-6 item">
				<a href="/book/p14387/3918312.html" title="��655�� ��ظүү" target="_blank">��655�� ��ظүү</a>
			  </div><div class="col-md-6 item">
				<a href="/book/p14387/3918313.html" title="��656�� һ֧��" target="_blank">��656�� һ֧��</a>
			  </div><div class="col-md-6 item">
				<a href="/book/p14387/3918314.html" title="��657�� ����֮��" target="_blank">��657�� ����֮��</a>
			  </div><div class="col-md-6 item">
				<a href="/book/p14387/3918315.html" title="��658�� �׻�ľ" target="_blank">��658�� �׻�ľ</a>
			  </div><div class="col-md-6 item">
				<a href="/book/p14387/3918316.html" title="��659�� ����" target="_blank">��659�� ����</a>
			  </div><div class="col-md-6 item">
				<a href="/book/p14387/3918317.html" title="��660�� ɨ���ƻ�" target="_blank">��660�� ɨ���ƻ�</a>
			  </div><div class="col-md-6 item">
				<a href="/book/p14387/3918318.html" title="��661�� ���Ի�" target="_blank">��661�� ���Ի�</a>
			  </div><div class="col-md-6 item">
				<a href="/book/p14387/3918319.html" title="��662�� ��������" target="_blank">��662�� ��������</a>
			  </div><div class="col-md-6 item">
				<a href="/book/p14387/3918320.html" title="��663�� ץ��" target="_blank">��663�� ץ��</a>
			  </div><div class="col-md-6 item">
				<a href="/book/p14387/3918321.html" title="��664�� �ư��ϰ����С��" target="_blank">��664�� �ư��ϰ����С��</a>
			  </div><div class="col-md-6 item">
				<a href="/book/p14387/3918322.html" title="��665�� ĸ����" target="_blank">��665�� ĸ����</a>
			  </div><div class="col-md-6 item">
				<a href="/book/p14387/3918323.html" title="��666�� ħ��" target="_blank">��666�� ħ��</a>
			  </div><div class="col-md-6 item">
				<a href="/book/p14387/3918324.html" title="��667�� ����" target="_blank">��667�� ����</a>
			  </div><div class="col-md-6 item">
				<a href="/book/p14387/3918325.html" title="��668�� Ǯ�ܽ������" target="_blank">��668�� Ǯ�ܽ������</a>
			  </div><div class="col-md-6 item">
				<a href="/book/p14387/3918326.html" title="��669�� �ȷ�����" target="_blank">��669�� �ȷ�����</a>
			  </div><div class="col-md-6 item">
				<a href="/book/p14387/3918327.html" title="��670�� ѡ��" target="_blank">��670�� ѡ��</a>
			  </div><div class="col-md-6 item">
				<a href="/book/p14387/3918328.html" title="��671�� �Ȼ��ǲ���" target="_blank">��671�� �Ȼ��ǲ���</a>
			  </div><div class="col-md-6 item">
				<a href="/book/p14387/3918329.html" title="��672�� �ư�����" target="_blank">��672�� �ư�����</a>
			  </div><div class="col-md-6 item">
				<a href="/book/p14387/3918330.html" title="��673�� �Ϲ�Ԣ" target="_blank">��673�� �Ϲ�Ԣ</a>
			  </div><div class="col-md-6 item">
				<a href="/book/p14387/3918331.html" title="��674�� ׹¥СŮ��" target="_blank">��674�� ׹¥СŮ��</a>
			  </div><div class="col-md-6 item">
				<a href="/book/p14387/3918332.html" title="��675�� ����̯" target="_blank">��675�� ����̯</a>
			  </div><div class="col-md-6 item">
				<a href="/book/p14387/3918333.html" title="��676�� ������" target="_blank">��676�� ������</a>
			  </div><div class="col-md-6 item">
				<a href="/book/p14387/3918334.html" title="��677�� ����似" target="_blank">��677�� ����似</a>
			  </div><div class="col-md-6 item">
				<a href="/book/p14387/3918335.html" title="��678�� ����" target="_blank">��678�� ����</a>
			  </div><div class="col-md-6 item">
				<a href="/book/p14387/3918336.html" title="��679�� ���Ұ��" target="_blank">��679�� ���Ұ��</a>
			  </div><div class="col-md-6 item">
				<a href="/book/p14387/3918337.html" title="��680�� �������" target="_blank">��680�� �������</a>
			  </div><div class="col-md-6 item">
				<a href="/book/p14387/3918338.html" title="��681�� ��;ͬ��" target="_blank">��681�� ��;ͬ��</a>
			  </div><div class="col-md-6 item">
				<a href="/book/p14387/3918339.html" title="��682�� �¾ɽ���" target="_blank">��682�� �¾ɽ���</a>
			  </div><div class="col-md-6 item">
				<a href="/book/p14387/3918340.html" title="��683�� ������" target="_blank">��683�� ������</a>
			  </div><div class="col-md-6 item">
				<a href="/book/p14387/3918341.html" title="��684�� ��ս" target="_blank">��684�� ��ս</a>
			  </div><div class="col-md-6 item">
				<a href="/book/p14387/3918342.html" title="��685�� ���ֹ���" target="_blank">��685�� ���ֹ���</a>
			  </div><div class="col-md-6 item">
				<a href="/book/p14387/3918343.html" title="��686�� ��������" target="_blank">��686�� ��������</a>
			  </div><div class="col-md-6 item">
				<a href="/book/p14387/3918344.html" title="��687�� ͻ�Ʒ���" target="_blank">��687�� ͻ�Ʒ���</a>
			  </div><div class="col-md-6 item">
				<a href="/book/p14387/3918345.html" title="��688�� һ�پƵ���" target="_blank">��688�� һ�پƵ���</a>
			  </div><div class="col-md-6 item">
				<a href="/book/p14387/3918346.html" title="��689�� ��Ť����" target="_blank">��689�� ��Ť����</a>
			  </div><div class="col-md-6 item">
				<a href="/book/p14387/3918347.html" title="��690�� 𤻬Һ��" target="_blank">��690�� 𤻬Һ��</a>
			  </div><div class="col-md-6 item">
				<a href="/book/p14387/3918348.html" title="��691�� �ɵ�" target="_blank">��691�� �ɵ�</a>
			  </div><div class="col-md-6 item">
				<a href="/book/p14387/3918349.html" title="��692�� ����" target="_blank">��692�� ����</a>
			  </div><div class="col-md-6 item">
				<a href="/book/p14387/3918350.html" title="��693�� �������" target="_blank">��693�� �������</a>
			  </div><div class="col-md-6 item">
				<a href="/book/p14387/3918351.html" title="��694�� �����" target="_blank">��694�� �����</a>
			  </div><div class="col-md-6 item">
				<a href="/book/p14387/3918352.html" title="��695�� ��������" target="_blank">��695�� ��������</a>
			  </div><div class="col-md-6 item">
				<a href="/book/p14387/3918353.html" title="��696�� �滻" target="_blank">��696�� �滻</a>
			  </div><div class="col-md-6 item">
				<a href="/book/p14387/3918354.html" title="��697�� ը��" target="_blank">��697�� ը��</a>
			  </div><div class="col-md-6 item">
				<a href="/book/p14387/3918355.html" title="��698�� ����" target="_blank">��698�� ����</a>
			  </div><div class="col-md-6 item">
				<a href="/book/p14387/3918356.html" title="��699�� ���н���" target="_blank">��699�� ���н���</a>
			  </div><div class="col-md-6 item">
				<a href="/book/p14387/3918357.html" title="��700�� ��ɱ" target="_blank">��700�� ��ɱ</a>
			  </div><div class="col-md-6 item">
				<a href="/book/p14387/3918358.html" title="��701�� ����" target="_blank">��701�� ����</a>
			  </div><div class="col-md-6 item">
				<a href="/book/p14387/3918359.html" title="��702�� ����" target="_blank">��702�� ����</a>
			  </div><div class="col-md-6 item">
				<a href="/book/p14387/3918360.html" title="��703�� �¹�ɱ����" target="_blank">��703�� �¹�ɱ����</a>
			  </div><div class="col-md-6 item">
				<a href="/book/p14387/3918361.html" title="��704�� �ָ�ľ���" target="_blank">��704�� �ָ�ľ���</a>
			  </div><div class="col-md-6 item">
				<a href="/book/p14387/3918362.html" title="��705�� ���ⴥ��" target="_blank">��705�� ���ⴥ��</a>
			  </div><div class="col-md-6 item">
				<a href="/book/p14387/3918363.html" title="��706�� ������" target="_blank">��706�� ������</a>
			  </div><div class="col-md-6 item">
				<a href="/book/p14387/3918364.html" title="��707�� ������Ƭ" target="_blank">��707�� ������Ƭ</a>
			  </div><div class="col-md-6 item">
				<a href="/book/p14387/3918365.html" title="��708�� ����ʱ��" target="_blank">��708�� ����ʱ��</a>
			  </div><div class="col-md-6 item">
				<a href="/book/p14387/3918366.html" title="��709�� �û�ƻ�" target="_blank">��709�� �û�ƻ�</a>
			  </div><div class="col-md-6 item">
				<a href="/book/p14387/3918367.html" title="��710�� �׼�����ծ" target="_blank">��710�� �׼�����ծ</a>
			  </div><div class="col-md-6 item">
				<a href="/book/p14387/3918368.html" title="��711�� ����" target="_blank">��711�� ����</a>
			  </div><div class="col-md-6 item">
				<a href="/book/p14387/3918369.html" title="��712�� ���������" target="_blank">��712�� ���������</a>
			  </div><div class="col-md-6 item">
				<a href="/book/p14387/3918370.html" title="��713�� ������" target="_blank">��713�� ������</a>
			  </div><div class="col-md-6 item">
				<a href="/book/p14387/3918371.html" title="��714�� ����" target="_blank">��714�� ����</a>
			  </div><div class="col-md-6 item">
				<a href="/book/p14387/3918372.html" title="��715�� �ټ�����" target="_blank">��715�� �ټ�����</a>
			  </div><div class="col-md-6 item">
				<a href="/book/p14387/3918373.html" title="��716�� ���˵�����" target="_blank">��716�� ���˵�����</a>
			  </div><div class="col-md-6 item">
				<a href="/book/p14387/3918374.html" title="��717�� ��Ի" target="_blank">��717�� ��Ի</a>
			  </div><div class="col-md-6 item">
				<a href="/book/p14387/3918375.html" title="��718�� ��ʳ" target="_blank">��718�� ��ʳ</a>
			  </div><div class="col-md-6 item">
				<a href="/book/p14387/3918376.html" title="��719�� ��һ����" target="_blank">��719�� ��һ����</a>
			  </div><div class="col-md-6 item">
				<a href="/book/p14387/3918377.html" title="��720�� ����" target="_blank">��720�� ����</a>
			  </div><div class="col-md-6 item">
				<a href="/book/p14387/3918378.html" title="��721�� α�켶ħ��" target="_blank">��721�� α�켶ħ��</a>
			  </div><div class="col-md-6 item">
				<a href="/book/p14387/3918379.html" title="��722�� ��������" target="_blank">��722�� ��������</a>
			  </div><div class="col-md-6 item">
				<a href="/book/p14387/3918380.html" title="��723�� ����" target="_blank">��723�� ����</a>
			  </div><div class="col-md-6 item">
				<a href="/book/p14387/3918381.html" title="��724�� �����ǻ�" target="_blank">��724�� �����ǻ�</a>
			  </div><div class="col-md-6 item">
				<a href="/book/p14387/3918382.html" title="��725�� ����" target="_blank">��725�� ����</a>
			  </div><div class="col-md-6 item">
				<a href="/book/p14387/3918383.html" title="��726�� �˰����Ӽ�" target="_blank">��726�� �˰����Ӽ�</a>
			  </div><div class="col-md-6 item">
				<a href="/book/p14387/3918384.html" title="��727�� �����" target="_blank">��727�� �����</a>
			  </div><div class="col-md-6 item">
				<a href="/book/p14387/3918385.html" title="��728�� ��Թ��ͷ��" target="_blank">��728�� ��Թ��ͷ��</a>
			  </div><div class="col-md-6 item">
				<a href="/book/p14387/3918386.html" title="��729�� �д������" target="_blank">��729�� �д������</a>
			  </div><div class="col-md-6 item">
				<a href="/book/p14387/3918387.html" title="��730�� ����̨����ͷ" target="_blank">��730�� ����̨����ͷ</a>
			  </div><div class="col-md-6 item">
				<a href="/book/p14387/3918388.html" title="��731�� �������" target="_blank">��731�� �������</a>
			  </div><div class="col-md-6 item">
				<a href="/book/p14387/3918389.html" title="��732�� ���⻯��" target="_blank">��732�� ���⻯��</a>
			  </div><div class="col-md-6 item">
				<a href="/book/p14387/3918390.html" title="��733�� �ֻ�Ԥ��" target="_blank">��733�� �ֻ�Ԥ��</a>
			  </div><div class="col-md-6 item">
				<a href="/book/p14387/3918391.html" title="��734�� ѡ�ι���" target="_blank">��734�� ѡ�ι���</a>
			  </div><div class="col-md-6 item">
				<a href="/book/p14387/3918392.html" title="��735�� ����" target="_blank">��735�� ����</a>
			  </div><div class="col-md-6 item">
				<a href="/book/p14387/3918393.html" title="��736�� �������" target="_blank">��736�� �������</a>
			  </div><div class="col-md-6 item">
				<a href="/book/p14387/3918394.html" title="��737�� ����" target="_blank">��737�� ����</a>
			  </div><div class="col-md-6 item">
				<a href="/book/p14387/3918395.html" title="��738�� �Ӽ�Χ��" target="_blank">��738�� �Ӽ�Χ��</a>
			  </div><div class="col-md-6 item">
				<a href="/book/p14387/3918396.html" title="��739�� ���ﱻץ" target="_blank">��739�� ���ﱻץ</a>
			  </div><div class="col-md-6 item">
				<a href="/book/p14387/3918397.html" title="��740�� ����" target="_blank">��740�� ����</a>
			  </div><div class="col-md-6 item">
				<a href="/book/p14387/3918398.html" title="��741�� ����" target="_blank">��741�� ����</a>
			  </div><div class="col-md-6 item">
				<a href="/book/p14387/3918399.html" title="��742�� Ǳ��" target="_blank">��742�� Ǳ��</a>
			  </div><div class="col-md-6 item">
				<a href="/book/p14387/3918400.html" title="��743�� Ŀ��" target="_blank">��743�� Ŀ��</a>
			  </div><div class="col-md-6 item">
				<a href="/book/p14387/3918401.html" title="��744�� ���˼ƻ�" target="_blank">��744�� ���˼ƻ�</a>
			  </div><div class="col-md-6 item">
				<a href="/book/p14387/3918402.html" title="��745�� ����" target="_blank">��745�� ����</a>
			  </div><div class="col-md-6 item">
				<a href="/book/p14387/3918403.html" title="��746�� սǰ����" target="_blank">��746�� սǰ����</a>
			  </div><div class="col-md-6 item">
				<a href="/book/p14387/3918404.html" title="��747�� ��ս��" target="_blank">��747�� ��ս��</a>
			  </div><div class="col-md-6 item">
				<a href="/book/p14387/3918405.html" title="��748�� ��ս" target="_blank">��748�� ��ս</a>
			  </div><div class="col-md-6 item">
				<a href="/book/p14387/3918406.html" title="��749�� ����" target="_blank">��749�� ����</a>
			  </div>
            </div>
          </div>
        </div>
      </div>
      <!-- All Chapterlist End -->
    </div>
	<!-- Chapter End -->
  </div>
  <!-- Left End -->
  <div class="col-right2">
	  <div class="panel panel-info hidden-xs hidden-sm t10">
        <div class="panel-heading">
          <h3 class="panel-title">�������</h3>
        </div>
        <div class="panel-body">
          <div class="row">
			<div class="col-md-12 item fix1px"><a class="float-left" href="/book/p14388/" target="_blank">���׼�¼</a><span class="dark float-right">��СQ</span></div><div class="col-md-12 item fix1px"><a class="float-left" href="/book/p14387/" target="_blank">�ƺ���ʬ��/�ƺ�����¼</a><span class="dark float-right">ϸ������</span></div><div class="col-md-12 item fix1px"><a class="float-left" href="/book/p14386/" target="_blank">��������</a><span class="dark float-right">ɽ��ʯ��</span></div><div class="col-md-12 item fix1px"><a class="float-left" href="/book/p14385/" target="_blank">���н�Թ��</a><span class="dark float-right">ɽҰ����</span></div><div class="col-md-12 item fix1px"><a class="float-left" href="/book/p14272/" target="_blank">����</a><span class="dark float-right">���</span></div><div class="col-md-12 item fix1px"><a class="float-left" href="/book/p14224/" target="_blank">ҹ���ߣ�ƽ����ʮ��</a><span class="dark float-right">����������</span></div><div class="col-md-12 item fix1px"><a class="float-left" href="/book/p14218/" target="_blank">��Ĺ�ʼ�����֮��������</a><span class="dark float-right">��������</span></div><div class="col-md-12 item fix1px"><a class="float-left" href="/book/p14213/" target="_blank">���񣺹�ˮ��̸</a><span class="dark float-right">���°Գ�</span></div><div class="col-md-12 item fix1px"><a class="float-left" href="/book/p14212/" target="_blank">����i֮������ʦ</a><span class="dark float-right">���°Գ�</span></div><div class="col-md-12 item fix1px"><a class="float-left" href="/book/p14200/" target="_blank">��췽������</a><span class="dark float-right">�~��Ñ��</span></div>
          </div>
        </div>
      </div>
	  <!--New Book End -->
	  <div class="panel panel-info">
          <div class="panel-heading"><h3 class="panel-title">����������Ʒ</h3></div>
          <div class="panel-body">
            <div class="row">
              
            </div>
          </div>
        </div>
      <div class="panel panel-info">
        <div class="panel-heading">
          <h3 class="panel-title"><strong>�����Ƽ�</strong></h3>
        </div>
        <div class="panel-body">
          <div class="row">
			<div class="col-md-12 t10">
              <div class="media"> <a class="media-left" href="/book/p9518/" target="_blank"> <img class="book-img-small" src="/uploads/cover/9518s.jpg" title="����Ϊ����У��������" alt="����Ϊ����У��������"/> </a>
                <div class="media-body">
                  <div class="media-title">
                    <h4><a href="/book/p9518/" target="_blank">����Ϊ����У��������</a></h4>
					<span class="dark">�Ļ�ƻ�</span>
                  </div>
                  <div class="media-info"> ŷ��ӹ�������������Ź£�һ��Ц�ù����޺��İ׷����꣬ͬʱ���õ���һ��</div>
                </div>
              </div>
            </div><div class="col-md-12 t10">
              <div class="media"> <a class="media-left" href="/book/p11731/" target="_blank"> <img class="book-img-small" src="/uploads/cover/11731s.jpg" title="���Զ����Ļ�����ħ" alt="���Զ����Ļ�����ħ"/> </a>
                <div class="media-body">
                  <div class="media-title">
                    <h4><a href="/book/p11731/" target="_blank">���Զ����Ļ�����ħ</a></h4>
					<span class="dark">ˮī����</span>
                  </div>
                  <div class="media-info"> ��������ƨ��õ��˵ڶ��������������ɢ����ŨŨ��ζ�ĳǱ�����������ԡ�</div>
                </div>
              </div>
            </div><div class="col-md-12 t10">
              <div class="media"> <a class="media-left" href="/book/p11901/" target="_blank"> <img class="book-img-small" src="/uploads/cover/11901s.jpg" title="������ֻ�ö���" alt="������ֻ�ö���"/> </a>
                <div class="media-body">
                  <div class="media-title">
                    <h4><a href="/book/p11901/" target="_blank">������ֻ�ö���</a></h4>
					<span class="dark">����ݿ</span>
                  </div>
                  <div class="media-info"> ɣ������ʱ��������ס����һ��İ����Ư��С��磬���ʱ��ɣ���޵ô�������</div>
                </div>
              </div>
            </div><div class="col-md-12 t10">
              <div class="media"> <a class="media-left" href="/book/p12937/" target="_blank"> <img class="book-img-small" src="/uploads/cover/12937s.jpg" title="����" alt="����"/> </a>
                <div class="media-body">
                  <div class="media-title">
                    <h4><a href="/book/p12937/" target="_blank">����</a></h4>
					<span class="dark">�ɱߴ�һ</span>
                  </div>
                  <div class="media-info">�������µ�ʥ�ӱ����Ҹ�������ߡ��°���������������������������޷ֵ�ͬ��</div>
                </div>
              </div>
            </div><div class="col-md-12 t10">
              <div class="media"> <a class="media-left" href="/book/p13342/" target="_blank"> <img class="book-img-small" src="/uploads/cover/13342s.jpg" title="ʱ�������㻹��" alt="ʱ�������㻹��"/> </a>
                <div class="media-body">
                  <div class="media-title">
                    <h4><a href="/book/p13342/" target="_blank">ʱ�������㻹��</a></h4>
					<span class="dark">��Ц��Ȼ</span>
                  </div>
                  <div class="media-info"> Ů�����Ԭu�����й�һ���������Եĸ���ʱ�⣬��Ϊһ�����⣬��һ���޹��ġ�</div>
                </div>
              </div>
            </div><div class="col-md-12 t10">
              <div class="media"> <a class="media-left" href="/book/p7425/" target="_blank"> <img class="book-img-small" src="/uploads/cover/7425s.jpg" title="��������" alt="��������"/> </a>
                <div class="media-body">
                  <div class="media-title">
                    <h4><a href="/book/p7425/" target="_blank">��������</a></h4>
					<span class="dark">���ݡ����</span>
                  </div>
                  <div class="media-info"> һ�����ϵ������������������Ĺ���Ϊ�й���������Ϥ������ʮ����ʱ��</div>
                </div>
              </div>
            </div><div class="col-md-12 t10">
              <div class="media"> <a class="media-left" href="/book/p7385/" target="_blank"> <img class="book-img-small" src="/uploads/cover/7385s.jpg" title="����û�л��Ų��������" alt="����û�л��Ų��������"/> </a>
                <div class="media-body">
                  <div class="media-title">
                    <h4><a href="/book/p7385/" target="_blank">����û�л��Ų��������</a></h4>
					<span class="dark">����</span>
                  </div>
                  <div class="media-info"> ������磬��ȱ�ɹ��Ļ��������Ĵ��š� ������磬��Զϡȱ���Ų�Ը���</div>
                </div>
              </div>
            </div><div class="col-md-12 t10">
              <div class="media"> <a class="media-left" href="/book/p4447/" target="_blank"> <img class="book-img-small" src="/uploads/cover/4447s.jpg" title="���ʹ���" alt="���ʹ���"/> </a>
                <div class="media-body">
                  <div class="media-title">
                    <h4><a href="/book/p4447/" target="_blank">���ʹ���</a></h4>
					<span class="dark">���</span>
                  </div>
                  <div class="media-info">����һЩ���˵�����ˣ��ڲ�¥�ƹݡ���ͷ��β˵��ǰ������һ�����ض�˵�ġ�</div>
                </div>
              </div>
            </div><div class="col-md-12 t10">
              <div class="media"> <a class="media-left" href="/book/p7313/" target="_blank"> <img class="book-img-small" src="/uploads/cover/7313s.jpg" title="����ë��Զ��" alt="����ë��Զ��"/> </a>
                <div class="media-body">
                  <div class="media-title">
                    <h4><a href="/book/p7313/" target="_blank">����ë��Զ��</a></h4>
					<span class="dark">������</span>
                  </div>
                  <div class="media-info">��ëһ������Զ�У�����ͨ����ëԶ��;�еĲ����㼣�����������ë���ö��ߡ�</div>
                </div>
              </div>
            </div><div class="col-md-12 t10">
              <div class="media"> <a class="media-left" href="/book/p9544/" target="_blank"> <img class="book-img-small" src="/uploads/cover/9544s.jpg" title="����������ֱ���ճ�" alt="����������ֱ���ճ�"/> </a>
                <div class="media-body">
                  <div class="media-title">
                    <h4><a href="/book/p9544/" target="_blank">����������ֱ���ճ�</a></h4>
					<span class="dark">����fer</span>
                  </div>
                  <div class="media-info"> żȻ�������þ�Ȼ���ú�ѧϰ��Ϊ�̳мҲ�Ŭ��������ȥ��ʲôֱ�����Ŵ��С�</div>
                </div>
              </div>
            </div>
          </div>
        </div>
      </div>
	  <!-- �����Ƽ� End-->
    </div>
    <!-- Col-right End -->
</div>
<!-- Footer Begin -->
<div class="footer">
  <div class = "container">
    <p class = "hidden-xs">�����Ȩ����Ϊ�ڱ�վ����������Ʒ�����������棬�뷢�ʼ���<script>play("email")</script>����վȷ�Ϻ󽫻�������ɾ����</p>
    <p class = "hidden-xs">��վ����¼��Ʒ���������⡢������۾����������Ϊ���������վ������</p>
    <p>�������ߣ���һ�����ĺ͹��������鼮֧�����ߣ��������߲���д��������õ��飡</p>
    <p class = "hidden-xs">
      <script>play("tongji")</script> 
    </p>
  </div>
</div>
<div class="fixed-btn">
    <a class="go-top" href="javascript:void(0)" title="���ض���"> <i class="fa fa-angle-up"></i></a>
</div>
<!-- Footer End --> 
<!-- jQuery (necessary for Bootstrap's JavaScript plugins) --> 
<script src="/static/js/jquery.min.js"></script> 
<!-- Include all compiled plugins (below), or include individual files as needed --> 
<script src="/static/js/bootstrap.min.js"></script> 
<script src="/static/js/comm.js"></script>
<script type="text/javascript">
	var sid ="14387";
	$(function(){
        BookShelf.getChapterHistory(book);
    });
</script>
<script type="module" src="https://static.cloudflareinsights.com/beacon.min.js/v4513226cdae34746b4dedf0b4dfa099e1781791509496" integrity="sha512-ZE9pZaUXND66v380QUtch/5sE9tPFh2zg45pR2PB0CVkCtOREv2AJKkSidISWkysEuQ0EH8faUU5du78bx87UQ==" data-cf-beacon='{"version":"2024.11.0","token":"bf4eb1bf0db94d35a471fe4f3b9897eb","r":1}' crossorigin="anonymous"></script>
</body>
</html>

21:12:04.538 [OkHttp https://www.dbxsz.com/...] DEBUG io.legado.app.model.DebugLog - <-- END HTTP (135368-byte, 19611-gzipped-byte body)
21:12:04.539 [main @coroutine#26] INFO io.legado.app.model.DebugLog - sourceUrl: https://www.dbxsd.com, msg: �Ի�ȡ�ɹ�:https://www.dbxsz.com/book/p14387/
21:12:04.540 [main @coroutine#26] INFO io.legado.app.model.DebugLog - sourceUrl: https://www.dbxsd.com, msg: ����ȡ����
21:12:04.542 [main @coroutine#26] INFO io.legado.app.model.DebugLog - sourceUrl: https://www.dbxsd.com, msg: ���ƺ���ʬ��/�ƺ�����¼
21:12:04.542 [main @coroutine#26] INFO io.legado.app.model.DebugLog - sourceUrl: https://www.dbxsd.com, msg: ����ȡ����
21:12:04.542 [main @coroutine#26] INFO io.legado.app.model.DebugLog - sourceUrl: https://www.dbxsd.com, msg: ����749�� ����
21:12:04.542 [main @coroutine#26] INFO io.legado.app.model.DebugLog - sourceUrl: https://www.dbxsd.com, msg: ����ȡ����
21:12:04.542 [main @coroutine#26] INFO io.legado.app.model.DebugLog - sourceUrl: https://www.dbxsd.com, msg: ��null
21:12:04.542 [main @coroutine#26] INFO io.legado.app.model.DebugLog - sourceUrl: https://www.dbxsd.com, msg: ����ȡ����
21:12:04.542 [main @coroutine#26] INFO io.legado.app.model.DebugLog - sourceUrl: https://www.dbxsd.com, msg: ��null
21:12:04.542 [main @coroutine#26] INFO io.legado.app.model.DebugLog - sourceUrl: https://www.dbxsd.com, msg: ����ȡ�����½�
21:12:04.542 [main @coroutine#26] INFO io.legado.app.model.DebugLog - sourceUrl: https://www.dbxsd.com, msg: ��null
21:12:04.542 [main @coroutine#26] INFO io.legado.app.model.DebugLog - sourceUrl: https://www.dbxsd.com, msg: ����ȡ���
21:12:04.543 [main @coroutine#26] INFO io.legado.app.model.DebugLog - sourceUrl: https://www.dbxsd.com, msg: ������������ʮ��ǰ���ұ����̵��ƺӴ������ң����������ĸ�����������Ϊ������Ψһ�Ĵ��ˡ�
�����Ӵ��ұ����Ͼ�·��ѧϰ���̡�
�����ұ���ѡ��ֻ���������Ӳд��Ļ���ȥ��
����
21:12:04.543 [main @coroutine#26] INFO io.legado.app.model.DebugLog - sourceUrl: https://www.dbxsd.com, msg: ����ȡ��������
21:12:04.543 [main @coroutine#26] INFO io.legado.app.model.DebugLog - sourceUrl: https://www.dbxsd.com, msg: ��https://www.dbxsz.com/uploads/cover/14387s.jpg
21:12:04.543 [main @coroutine#26] INFO io.legado.app.model.DebugLog - sourceUrl: https://www.dbxsd.com, msg: ����ȡĿ¼����
21:12:04.543 [main @coroutine#26] INFO io.legado.app.model.DebugLog - sourceUrl: https://www.dbxsd.com, msg: ��https://www.dbxsz.com/book/p14387/
21:12:04.543 [main] INFO cn.kong.app.model.NovelSourceTest -   ����: �ƺ���ʬ��/�ƺ�����¼ | ����: ��749�� ����
21:12:04.543 [main] INFO cn.kong.app.model.NovelSourceTest -   ���: ����������ʮ��ǰ���ұ����̵��ƺӴ������ң����������ĸ�����������Ϊ������Ψһ�Ĵ��ˡ�
�����Ӵ��ұ����Ͼ�·��ѧϰ���̡�
�����ұ���ѡ��ֻ���������Ӳд��Ļ���ȥ��
����
21:12:04.543 [main] INFO cn.kong.app.model.NovelSourceTest -   --- Step 3: ��ȡĿ¼ ---
21:12:04.543 [OkHttp https://www.dbxsz.com/...] DEBUG io.legado.app.model.DebugLog - --> GET https://www.dbxsz.com/book/p14387/ h2
21:12:04.544 [OkHttp https://www.dbxsz.com/...] DEBUG io.legado.app.model.DebugLog - User-Agent: Mozilla/5.0 (Linux; Android 9; PDBM00 Build/PPR1.180610.011; wv) AppleWebKit/537.36 (KHTML, like Gecko) Version/4.0 Chrome/70.0.3538.110 Mobile Safari/537.36
21:12:04.544 [OkHttp https://www.dbxsz.com/...] DEBUG io.legado.app.model.DebugLog - Keep-Alive: 300
21:12:04.544 [OkHttp https://www.dbxsz.com/...] DEBUG io.legado.app.model.DebugLog - Connection: Keep-Alive
21:12:04.544 [OkHttp https://www.dbxsz.com/...] DEBUG io.legado.app.model.DebugLog - Cache-Control: no-cache
21:12:04.544 [OkHttp https://www.dbxsz.com/...] DEBUG io.legado.app.model.DebugLog - Host: www.dbxsz.com
21:12:04.544 [OkHttp https://www.dbxsz.com/...] DEBUG io.legado.app.model.DebugLog - Accept-Encoding: gzip
21:12:04.544 [OkHttp https://www.dbxsz.com/...] DEBUG io.legado.app.model.DebugLog - --> END GET
21:12:04.957 [OkHttp https://www.dbxsz.com/...] DEBUG io.legado.app.model.DebugLog - <-- 200 https://www.dbxsz.com/book/p14387/ (413ms)
21:12:04.957 [OkHttp https://www.dbxsz.com/...] DEBUG io.legado.app.model.DebugLog - date: Fri, 14 Aug 2026 13:12:04 GMT
21:12:04.957 [OkHttp https://www.dbxsz.com/...] DEBUG io.legado.app.model.DebugLog - content-type: text/html
21:12:04.957 [OkHttp https://www.dbxsz.com/...] DEBUG io.legado.app.model.DebugLog - last-modified: Mon, 03 Jun 2024 06:31:09 GMT
21:12:04.957 [OkHttp https://www.dbxsz.com/...] DEBUG io.legado.app.model.DebugLog - nel: {"report_to":"cf-nel","success_fraction":0.0,"max_age":604800}
21:12:04.957 [OkHttp https://www.dbxsz.com/...] DEBUG io.legado.app.model.DebugLog - server-timing: cfCacheStatus;desc="DYNAMIC"
21:12:04.957 [OkHttp https://www.dbxsz.com/...] DEBUG io.legado.app.model.DebugLog - server-timing: cfEdge;dur=4,cfOrigin;dur=161
21:12:04.957 [OkHttp https://www.dbxsz.com/...] DEBUG io.legado.app.model.DebugLog - vary: Accept-Encoding
21:12:04.957 [OkHttp https://www.dbxsz.com/...] DEBUG io.legado.app.model.DebugLog - report-to: {"group":"cf-nel","max_age":604800,"endpoints":[{"url":"https://a.nel.cloudflare.com/report/v4?s=CoN1u2VdkhlVYlcaFxT%2FScyOGVMRMr%2F5F42wrBttDoeGNvTa8XcLXOc8QoKw4ALp7u%2FmckP5fBfvMFvGR0ApeWQ7fo1YPPetSHVCrwAviNQBSr9KpVjqv2tceyb3tTHD"}]}
21:12:04.957 [OkHttp https://www.dbxsz.com/...] DEBUG io.legado.app.model.DebugLog - server: cloudflare
21:12:04.957 [OkHttp https://www.dbxsz.com/...] DEBUG io.legado.app.model.DebugLog - cf-cache-status: DYNAMIC
21:12:04.957 [OkHttp https://www.dbxsz.com/...] DEBUG io.legado.app.model.DebugLog - content-encoding: gzip
21:12:04.957 [OkHttp https://www.dbxsz.com/...] DEBUG io.legado.app.model.DebugLog - cf-ray: a2b035851a340e18-AMS
21:12:04.957 [OkHttp https://www.dbxsz.com/...] DEBUG io.legado.app.model.DebugLog - alt-svc: h3=":443"; ma=86400
21:12:05.240 [OkHttp https://www.dbxsz.com/...] DEBUG io.legado.app.model.DebugLog - 
21:12:05.241 [OkHttp https://www.dbxsz.com/...] DEBUG io.legado.app.model.DebugLog - <!DOCTYPE html>
<html lang="zh-cn">
<head>
<meta charset="utf-8">
<meta http-equiv="X-UA-Compatible" content="IE=edge">
<meta name="viewport" content="width=device-width, initial-scale=1">
<title>�ƺ���ʬ��/�ƺ�����¼(ϸ������)ȫ���Ķ�|�����½�|TXT����|�޹�浯��</title>

	<meta name="keywords" content="ϸ������,ϸ����������,ϸ����������С˵,�ƺ���ʬ��/�ƺ�����¼,�ƺ���ʬ��/�ƺ�����¼�����½�,�ƺ���ʬ��/�ƺ�����¼��,�ƺ���ʬ��/�ƺ�����¼��Ȥ��,�ƺ���ʬ��/�ƺ�����¼�����,����С˵��"/>
	<meta name="description" content="����С˵�� �ṩ �������  /  �ƺ���ʬ��/�ƺ�����¼ ȫ���Ķ��� �������  /  �ƺ���ʬ��/�ƺ�����¼ TXT���أ��޹�浯���� �����½� ��749�� ����
"/>
	
	<meta property="og:type" content="novel"/>
	<meta property="og:title" content="�ƺ���ʬ��/�ƺ�����¼"/>
	<meta property="og:description" content=" ��ʮ��ǰ���ұ����̵��ƺӴ������ң����������ĸ�����������Ϊ������Ψһ�Ĵ��ˡ��Ӵ��ұ����Ͼ�·��ѧϰ���̡��ұ���ѡ��ֻ���������Ӳд��Ļ���ȥ��"/>
	<meta property="og:image" content="/uploads/cover/14387s.jpg"/>
	<meta property="og:novel:category" content="�������"/>
	<meta property="og:novel:author" content="ϸ������"/>
	<meta property="og:novel:book_name" content="�ƺ���ʬ��/�ƺ�����¼"/>
	<meta property="og:novel:read_url" content="/book/p14387/"/>
	<meta property="og:url" content="/book/p14387/"/>
	<meta property="og:novel:status" content="���"/>
	<meta property="og:novel:author_link" content="/book/p14387/"/>
	<meta property="og:novel:update_time" content="00:33:58"/>
	<meta property="og:novel:latest_chapter_name" content="��749�� ����"/>
	<meta property="og:novel:latest_chapter_url" content="/book/p14387/3918406.html"/>

	<!--360 seo end-->	
		<link href="/static/css/bootstrap.min.css" rel="stylesheet">
	<link href="/static/css/font-awesome.min.css" rel="stylesheet" >
	<link href="/static/css/base.css" rel="stylesheet">
	<script src="/static/js/action.js"></script>
	<!--[if lt IE 9]>
      <script src="/static/js/html5shiv.min.js"></script>
      <script src="/static/js/respond.min.js"></script>
    <![endif]-->
	<script type="text/javascript">
      var book = new Object();
      book.id="14387";
      book.name="�ƺ���ʬ��/�ƺ�����¼";
      book.url="/book/p14387/";
    </script>
</head>
<body>
<div class="top">
	<div class="container">
    	<div class="logo-name"><a href="/">����С˵��</a></div>
        <div class="float-right"><script>play("lan")</script></div>
    </div>
</div>
<div class="container">
	<div class="book-type t10">
        <ol class="breadcrumb">
        <li><a href="/nav/xh-qh.html" target="_blank">���á����</a></li><li><a href="/nav/kh-yx.html" target="_blank">�ƻá���Ϸ</a></li><li><a href="/nav/xx-wx.html" target="_blank">����������</a></li><li><a href="/nav/ns-yq.html" target="_blank">Ů��������</a></li><li><a href="/nav/ds-yl.html" target="_blank">���С�����</a></li><li><a href="/nav/ls-js.html" target="_blank">��ʷ������</a></li><li><a href="/nav/xy-ly.html" target="_blank">���ɡ�����</a></li><li><a href="/nav/dm-ca.html" target="_blank">����������</a></li><li><a href="/nav/qxs.html" target="_blank">��С˵</a></li>
		<li><i class="fa fa-book" aria-hidden="true"></i> <a href="/readbook.html" target="_blank">�ҵ����</a></li>
        </ol>
    </div>
    <div class="clear"></div>
	      <div class="search row">
        <div class="col-sm-4 col-xs-12">
          <form id="search-form" action="/plus/search.php">
            <div class="input-group">
              <input type="text" class="form-control" placeholder="����������" id="bdcsMain" name="q" />
              <div class="input-group-addon" onclick="search();"><span class="fa fa-search"></span></div>
            </div>
          </form>
        </div>
		<div class="col-sm-2 hidden-xs">
          
        </div>
        <div class="col-sm-6 hidden-xs">
         
        </div>
      </div>
</div>

<div class="container">
  <script>play("announce")</script>
  <div class="col-left">
    <!-- Book Info Begin -->
	<div class="book-info">  
	  <div class="panel panel-info">
		<div class="panel-body">
		  <div class="media">
			<div class="media-left"> <a href="/book/p14387/" target="_blank"> <img class="book-img-middel" src="/uploads/cover/14387s.jpg" alt="�ƺ���ʬ��/�ƺ�����¼" title="�ƺ���ʬ��/�ƺ�����¼"/> </a>
            </div>
			<div class="media-body">
			  <h1 class="book-name"><a href="/book/p14387/" title="�ƺ���ʬ��/�ƺ�����¼">�ƺ���ʬ��/�ƺ�����¼</a></h1>
			  <div class="clear"></div>
			  <div class="row">
                <div class="col-md-8 col-sm-6 dark"> ���ߣ�<a href="/author/ϸ������.html" target="_blank">ϸ������</a> </div>
                <div class="col-md-4 col-sm-6 dark">״̬�����</div>
				<div class="col-md-8 col-sm-6 dark">������£�<a href="/book/p14387/3918406.html">��749�� ����</a> </div>
				<div class="col-md-4 col-sm-6 dark hidden-sm hidden-xs">00:33:58</div>

              </div>
			  <div class="reader-bar hidden-xs hidden-sm">
				<div class="row">
				  <a href="/book/p14387/3917657.html">
				  <div class="col-xs-5 btn btn-info">��ʼ�Ķ�</div>
				  </a>

				  <div class="col-xs-1"></div>
				  <a href="/txt/14387.html" target="_blank">
				  <div class="col-xs-5 btn btn-info">����������</div>	
				  </a>
				</div>
			  </div>
			</div>
			<div class="reader-bar visible-sm visible-xs">			
				<div class="row t10">
				  <a href="/book/p14387/3917657.html">
				  <div class="col-xs-5 btn btn-info">��ʼ�Ķ�</div>
				  </a>

				  <div class="col-xs-1"></div>
				  <a href="/txt/14387.html" target="_blank">
				  <div class="col-xs-5 btn btn-info">����������</div>	
				  </a>
				</div>
			</div>
		  </div>
		  <div class="row t10" onclick="showBookDetail()">
			  <div class="col-sm-11 col-xs-10">
				  <div class="book-detail">
					 ��ʮ��ǰ���ұ����̵��ƺӴ������ң����������ĸ�����������Ϊ������Ψһ�Ĵ��ˡ��Ӵ��ұ����Ͼ�·��ѧϰ���̡��ұ���ѡ��ֻ���������Ӳд��Ļ���ȥ��
				  </div>
			  </div>
			  <div class="col-sm-1 col-xs-2"><span id="up-down" class="fa fa-angle-down"></span>
			  </div>
		  </div>
		</div>
	  </div>     
	</div>
	<!-- Book Info End -->
	<div class="clear"></div>
	<div class="chapter-history"></div>
    <!-- Chapter Begin -->
    <div class="chapter">
	  <div class="panel panel-info">
        <div class="panel-heading">
          <h3 class="panel-title"><strong>�ƺ���ʬ��/�ƺ�����¼�����½�</strong></h3>
        </div>
        <div class="panel-body">
          <div class="row">
			<div class="col-md-6 item"> <a href="/book/p14387/3918406.html" title="��749�� ����" target="_blank">��749�� ����</a> </div>
<div class="col-md-6 item"> <a href="/book/p14387/3918405.html" title="��748�� ��ս" target="_blank">��748�� ��ս</a> </div>
<div class="col-md-6 item"> <a href="/book/p14387/3918404.html" title="��747�� ��ս��" target="_blank">��747�� ��ս��</a> </div>
<div class="col-md-6 item"> <a href="/book/p14387/3918403.html" title="��746�� սǰ����" target="_blank">��746�� սǰ����</a> </div>
<div class="col-md-6 item"> <a href="/book/p14387/3918402.html" title="��745�� ����" target="_blank">��745�� ����</a> </div>
<div class="col-md-6 item"> <a href="/book/p14387/3918401.html" title="��744�� ���˼ƻ�" target="_blank">��744�� ���˼ƻ�</a> </div>
<div class="col-md-6 item"> <a href="/book/p14387/3918400.html" title="��743�� Ŀ��" target="_blank">��743�� Ŀ��</a> </div>
<div class="col-md-6 item"> <a href="/book/p14387/3918399.html" title="��742�� Ǳ��" target="_blank">��742�� Ǳ��</a> </div>
<div class="col-md-6 item"> <a href="/book/p14387/3918398.html" title="��741�� ����" target="_blank">��741�� ����</a> </div>
<div class="col-md-6 item"> <a href="/book/p14387/3918397.html" title="��740�� ����" target="_blank">��740�� ����</a> </div>
<div class="col-md-6 item"> <a href="/book/p14387/3918396.html" title="��739�� ���ﱻץ" target="_blank">��739�� ���ﱻץ</a> </div>
<div class="col-md-6 item"> <a href="/book/p14387/3918395.html" title="��738�� �Ӽ�Χ��" target="_blank">��738�� �Ӽ�Χ��</a> </div>

          </div>
        </div>
		<div class="panel-footer visible-xs visible-sm">
          <h3 class="panel-title text-center" onClick="showAllChapter('#fix-chapter')">ȫ���½�>>>></h3>
        </div>
      </div>
	  <!-- New Chapter End -->
	  <div class="clear" id="fix-chapter"></div>
	  <!-- All Chapter Begin -->
      <div id="all-chapter">
        <div class="panel panel-info">
          <div class="panel-heading">
            <h3 class="panel-title"><strong>�ƺ���ʬ��/�ƺ�����¼�½�Ŀ¼</strong></h3>
          </div>
          <div class="panel-body">
            <div class="row">
			  <div class="col-md-6 item">
				<a href="/book/p14387/3917657.html" title="��1�� �ƺ���ʬ��" target="_blank">��1�� �ƺ���ʬ��</a>
			  </div><div class="col-md-6 item">
				<a href="/book/p14387/3917658.html" title="��2�� �ݶ�" target="_blank">��2�� �ݶ�</a>
			  </div><div class="col-md-6 item">
				<a href="/book/p14387/3917659.html" title="��3�� ��ɽ" target="_blank">��3�� ��ɽ</a>
			  </div><div class="col-md-6 item">
				<a href="/book/p14387/3917660.html" title="��4�� �ؼ�" target="_blank">��4�� �ؼ�</a>
			  </div><div class="col-md-6 item">
				<a href="/book/p14387/3917661.html" title="��5�� ľϻ��" target="_blank">��5�� ľϻ��</a>
			  </div><div class="col-md-6 item">
				<a href="/book/p14387/3917662.html" title="��6�� ������һ��" target="_blank">��6�� ������һ��</a>
			  </div><div class="col-md-6 item">
				<a href="/book/p14387/3917663.html" title="��7�� ���ص�����" target="_blank">��7�� ���ص�����</a>
			  </div><div class="col-md-6 item">
				<a href="/book/p14387/3917664.html" title="��8�� ˮ���" target="_blank">��8�� ˮ���</a>
			  </div><div class="col-md-6 item">
				<a href="/book/p14387/3917665.html" title="��9�� ��������" target="_blank">��9�� ��������</a>
			  </div><div class="col-md-6 item">
				<a href="/book/p14387/3917666.html" title="��10�� ����Ǹ������" target="_blank">��10�� ����Ǹ������</a>
			  </div><div class="col-md-6 item">
				<a href="/book/p14387/3917667.html" title="��11�� �" target="_blank">��11�� �</a>
			  </div><div class="col-md-6 item">
				<a href="/book/p14387/3917668.html" title="��12�� ��ʬ" target="_blank">��12�� ��ʬ</a>
			  </div><div class="col-md-6 item">
				<a href="/book/p14387/3917669.html" title="��13�� ��Ƥ��" target="_blank">��13�� ��Ƥ��</a>
			  </div><div class="col-md-6 item">
				<a href="/book/p14387/3917670.html" title="��14�� ��ӡ" target="_blank">��14�� ��ӡ</a>
			  </div><div class="col-md-6 item">
				<a href="/book/p14387/3917671.html" title="��15�� ����" target="_blank">��15�� ����</a>
			  </div><div class="col-md-6 item">
				<a href="/book/p14387/3917672.html" title="��16�� ��һ��" target="_blank">��16�� ��һ��</a>
			  </div><div class="col-md-6 item">
				<a href="/book/p14387/3917673.html" title="��17�� ����" target="_blank">��17�� ����</a>
			  </div><div class="col-md-6 item">
				<a href="/book/p14387/3917674.html" title="��18�� �Ƶ�ʿ" target="_blank">��18�� �Ƶ�ʿ</a>
			  </div><div class="col-md-6 item">
				<a href="/book/p14387/3917675.html" title="��19�� ���" target="_blank">��19�� ���</a>
			  </div><div class="col-md-6 item">
				<a href="/book/p14387/3917676.html" title="��20�� �˲�����" target="_blank">��20�� �˲�����</a>
			  </div><div class="col-md-6 item">
				<a href="/book/p14387/3917677.html" title="��21�� ��������" target="_blank">��21�� ��������</a>
			  </div><div class="col-md-6 item">
				<a href="/book/p14387/3917678.html" title="��22�� ��ʶ�ô�" target="_blank">��22�� ��ʶ�ô�</a>
			  </div><div class="col-md-6 item">
				<a href="/book/p14387/3917679.html" title="��23�� ����" target="_blank">��23�� ����</a>
			  </div><div class="col-md-6 item">
				<a href="/book/p14387/3917680.html" title="��24�� ����" target="_blank">��24�� ����</a>
			  </div><div class="col-md-6 item">
				<a href="/book/p14387/3917681.html" title="��25�� ţԭ����" target="_blank">��25�� ţԭ����</a>
			  </div><div class="col-md-6 item">
				<a href="/book/p14387/3917682.html" title="��26�� ����" target="_blank">��26�� ����</a>
			  </div><div class="col-md-6 item">
				<a href="/book/p14387/3917683.html" title="��27�� ����" target="_blank">��27�� ����</a>
			  </div><div class="col-md-6 item">
				<a href="/book/p14387/3917684.html" title="��28�� ����" target="_blank">��28�� ����</a>
			  </div><div class="col-md-6 item">
				<a href="/book/p14387/3917685.html" title="��29�� ���" target="_blank">��29�� ���</a>
			  </div><div class="col-md-6 item">
				<a href="/book/p14387/3917686.html" title="��30�� ҥ��" target="_blank">��30�� ҥ��</a>
			  </div><div class="col-md-6 item">
				<a href="/book/p14387/3917687.html" title="��31�� ȳ����" target="_blank">��31�� ȳ����</a>
			  </div><div class="col-md-6 item">
				<a href="/book/p14387/3917688.html" title="��32�� ̸��" target="_blank">��32�� ̸��</a>
			  </div><div class="col-md-6 item">
				<a href="/book/p14387/3917690.html" title="��33�� ��Ƥ����" target="_blank">��33�� ��Ƥ����</a>
			  </div><div class="col-md-6 item">
				<a href="/book/p14387/3917691.html" title="��34�� ţ�" target="_blank">��34�� ţ�</a>
			  </div><div class="col-md-6 item">
				<a href="/book/p14387/3917692.html" title="��35�� ����" target="_blank">��35�� ����</a>
			  </div><div class="col-md-6 item">
				<a href="/book/p14387/3917693.html" title="��36�� ����" target="_blank">��36�� ����</a>
			  </div><div class="col-md-6 item">
				<a href="/book/p14387/3917694.html" title="��37�� ����ç��" target="_blank">��37�� ����ç��</a>
			  </div><div class="col-md-6 item">
				<a href="/book/p14387/3917695.html" title="��38�� ����" target="_blank">��38�� ����</a>
			  </div><div class="col-md-6 item">
				<a href="/book/p14387/3917696.html" title="��39�� һ������" target="_blank">��39�� һ������</a>
			  </div><div class="col-md-6 item">
				<a href="/book/p14387/3917697.html" title="��40�� ��������" target="_blank">��40�� ��������</a>
			  </div><div class="col-md-6 item">
				<a href="/book/p14387/3917698.html" title="��41�� ��������" target="_blank">��41�� ��������</a>
			  </div><div class="col-md-6 item">
				<a href="/book/p14387/3917699.html" title="��42�� ����" target="_blank">��42�� ����</a>
			  </div><div class="col-md-6 item">
				<a href="/book/p14387/3917700.html" title="��43�� ������ͷ" target="_blank">��43�� ������ͷ</a>
			  </div><div class="col-md-6 item">
				<a href="/book/p14387/3917701.html" title="��44�� ����" target="_blank">��44�� ����</a>
			  </div><div class="col-md-6 item">
				<a href="/book/p14387/3917702.html" title="��45�� ����" target="_blank">��45�� ����</a>
			  </div><div class="col-md-6 item">
				<a href="/book/p14387/3917703.html" title="��46�� ��ľ��" target="_blank">��46�� ��ľ��</a>
			  </div><div class="col-md-6 item">
				<a href="/book/p14387/3917704.html" title="��47�� ʦͽ" target="_blank">��47�� ʦͽ</a>
			  </div><div class="col-md-6 item">
				<a href="/book/p14387/3917705.html" title="��48�� �����ŷⶤ" target="_blank">��48�� �����ŷⶤ</a>
			  </div><div class="col-md-6 item">
				<a href="/book/p14387/3917706.html" title="��49�� ����" target="_blank">��49�� ����</a>
			  </div><div class="col-md-6 item">
				<a href="/book/p14387/3917707.html" title="��50�� ����Ů��" target="_blank">��50�� ����Ů��</a>
			  </div><div class="col-md-6 item">
				<a href="/book/p14387/3917708.html" title="��51�� ɽ�к�Ⱥ" target="_blank">��51�� ɽ�к�Ⱥ</a>
			  </div><div class="col-md-6 item">
				<a href="/book/p14387/3917709.html" title="��52�� ������" target="_blank">��52�� ������</a>
			  </div><div class="col-md-6 item">
				<a href="/book/p14387/3917710.html" title="��53�� ����˵��ѵ" target="_blank">��53�� ����˵��ѵ</a>
			  </div><div class="col-md-6 item">
				<a href="/book/p14387/3917711.html" title="��54�� ���" target="_blank">��54�� ���</a>
			  </div><div class="col-md-6 item">
				<a href="/book/p14387/3917712.html" title="��55�� ������" target="_blank">��55�� ������</a>
			  </div><div class="col-md-6 item">
				<a href="/book/p14387/3917713.html" title="��56�� ��Ը" target="_blank">��56�� ��Ը</a>
			  </div><div class="col-md-6 item">
				<a href="/book/p14387/3917714.html" title="��57�� ��ױ" target="_blank">��57�� ��ױ</a>
			  </div><div class="col-md-6 item">
				<a href="/book/p14387/3917715.html" title="��58�� ��·" target="_blank">��58�� ��·</a>
			  </div><div class="col-md-6 item">
				<a href="/book/p14387/3917716.html" title="��59�� �������" target="_blank">��59�� �������</a>
			  </div><div class="col-md-6 item">
				<a href="/book/p14387/3917717.html" title="��60�� ɽ����" target="_blank">��60�� ɽ����</a>
			  </div><div class="col-md-6 item">
				<a href="/book/p14387/3917718.html" title="��61�� �" target="_blank">��61�� �</a>
			  </div><div class="col-md-6 item">
				<a href="/book/p14387/3917719.html" title="��62�� �߶�" target="_blank">��62�� �߶�</a>
			  </div><div class="col-md-6 item">
				<a href="/book/p14387/3917720.html" title="��63�� ���" target="_blank">��63�� ���</a>
			  </div><div class="col-md-6 item">
				<a href="/book/p14387/3917721.html" title="��64�� ���" target="_blank">��64�� ���</a>
			  </div><div class="col-md-6 item">
				<a href="/book/p14387/3917722.html" title="��65�� ���徯��" target="_blank">��65�� ���徯��</a>
			  </div><div class="col-md-6 item">
				<a href="/book/p14387/3917723.html" title="��66�� ����" target="_blank">��66�� ����</a>
			  </div><div class="col-md-6 item">
				<a href="/book/p14387/3917724.html" title="��67�� ��������" target="_blank">��67�� ��������</a>
			  </div><div class="col-md-6 item">
				<a href="/book/p14387/3917725.html" title="��68�� ��Բ��" target="_blank">��68�� ��Բ��</a>
			  </div><div class="col-md-6 item">
				<a href="/book/p14387/3917726.html" title="��69�� �ݶ��ɱ�" target="_blank">��69�� �ݶ��ɱ�</a>
			  </div><div class="col-md-6 item">
				<a href="/book/p14387/3917727.html" title="��70�� ��ҧ" target="_blank">��70�� ��ҧ</a>
			  </div><div class="col-md-6 item">
				<a href="/book/p14387/3917728.html" title="��71�� ����" target="_blank">��71�� ����</a>
			  </div><div class="col-md-6 item">
				<a href="/book/p14387/3917729.html" title="��72�� ����" target="_blank">��72�� ����</a>
			  </div><div class="col-md-6 item">
				<a href="/book/p14387/3917730.html" title="��73�� ���" target="_blank">��73�� ���</a>
			  </div><div class="col-md-6 item">
				<a href="/book/p14387/3917731.html" title="��74�� Ǳ��" target="_blank">��74�� Ǳ��</a>
			  </div><div class="col-md-6 item">
				<a href="/book/p14387/3917732.html" title="��75�� ţ�ұ���" target="_blank">��75�� ţ�ұ���</a>
			  </div><div class="col-md-6 item">
				<a href="/book/p14387/3917733.html" title="��76�� ����" target="_blank">��76�� ����</a>
			  </div><div class="col-md-6 item">
				<a href="/book/p14387/3917734.html" title="��77�� ��ʬ" target="_blank">��77�� ��ʬ</a>
			  </div><div class="col-md-6 item">
				<a href="/book/p14387/3917735.html" title="��78�� ���Ͻ�" target="_blank">��78�� ���Ͻ�</a>
			  </div><div class="col-md-6 item">
				<a href="/book/p14387/3917736.html" title="��79�� �׻�" target="_blank">��79�� �׻�</a>
			  </div><div class="col-md-6 item">
				<a href="/book/p14387/3917737.html" title="��80�� ˯�ײ�" target="_blank">��80�� ˯�ײ�</a>
			  </div><div class="col-md-6 item">
				<a href="/book/p14387/3917738.html" title="��81�� ������" target="_blank">��81�� ������</a>
			  </div><div class="col-md-6 item">
				<a href="/book/p14387/3917739.html" title="��82�� �ֶ�������" target="_blank">��82�� �ֶ�������</a>
			  </div><div class="col-md-6 item">
				<a href="/book/p14387/3917740.html" title="��83�� ����ʬ��" target="_blank">��83�� ����ʬ��</a>
			  </div><div class="col-md-6 item">
				<a href="/book/p14387/3917741.html" title="��84�� ׼��" target="_blank">��84�� ׼��</a>
			  </div><div class="col-md-6 item">
				<a href="/book/p14387/3917742.html" title="��85�� ���˹�أ�" target="_blank">��85�� ���˹�أ�</a>
			  </div><div class="col-md-6 item">
				<a href="/book/p14387/3917743.html" title="��86�� ��������" target="_blank">��86�� ��������</a>
			  </div><div class="col-md-6 item">
				<a href="/book/p14387/3917744.html" title="��87�� �ƺ�����������" target="_blank">��87�� �ƺ�����������</a>
			  </div><div class="col-md-6 item">
				<a href="/book/p14387/3917745.html" title="��88�� ����" target="_blank">��88�� ����</a>
			  </div><div class="col-md-6 item">
				<a href="/book/p14387/3917746.html" title="��89�� ˮ��" target="_blank">��89�� ˮ��</a>
			  </div><div class="col-md-6 item">
				<a href="/book/p14387/3917747.html" title="��90�� ����" target="_blank">��90�� ����</a>
			  </div><div class="col-md-6 item">
				<a href="/book/p14387/3917748.html" title="��91�� �Ϲײ���ʬ" target="_blank">��91�� �Ϲײ���ʬ</a>
			  </div><div class="col-md-6 item">
				<a href="/book/p14387/3917749.html" title="��92�� �չ�" target="_blank">��92�� �չ�</a>
			  </div><div class="col-md-6 item">
				<a href="/book/p14387/3917750.html" title="��93�� թʬ" target="_blank">��93�� թʬ</a>
			  </div><div class="col-md-6 item">
				<a href="/book/p14387/3917751.html" title="��94�� �Ϲ�" target="_blank">��94�� �Ϲ�</a>
			  </div><div class="col-md-6 item">
				<a href="/book/p14387/3917752.html" title="��95�� ����" target="_blank">��95�� ����</a>
			  </div><div class="col-md-6 item">
				<a href="/book/p14387/3917753.html" title="��96�� �����˵�����" target="_blank">��96�� �����˵�����</a>
			  </div><div class="col-md-6 item">
				<a href="/book/p14387/3917754.html" title="��97�� ˮ������" target="_blank">��97�� ˮ������</a>
			  </div><div class="col-md-6 item">
				<a href="/book/p14387/3917755.html" title="��98�� ������" target="_blank">��98�� ������</a>
			  </div><div class="col-md-6 item">
				<a href="/book/p14387/3917756.html" title="��99�� ��Թ" target="_blank">��99�� ��Թ</a>
			  </div><div class="col-md-6 item">
				<a href="/book/p14387/3917757.html" title="��100�� ����" target="_blank">��100�� ����</a>
			  </div><div class="col-md-6 item">
				<a href="/book/p14387/3917758.html" title="��101�� ����" target="_blank">��101�� ����</a>
			  </div><div class="col-md-6 item">
				<a href="/book/p14387/3917759.html" title="��102�� �̷�" target="_blank">��102�� �̷�</a>
			  </div><div class="col-md-6 item">
				<a href="/book/p14387/3917760.html" title="��103�� ��ʬ��" target="_blank">��103�� ��ʬ��</a>
			  </div><div class="col-md-6 item">
				<a href="/book/p14387/3917761.html" title="��104�� ɱ��" target="_blank">��104�� ɱ��</a>
			  </div><div class="col-md-6 item">
				<a href="/book/p14387/3917762.html" title="��105�� ıȡ" target="_blank">��105�� ıȡ</a>
			  </div><div class="col-md-6 item">
				<a href="/book/p14387/3917763.html" title="��106�� ����" target="_blank">��106�� ����</a>
			  </div><div class="col-md-6 item">
				<a href="/book/p14387/3917764.html" title="��107�� ���" target="_blank">��107�� ���</a>
			  </div><div class="col-md-6 item">
				<a href="/book/p14387/3917765.html" title="��108�� ����" target="_blank">��108�� ����</a>
			  </div><div class="col-md-6 item">
				<a href="/book/p14387/3917766.html" title="��109�� ������" target="_blank">��109�� ������</a>
			  </div><div class="col-md-6 item">
				<a href="/book/p14387/3917767.html" title="��110�� �����Ĺ�" target="_blank">��110�� �����Ĺ�</a>
			  </div><div class="col-md-6 item">
				<a href="/book/p14387/3917768.html" title="��111�� ����" target="_blank">��111�� ����</a>
			  </div><div class="col-md-6 item">
				<a href="/book/p14387/3917769.html" title="��112�� ����" target="_blank">��112�� ����</a>
			  </div><div class="col-md-6 item">
				<a href="/book/p14387/3917770.html" title="��113�� ����" target="_blank">��113�� ����</a>
			  </div><div class="col-md-6 item">
				<a href="/book/p14387/3917771.html" title="��114�� �ޱ�" target="_blank">��114�� �ޱ�</a>
			  </div><div class="col-md-6 item">
				<a href="/book/p14387/3917772.html" title="��115�� ��̥������" target="_blank">��115�� ��̥������</a>
			  </div><div class="col-md-6 item">
				<a href="/book/p14387/3917773.html" title="��116�� ����" target="_blank">��116�� ����</a>
			  </div><div class="col-md-6 item">
				<a href="/book/p14387/3917774.html" title="��117�� ̰��" target="_blank">��117�� ̰��</a>
			  </div><div class="col-md-6 item">
				<a href="/book/p14387/3917775.html" title="��118�� ���" target="_blank">��118�� ���</a>
			  </div><div class="col-md-6 item">
				<a href="/book/p14387/3917776.html" title="��119�� ����" target="_blank">��119�� ����</a>
			  </div><div class="col-md-6 item">
				<a href="/book/p14387/3917777.html" title="��120�� ��������" target="_blank">��120�� ��������</a>
			  </div><div class="col-md-6 item">
				<a href="/book/p14387/3917778.html" title="��121�� ������" target="_blank">��121�� ������</a>
			  </div><div class="col-md-6 item">
				<a href="/book/p14387/3917779.html" title="��122�� ˮ���" target="_blank">��122�� ˮ���</a>
			  </div><div class="col-md-6 item">
				<a href="/book/p14387/3917780.html" title="��123�� ������" target="_blank">��123�� ������</a>
			  </div><div class="col-md-6 item">
				<a href="/book/p14387/3917781.html" title="��124�� ������" target="_blank">��124�� ������</a>
			  </div><div class="col-md-6 item">
				<a href="/book/p14387/3917782.html" title="��125�� ��߮��" target="_blank">��125�� ��߮��</a>
			  </div><div class="col-md-6 item">
				<a href="/book/p14387/3917783.html" title="��126�� ʯ��" target="_blank">��126�� ʯ��</a>
			  </div><div class="col-md-6 item">
				<a href="/book/p14387/3917784.html" title="��127�� ���" target="_blank">��127�� ���</a>
			  </div><div class="col-md-6 item">
				<a href="/book/p14387/3917785.html" title="��128�� ʯ��" target="_blank">��128�� ʯ��</a>
			  </div><div class="col-md-6 item">
				<a href="/book/p14387/3917786.html" title="��129�� �����ж�" target="_blank">��129�� �����ж�</a>
			  </div><div class="col-md-6 item">
				<a href="/book/p14387/3917787.html" title="��130�� ��ʵ֮��" target="_blank">��130�� ��ʵ֮��</a>
			  </div><div class="col-md-6 item">
				<a href="/book/p14387/3917788.html" title="��131�� ʯ����" target="_blank">��131�� ʯ����</a>
			  </div><div class="col-md-6 item">
				<a href="/book/p14387/3917789.html" title="��132�� ����" target="_blank">��132�� ����</a>
			  </div><div class="col-md-6 item">
				<a href="/book/p14387/3917790.html" title="��133�� ��ʭ" target="_blank">��133�� ��ʭ</a>
			  </div><div class="col-md-6 item">
				<a href="/book/p14387/3917791.html" title="��134�� һü����" target="_blank">��134�� һü����</a>
			  </div><div class="col-md-6 item">
				<a href="/book/p14387/3917792.html" title="��135�� ��ҵ�Ŀ��" target="_blank">��135�� ��ҵ�Ŀ��</a>
			  </div><div class="col-md-6 item">
				<a href="/book/p14387/3917793.html" title="��136�� ��������" target="_blank">��136�� ��������</a>
			  </div><div class="col-md-6 item">
				<a href="/book/p14387/3917794.html" title="��137�� ��¼�ǿ�" target="_blank">��137�� ��¼�ǿ�</a>
			  </div><div class="col-md-6 item">
				<a href="/book/p14387/3917795.html" title="��138�� �ǿ�����" target="_blank">��138�� �ǿ�����</a>
			  </div><div class="col-md-6 item">
				<a href="/book/p14387/3917796.html" title="��139�� ����" target="_blank">��139�� ����</a>
			  </div><div class="col-md-6 item">
				<a href="/book/p14387/3917797.html" title="��140�� ������ʭ" target="_blank">��140�� ������ʭ</a>
			  </div><div class="col-md-6 item">
				<a href="/book/p14387/3917798.html" title="��141�� �й�" target="_blank">��141�� �й�</a>
			  </div><div class="col-md-6 item">
				<a href="/book/p14387/3917799.html" title="��142�� һü����" target="_blank">��142�� һü����</a>
			  </div><div class="col-md-6 item">
				<a href="/book/p14387/3917800.html" title="��143�� �¹���" target="_blank">��143�� �¹���</a>
			  </div><div class="col-md-6 item">
				<a href="/book/p14387/3917801.html" title="��144�� �ֺ�" target="_blank">��144�� �ֺ�</a>
			  </div><div class="col-md-6 item">
				<a href="/book/p14387/3917802.html" title="��145�� ����" target="_blank">��145�� ����</a>
			  </div><div class="col-md-6 item">
				<a href="/book/p14387/3917803.html" title="��146�� ���ɷ�" target="_blank">��146�� ���ɷ�</a>
			  </div><div class="col-md-6 item">
				<a href="/book/p14387/3917804.html" title="��147�� ����" target="_blank">��147�� ����</a>
			  </div><div class="col-md-6 item">
				<a href="/book/p14387/3917805.html" title="��148�� ǰ������" target="_blank">��148�� ǰ������</a>
			  </div><div class="col-md-6 item">
				<a href="/book/p14387/3917806.html" title="��149�� ��������" target="_blank">��149�� ��������</a>
			  </div><div class="col-md-6 item">
				<a href="/book/p14387/3917807.html" title="��150�� �ڷ�" target="_blank">��150�� �ڷ�</a>
			  </div><div class="col-md-6 item">
				<a href="/book/p14387/3917808.html" title="��151�� ����ӡ����ͽ" target="_blank">��151�� ����ӡ����ͽ</a>
			  </div><div class="col-md-6 item">
				<a href="/book/p14387/3917809.html" title="��152�� �����ӡ" target="_blank">��152�� �����ӡ</a>
			  </div><div class="col-md-6 item">
				<a href="/book/p14387/3917810.html" title="��153�� ʧ����" target="_blank">��153�� ʧ����</a>
			  </div><div class="col-md-6 item">
				<a href="/book/p14387/3917811.html" title="��154�� ˫��ѹ��" target="_blank">��154�� ˫��ѹ��</a>
			  </div><div class="col-md-6 item">
				<a href="/book/p14387/3917812.html" title="��155�� ����" target="_blank">��155�� ����</a>
			  </div><div class="col-md-6 item">
				<a href="/book/p14387/3917813.html" title="��156�� ����" target="_blank">��156�� ����</a>
			  </div><div class="col-md-6 item">
				<a href="/book/p14387/3917814.html" title="��157�� ��¶" target="_blank">��157�� ��¶</a>
			  </div><div class="col-md-6 item">
				<a href="/book/p14387/3917815.html" title="��158�� ���Ҫ�Ĺ�ͷ" target="_blank">��158�� ���Ҫ�Ĺ�ͷ</a>
			  </div><div class="col-md-6 item">
				<a href="/book/p14387/3917816.html" title="��159�� �ֶ�" target="_blank">��159�� �ֶ�</a>
			  </div><div class="col-md-6 item">
				<a href="/book/p14387/3917817.html" title="��160�� Ѫ��" target="_blank">��160�� Ѫ��</a>
			  </div><div class="col-md-6 item">
				<a href="/book/p14387/3917818.html" title="��161�� �仯" target="_blank">��161�� �仯</a>
			  </div><div class="col-md-6 item">
				<a href="/book/p14387/3917819.html" title="��162�� ����" target="_blank">��162�� ����</a>
			  </div><div class="col-md-6 item">
				<a href="/book/p14387/3917820.html" title="��163�� ����֮��" target="_blank">��163�� ����֮��</a>
			  </div><div class="col-md-6 item">
				<a href="/book/p14387/3917821.html" title="��164�� ��֪����" target="_blank">��164�� ��֪����</a>
			  </div><div class="col-md-6 item">
				<a href="/book/p14387/3917822.html" title="��165�� ��������" target="_blank">��165�� ��������</a>
			  </div><div class="col-md-6 item">
				<a href="/book/p14387/3917823.html" title="��166�� ����¥" target="_blank">��166�� ����¥</a>
			  </div><div class="col-md-6 item">
				<a href="/book/p14387/3917824.html" title="��167�� ����" target="_blank">��167�� ����</a>
			  </div><div class="col-md-6 item">
				<a href="/book/p14387/3917825.html" title="��168�� ��������" target="_blank">��168�� ��������</a>
			  </div><div class="col-md-6 item">
				<a href="/book/p14387/3917826.html" title="��169�� ѹ��" target="_blank">��169�� ѹ��</a>
			  </div><div class="col-md-6 item">
				<a href="/book/p14387/3917827.html" title="��170�� ����" target="_blank">��170�� ����</a>
			  </div><div class="col-md-6 item">
				<a href="/book/p14387/3917828.html" title="��171�� ǰ������" target="_blank">��171�� ǰ������</a>
			  </div><div class="col-md-6 item">
				<a href="/book/p14387/3917829.html" title="��172�� ����������һü" target="_blank">��172�� ����������һü</a>
			  </div><div class="col-md-6 item">
				<a href="/book/p14387/3917830.html" title="��173�� �ټ�үү" target="_blank">��173�� �ټ�үү</a>
			  </div><div class="col-md-6 item">
				<a href="/book/p14387/3917831.html" title="��174�� ��̽���" target="_blank">��174�� ��̽���</a>
			  </div><div class="col-md-6 item">
				<a href="/book/p14387/3917832.html" title="��175�� �Ұ�" target="_blank">��175�� �Ұ�</a>
			  </div><div class="col-md-6 item">
				<a href="/book/p14387/3917833.html" title="��176�� ����" target="_blank">��176�� ����</a>
			  </div><div class="col-md-6 item">
				<a href="/book/p14387/3917834.html" title="��177�� ����" target="_blank">��177�� ����</a>
			  </div><div class="col-md-6 item">
				<a href="/book/p14387/3917835.html" title="��178�� ����" target="_blank">��178�� ����</a>
			  </div><div class="col-md-6 item">
				<a href="/book/p14387/3917836.html" title="��179�� ����" target="_blank">��179�� ����</a>
			  </div><div class="col-md-6 item">
				<a href="/book/p14387/3917837.html" title="��180�� ��������¥" target="_blank">��180�� ��������¥</a>
			  </div><div class="col-md-6 item">
				<a href="/book/p14387/3917838.html" title="��181�� ��а��������" target="_blank">��181�� ��а��������</a>
			  </div><div class="col-md-6 item">
				<a href="/book/p14387/3917839.html" title="��182�� �����ų���" target="_blank">��182�� �����ų���</a>
			  </div><div class="col-md-6 item">
				<a href="/book/p14387/3917840.html" title="��183�� ���ǽ" target="_blank">��183�� ���ǽ</a>
			  </div><div class="col-md-6 item">
				<a href="/book/p14387/3917841.html" title="��184�� �˷���" target="_blank">��184�� �˷���</a>
			  </div><div class="col-md-6 item">
				<a href="/book/p14387/3917842.html" title="��185�� �Ų�������" target="_blank">��185�� �Ų�������</a>
			  </div><div class="col-md-6 item">
				<a href="/book/p14387/3917843.html" title="��186�� �������" target="_blank">��186�� �������</a>
			  </div><div class="col-md-6 item">
				<a href="/book/p14387/3917844.html" title="��187�� �ָ�ı���" target="_blank">��187�� �ָ�ı���</a>
			  </div><div class="col-md-6 item">
				<a href="/book/p14387/3917845.html" title="��188�� ������֣�" target="_blank">��188�� ������֣�</a>
			  </div><div class="col-md-6 item">
				<a href="/book/p14387/3917846.html" title="��189�� ������" target="_blank">��189�� ������</a>
			  </div><div class="col-md-6 item">
				<a href="/book/p14387/3917847.html" title="��190�� �ֱ�" target="_blank">��190�� �ֱ�</a>
			  </div><div class="col-md-6 item">
				<a href="/book/p14387/3917848.html" title="��191�� ɽ������" target="_blank">��191�� ɽ������</a>
			  </div><div class="col-md-6 item">
				<a href="/book/p14387/3917849.html" title="��192�� �ɸ봫��" target="_blank">��192�� �ɸ봫��</a>
			  </div><div class="col-md-6 item">
				<a href="/book/p14387/3917850.html" title="��193�� ɽ���˼�" target="_blank">��193�� ɽ���˼�</a>
			  </div><div class="col-md-6 item">
				<a href="/book/p14387/3917851.html" title="��194�� ũ�˹���" target="_blank">��194�� ũ�˹���</a>
			  </div><div class="col-md-6 item">
				<a href="/book/p14387/3917852.html" title="��195�� �ö��ӵ���" target="_blank">��195�� �ö��ӵ���</a>
			  </div><div class="col-md-6 item">
				<a href="/book/p14387/3917853.html" title="��196�� ������" target="_blank">��196�� ������</a>
			  </div><div class="col-md-6 item">
				<a href="/book/p14387/3917854.html" title="��197�� ����û��" target="_blank">��197�� ����û��</a>
			  </div><div class="col-md-6 item">
				<a href="/book/p14387/3917855.html" title="��198�� ���Ӿ�" target="_blank">��198�� ���Ӿ�</a>
			  </div><div class="col-md-6 item">
				<a href="/book/p14387/3917856.html" title="��199�� �������" target="_blank">��199�� �������</a>
			  </div><div class="col-md-6 item">
				<a href="/book/p14387/3917857.html" title="��200�� �ر����" target="_blank">��200�� �ر����</a>
			  </div><div class="col-md-6 item">
				<a href="/book/p14387/3917858.html" title="��201�� ɽ�ڶ���" target="_blank">��201�� ɽ�ڶ���</a>
			  </div><div class="col-md-6 item">
				<a href="/book/p14387/3917859.html" title="��202�� ���ǰ���" target="_blank">��202�� ���ǰ���</a>
			  </div><div class="col-md-6 item">
				<a href="/book/p14387/3917860.html" title="��203�� �����Ϻ���" target="_blank">��203�� �����Ϻ���</a>
			  </div><div class="col-md-6 item">
				<a href="/book/p14387/3917861.html" title="��204�� ����˵" target="_blank">��204�� ����˵</a>
			  </div><div class="col-md-6 item">
				<a href="/book/p14387/3917862.html" title="��205�� ��;�澰" target="_blank">��205�� ��;�澰</a>
			  </div><div class="col-md-6 item">
				<a href="/book/p14387/3917863.html" title="��206�� �õ�����" target="_blank">��206�� �õ�����</a>
			  </div><div class="col-md-6 item">
				<a href="/book/p14387/3917864.html" title="��207�� ������" target="_blank">��207�� ������</a>
			  </div><div class="col-md-6 item">
				<a href="/book/p14387/3917865.html" title="��208�� ����Сѧ" target="_blank">��208�� ����Сѧ</a>
			  </div><div class="col-md-6 item">
				<a href="/book/p14387/3917866.html" title="��209�� С����ʷ" target="_blank">��209�� С����ʷ</a>
			  </div><div class="col-md-6 item">
				<a href="/book/p14387/3917867.html" title="��210�� ������ˮ" target="_blank">��210�� ������ˮ</a>
			  </div><div class="col-md-6 item">
				<a href="/book/p14387/3917868.html" title="��211�� ��ˮ����" target="_blank">��211�� ��ˮ����</a>
			  </div><div class="col-md-6 item">
				<a href="/book/p14387/3917869.html" title="��212�� ����Ѳ�" target="_blank">��212�� ����Ѳ�</a>
			  </div><div class="col-md-6 item">
				<a href="/book/p14387/3917870.html" title="��213�� �㶷�������ǵ�" target="_blank">��213�� �㶷�������ǵ�</a>
			  </div><div class="col-md-6 item">
				<a href="/book/p14387/3917871.html" title="��214�� αװ" target="_blank">��214�� αװ</a>
			  </div><div class="col-md-6 item">
				<a href="/book/p14387/3917872.html" title="��215�� �ٻ�������" target="_blank">��215�� �ٻ�������</a>
			  </div><div class="col-md-6 item">
				<a href="/book/p14387/3917873.html" title="��216�� �μ�����" target="_blank">��216�� �μ�����</a>
			  </div><div class="col-md-6 item">
				<a href="/book/p14387/3917874.html" title="��217�� Ǳ��ѧУ" target="_blank">��217�� Ǳ��ѧУ</a>
			  </div><div class="col-md-6 item">
				<a href="/book/p14387/3917875.html" title="��218�� ����������" target="_blank">��218�� ����������</a>
			  </div><div class="col-md-6 item">
				<a href="/book/p14387/3917876.html" title="��219�� ��ҵĶ���" target="_blank">��219�� ��ҵĶ���</a>
			  </div><div class="col-md-6 item">
				<a href="/book/p14387/3917877.html" title="��220�� ��������" target="_blank">��220�� ��������</a>
			  </div><div class="col-md-6 item">
				<a href="/book/p14387/3917878.html" title="��221�� ��Ĺ" target="_blank">��221�� ��Ĺ</a>
			  </div><div class="col-md-6 item">
				<a href="/book/p14387/3917879.html" title="��222�� Ĺ��֮��" target="_blank">��222�� Ĺ��֮��</a>
			  </div><div class="col-md-6 item">
				<a href="/book/p14387/3917880.html" title="��223�� Ĺ������" target="_blank">��223�� Ĺ������</a>
			  </div><div class="col-md-6 item">
				<a href="/book/p14387/3917881.html" title="��224�� ���ף�" target="_blank">��224�� ���ף�</a>
			  </div><div class="col-md-6 item">
				<a href="/book/p14387/3917882.html" title="��225�� �޷�����Ĳ�·" target="_blank">��225�� �޷�����Ĳ�·</a>
			  </div><div class="col-md-6 item">
				<a href="/book/p14387/3917883.html" title="��226�� ������" target="_blank">��226�� ������</a>
			  </div><div class="col-md-6 item">
				<a href="/book/p14387/3917884.html" title="��227�� ����·" target="_blank">��227�� ����·</a>
			  </div><div class="col-md-6 item">
				<a href="/book/p14387/3917885.html" title="��228�� ������" target="_blank">��228�� ������</a>
			  </div><div class="col-md-6 item">
				<a href="/book/p14387/3917886.html" title="��229�� ���ι���" target="_blank">��229�� ���ι���</a>
			  </div><div class="col-md-6 item">
				<a href="/book/p14387/3917887.html" title="��230�� �ƾ�" target="_blank">��230�� �ƾ�</a>
			  </div><div class="col-md-6 item">
				<a href="/book/p14387/3917888.html" title="��231�� �����۶�" target="_blank">��231�� �����۶�</a>
			  </div><div class="col-md-6 item">
				<a href="/book/p14387/3917889.html" title="��232�� ����ͨ��" target="_blank">��232�� ����ͨ��</a>
			  </div><div class="col-md-6 item">
				<a href="/book/p14387/3917890.html" title="��233�� �Ž�����" target="_blank">��233�� �Ž�����</a>
			  </div><div class="col-md-6 item">
				<a href="/book/p14387/3917891.html" title="��234�� �ּ����ϰ�" target="_blank">��234�� �ּ����ϰ�</a>
			  </div><div class="col-md-6 item">
				<a href="/book/p14387/3917892.html" title="��235�� ��������" target="_blank">��235�� ��������</a>
			  </div><div class="col-md-6 item">
				<a href="/book/p14387/3917893.html" title="��236�� �������" target="_blank">��236�� �������</a>
			  </div><div class="col-md-6 item">
				<a href="/book/p14387/3917894.html" title="��237�� �����ʦ" target="_blank">��237�� �����ʦ</a>
			  </div><div class="col-md-6 item">
				<a href="/book/p14387/3917895.html" title="��238�� һ��֮��" target="_blank">��238�� һ��֮��</a>
			  </div><div class="col-md-6 item">
				<a href="/book/p14387/3917896.html" title="��239�� �������" target="_blank">��239�� �������</a>
			  </div><div class="col-md-6 item">
				<a href="/book/p14387/3917897.html" title="��240�� �ҵ�����" target="_blank">��240�� �ҵ�����</a>
			  </div><div class="col-md-6 item">
				<a href="/book/p14387/3917898.html" title="��241�� �������" target="_blank">��241�� �������</a>
			  </div><div class="col-md-6 item">
				<a href="/book/p14387/3917899.html" title="��242�� ����Ĺ��" target="_blank">��242�� ����Ĺ��</a>
			  </div><div class="col-md-6 item">
				<a href="/book/p14387/3917900.html" title="��243�� ����֮��" target="_blank">��243�� ����֮��</a>
			  </div><div class="col-md-6 item">
				<a href="/book/p14387/3917901.html" title="��244�� ��������" target="_blank">��244�� ��������</a>
			  </div><div class="col-md-6 item">
				<a href="/book/p14387/3917902.html" title="��245�� �������" target="_blank">��245�� �������</a>
			  </div><div class="col-md-6 item">
				<a href="/book/p14387/3917903.html" title="��246�� ��������" target="_blank">��246�� ��������</a>
			  </div><div class="col-md-6 item">
				<a href="/book/p14387/3917904.html" title="��247�� ����ө" target="_blank">��247�� ����ө</a>
			  </div><div class="col-md-6 item">
				<a href="/book/p14387/3917905.html" title="��248�� ����Ĺ" target="_blank">��248�� ����Ĺ</a>
			  </div><div class="col-md-6 item">
				<a href="/book/p14387/3917906.html" title="��249�� ��Ȼ�����ǣ�" target="_blank">��249�� ��Ȼ�����ǣ�</a>
			  </div><div class="col-md-6 item">
				<a href="/book/p14387/3917907.html" title="��250�� ����֮��" target="_blank">��250�� ����֮��</a>
			  </div><div class="col-md-6 item">
				<a href="/book/p14387/3917908.html" title="��251�� Ĺ��֮��" target="_blank">��251�� Ĺ��֮��</a>
			  </div><div class="col-md-6 item">
				<a href="/book/p14387/3917909.html" title="��252�� �������²�" target="_blank">��252�� �������²�</a>
			  </div><div class="col-md-6 item">
				<a href="/book/p14387/3917910.html" title="��253�� ��������" target="_blank">��253�� ��������</a>
			  </div><div class="col-md-6 item">
				<a href="/book/p14387/3917911.html" title="��254�� ����" target="_blank">��254�� ����</a>
			  </div><div class="col-md-6 item">
				<a href="/book/p14387/3917912.html" title="��255�� ������" target="_blank">��255�� ������</a>
			  </div><div class="col-md-6 item">
				<a href="/book/p14387/3917913.html" title="��256�� ����" target="_blank">��256�� ����</a>
			  </div><div class="col-md-6 item">
				<a href="/book/p14387/3917914.html" title="��257�� ͬһ�仰" target="_blank">��257�� ͬһ�仰</a>
			  </div><div class="col-md-6 item">
				<a href="/book/p14387/3917915.html" title="��258�� ׼���ƺ�" target="_blank">��258�� ׼���ƺ�</a>
			  </div><div class="col-md-6 item">
				<a href="/book/p14387/3917916.html" title="��259�� �ٽ�������" target="_blank">��259�� �ٽ�������</a>
			  </div><div class="col-md-6 item">
				<a href="/book/p14387/3917917.html" title="��260�� ����ҹ" target="_blank">��260�� ����ҹ</a>
			  </div><div class="col-md-6 item">
				<a href="/book/p14387/3917918.html" title="��261�� ҹè��" target="_blank">��261�� ҹè��</a>
			  </div><div class="col-md-6 item">
				<a href="/book/p14387/3917919.html" title="��262�� �Ҵ�" target="_blank">��262�� �Ҵ�</a>
			  </div><div class="col-md-6 item">
				<a href="/book/p14387/3917920.html" title="��263�� ���и���" target="_blank">��263�� ���и���</a>
			  </div><div class="col-md-6 item">
				<a href="/book/p14387/3917921.html" title="��264�� ������" target="_blank">��264�� ������</a>
			  </div><div class="col-md-6 item">
				<a href="/book/p14387/3917922.html" title="��265�� �ӳ�" target="_blank">��265�� �ӳ�</a>
			  </div><div class="col-md-6 item">
				<a href="/book/p14387/3917923.html" title="��266�� ����" target="_blank">��266�� ����</a>
			  </div><div class="col-md-6 item">
				<a href="/book/p14387/3917924.html" title="��267�� ��̽��Ϣ" target="_blank">��267�� ��̽��Ϣ</a>
			  </div><div class="col-md-6 item">
				<a href="/book/p14387/3917925.html" title="��268�� �õ���ɮ" target="_blank">��268�� �õ���ɮ</a>
			  </div><div class="col-md-6 item">
				<a href="/book/p14387/3917926.html" title="��269�� ���ϸ���" target="_blank">��269�� ���ϸ���</a>
			  </div><div class="col-md-6 item">
				<a href="/book/p14387/3917927.html" title="��270�� ���" target="_blank">��270�� ���</a>
			  </div><div class="col-md-6 item">
				<a href="/book/p14387/3917928.html" title="��271�� �ҽ�����" target="_blank">��271�� �ҽ�����</a>
			  </div><div class="col-md-6 item">
				<a href="/book/p14387/3917929.html" title="��272�� ��ǽ" target="_blank">��272�� ��ǽ</a>
			  </div><div class="col-md-6 item">
				<a href="/book/p14387/3917930.html" title="��273�� ��ҹ" target="_blank">��273�� ��ҹ</a>
			  </div><div class="col-md-6 item">
				<a href="/book/p14387/3917931.html" title="��274�� �þ�" target="_blank">��274�� �þ�</a>
			  </div><div class="col-md-6 item">
				<a href="/book/p14387/3917932.html" title="��275�� ��������" target="_blank">��275�� ��������</a>
			  </div><div class="col-md-6 item">
				<a href="/book/p14387/3917933.html" title="��276�� �����ǹ���" target="_blank">��276�� �����ǹ���</a>
			  </div><div class="col-md-6 item">
				<a href="/book/p14387/3917934.html" title="��277�� ����ʶ�˸���" target="_blank">��277�� ����ʶ�˸���</a>
			  </div><div class="col-md-6 item">
				<a href="/book/p14387/3917935.html" title="��278�� �ڼҸ���" target="_blank">��278�� �ڼҸ���</a>
			  </div><div class="col-md-6 item">
				<a href="/book/p14387/3917936.html" title="��279�� �ӳ�������" target="_blank">��279�� �ӳ�������</a>
			  </div><div class="col-md-6 item">
				<a href="/book/p14387/3917937.html" title="��280�� ���KTV" target="_blank">��280�� ���KTV</a>
			  </div><div class="col-md-6 item">
				<a href="/book/p14387/3917938.html" title="��281�� ������" target="_blank">��281�� ������</a>
			  </div><div class="col-md-6 item">
				<a href="/book/p14387/3917939.html" title="��282�� Ѻ��" target="_blank">��282�� Ѻ��</a>
			  </div><div class="col-md-6 item">
				<a href="/book/p14387/3917940.html" title="��283�� ���ѵ�����ү" target="_blank">��283�� ���ѵ�����ү</a>
			  </div><div class="col-md-6 item">
				<a href="/book/p14387/3917941.html" title="��284�� ��ҽ������Ϯ" target="_blank">��284�� ��ҽ������Ϯ</a>
			  </div><div class="col-md-6 item">
				<a href="/book/p14387/3917942.html" title="��285�� ������" target="_blank">��285�� ������</a>
			  </div><div class="col-md-6 item">
				<a href="/book/p14387/3917943.html" title="��286�� ��ծ" target="_blank">��286�� ��ծ</a>
			  </div><div class="col-md-6 item">
				<a href="/book/p14387/3917944.html" title="��287�� ӡ��" target="_blank">��287�� ӡ��</a>
			  </div><div class="col-md-6 item">
				<a href="/book/p14387/3917945.html" title="��288�� ����" target="_blank">��288�� ����</a>
			  </div><div class="col-md-6 item">
				<a href="/book/p14387/3917946.html" title="��289�� �����Ʒ�" target="_blank">��289�� �����Ʒ�</a>
			  </div><div class="col-md-6 item">
				<a href="/book/p14387/3917947.html" title="��290�� ������" target="_blank">��290�� ������</a>
			  </div><div class="col-md-6 item">
				<a href="/book/p14387/3917948.html" title="��291�� ���" target="_blank">��291�� ���</a>
			  </div><div class="col-md-6 item">
				<a href="/book/p14387/3917949.html" title="��292�� ������ң�" target="_blank">��292�� ������ң�</a>
			  </div><div class="col-md-6 item">
				<a href="/book/p14387/3917950.html" title="��293�� �򶾷�ө" target="_blank">��293�� �򶾷�ө</a>
			  </div><div class="col-md-6 item">
				<a href="/book/p14387/3917951.html" title="��294�� ���޳�" target="_blank">��294�� ���޳�</a>
			  </div><div class="col-md-6 item">
				<a href="/book/p14387/3917952.html" title="��295�� �ټ�������" target="_blank">��295�� �ټ�������</a>
			  </div><div class="col-md-6 item">
				<a href="/book/p14387/3917953.html" title="��296�� ҩ������" target="_blank">��296�� ҩ������</a>
			  </div><div class="col-md-6 item">
				<a href="/book/p14387/3917954.html" title="��297�� ����ʪ��" target="_blank">��297�� ����ʪ��</a>
			  </div><div class="col-md-6 item">
				<a href="/book/p14387/3917955.html" title="��298�� ��������" target="_blank">��298�� ��������</a>
			  </div><div class="col-md-6 item">
				<a href="/book/p14387/3917956.html" title="��299�� ����" target="_blank">��299�� ����</a>
			  </div><div class="col-md-6 item">
				<a href="/book/p14387/3917957.html" title="��300�� ��ǿ����" target="_blank">��300�� ��ǿ����</a>
			  </div><div class="col-md-6 item">
				<a href="/book/p14387/3917958.html" title="��301�� �ʽ�" target="_blank">��301�� �ʽ�</a>
			  </div><div class="col-md-6 item">
				<a href="/book/p14387/3917959.html" title="��302�� ʦͽ" target="_blank">��302�� ʦͽ</a>
			  </div><div class="col-md-6 item">
				<a href="/book/p14387/3917960.html" title="��303�� �������" target="_blank">��303�� �������</a>
			  </div><div class="col-md-6 item">
				<a href="/book/p14387/3917961.html" title="��304�� ˪����" target="_blank">��304�� ˪����</a>
			  </div><div class="col-md-6 item">
				<a href="/book/p14387/3917962.html" title="��305�� ��Ҳ���Ǻ��ˣ�" target="_blank">��305�� ��Ҳ���Ǻ��ˣ�</a>
			  </div><div class="col-md-6 item">
				<a href="/book/p14387/3917963.html" title="��306�� ���޳�" target="_blank">��306�� ���޳�</a>
			  </div><div class="col-md-6 item">
				<a href="/book/p14387/3917964.html" title="��307�� ������үү��" target="_blank">��307�� ������үү��</a>
			  </div><div class="col-md-6 item">
				<a href="/book/p14387/3917965.html" title="��308�� ����Ϊͽ" target="_blank">��308�� ����Ϊͽ</a>
			  </div><div class="col-md-6 item">
				<a href="/book/p14387/3917966.html" title="��309�� �ִ�" target="_blank">��309�� �ִ�</a>
			  </div><div class="col-md-6 item">
				<a href="/book/p14387/3917967.html" title="��310�� ����Ҷ���" target="_blank">��310�� ����Ҷ���</a>
			  </div><div class="col-md-6 item">
				<a href="/book/p14387/3917968.html" title="��311�� ������" target="_blank">��311�� ������</a>
			  </div><div class="col-md-6 item">
				<a href="/book/p14387/3917969.html" title="��312�� ������ħ����" target="_blank">��312�� ������ħ����</a>
			  </div><div class="col-md-6 item">
				<a href="/book/p14387/3917970.html" title="��313�� �������ػ���" target="_blank">��313�� �������ػ���</a>
			  </div><div class="col-md-6 item">
				<a href="/book/p14387/3917971.html" title="��314�� ����֮��" target="_blank">��314�� ����֮��</a>
			  </div><div class="col-md-6 item">
				<a href="/book/p14387/3917972.html" title="��315�� ���֮��" target="_blank">��315�� ���֮��</a>
			  </div><div class="col-md-6 item">
				<a href="/book/p14387/3917973.html" title="��316�� �Ŵ����" target="_blank">��316�� �Ŵ����</a>
			  </div><div class="col-md-6 item">
				<a href="/book/p14387/3917974.html" title="��317�� ̫��ɽ��" target="_blank">��317�� ̫��ɽ��</a>
			  </div><div class="col-md-6 item">
				<a href="/book/p14387/3917975.html" title="��318�� �ش�" target="_blank">��318�� �ش�</a>
			  </div><div class="col-md-6 item">
				<a href="/book/p14387/3917976.html" title="��319�� ժҶ����" target="_blank">��319�� ժҶ����</a>
			  </div><div class="col-md-6 item">
				<a href="/book/p14387/3917977.html" title="��320�� ����" target="_blank">��320�� ����</a>
			  </div><div class="col-md-6 item">
				<a href="/book/p14387/3917978.html" title="��321�� ��ս��" target="_blank">��321�� ��ս��</a>
			  </div><div class="col-md-6 item">
				<a href="/book/p14387/3917979.html" title="��322�� ��ս���Ҵ̿�" target="_blank">��322�� ��ս���Ҵ̿�</a>
			  </div><div class="col-md-6 item">
				<a href="/book/p14387/3917980.html" title="��323�� Ӳ��������" target="_blank">��323�� Ӳ��������</a>
			  </div><div class="col-md-6 item">
				<a href="/book/p14387/3917981.html" title="��324�� ȱ����" target="_blank">��324�� ȱ����</a>
			  </div><div class="col-md-6 item">
				<a href="/book/p14387/3917982.html" title="��325�� ����" target="_blank">��325�� ����</a>
			  </div><div class="col-md-6 item">
				<a href="/book/p14387/3917983.html" title="��326�� ���·ת" target="_blank">��326�� ���·ת</a>
			  </div><div class="col-md-6 item">
				<a href="/book/p14387/3917984.html" title="��327�� ͻ�䣡" target="_blank">��327�� ͻ�䣡</a>
			  </div><div class="col-md-6 item">
				<a href="/book/p14387/3917985.html" title="��328�� �߷�" target="_blank">��328�� �߷�</a>
			  </div><div class="col-md-6 item">
				<a href="/book/p14387/3917986.html" title="��329�� ���" target="_blank">��329�� ���</a>
			  </div><div class="col-md-6 item">
				<a href="/book/p14387/3917987.html" title="��330�� ��Ļ" target="_blank">��330�� ��Ļ</a>
			  </div><div class="col-md-6 item">
				<a href="/book/p14387/3917988.html" title="��331�� ���Ʒ�ӡ��" target="_blank">��331�� ���Ʒ�ӡ��</a>
			  </div><div class="col-md-6 item">
				<a href="/book/p14387/3917989.html" title="��332�� ����" target="_blank">��332�� ����</a>
			  </div><div class="col-md-6 item">
				<a href="/book/p14387/3917990.html" title="��333�� ���ӳ�" target="_blank">��333�� ���ӳ�</a>
			  </div><div class="col-md-6 item">
				<a href="/book/p14387/3917991.html" title="��334�� ����վ" target="_blank">��334�� ����վ</a>
			  </div><div class="col-md-6 item">
				<a href="/book/p14387/3917992.html" title="��335�� ���" target="_blank">��335�� ���</a>
			  </div><div class="col-md-6 item">
				<a href="/book/p14387/3917993.html" title="��336�� �ӳ����" target="_blank">��336�� �ӳ����</a>
			  </div><div class="col-md-6 item">
				<a href="/book/p14387/3917994.html" title="��337�� ��ұ���" target="_blank">��337�� ��ұ���</a>
			  </div><div class="col-md-6 item">
				<a href="/book/p14387/3917995.html" title="��338�� ���֤��" target="_blank">��338�� ���֤��</a>
			  </div><div class="col-md-6 item">
				<a href="/book/p14387/3917996.html" title="��339�� ����ү" target="_blank">��339�� ����ү</a>
			  </div><div class="col-md-6 item">
				<a href="/book/p14387/3917997.html" title="��340�� �����ܻ�" target="_blank">��340�� �����ܻ�</a>
			  </div><div class="col-md-6 item">
				<a href="/book/p14387/3917998.html" title="��341�� �㴼������" target="_blank">��341�� �㴼������</a>
			  </div><div class="col-md-6 item">
				<a href="/book/p14387/3917999.html" title="��342�� ������Ϣ" target="_blank">��342�� ������Ϣ</a>
			  </div><div class="col-md-6 item">
				<a href="/book/p14387/3918000.html" title="��343�� �ӳ���ҵ" target="_blank">��343�� �ӳ���ҵ</a>
			  </div><div class="col-md-6 item">
				<a href="/book/p14387/3918001.html" title="��344�� ��������" target="_blank">��344�� ��������</a>
			  </div><div class="col-md-6 item">
				<a href="/book/p14387/3918002.html" title="��345�� �����������" target="_blank">��345�� �����������</a>
			  </div><div class="col-md-6 item">
				<a href="/book/p14387/3918003.html" title="��346�� ���ʷ�" target="_blank">��346�� ���ʷ�</a>
			  </div><div class="col-md-6 item">
				<a href="/book/p14387/3918004.html" title="��347�� ȫ����" target="_blank">��347�� ȫ����</a>
			  </div><div class="col-md-6 item">
				<a href="/book/p14387/3918005.html" title="��348�� ����ָ�ϣ�" target="_blank">��348�� ����ָ�ϣ�</a>
			  </div><div class="col-md-6 item">
				<a href="/book/p14387/3918006.html" title="��349�� ʫ�������" target="_blank">��349�� ʫ�������</a>
			  </div><div class="col-md-6 item">
				<a href="/book/p14387/3918007.html" title="��350�� �߷»�" target="_blank">��350�� �߷»�</a>
			  </div><div class="col-md-6 item">
				<a href="/book/p14387/3918008.html" title="��351�� �ֵܰ���" target="_blank">��351�� �ֵܰ���</a>
			  </div><div class="col-md-6 item">
				<a href="/book/p14387/3918009.html" title="��352�� ����ȫ��" target="_blank">��352�� ����ȫ��</a>
			  </div><div class="col-md-6 item">
				<a href="/book/p14387/3918010.html" title="��353�� �µļ����ܲ�" target="_blank">��353�� �µļ����ܲ�</a>
			  </div><div class="col-md-6 item">
				<a href="/book/p14387/3918011.html" title="��354�� �����ҹ�" target="_blank">��354�� �����ҹ�</a>
			  </div><div class="col-md-6 item">
				<a href="/book/p14387/3918012.html" title="��355�� �Ż�" target="_blank">��355�� �Ż�</a>
			  </div><div class="col-md-6 item">
				<a href="/book/p14387/3918013.html" title="��356�� ����" target="_blank">��356�� ����</a>
			  </div><div class="col-md-6 item">
				<a href="/book/p14387/3918014.html" title="��357�� �ж�" target="_blank">��357�� �ж�</a>
			  </div><div class="col-md-6 item">
				<a href="/book/p14387/3918015.html" title="��358�� ����˭�ǹ�" target="_blank">��358�� ����˭�ǹ�</a>
			  </div><div class="col-md-6 item">
				<a href="/book/p14387/3918016.html" title="��359�� ��ҵı���" target="_blank">��359�� ��ҵı���</a>
			  </div><div class="col-md-6 item">
				<a href="/book/p14387/3918017.html" title="��360�� ����" target="_blank">��360�� ����</a>
			  </div><div class="col-md-6 item">
				<a href="/book/p14387/3918018.html" title="��361�� ������ҵģ�" target="_blank">��361�� ������ҵģ�</a>
			  </div><div class="col-md-6 item">
				<a href="/book/p14387/3918019.html" title="��362�� �Ա��Ʊ���" target="_blank">��362�� �Ա��Ʊ���</a>
			  </div><div class="col-md-6 item">
				<a href="/book/p14387/3918020.html" title="��363�� ��ծ" target="_blank">��363�� ��ծ</a>
			  </div><div class="col-md-6 item">
				<a href="/book/p14387/3918021.html" title="��364�� ��ҹ" target="_blank">��364�� ��ҹ</a>
			  </div><div class="col-md-6 item">
				<a href="/book/p14387/3918022.html" title="��365�� Ǳ��" target="_blank">��365�� Ǳ��</a>
			  </div><div class="col-md-6 item">
				<a href="/book/p14387/3918023.html" title="��366�� ��ʦ��������" target="_blank">��366�� ��ʦ��������</a>
			  </div><div class="col-md-6 item">
				<a href="/book/p14387/3918024.html" title="��367�� ��ǿ���" target="_blank">��367�� ��ǿ���</a>
			  </div><div class="col-md-6 item">
				<a href="/book/p14387/3918025.html" title="��368�� ��ʤ" target="_blank">��368�� ��ʤ</a>
			  </div><div class="col-md-6 item">
				<a href="/book/p14387/3918026.html" title="��369�� ������а" target="_blank">��369�� ������а</a>
			  </div><div class="col-md-6 item">
				<a href="/book/p14387/3918027.html" title="��370�� ����Ŀ" target="_blank">��370�� ����Ŀ</a>
			  </div><div class="col-md-6 item">
				<a href="/book/p14387/3918028.html" title="��371�� ������ʦ��" target="_blank">��371�� ������ʦ��</a>
			  </div><div class="col-md-6 item">
				<a href="/book/p14387/3918029.html" title="��372�� �ں�" target="_blank">��372�� �ں�</a>
			  </div><div class="col-md-6 item">
				<a href="/book/p14387/3918030.html" title="��373�� ����" target="_blank">��373�� ����</a>
			  </div><div class="col-md-6 item">
				<a href="/book/p14387/3918031.html" title="��374�� ʵ������" target="_blank">��374�� ʵ������</a>
			  </div><div class="col-md-6 item">
				<a href="/book/p14387/3918032.html" title="��375�� �ӳǵ��¸��" target="_blank">��375�� �ӳǵ��¸��</a>
			  </div><div class="col-md-6 item">
				<a href="/book/p14387/3918033.html" title="��376�� ���ǰϦ" target="_blank">��376�� ���ǰϦ</a>
			  </div><div class="col-md-6 item">
				<a href="/book/p14387/3918034.html" title="��377�� ��ϯ" target="_blank">��377�� ��ϯ</a>
			  </div><div class="col-md-6 item">
				<a href="/book/p14387/3918035.html" title="��378�� һ·��" target="_blank">��378�� һ·��</a>
			  </div><div class="col-md-6 item">
				<a href="/book/p14387/3918036.html" title="��379�� ������" target="_blank">��379�� ������</a>
			  </div><div class="col-md-6 item">
				<a href="/book/p14387/3918037.html" title="��380�� ��ʧ����" target="_blank">��380�� ��ʧ����</a>
			  </div><div class="col-md-6 item">
				<a href="/book/p14387/3918038.html" title="��381�� ��������" target="_blank">��381�� ��������</a>
			  </div><div class="col-md-6 item">
				<a href="/book/p14387/3918039.html" title="��382�� �����С͵" target="_blank">��382�� �����С͵</a>
			  </div><div class="col-md-6 item">
				<a href="/book/p14387/3918040.html" title="��383�� ץ��" target="_blank">��383�� ץ��</a>
			  </div><div class="col-md-6 item">
				<a href="/book/p14387/3918041.html" title="��384�� ����" target="_blank">��384�� ����</a>
			  </div><div class="col-md-6 item">
				<a href="/book/p14387/3918042.html" title="��385�� ����β��" target="_blank">��385�� ����β��</a>
			  </div><div class="col-md-6 item">
				<a href="/book/p14387/3918043.html" title="��386�� �г�;��" target="_blank">��386�� �г�;��</a>
			  </div><div class="col-md-6 item">
				<a href="/book/p14387/3918044.html" title="��387�� Ǯ������" target="_blank">��387�� Ǯ������</a>
			  </div><div class="col-md-6 item">
				<a href="/book/p14387/3918045.html" title="��388�� ����" target="_blank">��388�� ����</a>
			  </div><div class="col-md-6 item">
				<a href="/book/p14387/3918046.html" title="��389�� ��³���ŵĴ�˵" target="_blank">��389�� ��³���ŵĴ�˵</a>
			  </div><div class="col-md-6 item">
				<a href="/book/p14387/3918047.html" title="��390�� ��Ҫ����" target="_blank">��390�� ��Ҫ����</a>
			  </div><div class="col-md-6 item">
				<a href="/book/p14387/3918048.html" title="��391�� ��·��" target="_blank">��391�� ��·��</a>
			  </div><div class="col-md-6 item">
				<a href="/book/p14387/3918049.html" title="��392�� �ų�" target="_blank">��392�� �ų�</a>
			  </div><div class="col-md-6 item">
				<a href="/book/p14387/3918050.html" title="��393�� ��¥" target="_blank">��393�� ��¥</a>
			  </div><div class="col-md-6 item">
				<a href="/book/p14387/3918051.html" title="��394�� ���" target="_blank">��394�� ���</a>
			  </div><div class="col-md-6 item">
				<a href="/book/p14387/3918052.html" title="��395�� ����֮��" target="_blank">��395�� ����֮��</a>
			  </div><div class="col-md-6 item">
				<a href="/book/p14387/3918053.html" title="��396�� ������" target="_blank">��396�� ������</a>
			  </div><div class="col-md-6 item">
				<a href="/book/p14387/3918054.html" title="��397�� ��Ƥ��" target="_blank">��397�� ��Ƥ��</a>
			  </div><div class="col-md-6 item">
				<a href="/book/p14387/3918055.html" title="��398�� ������" target="_blank">��398�� ������</a>
			  </div><div class="col-md-6 item">
				<a href="/book/p14387/3918056.html" title="��399�� ������" target="_blank">��399�� ������</a>
			  </div><div class="col-md-6 item">
				<a href="/book/p14387/3918057.html" title="��400�� ת����" target="_blank">��400�� ת����</a>
			  </div><div class="col-md-6 item">
				<a href="/book/p14387/3918058.html" title="��401�� ��ƿ��" target="_blank">��401�� ��ƿ��</a>
			  </div><div class="col-md-6 item">
				<a href="/book/p14387/3918059.html" title="��402�� ������" target="_blank">��402�� ������</a>
			  </div><div class="col-md-6 item">
				<a href="/book/p14387/3918060.html" title="��403�� ��������" target="_blank">��403�� ��������</a>
			  </div><div class="col-md-6 item">
				<a href="/book/p14387/3918061.html" title="��404�� ʷǰ����" target="_blank">��404�� ʷǰ����</a>
			  </div><div class="col-md-6 item">
				<a href="/book/p14387/3918062.html" title="��405�� �ڽ�����" target="_blank">��405�� �ڽ�����</a>
			  </div><div class="col-md-6 item">
				<a href="/book/p14387/3918063.html" title="��406�� ��׳���˵�" target="_blank">��406�� ��׳���˵�</a>
			  </div><div class="col-md-6 item">
				<a href="/book/p14387/3918064.html" title="��407�� �����뽩��" target="_blank">��407�� �����뽩��</a>
			  </div><div class="col-md-6 item">
				<a href="/book/p14387/3918065.html" title="��408�� ���" target="_blank">��408�� ���</a>
			  </div><div class="col-md-6 item">
				<a href="/book/p14387/3918066.html" title="��409�� ����" target="_blank">��409�� ����</a>
			  </div><div class="col-md-6 item">
				<a href="/book/p14387/3918067.html" title="��410�� �콵�޹�" target="_blank">��410�� �콵�޹�</a>
			  </div><div class="col-md-6 item">
				<a href="/book/p14387/3918068.html" title="��411�� ����֮��" target="_blank">��411�� ����֮��</a>
			  </div><div class="col-md-6 item">
				<a href="/book/p14387/3918069.html" title="��412�� ��ǰ��ս" target="_blank">��412�� ��ǰ��ս</a>
			  </div><div class="col-md-6 item">
				<a href="/book/p14387/3918070.html" title="��413�� ���֮��" target="_blank">��413�� ���֮��</a>
			  </div><div class="col-md-6 item">
				<a href="/book/p14387/3918071.html" title="��414�� ��������" target="_blank">��414�� ��������</a>
			  </div><div class="col-md-6 item">
				<a href="/book/p14387/3918072.html" title="��415�� ˭�Ĺײģ�" target="_blank">��415�� ˭�Ĺײģ�</a>
			  </div><div class="col-md-6 item">
				<a href="/book/p14387/3918073.html" title="��416�� �ǿ���" target="_blank">��416�� �ǿ���</a>
			  </div><div class="col-md-6 item">
				<a href="/book/p14387/3918074.html" title="��417�� ����һ����" target="_blank">��417�� ����һ����</a>
			  </div><div class="col-md-6 item">
				<a href="/book/p14387/3918075.html" title="��418�� Ӯ��" target="_blank">��418�� Ӯ��</a>
			  </div><div class="col-md-6 item">
				<a href="/book/p14387/3918076.html" title="��419�� �ֲ����ࣨ1��" target="_blank">��419�� �ֲ����ࣨ1��</a>
			  </div><div class="col-md-6 item">
				<a href="/book/p14387/3918077.html" title="��420�� �ֲ����ࣨ2��" target="_blank">��420�� �ֲ����ࣨ2��</a>
			  </div><div class="col-md-6 item">
				<a href="/book/p14387/3918078.html" title="��421�� ��������ʷ" target="_blank">��421�� ��������ʷ</a>
			  </div><div class="col-md-6 item">
				<a href="/book/p14387/3918079.html" title="��422�� ����֮��" target="_blank">��422�� ����֮��</a>
			  </div><div class="col-md-6 item">
				<a href="/book/p14387/3918080.html" title="��423�� û������" target="_blank">��423�� û������</a>
			  </div><div class="col-md-6 item">
				<a href="/book/p14387/3918081.html" title="��424�� ����" target="_blank">��424�� ����</a>
			  </div><div class="col-md-6 item">
				<a href="/book/p14387/3918082.html" title="��425�� ����֮��" target="_blank">��425�� ����֮��</a>
			  </div><div class="col-md-6 item">
				<a href="/book/p14387/3918083.html" title="��426�� δ֪�Ļ������" target="_blank">��426�� δ֪�Ļ������</a>
			  </div><div class="col-md-6 item">
				<a href="/book/p14387/3918084.html" title="��427�� ������" target="_blank">��427�� ������</a>
			  </div><div class="col-md-6 item">
				<a href="/book/p14387/3918085.html" title="��428�� ���˿־�����ࣨ1��" target="_blank">��428�� ���˿־�����ࣨ1��</a>
			  </div><div class="col-md-6 item">
				<a href="/book/p14387/3918086.html" title="��429�� ���˿־�����ࣨ2��" target="_blank">��429�� ���˿־�����ࣨ2��</a>
			  </div><div class="col-md-6 item">
				<a href="/book/p14387/3918087.html" title="��430�� ���˿־�����ࣨ3��" target="_blank">��430�� ���˿־�����ࣨ3��</a>
			  </div><div class="col-md-6 item">
				<a href="/book/p14387/3918088.html" title="��431�� ����" target="_blank">��431�� ����</a>
			  </div><div class="col-md-6 item">
				<a href="/book/p14387/3918089.html" title="��432�� �������䣡" target="_blank">��432�� �������䣡</a>
			  </div><div class="col-md-6 item">
				<a href="/book/p14387/3918090.html" title="��433�� ���ֻӾ�" target="_blank">��433�� ���ֻӾ�</a>
			  </div><div class="col-md-6 item">
				<a href="/book/p14387/3918091.html" title="��434�� �����������磡" target="_blank">��434�� �����������磡</a>
			  </div><div class="col-md-6 item">
				<a href="/book/p14387/3918092.html" title="��435�� ���˵�����" target="_blank">��435�� ���˵�����</a>
			  </div><div class="col-md-6 item">
				<a href="/book/p14387/3918093.html" title="��436�� ��o����" target="_blank">��436�� ��o����</a>
			  </div><div class="col-md-6 item">
				<a href="/book/p14387/3918094.html" title="��437�� ������" target="_blank">��437�� ������</a>
			  </div><div class="col-md-6 item">
				<a href="/book/p14387/3918095.html" title="��438�� ǧ��һ��" target="_blank">��438�� ǧ��һ��</a>
			  </div><div class="col-md-6 item">
				<a href="/book/p14387/3918096.html" title="��439�� �غ㶨��" target="_blank">��439�� �غ㶨��</a>
			  </div><div class="col-md-6 item">
				<a href="/book/p14387/3918097.html" title="��440�� ��ͷ��ʼ" target="_blank">��440�� ��ͷ��ʼ</a>
			  </div><div class="col-md-6 item">
				<a href="/book/p14387/3918098.html" title="��441�� ͻ��" target="_blank">��441�� ͻ��</a>
			  </div><div class="col-md-6 item">
				<a href="/book/p14387/3918099.html" title="��442�� �ּ�����" target="_blank">��442�� �ּ�����</a>
			  </div><div class="col-md-6 item">
				<a href="/book/p14387/3918100.html" title="��443�� �ָ����" target="_blank">��443�� �ָ����</a>
			  </div><div class="col-md-6 item">
				<a href="/book/p14387/3918101.html" title="��444�� ���ϵİ�ɱ" target="_blank">��444�� ���ϵİ�ɱ</a>
			  </div><div class="col-md-6 item">
				<a href="/book/p14387/3918102.html" title="��445�� ������" target="_blank">��445�� ������</a>
			  </div><div class="col-md-6 item">
				<a href="/book/p14387/3918103.html" title="��446�� ����" target="_blank">��446�� ����</a>
			  </div><div class="col-md-6 item">
				<a href="/book/p14387/3918104.html" title="��447�� �����¹�" target="_blank">��447�� �����¹�</a>
			  </div><div class="col-md-6 item">
				<a href="/book/p14387/3918105.html" title="��448�� ��ͷ���ϰ�" target="_blank">��448�� ��ͷ���ϰ�</a>
			  </div><div class="col-md-6 item">
				<a href="/book/p14387/3918106.html" title="��449�� ����Ŀ�ɽ" target="_blank">��449�� ����Ŀ�ɽ</a>
			  </div><div class="col-md-6 item">
				<a href="/book/p14387/3918107.html" title="��450�� ��ʤ���ϴ�" target="_blank">��450�� ��ʤ���ϴ�</a>
			  </div><div class="col-md-6 item">
				<a href="/book/p14387/3918108.html" title="��451�� ������" target="_blank">��451�� ������</a>
			  </div><div class="col-md-6 item">
				<a href="/book/p14387/3918109.html" title="��452�� �ó���ʱ�ͳ���" target="_blank">��452�� �ó���ʱ�ͳ���</a>
			  </div><div class="col-md-6 item">
				<a href="/book/p14387/3918110.html" title="��453�� �ٴ�������" target="_blank">��453�� �ٴ�������</a>
			  </div><div class="col-md-6 item">
				<a href="/book/p14387/3918111.html" title="��454�� ��ȥ������" target="_blank">��454�� ��ȥ������</a>
			  </div><div class="col-md-6 item">
				<a href="/book/p14387/3918112.html" title="��455�� ʢ����˾" target="_blank">��455�� ʢ����˾</a>
			  </div><div class="col-md-6 item">
				<a href="/book/p14387/3918113.html" title="��456�� ԭ������" target="_blank">��456�� ԭ������</a>
			  </div><div class="col-md-6 item">
				<a href="/book/p14387/3918114.html" title="��457�� ԭί" target="_blank">��457�� ԭί</a>
			  </div><div class="col-md-6 item">
				<a href="/book/p14387/3918115.html" title="��458�� ���๴��" target="_blank">��458�� ���๴��</a>
			  </div><div class="col-md-6 item">
				<a href="/book/p14387/3918116.html" title="��459�� ���ǵĵ�һ��" target="_blank">��459�� ���ǵĵ�һ��</a>
			  </div><div class="col-md-6 item">
				<a href="/book/p14387/3918117.html" title="��460�� ����" target="_blank">��460�� ����</a>
			  </div><div class="col-md-6 item">
				<a href="/book/p14387/3918118.html" title="��461�� ���ϵļ�" target="_blank">��461�� ���ϵļ�</a>
			  </div><div class="col-md-6 item">
				<a href="/book/p14387/3918119.html" title="��462�� ���ϵ���ŵ" target="_blank">��462�� ���ϵ���ŵ</a>
			  </div><div class="col-md-6 item">
				<a href="/book/p14387/3918120.html" title="��463�� ҩ������" target="_blank">��463�� ҩ������</a>
			  </div><div class="col-md-6 item">
				<a href="/book/p14387/3918121.html" title="��464�� �����ƭ��" target="_blank">��464�� �����ƭ��</a>
			  </div><div class="col-md-6 item">
				<a href="/book/p14387/3918122.html" title="��465�� �ҵ���" target="_blank">��465�� �ҵ���</a>
			  </div><div class="col-md-6 item">
				<a href="/book/p14387/3918123.html" title="��466�� ������" target="_blank">��466�� ������</a>
			  </div><div class="col-md-6 item">
				<a href="/book/p14387/3918124.html" title="��467�� ��������" target="_blank">��467�� ��������</a>
			  </div><div class="col-md-6 item">
				<a href="/book/p14387/3918125.html" title="��468�� ���صİ׼�" target="_blank">��468�� ���صİ׼�</a>
			  </div><div class="col-md-6 item">
				<a href="/book/p14387/3918126.html" title="��469�� ��΢���Ǿ�" target="_blank">��469�� ��΢���Ǿ�</a>
			  </div><div class="col-md-6 item">
				<a href="/book/p14387/3918127.html" title="��470�� ����ɱ��" target="_blank">��470�� ����ɱ��</a>
			  </div><div class="col-md-6 item">
				<a href="/book/p14387/3918128.html" title="��471�� ��������" target="_blank">��471�� ��������</a>
			  </div><div class="col-md-6 item">
				<a href="/book/p14387/3918129.html" title="��472�� ��˾ȱ�˲�" target="_blank">��472�� ��˾ȱ�˲�</a>
			  </div><div class="col-md-6 item">
				<a href="/book/p14387/3918130.html" title="��473�� ��˪ȭ" target="_blank">��473�� ��˪ȭ</a>
			  </div><div class="col-md-6 item">
				<a href="/book/p14387/3918131.html" title="��474�� ��ͷŮ��" target="_blank">��474�� ��ͷŮ��</a>
			  </div><div class="col-md-6 item">
				<a href="/book/p14387/3918132.html" title="��475�� ��Ҵ" target="_blank">��475�� ��Ҵ</a>
			  </div><div class="col-md-6 item">
				<a href="/book/p14387/3918133.html" title="��476�� ֻ��Ȯ�͵�Ե��" target="_blank">��476�� ֻ��Ȯ�͵�Ե��</a>
			  </div><div class="col-md-6 item">
				<a href="/book/p14387/3918134.html" title="��477�� �ƻ�����" target="_blank">��477�� �ƻ�����</a>
			  </div><div class="col-md-6 item">
				<a href="/book/p14387/3918135.html" title="��478�� û��˵��" target="_blank">��478�� û��˵��</a>
			  </div><div class="col-md-6 item">
				<a href="/book/p14387/3918136.html" title="��479�� С��Ϸ" target="_blank">��479�� С��Ϸ</a>
			  </div><div class="col-md-6 item">
				<a href="/book/p14387/3918137.html" title="��480�� ����ϯ" target="_blank">��480�� ����ϯ</a>
			  </div><div class="col-md-6 item">
				<a href="/book/p14387/3918138.html" title="��481�� �д�" target="_blank">��481�� �д�</a>
			  </div><div class="col-md-6 item">
				<a href="/book/p14387/3918139.html" title="��482�� �������" target="_blank">��482�� �������</a>
			  </div><div class="col-md-6 item">
				<a href="/book/p14387/3918140.html" title="��483�� �������صĴ�����" target="_blank">��483�� �������صĴ�����</a>
			  </div><div class="col-md-6 item">
				<a href="/book/p14387/3918141.html" title="��484�� ������ʶ��" target="_blank">��484�� ������ʶ��</a>
			  </div><div class="col-md-6 item">
				<a href="/book/p14387/3918142.html" title="��485�� һȺƭ�ӣ�" target="_blank">��485�� һȺƭ�ӣ�</a>
			  </div><div class="col-md-6 item">
				<a href="/book/p14387/3918143.html" title="��486�� ����ô֪��" target="_blank">��486�� ����ô֪��</a>
			  </div><div class="col-md-6 item">
				<a href="/book/p14387/3918144.html" title="��487�� ���ٵ�����" target="_blank">��487�� ���ٵ�����</a>
			  </div><div class="col-md-6 item">
				<a href="/book/p14387/3918145.html" title="��488�� �����۸���" target="_blank">��488�� �����۸���</a>
			  </div><div class="col-md-6 item">
				<a href="/book/p14387/3918146.html" title="��489�� ����Ů��" target="_blank">��489�� ����Ů��</a>
			  </div><div class="col-md-6 item">
				<a href="/book/p14387/3918147.html" title="��490�� �׾���" target="_blank">��490�� �׾���</a>
			  </div><div class="col-md-6 item">
				<a href="/book/p14387/3918148.html" title="��491�� ʢŭ��" target="_blank">��491�� ʢŭ��</a>
			  </div><div class="col-md-6 item">
				<a href="/book/p14387/3918149.html" title="��492�� ������Ư��" target="_blank">��492�� ������Ư��</a>
			  </div><div class="col-md-6 item">
				<a href="/book/p14387/3918150.html" title="��493�� �໥��в" target="_blank">��493�� �໥��в</a>
			  </div><div class="col-md-6 item">
				<a href="/book/p14387/3918151.html" title="��494�� Ȯ����" target="_blank">��494�� Ȯ����</a>
			  </div><div class="col-md-6 item">
				<a href="/book/p14387/3918152.html" title="��495�� �ֲ���־��" target="_blank">��495�� �ֲ���־��</a>
			  </div><div class="col-md-6 item">
				<a href="/book/p14387/3918153.html" title="��496�� ������" target="_blank">��496�� ������</a>
			  </div><div class="col-md-6 item">
				<a href="/book/p14387/3918154.html" title="��497�� �������ë" target="_blank">��497�� �������ë</a>
			  </div><div class="col-md-6 item">
				<a href="/book/p14387/3918155.html" title="��498�� ��������" target="_blank">��498�� ��������</a>
			  </div><div class="col-md-6 item">
				<a href="/book/p14387/3918156.html" title="��499�� �Ͻ����" target="_blank">��499�� �Ͻ����</a>
			  </div><div class="col-md-6 item">
				<a href="/book/p14387/3918157.html" title="��500�� ���ϻ������Ŀ" target="_blank">��500�� ���ϻ������Ŀ</a>
			  </div><div class="col-md-6 item">
				<a href="/book/p14387/3918158.html" title="��501�� ��ȭ" target="_blank">��501�� ��ȭ</a>
			  </div><div class="col-md-6 item">
				<a href="/book/p14387/3918159.html" title="��502�� ̩ȭ�����" target="_blank">��502�� ̩ȭ�����</a>
			  </div><div class="col-md-6 item">
				<a href="/book/p14387/3918160.html" title="��503�� ����ӿ��" target="_blank">��503�� ����ӿ��</a>
			  </div><div class="col-md-6 item">
				<a href="/book/p14387/3918161.html" title="��504�� ����ϯ����" target="_blank">��504�� ����ϯ����</a>
			  </div><div class="col-md-6 item">
				<a href="/book/p14387/3918162.html" title="��505�� ��˹" target="_blank">��505�� ��˹</a>
			  </div><div class="col-md-6 item">
				<a href="/book/p14387/3918163.html" title="��506�� �����밲��" target="_blank">��506�� �����밲��</a>
			  </div><div class="col-md-6 item">
				<a href="/book/p14387/3918164.html" title="��507�� ��ҵ���Ĺ��" target="_blank">��507�� ��ҵ���Ĺ��</a>
			  </div><div class="col-md-6 item">
				<a href="/book/p14387/3918165.html" title="��508�� ����" target="_blank">��508�� ����</a>
			  </div><div class="col-md-6 item">
				<a href="/book/p14387/3918166.html" title="��509�� ������" target="_blank">��509�� ������</a>
			  </div><div class="col-md-6 item">
				<a href="/book/p14387/3918167.html" title="��510�� ���׻���" target="_blank">��510�� ���׻���</a>
			  </div><div class="col-md-6 item">
				<a href="/book/p14387/3918168.html" title="��511�� �ݶ��ı�Ӱ" target="_blank">��511�� �ݶ��ı�Ӱ</a>
			  </div><div class="col-md-6 item">
				<a href="/book/p14387/3918169.html" title="��512�� �Ʒ�" target="_blank">��512�� �Ʒ�</a>
			  </div><div class="col-md-6 item">
				<a href="/book/p14387/3918170.html" title="��513�� ���ĺ�Ժ" target="_blank">��513�� ���ĺ�Ժ</a>
			  </div><div class="col-md-6 item">
				<a href="/book/p14387/3918171.html" title="��514�� ��Ϥ������" target="_blank">��514�� ��Ϥ������</a>
			  </div><div class="col-md-6 item">
				<a href="/book/p14387/3918172.html" title="��515�� ����Ժ" target="_blank">��515�� ����Ժ</a>
			  </div><div class="col-md-6 item">
				<a href="/book/p14387/3918173.html" title="��516�� ���׻����ھ���" target="_blank">��516�� ���׻����ھ���</a>
			  </div><div class="col-md-6 item">
				<a href="/book/p14387/3918174.html" title="��517�� �Ҵ�" target="_blank">��517�� �Ҵ�</a>
			  </div><div class="col-md-6 item">
				<a href="/book/p14387/3918175.html" title="��518�� ��Ů�ط�" target="_blank">��518�� ��Ů�ط�</a>
			  </div><div class="col-md-6 item">
				<a href="/book/p14387/3918176.html" title="��519�� ���ˮ���쳣" target="_blank">��519�� ���ˮ���쳣</a>
			  </div><div class="col-md-6 item">
				<a href="/book/p14387/3918177.html" title="��520�� ���İ���" target="_blank">��520�� ���İ���</a>
			  </div><div class="col-md-6 item">
				<a href="/book/p14387/3918178.html" title="��521�� ��һλ����" target="_blank">��521�� ��һλ����</a>
			  </div><div class="col-md-6 item">
				<a href="/book/p14387/3918179.html" title="��522�� ������" target="_blank">��522�� ������</a>
			  </div><div class="col-md-6 item">
				<a href="/book/p14387/3918180.html" title="��523�� ��û��ҵ��" target="_blank">��523�� ��û��ҵ��</a>
			  </div><div class="col-md-6 item">
				<a href="/book/p14387/3918181.html" title="��524�� ����������" target="_blank">��524�� ����������</a>
			  </div><div class="col-md-6 item">
				<a href="/book/p14387/3918182.html" title="��525�� ��ľ" target="_blank">��525�� ��ľ</a>
			  </div><div class="col-md-6 item">
				<a href="/book/p14387/3918183.html" title="��526�� ���ǿ���" target="_blank">��526�� ���ǿ���</a>
			  </div><div class="col-md-6 item">
				<a href="/book/p14387/3918184.html" title="��527�� ��֮��" target="_blank">��527�� ��֮��</a>
			  </div><div class="col-md-6 item">
				<a href="/book/p14387/3918185.html" title="��528�� ������" target="_blank">��528�� ������</a>
			  </div><div class="col-md-6 item">
				<a href="/book/p14387/3918186.html" title="��529�� �������Ȩ��" target="_blank">��529�� �������Ȩ��</a>
			  </div><div class="col-md-6 item">
				<a href="/book/p14387/3918187.html" title="��530�� ��ɱ" target="_blank">��530�� ��ɱ</a>
			  </div><div class="col-md-6 item">
				<a href="/book/p14387/3918188.html" title="��531�� ʱ�䲻����" target="_blank">��531�� ʱ�䲻����</a>
			  </div><div class="col-md-6 item">
				<a href="/book/p14387/3918189.html" title="��532�� ������" target="_blank">��532�� ������</a>
			  </div><div class="col-md-6 item">
				<a href="/book/p14387/3918190.html" title="��533�� ������" target="_blank">��533�� ������</a>
			  </div><div class="col-md-6 item">
				<a href="/book/p14387/3918191.html" title="��534�� ���ҵ�Ŀ��" target="_blank">��534�� ���ҵ�Ŀ��</a>
			  </div><div class="col-md-6 item">
				<a href="/book/p14387/3918192.html" title="��535�� ǿ���������" target="_blank">��535�� ǿ���������</a>
			  </div><div class="col-md-6 item">
				<a href="/book/p14387/3918193.html" title="��536�� ��������" target="_blank">��536�� ��������</a>
			  </div><div class="col-md-6 item">
				<a href="/book/p14387/3918194.html" title="��537�� ��������" target="_blank">��537�� ��������</a>
			  </div><div class="col-md-6 item">
				<a href="/book/p14387/3918195.html" title="��538�� �������" target="_blank">��538�� �������</a>
			  </div><div class="col-md-6 item">
				<a href="/book/p14387/3918196.html" title="��539�� �̽ܵ�����" target="_blank">��539�� �̽ܵ�����</a>
			  </div><div class="col-md-6 item">
				<a href="/book/p14387/3918197.html" title="��540�� ��ʯ" target="_blank">��540�� ��ʯ</a>
			  </div><div class="col-md-6 item">
				<a href="/book/p14387/3918198.html" title="��541�� ��ɫ����" target="_blank">��541�� ��ɫ����</a>
			  </div><div class="col-md-6 item">
				<a href="/book/p14387/3918199.html" title="��542�� �ߺ�����" target="_blank">��542�� �ߺ�����</a>
			  </div><div class="col-md-6 item">
				<a href="/book/p14387/3918200.html" title="��543�� ��ʯ���" target="_blank">��543�� ��ʯ���</a>
			  </div><div class="col-md-6 item">
				<a href="/book/p14387/3918201.html" title="��544�� һ��ҪС��" target="_blank">��544�� һ��ҪС��</a>
			  </div><div class="col-md-6 item">
				<a href="/book/p14387/3918202.html" title="��545�� �������" target="_blank">��545�� �������</a>
			  </div><div class="col-md-6 item">
				<a href="/book/p14387/3918203.html" title="��546�� �赶ɱ��" target="_blank">��546�� �赶ɱ��</a>
			  </div><div class="col-md-6 item">
				<a href="/book/p14387/3918204.html" title="��547�� �ߺ������" target="_blank">��547�� �ߺ������</a>
			  </div><div class="col-md-6 item">
				<a href="/book/p14387/3918205.html" title="��548�� ��ʯ" target="_blank">��548�� ��ʯ</a>
			  </div><div class="col-md-6 item">
				<a href="/book/p14387/3918206.html" title="��549�� ͨ�籨�ţ�" target="_blank">��549�� ͨ�籨�ţ�</a>
			  </div><div class="col-md-6 item">
				<a href="/book/p14387/3918207.html" title="��550�� ����" target="_blank">��550�� ����</a>
			  </div><div class="col-md-6 item">
				<a href="/book/p14387/3918208.html" title="��551�� ���ʯͷ�أ�" target="_blank">��551�� ���ʯͷ�أ�</a>
			  </div><div class="col-md-6 item">
				<a href="/book/p14387/3918209.html" title="��552�� ���⣿" target="_blank">��552�� ���⣿</a>
			  </div><div class="col-md-6 item">
				<a href="/book/p14387/3918210.html" title="��553�� �����ı���" target="_blank">��553�� �����ı���</a>
			  </div><div class="col-md-6 item">
				<a href="/book/p14387/3918211.html" title="��554�� ��������" target="_blank">��554�� ��������</a>
			  </div><div class="col-md-6 item">
				<a href="/book/p14387/3918212.html" title="��555�� ��ʶ����" target="_blank">��555�� ��ʶ����</a>
			  </div><div class="col-md-6 item">
				<a href="/book/p14387/3918213.html" title="��556�� ���㲡��Ҫ����" target="_blank">��556�� ���㲡��Ҫ����</a>
			  </div><div class="col-md-6 item">
				<a href="/book/p14387/3918214.html" title="��557�� ���ξ�" target="_blank">��557�� ���ξ�</a>
			  </div><div class="col-md-6 item">
				<a href="/book/p14387/3918215.html" title="��558�� ȭ�����" target="_blank">��558�� ȭ�����</a>
			  </div><div class="col-md-6 item">
				<a href="/book/p14387/3918216.html" title="��559�� ��������" target="_blank">��559�� ��������</a>
			  </div><div class="col-md-6 item">
				<a href="/book/p14387/3918217.html" title="��560�� ���壡" target="_blank">��560�� ���壡</a>
			  </div><div class="col-md-6 item">
				<a href="/book/p14387/3918218.html" title="��561�� �ɽ��Դ����ɲ����" target="_blank">��561�� �ɽ��Դ����ɲ����</a>
			  </div><div class="col-md-6 item">
				<a href="/book/p14387/3918219.html" title="��562�� ��ȭ" target="_blank">��562�� ��ȭ</a>
			  </div><div class="col-md-6 item">
				<a href="/book/p14387/3918220.html" title="��563�� ����" target="_blank">��563�� ����</a>
			  </div><div class="col-md-6 item">
				<a href="/book/p14387/3918221.html" title="��564�� ��������" target="_blank">��564�� ��������</a>
			  </div><div class="col-md-6 item">
				<a href="/book/p14387/3918222.html" title="��565�� �ڶ��ε���" target="_blank">��565�� �ڶ��ε���</a>
			  </div><div class="col-md-6 item">
				<a href="/book/p14387/3918223.html" title="��566�� ��������Ϣ" target="_blank">��566�� ��������Ϣ</a>
			  </div><div class="col-md-6 item">
				<a href="/book/p14387/3918224.html" title="��567�� ǧ��һ��" target="_blank">��567�� ǧ��һ��</a>
			  </div><div class="col-md-6 item">
				<a href="/book/p14387/3918225.html" title="��568�� ��ս" target="_blank">��568�� ��ս</a>
			  </div><div class="col-md-6 item">
				<a href="/book/p14387/3918226.html" title="��569�� ��Ȼ���㣡" target="_blank">��569�� ��Ȼ���㣡</a>
			  </div><div class="col-md-6 item">
				<a href="/book/p14387/3918227.html" title="��570�� �ؽ���ָ" target="_blank">��570�� �ؽ���ָ</a>
			  </div><div class="col-md-6 item">
				<a href="/book/p14387/3918228.html" title="��571�� ��������" target="_blank">��571�� ��������</a>
			  </div><div class="col-md-6 item">
				<a href="/book/p14387/3918229.html" title="��572�� �ɽ��Դ��ԡ��������" target="_blank">��572�� �ɽ��Դ��ԡ��������</a>
			  </div><div class="col-md-6 item">
				<a href="/book/p14387/3918230.html" title="��573�� ����" target="_blank">��573�� ����</a>
			  </div><div class="col-md-6 item">
				<a href="/book/p14387/3918231.html" title="��574�� ����" target="_blank">��574�� ����</a>
			  </div><div class="col-md-6 item">
				<a href="/book/p14387/3918232.html" title="��575�� ��Ӥ" target="_blank">��575�� ��Ӥ</a>
			  </div><div class="col-md-6 item">
				<a href="/book/p14387/3918233.html" title="��576�� �����Ĺ��" target="_blank">��576�� �����Ĺ��</a>
			  </div><div class="col-md-6 item">
				<a href="/book/p14387/3918234.html" title="��577�� Ȱ˵����" target="_blank">��577�� Ȱ˵����</a>
			  </div><div class="col-md-6 item">
				<a href="/book/p14387/3918235.html" title="��578�� �ҳ��ѱ�" target="_blank">��578�� �ҳ��ѱ�</a>
			  </div><div class="col-md-6 item">
				<a href="/book/p14387/3918236.html" title="��579�� �������ֵ�" target="_blank">��579�� �������ֵ�</a>
			  </div><div class="col-md-6 item">
				<a href="/book/p14387/3918237.html" title="��580�� ������ʶ" target="_blank">��580�� ������ʶ</a>
			  </div><div class="col-md-6 item">
				<a href="/book/p14387/3918238.html" title="��581�� ��������" target="_blank">��581�� ��������</a>
			  </div><div class="col-md-6 item">
				<a href="/book/p14387/3918239.html" title="��582�� ��������" target="_blank">��582�� ��������</a>
			  </div><div class="col-md-6 item">
				<a href="/book/p14387/3918240.html" title="��583�� ����ʵ�ʵ�����" target="_blank">��583�� ����ʵ�ʵ�����</a>
			  </div><div class="col-md-6 item">
				<a href="/book/p14387/3918241.html" title="��584�� ׷ɱ" target="_blank">��584�� ׷ɱ</a>
			  </div><div class="col-md-6 item">
				<a href="/book/p14387/3918242.html" title="��585�� ���ڵ�" target="_blank">��585�� ���ڵ�</a>
			  </div><div class="col-md-6 item">
				<a href="/book/p14387/3918243.html" title="��586�� ���ö���" target="_blank">��586�� ���ö���</a>
			  </div><div class="col-md-6 item">
				<a href="/book/p14387/3918244.html" title="��587�� ����" target="_blank">��587�� ����</a>
			  </div><div class="col-md-6 item">
				<a href="/book/p14387/3918245.html" title="��588�� �ǳ�����" target="_blank">��588�� �ǳ�����</a>
			  </div><div class="col-md-6 item">
				<a href="/book/p14387/3918246.html" title="��589�� ���������" target="_blank">��589�� ���������</a>
			  </div><div class="col-md-6 item">
				<a href="/book/p14387/3918247.html" title="��590�� ����ϵ���Ϲ�����" target="_blank">��590�� ����ϵ���Ϲ�����</a>
			  </div><div class="col-md-6 item">
				<a href="/book/p14387/3918248.html" title="��591�� Ѫ������" target="_blank">��591�� Ѫ������</a>
			  </div><div class="col-md-6 item">
				<a href="/book/p14387/3918249.html" title="��592�� ��٣�" target="_blank">��592�� ��٣�</a>
			  </div><div class="col-md-6 item">
				<a href="/book/p14387/3918250.html" title="��593�� �ҽ�" target="_blank">��593�� �ҽ�</a>
			  </div><div class="col-md-6 item">
				<a href="/book/p14387/3918251.html" title="��594�� �ǳ�����Ϊ" target="_blank">��594�� �ǳ�����Ϊ</a>
			  </div><div class="col-md-6 item">
				<a href="/book/p14387/3918252.html" title="��595�� ��Ѫ����" target="_blank">��595�� ��Ѫ����</a>
			  </div><div class="col-md-6 item">
				<a href="/book/p14387/3918253.html" title="��596�� �޳ܵĲ���" target="_blank">��596�� �޳ܵĲ���</a>
			  </div><div class="col-md-6 item">
				<a href="/book/p14387/3918254.html" title="��597�� �������������" target="_blank">��597�� �������������</a>
			  </div><div class="col-md-6 item">
				<a href="/book/p14387/3918255.html" title="��598�� ����" target="_blank">��598�� ����</a>
			  </div><div class="col-md-6 item">
				<a href="/book/p14387/3918256.html" title="��599�� �������ӵĳ���" target="_blank">��599�� �������ӵĳ���</a>
			  </div><div class="col-md-6 item">
				<a href="/book/p14387/3918257.html" title="��600�� �ݻƵ�ҩ԰" target="_blank">��600�� �ݻƵ�ҩ԰</a>
			  </div><div class="col-md-6 item">
				<a href="/book/p14387/3918258.html" title="��601�� ��������" target="_blank">��601�� ��������</a>
			  </div><div class="col-md-6 item">
				<a href="/book/p14387/3918259.html" title="��602�� Ĭ������ı" target="_blank">��602�� Ĭ������ı</a>
			  </div><div class="col-md-6 item">
				<a href="/book/p14387/3918260.html" title="��603�� �ε���ȫ��" target="_blank">��603�� �ε���ȫ��</a>
			  </div><div class="col-md-6 item">
				<a href="/book/p14387/3918261.html" title="��604�� ��ʮ��" target="_blank">��604�� ��ʮ��</a>
			  </div><div class="col-md-6 item">
				<a href="/book/p14387/3918262.html" title="��605�� ���ѵĶ�ֲ��" target="_blank">��605�� ���ѵĶ�ֲ��</a>
			  </div><div class="col-md-6 item">
				<a href="/book/p14387/3918263.html" title="��606�� ��Ӱ����" target="_blank">��606�� ��Ӱ����</a>
			  </div><div class="col-md-6 item">
				<a href="/book/p14387/3918264.html" title="��607�� �����������" target="_blank">��607�� �����������</a>
			  </div><div class="col-md-6 item">
				<a href="/book/p14387/3918265.html" title="��608�� һ������" target="_blank">��608�� һ������</a>
			  </div><div class="col-md-6 item">
				<a href="/book/p14387/3918266.html" title="��609�� ����" target="_blank">��609�� ����</a>
			  </div><div class="col-md-6 item">
				<a href="/book/p14387/3918267.html" title="��610�� ����α�켶" target="_blank">��610�� ����α�켶</a>
			  </div><div class="col-md-6 item">
				<a href="/book/p14387/3918268.html" title="��611�� �칷֮��" target="_blank">��611�� �칷֮��</a>
			  </div><div class="col-md-6 item">
				<a href="/book/p14387/3918269.html" title="��612�� ǿ��Ĵ���" target="_blank">��612�� ǿ��Ĵ���</a>
			  </div><div class="col-md-6 item">
				<a href="/book/p14387/3918270.html" title="��613�� ����������" target="_blank">��613�� ����������</a>
			  </div><div class="col-md-6 item">
				<a href="/book/p14387/3918271.html" title="��614�� ��ŭ�ļ��" target="_blank">��614�� ��ŭ�ļ��</a>
			  </div><div class="col-md-6 item">
				<a href="/book/p14387/3918272.html" title="��615�� ץȡ��ʷ��ͶӰ" target="_blank">��615�� ץȡ��ʷ��ͶӰ</a>
			  </div><div class="col-md-6 item">
				<a href="/book/p14387/3918273.html" title="��616�� ���" target="_blank">��616�� ���</a>
			  </div><div class="col-md-6 item">
				<a href="/book/p14387/3918274.html" title="��617�� ��Ӱ��" target="_blank">��617�� ��Ӱ��</a>
			  </div><div class="col-md-6 item">
				<a href="/book/p14387/3918275.html" title="��618�� ��������" target="_blank">��618�� ��������</a>
			  </div><div class="col-md-6 item">
				<a href="/book/p14387/3918276.html" title="��619�� ��Ӱ��" target="_blank">��619�� ��Ӱ��</a>
			  </div><div class="col-md-6 item">
				<a href="/book/p14387/3918277.html" title="��620�� ����֮��" target="_blank">��620�� ����֮��</a>
			  </div><div class="col-md-6 item">
				<a href="/book/p14387/3918278.html" title="��621�� ʧ��" target="_blank">��621�� ʧ��</a>
			  </div><div class="col-md-6 item">
				<a href="/book/p14387/3918279.html" title="��622�� ��Ů��Ϸͼ" target="_blank">��622�� ��Ů��Ϸͼ</a>
			  </div><div class="col-md-6 item">
				<a href="/book/p14387/3918280.html" title="��623�� һ���쳣" target="_blank">��623�� һ���쳣</a>
			  </div><div class="col-md-6 item">
				<a href="/book/p14387/3918281.html" title="��624�� �Ľ�" target="_blank">��624�� �Ľ�</a>
			  </div><div class="col-md-6 item">
				<a href="/book/p14387/3918282.html" title="��625�� ɱ��" target="_blank">��625�� ɱ��</a>
			  </div><div class="col-md-6 item">
				<a href="/book/p14387/3918283.html" title="��626�� �Ļ�" target="_blank">��626�� �Ļ�</a>
			  </div><div class="col-md-6 item">
				<a href="/book/p14387/3918284.html" title="��627�� ����" target="_blank">��627�� ����</a>
			  </div><div class="col-md-6 item">
				<a href="/book/p14387/3918285.html" title="��628�� ������" target="_blank">��628�� ������</a>
			  </div><div class="col-md-6 item">
				<a href="/book/p14387/3918286.html" title="��629�� �������" target="_blank">��629�� �������</a>
			  </div><div class="col-md-6 item">
				<a href="/book/p14387/3918287.html" title="��630�� �״������" target="_blank">��630�� �״������</a>
			  </div><div class="col-md-6 item">
				<a href="/book/p14387/3918288.html" title="��631�� ����" target="_blank">��631�� ����</a>
			  </div><div class="col-md-6 item">
				<a href="/book/p14387/3918289.html" title="��632�� ��������" target="_blank">��632�� ��������</a>
			  </div><div class="col-md-6 item">
				<a href="/book/p14387/3918290.html" title="��633�� ��������" target="_blank">��633�� ��������</a>
			  </div><div class="col-md-6 item">
				<a href="/book/p14387/3918291.html" title="��634�� �������Ա�" target="_blank">��634�� �������Ա�</a>
			  </div><div class="col-md-6 item">
				<a href="/book/p14387/3918292.html" title="��635�� ���񱳺��ǿ��" target="_blank">��635�� ���񱳺��ǿ��</a>
			  </div><div class="col-md-6 item">
				<a href="/book/p14387/3918293.html" title="��636�� ��ʾ" target="_blank">��636�� ��ʾ</a>
			  </div><div class="col-md-6 item">
				<a href="/book/p14387/3918294.html" title="��637�� ���۵���ȳ" target="_blank">��637�� ���۵���ȳ</a>
			  </div><div class="col-md-6 item">
				<a href="/book/p14387/3918295.html" title="��638�� �Ƽҵ��ֶ�" target="_blank">��638�� �Ƽҵ��ֶ�</a>
			  </div><div class="col-md-6 item">
				<a href="/book/p14387/3918296.html" title="��639�� ��������" target="_blank">��639�� ��������</a>
			  </div><div class="col-md-6 item">
				<a href="/book/p14387/3918297.html" title="��640�� ��ʷ��ǰ" target="_blank">��640�� ��ʷ��ǰ</a>
			  </div><div class="col-md-6 item">
				<a href="/book/p14387/3918298.html" title="��641�� �������" target="_blank">��641�� �������</a>
			  </div><div class="col-md-6 item">
				<a href="/book/p14387/3918299.html" title="��642�� ʧ�ٵ���" target="_blank">��642�� ʧ�ٵ���</a>
			  </div><div class="col-md-6 item">
				<a href="/book/p14387/3918300.html" title="��643�� �����ʬ" target="_blank">��643�� �����ʬ</a>
			  </div><div class="col-md-6 item">
				<a href="/book/p14387/3918301.html" title="��644�� �ӻ��׹Ǿ�" target="_blank">��644�� �ӻ��׹Ǿ�</a>
			  </div><div class="col-md-6 item">
				<a href="/book/p14387/3918302.html" title="��645�� ���ȳ��" target="_blank">��645�� ���ȳ��</a>
			  </div><div class="col-md-6 item">
				<a href="/book/p14387/3918303.html" title="��646�� һ���ļ�" target="_blank">��646�� һ���ļ�</a>
			  </div><div class="col-md-6 item">
				<a href="/book/p14387/3918304.html" title="��647�� ɳĮ������" target="_blank">��647�� ɳĮ������</a>
			  </div><div class="col-md-6 item">
				<a href="/book/p14387/3918305.html" title="��648�� ��˧Ӫ" target="_blank">��648�� ��˧Ӫ</a>
			  </div><div class="col-md-6 item">
				<a href="/book/p14387/3918306.html" title="��649�� ��ʮ��������" target="_blank">��649�� ��ʮ��������</a>
			  </div><div class="col-md-6 item">
				<a href="/book/p14387/3918307.html" title="��650�� �׹�֮��" target="_blank">��650�� �׹�֮��</a>
			  </div><div class="col-md-6 item">
				<a href="/book/p14387/3918308.html" title="��651�� ���ǵĸ���" target="_blank">��651�� ���ǵĸ���</a>
			  </div><div class="col-md-6 item">
				<a href="/book/p14387/3918309.html" title="��652�� ������" target="_blank">��652�� ������</a>
			  </div><div class="col-md-6 item">
				<a href="/book/p14387/3918310.html" title="��653�� Լ��" target="_blank">��653�� Լ��</a>
			  </div><div class="col-md-6 item">
				<a href="/book/p14387/3918311.html" title="��654�� ʱ������" target="_blank">��654�� ʱ������</a>
			  </div><div class="col-md-6 item">
				<a href="/book/p14387/3918312.html" title="��655�� ��ظүү" target="_blank">��655�� ��ظүү</a>
			  </div><div class="col-md-6 item">
				<a href="/book/p14387/3918313.html" title="��656�� һ֧��" target="_blank">��656�� һ֧��</a>
			  </div><div class="col-md-6 item">
				<a href="/book/p14387/3918314.html" title="��657�� ����֮��" target="_blank">��657�� ����֮��</a>
			  </div><div class="col-md-6 item">
				<a href="/book/p14387/3918315.html" title="��658�� �׻�ľ" target="_blank">��658�� �׻�ľ</a>
			  </div><div class="col-md-6 item">
				<a href="/book/p14387/3918316.html" title="��659�� ����" target="_blank">��659�� ����</a>
			  </div><div class="col-md-6 item">
				<a href="/book/p14387/3918317.html" title="��660�� ɨ���ƻ�" target="_blank">��660�� ɨ���ƻ�</a>
			  </div><div class="col-md-6 item">
				<a href="/book/p14387/3918318.html" title="��661�� ���Ի�" target="_blank">��661�� ���Ի�</a>
			  </div><div class="col-md-6 item">
				<a href="/book/p14387/3918319.html" title="��662�� ��������" target="_blank">��662�� ��������</a>
			  </div><div class="col-md-6 item">
				<a href="/book/p14387/3918320.html" title="��663�� ץ��" target="_blank">��663�� ץ��</a>
			  </div><div class="col-md-6 item">
				<a href="/book/p14387/3918321.html" title="��664�� �ư��ϰ����С��" target="_blank">��664�� �ư��ϰ����С��</a>
			  </div><div class="col-md-6 item">
				<a href="/book/p14387/3918322.html" title="��665�� ĸ����" target="_blank">��665�� ĸ����</a>
			  </div><div class="col-md-6 item">
				<a href="/book/p14387/3918323.html" title="��666�� ħ��" target="_blank">��666�� ħ��</a>
			  </div><div class="col-md-6 item">
				<a href="/book/p14387/3918324.html" title="��667�� ����" target="_blank">��667�� ����</a>
			  </div><div class="col-md-6 item">
				<a href="/book/p14387/3918325.html" title="��668�� Ǯ�ܽ������" target="_blank">��668�� Ǯ�ܽ������</a>
			  </div><div class="col-md-6 item">
				<a href="/book/p14387/3918326.html" title="��669�� �ȷ�����" target="_blank">��669�� �ȷ�����</a>
			  </div><div class="col-md-6 item">
				<a href="/book/p14387/3918327.html" title="��670�� ѡ��" target="_blank">��670�� ѡ��</a>
			  </div><div class="col-md-6 item">
				<a href="/book/p14387/3918328.html" title="��671�� �Ȼ��ǲ���" target="_blank">��671�� �Ȼ��ǲ���</a>
			  </div><div class="col-md-6 item">
				<a href="/book/p14387/3918329.html" title="��672�� �ư�����" target="_blank">��672�� �ư�����</a>
			  </div><div class="col-md-6 item">
				<a href="/book/p14387/3918330.html" title="��673�� �Ϲ�Ԣ" target="_blank">��673�� �Ϲ�Ԣ</a>
			  </div><div class="col-md-6 item">
				<a href="/book/p14387/3918331.html" title="��674�� ׹¥СŮ��" target="_blank">��674�� ׹¥СŮ��</a>
			  </div><div class="col-md-6 item">
				<a href="/book/p14387/3918332.html" title="��675�� ����̯" target="_blank">��675�� ����̯</a>
			  </div><div class="col-md-6 item">
				<a href="/book/p14387/3918333.html" title="��676�� ������" target="_blank">��676�� ������</a>
			  </div><div class="col-md-6 item">
				<a href="/book/p14387/3918334.html" title="��677�� ����似" target="_blank">��677�� ����似</a>
			  </div><div class="col-md-6 item">
				<a href="/book/p14387/3918335.html" title="��678�� ����" target="_blank">��678�� ����</a>
			  </div><div class="col-md-6 item">
				<a href="/book/p14387/3918336.html" title="��679�� ���Ұ��" target="_blank">��679�� ���Ұ��</a>
			  </div><div class="col-md-6 item">
				<a href="/book/p14387/3918337.html" title="��680�� �������" target="_blank">��680�� �������</a>
			  </div><div class="col-md-6 item">
				<a href="/book/p14387/3918338.html" title="��681�� ��;ͬ��" target="_blank">��681�� ��;ͬ��</a>
			  </div><div class="col-md-6 item">
				<a href="/book/p14387/3918339.html" title="��682�� �¾ɽ���" target="_blank">��682�� �¾ɽ���</a>
			  </div><div class="col-md-6 item">
				<a href="/book/p14387/3918340.html" title="��683�� ������" target="_blank">��683�� ������</a>
			  </div><div class="col-md-6 item">
				<a href="/book/p14387/3918341.html" title="��684�� ��ս" target="_blank">��684�� ��ս</a>
			  </div><div class="col-md-6 item">
				<a href="/book/p14387/3918342.html" title="��685�� ���ֹ���" target="_blank">��685�� ���ֹ���</a>
			  </div><div class="col-md-6 item">
				<a href="/book/p14387/3918343.html" title="��686�� ��������" target="_blank">��686�� ��������</a>
			  </div><div class="col-md-6 item">
				<a href="/book/p14387/3918344.html" title="��687�� ͻ�Ʒ���" target="_blank">��687�� ͻ�Ʒ���</a>
			  </div><div class="col-md-6 item">
				<a href="/book/p14387/3918345.html" title="��688�� һ�پƵ���" target="_blank">��688�� һ�پƵ���</a>
			  </div><div class="col-md-6 item">
				<a href="/book/p14387/3918346.html" title="��689�� ��Ť����" target="_blank">��689�� ��Ť����</a>
			  </div><div class="col-md-6 item">
				<a href="/book/p14387/3918347.html" title="��690�� 𤻬Һ��" target="_blank">��690�� 𤻬Һ��</a>
			  </div><div class="col-md-6 item">
				<a href="/book/p14387/3918348.html" title="��691�� �ɵ�" target="_blank">��691�� �ɵ�</a>
			  </div><div class="col-md-6 item">
				<a href="/book/p14387/3918349.html" title="��692�� ����" target="_blank">��692�� ����</a>
			  </div><div class="col-md-6 item">
				<a href="/book/p14387/3918350.html" title="��693�� �������" target="_blank">��693�� �������</a>
			  </div><div class="col-md-6 item">
				<a href="/book/p14387/3918351.html" title="��694�� �����" target="_blank">��694�� �����</a>
			  </div><div class="col-md-6 item">
				<a href="/book/p14387/3918352.html" title="��695�� ��������" target="_blank">��695�� ��������</a>
			  </div><div class="col-md-6 item">
				<a href="/book/p14387/3918353.html" title="��696�� �滻" target="_blank">��696�� �滻</a>
			  </div><div class="col-md-6 item">
				<a href="/book/p14387/3918354.html" title="��697�� ը��" target="_blank">��697�� ը��</a>
			  </div><div class="col-md-6 item">
				<a href="/book/p14387/3918355.html" title="��698�� ����" target="_blank">��698�� ����</a>
			  </div><div class="col-md-6 item">
				<a href="/book/p14387/3918356.html" title="��699�� ���н���" target="_blank">��699�� ���н���</a>
			  </div><div class="col-md-6 item">
				<a href="/book/p14387/3918357.html" title="��700�� ��ɱ" target="_blank">��700�� ��ɱ</a>
			  </div><div class="col-md-6 item">
				<a href="/book/p14387/3918358.html" title="��701�� ����" target="_blank">��701�� ����</a>
			  </div><div class="col-md-6 item">
				<a href="/book/p14387/3918359.html" title="��702�� ����" target="_blank">��702�� ����</a>
			  </div><div class="col-md-6 item">
				<a href="/book/p14387/3918360.html" title="��703�� �¹�ɱ����" target="_blank">��703�� �¹�ɱ����</a>
			  </div><div class="col-md-6 item">
				<a href="/book/p14387/3918361.html" title="��704�� �ָ�ľ���" target="_blank">��704�� �ָ�ľ���</a>
			  </div><div class="col-md-6 item">
				<a href="/book/p14387/3918362.html" title="��705�� ���ⴥ��" target="_blank">��705�� ���ⴥ��</a>
			  </div><div class="col-md-6 item">
				<a href="/book/p14387/3918363.html" title="��706�� ������" target="_blank">��706�� ������</a>
			  </div><div class="col-md-6 item">
				<a href="/book/p14387/3918364.html" title="��707�� ������Ƭ" target="_blank">��707�� ������Ƭ</a>
			  </div><div class="col-md-6 item">
				<a href="/book/p14387/3918365.html" title="��708�� ����ʱ��" target="_blank">��708�� ����ʱ��</a>
			  </div><div class="col-md-6 item">
				<a href="/book/p14387/3918366.html" title="��709�� �û�ƻ�" target="_blank">��709�� �û�ƻ�</a>
			  </div><div class="col-md-6 item">
				<a href="/book/p14387/3918367.html" title="��710�� �׼�����ծ" target="_blank">��710�� �׼�����ծ</a>
			  </div><div class="col-md-6 item">
				<a href="/book/p14387/3918368.html" title="��711�� ����" target="_blank">��711�� ����</a>
			  </div><div class="col-md-6 item">
				<a href="/book/p14387/3918369.html" title="��712�� ���������" target="_blank">��712�� ���������</a>
			  </div><div class="col-md-6 item">
				<a href="/book/p14387/3918370.html" title="��713�� ������" target="_blank">��713�� ������</a>
			  </div><div class="col-md-6 item">
				<a href="/book/p14387/3918371.html" title="��714�� ����" target="_blank">��714�� ����</a>
			  </div><div class="col-md-6 item">
				<a href="/book/p14387/3918372.html" title="��715�� �ټ�����" target="_blank">��715�� �ټ�����</a>
			  </div><div class="col-md-6 item">
				<a href="/book/p14387/3918373.html" title="��716�� ���˵�����" target="_blank">��716�� ���˵�����</a>
			  </div><div class="col-md-6 item">
				<a href="/book/p14387/3918374.html" title="��717�� ��Ի" target="_blank">��717�� ��Ի</a>
			  </div><div class="col-md-6 item">
				<a href="/book/p14387/3918375.html" title="��718�� ��ʳ" target="_blank">��718�� ��ʳ</a>
			  </div><div class="col-md-6 item">
				<a href="/book/p14387/3918376.html" title="��719�� ��һ����" target="_blank">��719�� ��һ����</a>
			  </div><div class="col-md-6 item">
				<a href="/book/p14387/3918377.html" title="��720�� ����" target="_blank">��720�� ����</a>
			  </div><div class="col-md-6 item">
				<a href="/book/p14387/3918378.html" title="��721�� α�켶ħ��" target="_blank">��721�� α�켶ħ��</a>
			  </div><div class="col-md-6 item">
				<a href="/book/p14387/3918379.html" title="��722�� ��������" target="_blank">��722�� ��������</a>
			  </div><div class="col-md-6 item">
				<a href="/book/p14387/3918380.html" title="��723�� ����" target="_blank">��723�� ����</a>
			  </div><div class="col-md-6 item">
				<a href="/book/p14387/3918381.html" title="��724�� �����ǻ�" target="_blank">��724�� �����ǻ�</a>
			  </div><div class="col-md-6 item">
				<a href="/book/p14387/3918382.html" title="��725�� ����" target="_blank">��725�� ����</a>
			  </div><div class="col-md-6 item">
				<a href="/book/p14387/3918383.html" title="��726�� �˰����Ӽ�" target="_blank">��726�� �˰����Ӽ�</a>
			  </div><div class="col-md-6 item">
				<a href="/book/p14387/3918384.html" title="��727�� �����" target="_blank">��727�� �����</a>
			  </div><div class="col-md-6 item">
				<a href="/book/p14387/3918385.html" title="��728�� ��Թ��ͷ��" target="_blank">��728�� ��Թ��ͷ��</a>
			  </div><div class="col-md-6 item">
				<a href="/book/p14387/3918386.html" title="��729�� �д������" target="_blank">��729�� �д������</a>
			  </div><div class="col-md-6 item">
				<a href="/book/p14387/3918387.html" title="��730�� ����̨����ͷ" target="_blank">��730�� ����̨����ͷ</a>
			  </div><div class="col-md-6 item">
				<a href="/book/p14387/3918388.html" title="��731�� �������" target="_blank">��731�� �������</a>
			  </div><div class="col-md-6 item">
				<a href="/book/p14387/3918389.html" title="��732�� ���⻯��" target="_blank">��732�� ���⻯��</a>
			  </div><div class="col-md-6 item">
				<a href="/book/p14387/3918390.html" title="��733�� �ֻ�Ԥ��" target="_blank">��733�� �ֻ�Ԥ��</a>
			  </div><div class="col-md-6 item">
				<a href="/book/p14387/3918391.html" title="��734�� ѡ�ι���" target="_blank">��734�� ѡ�ι���</a>
			  </div><div class="col-md-6 item">
				<a href="/book/p14387/3918392.html" title="��735�� ����" target="_blank">��735�� ����</a>
			  </div><div class="col-md-6 item">
				<a href="/book/p14387/3918393.html" title="��736�� �������" target="_blank">��736�� �������</a>
			  </div><div class="col-md-6 item">
				<a href="/book/p14387/3918394.html" title="��737�� ����" target="_blank">��737�� ����</a>
			  </div><div class="col-md-6 item">
				<a href="/book/p14387/3918395.html" title="��738�� �Ӽ�Χ��" target="_blank">��738�� �Ӽ�Χ��</a>
			  </div><div class="col-md-6 item">
				<a href="/book/p14387/3918396.html" title="��739�� ���ﱻץ" target="_blank">��739�� ���ﱻץ</a>
			  </div><div class="col-md-6 item">
				<a href="/book/p14387/3918397.html" title="��740�� ����" target="_blank">��740�� ����</a>
			  </div><div class="col-md-6 item">
				<a href="/book/p14387/3918398.html" title="��741�� ����" target="_blank">��741�� ����</a>
			  </div><div class="col-md-6 item">
				<a href="/book/p14387/3918399.html" title="��742�� Ǳ��" target="_blank">��742�� Ǳ��</a>
			  </div><div class="col-md-6 item">
				<a href="/book/p14387/3918400.html" title="��743�� Ŀ��" target="_blank">��743�� Ŀ��</a>
			  </div><div class="col-md-6 item">
				<a href="/book/p14387/3918401.html" title="��744�� ���˼ƻ�" target="_blank">��744�� ���˼ƻ�</a>
			  </div><div class="col-md-6 item">
				<a href="/book/p14387/3918402.html" title="��745�� ����" target="_blank">��745�� ����</a>
			  </div><div class="col-md-6 item">
				<a href="/book/p14387/3918403.html" title="��746�� սǰ����" target="_blank">��746�� սǰ����</a>
			  </div><div class="col-md-6 item">
				<a href="/book/p14387/3918404.html" title="��747�� ��ս��" target="_blank">��747�� ��ս��</a>
			  </div><div class="col-md-6 item">
				<a href="/book/p14387/3918405.html" title="��748�� ��ս" target="_blank">��748�� ��ս</a>
			  </div><div class="col-md-6 item">
				<a href="/book/p14387/3918406.html" title="��749�� ����" target="_blank">��749�� ����</a>
			  </div>
            </div>
          </div>
        </div>
      </div>
      <!-- All Chapterlist End -->
    </div>
	<!-- Chapter End -->
  </div>
  <!-- Left End -->
  <div class="col-right2">
	  <div class="panel panel-info hidden-xs hidden-sm t10">
        <div class="panel-heading">
          <h3 class="panel-title">�������</h3>
        </div>
        <div class="panel-body">
          <div class="row">
			<div class="col-md-12 item fix1px"><a class="float-left" href="/book/p14388/" target="_blank">���׼�¼</a><span class="dark float-right">��СQ</span></div><div class="col-md-12 item fix1px"><a class="float-left" href="/book/p14387/" target="_blank">�ƺ���ʬ��/�ƺ�����¼</a><span class="dark float-right">ϸ������</span></div><div class="col-md-12 item fix1px"><a class="float-left" href="/book/p14386/" target="_blank">��������</a><span class="dark float-right">ɽ��ʯ��</span></div><div class="col-md-12 item fix1px"><a class="float-left" href="/book/p14385/" target="_blank">���н�Թ��</a><span class="dark float-right">ɽҰ����</span></div><div class="col-md-12 item fix1px"><a class="float-left" href="/book/p14272/" target="_blank">����</a><span class="dark float-right">���</span></div><div class="col-md-12 item fix1px"><a class="float-left" href="/book/p14224/" target="_blank">ҹ���ߣ�ƽ����ʮ��</a><span class="dark float-right">����������</span></div><div class="col-md-12 item fix1px"><a class="float-left" href="/book/p14218/" target="_blank">��Ĺ�ʼ�����֮��������</a><span class="dark float-right">��������</span></div><div class="col-md-12 item fix1px"><a class="float-left" href="/book/p14213/" target="_blank">���񣺹�ˮ��̸</a><span class="dark float-right">���°Գ�</span></div><div class="col-md-12 item fix1px"><a class="float-left" href="/book/p14212/" target="_blank">����i֮������ʦ</a><span class="dark float-right">���°Գ�</span></div><div class="col-md-12 item fix1px"><a class="float-left" href="/book/p14200/" target="_blank">��췽������</a><span class="dark float-right">�~��Ñ��</span></div>
          </div>
        </div>
      </div>
	  <!--New Book End -->
	  <div class="panel panel-info">
          <div class="panel-heading"><h3 class="panel-title">����������Ʒ</h3></div>
          <div class="panel-body">
            <div class="row">
              
            </div>
          </div>
        </div>
      <div class="panel panel-info">
        <div class="panel-heading">
          <h3 class="panel-title"><strong>�����Ƽ�</strong></h3>
        </div>
        <div class="panel-body">
          <div class="row">
			<div class="col-md-12 t10">
              <div class="media"> <a class="media-left" href="/book/p9518/" target="_blank"> <img class="book-img-small" src="/uploads/cover/9518s.jpg" title="����Ϊ����У��������" alt="����Ϊ����У��������"/> </a>
                <div class="media-body">
                  <div class="media-title">
                    <h4><a href="/book/p9518/" target="_blank">����Ϊ����У��������</a></h4>
					<span class="dark">�Ļ�ƻ�</span>
                  </div>
                  <div class="media-info"> ŷ��ӹ�������������Ź£�һ��Ц�ù����޺��İ׷����꣬ͬʱ���õ���һ��</div>
                </div>
              </div>
            </div><div class="col-md-12 t10">
              <div class="media"> <a class="media-left" href="/book/p11731/" target="_blank"> <img class="book-img-small" src="/uploads/cover/11731s.jpg" title="���Զ����Ļ�����ħ" alt="���Զ����Ļ�����ħ"/> </a>
                <div class="media-body">
                  <div class="media-title">
                    <h4><a href="/book/p11731/" target="_blank">���Զ����Ļ�����ħ</a></h4>
					<span class="dark">ˮī����</span>
                  </div>
                  <div class="media-info"> ��������ƨ��õ��˵ڶ��������������ɢ����ŨŨ��ζ�ĳǱ�����������ԡ�</div>
                </div>
              </div>
            </div><div class="col-md-12 t10">
              <div class="media"> <a class="media-left" href="/book/p11901/" target="_blank"> <img class="book-img-small" src="/uploads/cover/11901s.jpg" title="������ֻ�ö���" alt="������ֻ�ö���"/> </a>
                <div class="media-body">
                  <div class="media-title">
                    <h4><a href="/book/p11901/" target="_blank">������ֻ�ö���</a></h4>
					<span class="dark">����ݿ</span>
                  </div>
                  <div class="media-info"> ɣ������ʱ��������ס����һ��İ����Ư��С��磬���ʱ��ɣ���޵ô�������</div>
                </div>
              </div>
            </div><div class="col-md-12 t10">
              <div class="media"> <a class="media-left" href="/book/p12937/" target="_blank"> <img class="book-img-small" src="/uploads/cover/12937s.jpg" title="����" alt="����"/> </a>
                <div class="media-body">
                  <div class="media-title">
                    <h4><a href="/book/p12937/" target="_blank">����</a></h4>
					<span class="dark">�ɱߴ�һ</span>
                  </div>
                  <div class="media-info">�������µ�ʥ�ӱ����Ҹ�������ߡ��°���������������������������޷ֵ�ͬ��</div>
                </div>
              </div>
            </div><div class="col-md-12 t10">
              <div class="media"> <a class="media-left" href="/book/p13342/" target="_blank"> <img class="book-img-small" src="/uploads/cover/13342s.jpg" title="ʱ�������㻹��" alt="ʱ�������㻹��"/> </a>
                <div class="media-body">
                  <div class="media-title">
                    <h4><a href="/book/p13342/" target="_blank">ʱ�������㻹��</a></h4>
					<span class="dark">��Ц��Ȼ</span>
                  </div>
                  <div class="media-info"> Ů�����Ԭu�����й�һ���������Եĸ���ʱ�⣬��Ϊһ�����⣬��һ���޹��ġ�</div>
                </div>
              </div>
            </div><div class="col-md-12 t10">
              <div class="media"> <a class="media-left" href="/book/p7425/" target="_blank"> <img class="book-img-small" src="/uploads/cover/7425s.jpg" title="��������" alt="��������"/> </a>
                <div class="media-body">
                  <div class="media-title">
                    <h4><a href="/book/p7425/" target="_blank">��������</a></h4>
					<span class="dark">���ݡ����</span>
                  </div>
                  <div class="media-info"> һ�����ϵ������������������Ĺ���Ϊ�й���������Ϥ������ʮ����ʱ��</div>
                </div>
              </div>
            </div><div class="col-md-12 t10">
              <div class="media"> <a class="media-left" href="/book/p7385/" target="_blank"> <img class="book-img-small" src="/uploads/cover/7385s.jpg" title="����û�л��Ų��������" alt="����û�л��Ų��������"/> </a>
                <div class="media-body">
                  <div class="media-title">
                    <h4><a href="/book/p7385/" target="_blank">����û�л��Ų��������</a></h4>
					<span class="dark">����</span>
                  </div>
                  <div class="media-info"> ������磬��ȱ�ɹ��Ļ��������Ĵ��š� ������磬��Զϡȱ���Ų�Ը���</div>
                </div>
              </div>
            </div><div class="col-md-12 t10">
              <div class="media"> <a class="media-left" href="/book/p4447/" target="_blank"> <img class="book-img-small" src="/uploads/cover/4447s.jpg" title="���ʹ���" alt="���ʹ���"/> </a>
                <div class="media-body">
                  <div class="media-title">
                    <h4><a href="/book/p4447/" target="_blank">���ʹ���</a></h4>
					<span class="dark">���</span>
                  </div>
                  <div class="media-info">����һЩ���˵�����ˣ��ڲ�¥�ƹݡ���ͷ��β˵��ǰ������һ�����ض�˵�ġ�</div>
                </div>
              </div>
            </div><div class="col-md-12 t10">
              <div class="media"> <a class="media-left" href="/book/p7313/" target="_blank"> <img class="book-img-small" src="/uploads/cover/7313s.jpg" title="����ë��Զ��" alt="����ë��Զ��"/> </a>
                <div class="media-body">
                  <div class="media-title">
                    <h4><a href="/book/p7313/" target="_blank">����ë��Զ��</a></h4>
					<span class="dark">������</span>
                  </div>
                  <div class="media-info">��ëһ������Զ�У�����ͨ����ëԶ��;�еĲ����㼣�����������ë���ö��ߡ�</div>
                </div>
              </div>
            </div><div class="col-md-12 t10">
              <div class="media"> <a class="media-left" href="/book/p9544/" target="_blank"> <img class="book-img-small" src="/uploads/cover/9544s.jpg" title="����������ֱ���ճ�" alt="����������ֱ���ճ�"/> </a>
                <div class="media-body">
                  <div class="media-title">
                    <h4><a href="/book/p9544/" target="_blank">����������ֱ���ճ�</a></h4>
					<span class="dark">����fer</span>
                  </div>
                  <div class="media-info"> żȻ�������þ�Ȼ���ú�ѧϰ��Ϊ�̳мҲ�Ŭ��������ȥ��ʲôֱ�����Ŵ��С�</div>
                </div>
              </div>
            </div>
          </div>
        </div>
      </div>
	  <!-- �����Ƽ� End-->
    </div>
    <!-- Col-right End -->
</div>
<!-- Footer Begin -->
<div class="footer">
  <div class = "container">
    <p class = "hidden-xs">�����Ȩ����Ϊ�ڱ�վ����������Ʒ�����������棬�뷢�ʼ���<script>play("email")</script>����վȷ�Ϻ󽫻�������ɾ����</p>
    <p class = "hidden-xs">��վ����¼��Ʒ���������⡢������۾����������Ϊ���������վ������</p>
    <p>�������ߣ���һ�����ĺ͹��������鼮֧�����ߣ��������߲���д��������õ��飡</p>
    <p class = "hidden-xs">
      <script>play("tongji")</script> 
    </p>
  </div>
</div>
<div class="fixed-btn">
    <a class="go-top" href="javascript:void(0)" title="���ض���"> <i class="fa fa-angle-up"></i></a>
</div>
<!-- Footer End --> 
<!-- jQuery (necessary for Bootstrap's JavaScript plugins) --> 
<script src="/static/js/jquery.min.js"></script> 
<!-- Include all compiled plugins (below), or include individual files as needed --> 
<script src="/static/js/bootstrap.min.js"></script> 
<script src="/static/js/comm.js"></script>
<script type="text/javascript">
	var sid ="14387";
	$(function(){
        BookShelf.getChapterHistory(book);
    });
</script>
<script type="module" src="https://static.cloudflareinsights.com/beacon.min.js/v4513226cdae34746b4dedf0b4dfa099e1781791509496" integrity="sha512-ZE9pZaUXND66v380QUtch/5sE9tPFh2zg45pR2PB0CVkCtOREv2AJKkSidISWkysEuQ0EH8faUU5du78bx87UQ==" data-cf-beacon='{"version":"2024.11.0","token":"bf4eb1bf0db94d35a471fe4f3b9897eb","r":1}' crossorigin="anonymous"></script>
</body>
</html>

21:12:05.241 [OkHttp https://www.dbxsz.com/...] DEBUG io.legado.app.model.DebugLog - <-- END HTTP (135368-byte, 19611-gzipped-byte body)
21:12:05.243 [main @coroutine#27] INFO io.legado.app.model.DebugLog - sourceUrl: https://www.dbxsd.com, msg: �Ի�ȡ�ɹ�:https://www.dbxsz.com/book/p14387/
21:12:05.243 [main @coroutine#27] INFO io.legado.app.model.DebugLog - sourceUrl: https://www.dbxsd.com, msg: ����ȡĿ¼�б�
21:12:05.246 [main @coroutine#27] INFO io.legado.app.model.DebugLog - sourceUrl: https://www.dbxsd.com, msg: ���б��С:3745
21:12:05.247 [main @coroutine#27] INFO io.legado.app.model.DebugLog - sourceUrl: https://www.dbxsd.com, msg: ������Ŀ¼�б�
21:12:05.465 [main @coroutine#27] INFO io.legado.app.model.DebugLog - sourceUrl: https://www.dbxsd.com, msg: ��Ŀ¼�б�������
21:12:05.465 [main @coroutine#27] INFO io.legado.app.model.DebugLog - sourceUrl: https://www.dbxsd.com, msg: ��������Ϣ
21:12:05.465 [main @coroutine#27] INFO io.legado.app.model.DebugLog - sourceUrl: https://www.dbxsd.com, msg: ���½�����:��1�� �ƺ���ʬ��
21:12:05.465 [main @coroutine#27] INFO io.legado.app.model.DebugLog - sourceUrl: https://www.dbxsd.com, msg: ���½�����:/book/p14387/3917657.html
21:12:05.465 [main @coroutine#27] INFO io.legado.app.model.DebugLog - sourceUrl: https://www.dbxsd.com, msg: ���½���Ϣ:
21:12:05.465 [main @coroutine#27] INFO io.legado.app.model.DebugLog - sourceUrl: https://www.dbxsd.com, msg: ���Ƿ����:false
21:12:05.466 [main @coroutine#27] INFO io.legado.app.model.DebugLog - sourceUrl: https://www.dbxsd.com, msg: ��Ŀ¼����:749
21:12:05.466 [main] INFO cn.kong.app.model.NovelSourceTest -   �½���: 749
21:12:05.466 [main] INFO cn.kong.app.model.NovelSourceTest -     [1] ��1�� �ƺ���ʬ��
21:12:05.466 [main] INFO cn.kong.app.model.NovelSourceTest -     [2] ��2�� �ݶ�
21:12:05.466 [main] INFO cn.kong.app.model.NovelSourceTest -     [3] ��3�� ��ɽ
21:12:05.466 [main] INFO cn.kong.app.model.NovelSourceTest -     [4] ��4�� �ؼ�
21:12:05.466 [main] INFO cn.kong.app.model.NovelSourceTest -     [5] ��5�� ľϻ��
21:12:05.466 [main] INFO cn.kong.app.model.NovelSourceTest -   --- Step 4: ��ȡ���� ---
21:12:05.467 [main @coroutine#28] INFO io.legado.app.model.webBook.WebBook - bookChapterUrl: /book/p14387/3917657.html
21:12:05.467 [OkHttp https://www.dbxsz.com/...] DEBUG io.legado.app.model.DebugLog - --> GET https://www.dbxsz.com/book/p14387/3917657.html h2
21:12:05.467 [OkHttp https://www.dbxsz.com/...] DEBUG io.legado.app.model.DebugLog - User-Agent: Mozilla/5.0 (Linux; Android 9; PDBM00 Build/PPR1.180610.011; wv) AppleWebKit/537.36 (KHTML, like Gecko) Version/4.0 Chrome/70.0.3538.110 Mobile Safari/537.36
21:12:05.467 [OkHttp https://www.dbxsz.com/...] DEBUG io.legado.app.model.DebugLog - Keep-Alive: 300
21:12:05.467 [OkHttp https://www.dbxsz.com/...] DEBUG io.legado.app.model.DebugLog - Connection: Keep-Alive
21:12:05.467 [OkHttp https://www.dbxsz.com/...] DEBUG io.legado.app.model.DebugLog - Cache-Control: no-cache
21:12:05.467 [OkHttp https://www.dbxsz.com/...] DEBUG io.legado.app.model.DebugLog - Host: www.dbxsz.com
21:12:05.467 [OkHttp https://www.dbxsz.com/...] DEBUG io.legado.app.model.DebugLog - Accept-Encoding: gzip
21:12:05.467 [OkHttp https://www.dbxsz.com/...] DEBUG io.legado.app.model.DebugLog - --> END GET
21:12:06.121 [OkHttp https://www.dbxsz.com/...] DEBUG io.legado.app.model.DebugLog - <-- 200 https://www.dbxsz.com/book/p14387/3917657.html (653ms)
21:12:06.121 [OkHttp https://www.dbxsz.com/...] DEBUG io.legado.app.model.DebugLog - date: Fri, 14 Aug 2026 13:12:05 GMT
21:12:06.121 [OkHttp https://www.dbxsz.com/...] DEBUG io.legado.app.model.DebugLog - content-type: text/html
21:12:06.121 [OkHttp https://www.dbxsz.com/...] DEBUG io.legado.app.model.DebugLog - last-modified: Fri, 18 Dec 2020 17:19:06 GMT
21:12:06.121 [OkHttp https://www.dbxsz.com/...] DEBUG io.legado.app.model.DebugLog - nel: {"report_to":"cf-nel","success_fraction":0.0,"max_age":604800}
21:12:06.121 [OkHttp https://www.dbxsz.com/...] DEBUG io.legado.app.model.DebugLog - server-timing: cfCacheStatus;desc="DYNAMIC"
21:12:06.121 [OkHttp https://www.dbxsz.com/...] DEBUG io.legado.app.model.DebugLog - server-timing: cfEdge;dur=7,cfOrigin;dur=154
21:12:06.121 [OkHttp https://www.dbxsz.com/...] DEBUG io.legado.app.model.DebugLog - vary: Accept-Encoding
21:12:06.121 [OkHttp https://www.dbxsz.com/...] DEBUG io.legado.app.model.DebugLog - report-to: {"group":"cf-nel","max_age":604800,"endpoints":[{"url":"https://a.nel.cloudflare.com/report/v4?s=iu5D4IU3th7O9R8SrNSMLq4VUx%2B35%2Bs10KKLcGxLXcGx30%2BVKdQcOfANI3kR%2FU8Uw242hcuebdC4rWypF6n7OKgGuzxZ5qK1Fu139QrwNqhuQhQQAwNYMvcA6AC54x%2BB"}]}
21:12:06.121 [OkHttp https://www.dbxsz.com/...] DEBUG io.legado.app.model.DebugLog - server: cloudflare
21:12:06.121 [OkHttp https://www.dbxsz.com/...] DEBUG io.legado.app.model.DebugLog - cf-cache-status: DYNAMIC
21:12:06.121 [OkHttp https://www.dbxsz.com/...] DEBUG io.legado.app.model.DebugLog - content-encoding: gzip
21:12:06.121 [OkHttp https://www.dbxsz.com/...] DEBUG io.legado.app.model.DebugLog - cf-ray: a2b0358ae8da0e18-AMS
21:12:06.121 [OkHttp https://www.dbxsz.com/...] DEBUG io.legado.app.model.DebugLog - alt-svc: h3=":443"; ma=86400
21:12:07.076 [OkHttp https://www.dbxsz.com/...] DEBUG io.legado.app.model.DebugLog - 
21:12:07.076 [OkHttp https://www.dbxsz.com/...] DEBUG io.legado.app.model.DebugLog - <!DOCTYPE html>
<html lang="zh-cn">
<head>
	<meta charset="utf-8">
	<meta http-equiv="X-UA-Compatible" content="IE=edge">
	<meta name="viewport" content="width=device-width, initial-scale=1">
	<title>��1�� �ƺ���ʬ��-���ƺ���ʬ��/�ƺ�����¼����������Ķ�_����С˵��</title>

	<meta name="keywords" content="����С˵��,�ƺ���ʬ��/�ƺ�����¼,��1�� �ƺ���ʬ�� �����Ķ�"/>
	<meta name="description" content="��ǰ�½�:��1�� �ƺ���ʬ��"/>
	
		<link href="/static/css/bootstrap.min.css" rel="stylesheet">
	<link href="/static/css/font-awesome.min.css" rel="stylesheet" >
	<link href="/static/css/base.css" rel="stylesheet">
	<script src="/static/js/action.js"></script>
	<!--[if lt IE 9]>
      <script src="/static/js/html5shiv.min.js"></script>
      <script src="/static/js/respond.min.js"></script>
    <![endif]-->
	<script type="text/javascript">
      var book = new Object();
      book.id="14387";
      book.name="�ƺ���ʬ��/�ƺ�����¼";
      book.author="ϸ������";
      book.url="/book/p14387/";
      book.chapterName="��1�� �ƺ���ʬ��";
      book.chapterUrl=window.location.href;
      book.chapterId="3917657";
    </script>
</head>
<body>
<div class="top">
	<div class="container">
    	<div class="logo-name"><a href="/">����С˵��</a></div>
        <div class="float-right"><script>play("lan")</script></div>
    </div>
</div>
<div class="container">
	      <div class="search row">
        <div class="col-sm-4 col-xs-12">
          <form id="search-form" action="/plus/search.php">
            <div class="input-group">
              <input type="text" class="form-control" placeholder="����������" id="bdcsMain" name="q" />
              <div class="input-group-addon" onclick="search();"><span class="fa fa-search"></span></div>
            </div>
          </form>
        </div>
		<div class="col-sm-2 hidden-xs">
          
        </div>
        <div class="col-sm-6 hidden-xs">
         
        </div>
      </div>
</div>

<div class="container">
  <div class="book-type t10">
	<ol class="breadcrumb hidden-xs">
	  <li><a href="//www.dubushanhe.com"><i class="fa fa-home"></i> ��ҳ</a></li>
	  <li><a href="/book/p14387/">�ƺ���ʬ��/�ƺ�����¼</a></li>
	  <li class="active">��1�� �ƺ���ʬ��</li>
	</ol>
  </div>
  <div class="cont-set clearfix">
  	<script>bookset();</script>
  </div>
  <!-- Content Begin-->
  <div class="content" id="content">
    <h1 class="cont-title">��1�� �ƺ���ʬ��</h1>
    <div class="row">
      <div class="col-md-3"></div>
      <div class="col-md-6 text-center">
        <a href="/book/p14387/"><button type="button" class="btn btn-info"><i class="fa fa-arrow-circle-left" aria-hidden="true"></i> ��һ��</button></a>
        <a href="/book/p14387/"><button type="button" class="btn btn-info">��Ŀ¼</button></a>
        <a href="/book/p14387/3917657_2.html"><button type="button" class="btn btn-info">��һҳ <i class="fa fa-arrow-circle-right" aria-hidden="true"></i></button></a>
      </div>
    </div>
	<div class="page">
		<ul class="pagination pagination-sm">
			<li class="active"><a>1</a></li><li><a href='3917657_2.html'>2</a></li>
		</ul>
	</div>
	<script>play("code-1");</script>
	<div id="cont-body" class="cont-body 3917657">
		<script>play("code-2");</script>
    	
<p>��ʮ��ǰ���ұ����̵��Ұֱ��ң����������һ��С��塣</p>
<p>�������������ڿ�����������ĸ�ļޣ��ҿ�ʼ��үү���</p>
<p>үү�������˸��ܰ��������֣�����ı��</p>
<p>Сʱ��үү�����������£�������ϼ˵�������ӵ�������ı��ϣ�����ܹ���Ϊһ���������صĺ��ӡ���</p>
<p>�Ҷ���үү�Աߣ�������գ�һ�Բ�����</p>
<p>үү�����ҳ����Ӧ�û��Ǹ����Ƶĺ��ӣ������ҵ��Դ����ң���֪��Ϊɶ�������𣿡�</p>
<p>��ҡͷ��үү������������޺�������ʬ�ˣ������ղ���ʧ������</p>
<p>�ҵ�ʱ������үү�⻰�����˼����û����ã�������һ���󲡣���ɶ��ɶ������¹�ȥ���������ݳ�������״�����������Ƶġ�</p>
<p>��ʱ������ԵĶ���һ�ô򵽵׵����׷ۣ����ں�������һ�������������ۣ��Ҹ������ʲ���ȥ����ˮ���¹�Ҳ�÷�������</p>
<p>�ۿ������Ѿ�����һϢ��үү�����Ū���ż����ԣ�����ʱ��������******����������ʬ���Ұ���Ҽҿ��ȼ������գ��������ҵĵ�������</p>
<p>үү���ڴ��ߣ���ͷ���ź��̣�̾�˿����������ް����������Ⱳ�Ӿ��������������������Ҳֻ������ˡ���</p>
<p>˵�գ�үү�������¾ͳ���ȥ�ˡ�</p>
<p>����һ�����үү���������Ļ�����������������ǽ�ߣ���������һ���⡣</p>
<p>�����үү��Ȼ�һ�һ���⣬�ǿ���ǳ����ʣ����ڵ�Ѫ��</p>
<p>үү�������ҵĶ�ͷ���������Ҹ��Ѳ԰׵�˫����ȥ������������������ǿ����⡣</p>
<p>���˵�����Ʈ�����ݣ������ڴ��ϣ�����ֱ�̿�ˮ��</p>
<p>�����ݵ�үүȴ�ڴ�����Ż��</p>
<p>�����ˣ�үү���������������ǰ�����ҳ��ȳԣ��Ҷ���ǰ�����󱳣��Ե����̻��ʣ�Ǻ������ֱ����үү�����ҵĺ󱳣�������Щ�ԡ�</p>
<p>�����⣬�һָ���Щ����������Ҳ������Щ��</p>
<p>�ڶ��죬үү������һ�����������ε��ⲻ��ô���ʣ���ɫ���ϣ���մ��������</p>
<p>үү�������죬�˸��ҳԣ���һ����ȥ�������ֵ��������ҳԹ���óԵĶ����������ޱȣ��������㡣</p>
<p>�ҳ��⣬үүվ��һ�߿����ң���ÿ��һ����ȥ���������ᡣ</p>
<p>�Һܲ��⣬̧ͷ����Ŀ���үү������ΪʲôҪ�ޣ�������Ҫ��Ҫһ��ԡ�</p>
<p>үү�����ӹ��˹ģ�û��ס��������Ż������ͨ�졣</p>
<p>���¶��ҷǳ��ѽ⡣</p>
<p>������ԣ������ָ��ˣ�������������ǿ��û����ã������念����������������Ҫ��ͬ��ĺ�����ǿ���ܶࡣ</p>
<p>������ѧ��ͬѧ�Ƕ�������Ƽ��ݵģ�ֻ���ң�������棬ǿ׳����ͷţ����</p>
<p>ѧУ�ٰ���˶��ᣬ����ȫ�ܽ�����ȫ���һ������ѧУ�Ƽ������������Сѧ�μ��˶��ᣬһ�ٶ���������ơ�</p>
<p>�佱�����ϣ�����Сѧ��������ʦ��������Ϊʲô��ô�á�</p>
<p>���Ժ���˵����Ϊ��ÿ�춼����ԡ�</p>
<p>��ʱ�ڳ���������ʦ���������ˣ�ͬѧ��Ҳ��һ����Ľ��</p>
<p>��ʱ******��Ȼ��ȥ�ˣ����ָ������ս����������ë�ӻ�ծ�����ӹ��ķǳ����ѣ�����ο��ѵ�����������򳤼Ұ��궼�Բ���һ���⡣</p>
<p>�Ҽ�û����׳�����������ʮ����ͷ����һ�����ӣ�û�������Ѿ������漣����Ȼ������ԡ�</p>
<p>���뵱ʱ��˵�������Ļ�������ж��𾪡�</p>
<p>��ѧ�󣬴峤Ů����������ǽ�ǣ���������Ū������ԣ���˵���Ǽ��Ѿ����궼û�Ե����ˡ�</p>
<p>��˵��Ҳ��֪������֮үүÿ�춼�ܸ����⣬��ÿ�춼����ԡ�</p>
<p>û����ã�������鴫�����򳤵Ķ����</p>
<p>��һ�����İ���������������Ǽҡ�</p>
<p>��ʱ�Ҽҵ�������Ҫ�Ͻɣ�����Ϊ�������Ҽ����鷳�ģ�˭֪������ʱ�����ﻹ�������</p>
<p>һ����ˮ����ţ���ͷ��</p>
<p>�����£������ѷ�����������ҪƱ��������ǮҲ��һ��������Щ������</p>
<p>�������˶����ˡ�</p>
<p>үү���������ˣ���ɫ��ʱ�����������������û���򳤣�ת��ͻ��ݡ�</p>
<p>�򳤸�æ׷��үү�����ݡ�</p>
<p>��������ʹ�����үү��ŭ��</p>
<p>����ž�������죬�����������˶�������վ��Ժ����֪�������ˣ����������ģ��Ķ��ᵽ��ɤ���۶���</p>
<p>����һ����������ѵ�һ�����죬�򳤱�үү�Ƴ����ţ���������ˮ���͹�ͷ��үү��ͷ�������������⡣</p>
<p>��������</p>
<p>үү���һ���������˷��š�</p>
<p>��ͷ�����ң�������һ�������ĺ��ӣ�����үү�ţ�������ͷ��</p>
<p>�飡</p>
<p>�飡</p>
<p>�飡</p>
<p>��ÿһ�¶������������涼�����࣬�����Դ����ڵ��ϣ���ˮ�ɽ�����ͷҲ�����ˡ���Ѫ˳�Ŷ�ͷ���������ˮ�����䡣</p>
<p>���޵����Ǹ����ӣ�˻�����ߵ�����</p>
<p>�ⳡ�����Ҵ�Ŀ���ġ�</p>
<p>�����壬�������ˣ�����һ�κӣ����ҵ���ʬ����������Ϊ��������ı�����������Ѿ����˹�أ��ٽ�ʮ����������ԣ���Ȼ������ƣ������������дȱ�����</p>
<p>��ʱ�ҲŻ�Ȼ�����ѹ��򳤴�����������ԭ��������үү�º���ʬ��</p>
<p>ͬʱ����Ҳ�������ף�����󺵻����Ұ�޼������֮�£�үү�Ǵ�����Ū�������ˡ�</p>
<p>����үү˵�������Ǽ����洫����ʬ���գ�����ȴ����û�м�үү�º��̹�ʬ��Ӧ���ǽ���ϴ�ֶ����ˡ�</p>
<p>����ı���Ϳ͡���</p>
<p>���ﴫ��үү���ͷ��������</p>
<p>�Ҵ��˸��������æ�ܵ�����ǰ���������</p>
<p>˭֪�����Ƿ���һ����һ�ѱ�ס�ҵĴ��ȣ��޺������ң�����ı����ı���������壬������үү�����㳤��������ݶ��޸��㣬��һ��Ҫ���ң����ҡ���</p>
<p>����Ȼ����ǿ׳������Ҳ�󣬿��վ��Ǹ����ӣ��������ı����ҵĴ��ȣ����ǲ��ſ�����˵��������ˣ��Ҹ�����ס�������Ѷ����Ѳ��ˡ�</p>
<p>���Ż��ˣ����ſ�ǻ����үү��</p>
<p>�ѣ�</p>
<p>һ�����죬үү�߿����ţ�վ���ſڣ�һ��ŭ���ĵ����ң�������Ҫɱ�ˡ�</p>
<p>���ŵ���ڵ�����һ��Ҳ���Ҷ���</p>
<p>��Ҳֹͣ�����ڣ������Ͱ͵Ŀ���үү��</p>
<p>ҹĻ�£�үү����ɷ�����أ������Ǹ�������Ӱ��Ĵ������������ǳ⣬�Եø���ߴ�ׯ�ࡣ</p>
<p>���Ҹ���˵��ʲô���޿����䣬��ʲô���ӣ��������������������������Ӻ�������ȡ������ı������Ҫ�����⸱�����𣿡�</p>

    </div>
	
	<div class="clear"></div>
	<div class="note"><script>play("note");</script></div>
	<script>play("code-3");</script>
	<div class="page">
		<ul class="pagination pagination-sm">
			<li class="active"><a>1</a></li><li><a href='3917657_2.html'>2</a></li>
		</ul>
	</div>
	<script>play("code-4");</script>
    <div class="row t10">
      <div class="col-md-3"></div>
      <div class="col-md-6 text-center">
        <a href="/book/p14387/"><button type="button" class="btn btn-info"><i class="fa fa-arrow-circle-left" aria-hidden="true"></i> ��һ��</button></a>
        <a href="/book/p14387/"><button type="button" class="btn btn-info">��Ŀ¼</button></a>
        <a href="/book/p14387/3917657_2.html"><button type="button" class="btn btn-info">��һҳ <i class="fa fa-arrow-circle-right" aria-hidden="true"></i></button></a>
      </div>
    </div>
	<script>play("code-5");</script>
	
  </div>
  <!-- Content End-->
</div>
<!-- Footer Begin -->
<div class="footer">
  <div class = "container">
    <p class = "hidden-xs">�����Ȩ����Ϊ�ڱ�վ����������Ʒ�����������棬�뷢�ʼ���<script>play("email")</script>����վȷ�Ϻ󽫻�������ɾ����</p>
    <p class = "hidden-xs">��վ����¼��Ʒ���������⡢������۾����������Ϊ���������վ������</p>
    <p>�������ߣ���һ�����ĺ͹��������鼮֧�����ߣ��������߲���д��������õ��飡</p>
    <p class = "hidden-xs">
      <script>play("tongji")</script> 
    </p>
  </div>
</div>
<div class="fixed-btn">
    <a class="go-top" href="javascript:void(0)" title="���ض���"> <i class="fa fa-angle-up"></i></a>
</div>
<!-- Footer End --> 
<!-- jQuery (necessary for Bootstrap's JavaScript plugins) --> 
<script src="/static/js/jquery.min.js"></script> 
<!-- Include all compiled plugins (below), or include individual files as needed --> 
<script src="/static/js/bootstrap.min.js"></script> 
<script src="/static/js/comm.js"></script>
<script type="text/javascript">
	var shortname = ".html";
	var npage = 1;
	var totalpage = 2;
	var namehand = "3917657";
	var displaytype = "st";
	var nexturl = "<a href='/book/p14387/3917658.html'><button type='button' class='btn btn-info'>��һ��(��)</button></a>";
	var preurl = "";
	var muluurl = "/book/p14387/";
	var cid = "3917657";
	var sid ="14387";
	play("flow");
</script>
<script src="/static/js/article.js"></script>
<script src="/static/js/up.js"></script>
<script type="module" src="https://static.cloudflareinsights.com/beacon.min.js/v4513226cdae34746b4dedf0b4dfa099e1781791509496" integrity="sha512-ZE9pZaUXND66v380QUtch/5sE9tPFh2zg45pR2PB0CVkCtOREv2AJKkSidISWkysEuQ0EH8faUU5du78bx87UQ==" data-cf-beacon='{"version":"2024.11.0","token":"bf4eb1bf0db94d35a471fe4f3b9897eb","r":1}' crossorigin="anonymous"></script>
</body>
</html>

21:12:07.076 [OkHttp https://www.dbxsz.com/...] DEBUG io.legado.app.model.DebugLog - <-- END HTTP (13534-byte, 6033-gzipped-byte body)
21:12:07.076 [main @coroutine#28] INFO io.legado.app.model.DebugLog - sourceUrl: https://www.dbxsd.com, msg: �Ի�ȡ�ɹ�:/book/p14387/3917657.html
21:12:07.078 [OkHttp https://www.dbxsz.com/...] DEBUG io.legado.app.model.DebugLog - --> GET https://www.dbxsz.com/book/p14387/3917657_2.html h2
21:12:07.078 [OkHttp https://www.dbxsz.com/...] DEBUG io.legado.app.model.DebugLog - User-Agent: Mozilla/5.0 (Linux; Android 9; PDBM00 Build/PPR1.180610.011; wv) AppleWebKit/537.36 (KHTML, like Gecko) Version/4.0 Chrome/70.0.3538.110 Mobile Safari/537.36
21:12:07.078 [OkHttp https://www.dbxsz.com/...] DEBUG io.legado.app.model.DebugLog - Keep-Alive: 300
21:12:07.078 [OkHttp https://www.dbxsz.com/...] DEBUG io.legado.app.model.DebugLog - Connection: Keep-Alive
21:12:07.078 [OkHttp https://www.dbxsz.com/...] DEBUG io.legado.app.model.DebugLog - Cache-Control: no-cache
21:12:07.078 [OkHttp https://www.dbxsz.com/...] DEBUG io.legado.app.model.DebugLog - Host: www.dbxsz.com
21:12:07.078 [OkHttp https://www.dbxsz.com/...] DEBUG io.legado.app.model.DebugLog - Accept-Encoding: gzip
21:12:07.078 [OkHttp https://www.dbxsz.com/...] DEBUG io.legado.app.model.DebugLog - --> END GET
21:12:07.453 [OkHttp https://www.dbxsz.com/...] DEBUG io.legado.app.model.DebugLog - <-- 200 https://www.dbxsz.com/book/p14387/3917657_2.html (374ms)
21:12:07.453 [OkHttp https://www.dbxsz.com/...] DEBUG io.legado.app.model.DebugLog - date: Fri, 14 Aug 2026 13:12:07 GMT
21:12:07.453 [OkHttp https://www.dbxsz.com/...] DEBUG io.legado.app.model.DebugLog - content-type: text/html
21:12:07.453 [OkHttp https://www.dbxsz.com/...] DEBUG io.legado.app.model.DebugLog - last-modified: Fri, 18 Dec 2020 17:19:06 GMT
21:12:07.453 [OkHttp https://www.dbxsz.com/...] DEBUG io.legado.app.model.DebugLog - nel: {"report_to":"cf-nel","success_fraction":0.0,"max_age":604800}
21:12:07.453 [OkHttp https://www.dbxsz.com/...] DEBUG io.legado.app.model.DebugLog - server-timing: cfCacheStatus;desc="DYNAMIC"
21:12:07.453 [OkHttp https://www.dbxsz.com/...] DEBUG io.legado.app.model.DebugLog - server-timing: cfEdge;dur=4,cfOrigin;dur=154
21:12:07.453 [OkHttp https://www.dbxsz.com/...] DEBUG io.legado.app.model.DebugLog - vary: Accept-Encoding
21:12:07.453 [OkHttp https://www.dbxsz.com/...] DEBUG io.legado.app.model.DebugLog - report-to: {"group":"cf-nel","max_age":604800,"endpoints":[{"url":"https://a.nel.cloudflare.com/report/v4?s=PUgExRTFWkCWhUtOYM2tcc2AC%2FDdM5xVip3xXT2N%2Funv%2BcZOu3cwW0ETpvpDh498ZKsk9PM16toDasOM2PkLVel08RH9wese3f4tMY9GruAi7Av48RrCbX9msDrRwIqK"}]}
21:12:07.453 [OkHttp https://www.dbxsz.com/...] DEBUG io.legado.app.model.DebugLog - server: cloudflare
21:12:07.453 [OkHttp https://www.dbxsz.com/...] DEBUG io.legado.app.model.DebugLog - cf-cache-status: DYNAMIC
21:12:07.453 [OkHttp https://www.dbxsz.com/...] DEBUG io.legado.app.model.DebugLog - content-encoding: gzip
21:12:07.453 [OkHttp https://www.dbxsz.com/...] DEBUG io.legado.app.model.DebugLog - cf-ray: a2b03594fd670e18-AMS
21:12:07.453 [OkHttp https://www.dbxsz.com/...] DEBUG io.legado.app.model.DebugLog - alt-svc: h3=":443"; ma=86400
21:12:07.551 [OkHttp https://www.dbxsz.com/...] DEBUG io.legado.app.model.DebugLog - 
21:12:07.551 [OkHttp https://www.dbxsz.com/...] DEBUG io.legado.app.model.DebugLog - <!DOCTYPE html>
<html lang="zh-cn">
<head>
	<meta charset="utf-8">
	<meta http-equiv="X-UA-Compatible" content="IE=edge">
	<meta name="viewport" content="width=device-width, initial-scale=1">
	<title>��1�� �ƺ���ʬ�ˣ���2/2ҳ��-���ƺ���ʬ��/�ƺ�����¼����������Ķ�_����С˵��</title>

	<meta name="keywords" content="����С˵��,�ƺ���ʬ��/�ƺ�����¼,��1�� �ƺ���ʬ�ˣ���2/2ҳ�� �����Ķ�"/>
	<meta name="description" content="��ǰ�½�:��1�� �ƺ���ʬ�ˣ���2/2ҳ��"/>
	
		<link href="/static/css/bootstrap.min.css" rel="stylesheet">
	<link href="/static/css/font-awesome.min.css" rel="stylesheet" >
	<link href="/static/css/base.css" rel="stylesheet">
	<script src="/static/js/action.js"></script>
	<!--[if lt IE 9]>
      <script src="/static/js/html5shiv.min.js"></script>
      <script src="/static/js/respond.min.js"></script>
    <![endif]-->
	<script type="text/javascript">
      var book = new Object();
      book.id="14387";
      book.name="�ƺ���ʬ��/�ƺ�����¼";
      book.author="ϸ������";
      book.url="/book/p14387/";
      book.chapterName="��1�� �ƺ���ʬ�ˣ���2/2ҳ��";
      book.chapterUrl=window.location.href;
      book.chapterId="3917657";
    </script>
</head>
<body>
<div class="top">
	<div class="container">
    	<div class="logo-name"><a href="/">����С˵��</a></div>
        <div class="float-right"><script>play("lan")</script></div>
    </div>
</div>
<div class="container">
	      <div class="search row">
        <div class="col-sm-4 col-xs-12">
          <form id="search-form" action="/plus/search.php">
            <div class="input-group">
              <input type="text" class="form-control" placeholder="����������" id="bdcsMain" name="q" />
              <div class="input-group-addon" onclick="search();"><span class="fa fa-search"></span></div>
            </div>
          </form>
        </div>
		<div class="col-sm-2 hidden-xs">
          
        </div>
        <div class="col-sm-6 hidden-xs">
         
        </div>
      </div>
</div>

<div class="container">
  <div class="book-type t10">
	<ol class="breadcrumb hidden-xs">
	  <li><a href="//www.dubushanhe.com"><i class="fa fa-home"></i> ��ҳ</a></li>
	  <li><a href="/book/p14387/">�ƺ���ʬ��/�ƺ�����¼</a></li>
	  <li class="active">��1�� �ƺ���ʬ�ˣ���2/2ҳ��</li>
	</ol>
  </div>
  <div class="cont-set clearfix">
  	<script>bookset();</script>
  </div>
  <!-- Content Begin-->
  <div class="content" id="content">
    <h1 class="cont-title">��1�� �ƺ���ʬ�ˣ���2/2ҳ��</h1>
    <div class="row">
      <div class="col-md-3"></div>
      <div class="col-md-6 text-center">
        <a href="/book/p14387/3917657.html"><button type="button" class="btn btn-info"><i class="fa fa-arrow-circle-left" aria-hidden="true"></i> ��һҳ</button></a>
        <a href="/book/p14387/"><button type="button" class="btn btn-info">��Ŀ¼</button></a>
        <a href="/book/p14387/3917658.html"><button type="button" class="btn btn-info">��һ�� <i class="fa fa-arrow-circle-right" aria-hidden="true"></i></button></a>
      </div>
    </div>
	<div class="page">
		<ul class="pagination pagination-sm">
			<li><a href='3917657.html'>1</a></li><li class="active"><a>2</a></li>
		</ul>
	</div>
	<script>play("code-1");</script>
	<div id="cont-body" class="cont-body 3917657">
		<script>play("code-2");</script>
    	<p>����үү��һ�θ��ҷ�����û�뵽����Ȼ�ᷢ��ô��Ļ�</p>
<p>үү�籡������ŭ�������侲��������</p>
<p>���ǣ������������һʱ�䶼��˵���ˣ����¼ž���������š�</p>
<p>����~��</p>
<p>���ú�үү̾�˿�����������Ҳ�գ�Ҫ�����컯�ˡ���</p>
<p>���۾�һ�����ſ��ң���æ��ͷ����лл���壬лл���塣��</p>
<p>үү��Цһ���������ȱ���ˣ��һ�û��Ӧ�㡣��</p>
<p>��һ㶣�̧ͷ��������үү��</p>
<p>������¹��£�үү��ɫ��Ȼ��û���κα��顣</p>
<p>�������ʬ����ţ��ɽ��������Ϲ�ͷȥ��Ҳ�̲�������Ҫ����ı����</p>
<p>����ı������һ�����ȵĿ����ҡ�</p>
<p>��Ҳ���˸������ָ���Լ�����������ȥ��ʬ����</p>
<p>үү���˵�ͷ��û˵����</p>
<p>����������������ָ�����ʵ�������ı��ʮ���꣬�����𣿡�</p>
<p>үү��Ц�������ǾͲ���˵�ˣ������뻹��ϣ������</p>
<p>�����ɣ�����æ�ʡ�</p>
<p>�����ɣ���үү����</p>
<p>�򳤶���˪������һ��й������</p>
<p>үү�۾�һ�ɣ����̲��̣���</p>
<p>���̣��̣��������һ�£��Ͻ��ͷ��</p>
<p>���ã�����㶼���ɡ���үү����ĵ�ͷ��</p>
<p>��æ�����ĵ�ͷ������������Ҷ���һǧ��Ǯ��һ�ֲ��ܶ࣬һ��Ҳ�����١���</p>
<p>����ֹ����үү��������</p>
<p>���ǣ���������ͷһ������̽�ʵ���</p>
<p>���㲻��˵Ҫ���ݶ��������ı��ϱ����������Ͱ��ݶ������Ҽң��ɹ��˾�ֱ�Ӷ������ס���үү˵����</p>
<p>����Ҫ��ʧ�����أ������ӷ��ʡ�</p>
<p>��ʧ�ܣ���үү��ߣ���ʧ�ܾ����ݶ�����ı��һ���ӻ�ѡ���</p>
<p>үү����һ�䣬���������ҡ�</p>
<p>�����ˣ�Ҫ˵�Ļ��Ҷ�˵���ˣ���ξ������Լ�ѡ����˵�գ�үүת����ݡ�</p>
<p>�򳤹��ڵ��ϣ�̧ͷ������һ�����Ȼ�����һҧ���ݺ��ڵ��Ͽ�ͷ�������������ã����������ݶ���������</p>
<p>үүû�лػ�����վ��������һ��һײ���뿪��</p>
<p>��������ȥ�ı�Ӱ���ҵ������Ȼ�����ܣ��о��������綼������������塣</p>
<p>����ı�����ݡ���</p>
<p>������ʧ���ʱ��үү������һ����</p>
<p>��֪���Լ������¶��ˣ�С��������ߵ��������ͷ��С���������Բ���үү����֪�����ˣ��Ҳ��ðѳ��������˵��ȥ�������������֡���</p>
<p>��Ȼ�ҵ�ʱ����֪��Ϊʲô������Ե����鱻��֪��������𼱻��ǵ�����үү������֪��������Ժ��ҳ�����������йء�</p>
<p>�ұ���Ϊүү�������Ľ�ѵ�ң���үүȴ��û����ô������̾�˿���˵�����ǵ�үү�Ļ���Ҫ�����������ص����ˣ����㿹�����飬��Ҫ����������</p>
<p>������̧��ͷ������Щη��Ŀ���үү���������˵�ͷ��</p>
<p>үү�������������������������������ˣ�������ȥ���������°����ʬ���ڳ��������ڱ���˯һ�����</p>

    </div>
	
	<div class="clear"></div>
	<div class="note"><script>play("note");</script></div>
	<script>play("code-3");</script>
	<div class="page">
		<ul class="pagination pagination-sm">
			<li><a href='3917657.html'>1</a></li><li class="active"><a>2</a></li>
		</ul>
	</div>
	<script>play("code-4");</script>
    <div class="row t10">
      <div class="col-md-3"></div>
      <div class="col-md-6 text-center">
        <a href="/book/p14387/3917657.html"><button type="button" class="btn btn-info"><i class="fa fa-arrow-circle-left" aria-hidden="true"></i> ��һҳ</button></a>
        <a href="/book/p14387/"><button type="button" class="btn btn-info">��Ŀ¼</button></a>
        <a href="/book/p14387/3917658.html"><button type="button" class="btn btn-info">��һ�� <i class="fa fa-arrow-circle-right" aria-hidden="true"></i></button></a>
      </div>
    </div>
	<script>play("code-5");</script>
	
  </div>
  <!-- Content End-->
</div>
<!-- Footer Begin -->
<div class="footer">
  <div class = "container">
    <p class = "hidden-xs">�����Ȩ����Ϊ�ڱ�վ����������Ʒ�����������棬�뷢�ʼ���<script>play("email")</script>����վȷ�Ϻ󽫻�������ɾ����</p>
    <p class = "hidden-xs">��վ����¼��Ʒ���������⡢������۾����������Ϊ���������վ������</p>
    <p>�������ߣ���һ�����ĺ͹��������鼮֧�����ߣ��������߲���д��������õ��飡</p>
    <p class = "hidden-xs">
      <script>play("tongji")</script> 
    </p>
  </div>
</div>
<div class="fixed-btn">
    <a class="go-top" href="javascript:void(0)" title="���ض���"> <i class="fa fa-angle-up"></i></a>
</div>
<!-- Footer End --> 
<!-- jQuery (necessary for Bootstrap's JavaScript plugins) --> 
<script src="/static/js/jquery.min.js"></script> 
<!-- Include all compiled plugins (below), or include individual files as needed --> 
<script src="/static/js/bootstrap.min.js"></script> 
<script src="/static/js/comm.js"></script>
<script type="text/javascript">
	var shortname = ".html";
	var npage = 2;
	var totalpage = 2;
	var namehand = "3917657";
	var displaytype = "st";
	var nexturl = "<a href='/book/p14387/3917658.html'><button type='button' class='btn btn-info'>��һ��(��)</button></a>";
	var preurl = "";
	var muluurl = "/book/p14387/";
	var cid = "3917657";
	var sid ="14387";
	play("flow");
</script>
<script src="/static/js/article.js"></script>
<script src="/static/js/up.js"></script>
<script type="module" src="https://static.cloudflareinsights.com/beacon.min.js/v4513226cdae34746b4dedf0b4dfa099e1781791509496" integrity="sha512-ZE9pZaUXND66v380QUtch/5sE9tPFh2zg45pR2PB0CVkCtOREv2AJKkSidISWkysEuQ0EH8faUU5du78bx87UQ==" data-cf-beacon='{"version":"2024.11.0","token":"bf4eb1bf0db94d35a471fe4f3b9897eb","r":1}' crossorigin="anonymous"></script>
</body>
</html>

21:12:07.551 [OkHttp https://www.dbxsz.com/...] DEBUG io.legado.app.model.DebugLog - <-- END HTTP (9793-byte, 4061-gzipped-byte body)
21:12:07.552 [main @coroutine#28] INFO io.legado.app.model.DebugLog - sourceUrl: https://www.dbxsd.com, msg: ������ҳ��:2
21:12:07.552 [main @coroutine#28] INFO io.legado.app.model.DebugLog - sourceUrl: https://www.dbxsd.com, msg: ����ȡ�½�����
21:12:07.552 [main @coroutine#28] INFO io.legado.app.model.DebugLog - sourceUrl: https://www.dbxsd.com, msg: ����1�� �ƺ���ʬ��
21:12:07.552 [main @coroutine#28] INFO io.legado.app.model.DebugLog - sourceUrl: https://www.dbxsd.com, msg: ����ȡ�������� (���ȣ�3514)
21:12:07.552 [main @coroutine#28] INFO io.legado.app.model.DebugLog - sourceUrl: https://www.dbxsd.com, msg: ��
����������ʮ��ǰ���ұ����̵��Ұֱ��ң����������һ��С��塣
�����������������ڿ�����������ĸ�� ... ������ȥ���������°����ʬ���ڳ��������ڱ���˯һ�����
����
21:12:07.552 [main] INFO cn.kong.app.model.NovelSourceTest -   �½�: ��1�� �ƺ���ʬ�� | ���ĳ���: 3514
21:12:07.553 [main] INFO cn.kong.app.model.NovelSourceTest -   ����ǰ200��: ����������ʮ��ǰ���ұ����̵��Ұֱ��ң����������һ��С��塣
�����������������ڿ�����������ĸ�ļޣ��ҿ�ʼ��үү���
����үү�������˸��ܰ��������֣�����ı��
����Сʱ��үү�����������£�������ϼ˵�������ӵ�������ı��ϣ�����ܹ���Ϊһ���������صĺ��ӡ���
�����Ҷ���үү�Աߣ�������գ�һ�Բ�����
����үү�����ҳ����Ӧ�û��Ǹ����Ƶĺ��ӣ������ҵ��Դ����ң���֪��Ϊɶ�������𣿡�
������ҡͷ
21:12:07.553 [main] INFO cn.kong.app.model.NovelSourceTest - 
  -------- �ؼ��� [˭�������ɵ�] --------
21:12:07.553 [main] INFO cn.kong.app.model.NovelSourceTest -   --- Step 1: ���� [˭�������ɵ�] ---
21:12:07.554 [OkHttp https://www.dbxsd.com/...] DEBUG io.legado.app.model.DebugLog - --> GET https://www.dbxsd.com/plus/search.php?q=%E8%B0%81%E8%AE%A9%E4%BB%96%E4%BF%AE%E4%BB%99%E7%9A%84 h2
21:12:07.554 [OkHttp https://www.dbxsd.com/...] DEBUG io.legado.app.model.DebugLog - User-Agent: Mozilla/5.0 (Linux; Android 9; PDBM00 Build/PPR1.180610.011; wv) AppleWebKit/537.36 (KHTML, like Gecko) Version/4.0 Chrome/70.0.3538.110 Mobile Safari/537.36
21:12:07.554 [OkHttp https://www.dbxsd.com/...] DEBUG io.legado.app.model.DebugLog - Keep-Alive: 300
21:12:07.554 [OkHttp https://www.dbxsd.com/...] DEBUG io.legado.app.model.DebugLog - Connection: Keep-Alive
21:12:07.554 [OkHttp https://www.dbxsd.com/...] DEBUG io.legado.app.model.DebugLog - Cache-Control: no-cache
21:12:07.554 [OkHttp https://www.dbxsd.com/...] DEBUG io.legado.app.model.DebugLog - Host: www.dbxsd.com
21:12:07.554 [OkHttp https://www.dbxsd.com/...] DEBUG io.legado.app.model.DebugLog - Accept-Encoding: gzip
21:12:07.554 [OkHttp https://www.dbxsd.com/...] DEBUG io.legado.app.model.DebugLog - --> END GET
21:12:07.958 [OkHttp https://www.dbxsd.com/...] DEBUG io.legado.app.model.DebugLog - <-- 301 https://www.dbxsd.com/plus/search.php?q=%E8%B0%81%E8%AE%A9%E4%BB%96%E4%BF%AE%E4%BB%99%E7%9A%84 (403ms)
21:12:07.958 [OkHttp https://www.dbxsd.com/...] DEBUG io.legado.app.model.DebugLog - date: Fri, 14 Aug 2026 13:12:07 GMT
21:12:07.958 [OkHttp https://www.dbxsd.com/...] DEBUG io.legado.app.model.DebugLog - content-type: text/html; charset=iso-8859-1
21:12:07.958 [OkHttp https://www.dbxsd.com/...] DEBUG io.legado.app.model.DebugLog - location: https://www.dbxsz.com/plus/search.php?q=%E8%B0%81%E8%AE%A9%E4%BB%96%E4%BF%AE%E4%BB%99%E7%9A%84
21:12:07.958 [OkHttp https://www.dbxsd.com/...] DEBUG io.legado.app.model.DebugLog - server: cloudflare
21:12:07.958 [OkHttp https://www.dbxsd.com/...] DEBUG io.legado.app.model.DebugLog - cf-cache-status: DYNAMIC
21:12:07.958 [OkHttp https://www.dbxsd.com/...] DEBUG io.legado.app.model.DebugLog - nel: {"report_to":"cf-nel","success_fraction":0.0,"max_age":604800}
21:12:07.958 [OkHttp https://www.dbxsd.com/...] DEBUG io.legado.app.model.DebugLog - server-timing: cfCacheStatus;desc="DYNAMIC"
21:12:07.958 [OkHttp https://www.dbxsd.com/...] DEBUG io.legado.app.model.DebugLog - server-timing: cfEdge;dur=7,cfOrigin;dur=151
21:12:07.958 [OkHttp https://www.dbxsd.com/...] DEBUG io.legado.app.model.DebugLog - report-to: {"group":"cf-nel","max_age":604800,"endpoints":[{"url":"https://a.nel.cloudflare.com/report/v4?s=3bTQYVyGPgBWoJvKk4FEx2lEVusyqpo4VwjX%2BOXgHY1enpD2ESNuKg99Jgz6%2BQEuyBcCcZJHUT%2FGPRbAPebcJ67q4zBB%2BoEIzPy6LWa4iP7eAW%2Bngjem1AkiUUF6nq%2Fv"}]}
21:12:07.958 [OkHttp https://www.dbxsd.com/...] DEBUG io.legado.app.model.DebugLog - cf-ray: a2b035981d71b8af-AMS
21:12:07.958 [OkHttp https://www.dbxsd.com/...] DEBUG io.legado.app.model.DebugLog - alt-svc: h3=":443"; ma=86400
21:12:07.958 [OkHttp https://www.dbxsd.com/...] DEBUG io.legado.app.model.DebugLog - 
21:12:07.961 [OkHttp https://www.dbxsd.com/...] DEBUG io.legado.app.model.DebugLog - <!DOCTYPE HTML PUBLIC "-//IETF//DTD HTML 2.0//EN">
<html><head>
<title>301 Moved Permanently</title>
</head><body>
<h1>Moved Permanently</h1>
<p>The document has moved <a href="https://www.dbxsz.com/plus/search.php?q=%E8%B0%81%E8%AE%A9%E4%BB%96%E4%BF%AE%E4%BB%99%E7%9A%84">here</a>.</p>
<hr>
<address>Apache Server at www.dbxsd.com Port 443</address>
<script type="module" src="https://static.cloudflareinsights.com/beacon.min.js/v4513226cdae34746b4dedf0b4dfa099e1781791509496" integrity="sha512-ZE9pZaUXND66v380QUtch/5sE9tPFh2zg45pR2PB0CVkCtOREv2AJKkSidISWkysEuQ0EH8faUU5du78bx87UQ==" data-cf-beacon='{"version":"2024.11.0","token":"73b7efc5ebf64f328ab93582400343bf","r":1}' crossorigin="anonymous"></script>
</body></html>

21:12:07.961 [OkHttp https://www.dbxsd.com/...] DEBUG io.legado.app.model.DebugLog - <-- END HTTP (725-byte body)
21:12:07.961 [OkHttp https://www.dbxsd.com/...] DEBUG io.legado.app.model.DebugLog - --> GET https://www.dbxsz.com/plus/search.php?q=%E8%B0%81%E8%AE%A9%E4%BB%96%E4%BF%AE%E4%BB%99%E7%9A%84 h2
21:12:07.961 [OkHttp https://www.dbxsd.com/...] DEBUG io.legado.app.model.DebugLog - User-Agent: Mozilla/5.0 (Linux; Android 9; PDBM00 Build/PPR1.180610.011; wv) AppleWebKit/537.36 (KHTML, like Gecko) Version/4.0 Chrome/70.0.3538.110 Mobile Safari/537.36
21:12:07.961 [OkHttp https://www.dbxsd.com/...] DEBUG io.legado.app.model.DebugLog - Keep-Alive: 300
21:12:07.961 [OkHttp https://www.dbxsd.com/...] DEBUG io.legado.app.model.DebugLog - Connection: Keep-Alive
21:12:07.961 [OkHttp https://www.dbxsd.com/...] DEBUG io.legado.app.model.DebugLog - Cache-Control: no-cache
21:12:07.961 [OkHttp https://www.dbxsd.com/...] DEBUG io.legado.app.model.DebugLog - Host: www.dbxsz.com
21:12:07.961 [OkHttp https://www.dbxsd.com/...] DEBUG io.legado.app.model.DebugLog - Accept-Encoding: gzip
21:12:07.961 [OkHttp https://www.dbxsd.com/...] DEBUG io.legado.app.model.DebugLog - --> END GET
21:12:08.364 [OkHttp https://www.dbxsd.com/...] DEBUG io.legado.app.model.DebugLog - <-- 200 https://www.dbxsz.com/plus/search.php?q=%E8%B0%81%E8%AE%A9%E4%BB%96%E4%BF%AE%E4%BB%99%E7%9A%84 (402ms)
21:12:08.364 [OkHttp https://www.dbxsd.com/...] DEBUG io.legado.app.model.DebugLog - date: Fri, 14 Aug 2026 13:12:08 GMT
21:12:08.364 [OkHttp https://www.dbxsd.com/...] DEBUG io.legado.app.model.DebugLog - content-type: text/html; charset=utf-8
21:12:08.364 [OkHttp https://www.dbxsd.com/...] DEBUG io.legado.app.model.DebugLog - vary: Accept-Encoding
21:12:08.364 [OkHttp https://www.dbxsd.com/...] DEBUG io.legado.app.model.DebugLog - report-to: {"group":"cf-nel","max_age":604800,"endpoints":[{"url":"https://a.nel.cloudflare.com/report/v4?s=YCULPaoXntG1P2XPTWatW86nddhF%2B2Al46pwK6a1H8i8eL%2FtBhB1rBynawO0wMLacZLTJEKji3jwDWNbS8ZCn30SR5IFxlQ%2FrW8qI%2Fw%2FGFVmlN8vqZbi2FeifVKINlII"}]}
21:12:08.364 [OkHttp https://www.dbxsd.com/...] DEBUG io.legado.app.model.DebugLog - server: cloudflare
21:12:08.364 [OkHttp https://www.dbxsd.com/...] DEBUG io.legado.app.model.DebugLog - cf-cache-status: DYNAMIC
21:12:08.364 [OkHttp https://www.dbxsd.com/...] DEBUG io.legado.app.model.DebugLog - nel: {"report_to":"cf-nel","success_fraction":0.0,"max_age":604800}
21:12:08.364 [OkHttp https://www.dbxsd.com/...] DEBUG io.legado.app.model.DebugLog - server-timing: cfCacheStatus;desc="DYNAMIC"
21:12:08.364 [OkHttp https://www.dbxsd.com/...] DEBUG io.legado.app.model.DebugLog - server-timing: cfEdge;dur=6,cfOrigin;dur=180
21:12:08.364 [OkHttp https://www.dbxsd.com/...] DEBUG io.legado.app.model.DebugLog - content-encoding: gzip
21:12:08.364 [OkHttp https://www.dbxsd.com/...] DEBUG io.legado.app.model.DebugLog - cf-ray: a2b0359a7b5b0e18-AMS
21:12:08.364 [OkHttp https://www.dbxsd.com/...] DEBUG io.legado.app.model.DebugLog - alt-svc: h3=":443"; ma=86400
21:12:08.640 [OkHttp https://www.dbxsd.com/...] DEBUG io.legado.app.model.DebugLog - 
21:12:08.640 [OkHttp https://www.dbxsd.com/...] DEBUG io.legado.app.model.DebugLog -  

<!DOCTYPE html>
<html lang="zh-CN">
  <head>
    <meta charset="utf-8">
    <meta http-equiv="X-UA-Compatible" content="IE=edge">
    <meta name="viewport" content="width=device-width, initial-scale=1">
    <title>������˭�������ɵ� �����¼</title>
    <link href="/static/css/bootstrap.min.css" rel="stylesheet">
	<link href="/static/css/font-awesome.min.css" rel="stylesheet" >
	<link href="/static/css/base.css" rel="stylesheet">
	<script src="/static/js/action.js"></script>
	<!--[if lt IE 9]>
      <script src="/static/js/html5shiv.min.js"></script>
      <script src="/static/js/respond.min.js"></script>
    <![endif]-->

    
  </head>
  <body>
    <div class="top">
	<div class="container">
    	<div class="logo-name"><a href="/">����С˵��</a></div>
        <div class="float-right"><script>play("lan")</script></div>
    </div>
</div>
<div class="container">
	      <div class="search row">
        <div class="col-sm-4 col-xs-12">
          <form id="search-form" action="/plus/search.php">
            <div class="input-group">
              <input type="text" class="form-control" placeholder="����������" id="bdcsMain" name="q" />
              <div class="input-group-addon" onclick="search();"><span class="fa fa-search"></span></div>
            </div>
          </form>
        </div>
		<div class="col-sm-2 hidden-xs">
          
        </div>
        <div class="col-sm-6 hidden-xs">
         
        </div>
      </div>
</div>
    <div class="container">
        <div class="panel panel-info">
          <div class="panel-heading">
            <h1 class="panel-title">�������С�<strong style="color: red;">˭�������ɵ�</strong>�����鼮</h1>
          </div>
          <div class="panel-body">
            <table class="table table-condensed">
              <thead>
                <tr>
                  <th>����</th>
                  <th>����</th>
                  <th>����</th>
                </tr> 
              </thead>
              <tbody>                <tr>
                  <td><a href="/book/p25576/" title="˭�������ɵģ�" target="_blank" class="orange">��˭�������ɵģ���</a></td>
                  <td>��׵���ѻ</td>
                  <td><a href="/txt/25576.html" target="_blank">TXT����</a></td>
                </tr>
              </tbody>
            </table>
          </div>
        </div>
    </div>
    <!-- Footer Begin -->
<div class="footer">
  <div class = "container">
    
    <p class = "hidden-xs">�����Ȩ����Ϊ�ڱ�վ����������Ʒ�����������棬�뷢�ʼ���<script>play("email")</script>����վȷ�Ϻ󽫻�������ɾ����</p>
    <p class = "hidden-xs">��վ����¼��Ʒ���������⡢������۾����������Ϊ���������վ������</p>
    <p>�������ߣ���һ�����ĺ͹��������鼮֧�����ߣ��������߲���д��������õ��飡</p>
    <p class = "hidden-xs">
      <script>play("tongji")</script> 
    </p>
  </div>
</div>
<div class="fixed-btn">
    <a class="go-top" href="javascript:void(0)" title="���ض���"> <i class="fa fa-angle-up"></i></a>
</div>
<!-- Footer End --> 
<script src="/static/js/jquery.min.js"></script> 
<script src="/static/js/bootstrap.min.js"></script> 
<script src="/static/js/comm.js"></script>
  <script type="module" src="https://static.cloudflareinsights.com/beacon.min.js/v4513226cdae34746b4dedf0b4dfa099e1781791509496" integrity="sha512-ZE9pZaUXND66v380QUtch/5sE9tPFh2zg45pR2PB0CVkCtOREv2AJKkSidISWkysEuQ0EH8faUU5du78bx87UQ==" data-cf-beacon='{"version":"2024.11.0","token":"bf4eb1bf0db94d35a471fe4f3b9897eb","r":1}' crossorigin="anonymous"></script>
</body>
</html>
21:12:08.640 [OkHttp https://www.dbxsd.com/...] DEBUG io.legado.app.model.DebugLog - <-- END HTTP (3717-byte, 1733-gzipped-byte body)
21:12:08.640 [main @coroutine#29] INFO io.legado.app.model.DebugLog - sourceUrl: https://www.dbxsd.com, msg: �Ի�ȡ�ɹ�:/plus/search.php?q=˭�������ɵ�
21:12:08.640 [main @coroutine#29] INFO io.legado.app.model.DebugLog - sourceUrl: https://www.dbxsd.com, msg: ����ȡ�鼮�б�
21:12:08.641 [main @coroutine#29] INFO io.legado.app.model.DebugLog - sourceUrl: https://www.dbxsd.com, msg: ���б��С:1
21:12:08.641 [main @coroutine#29] INFO io.legado.app.model.DebugLog - sourceUrl: https://www.dbxsd.com, msg: ����ȡ����
21:12:08.641 [main @coroutine#29] INFO io.legado.app.model.DebugLog - sourceUrl: https://www.dbxsd.com, msg: ��˭�������ɵģ�
21:12:08.641 [main @coroutine#29] INFO io.legado.app.model.DebugLog - sourceUrl: https://www.dbxsd.com, msg: ����ȡ����
21:12:08.641 [main @coroutine#29] INFO io.legado.app.model.DebugLog - sourceUrl: https://www.dbxsd.com, msg: ����׵���ѻ
21:12:08.641 [main @coroutine#29] INFO io.legado.app.model.DebugLog - sourceUrl: https://www.dbxsd.com, msg: ����ȡ����
21:12:08.641 [main @coroutine#29] INFO io.legado.app.model.DebugLog - sourceUrl: https://www.dbxsd.com, msg: ��null
21:12:08.641 [main @coroutine#29] INFO io.legado.app.model.DebugLog - sourceUrl: https://www.dbxsd.com, msg: ����ȡ����
21:12:08.641 [main @coroutine#29] INFO io.legado.app.model.DebugLog - sourceUrl: https://www.dbxsd.com, msg: ��
21:12:08.641 [main @coroutine#29] INFO io.legado.app.model.DebugLog - sourceUrl: https://www.dbxsd.com, msg: ����ȡ�����½�
21:12:08.641 [main @coroutine#29] INFO io.legado.app.model.DebugLog - sourceUrl: https://www.dbxsd.com, msg: ��
21:12:08.641 [main @coroutine#29] INFO io.legado.app.model.DebugLog - sourceUrl: https://www.dbxsd.com, msg: ����ȡ���
21:12:08.641 [main @coroutine#29] INFO io.legado.app.model.DebugLog - sourceUrl: https://www.dbxsd.com, msg: ��
21:12:08.641 [main @coroutine#29] INFO io.legado.app.model.DebugLog - sourceUrl: https://www.dbxsd.com, msg: ����ȡ��������
21:12:08.642 [main @coroutine#29] INFO io.legado.app.model.DebugLog - sourceUrl: https://www.dbxsd.com, msg: ��https://www.dbxsz.com/uploads/cover/25576s.jpg
21:12:08.642 [main @coroutine#29] INFO io.legado.app.model.DebugLog - sourceUrl: https://www.dbxsd.com, msg: ����ȡ����ҳ����
21:12:08.642 [main @coroutine#29] INFO io.legado.app.model.DebugLog - sourceUrl: https://www.dbxsd.com, msg: ��https://www.dbxsz.com/book/p25576/
21:12:08.642 [main] INFO cn.kong.app.model.NovelSourceTest -   �������: 1 ��
21:12:08.642 [main] INFO cn.kong.app.model.NovelSourceTest -     [1] ˭�������ɵģ� | ��׵���ѻ
21:12:08.642 [main] INFO cn.kong.app.model.NovelSourceTest -   --- Step 2: ��ȡ���� ---
21:12:08.643 [OkHttp https://www.dbxsz.com/...] DEBUG io.legado.app.model.DebugLog - --> GET https://www.dbxsz.com/book/p25576/ h2
21:12:08.643 [OkHttp https://www.dbxsz.com/...] DEBUG io.legado.app.model.DebugLog - User-Agent: Mozilla/5.0 (Linux; Android 9; PDBM00 Build/PPR1.180610.011; wv) AppleWebKit/537.36 (KHTML, like Gecko) Version/4.0 Chrome/70.0.3538.110 Mobile Safari/537.36
21:12:08.643 [OkHttp https://www.dbxsz.com/...] DEBUG io.legado.app.model.DebugLog - Keep-Alive: 300
21:12:08.643 [OkHttp https://www.dbxsz.com/...] DEBUG io.legado.app.model.DebugLog - Connection: Keep-Alive
21:12:08.643 [OkHttp https://www.dbxsz.com/...] DEBUG io.legado.app.model.DebugLog - Cache-Control: no-cache
21:12:08.643 [OkHttp https://www.dbxsz.com/...] DEBUG io.legado.app.model.DebugLog - Host: www.dbxsz.com
21:12:08.643 [OkHttp https://www.dbxsz.com/...] DEBUG io.legado.app.model.DebugLog - Accept-Encoding: gzip
21:12:08.643 [OkHttp https://www.dbxsz.com/...] DEBUG io.legado.app.model.DebugLog - --> END GET
21:12:09.199 [OkHttp https://www.dbxsz.com/...] DEBUG io.legado.app.model.DebugLog - <-- 200 https://www.dbxsz.com/book/p25576/ (556ms)
21:12:09.199 [OkHttp https://www.dbxsz.com/...] DEBUG io.legado.app.model.DebugLog - date: Fri, 14 Aug 2026 13:12:09 GMT
21:12:09.199 [OkHttp https://www.dbxsz.com/...] DEBUG io.legado.app.model.DebugLog - content-type: text/html
21:12:09.199 [OkHttp https://www.dbxsz.com/...] DEBUG io.legado.app.model.DebugLog - last-modified: Fri, 25 Apr 2025 03:26:08 GMT
21:12:09.199 [OkHttp https://www.dbxsz.com/...] DEBUG io.legado.app.model.DebugLog - nel: {"report_to":"cf-nel","success_fraction":0.0,"max_age":604800}
21:12:09.199 [OkHttp https://www.dbxsz.com/...] DEBUG io.legado.app.model.DebugLog - server-timing: cfCacheStatus;desc="DYNAMIC"
21:12:09.199 [OkHttp https://www.dbxsz.com/...] DEBUG io.legado.app.model.DebugLog - server-timing: cfEdge;dur=4,cfOrigin;dur=160
21:12:09.199 [OkHttp https://www.dbxsz.com/...] DEBUG io.legado.app.model.DebugLog - vary: Accept-Encoding
21:12:09.199 [OkHttp https://www.dbxsz.com/...] DEBUG io.legado.app.model.DebugLog - report-to: {"group":"cf-nel","max_age":604800,"endpoints":[{"url":"https://a.nel.cloudflare.com/report/v4?s=AAeWoC%2BNBFY58QWVDrRriI2accVRvNYl2gDub%2BYhyeSKpREnwusa1Up6DiooHnemQxsDrhQJx0XOUXyoOkHlmHOssjfA%2BT3CSy%2BUoiili%2BQY1DF%2B29wEz6ZcaV9%2BvP21"}]}
21:12:09.199 [OkHttp https://www.dbxsz.com/...] DEBUG io.legado.app.model.DebugLog - server: cloudflare
21:12:09.199 [OkHttp https://www.dbxsz.com/...] DEBUG io.legado.app.model.DebugLog - cf-cache-status: DYNAMIC
21:12:09.199 [OkHttp https://www.dbxsz.com/...] DEBUG io.legado.app.model.DebugLog - content-encoding: gzip
21:12:09.199 [OkHttp https://www.dbxsz.com/...] DEBUG io.legado.app.model.DebugLog - cf-ray: a2b0359ebff30e18-AMS
21:12:09.199 [OkHttp https://www.dbxsz.com/...] DEBUG io.legado.app.model.DebugLog - alt-svc: h3=":443"; ma=86400
21:12:11.039 [OkHttp https://www.dbxsz.com/...] DEBUG io.legado.app.model.DebugLog - 
21:12:11.039 [OkHttp https://www.dbxsz.com/...] DEBUG io.legado.app.model.DebugLog - <!DOCTYPE html>
<html lang="zh-cn">
<head>
<meta charset="utf-8">
<meta http-equiv="X-UA-Compatible" content="IE=edge">
<meta name="viewport" content="width=device-width, initial-scale=1">
<title>˭�������ɵģ�(��׵���ѻ)ȫ���Ķ�|�����½�|TXT����|�޹�浯��</title>

	<meta name="keywords" content="ԭ��С˵,��׵���ѻ,��׵���ѻ����,��׵���ѻ����С˵,˭�������ɵģ�,˭�������ɵģ������½�,˭�������ɵģ���,˭�������ɵģ���Ȥ��,˭�������ɵģ������,����С˵��"/>
	<meta name="description" content="����С˵�� �ṩ �������  /  ˭�������ɵģ� ȫ���Ķ��� �������  /  ˭�������ɵģ� TXT���أ��޹�浯���� �����½� ������
"/>
	
	<meta property="og:type" content="novel"/>
	<meta property="og:title" content="˭�������ɵģ�"/>
	<meta property="og:description" content=" �ҷ���ǿ�������ɽ�ķ�������������ģ������Ҵ���ģ���˵ʷ����ʤ������д�ģ���Ϊʲô�һ�ʤ�˻��������������ң� ½�������Լ��߲ɷ����˵������ʾ�ǳ���ŭ�� �ڶ��졣 �ҷ���ǿ�������ɽ�ķ������Ҵ���ġ�"/>
	<meta property="og:image" content="/uploads/cover/25576s.jpg"/>
	<meta property="og:novel:category" content="�������"/>
	<meta property="og:novel:author" content="��׵���ѻ"/>
	<meta property="og:novel:book_name" content="˭�������ɵģ�"/>
	<meta property="og:novel:read_url" content="/book/p25576/"/>
	<meta property="og:url" content="/book/p25576/"/>
	<meta property="og:novel:status" content="���"/>
	<meta property="og:novel:author_link" content="/book/p25576/"/>
	<meta property="og:novel:update_time" content="08:28:55"/>
	<meta property="og:novel:latest_chapter_name" content="������"/>
	<meta property="og:novel:latest_chapter_url" content="/book/p25576/7040958.html"/>

	<!--360 seo end-->	
		<link href="/static/css/bootstrap.min.css" rel="stylesheet">
	<link href="/static/css/font-awesome.min.css" rel="stylesheet" >
	<link href="/static/css/base.css" rel="stylesheet">
	<script src="/static/js/action.js"></script>
	<!--[if lt IE 9]>
      <script src="/static/js/html5shiv.min.js"></script>
      <script src="/static/js/respond.min.js"></script>
    <![endif]-->
	<script type="text/javascript">
      var book = new Object();
      book.id="25576";
      book.name="˭�������ɵģ�";
      book.url="/book/p25576/";
    </script>
</head>
<body>
<div class="top">
	<div class="container">
    	<div class="logo-name"><a href="/">����С˵��</a></div>
        <div class="float-right"><script>play("lan")</script></div>
    </div>
</div>
<div class="container">
	<div class="book-type t10">
        <ol class="breadcrumb">
        <li><a href="/nav/xh-qh.html" target="_blank">���á����</a></li><li><a href="/nav/kh-yx.html" target="_blank">�ƻá���Ϸ</a></li><li><a href="/nav/xx-wx.html" target="_blank">����������</a></li><li><a href="/nav/ns-yq.html" target="_blank">Ů��������</a></li><li><a href="/nav/ds-yl.html" target="_blank">���С�����</a></li><li><a href="/nav/ls-js.html" target="_blank">��ʷ������</a></li><li><a href="/nav/xy-ly.html" target="_blank">���ɡ�����</a></li><li><a href="/nav/dm-ca.html" target="_blank">����������</a></li><li><a href="/nav/qxs.html" target="_blank">��С˵</a></li>
		<li><i class="fa fa-book" aria-hidden="true"></i> <a href="/readbook.html" target="_blank">�ҵ����</a></li>
        </ol>
    </div>
    <div class="clear"></div>
	      <div class="search row">
        <div class="col-sm-4 col-xs-12">
          <form id="search-form" action="/plus/search.php">
            <div class="input-group">
              <input type="text" class="form-control" placeholder="����������" id="bdcsMain" name="q" />
              <div class="input-group-addon" onclick="search();"><span class="fa fa-search"></span></div>
            </div>
          </form>
        </div>
		<div class="col-sm-2 hidden-xs">
          
        </div>
        <div class="col-sm-6 hidden-xs">
         
        </div>
      </div>
</div>

<div class="container">
  <script>play("announce")</script>
  <div class="col-left">
    <!-- Book Info Begin -->
	<div class="book-info">  
	  <div class="panel panel-info">
		<div class="panel-body">
		  <div class="media">
			<div class="media-left"> <a href="/book/p25576/" target="_blank"> <img class="book-img-middel" src="/uploads/cover/25576s.jpg" alt="˭�������ɵģ�" title="˭�������ɵģ�"/> </a>
            </div>
			<div class="media-body">
			  <h1 class="book-name"><a href="/book/p25576/" title="˭�������ɵģ�">˭�������ɵģ�</a></h1>
			  <div class="clear"></div>
			  <div class="row">
                <div class="col-md-8 col-sm-6 dark"> ���ߣ�<a href="/author/��׵���ѻ.html" target="_blank">��׵���ѻ</a> </div>
                <div class="col-md-4 col-sm-6 dark">״̬�����</div>
				<div class="col-md-8 col-sm-6 dark">������£�<a href="/book/p25576/7040958.html">������</a> </div>
				<div class="col-md-4 col-sm-6 dark hidden-sm hidden-xs">08:28:55</div>

              </div>
			  <div class="reader-bar hidden-xs hidden-sm">
				<div class="row">
				  <a href="/book/p25576/7039593.html">
				  <div class="col-xs-5 btn btn-info">��ʼ�Ķ�</div>
				  </a>

				  <div class="col-xs-1"></div>
				  <a href="/txt/25576.html" target="_blank">
				  <div class="col-xs-5 btn btn-info">����������</div>	
				  </a>
				</div>
			  </div>
			</div>
			<div class="reader-bar visible-sm visible-xs">			
				<div class="row t10">
				  <a href="/book/p25576/7039593.html">
				  <div class="col-xs-5 btn btn-info">��ʼ�Ķ�</div>
				  </a>

				  <div class="col-xs-1"></div>
				  <a href="/txt/25576.html" target="_blank">
				  <div class="col-xs-5 btn btn-info">����������</div>	
				  </a>
				</div>
			</div>
		  </div>
		  <div class="row t10" onclick="showBookDetail()">
			  <div class="col-sm-11 col-xs-10">
				  <div class="book-detail">
					 �ҷ���ǿ�������ɽ�ķ�������������ģ������Ҵ���ģ���˵ʷ����ʤ������д�ģ���Ϊʲô�һ�ʤ�˻��������������ң� ½�������Լ��߲ɷ����˵������ʾ�ǳ���ŭ�� �ڶ��졣 �ҷ���ǿ�������ɽ�ķ������Ҵ���ġ� ½�������Լ��ߵĲɷ�ʱ���˵������ʾ�ǳ���ŭ�� �������ձ���Ϊ�������� 
				  </div>
			  </div>
			  <div class="col-sm-1 col-xs-2"><span id="up-down" class="fa fa-angle-down"></span>
			  </div>
		  </div>
		</div>
	  </div>     
	</div>
	<!-- Book Info End -->
	<div class="clear"></div>
	<div class="chapter-history"></div>
    <!-- Chapter Begin -->
    <div class="chapter">
	  <div class="panel panel-info">
        <div class="panel-heading">
          <h3 class="panel-title"><strong>˭�������ɵģ������½�</strong></h3>
        </div>
        <div class="panel-body">
          <div class="row">
			<div class="col-md-6 item"> <a href="/book/p25576/7040958.html" title="������" target="_blank">������</a> </div>
<div class="col-md-6 item"> <a href="/book/p25576/7040957.html" title="�����" target="_blank">�����</a> </div>
<div class="col-md-6 item"> <a href="/book/p25576/7040956.html" title="����һ" target="_blank">����һ</a> </div>
<div class="col-md-6 item"> <a href="/book/p25576/7040955.html" title="������" target="_blank">������</a> </div>
<div class="col-md-6 item"> <a href="/book/p25576/7040954.html" title="��1362�� ����" target="_blank">��1362�� ����</a> </div>
<div class="col-md-6 item"> <a href="/book/p25576/7040953.html" title="��1361�� δ����ǿ" target="_blank">��1361�� δ����ǿ</a> </div>
<div class="col-md-6 item"> <a href="/book/p25576/7040952.html" title="��1360�� ȫ֪" target="_blank">��1360�� ȫ֪</a> </div>
<div class="col-md-6 item"> <a href="/book/p25576/7040951.html" title="��1359�� �����Ե�½���츳" target="_blank">��1359�� �����Ե�½���츳</a> </div>
<div class="col-md-6 item"> <a href="/book/p25576/7040950.html" title="��1358�� ����ʱ�����Ϸ�����ʲô����" target="_blank">��1358�� ����ʱ�����Ϸ�����ʲô����</a> </div>
<div class="col-md-6 item"> <a href="/book/p25576/7040949.html" title="��1357�� ʱ���߸Ķ�" target="_blank">��1357�� ʱ���߸Ķ�</a> </div>
<div class="col-md-6 item"> <a href="/book/p25576/7040948.html" title="��1356�� ʧ��" target="_blank">��1356�� ʧ��</a> </div>
<div class="col-md-6 item"> <a href="/book/p25576/7040947.html" title="��1355�� ����������˵���ˣ�" target="_blank">��1355�� ����������˵���ˣ�</a> </div>

          </div>
        </div>
		<div class="panel-footer visible-xs visible-sm">
          <h3 class="panel-title text-center" onClick="showAllChapter('#fix-chapter')">ȫ���½�>>>></h3>
        </div>
      </div>
	  <!-- New Chapter End -->
	  <div class="clear" id="fix-chapter"></div>
	  <!-- All Chapter Begin -->
      <div id="all-chapter">
        <div class="panel panel-info">
          <div class="panel-heading">
            <h3 class="panel-title"><strong>˭�������ɵģ��½�Ŀ¼</strong></h3>
          </div>
          <div class="panel-body">
            <div class="row">
			  <div class="col-md-6 item">
				<a href="/book/p25576/7039593.html" title="��1�� �����˳��У���������" target="_blank">��1�� �����˳��У���������</a>
			  </div><div class="col-md-6 item">
				<a href="/book/p25576/7039594.html" title="��2�� �����" target="_blank">��2�� �����</a>
			  </div><div class="col-md-6 item">
				<a href="/book/p25576/7039595.html" title="��3�� һ��������ʵ��" target="_blank">��3�� һ��������ʵ��</a>
			  </div><div class="col-md-6 item">
				<a href="/book/p25576/7039596.html" title="��4�� ��������" target="_blank">��4�� ��������</a>
			  </div><div class="col-md-6 item">
				<a href="/book/p25576/7039597.html" title="��5�� �Ҿ��õ����ؿ�������ǻ�" target="_blank">��5�� �Ҿ��õ����ؿ�������ǻ�</a>
			  </div><div class="col-md-6 item">
				<a href="/book/p25576/7039598.html" title="��6�� ��ʦ����Ҫ�侲��" target="_blank">��6�� ��ʦ����Ҫ�侲��</a>
			  </div><div class="col-md-6 item">
				<a href="/book/p25576/7039599.html" title="��7�� ǫ�õĳ�����" target="_blank">��7�� ǫ�õĳ�����</a>
			  </div><div class="col-md-6 item">
				<a href="/book/p25576/7039600.html" title="��8�� ���顪��������䡷" target="_blank">��8�� ���顪��������䡷</a>
			  </div><div class="col-md-6 item">
				<a href="/book/p25576/7039601.html" title="��9�� �����½" target="_blank">��9�� �����½</a>
			  </div><div class="col-md-6 item">
				<a href="/book/p25576/7039602.html" title="��10�� ����������ζ�������" target="_blank">��10�� ����������ζ�������</a>
			  </div><div class="col-md-6 item">
				<a href="/book/p25576/7039603.html" title="��11�� ��ʦѧ��" target="_blank">��11�� ��ʦѧ��</a>
			  </div><div class="col-md-6 item">
				<a href="/book/p25576/7039604.html" title="��12�� �������ᣬ��������" target="_blank">��12�� �������ᣬ��������</a>
			  </div><div class="col-md-6 item">
				<a href="/book/p25576/7039605.html" title="��13�� ��������" target="_blank">��13�� ��������</a>
			  </div><div class="col-md-6 item">
				<a href="/book/p25576/7039606.html" title="��14�� ��ʦ��˵�Ķ�" target="_blank">��14�� ��ʦ��˵�Ķ�</a>
			  </div><div class="col-md-6 item">
				<a href="/book/p25576/7039607.html" title="��15�� ������" target="_blank">��15�� ������</a>
			  </div><div class="col-md-6 item">
				<a href="/book/p25576/7039608.html" title="��16�� ��֥������" target="_blank">��16�� ��֥������</a>
			  </div><div class="col-md-6 item">
				<a href="/book/p25576/7039609.html" title="��17�� ������˵��½�ؽ���" target="_blank">��17�� ������˵��½�ؽ���</a>
			  </div><div class="col-md-6 item">
				<a href="/book/p25576/7039610.html" title="��18�� ����" target="_blank">��18�� ����</a>
			  </div><div class="col-md-6 item">
				<a href="/book/p25576/7039611.html" title="��19�� ���������" target="_blank">��19�� ���������</a>
			  </div><div class="col-md-6 item">
				<a href="/book/p25576/7039612.html" title="��20�� �м�" target="_blank">��20�� �м�</a>
			  </div><div class="col-md-6 item">
				<a href="/book/p25576/7039613.html" title="��21�� ����" target="_blank">��21�� ����</a>
			  </div><div class="col-md-6 item">
				<a href="/book/p25576/7039614.html" title="��22�� ˭˵û�����Ƥ��Ķ���" target="_blank">��22�� ˭˵û�����Ƥ��Ķ���</a>
			  </div><div class="col-md-6 item">
				<a href="/book/p25576/7039615.html" title="��23�� �м���������" target="_blank">��23�� �м���������</a>
			  </div><div class="col-md-6 item">
				<a href="/book/p25576/7039616.html" title="��24�� ��ֲ�" target="_blank">��24�� ��ֲ�</a>
			  </div><div class="col-md-6 item">
				<a href="/book/p25576/7039617.html" title="��25�� ϡ��ŹֵĶһ���" target="_blank">��25�� ϡ��ŹֵĶһ���</a>
			  </div><div class="col-md-6 item">
				<a href="/book/p25576/7039618.html" title="��26�� �ϼҵ�����" target="_blank">��26�� �ϼҵ�����</a>
			  </div><div class="col-md-6 item">
				<a href="/book/p25576/7039619.html" title="��27�� ����¥�е�ͻ��" target="_blank">��27�� ����¥�е�ͻ��</a>
			  </div><div class="col-md-6 item">
				<a href="/book/p25576/7039620.html" title="��28�� ��˵������������Զ�����" target="_blank">��28�� ��˵������������Զ�����</a>
			  </div><div class="col-md-6 item">
				<a href="/book/p25576/7039621.html" title="��29�� �ϹŴ���֮˵" target="_blank">��29�� �ϹŴ���֮˵</a>
			  </div><div class="col-md-6 item">
				<a href="/book/p25576/7039622.html" title="��30�� ���سɴ�" target="_blank">��30�� ���سɴ�</a>
			  </div><div class="col-md-6 item">
				<a href="/book/p25576/7039623.html" title="��31�� ѧ������" target="_blank">��31�� ѧ������</a>
			  </div><div class="col-md-6 item">
				<a href="/book/p25576/7039624.html" title="��32�� �˲�����" target="_blank">��32�� �˲�����</a>
			  </div><div class="col-md-6 item">
				<a href="/book/p25576/7039625.html" title="��33�� ҩ԰" target="_blank">��33�� ҩ԰</a>
			  </div><div class="col-md-6 item">
				<a href="/book/p25576/7039626.html" title="��34�� Сҩ����" target="_blank">��34�� Сҩ����</a>
			  </div><div class="col-md-6 item">
				<a href="/book/p25576/7039627.html" title="��35�� Ůħͷ" target="_blank">��35�� Ůħͷ</a>
			  </div><div class="col-md-6 item">
				<a href="/book/p25576/7039628.html" title="��36�� ûһ��ʡ�ĵ�" target="_blank">��36�� ûһ��ʡ�ĵ�</a>
			  </div><div class="col-md-6 item">
				<a href="/book/p25576/7039629.html" title="��37�� ҩ����Һ" target="_blank">��37�� ҩ����Һ</a>
			  </div><div class="col-md-6 item">
				<a href="/book/p25576/7039630.html" title="��38�� ��𳡾��൱����" target="_blank">��38�� ��𳡾��൱����</a>
			  </div><div class="col-md-6 item">
				<a href="/book/p25576/7039631.html" title="��39�� ʦ�ܣ����֪�ʵ������������ɣ�" target="_blank">��39�� ʦ�ܣ����֪�ʵ������������ɣ�</a>
			  </div><div class="col-md-6 item">
				<a href="/book/p25576/7039632.html" title="��40�� ʳ��" target="_blank">��40�� ʳ��</a>
			  </div><div class="col-md-6 item">
				<a href="/book/p25576/7039633.html" title="��41�� ����" target="_blank">��41�� ����</a>
			  </div><div class="col-md-6 item">
				<a href="/book/p25576/7039634.html" title="��42�� ��˵����ʵ������ƫ��" target="_blank">��42�� ��˵����ʵ������ƫ��</a>
			  </div><div class="col-md-6 item">
				<a href="/book/p25576/7039635.html" title="��43�� ��ɽ��үү" target="_blank">��43�� ��ɽ��үү</a>
			  </div><div class="col-md-6 item">
				<a href="/book/p25576/7039636.html" title="��44�� ���Ӳ�������" target="_blank">��44�� ���Ӳ�������</a>
			  </div><div class="col-md-6 item">
				<a href="/book/p25576/7039637.html" title="��45�� ����������������" target="_blank">��45�� ����������������</a>
			  </div><div class="col-md-6 item">
				<a href="/book/p25576/7039638.html" title="��46�� ʮţ֮������" target="_blank">��46�� ʮţ֮������</a>
			  </div><div class="col-md-6 item">
				<a href="/book/p25576/7039639.html" title="��47�� ���־�" target="_blank">��47�� ���־�</a>
			  </div><div class="col-md-6 item">
				<a href="/book/p25576/7039640.html" title="��48�� ��Ѩ" target="_blank">��48�� ��Ѩ</a>
			  </div><div class="col-md-6 item">
				<a href="/book/p25576/7039641.html" title="��49�� ħ��" target="_blank">��49�� ħ��</a>
			  </div><div class="col-md-6 item">
				<a href="/book/p25576/7039642.html" title="��50�� ʥ����ô˵���ţ�" target="_blank">��50�� ʥ����ô˵���ţ�</a>
			  </div><div class="col-md-6 item">
				<a href="/book/p25576/7039643.html" title="��51�� ���˵�ʲô" target="_blank">��51�� ���˵�ʲô</a>
			  </div><div class="col-md-6 item">
				<a href="/book/p25576/7039644.html" title="��52�� ��˭�����أ�" target="_blank">��52�� ��˭�����أ�</a>
			  </div><div class="col-md-6 item">
				<a href="/book/p25576/7039645.html" title="��53�� ħ������" target="_blank">��53�� ħ������</a>
			  </div><div class="col-md-6 item">
				<a href="/book/p25576/7039646.html" title="��54�� �����" target="_blank">��54�� �����</a>
			  </div><div class="col-md-6 item">
				<a href="/book/p25576/7039647.html" title="��55�� ������¡" target="_blank">��55�� ������¡</a>
			  </div><div class="col-md-6 item">
				<a href="/book/p25576/7039648.html" title="��56�� ��С�ܵ�Ҫ�ϸ�ִ���ϴ������" target="_blank">��56�� ��С�ܵ�Ҫ�ϸ�ִ���ϴ������</a>
			  </div><div class="col-md-6 item">
				<a href="/book/p25576/7039649.html" title="��57�� �ջ�" target="_blank">��57�� �ջ�</a>
			  </div><div class="col-md-6 item">
				<a href="/book/p25576/7039650.html" title="��58�� ����ȭ������ô���" target="_blank">��58�� ����ȭ������ô���</a>
			  </div><div class="col-md-6 item">
				<a href="/book/p25576/7039651.html" title="��59�� ½������ȭ" target="_blank">��59�� ½������ȭ</a>
			  </div><div class="col-md-6 item">
				<a href="/book/p25576/7039652.html" title="��60�� ������С͵" target="_blank">��60�� ������С͵</a>
			  </div><div class="col-md-6 item">
				<a href="/book/p25576/7039653.html" title="��61�� ��ô������ҵ���ɲ����" target="_blank">��61�� ��ô������ҵ���ɲ����</a>
			  </div><div class="col-md-6 item">
				<a href="/book/p25576/7039654.html" title="��62�� �ݵ��λ��" target="_blank">��62�� �ݵ��λ��</a>
			  </div><div class="col-md-6 item">
				<a href="/book/p25576/7039655.html" title="��63�� С�ģ��Է��ܹ���" target="_blank">��63�� С�ģ��Է��ܹ���</a>
			  </div><div class="col-md-6 item">
				<a href="/book/p25576/7039656.html" title="��64�� Ӱ��" target="_blank">��64�� Ӱ��</a>
			  </div><div class="col-md-6 item">
				<a href="/book/p25576/7039657.html" title="��65�� ����" target="_blank">��65�� ����</a>
			  </div><div class="col-md-6 item">
				<a href="/book/p25576/7039658.html" title="��66�� ���Ӳ����Ĳ��������ħ��" target="_blank">��66�� ���Ӳ����Ĳ��������ħ��</a>
			  </div><div class="col-md-6 item">
				<a href="/book/p25576/7039659.html" title="��67�� ���Ƕ���Ϊ��ħ������" target="_blank">��67�� ���Ƕ���Ϊ��ħ������</a>
			  </div><div class="col-md-6 item">
				<a href="/book/p25576/7039660.html" title="��68�� ��ȷ��ͨ�ط�ʽ" target="_blank">��68�� ��ȷ��ͨ�ط�ʽ</a>
			  </div><div class="col-md-6 item">
				<a href="/book/p25576/7039661.html" title="��69�� �����ͨ�ط�ʽ" target="_blank">��69�� �����ͨ�ط�ʽ</a>
			  </div><div class="col-md-6 item">
				<a href="/book/p25576/7039662.html" title="��70�� �ڶ�������" target="_blank">��70�� �ڶ�������</a>
			  </div><div class="col-md-6 item">
				<a href="/book/p25576/7039663.html" title="��71�� ����ʵ��" target="_blank">��71�� ����ʵ��</a>
			  </div><div class="col-md-6 item">
				<a href="/book/p25576/7039664.html" title="��72�� ħ������" target="_blank">��72�� ħ������</a>
			  </div><div class="col-md-6 item">
				<a href="/book/p25576/7039665.html" title="��73�� �����Ե�" target="_blank">��73�� �����Ե�</a>
			  </div><div class="col-md-6 item">
				<a href="/book/p25576/7039666.html" title="��74�� ����ȭ���ռ���ʽ" target="_blank">��74�� ����ȭ���ռ���ʽ</a>
			  </div><div class="col-md-6 item">
				<a href="/book/p25576/7039667.html" title="��75�� ������" target="_blank">��75�� ������</a>
			  </div><div class="col-md-6 item">
				<a href="/book/p25576/7039668.html" title="��76�� ����" target="_blank">��76�� ����</a>
			  </div><div class="col-md-6 item">
				<a href="/book/p25576/7039669.html" title="��77�� �����أ�������" target="_blank">��77�� �����أ�������</a>
			  </div><div class="col-md-6 item">
				<a href="/book/p25576/7039670.html" title="��78�� ��ħһ����" target="_blank">��78�� ��ħһ����</a>
			  </div><div class="col-md-6 item">
				<a href="/book/p25576/7039671.html" title="��79�� ��������" target="_blank">��79�� ��������</a>
			  </div><div class="col-md-6 item">
				<a href="/book/p25576/7039672.html" title="��80�� �ǳ����½" target="_blank">��80�� �ǳ����½</a>
			  </div><div class="col-md-6 item">
				<a href="/book/p25576/7039673.html" title="��81�� ʯ�Ӱ���" target="_blank">��81�� ʯ�Ӱ���</a>
			  </div><div class="col-md-6 item">
				<a href="/book/p25576/7039674.html" title="��82�� ��ʵ�㱨" target="_blank">��82�� ��ʵ�㱨</a>
			  </div><div class="col-md-6 item">
				<a href="/book/p25576/7039675.html" title="��83�� ��ͤ����������" target="_blank">��83�� ��ͤ����������</a>
			  </div><div class="col-md-6 item">
				<a href="/book/p25576/7039676.html" title="��84�� ǰ�Ŵ�ֶ�����" target="_blank">��84�� ǰ�Ŵ�ֶ�����</a>
			  </div><div class="col-md-6 item">
				<a href="/book/p25576/7039677.html" title="��85�� ����Ԫ��" target="_blank">��85�� ����Ԫ��</a>
			  </div><div class="col-md-6 item">
				<a href="/book/p25576/7039678.html" title="��86�� ���ڹٸ��е��Ե�" target="_blank">��86�� ���ڹٸ��е��Ե�</a>
			  </div><div class="col-md-6 item">
				<a href="/book/p25576/7039679.html" title="��87�� ѧϰ�����" target="_blank">��87�� ѧϰ�����</a>
			  </div><div class="col-md-6 item">
				<a href="/book/p25576/7039680.html" title="��88�� ��ͤ�ĳɳ�" target="_blank">��88�� ��ͤ�ĳɳ�</a>
			  </div><div class="col-md-6 item">
				<a href="/book/p25576/7039681.html" title="��89�� ������ħ����ʿ���տ���Է�" target="_blank">��89�� ������ħ����ʿ���տ���Է�</a>
			  </div><div class="col-md-6 item">
				<a href="/book/p25576/7039682.html" title="��90�� Ѷ�ʱ�¼" target="_blank">��90�� Ѷ�ʱ�¼</a>
			  </div><div class="col-md-6 item">
				<a href="/book/p25576/7039683.html" title="��91�� ̫��Ϩ���Ժ��������" target="_blank">��91�� ̫��Ϩ���Ժ��������</a>
			  </div><div class="col-md-6 item">
				<a href="/book/p25576/7039684.html" title="��92�� �����߷���" target="_blank">��92�� �����߷���</a>
			  </div><div class="col-md-6 item">
				<a href="/book/p25576/7039685.html" title="��93�� ����" target="_blank">��93�� ����</a>
			  </div><div class="col-md-6 item">
				<a href="/book/p25576/7039686.html" title="��94�� �ѵ��Ȿ����Ǵ�˵���Ǳ������š���" target="_blank">��94�� �ѵ��Ȿ����Ǵ�˵���Ǳ������š���</a>
			  </div><div class="col-md-6 item">
				<a href="/book/p25576/7039687.html" title="��95�� �������ô�����������Եף�" target="_blank">��95�� �������ô�����������Եף�</a>
			  </div><div class="col-md-6 item">
				<a href="/book/p25576/7039688.html" title="��96�� ����" target="_blank">��96�� ����</a>
			  </div><div class="col-md-6 item">
				<a href="/book/p25576/7039689.html" title="��97�� ������ʲô���ţ�" target="_blank">��97�� ������ʲô���ţ�</a>
			  </div><div class="col-md-6 item">
				<a href="/book/p25576/7039690.html" title="��98�� ���׷���" target="_blank">��98�� ���׷���</a>
			  </div><div class="col-md-6 item">
				<a href="/book/p25576/7039691.html" title="��99�� �̻�������������" target="_blank">��99�� �̻�������������</a>
			  </div><div class="col-md-6 item">
				<a href="/book/p25576/7039692.html" title="��100�� ����Ǿ�ϲ��" target="_blank">��100�� ����Ǿ�ϲ��</a>
			  </div><div class="col-md-6 item">
				<a href="/book/p25576/7039693.html" title="��101�� Ϲ���ſھ���" target="_blank">��101�� Ϲ���ſھ���</a>
			  </div><div class="col-md-6 item">
				<a href="/book/p25576/7039694.html" title="��102�� ���ǵ�������Ǳ���ʵ���" target="_blank">��102�� ���ǵ�������Ǳ���ʵ���</a>
			  </div><div class="col-md-6 item">
				<a href="/book/p25576/7039695.html" title="��103�� ����ж������ˡ���" target="_blank">��103�� ����ж������ˡ���</a>
			  </div><div class="col-md-6 item">
				<a href="/book/p25576/7039696.html" title="��104�� ����Ҫ����ʦ��" target="_blank">��104�� ����Ҫ����ʦ��</a>
			  </div><div class="col-md-6 item">
				<a href="/book/p25576/7039697.html" title="��105�� ��ù�Ĳ�������" target="_blank">��105�� ��ù�Ĳ�������</a>
			  </div><div class="col-md-6 item">
				<a href="/book/p25576/7039698.html" title="��106�� ��������" target="_blank">��106�� ��������</a>
			  </div><div class="col-md-6 item">
				<a href="/book/p25576/7039699.html" title="��107�� ����ʹ�õ�����" target="_blank">��107�� ����ʹ�õ�����</a>
			  </div><div class="col-md-6 item">
				<a href="/book/p25576/7039700.html" title="��108�� ���´˷���Ϊʦ���ܳ�����" target="_blank">��108�� ���´˷���Ϊʦ���ܳ�����</a>
			  </div><div class="col-md-6 item">
				<a href="/book/p25576/7039701.html" title="��109�� ������˵�����" target="_blank">��109�� ������˵�����</a>
			  </div><div class="col-md-6 item">
				<a href="/book/p25576/7039702.html" title="��110�� ���Է���" target="_blank">��110�� ���Է���</a>
			  </div><div class="col-md-6 item">
				<a href="/book/p25576/7039703.html" title="��111�� ���������뱻�ų�����" target="_blank">��111�� ���������뱻�ų�����</a>
			  </div><div class="col-md-6 item">
				<a href="/book/p25576/7039704.html" title="��112�� ������˱������ԭ��" target="_blank">��112�� ������˱������ԭ��</a>
			  </div><div class="col-md-6 item">
				<a href="/book/p25576/7039705.html" title="��113�� ½������" target="_blank">��113�� ½������</a>
			  </div><div class="col-md-6 item">
				<a href="/book/p25576/7039706.html" title="��114�� ��ʦ�㣬��ѧ������" target="_blank">��114�� ��ʦ�㣬��ѧ������</a>
			  </div><div class="col-md-6 item">
				<a href="/book/p25576/7039707.html" title="��115�� �����տ�������" target="_blank">��115�� �����տ�������</a>
			  </div><div class="col-md-6 item">
				<a href="/book/p25576/7039708.html" title="��116�� ����ͬ��" target="_blank">��116�� ����ͬ��</a>
			  </div><div class="col-md-6 item">
				<a href="/book/p25576/7039709.html" title="��117�� ������ħ" target="_blank">��117�� ������ħ</a>
			  </div><div class="col-md-6 item">
				<a href="/book/p25576/7039710.html" title="��118�� ������������" target="_blank">��118�� ������������</a>
			  </div><div class="col-md-6 item">
				<a href="/book/p25576/7039711.html" title="��119�� �����ʶ��ʶ���˵�������" target="_blank">��119�� �����ʶ��ʶ���˵�������</a>
			  </div><div class="col-md-6 item">
				<a href="/book/p25576/7039712.html" title="��120�� �Ϲ�����" target="_blank">��120�� �Ϲ�����</a>
			  </div><div class="col-md-6 item">
				<a href="/book/p25576/7039713.html" title="��121�� ��Ĺ" target="_blank">��121�� ��Ĺ</a>
			  </div><div class="col-md-6 item">
				<a href="/book/p25576/7039714.html" title="��122�� �����෨��" target="_blank">��122�� �����෨��</a>
			  </div><div class="col-md-6 item">
				<a href="/book/p25576/7039715.html" title="��123�� ĹѨ����" target="_blank">��123�� ĹѨ����</a>
			  </div><div class="col-md-6 item">
				<a href="/book/p25576/7039716.html" title="��124�� ����" target="_blank">��124�� ����</a>
			  </div><div class="col-md-6 item">
				<a href="/book/p25576/7039717.html" title="��125�� �ʵ��ھ������һ��" target="_blank">��125�� �ʵ��ھ������һ��</a>
			  </div><div class="col-md-6 item">
				<a href="/book/p25576/7039718.html" title="��126�� ��潣��С��Ʒ" target="_blank">��126�� ��潣��С��Ʒ</a>
			  </div><div class="col-md-6 item">
				<a href="/book/p25576/7039719.html" title="��127�� ��������" target="_blank">��127�� ��������</a>
			  </div><div class="col-md-6 item">
				<a href="/book/p25576/7039720.html" title="��128�� ������ŵ����ܻ���" target="_blank">��128�� ������ŵ����ܻ���</a>
			  </div><div class="col-md-6 item">
				<a href="/book/p25576/7039721.html" title="��129�� �����������" target="_blank">��129�� �����������</a>
			  </div><div class="col-md-6 item">
				<a href="/book/p25576/7039722.html" title="��130�� ������" target="_blank">��130�� ������</a>
			  </div><div class="col-md-6 item">
				<a href="/book/p25576/7039723.html" title="��131�� Σ�յ�һҹ" target="_blank">��131�� Σ�յ�һҹ</a>
			  </div><div class="col-md-6 item">
				<a href="/book/p25576/7039724.html" title="��132�� Σ���ķ�" target="_blank">��132�� Σ���ķ�</a>
			  </div><div class="col-md-6 item">
				<a href="/book/p25576/7039725.html" title="��133�� ʬ������������" target="_blank">��133�� ʬ������������</a>
			  </div><div class="col-md-6 item">
				<a href="/book/p25576/7039726.html" title="��134�� ������ת" target="_blank">��134�� ������ת</a>
			  </div><div class="col-md-6 item">
				<a href="/book/p25576/7039727.html" title="��135�� ҩ��" target="_blank">��135�� ҩ��</a>
			  </div><div class="col-md-6 item">
				<a href="/book/p25576/7039728.html" title="��136�� û�취ͨ�أ�" target="_blank">��136�� û�취ͨ�أ�</a>
			  </div><div class="col-md-6 item">
				<a href="/book/p25576/7039729.html" title="��137�� ����Ū��������" target="_blank">��137�� ����Ū��������</a>
			  </div><div class="col-md-6 item">
				<a href="/book/p25576/7039730.html" title="��138�� �������" target="_blank">��138�� �������</a>
			  </div><div class="col-md-6 item">
				<a href="/book/p25576/7039731.html" title="��139�� ˭�������ˣ�" target="_blank">��139�� ˭�������ˣ�</a>
			  </div><div class="col-md-6 item">
				<a href="/book/p25576/7039732.html" title="��140�� ���һƶ�����ǰ̸���᣿" target="_blank">��140�� ���һƶ�����ǰ̸���᣿</a>
			  </div><div class="col-md-6 item">
				<a href="/book/p25576/7039733.html" title="��141�� ����֮��" target="_blank">��141�� ����֮��</a>
			  </div><div class="col-md-6 item">
				<a href="/book/p25576/7039734.html" title="��142�� �ɹ��뿪������" target="_blank">��142�� �ɹ��뿪������</a>
			  </div><div class="col-md-6 item">
				<a href="/book/p25576/7039735.html" title="��143�� �����ڻ���׶ε�½��" target="_blank">��143�� �����ڻ���׶ε�½��</a>
			  </div><div class="col-md-6 item">
				<a href="/book/p25576/7039736.html" title="��144�� ԭ�����ڵ�ʱ�����Ǻܾн���" target="_blank">��144�� ԭ�����ڵ�ʱ�����Ǻܾн���</a>
			  </div><div class="col-md-6 item">
				<a href="/book/p25576/7039737.html" title="��145�� ���������ǿ��" target="_blank">��145�� ���������ǿ��</a>
			  </div><div class="col-md-6 item">
				<a href="/book/p25576/7039738.html" title="��146�� ����֮��" target="_blank">��146�� ����֮��</a>
			  </div><div class="col-md-6 item">
				<a href="/book/p25576/7039739.html" title="��147�� �Ϲ�����" target="_blank">��147�� �Ϲ�����</a>
			  </div><div class="col-md-6 item">
				<a href="/book/p25576/7039740.html" title="��148�� ��������" target="_blank">��148�� ��������</a>
			  </div><div class="col-md-6 item">
				<a href="/book/p25576/7039741.html" title="��149�� �Ŵ��ɽ���" target="_blank">��149�� �Ŵ��ɽ���</a>
			  </div><div class="col-md-6 item">
				<a href="/book/p25576/7039742.html" title="��150�� Ӧ����������" target="_blank">��150�� Ӧ����������</a>
			  </div><div class="col-md-6 item">
				<a href="/book/p25576/7039743.html" title="��151�� ������" target="_blank">��151�� ������</a>
			  </div><div class="col-md-6 item">
				<a href="/book/p25576/7039744.html" title="��152�� ����������" target="_blank">��152�� ����������</a>
			  </div><div class="col-md-6 item">
				<a href="/book/p25576/7039745.html" title="��153�� ֲ����" target="_blank">��153�� ֲ����</a>
			  </div><div class="col-md-6 item">
				<a href="/book/p25576/7039746.html" title="��154�� �ƶ�������" target="_blank">��154�� �ƶ�������</a>
			  </div><div class="col-md-6 item">
				<a href="/book/p25576/7039747.html" title="��155�� �ⲻ������" target="_blank">��155�� �ⲻ������</a>
			  </div><div class="col-md-6 item">
				<a href="/book/p25576/7039748.html" title="��156�� ����������" target="_blank">��156�� ����������</a>
			  </div><div class="col-md-6 item">
				<a href="/book/p25576/7039749.html" title="��157�� �ϴ�����������ô��ģ�" target="_blank">��157�� �ϴ�����������ô��ģ�</a>
			  </div><div class="col-md-6 item">
				<a href="/book/p25576/7039750.html" title="��158�� �������ӵĽ���ָ" target="_blank">��158�� �������ӵĽ���ָ</a>
			  </div><div class="col-md-6 item">
				<a href="/book/p25576/7039751.html" title="��159�� �����ҵ�������������" target="_blank">��159�� �����ҵ�������������</a>
			  </div><div class="col-md-6 item">
				<a href="/book/p25576/7039752.html" title="��160�� �������ӵ��Գ�����" target="_blank">��160�� �������ӵ��Գ�����</a>
			  </div><div class="col-md-6 item">
				<a href="/book/p25576/7039753.html" title="��161�� ����������" target="_blank">��161�� ����������</a>
			  </div><div class="col-md-6 item">
				<a href="/book/p25576/7039754.html" title="��162�� Ӧ������" target="_blank">��162�� Ӧ������</a>
			  </div><div class="col-md-6 item">
				<a href="/book/p25576/7039755.html" title="��163�� �����ʵ�������̫����" target="_blank">��163�� �����ʵ�������̫����</a>
			  </div><div class="col-md-6 item">
				<a href="/book/p25576/7039756.html" title="��164�� �������ʵ���������ĵ��ӳ�����" target="_blank">��164�� �������ʵ���������ĵ��ӳ�����</a>
			  </div><div class="col-md-6 item">
				<a href="/book/p25576/7039757.html" title="��165�� �������ӵĿ���" target="_blank">��165�� �������ӵĿ���</a>
			  </div><div class="col-md-6 item">
				<a href="/book/p25576/7039758.html" title="��166�� ������˵" target="_blank">��166�� ������˵</a>
			  </div><div class="col-md-6 item">
				<a href="/book/p25576/7039759.html" title="��167�� ���޶�����" target="_blank">��167�� ���޶�����</a>
			  </div><div class="col-md-6 item">
				<a href="/book/p25576/7039760.html" title="��168�� ½���ս" target="_blank">��168�� ½���ս</a>
			  </div><div class="col-md-6 item">
				<a href="/book/p25576/7039761.html" title="��169�� ���з�����ƴ" target="_blank">��169�� ���з�����ƴ</a>
			  </div><div class="col-md-6 item">
				<a href="/book/p25576/7039762.html" title="��170�� ��ˮ��" target="_blank">��170�� ��ˮ��</a>
			  </div><div class="col-md-6 item">
				<a href="/book/p25576/7039763.html" title="��171�� �����в������˱���" target="_blank">��171�� �����в������˱���</a>
			  </div><div class="col-md-6 item">
				<a href="/book/p25576/7039764.html" title="��172�� ��ҵ�Ĳ���̸߲�" target="_blank">��172�� ��ҵ�Ĳ���̸߲�</a>
			  </div><div class="col-md-6 item">
				<a href="/book/p25576/7039765.html" title="��173�� �����������ڲ���̸ɻ���Ǯ" target="_blank">��173�� �����������ڲ���̸ɻ���Ǯ</a>
			  </div><div class="col-md-6 item">
				<a href="/book/p25576/7039766.html" title="��174�� ���֣�" target="_blank">��174�� ���֣�</a>
			  </div><div class="col-md-6 item">
				<a href="/book/p25576/7039767.html" title="��175�� ��������" target="_blank">��175�� ��������</a>
			  </div><div class="col-md-6 item">
				<a href="/book/p25576/7039768.html" title="��176�� �Ϲ���" target="_blank">��176�� �Ϲ���</a>
			  </div><div class="col-md-6 item">
				<a href="/book/p25576/7039769.html" title="��177�� ������" target="_blank">��177�� ������</a>
			  </div><div class="col-md-6 item">
				<a href="/book/p25576/7039770.html" title="��178�� �������лƶ���" target="_blank">��178�� �������лƶ���</a>
			  </div><div class="col-md-6 item">
				<a href="/book/p25576/7039771.html" title="��179�� �ϹŴ���ͨ���������ɱ�" target="_blank">��179�� �ϹŴ���ͨ���������ɱ�</a>
			  </div><div class="col-md-6 item">
				<a href="/book/p25576/7039772.html" title="��180�� ½ʦ�ܣ��㻹��ʲôδ�˵���Ը��" target="_blank">��180�� ½ʦ�ܣ��㻹��ʲôδ�˵���Ը��</a>
			  </div><div class="col-md-6 item">
				<a href="/book/p25576/7039773.html" title="��181�� ����һ���ˣ�����һ����" target="_blank">��181�� ����һ���ˣ�����һ����</a>
			  </div><div class="col-md-6 item">
				<a href="/book/p25576/7039774.html" title="��182�� Ԥ֪δ��" target="_blank">��182�� Ԥ֪δ��</a>
			  </div><div class="col-md-6 item">
				<a href="/book/p25576/7039775.html" title="��183�� ��ǿ����" target="_blank">��183�� ��ǿ����</a>
			  </div><div class="col-md-6 item">
				<a href="/book/p25576/7039776.html" title="��184�� ��������" target="_blank">��184�� ��������</a>
			  </div><div class="col-md-6 item">
				<a href="/book/p25576/7039777.html" title="��185�� ��ʦ��ļƻ�" target="_blank">��185�� ��ʦ��ļƻ�</a>
			  </div><div class="col-md-6 item">
				<a href="/book/p25576/7039778.html" title="��186�� һ�ж��ڼƻ���" target="_blank">��186�� һ�ж��ڼƻ���</a>
			  </div><div class="col-md-6 item">
				<a href="/book/p25576/7039779.html" title="��187�� ������ȫ�Ľ���" target="_blank">��187�� ������ȫ�Ľ���</a>
			  </div><div class="col-md-6 item">
				<a href="/book/p25576/7039780.html" title="��188�� ��ϰ" target="_blank">��188�� ��ϰ</a>
			  </div><div class="col-md-6 item">
				<a href="/book/p25576/7039781.html" title="��189�� �쵱��������" target="_blank">��189�� �쵱��������</a>
			  </div><div class="col-md-6 item">
				<a href="/book/p25576/7039782.html" title="��190�� ���Ե��" target="_blank">��190�� ���Ե��</a>
			  </div><div class="col-md-6 item">
				<a href="/book/p25576/7039783.html" title="��191�� ħ��" target="_blank">��191�� ħ��</a>
			  </div><div class="col-md-6 item">
				<a href="/book/p25576/7039784.html" title="��192�� ���ϰ˻��ɹ�" target="_blank">��192�� ���ϰ˻��ɹ�</a>
			  </div><div class="col-md-6 item">
				<a href="/book/p25576/7039785.html" title="��193�� ���壡" target="_blank">��193�� ���壡</a>
			  </div><div class="col-md-6 item">
				<a href="/book/p25576/7039786.html" title="��194�� ���ӣ�����ʲô��Ը��" target="_blank">��194�� ���ӣ�����ʲô��Ը��</a>
			  </div><div class="col-md-6 item">
				<a href="/book/p25576/7039787.html" title="��195�� �����������" target="_blank">��195�� �����������</a>
			  </div><div class="col-md-6 item">
				<a href="/book/p25576/7039788.html" title="��196�� ��ľ���ռ�Ϊʲô��ô���ˣ�" target="_blank">��196�� ��ľ���ռ�Ϊʲô��ô���ˣ�</a>
			  </div><div class="col-md-6 item">
				<a href="/book/p25576/7039789.html" title="��197�� ̹�״ӿ�" target="_blank">��197�� ̹�״ӿ�</a>
			  </div><div class="col-md-6 item">
				<a href="/book/p25576/7039790.html" title="��198�� Ļ��֮��" target="_blank">��198�� Ļ��֮��</a>
			  </div><div class="col-md-6 item">
				<a href="/book/p25576/7039791.html" title="��199�� ����˭��Ϊ��" target="_blank">��199�� ����˭��Ϊ��</a>
			  </div><div class="col-md-6 item">
				<a href="/book/p25576/7039792.html" title="��200�� �һ��Ǹ�Ӥ����" target="_blank">��200�� �һ��Ǹ�Ӥ����</a>
			  </div><div class="col-md-6 item">
				<a href="/book/p25576/7039793.html" title="��201�� ��ϰ���������õ�" target="_blank">��201�� ��ϰ���������õ�</a>
			  </div><div class="col-md-6 item">
				<a href="/book/p25576/7039794.html" title="��202�� ��������£�����̸���" target="_blank">��202�� ��������£�����̸���</a>
			  </div><div class="col-md-6 item">
				<a href="/book/p25576/7039795.html" title="��203�� �����������" target="_blank">��203�� �����������</a>
			  </div><div class="col-md-6 item">
				<a href="/book/p25576/7039796.html" title="��204�� ��������" target="_blank">��204�� ��������</a>
			  </div><div class="col-md-6 item">
				<a href="/book/p25576/7039797.html" title="��205�� ����ħ��" target="_blank">��205�� ����ħ��</a>
			  </div><div class="col-md-6 item">
				<a href="/book/p25576/7039798.html" title="��206�� ����Ϊ��" target="_blank">��206�� ����Ϊ��</a>
			  </div><div class="col-md-6 item">
				<a href="/book/p25576/7039799.html" title="��207�� ��ʦ�֣���֪���������������" target="_blank">��207�� ��ʦ�֣���֪���������������</a>
			  </div><div class="col-md-6 item">
				<a href="/book/p25576/7039800.html" title="��208�� ����̵��ɱ�" target="_blank">��208�� ����̵��ɱ�</a>
			  </div><div class="col-md-6 item">
				<a href="/book/p25576/7039801.html" title="��209�� �ʵ��ڵ������ͷ" target="_blank">��209�� �ʵ��ڵ������ͷ</a>
			  </div><div class="col-md-6 item">
				<a href="/book/p25576/7039802.html" title="��210�� ��ǿ��" target="_blank">��210�� ��ǿ��</a>
			  </div><div class="col-md-6 item">
				<a href="/book/p25576/7039803.html" title="��211�� ʦ���ǵĽᵤ֮��" target="_blank">��211�� ʦ���ǵĽᵤ֮��</a>
			  </div><div class="col-md-6 item">
				<a href="/book/p25576/7039804.html" title="��212�� һ��һ����" target="_blank">��212�� һ��һ����</a>
			  </div><div class="col-md-6 item">
				<a href="/book/p25576/7039805.html" title="��213�� �����ӹ�" target="_blank">��213�� �����ӹ�</a>
			  </div><div class="col-md-6 item">
				<a href="/book/p25576/7039806.html" title="��214�� �˻飡" target="_blank">��214�� �˻飡</a>
			  </div><div class="col-md-6 item">
				<a href="/book/p25576/7039807.html" title="��215�� ָ��Ϊ��" target="_blank">��215�� ָ��Ϊ��</a>
			  </div><div class="col-md-6 item">
				<a href="/book/p25576/7039808.html" title="��216�� ���Ȼ�����ڻڻ黹���ü���" target="_blank">��216�� ���Ȼ�����ڻڻ黹���ü���</a>
			  </div><div class="col-md-6 item">
				<a href="/book/p25576/7039809.html" title="��217�� �غ�Ȼ" target="_blank">��217�� �غ�Ȼ</a>
			  </div><div class="col-md-6 item">
				<a href="/book/p25576/7039810.html" title="��218�� ��������" target="_blank">��218�� ��������</a>
			  </div><div class="col-md-6 item">
				<a href="/book/p25576/7039811.html" title="��219�� ����һ��������" target="_blank">��219�� ����һ��������</a>
			  </div><div class="col-md-6 item">
				<a href="/book/p25576/7039812.html" title="��220�� ����������" target="_blank">��220�� ����������</a>
			  </div><div class="col-md-6 item">
				<a href="/book/p25576/7039813.html" title="��221�� ��Ѫʯ" target="_blank">��221�� ��Ѫʯ</a>
			  </div><div class="col-md-6 item">
				<a href="/book/p25576/7039814.html" title="��222�� �Ϲź��ֻƶ���" target="_blank">��222�� �Ϲź��ֻƶ���</a>
			  </div><div class="col-md-6 item">
				<a href="/book/p25576/7039815.html" title="��223�� �Ǽ�����" target="_blank">��223�� �Ǽ�����</a>
			  </div><div class="col-md-6 item">
				<a href="/book/p25576/7039816.html" title="��224�� ��ô����ʯ���ܲ�����" target="_blank">��224�� ��ô����ʯ���ܲ�����</a>
			  </div><div class="col-md-6 item">
				<a href="/book/p25576/7039817.html" title="��225�� ͬ��" target="_blank">��225�� ͬ��</a>
			  </div><div class="col-md-6 item">
				<a href="/book/p25576/7039818.html" title="��226�� ��������Ӱ" target="_blank">��226�� ��������Ӱ</a>
			  </div><div class="col-md-6 item">
				<a href="/book/p25576/7039819.html" title="��227�� �����˳���" target="_blank">��227�� �����˳���</a>
			  </div><div class="col-md-6 item">
				<a href="/book/p25576/7039820.html" title="��228�� �������" target="_blank">��228�� �������</a>
			  </div><div class="col-md-6 item">
				<a href="/book/p25576/7039821.html" title="��229�� ��Ѫʯ������" target="_blank">��229�� ��Ѫʯ������</a>
			  </div><div class="col-md-6 item">
				<a href="/book/p25576/7039822.html" title="��230�� ԡ�������Ĵ�˵" target="_blank">��230�� ԡ�������Ĵ�˵</a>
			  </div><div class="col-md-6 item">
				<a href="/book/p25576/7039823.html" title="��231�� ���Ȼ��ǰ��" target="_blank">��231�� ���Ȼ��ǰ��</a>
			  </div><div class="col-md-6 item">
				<a href="/book/p25576/7039824.html" title="��232�� ��ʦ�֣�����ץס�˾��Ľ̽���" target="_blank">��232�� ��ʦ�֣�����ץס�˾��Ľ̽���</a>
			  </div><div class="col-md-6 item">
				<a href="/book/p25576/7039825.html" title="��233�� ԭ�����" target="_blank">��233�� ԭ�����</a>
			  </div><div class="col-md-6 item">
				<a href="/book/p25576/7039826.html" title="��234�� ���Ȼ��½��Ĳ�ͬ" target="_blank">��234�� ���Ȼ��½��Ĳ�ͬ</a>
			  </div><div class="col-md-6 item">
				<a href="/book/p25576/7039827.html" title="��235�� ��ʦ��Ľᵤ����" target="_blank">��235�� ��ʦ��Ľᵤ����</a>
			  </div><div class="col-md-6 item">
				<a href="/book/p25576/7039828.html" title="��236�� ��ʦ�������" target="_blank">��236�� ��ʦ�������</a>
			  </div><div class="col-md-6 item">
				<a href="/book/p25576/7039829.html" title="��237�� ����" target="_blank">��237�� ����</a>
			  </div><div class="col-md-6 item">
				<a href="/book/p25576/7039830.html" title="��238�� �������Ϲ����������" target="_blank">��238�� �������Ϲ����������</a>
			  </div><div class="col-md-6 item">
				<a href="/book/p25576/7039831.html" title="��239�� װʲô�أ�" target="_blank">��239�� װʲô�أ�</a>
			  </div><div class="col-md-6 item">
				<a href="/book/p25576/7039832.html" title="��240�� ��ٱ����棬�õ�����" target="_blank">��240�� ��ٱ����棬�õ�����</a>
			  </div><div class="col-md-6 item">
				<a href="/book/p25576/7039833.html" title="��241�� �޺�ȭ" target="_blank">��241�� �޺�ȭ</a>
			  </div><div class="col-md-6 item">
				<a href="/book/p25576/7039834.html" title="��242�� ½�����Ҫ��ȥ��" target="_blank">��242�� ½�����Ҫ��ȥ��</a>
			  </div><div class="col-md-6 item">
				<a href="/book/p25576/7039835.html" title="��243�� ��������������" target="_blank">��243�� ��������������</a>
			  </div><div class="col-md-6 item">
				<a href="/book/p25576/7039836.html" title="��244�� �ⷹ�ж�����" target="_blank">��244�� �ⷹ�ж�����</a>
			  </div><div class="col-md-6 item">
				<a href="/book/p25576/7039837.html" title="��245�� һȭ" target="_blank">��245�� һȭ</a>
			  </div><div class="col-md-6 item">
				<a href="/book/p25576/7039838.html" title="��246�� ˫����" target="_blank">��246�� ˫����</a>
			  </div><div class="col-md-6 item">
				<a href="/book/p25576/7039839.html" title="��247�� ��˵���Ǹ�������������" target="_blank">��247�� ��˵���Ǹ�������������</a>
			  </div><div class="col-md-6 item">
				<a href="/book/p25576/7039840.html" title="��248�� ��������˵���Ϲ����Űɣ��ҵ����Լ���������" target="_blank">��248�� ��������˵���Ϲ����Űɣ��ҵ����Լ���������</a>
			  </div><div class="col-md-6 item">
				<a href="/book/p25576/7039841.html" title="��249�� ˫��������" target="_blank">��249�� ˫��������</a>
			  </div><div class="col-md-6 item">
				<a href="/book/p25576/7039842.html" title="��250�� ���µĻƶ���" target="_blank">��250�� ���µĻƶ���</a>
			  </div><div class="col-md-6 item">
				<a href="/book/p25576/7039843.html" title="��251�� �޺�ȭ" target="_blank">��251�� �޺�ȭ</a>
			  </div><div class="col-md-6 item">
				<a href="/book/p25576/7039844.html" title="��252�� ��˵�㲻�Ǻ���" target="_blank">��252�� ��˵�㲻�Ǻ���</a>
			  </div><div class="col-md-6 item">
				<a href="/book/p25576/7039845.html" title="��253�� ���žۻ�" target="_blank">��253�� ���žۻ�</a>
			  </div><div class="col-md-6 item">
				<a href="/book/p25576/7039846.html" title="��254�� ����ս������©��" target="_blank">��254�� ����ս������©��</a>
			  </div><div class="col-md-6 item">
				<a href="/book/p25576/7039847.html" title="��255�� ���׵���زҶ" target="_blank">��255�� ���׵���زҶ</a>
			  </div><div class="col-md-6 item">
				<a href="/book/p25576/7039848.html" title="��256�� ��ĸ����˫����" target="_blank">��256�� ��ĸ����˫����</a>
			  </div><div class="col-md-6 item">
				<a href="/book/p25576/7039849.html" title="��257�� �����ؼٷ���" target="_blank">��257�� �����ؼٷ���</a>
			  </div><div class="col-md-6 item">
				<a href="/book/p25576/7039850.html" title="��258�� ���صĺ�ɫ���" target="_blank">��258�� ���صĺ�ɫ���</a>
			  </div><div class="col-md-6 item">
				<a href="/book/p25576/7039851.html" title="��259�� �����Ϲ�����Ѫ��" target="_blank">��259�� �����Ϲ�����Ѫ��</a>
			  </div><div class="col-md-6 item">
				<a href="/book/p25576/7039852.html" title="��260�� Ѫ�����" target="_blank">��260�� Ѫ�����</a>
			  </div><div class="col-md-6 item">
				<a href="/book/p25576/7039853.html" title="��261�� ½������ȭ֮�ƶ���ȭ" target="_blank">��261�� ½������ȭ֮�ƶ���ȭ</a>
			  </div><div class="col-md-6 item">
				<a href="/book/p25576/7039854.html" title="��262�� �ƶ���ȭ�ĸ�����" target="_blank">��262�� �ƶ���ȭ�ĸ�����</a>
			  </div><div class="col-md-6 item">
				<a href="/book/p25576/7039855.html" title="��263�� �ϹŴ��У���������" target="_blank">��263�� �ϹŴ��У���������</a>
			  </div><div class="col-md-6 item">
				<a href="/book/p25576/7039856.html" title="��264�� �����Ժ���װ����" target="_blank">��264�� �����Ժ���װ����</a>
			  </div><div class="col-md-6 item">
				<a href="/book/p25576/7039857.html" title="��265�� ������" target="_blank">��265�� ������</a>
			  </div><div class="col-md-6 item">
				<a href="/book/p25576/7039858.html" title="��266�� �����" target="_blank">��266�� �����</a>
			  </div><div class="col-md-6 item">
				<a href="/book/p25576/7039859.html" title="��267�� ˵������һ�ٶ�������ʣ�µĶ���" target="_blank">��267�� ˵������һ�ٶ�������ʣ�µĶ���</a>
			  </div><div class="col-md-6 item">
				<a href="/book/p25576/7039860.html" title="��268�� ����Ԥı" target="_blank">��268�� ����Ԥı</a>
			  </div><div class="col-md-6 item">
				<a href="/book/p25576/7039861.html" title="��269�� ���۸��Ҳ���һ�������ң�" target="_blank">��269�� ���۸��Ҳ���һ�������ң�</a>
			  </div><div class="col-md-6 item">
				<a href="/book/p25576/7039862.html" title="��270�� ½��ı仯" target="_blank">��270�� ½��ı仯</a>
			  </div><div class="col-md-6 item">
				<a href="/book/p25576/7039863.html" title="��271�� �ᵤ" target="_blank">��271�� �ᵤ</a>
			  </div><div class="col-md-6 item">
				<a href="/book/p25576/7039864.html" title="��272�� ���ɶ�˵������ս��������" target="_blank">��272�� ���ɶ�˵������ս��������</a>
			  </div><div class="col-md-6 item">
				<a href="/book/p25576/7039865.html" title="��273�� ��ʰβ��" target="_blank">��273�� ��ʰβ��</a>
			  </div><div class="col-md-6 item">
				<a href="/book/p25576/7039866.html" title="��274�� Ʈ��" target="_blank">��274�� Ʈ��</a>
			  </div><div class="col-md-6 item">
				<a href="/book/p25576/7039867.html" title="��275�� �޵е�������" target="_blank">��275�� �޵е�������</a>
			  </div><div class="col-md-6 item">
				<a href="/book/p25576/7039868.html" title="��276�� �޵���" target="_blank">��276�� �޵���</a>
			  </div><div class="col-md-6 item">
				<a href="/book/p25576/7039869.html" title="��277�� ����½��" target="_blank">��277�� ����½��</a>
			  </div><div class="col-md-6 item">
				<a href="/book/p25576/7039870.html" title="��278�� ��������" target="_blank">��278�� ��������</a>
			  </div><div class="col-md-6 item">
				<a href="/book/p25576/7039871.html" title="��279�� �߸���ʷ�Ĳ²�" target="_blank">��279�� �߸���ʷ�Ĳ²�</a>
			  </div><div class="col-md-6 item">
				<a href="/book/p25576/7039872.html" title="��280�� ���벻������" target="_blank">��280�� ���벻������</a>
			  </div><div class="col-md-6 item">
				<a href="/book/p25576/7039873.html" title="��281�� ���ӵĳ���" target="_blank">��281�� ���ӵĳ���</a>
			  </div><div class="col-md-6 item">
				<a href="/book/p25576/7039874.html" title="��282�� �Ϲ����ɳɵ�ǰ�����һս" target="_blank">��282�� �Ϲ����ɳɵ�ǰ�����һս</a>
			  </div><div class="col-md-6 item">
				<a href="/book/p25576/7039875.html" title="��283�� �����ջ�" target="_blank">��283�� �����ջ�</a>
			  </div><div class="col-md-6 item">
				<a href="/book/p25576/7039876.html" title="��284�� ����������η��Ĳ���֮Ե" target="_blank">��284�� ����������η��Ĳ���֮Ե</a>
			  </div><div class="col-md-6 item">
				<a href="/book/p25576/7039877.html" title="��285�� ��ͬ���д������������̣�" target="_blank">��285�� ��ͬ���д������������̣�</a>
			  </div><div class="col-md-6 item">
				<a href="/book/p25576/7039878.html" title="��286�� �̲�����ý�����ҲҪ��" target="_blank">��286�� �̲�����ý�����ҲҪ��</a>
			  </div><div class="col-md-6 item">
				<a href="/book/p25576/7039879.html" title="��287�� ����֮��" target="_blank">��287�� ����֮��</a>
			  </div><div class="col-md-6 item">
				<a href="/book/p25576/7039880.html" title="��288�� ˹��ª�ң�Ω���ܰ" target="_blank">��288�� ˹��ª�ң�Ω���ܰ</a>
			  </div><div class="col-md-6 item">
				<a href="/book/p25576/7039881.html" title="��289�� �Ͼ��۽ᵤ" target="_blank">��289�� �Ͼ��۽ᵤ</a>
			  </div><div class="col-md-6 item">
				<a href="/book/p25576/7039882.html" title="��290�� �ȼ۽�����" target="_blank">��290�� �ȼ۽�����</a>
			  </div><div class="col-md-6 item">
				<a href="/book/p25576/7039883.html" title="��291�� ��������ĪҪ�ô���ߣ�" target="_blank">��291�� ��������ĪҪ�ô���ߣ�</a>
			  </div><div class="col-md-6 item">
				<a href="/book/p25576/7039884.html" title="��292�� �����Һ�������" target="_blank">��292�� �����Һ�������</a>
			  </div><div class="col-md-6 item">
				<a href="/book/p25576/7039885.html" title="��293�� ʹ������Ȼ" target="_blank">��293�� ʹ������Ȼ</a>
			  </div><div class="col-md-6 item">
				<a href="/book/p25576/7039886.html" title="��294�� �غ�Ȼ��׷ɱ��ԭ��" target="_blank">��294�� �غ�Ȼ��׷ɱ��ԭ��</a>
			  </div><div class="col-md-6 item">
				<a href="/book/p25576/7039887.html" title="��295�� ҥ������β�����" target="_blank">��295�� ҥ������β�����</a>
			  </div><div class="col-md-6 item">
				<a href="/book/p25576/7039888.html" title="��296�� ��λ����" target="_blank">��296�� ��λ����</a>
			  </div><div class="col-md-6 item">
				<a href="/book/p25576/7039889.html" title="��297�� ���Ȼ�����������" target="_blank">��297�� ���Ȼ�����������</a>
			  </div><div class="col-md-6 item">
				<a href="/book/p25576/7039890.html" title="��298�� ǰ��" target="_blank">��298�� ǰ��</a>
			  </div><div class="col-md-6 item">
				<a href="/book/p25576/7039891.html" title="��299�� �����Ů����" target="_blank">��299�� �����Ů����</a>
			  </div><div class="col-md-6 item">
				<a href="/book/p25576/7039892.html" title="��300�� �����ħ�̽���" target="_blank">��300�� �����ħ�̽���</a>
			  </div><div class="col-md-6 item">
				<a href="/book/p25576/7039893.html" title="��301�� ת����" target="_blank">��301�� ת����</a>
			  </div><div class="col-md-6 item">
				<a href="/book/p25576/7039894.html" title="��302�� �Ϲų�˯��������" target="_blank">��302�� �Ϲų�˯��������</a>
			  </div><div class="col-md-6 item">
				<a href="/book/p25576/7039895.html" title="��303�� ��ͥ��" target="_blank">��303�� ��ͥ��</a>
			  </div><div class="col-md-6 item">
				<a href="/book/p25576/7039896.html" title="��304�� ����ȳ��" target="_blank">��304�� ����ȳ��</a>
			  </div><div class="col-md-6 item">
				<a href="/book/p25576/7039897.html" title="��305�� �ҳ��ҵ�ת���ˣ�" target="_blank">��305�� �ҳ��ҵ�ת���ˣ�</a>
			  </div><div class="col-md-6 item">
				<a href="/book/p25576/7039898.html" title="��306�� �غ�Ȼ��صĶ���" target="_blank">��306�� �غ�Ȼ��صĶ���</a>
			  </div><div class="col-md-6 item">
				<a href="/book/p25576/7039899.html" title="��307�� ��ù�ĸ�����" target="_blank">��307�� ��ù�ĸ�����</a>
			  </div><div class="col-md-6 item">
				<a href="/book/p25576/7039900.html" title="��308�� ���Ľ�����" target="_blank">��308�� ���Ľ�����</a>
			  </div><div class="col-md-6 item">
				<a href="/book/p25576/7039901.html" title="��309�� ����汾����ͥ" target="_blank">��309�� ����汾����ͥ</a>
			  </div><div class="col-md-6 item">
				<a href="/book/p25576/7039902.html" title="��310�� ��ʦ�֣�������۷���ʲô�Ҷ����ᾪ����" target="_blank">��310�� ��ʦ�֣�������۷���ʲô�Ҷ����ᾪ����</a>
			  </div><div class="col-md-6 item">
				<a href="/book/p25576/7039903.html" title="��311�� ������Ͷ�����" target="_blank">��311�� ������Ͷ�����</a>
			  </div><div class="col-md-6 item">
				<a href="/book/p25576/7039904.html" title="��312�� ��زҶ�Ľ�" target="_blank">��312�� ��زҶ�Ľ�</a>
			  </div><div class="col-md-6 item">
				<a href="/book/p25576/7039905.html" title="��313�� �Ͼ�����̨���" target="_blank">��313�� �Ͼ�����̨���</a>
			  </div><div class="col-md-6 item">
				<a href="/book/p25576/7039906.html" title="��314�� ȭ��Ҳ�Ƿ�" target="_blank">��314�� ȭ��Ҳ�Ƿ�</a>
			  </div><div class="col-md-6 item">
				<a href="/book/p25576/7039907.html" title="��315�� ������������Ϲ����ɣ�ı����ţ�" target="_blank">��315�� ������������Ϲ����ɣ�ı����ţ�</a>
			  </div><div class="col-md-6 item">
				<a href="/book/p25576/7039908.html" title="��316�� ½����û��" target="_blank">��316�� ½����û��</a>
			  </div><div class="col-md-6 item">
				<a href="/book/p25576/7039909.html" title="��317�� �峤�ϵ���˼����" target="_blank">��317�� �峤�ϵ���˼����</a>
			  </div><div class="col-md-6 item">
				<a href="/book/p25576/7039910.html" title="��318�� ڲƭ���Ľ����ʵ��ڴ�ͳ" target="_blank">��318�� ڲƭ���Ľ����ʵ��ڴ�ͳ</a>
			  </div><div class="col-md-6 item">
				<a href="/book/p25576/7039911.html" title="��319�� ѧϰ�����ɵ�" target="_blank">��319�� ѧϰ�����ɵ�</a>
			  </div><div class="col-md-6 item">
				<a href="/book/p25576/7039912.html" title="��320�� ����һ�����ʷ" target="_blank">��320�� ����һ�����ʷ</a>
			  </div><div class="col-md-6 item">
				<a href="/book/p25576/7039913.html" title="��321�� ����������ѹСҩ��" target="_blank">��321�� ����������ѹСҩ��</a>
			  </div><div class="col-md-6 item">
				<a href="/book/p25576/7039914.html" title="��322�� ���벻��ҩ������" target="_blank">��322�� ���벻��ҩ������</a>
			  </div><div class="col-md-6 item">
				<a href="/book/p25576/7039915.html" title="��323�� �������Ҽ�ס���ˣ�" target="_blank">��323�� �������Ҽ�ס���ˣ�</a>
			  </div><div class="col-md-6 item">
				<a href="/book/p25576/7039916.html" title="��324�� �տ������¿���" target="_blank">��324�� �տ������¿���</a>
			  </div><div class="col-md-6 item">
				<a href="/book/p25576/7039917.html" title="��325�� �����ɵ���տ���" target="_blank">��325�� �����ɵ���տ���</a>
			  </div><div class="col-md-6 item">
				<a href="/book/p25576/7039918.html" title="��326�� �����տ���" target="_blank">��326�� �����տ���</a>
			  </div><div class="col-md-6 item">
				<a href="/book/p25576/7039919.html" title="��327�� �������״�����" target="_blank">��327�� �������״�����</a>
			  </div><div class="col-md-6 item">
				<a href="/book/p25576/7039920.html" title="��328�� ûһ��ٻ�" target="_blank">��328�� ûһ��ٻ�</a>
			  </div><div class="col-md-6 item">
				<a href="/book/p25576/7039921.html" title="��329�� ����ҵ�ɳɣ����Ŀ�����" target="_blank">��329�� ����ҵ�ɳɣ����Ŀ�����</a>
			  </div><div class="col-md-6 item">
				<a href="/book/p25576/7039922.html" title="��330�� ���̽������ʵ�����֥��Ϊ���ֲ���" target="_blank">��330�� ���̽������ʵ�����֥��Ϊ���ֲ���</a>
			  </div><div class="col-md-6 item">
				<a href="/book/p25576/7039923.html" title="��331�� �������" target="_blank">��331�� �������</a>
			  </div><div class="col-md-6 item">
				<a href="/book/p25576/7039924.html" title="��332�� ����Ҳ��˵�ܵ���죿" target="_blank">��332�� ����Ҳ��˵�ܵ���죿</a>
			  </div><div class="col-md-6 item">
				<a href="/book/p25576/7039925.html" title="��333�� ���Ǹ߽���ʿ�Ļ�������డ" target="_blank">��333�� ���Ǹ߽���ʿ�Ļ�������డ</a>
			  </div><div class="col-md-6 item">
				<a href="/book/p25576/7039926.html" title="��334�� ���Ȼ�ᵤ" target="_blank">��334�� ���Ȼ�ᵤ</a>
			  </div><div class="col-md-6 item">
				<a href="/book/p25576/7039927.html" title="��335�� �˵��ɶϾ������" target="_blank">��335�� �˵��ɶϾ������</a>
			  </div><div class="col-md-6 item">
				<a href="/book/p25576/7039928.html" title="��336�� ��ͥ����ʽ����" target="_blank">��336�� ��ͥ����ʽ����</a>
			  </div><div class="col-md-6 item">
				<a href="/book/p25576/7039929.html" title="��337�� �Ҹ��������˸�������" target="_blank">��337�� �Ҹ��������˸�������</a>
			  </div><div class="col-md-6 item">
				<a href="/book/p25576/7039930.html" title="��338�� �޵е�����������" target="_blank">��338�� �޵е�����������</a>
			  </div><div class="col-md-6 item">
				<a href="/book/p25576/7039931.html" title="��339�� �Ϲ����˵Ĺ���" target="_blank">��339�� �Ϲ����˵Ĺ���</a>
			  </div><div class="col-md-6 item">
				<a href="/book/p25576/7039932.html" title="��340�� �������ӵ�����" target="_blank">��340�� �������ӵ�����</a>
			  </div><div class="col-md-6 item">
				<a href="/book/p25576/7039933.html" title="��341�� ��˼Ȫӿ" target="_blank">��341�� ��˼Ȫӿ</a>
			  </div><div class="col-md-6 item">
				<a href="/book/p25576/7039934.html" title="��342�� ���г���" target="_blank">��342�� ���г���</a>
			  </div><div class="col-md-6 item">
				<a href="/book/p25576/7039935.html" title="��343�� ���������÷�" target="_blank">��343�� ���������÷�</a>
			  </div><div class="col-md-6 item">
				<a href="/book/p25576/7039936.html" title="��344�� �˳���" target="_blank">��344�� �˳���</a>
			  </div><div class="col-md-6 item">
				<a href="/book/p25576/7039937.html" title="��345�� �����Ǵ�ʦ��Ҳ�����Լ��Ķ��֣�" target="_blank">��345�� �����Ǵ�ʦ��Ҳ�����Լ��Ķ��֣�</a>
			  </div><div class="col-md-6 item">
				<a href="/book/p25576/7039938.html" title="��346�� ����ʢ��" target="_blank">��346�� ����ʢ��</a>
			  </div><div class="col-md-6 item">
				<a href="/book/p25576/7039939.html" title="��347�� �ҵ�ר�����أ�" target="_blank">��347�� �ҵ�ר�����أ�</a>
			  </div><div class="col-md-6 item">
				<a href="/book/p25576/7039940.html" title="��348�� ��Ǯ����" target="_blank">��348�� ��Ǯ����</a>
			  </div><div class="col-md-6 item">
				<a href="/book/p25576/7039941.html" title="��349�� �ǳ�����" target="_blank">��349�� �ǳ�����</a>
			  </div><div class="col-md-6 item">
				<a href="/book/p25576/7039942.html" title="��350�� ���Ϲ����ء�" target="_blank">��350�� ���Ϲ����ء�</a>
			  </div><div class="col-md-6 item">
				<a href="/book/p25576/7039943.html" title="��351�� ��©" target="_blank">��351�� ��©</a>
			  </div><div class="col-md-6 item">
				<a href="/book/p25576/7039944.html" title="��352�� ��˵½��ս������Խ�����󾳽�" target="_blank">��352�� ��˵½��ս������Խ�����󾳽�</a>
			  </div><div class="col-md-6 item">
				<a href="/book/p25576/7039945.html" title="��353�� ������ô������ίϯ�ϣ�" target="_blank">��353�� ������ô������ίϯ�ϣ�</a>
			  </div><div class="col-md-6 item">
				<a href="/book/p25576/7039946.html" title="��354�� ����ô������" target="_blank">��354�� ����ô������</a>
			  </div><div class="col-md-6 item">
				<a href="/book/p25576/7039947.html" title="��355�� Խ��ս�����淥����" target="_blank">��355�� Խ��ս�����淥����</a>
			  </div><div class="col-md-6 item">
				<a href="/book/p25576/7039948.html" title="��356�� �޵е���û�����ô��ԣ����" target="_blank">��356�� �޵е���û�����ô��ԣ����</a>
			  </div><div class="col-md-6 item">
				<a href="/book/p25576/7039949.html" title="��357�� ǫ��" target="_blank">��357�� ǫ��</a>
			  </div><div class="col-md-6 item">
				<a href="/book/p25576/7039950.html" title="��358�� ����" target="_blank">��358�� ����</a>
			  </div><div class="col-md-6 item">
				<a href="/book/p25576/7039951.html" title="��359�� �𵤼��ʹ��" target="_blank">��359�� �𵤼��ʹ��</a>
			  </div><div class="col-md-6 item">
				<a href="/book/p25576/7039952.html" title="��360�� �޵е�������" target="_blank">��360�� �޵е�������</a>
			  </div><div class="col-md-6 item">
				<a href="/book/p25576/7039953.html" title="��361�� �ҡ��ϡ���" target="_blank">��361�� �ҡ��ϡ���</a>
			  </div><div class="col-md-6 item">
				<a href="/book/p25576/7039954.html" title="��362�� ���ű�˵�Լ��ǲ�����˵�ͽ��" target="_blank">��362�� ���ű�˵�Լ��ǲ�����˵�ͽ��</a>
			  </div><div class="col-md-6 item">
				<a href="/book/p25576/7039955.html" title="��363�� �տ���ֵ궼���������ˣ�" target="_blank">��363�� �տ���ֵ궼���������ˣ�</a>
			  </div><div class="col-md-6 item">
				<a href="/book/p25576/7039956.html" title="��364�� ����������" target="_blank">��364�� ����������</a>
			  </div><div class="col-md-6 item">
				<a href="/book/p25576/7039957.html" title="��365�� ��������ȫƾ����Ϊ��" target="_blank">��365�� ��������ȫƾ����Ϊ��</a>
			  </div><div class="col-md-6 item">
				<a href="/book/p25576/7039958.html" title="��366�� ̫�Ͻ�" target="_blank">��366�� ̫�Ͻ�</a>
			  </div><div class="col-md-6 item">
				<a href="/book/p25576/7039959.html" title="��367�� ��Ҫ��˭�����������" target="_blank">��367�� ��Ҫ��˭�����������</a>
			  </div><div class="col-md-6 item">
				<a href="/book/p25576/7039960.html" title="��368�� ����" target="_blank">��368�� ����</a>
			  </div><div class="col-md-6 item">
				<a href="/book/p25576/7039961.html" title="��369�� ��������ʢ�ᵽ�ײ��Ŷ��ٺ����ڣ�" target="_blank">��369�� ��������ʢ�ᵽ�ײ��Ŷ��ٺ����ڣ�</a>
			  </div><div class="col-md-6 item">
				<a href="/book/p25576/7039962.html" title="��370�� �㵽�η���Ӧ���ǰ�ȫ��" target="_blank">��370�� �㵽�η���Ӧ���ǰ�ȫ��</a>
			  </div><div class="col-md-6 item">
				<a href="/book/p25576/7039963.html" title="��371�� ������ʿʯ������" target="_blank">��371�� ������ʿʯ������</a>
			  </div><div class="col-md-6 item">
				<a href="/book/p25576/7039964.html" title="��372�� ��������" target="_blank">��372�� ��������</a>
			  </div><div class="col-md-6 item">
				<a href="/book/p25576/7039965.html" title="��373�� ���ݹ�ʦ" target="_blank">��373�� ���ݹ�ʦ</a>
			  </div><div class="col-md-6 item">
				<a href="/book/p25576/7039966.html" title="��374�� ��Ľ�����Ȼ" target="_blank">��374�� ��Ľ�����Ȼ</a>
			  </div><div class="col-md-6 item">
				<a href="/book/p25576/7039967.html" title="��375�� ��زҶ���¾籾" target="_blank">��375�� ��زҶ���¾籾</a>
			  </div><div class="col-md-6 item">
				<a href="/book/p25576/7039968.html" title="��376�� �������ɽ�" target="_blank">��376�� �������ɽ�</a>
			  </div><div class="col-md-6 item">
				<a href="/book/p25576/7039969.html" title="��377�� �õ���ɮ" target="_blank">��377�� �õ���ɮ</a>
			  </div><div class="col-md-6 item">
				<a href="/book/p25576/7039970.html" title="��378�� ڤ�½�" target="_blank">��378�� ڤ�½�</a>
			  </div><div class="col-md-6 item">
				<a href="/book/p25576/7039971.html" title="��379�� ������" target="_blank">��379�� ������</a>
			  </div><div class="col-md-6 item">
				<a href="/book/p25576/7039972.html" title="��380�� �Ƚ�����������" target="_blank">��380�� �Ƚ�����������</a>
			  </div><div class="col-md-6 item">
				<a href="/book/p25576/7039973.html" title="��381�� ��ͥ���ּ�����" target="_blank">��381�� ��ͥ���ּ�����</a>
			  </div><div class="col-md-6 item">
				<a href="/book/p25576/7039974.html" title="��382�� �������" target="_blank">��382�� �������</a>
			  </div><div class="col-md-6 item">
				<a href="/book/p25576/7039975.html" title="��383�� Ѫ��ζ" target="_blank">��383�� Ѫ��ζ</a>
			  </div><div class="col-md-6 item">
				<a href="/book/p25576/7039976.html" title="��384�� ����" target="_blank">��384�� ����</a>
			  </div><div class="col-md-6 item">
				<a href="/book/p25576/7039977.html" title="��385�� ÿ���±�������û���ջ�" target="_blank">��385�� ÿ���±�������û���ջ�</a>
			  </div><div class="col-md-6 item">
				<a href="/book/p25576/7039978.html" title="��386�� ��������ͥ�̻�������ڤ������" target="_blank">��386�� ��������ͥ�̻�������ڤ������</a>
			  </div><div class="col-md-6 item">
				<a href="/book/p25576/7039979.html" title="��387�� ����������" target="_blank">��387�� ����������</a>
			  </div><div class="col-md-6 item">
				<a href="/book/p25576/7039980.html" title="��388�� ���ɺ�ľ��֮ս" target="_blank">��388�� ���ɺ�ľ��֮ս</a>
			  </div><div class="col-md-6 item">
				<a href="/book/p25576/7039981.html" title="��389�� ��������" target="_blank">��389�� ��������</a>
			  </div><div class="col-md-6 item">
				<a href="/book/p25576/7039982.html" title="��390�� ѧϰ����Ǭ��" target="_blank">��390�� ѧϰ����Ǭ��</a>
			  </div><div class="col-md-6 item">
				<a href="/book/p25576/7039983.html" title="��391�� �������ּ�" target="_blank">��391�� �������ּ�</a>
			  </div><div class="col-md-6 item">
				<a href="/book/p25576/7039984.html" title="��392�� ��������" target="_blank">��392�� ��������</a>
			  </div><div class="col-md-6 item">
				<a href="/book/p25576/7039985.html" title="��393�� ½���ר����" target="_blank">��393�� ½���ר����</a>
			  </div><div class="col-md-6 item">
				<a href="/book/p25576/7039986.html" title="��394�� �ʵ��ڵĲƿ�" target="_blank">��394�� �ʵ��ڵĲƿ�</a>
			  </div><div class="col-md-6 item">
				<a href="/book/p25576/7039987.html" title="��395�� Ǳ���ʵ��ڵĵ��ˣ�" target="_blank">��395�� Ǳ���ʵ��ڵĵ��ˣ�</a>
			  </div><div class="col-md-6 item">
				<a href="/book/p25576/7039988.html" title="��396�� ��ȭ��" target="_blank">��396�� ��ȭ��</a>
			  </div><div class="col-md-6 item">
				<a href="/book/p25576/7039989.html" title="��397�� ���ֵ�ҹ��" target="_blank">��397�� ���ֵ�ҹ��</a>
			  </div><div class="col-md-6 item">
				<a href="/book/p25576/7039990.html" title="��398�� �������" target="_blank">��398�� �������</a>
			  </div><div class="col-md-6 item">
				<a href="/book/p25576/7039991.html" title="��399�� ���ϻ���" target="_blank">��399�� ���ϻ���</a>
			  </div><div class="col-md-6 item">
				<a href="/book/p25576/7039992.html" title="��400�� �����ɱ�ƽ��" target="_blank">��400�� �����ɱ�ƽ��</a>
			  </div><div class="col-md-6 item">
				<a href="/book/p25576/7039993.html" title="��401�� �ڵ�" target="_blank">��401�� �ڵ�</a>
			  </div><div class="col-md-6 item">
				<a href="/book/p25576/7039994.html" title="��402�� ��ֽñ����" target="_blank">��402�� ��ֽñ����</a>
			  </div><div class="col-md-6 item">
				<a href="/book/p25576/7039995.html" title="��403�� �����õ������ĸ�ʬ����" target="_blank">��403�� �����õ������ĸ�ʬ����</a>
			  </div><div class="col-md-6 item">
				<a href="/book/p25576/7039996.html" title="��404�� ���ݰ��վ��зǳ��Ƚ�������" target="_blank">��404�� ���ݰ��վ��зǳ��Ƚ�������</a>
			  </div><div class="col-md-6 item">
				<a href="/book/p25576/7039997.html" title="��405�� ��ͬѰ���Ļ�ʬ" target="_blank">��405�� ��ͬѰ���Ļ�ʬ</a>
			  </div><div class="col-md-6 item">
				<a href="/book/p25576/7039998.html" title="��406�� �Ͼ��۵����˽���" target="_blank">��406�� �Ͼ��۵����˽���</a>
			  </div><div class="col-md-6 item">
				<a href="/book/p25576/7039999.html" title="��407�� �����鱨" target="_blank">��407�� �����鱨</a>
			  </div><div class="col-md-6 item">
				<a href="/book/p25576/7040000.html" title="��408�� ��ͨ�������" target="_blank">��408�� ��ͨ�������</a>
			  </div><div class="col-md-6 item">
				<a href="/book/p25576/7040001.html" title="��409�� �����бظ��й�̥" target="_blank">��409�� �����бظ��й�̥</a>
			  </div><div class="col-md-6 item">
				<a href="/book/p25576/7040002.html" title="��410�� ������Ǹ�����ί���Ҵ��½���" target="_blank">��410�� ������Ǹ�����ί���Ҵ��½���</a>
			  </div><div class="col-md-6 item">
				<a href="/book/p25576/7040003.html" title="��411�� ��������ȵ�ʵ�����Ƿ���" target="_blank">��411�� ��������ȵ�ʵ�����Ƿ���</a>
			  </div><div class="col-md-6 item">
				<a href="/book/p25576/7040004.html" title="��412�� �޹���ɽ���½" target="_blank">��412�� �޹���ɽ���½</a>
			  </div><div class="col-md-6 item">
				<a href="/book/p25576/7040005.html" title="��413�� ����ȵ�ҵ��" target="_blank">��413�� ����ȵ�ҵ��</a>
			  </div><div class="col-md-6 item">
				<a href="/book/p25576/7040006.html" title="��414�� �˼�ϲ��ϲ�����һ��������" target="_blank">��414�� �˼�ϲ��ϲ�����һ��������</a>
			  </div><div class="col-md-6 item">
				<a href="/book/p25576/7040007.html" title="��415�� �ĳ��Ϻ�����ȹ����Ĺ�ȥ" target="_blank">��415�� �ĳ��Ϻ�����ȹ����Ĺ�ȥ</a>
			  </div><div class="col-md-6 item">
				<a href="/book/p25576/7040008.html" title="��416�� ˪���������������Ч" target="_blank">��416�� ˪���������������Ч</a>
			  </div><div class="col-md-6 item">
				<a href="/book/p25576/7040009.html" title="��417�� ����֮�£�˭����ʦ��û��" target="_blank">��417�� ����֮�£�˭����ʦ��û��</a>
			  </div><div class="col-md-6 item">
				<a href="/book/p25576/7040010.html" title="��418�� ˵�õ����������Ч�أ�" target="_blank">��418�� ˵�õ����������Ч�أ�</a>
			  </div><div class="col-md-6 item">
				<a href="/book/p25576/7040011.html" title="��419�� ��ѵ����Υ��" target="_blank">��419�� ��ѵ����Υ��</a>
			  </div><div class="col-md-6 item">
				<a href="/book/p25576/7040012.html" title="��420�� �Ͼ��۵��һ���" target="_blank">��420�� �Ͼ��۵��һ���</a>
			  </div><div class="col-md-6 item">
				<a href="/book/p25576/7040013.html" title="��421�� �Ȱ�ѧϰ������" target="_blank">��421�� �Ȱ�ѧϰ������</a>
			  </div><div class="col-md-6 item">
				<a href="/book/p25576/7040014.html" title="��422�� ���ǣ���ͥ�̻�������" target="_blank">��422�� ���ǣ���ͥ�̻�������</a>
			  </div><div class="col-md-6 item">
				<a href="/book/p25576/7040015.html" title="��423�� ����ֻ�" target="_blank">��423�� ����ֻ�</a>
			  </div><div class="col-md-6 item">
				<a href="/book/p25576/7040016.html" title="��424�� ½����ֵ��ҳ�����" target="_blank">��424�� ½����ֵ��ҳ�����</a>
			  </div><div class="col-md-6 item">
				<a href="/book/p25576/7040017.html" title="��425�� �޺�ȭЧ����Ⱥ" target="_blank">��425�� �޺�ȭЧ����Ⱥ</a>
			  </div><div class="col-md-6 item">
				<a href="/book/p25576/7040018.html" title="��426�� ��һ����ҪǮ��ʲô��" target="_blank">��426�� ��һ����ҪǮ��ʲô��</a>
			  </div><div class="col-md-6 item">
				<a href="/book/p25576/7040019.html" title="��427�� ǿ��Ļ���" target="_blank">��427�� ǿ��Ļ���</a>
			  </div><div class="col-md-6 item">
				<a href="/book/p25576/7040020.html" title="��428�� ɢ������" target="_blank">��428�� ɢ������</a>
			  </div><div class="col-md-6 item">
				<a href="/book/p25576/7040021.html" title="��429�� ���������" target="_blank">��429�� ���������</a>
			  </div><div class="col-md-6 item">
				<a href="/book/p25576/7040022.html" title="��430�� ������ǰʹ�����з�����" target="_blank">��430�� ������ǰʹ�����з�����</a>
			  </div><div class="col-md-6 item">
				<a href="/book/p25576/7040023.html" title="��431�� ���������ɵİ취" target="_blank">��431�� ���������ɵİ취</a>
			  </div><div class="col-md-6 item">
				<a href="/book/p25576/7040024.html" title="��432�� ����һ����һ�ˣ�" target="_blank">��432�� ����һ����һ�ˣ�</a>
			  </div><div class="col-md-6 item">
				<a href="/book/p25576/7040025.html" title="��433�� ����ʦ���ʵ�����֥" target="_blank">��433�� ����ʦ���ʵ�����֥</a>
			  </div><div class="col-md-6 item">
				<a href="/book/p25576/7040026.html" title="��434�� ���������ʧ" target="_blank">��434�� ���������ʧ</a>
			  </div><div class="col-md-6 item">
				<a href="/book/p25576/7040027.html" title="��435�� ������Ժͺ������" target="_blank">��435�� ������Ժͺ������</a>
			  </div><div class="col-md-6 item">
				<a href="/book/p25576/7040028.html" title="��436�� ���ֿ���" target="_blank">��436�� ���ֿ���</a>
			  </div><div class="col-md-6 item">
				<a href="/book/p25576/7040029.html" title="��437�� Σ����" target="_blank">��437�� Σ����</a>
			  </div><div class="col-md-6 item">
				<a href="/book/p25576/7040030.html" title="��438�� �����ݵ�����Ϊ�����ڶ���" target="_blank">��438�� �����ݵ�����Ϊ�����ڶ���</a>
			  </div><div class="col-md-6 item">
				<a href="/book/p25576/7040031.html" title="��439�� ������һ�в��������Ը���ġ���" target="_blank">��439�� ������һ�в��������Ը���ġ���</a>
			  </div><div class="col-md-6 item">
				<a href="/book/p25576/7040032.html" title="��440�� ���������ʸ�����" target="_blank">��440�� ���������ʸ�����</a>
			  </div><div class="col-md-6 item">
				<a href="/book/p25576/7040033.html" title="��441�� ������ת" target="_blank">��441�� ������ת</a>
			  </div><div class="col-md-6 item">
				<a href="/book/p25576/7040034.html" title="��442�� �׵ۻ�����" target="_blank">��442�� �׵ۻ�����</a>
			  </div><div class="col-md-6 item">
				<a href="/book/p25576/7040035.html" title="��443�� �������ӳ���" target="_blank">��443�� �������ӳ���</a>
			  </div><div class="col-md-6 item">
				<a href="/book/p25576/7040036.html" title="��444�� ��ͥ�����ϴ�����" target="_blank">��444�� ��ͥ�����ϴ�����</a>
			  </div><div class="col-md-6 item">
				<a href="/book/p25576/7040037.html" title="��445�� ��ɨ" target="_blank">��445�� ��ɨ</a>
			  </div><div class="col-md-6 item">
				<a href="/book/p25576/7040038.html" title="��446�� ��ս��" target="_blank">��446�� ��ս��</a>
			  </div><div class="col-md-6 item">
				<a href="/book/p25576/7040039.html" title="��447�� ��ս��Ļ" target="_blank">��447�� ��ս��Ļ</a>
			  </div><div class="col-md-6 item">
				<a href="/book/p25576/7040040.html" title="��448�� ���ϣ���ʲô����û������" target="_blank">��448�� ���ϣ���ʲô����û������</a>
			  </div><div class="col-md-6 item">
				<a href="/book/p25576/7040041.html" title="��449�� ��ʦ�㶼��ôǿ��½���ʦ�����Ǻε�ǿ�ߣ�" target="_blank">��449�� ��ʦ�㶼��ôǿ��½���ʦ�����Ǻε�ǿ�ߣ�</a>
			  </div><div class="col-md-6 item">
				<a href="/book/p25576/7040042.html" title="��450�� ���ݵļƻ�" target="_blank">��450�� ���ݵļƻ�</a>
			  </div><div class="col-md-6 item">
				<a href="/book/p25576/7040043.html" title="��451�� ���Ľ̽���Ľ����" target="_blank">��451�� ���Ľ̽���Ľ����</a>
			  </div><div class="col-md-6 item">
				<a href="/book/p25576/7040044.html" title="��452�� �����ͥ�̼��п������µ�ħ�̣�" target="_blank">��452�� �����ͥ�̼��п������µ�ħ�̣�</a>
			  </div><div class="col-md-6 item">
				<a href="/book/p25576/7040045.html" title="��453�� ��ͥ�̳�Ա������������ô����ħ�̣�" target="_blank">��453�� ��ͥ�̳�Ա������������ô����ħ�̣�</a>
			  </div><div class="col-md-6 item">
				<a href="/book/p25576/7040046.html" title="��454�� �ĵ���Ԫ" target="_blank">��454�� �ĵ���Ԫ</a>
			  </div><div class="col-md-6 item">
				<a href="/book/p25576/7040047.html" title="��455�� ����һ���ĵ���" target="_blank">��455�� ����һ���ĵ���</a>
			  </div><div class="col-md-6 item">
				<a href="/book/p25576/7040048.html" title="��456�� ����������" target="_blank">��456�� ����������</a>
			  </div><div class="col-md-6 item">
				<a href="/book/p25576/7040049.html" title="��457�� ���ɵĹ��׵��ܻ���������һ�����鄻" target="_blank">��457�� ���ɵĹ��׵��ܻ���������һ�����鄻</a>
			  </div><div class="col-md-6 item">
				<a href="/book/p25576/7040050.html" title="��458�� ����Ѳ���ʵ���" target="_blank">��458�� ����Ѳ���ʵ���</a>
			  </div><div class="col-md-6 item">
				<a href="/book/p25576/7040051.html" title="��459�� �������ӵĽ���ָ��������˳��˳ˮ" target="_blank">��459�� �������ӵĽ���ָ��������˳��˳ˮ</a>
			  </div><div class="col-md-6 item">
				<a href="/book/p25576/7040052.html" title="��460�� ��������" target="_blank">��460�� ��������</a>
			  </div><div class="col-md-6 item">
				<a href="/book/p25576/7040053.html" title="��461�� ѧϰ��������" target="_blank">��461�� ѧϰ��������</a>
			  </div><div class="col-md-6 item">
				<a href="/book/p25576/7040054.html" title="��462�� �������˵��" target="_blank">��462�� �������˵��</a>
			  </div><div class="col-md-6 item">
				<a href="/book/p25576/7040055.html" title="��463�� ��������" target="_blank">��463�� ��������</a>
			  </div><div class="col-md-6 item">
				<a href="/book/p25576/7040056.html" title="��464�� ʹʧ��Ե" target="_blank">��464�� ʹʧ��Ե</a>
			  </div><div class="col-md-6 item">
				<a href="/book/p25576/7040057.html" title="��465�� ���ݹ�ʦ���ʵ��ڱ���" target="_blank">��465�� ���ݹ�ʦ���ʵ��ڱ���</a>
			  </div><div class="col-md-6 item">
				<a href="/book/p25576/7040058.html" title="��466�� ��ɱ½��" target="_blank">��466�� ��ɱ½��</a>
			  </div><div class="col-md-6 item">
				<a href="/book/p25576/7040059.html" title="��467�� �Ϲ����˾ۻ�" target="_blank">��467�� �Ϲ����˾ۻ�</a>
			  </div><div class="col-md-6 item">
				<a href="/book/p25576/7040060.html" title="��468�� ���ٵ۳�" target="_blank">��468�� ���ٵ۳�</a>
			  </div><div class="col-md-6 item">
				<a href="/book/p25576/7040061.html" title="��469�� Խ��Խ���ֵ��������" target="_blank">��469�� Խ��Խ���ֵ��������</a>
			  </div><div class="col-md-6 item">
				<a href="/book/p25576/7040062.html" title="��470�� �������ӵ����¹���" target="_blank">��470�� �������ӵ����¹���</a>
			  </div><div class="col-md-6 item">
				<a href="/book/p25576/7040063.html" title="��471�� �������Ӷ�ս�Ĵ���������" target="_blank">��471�� �������Ӷ�ս�Ĵ���������</a>
			  </div><div class="col-md-6 item">
				<a href="/book/p25576/7040064.html" title="��472�� ������ս" target="_blank">��472�� ������ս</a>
			  </div><div class="col-md-6 item">
				<a href="/book/p25576/7040065.html" title="��473�� ����׼��" target="_blank">��473�� ����׼��</a>
			  </div><div class="col-md-6 item">
				<a href="/book/p25576/7040066.html" title="��474�� �������ӣ�����������" target="_blank">��474�� �������ӣ�����������</a>
			  </div><div class="col-md-6 item">
				<a href="/book/p25576/7040067.html" title="��475�� ���ʵ��ڴ��桪��½��ƪ��" target="_blank">��475�� ���ʵ��ڴ��桪��½��ƪ��</a>
			  </div><div class="col-md-6 item">
				<a href="/book/p25576/7040068.html" title="��476�� ��俪Ļ" target="_blank">��476�� ��俪Ļ</a>
			  </div><div class="col-md-6 item">
				<a href="/book/p25576/7040069.html" title="��477�� ����" target="_blank">��477�� ����</a>
			  </div><div class="col-md-6 item">
				<a href="/book/p25576/7040070.html" title="��478�� ��ӵ�ұ�" target="_blank">��478�� ��ӵ�ұ�</a>
			  </div><div class="col-md-6 item">
				<a href="/book/p25576/7040071.html" title="��479�� ���ٻ���" target="_blank">��479�� ���ٻ���</a>
			  </div><div class="col-md-6 item">
				<a href="/book/p25576/7040072.html" title="��480�� �����ǵ����ˣ�" target="_blank">��480�� �����ǵ����ˣ�</a>
			  </div><div class="col-md-6 item">
				<a href="/book/p25576/7040073.html" title="��481�� ��������ô��ô���ˣ�" target="_blank">��481�� ��������ô��ô���ˣ�</a>
			  </div><div class="col-md-6 item">
				<a href="/book/p25576/7040074.html" title="��482�� ���ɣ�" target="_blank">��482�� ���ɣ�</a>
			  </div><div class="col-md-6 item">
				<a href="/book/p25576/7040075.html" title="��483�� ��ʦ�ĵ�������" target="_blank">��483�� ��ʦ�ĵ�������</a>
			  </div><div class="col-md-6 item">
				<a href="/book/p25576/7040076.html" title="��484�� �Ա�" target="_blank">��484�� �Ա�</a>
			  </div><div class="col-md-6 item">
				<a href="/book/p25576/7040077.html" title="��485�� ��˵���Ǹ��ֶ��ǲ������Լ���" target="_blank">��485�� ��˵���Ǹ��ֶ��ǲ������Լ���</a>
			  </div><div class="col-md-6 item">
				<a href="/book/p25576/7040078.html" title="��486�� ������ʼ" target="_blank">��486�� ������ʼ</a>
			  </div><div class="col-md-6 item">
				<a href="/book/p25576/7040079.html" title="��487�� û������ͻ�ƵĶ����ص�۲����" target="_blank">��487�� û������ͻ�ƵĶ����ص�۲����</a>
			  </div><div class="col-md-6 item">
				<a href="/book/p25576/7040080.html" title="��488�� ͬ������" target="_blank">��488�� ͬ������</a>
			  </div><div class="col-md-6 item">
				<a href="/book/p25576/7040081.html" title="��489�� ħ��Ҳû���ֹ�����" target="_blank">��489�� ħ��Ҳû���ֹ�����</a>
			  </div><div class="col-md-6 item">
				<a href="/book/p25576/7040082.html" title="��490�� ��̨������" target="_blank">��490�� ��̨������</a>
			  </div><div class="col-md-6 item">
				<a href="/book/p25576/7040083.html" title="��491�� �����𵤵�ʹ�÷���" target="_blank">��491�� �����𵤵�ʹ�÷���</a>
			  </div><div class="col-md-6 item">
				<a href="/book/p25576/7040084.html" title="��492�� ��ͥ�̵ǳ�" target="_blank">��492�� ��ͥ�̵ǳ�</a>
			  </div><div class="col-md-6 item">
				<a href="/book/p25576/7040085.html" title="��493�� ½�ٽ���" target="_blank">��493�� ½�ٽ���</a>
			  </div><div class="col-md-6 item">
				<a href="/book/p25576/7040086.html" title="��494�� û����ʷ�ʹ�����ʷ" target="_blank">��494�� û����ʷ�ʹ�����ʷ</a>
			  </div><div class="col-md-6 item">
				<a href="/book/p25576/7040087.html" title="��495�� �֮����" target="_blank">��495�� �֮����</a>
			  </div><div class="col-md-6 item">
				<a href="/book/p25576/7040088.html" title="��496�� �⿪��ӡ��" target="_blank">��496�� �⿪��ӡ��</a>
			  </div><div class="col-md-6 item">
				<a href="/book/p25576/7040089.html" title="��497�� ½������ŵ���" target="_blank">��497�� ½������ŵ���</a>
			  </div><div class="col-md-6 item">
				<a href="/book/p25576/7040090.html" title="��498�� ��" target="_blank">��498�� ��</a>
			  </div><div class="col-md-6 item">
				<a href="/book/p25576/7040091.html" title="��499�� �Ϸ" target="_blank">��499�� �Ϸ</a>
			  </div><div class="col-md-6 item">
				<a href="/book/p25576/7040092.html" title="��500�� ½������ս½�ٽ���" target="_blank">��500�� ½������ս½�ٽ���</a>
			  </div><div class="col-md-6 item">
				<a href="/book/p25576/7040093.html" title="��501�� �����Ļ" target="_blank">��501�� �����Ļ</a>
			  </div><div class="col-md-6 item">
				<a href="/book/p25576/7040094.html" title="��502�� ��ʧ�Ĳ�������" target="_blank">��502�� ��ʧ�Ĳ�������</a>
			  </div><div class="col-md-6 item">
				<a href="/book/p25576/7040095.html" title="��503�� ��ը��ʮ��Ĺ�ʦ" target="_blank">��503�� ��ը��ʮ��Ĺ�ʦ</a>
			  </div><div class="col-md-6 item">
				<a href="/book/p25576/7040096.html" title="��504�� ������" target="_blank">��504�� ������</a>
			  </div><div class="col-md-6 item">
				<a href="/book/p25576/7040097.html" title="��505�� ���䷴��" target="_blank">��505�� ���䷴��</a>
			  </div><div class="col-md-6 item">
				<a href="/book/p25576/7040098.html" title="��506�� ��ʦ�����û����" target="_blank">��506�� ��ʦ�����û����</a>
			  </div><div class="col-md-6 item">
				<a href="/book/p25576/7040099.html" title="��507�� �𵤺���" target="_blank">��507�� �𵤺���</a>
			  </div><div class="col-md-6 item">
				<a href="/book/p25576/7040100.html" title="��508�� ��������������ԪӤ��" target="_blank">��508�� ��������������ԪӤ��</a>
			  </div><div class="col-md-6 item">
				<a href="/book/p25576/7040101.html" title="��509�� ������˻���" target="_blank">��509�� ������˻���</a>
			  </div><div class="col-md-6 item">
				<a href="/book/p25576/7040102.html" title="��510�� ��ѧ�ɲ�" target="_blank">��510�� ��ѧ�ɲ�</a>
			  </div><div class="col-md-6 item">
				<a href="/book/p25576/7040103.html" title="��511�� �������ź��˽���һ" target="_blank">��511�� �������ź��˽���һ</a>
			  </div><div class="col-md-6 item">
				<a href="/book/p25576/7040104.html" title="��512�� ���򽣵���Ŀ��" target="_blank">��512�� ���򽣵���Ŀ��</a>
			  </div><div class="col-md-6 item">
				<a href="/book/p25576/7040105.html" title="��513�� ������ɽ֮��" target="_blank">��513�� ������ɽ֮��</a>
			  </div><div class="col-md-6 item">
				<a href="/book/p25576/7040106.html" title="��514�� ʦ�в�����ˣ���Ȼ���ں쳾��" target="_blank">��514�� ʦ�в�����ˣ���Ȼ���ں쳾��</a>
			  </div><div class="col-md-6 item">
				<a href="/book/p25576/7040107.html" title="��515�� ���ǲ������Ӽ�ʶ��" target="_blank">��515�� ���ǲ������Ӽ�ʶ��</a>
			  </div><div class="col-md-6 item">
				<a href="/book/p25576/7040108.html" title="��516�� ����ɱ��" target="_blank">��516�� ����ɱ��</a>
			  </div><div class="col-md-6 item">
				<a href="/book/p25576/7040109.html" title="��517�� ����" target="_blank">��517�� ����</a>
			  </div><div class="col-md-6 item">
				<a href="/book/p25576/7040110.html" title="��518�� �޵е�����" target="_blank">��518�� �޵е�����</a>
			  </div><div class="col-md-6 item">
				<a href="/book/p25576/7040111.html" title="��519�� ���������ף�" target="_blank">��519�� ���������ף�</a>
			  </div><div class="col-md-6 item">
				<a href="/book/p25576/7040112.html" title="��520�� ����ץס���Ů" target="_blank">��520�� ����ץס���Ů</a>
			  </div><div class="col-md-6 item">
				<a href="/book/p25576/7040113.html" title="��521�� ������" target="_blank">��521�� ������</a>
			  </div><div class="col-md-6 item">
				<a href="/book/p25576/7040114.html" title="��522�� ������ʽ" target="_blank">��522�� ������ʽ</a>
			  </div><div class="col-md-6 item">
				<a href="/book/p25576/7040115.html" title="��523�� Ƿծ������" target="_blank">��523�� Ƿծ������</a>
			  </div><div class="col-md-6 item">
				<a href="/book/p25576/7040116.html" title="��524�� һ·�ϲ��޴��·���" target="_blank">��524�� һ·�ϲ��޴��·���</a>
			  </div><div class="col-md-6 item">
				<a href="/book/p25576/7040117.html" title="��525�� �����ɺ������ɵĵ���" target="_blank">��525�� �����ɺ������ɵĵ���</a>
			  </div><div class="col-md-6 item">
				<a href="/book/p25576/7040118.html" title="��526�� �Ҵ��ˣ��´λ���" target="_blank">��526�� �Ҵ��ˣ��´λ���</a>
			  </div><div class="col-md-6 item">
				<a href="/book/p25576/7040119.html" title="��527�� ����ÿ�������" target="_blank">��527�� ����ÿ�������</a>
			  </div><div class="col-md-6 item">
				<a href="/book/p25576/7040120.html" title="��528�� �ϼҵĹ����ֶ�" target="_blank">��528�� �ϼҵĹ����ֶ�</a>
			  </div><div class="col-md-6 item">
				<a href="/book/p25576/7040121.html" title="��529�� ����������" target="_blank">��529�� ����������</a>
			  </div><div class="col-md-6 item">
				<a href="/book/p25576/7040122.html" title="��530�� ��ʯ��" target="_blank">��530�� ��ʯ��</a>
			  </div><div class="col-md-6 item">
				<a href="/book/p25576/7040123.html" title="��531�� ʮ�����" target="_blank">��531�� ʮ�����</a>
			  </div><div class="col-md-6 item">
				<a href="/book/p25576/7040124.html" title="��532�� ѧϰ��������" target="_blank">��532�� ѧϰ��������</a>
			  </div><div class="col-md-6 item">
				<a href="/book/p25576/7040125.html" title="��533�� ���������ѧ�������" target="_blank">��533�� ���������ѧ�������</a>
			  </div><div class="col-md-6 item">
				<a href="/book/p25576/7040126.html" title="��534�� ���������" target="_blank">��534�� ���������</a>
			  </div><div class="col-md-6 item">
				<a href="/book/p25576/7040127.html" title="��535�� ʱ��ֹͣ" target="_blank">��535�� ʱ��ֹͣ</a>
			  </div><div class="col-md-6 item">
				<a href="/book/p25576/7040128.html" title="��536�� ����ͦ�ʺ��ҵ�" target="_blank">��536�� ����ͦ�ʺ��ҵ�</a>
			  </div><div class="col-md-6 item">
				<a href="/book/p25576/7040129.html" title="��537�� ��ľ" target="_blank">��537�� ��ľ</a>
			  </div><div class="col-md-6 item">
				<a href="/book/p25576/7040130.html" title="��538�� ʦ��" target="_blank">��538�� ʦ��</a>
			  </div><div class="col-md-6 item">
				<a href="/book/p25576/7040131.html" title="��539�� ���õ��Ϲ�֪ʶ" target="_blank">��539�� ���õ��Ϲ�֪ʶ</a>
			  </div><div class="col-md-6 item">
				<a href="/book/p25576/7040132.html" title="��540�� ѧϰ��ˮ��" target="_blank">��540�� ѧϰ��ˮ��</a>
			  </div><div class="col-md-6 item">
				<a href="/book/p25576/7040133.html" title="��541�� ���Ȼ��ʵ��" target="_blank">��541�� ���Ȼ��ʵ��</a>
			  </div><div class="col-md-6 item">
				<a href="/book/p25576/7040134.html" title="��542�� ���з������" target="_blank">��542�� ���з������</a>
			  </div><div class="col-md-6 item">
				<a href="/book/p25576/7040135.html" title="��543�� �������ӻ����û���ˮ������" target="_blank">��543�� �������ӻ����û���ˮ������</a>
			  </div><div class="col-md-6 item">
				<a href="/book/p25576/7040136.html" title="��544�� ����ս��" target="_blank">��544�� ����ս��</a>
			  </div><div class="col-md-6 item">
				<a href="/book/p25576/7040137.html" title="��545�� û�������û��ɱ��" target="_blank">��545�� û�������û��ɱ��</a>
			  </div><div class="col-md-6 item">
				<a href="/book/p25576/7040138.html" title="��546�� ʵ������֪" target="_blank">��546�� ʵ������֪</a>
			  </div><div class="col-md-6 item">
				<a href="/book/p25576/7040139.html" title="��547�� ������ʦ" target="_blank">��547�� ������ʦ</a>
			  </div><div class="col-md-6 item">
				<a href="/book/p25576/7040140.html" title="��548�� ����ս��������" target="_blank">��548�� ����ս��������</a>
			  </div><div class="col-md-6 item">
				<a href="/book/p25576/7040141.html" title="��549�� ��ʷ����" target="_blank">��549�� ��ʷ����</a>
			  </div><div class="col-md-6 item">
				<a href="/book/p25576/7040142.html" title="��550�� �������" target="_blank">��550�� �������</a>
			  </div><div class="col-md-6 item">
				<a href="/book/p25576/7040143.html" title="��551�� ����" target="_blank">��551�� ����</a>
			  </div><div class="col-md-6 item">
				<a href="/book/p25576/7040144.html" title="��552�� ʱ��ͨ��" target="_blank">��552�� ʱ��ͨ��</a>
			  </div><div class="col-md-6 item">
				<a href="/book/p25576/7040145.html" title="��553�� ���ɵķ���" target="_blank">��553�� ���ɵķ���</a>
			  </div><div class="col-md-6 item">
				<a href="/book/p25576/7040146.html" title="��554�� ���Ž�������" target="_blank">��554�� ���Ž�������</a>
			  </div><div class="col-md-6 item">
				<a href="/book/p25576/7040147.html" title="��555�� �����ɵ�����" target="_blank">��555�� �����ɵ�����</a>
			  </div><div class="col-md-6 item">
				<a href="/book/p25576/7040148.html" title="��556�� ���������" target="_blank">��556�� ���������</a>
			  </div><div class="col-md-6 item">
				<a href="/book/p25576/7040149.html" title="��557�� ��ʦ������" target="_blank">��557�� ��ʦ������</a>
			  </div><div class="col-md-6 item">
				<a href="/book/p25576/7040150.html" title="��558�� ½�����Һ��ֵܣ��Ҳ��Ầ����" target="_blank">��558�� ½�����Һ��ֵܣ��Ҳ��Ầ����</a>
			  </div><div class="col-md-6 item">
				<a href="/book/p25576/7040151.html" title="��559�� �Ž������" target="_blank">��559�� �Ž������</a>
			  </div><div class="col-md-6 item">
				<a href="/book/p25576/7040152.html" title="��560�� ǰ���ڿӺ������" target="_blank">��560�� ǰ���ڿӺ������</a>
			  </div><div class="col-md-6 item">
				<a href="/book/p25576/7040153.html" title="��561�� �����½������" target="_blank">��561�� �����½������</a>
			  </div><div class="col-md-6 item">
				<a href="/book/p25576/7040154.html" title="��562�� �ӻ�" target="_blank">��562�� �ӻ�</a>
			  </div><div class="col-md-6 item">
				<a href="/book/p25576/7040155.html" title="��563�� ������֮����" target="_blank">��563�� ������֮����</a>
			  </div><div class="col-md-6 item">
				<a href="/book/p25576/7040156.html" title="��564�� ֻ�����죡" target="_blank">��564�� ֻ�����죡</a>
			  </div><div class="col-md-6 item">
				<a href="/book/p25576/7040157.html" title="��565�� ��˵�е�����" target="_blank">��565�� ��˵�е�����</a>
			  </div><div class="col-md-6 item">
				<a href="/book/p25576/7040158.html" title="��566�� ���ǡ�������ԪӤ�Ϲ֣�" target="_blank">��566�� ���ǡ�������ԪӤ�Ϲ֣�</a>
			  </div><div class="col-md-6 item">
				<a href="/book/p25576/7040159.html" title="��567�� ��Ƭ" target="_blank">��567�� ��Ƭ</a>
			  </div><div class="col-md-6 item">
				<a href="/book/p25576/7040160.html" title="��568�� ��ʦ��" target="_blank">��568�� ��ʦ��</a>
			  </div><div class="col-md-6 item">
				<a href="/book/p25576/7040161.html" title="��569�� �ֳɵļ�����" target="_blank">��569�� �ֳɵļ�����</a>
			  </div><div class="col-md-6 item">
				<a href="/book/p25576/7040162.html" title="��570�� ��ǰ���ܲ�����˵Ĵ���" target="_blank">��570�� ��ǰ���ܲ�����˵Ĵ���</a>
			  </div><div class="col-md-6 item">
				<a href="/book/p25576/7040163.html" title="��571�� �����ط���" target="_blank">��571�� �����ط���</a>
			  </div><div class="col-md-6 item">
				<a href="/book/p25576/7040164.html" title="��572�� Сʦ���㽲����Ұʷ��" target="_blank">��572�� Сʦ���㽲����Ұʷ��</a>
			  </div><div class="col-md-6 item">
				<a href="/book/p25576/7040165.html" title="��573�� ����" target="_blank">��573�� ����</a>
			  </div><div class="col-md-6 item">
				<a href="/book/p25576/7040166.html" title="��574�� �Ϲ������ϵ���ʵ���" target="_blank">��574�� �Ϲ������ϵ���ʵ���</a>
			  </div><div class="col-md-6 item">
				<a href="/book/p25576/7040167.html" title="��575�� ������˵����ڿ�" target="_blank">��575�� ������˵����ڿ�</a>
			  </div><div class="col-md-6 item">
				<a href="/book/p25576/7040168.html" title="��576�� �������Ĺ" target="_blank">��576�� �������Ĺ</a>
			  </div><div class="col-md-6 item">
				<a href="/book/p25576/7040169.html" title="��577�� Ӧ����ɷ�ѿ���" target="_blank">��577�� Ӧ����ɷ�ѿ���</a>
			  </div><div class="col-md-6 item">
				<a href="/book/p25576/7040170.html" title="��578�� ����Ʒ" target="_blank">��578�� ����Ʒ</a>
			  </div><div class="col-md-6 item">
				<a href="/book/p25576/7040171.html" title="��579�� ʷ�Ϲ����ߵ�ս��" target="_blank">��579�� ʷ�Ϲ����ߵ�ս��</a>
			  </div><div class="col-md-6 item">
				<a href="/book/p25576/7040172.html" title="��580�� �ϹŴ���֮��" target="_blank">��580�� �ϹŴ���֮��</a>
			  </div><div class="col-md-6 item">
				<a href="/book/p25576/7040173.html" title="��581�� ��������" target="_blank">��581�� ��������</a>
			  </div><div class="col-md-6 item">
				<a href="/book/p25576/7040174.html" title="��582�� ������μ���ûʲô�ö�������" target="_blank">��582�� ������μ���ûʲô�ö�������</a>
			  </div><div class="col-md-6 item">
				<a href="/book/p25576/7040175.html" title="��583�� �𵤾����죡" target="_blank">��583�� �𵤾����죡</a>
			  </div><div class="col-md-6 item">
				<a href="/book/p25576/7040176.html" title="��584�� ���뺯" target="_blank">��584�� ���뺯</a>
			  </div><div class="col-md-6 item">
				<a href="/book/p25576/7040177.html" title="��585�� �����콾" target="_blank">��585�� �����콾</a>
			  </div><div class="col-md-6 item">
				<a href="/book/p25576/7040178.html" title="��586�� ͬ��" target="_blank">��586�� ͬ��</a>
			  </div><div class="col-md-6 item">
				<a href="/book/p25576/7040179.html" title="��587�� ���鿪��" target="_blank">��587�� ���鿪��</a>
			  </div><div class="col-md-6 item">
				<a href="/book/p25576/7040180.html" title="��588�� �ƻ�" target="_blank">��588�� �ƻ�</a>
			  </div><div class="col-md-6 item">
				<a href="/book/p25576/7040181.html" title="��589�� ��ù�ľ�Ӥ��" target="_blank">��589�� ��ù�ľ�Ӥ��</a>
			  </div><div class="col-md-6 item">
				<a href="/book/p25576/7040182.html" title="��590�� ����" target="_blank">��590�� ����</a>
			  </div><div class="col-md-6 item">
				<a href="/book/p25576/7040183.html" title="��591�� ��ͬѰ���Ľ���" target="_blank">��591�� ��ͬѰ���Ľ���</a>
			  </div><div class="col-md-6 item">
				<a href="/book/p25576/7040184.html" title="��592�� �Ͼ��ۣ��к�Ļ" target="_blank">��592�� �Ͼ��ۣ��к�Ļ</a>
			  </div><div class="col-md-6 item">
				<a href="/book/p25576/7040185.html" title="��593�� ����ô�ɵڶ����ˣ�" target="_blank">��593�� ����ô�ɵڶ����ˣ�</a>
			  </div><div class="col-md-6 item">
				<a href="/book/p25576/7040186.html" title="��594�� ���Ĳ�" target="_blank">��594�� ���Ĳ�</a>
			  </div><div class="col-md-6 item">
				<a href="/book/p25576/7040187.html" title="��595�� ������" target="_blank">��595�� ������</a>
			  </div><div class="col-md-6 item">
				<a href="/book/p25576/7040188.html" title="��596�� ����" target="_blank">��596�� ����</a>
			  </div><div class="col-md-6 item">
				<a href="/book/p25576/7040189.html" title="��597�� ���μ���" target="_blank">��597�� ���μ���</a>
			  </div><div class="col-md-6 item">
				<a href="/book/p25576/7040190.html" title="��598�� ���ǽ���" target="_blank">��598�� ���ǽ���</a>
			  </div><div class="col-md-6 item">
				<a href="/book/p25576/7040191.html" title="��599�� �����" target="_blank">��599�� �����</a>
			  </div><div class="col-md-6 item">
				<a href="/book/p25576/7040192.html" title="��600�� �Ϲŵ۽����ģ���ȥ��������" target="_blank">��600�� �Ϲŵ۽����ģ���ȥ��������</a>
			  </div><div class="col-md-6 item">
				<a href="/book/p25576/7040193.html" title="��601�� ��ͥ������" target="_blank">��601�� ��ͥ������</a>
			  </div><div class="col-md-6 item">
				<a href="/book/p25576/7040194.html" title="��602�� �Ҿ������ǿ��еķ������" target="_blank">��602�� �Ҿ������ǿ��еķ������</a>
			  </div><div class="col-md-6 item">
				<a href="/book/p25576/7040195.html" title="��603�� ��ǿ��Ŀ��" target="_blank">��603�� ��ǿ��Ŀ��</a>
			  </div><div class="col-md-6 item">
				<a href="/book/p25576/7040196.html" title="��604�� Ӧ�������������ɵĺ��ֵ�" target="_blank">��604�� Ӧ�������������ɵĺ��ֵ�</a>
			  </div><div class="col-md-6 item">
				<a href="/book/p25576/7040197.html" title="��605�� ���ƾۻ�" target="_blank">��605�� ���ƾۻ�</a>
			  </div><div class="col-md-6 item">
				<a href="/book/p25576/7040198.html" title="��606�� �������ˣ�" target="_blank">��606�� �������ˣ�</a>
			  </div><div class="col-md-6 item">
				<a href="/book/p25576/7040199.html" title="��607�� ���Ժ����½�ٽ���" target="_blank">��607�� ���Ժ����½�ٽ���</a>
			  </div><div class="col-md-6 item">
				<a href="/book/p25576/7040200.html" title="��608�� ������俪ʼ" target="_blank">��608�� ������俪ʼ</a>
			  </div><div class="col-md-6 item">
				<a href="/book/p25576/7040201.html" title="��609�� ���峤����Ľ�" target="_blank">��609�� ���峤����Ľ�</a>
			  </div><div class="col-md-6 item">
				<a href="/book/p25576/7040202.html" title="��610�� �Ϲŵ۽��ı�����ѧ" target="_blank">��610�� �Ϲŵ۽��ı�����ѧ</a>
			  </div><div class="col-md-6 item">
				<a href="/book/p25576/7040203.html" title="��611�� ����" target="_blank">��611�� ����</a>
			  </div><div class="col-md-6 item">
				<a href="/book/p25576/7040204.html" title="��612�� ��ѹ" target="_blank">��612�� ��ѹ</a>
			  </div><div class="col-md-6 item">
				<a href="/book/p25576/7040205.html" title="��613�� �ڽ����޵�" target="_blank">��613�� �ڽ����޵�</a>
			  </div><div class="col-md-6 item">
				<a href="/book/p25576/7040206.html" title="��614�� ͻ��ԪӤ" target="_blank">��614�� ͻ��ԪӤ</a>
			  </div><div class="col-md-6 item">
				<a href="/book/p25576/7040207.html" title="��615�� ��û�������ʹ�����ͥ��������" target="_blank">��615�� ��û�������ʹ�����ͥ��������</a>
			  </div><div class="col-md-6 item">
				<a href="/book/p25576/7040208.html" title="��616�� ������" target="_blank">��616�� ������</a>
			  </div><div class="col-md-6 item">
				<a href="/book/p25576/7040209.html" title="��617�� �Һ�½ʦ��ͬ���ڶ���������" target="_blank">��617�� �Һ�½ʦ��ͬ���ڶ���������</a>
			  </div><div class="col-md-6 item">
				<a href="/book/p25576/7040210.html" title="��618�� �������������ֵ���´ν�������" target="_blank">��618�� �������������ֵ���´ν�������</a>
			  </div><div class="col-md-6 item">
				<a href="/book/p25576/7040211.html" title="��619�� ����֮ս��" target="_blank">��619�� ����֮ս��</a>
			  </div><div class="col-md-6 item">
				<a href="/book/p25576/7040212.html" title="��620�� �����ܿܣ�����ǿʳ" target="_blank">��620�� �����ܿܣ�����ǿʳ</a>
			  </div><div class="col-md-6 item">
				<a href="/book/p25576/7040213.html" title="��621�� �����޳�" target="_blank">��621�� �����޳�</a>
			  </div><div class="col-md-6 item">
				<a href="/book/p25576/7040214.html" title="��622�� �ľ���ս������" target="_blank">��622�� �ľ���ս������</a>
			  </div><div class="col-md-6 item">
				<a href="/book/p25576/7040215.html" title="��623�� �ط���" target="_blank">��623�� �ط���</a>
			  </div><div class="col-md-6 item">
				<a href="/book/p25576/7040216.html" title="��624�� ԪӤ�ڵı仯" target="_blank">��624�� ԪӤ�ڵı仯</a>
			  </div><div class="col-md-6 item">
				<a href="/book/p25576/7040217.html" title="��625�� ��ʦ�֣����������㱨һЩ���" target="_blank">��625�� ��ʦ�֣����������㱨һЩ���</a>
			  </div><div class="col-md-6 item">
				<a href="/book/p25576/7040218.html" title="��626�� ƽ��" target="_blank">��626�� ƽ��</a>
			  </div><div class="col-md-6 item">
				<a href="/book/p25576/7040219.html" title="��627�� ��һ�����صĵ���" target="_blank">��627�� ��һ�����صĵ���</a>
			  </div><div class="col-md-6 item">
				<a href="/book/p25576/7040220.html" title="��628�� ͻ��ԪӤ�ڵĴ󶯾�" target="_blank">��628�� ͻ��ԪӤ�ڵĴ󶯾�</a>
			  </div><div class="col-md-6 item">
				<a href="/book/p25576/7040221.html" title="��629�� ȫ�µľ���" target="_blank">��629�� ȫ�µľ���</a>
			  </div><div class="col-md-6 item">
				<a href="/book/p25576/7040222.html" title="��630�� ������������д�һ��" target="_blank">��630�� ������������д�һ��</a>
			  </div><div class="col-md-6 item">
				<a href="/book/p25576/7040223.html" title="��631�� ����ԪӤ����" target="_blank">��631�� ����ԪӤ����</a>
			  </div><div class="col-md-6 item">
				<a href="/book/p25576/7040224.html" title="��632�� ��ʦ��սʤ���Լ���ԪӤ" target="_blank">��632�� ��ʦ��սʤ���Լ���ԪӤ</a>
			  </div><div class="col-md-6 item">
				<a href="/book/p25576/7040225.html" title="��633�� ����û�нݾ�" target="_blank">��633�� ����û�нݾ�</a>
			  </div><div class="col-md-6 item">
				<a href="/book/p25576/7040226.html" title="��634�� ���ǵ�ԪӤ" target="_blank">��634�� ���ǵ�ԪӤ</a>
			  </div><div class="col-md-6 item">
				<a href="/book/p25576/7040227.html" title="��635�� �Ͼ��۵�����ʽ" target="_blank">��635�� �Ͼ��۵�����ʽ</a>
			  </div><div class="col-md-6 item">
				<a href="/book/p25576/7040228.html" title="��636�� ԪӤ����" target="_blank">��636�� ԪӤ����</a>
			  </div><div class="col-md-6 item">
				<a href="/book/p25576/7040229.html" title="��637�� �޵�Ӥ���÷�" target="_blank">��637�� �޵�Ӥ���÷�</a>
			  </div><div class="col-md-6 item">
				<a href="/book/p25576/7040230.html" title="��638�� ϴ����" target="_blank">��638�� ϴ����</a>
			  </div><div class="col-md-6 item">
				<a href="/book/p25576/7040231.html" title="��639�� ���ɽ���" target="_blank">��639�� ���ɽ���</a>
			  </div><div class="col-md-6 item">
				<a href="/book/p25576/7040232.html" title="��640�� ��ͥ�̵ĳ���" target="_blank">��640�� ��ͥ�̵ĳ���</a>
			  </div><div class="col-md-6 item">
				<a href="/book/p25576/7040233.html" title="��641�� ��ͥ��ʥ��" target="_blank">��641�� ��ͥ��ʥ��</a>
			  </div><div class="col-md-6 item">
				<a href="/book/p25576/7040234.html" title="��642�� �Ͼ��ۣ�ʲô����Ҳ�Ҹ��ұ�����" target="_blank">��642�� �Ͼ��ۣ�ʲô����Ҳ�Ҹ��ұ�����</a>
			  </div><div class="col-md-6 item">
				<a href="/book/p25576/7040235.html" title="��643�� ���Ľ̵�����" target="_blank">��643�� ���Ľ̵�����</a>
			  </div><div class="col-md-6 item">
				<a href="/book/p25576/7040236.html" title="��644�� ���Ȼ��ԪӤ" target="_blank">��644�� ���Ȼ��ԪӤ</a>
			  </div><div class="col-md-6 item">
				<a href="/book/p25576/7040237.html" title="��645�� ��������" target="_blank">��645�� ��������</a>
			  </div><div class="col-md-6 item">
				<a href="/book/p25576/7040238.html" title="��646�� ���ɽ��������" target="_blank">��646�� ���ɽ��������</a>
			  </div><div class="col-md-6 item">
				<a href="/book/p25576/7040239.html" title="��647�� �ƾ����е�ս" target="_blank">��647�� �ƾ����е�ս</a>
			  </div><div class="col-md-6 item">
				<a href="/book/p25576/7040240.html" title="��648�� ��������" target="_blank">��648�� ��������</a>
			  </div><div class="col-md-6 item">
				<a href="/book/p25576/7040241.html" title="��649�� ����" target="_blank">��649�� ����</a>
			  </div><div class="col-md-6 item">
				<a href="/book/p25576/7040242.html" title="��650�� ��Ѫ" target="_blank">��650�� ��Ѫ</a>
			  </div><div class="col-md-6 item">
				<a href="/book/p25576/7040243.html" title="��651�� ����" target="_blank">��651�� ����</a>
			  </div><div class="col-md-6 item">
				<a href="/book/p25576/7040244.html" title="��652�� ����" target="_blank">��652�� ����</a>
			  </div><div class="col-md-6 item">
				<a href="/book/p25576/7040245.html" title="��653�� �õ���ɮ" target="_blank">��653�� �õ���ɮ</a>
			  </div><div class="col-md-6 item">
				<a href="/book/p25576/7040246.html" title="��654�� ɱ��" target="_blank">��654�� ɱ��</a>
			  </div><div class="col-md-6 item">
				<a href="/book/p25576/7040247.html" title="��655�� ��ʳ����" target="_blank">��655�� ��ʳ����</a>
			  </div><div class="col-md-6 item">
				<a href="/book/p25576/7040248.html" title="��656�� ���ƻ���" target="_blank">��656�� ���ƻ���</a>
			  </div><div class="col-md-6 item">
				<a href="/book/p25576/7040249.html" title="��657�� ��Ȱ" target="_blank">��657�� ��Ȱ</a>
			  </div><div class="col-md-6 item">
				<a href="/book/p25576/7040250.html" title="��658�� ����" target="_blank">��658�� ����</a>
			  </div><div class="col-md-6 item">
				<a href="/book/p25576/7040251.html" title="��659�� ��׹" target="_blank">��659�� ��׹</a>
			  </div><div class="col-md-6 item">
				<a href="/book/p25576/7040252.html" title="��660�� ��Ե���" target="_blank">��660�� ��Ե���</a>
			  </div><div class="col-md-6 item">
				<a href="/book/p25576/7040253.html" title="��661�� Ч�ʸ�" target="_blank">��661�� Ч�ʸ�</a>
			  </div><div class="col-md-6 item">
				<a href="/book/p25576/7040254.html" title="��662�� ���" target="_blank">��662�� ���</a>
			  </div><div class="col-md-6 item">
				<a href="/book/p25576/7040255.html" title="��663�� ѧϰȭ��" target="_blank">��663�� ѧϰȭ��</a>
			  </div><div class="col-md-6 item">
				<a href="/book/p25576/7040256.html" title="��664�� �������" target="_blank">��664�� �������</a>
			  </div><div class="col-md-6 item">
				<a href="/book/p25576/7040257.html" title="��665�� ���Ʋ���" target="_blank">��665�� ���Ʋ���</a>
			  </div><div class="col-md-6 item">
				<a href="/book/p25576/7040258.html" title="��666�� ���ɶ���̫��" target="_blank">��666�� ���ɶ���̫��</a>
			  </div><div class="col-md-6 item">
				<a href="/book/p25576/7040259.html" title="��667�� �޸���ǳ" target="_blank">��667�� �޸���ǳ</a>
			  </div><div class="col-md-6 item">
				<a href="/book/p25576/7040260.html" title="��668�� ����������" target="_blank">��668�� ����������</a>
			  </div><div class="col-md-6 item">
				<a href="/book/p25576/7040261.html" title="��669�� ½��ʦ�������޴�" target="_blank">��669�� ½��ʦ�������޴�</a>
			  </div><div class="col-md-6 item">
				<a href="/book/p25576/7040262.html" title="��670�� ���" target="_blank">��670�� ���</a>
			  </div><div class="col-md-6 item">
				<a href="/book/p25576/7040263.html" title="��671�� �������" target="_blank">��671�� �������</a>
			  </div><div class="col-md-6 item">
				<a href="/book/p25576/7040264.html" title="��672�� �����Ի��Ĵ�����" target="_blank">��672�� �����Ի��Ĵ�����</a>
			  </div><div class="col-md-6 item">
				<a href="/book/p25576/7040265.html" title="��673�� ����" target="_blank">��673�� ����</a>
			  </div><div class="col-md-6 item">
				<a href="/book/p25576/7040266.html" title="��674�� ����Ϊʵ" target="_blank">��674�� ����Ϊʵ</a>
			  </div><div class="col-md-6 item">
				<a href="/book/p25576/7040267.html" title="��675�� ��ͥ�̽���" target="_blank">��675�� ��ͥ�̽���</a>
			  </div><div class="col-md-6 item">
				<a href="/book/p25576/7040268.html" title="��676�� �ƽ���֮��" target="_blank">��676�� �ƽ���֮��</a>
			  </div><div class="col-md-6 item">
				<a href="/book/p25576/7040269.html" title="��677�� һ��" target="_blank">��677�� һ��</a>
			  </div><div class="col-md-6 item">
				<a href="/book/p25576/7040270.html" title="��678�� ������������ô�����������ɵģ�" target="_blank">��678�� ������������ô�����������ɵģ�</a>
			  </div><div class="col-md-6 item">
				<a href="/book/p25576/7040271.html" title="��679�� ˫����" target="_blank">��679�� ˫����</a>
			  </div><div class="col-md-6 item">
				<a href="/book/p25576/7040272.html" title="��680�� �������ӵ������ĵ�" target="_blank">��680�� �������ӵ������ĵ�</a>
			  </div><div class="col-md-6 item">
				<a href="/book/p25576/7040273.html" title="��681�� ������" target="_blank">��681�� ������</a>
			  </div><div class="col-md-6 item">
				<a href="/book/p25576/7040274.html" title="��682�� �ƺ�����" target="_blank">��682�� �ƺ�����</a>
			  </div><div class="col-md-6 item">
				<a href="/book/p25576/7040275.html" title="��683�� ��Ң" target="_blank">��683�� ��Ң</a>
			  </div><div class="col-md-6 item">
				<a href="/book/p25576/7040276.html" title="��684�� ������ȫ֪" target="_blank">��684�� ������ȫ֪</a>
			  </div><div class="col-md-6 item">
				<a href="/book/p25576/7040277.html" title="��685�� �ɵ�����" target="_blank">��685�� �ɵ�����</a>
			  </div><div class="col-md-6 item">
				<a href="/book/p25576/7040278.html" title="��686�� �������" target="_blank">��686�� �������</a>
			  </div><div class="col-md-6 item">
				<a href="/book/p25576/7040279.html" title="��687�� �ߵ���������������" target="_blank">��687�� �ߵ���������������</a>
			  </div><div class="col-md-6 item">
				<a href="/book/p25576/7040280.html" title="��688�� �������ͨ" target="_blank">��688�� �������ͨ</a>
			  </div><div class="col-md-6 item">
				<a href="/book/p25576/7040281.html" title="��689�� �ٽ���" target="_blank">��689�� �ٽ���</a>
			  </div><div class="col-md-6 item">
				<a href="/book/p25576/7040282.html" title="��690�� ½�ٽ�������˵���ƽ�������֥���˸�ƽ��" target="_blank">��690�� ½�ٽ�������˵���ƽ�������֥���˸�ƽ��</a>
			  </div><div class="col-md-6 item">
				<a href="/book/p25576/7040283.html" title="��691�� �ܻ�" target="_blank">��691�� �ܻ�</a>
			  </div><div class="col-md-6 item">
				<a href="/book/p25576/7040284.html" title="��692�� ̫����" target="_blank">��692�� ̫����</a>
			  </div><div class="col-md-6 item">
				<a href="/book/p25576/7040285.html" title="��693�� ���̺���" target="_blank">��693�� ���̺���</a>
			  </div><div class="col-md-6 item">
				<a href="/book/p25576/7040286.html" title="��694�� ����������������һ������" target="_blank">��694�� ����������������һ������</a>
			  </div><div class="col-md-6 item">
				<a href="/book/p25576/7040287.html" title="��695�� �������´������˵��" target="_blank">��695�� �������´������˵��</a>
			  </div><div class="col-md-6 item">
				<a href="/book/p25576/7040288.html" title="��696�� �������������ţ�" target="_blank">��696�� �������������ţ�</a>
			  </div><div class="col-md-6 item">
				<a href="/book/p25576/7040289.html" title="��697�� �������ؾ�" target="_blank">��697�� �������ؾ�</a>
			  </div><div class="col-md-6 item">
				<a href="/book/p25576/7040290.html" title="��698�� ���ĵļ�����" target="_blank">��698�� ���ĵļ�����</a>
			  </div><div class="col-md-6 item">
				<a href="/book/p25576/7040291.html" title="��699�� ����" target="_blank">��699�� ����</a>
			  </div><div class="col-md-6 item">
				<a href="/book/p25576/7040292.html" title="��700�� ǿ����̬" target="_blank">��700�� ǿ����̬</a>
			  </div><div class="col-md-6 item">
				<a href="/book/p25576/7040293.html" title="��701�� �ܷ��ϴ�ʦ�ֵı�׼" target="_blank">��701�� �ܷ��ϴ�ʦ�ֵı�׼</a>
			  </div><div class="col-md-6 item">
				<a href="/book/p25576/7040294.html" title="��702�� ������" target="_blank">��702�� ������</a>
			  </div><div class="col-md-6 item">
				<a href="/book/p25576/7040295.html" title="��703�� �˷ܵ�����" target="_blank">��703�� �˷ܵ�����</a>
			  </div><div class="col-md-6 item">
				<a href="/book/p25576/7040296.html" title="��704�� ������Ҫ��������" target="_blank">��704�� ������Ҫ��������</a>
			  </div><div class="col-md-6 item">
				<a href="/book/p25576/7040297.html" title="��705�� �׼��˴�������" target="_blank">��705�� �׼��˴�������</a>
			  </div><div class="col-md-6 item">
				<a href="/book/p25576/7040298.html" title="��706�� �����" target="_blank">��706�� �����</a>
			  </div><div class="col-md-6 item">
				<a href="/book/p25576/7040299.html" title="��707�� �������" target="_blank">��707�� �������</a>
			  </div><div class="col-md-6 item">
				<a href="/book/p25576/7040300.html" title="��708�� ���۽�" target="_blank">��708�� ���۽�</a>
			  </div><div class="col-md-6 item">
				<a href="/book/p25576/7040301.html" title="��709�� ׷ɱ�������֮��" target="_blank">��709�� ׷ɱ�������֮��</a>
			  </div><div class="col-md-6 item">
				<a href="/book/p25576/7040302.html" title="��710�� ��ˮ����������" target="_blank">��710�� ��ˮ����������</a>
			  </div><div class="col-md-6 item">
				<a href="/book/p25576/7040303.html" title="��711�� ���������ú���" target="_blank">��711�� ���������ú���</a>
			  </div><div class="col-md-6 item">
				<a href="/book/p25576/7040304.html" title="��712�� ��ʦ�֣���������˭" target="_blank">��712�� ��ʦ�֣���������˭</a>
			  </div><div class="col-md-6 item">
				<a href="/book/p25576/7040305.html" title="��713�� ���߲�" target="_blank">��713�� ���߲�</a>
			  </div><div class="col-md-6 item">
				<a href="/book/p25576/7040306.html" title="��714�� ��˯ʮ�����꣬�ҵ����ų�Ϊ��һ����" target="_blank">��714�� ��˯ʮ�����꣬�ҵ����ų�Ϊ��һ����</a>
			  </div><div class="col-md-6 item">
				<a href="/book/p25576/7040307.html" title="��715�� ��һħ��Ҳ���ҵ�����" target="_blank">��715�� ��һħ��Ҳ���ҵ�����</a>
			  </div><div class="col-md-6 item">
				<a href="/book/p25576/7040308.html" title="��716�� �������ʵ�����ǿ����" target="_blank">��716�� �������ʵ�����ǿ����</a>
			  </div><div class="col-md-6 item">
				<a href="/book/p25576/7040309.html" title="��717�� �ұ�����һ��" target="_blank">��717�� �ұ�����һ��</a>
			  </div><div class="col-md-6 item">
				<a href="/book/p25576/7040310.html" title="��718�� ԪӤ����" target="_blank">��718�� ԪӤ����</a>
			  </div><div class="col-md-6 item">
				<a href="/book/p25576/7040311.html" title="��719�� �򷨵���" target="_blank">��719�� �򷨵���</a>
			  </div><div class="col-md-6 item">
				<a href="/book/p25576/7040312.html" title="��720�� ���ǲ���" target="_blank">��720�� ���ǲ���</a>
			  </div><div class="col-md-6 item">
				<a href="/book/p25576/7040313.html" title="��721�� �˾��ǵ���ħ" target="_blank">��721�� �˾��ǵ���ħ</a>
			  </div><div class="col-md-6 item">
				<a href="/book/p25576/7040314.html" title="��722�� ����򷨵���" target="_blank">��722�� ����򷨵���</a>
			  </div><div class="col-md-6 item">
				<a href="/book/p25576/7040315.html" title="��723�� �Ǹ�����Ķ���" target="_blank">��723�� �Ǹ�����Ķ���</a>
			  </div><div class="col-md-6 item">
				<a href="/book/p25576/7040316.html" title="��724�� ����������" target="_blank">��724�� ����������</a>
			  </div><div class="col-md-6 item">
				<a href="/book/p25576/7040317.html" title="��725�� ��Ҳ�̲�ס�Ĺ�а" target="_blank">��725�� ��Ҳ�̲�ס�Ĺ�а</a>
			  </div><div class="col-md-6 item">
				<a href="/book/p25576/7040318.html" title="��726�� �ʵ��ڵĵ���" target="_blank">��726�� �ʵ��ڵĵ���</a>
			  </div><div class="col-md-6 item">
				<a href="/book/p25576/7040319.html" title="��727�� ��������������ռ��������" target="_blank">��727�� ��������������ռ��������</a>
			  </div><div class="col-md-6 item">
				<a href="/book/p25576/7040320.html" title="��728�� ���ƹ�ϵ" target="_blank">��728�� ���ƹ�ϵ</a>
			  </div><div class="col-md-6 item">
				<a href="/book/p25576/7040321.html" title="��729�� �α���Ѱ��·" target="_blank">��729�� �α���Ѱ��·</a>
			  </div><div class="col-md-6 item">
				<a href="/book/p25576/7040322.html" title="��730�� ��Ҫ����������" target="_blank">��730�� ��Ҫ����������</a>
			  </div><div class="col-md-6 item">
				<a href="/book/p25576/7040323.html" title="��731�� �ջ��ʢ" target="_blank">��731�� �ջ��ʢ</a>
			  </div><div class="col-md-6 item">
				<a href="/book/p25576/7040324.html" title="��732�� ���죺��ôð������ô����ɣ�" target="_blank">��732�� ���죺��ôð������ô����ɣ�</a>
			  </div><div class="col-md-6 item">
				<a href="/book/p25576/7040325.html" title="��733�� �ʴ�" target="_blank">��733�� �ʴ�</a>
			  </div><div class="col-md-6 item">
				<a href="/book/p25576/7040326.html" title="��734�� ��ʧ��н������" target="_blank">��734�� ��ʧ��н������</a>
			  </div><div class="col-md-6 item">
				<a href="/book/p25576/7040327.html" title="��735�� �ܻ�ӭ��½����Ͼ���" target="_blank">��735�� �ܻ�ӭ��½����Ͼ���</a>
			  </div><div class="col-md-6 item">
				<a href="/book/p25576/7040328.html" title="��736�� ����" target="_blank">��736�� ����</a>
			  </div><div class="col-md-6 item">
				<a href="/book/p25576/7040329.html" title="��737�� ��ǿ�ĵ����" target="_blank">��737�� ��ǿ�ĵ����</a>
			  </div><div class="col-md-6 item">
				<a href="/book/p25576/7040330.html" title="��738�� ������˹���" target="_blank">��738�� ������˹���</a>
			  </div><div class="col-md-6 item">
				<a href="/book/p25576/7040331.html" title="��739�� ����ʷ�" target="_blank">��739�� ����ʷ�</a>
			  </div><div class="col-md-6 item">
				<a href="/book/p25576/7040332.html" title="��740�� һ������" target="_blank">��740�� һ������</a>
			  </div><div class="col-md-6 item">
				<a href="/book/p25576/7040333.html" title="��741�� ������ս" target="_blank">��741�� ������ս</a>
			  </div><div class="col-md-6 item">
				<a href="/book/p25576/7040334.html" title="��742�� ��" target="_blank">��742�� ��</a>
			  </div><div class="col-md-6 item">
				<a href="/book/p25576/7040335.html" title="��743�� ��ӡѪ��" target="_blank">��743�� ��ӡѪ��</a>
			  </div><div class="col-md-6 item">
				<a href="/book/p25576/7040336.html" title="��744�� Ѱ�ҳ�����ҩ" target="_blank">��744�� Ѱ�ҳ�����ҩ</a>
			  </div><div class="col-md-6 item">
				<a href="/book/p25576/7040337.html" title="��745�� Σ�գ�Σ�գ�����Σ�գ�" target="_blank">��745�� Σ�գ�Σ�գ�����Σ�գ�</a>
			  </div><div class="col-md-6 item">
				<a href="/book/p25576/7040338.html" title="��746�� ���" target="_blank">��746�� ���</a>
			  </div><div class="col-md-6 item">
				<a href="/book/p25576/7040339.html" title="��747�� �����" target="_blank">��747�� �����</a>
			  </div><div class="col-md-6 item">
				<a href="/book/p25576/7040340.html" title="��748�� ����" target="_blank">��748�� ����</a>
			  </div><div class="col-md-6 item">
				<a href="/book/p25576/7040341.html" title="��749�� ��������һ����ɫ" target="_blank">��749�� ��������һ����ɫ</a>
			  </div><div class="col-md-6 item">
				<a href="/book/p25576/7040342.html" title="��750�� �����������ں��۸����ɣ�" target="_blank">��750�� �����������ں��۸����ɣ�</a>
			  </div><div class="col-md-6 item">
				<a href="/book/p25576/7040343.html" title="��751�� һ�ϻ�����" target="_blank">��751�� һ�ϻ�����</a>
			  </div><div class="col-md-6 item">
				<a href="/book/p25576/7040344.html" title="��752�� ����" target="_blank">��752�� ����</a>
			  </div><div class="col-md-6 item">
				<a href="/book/p25576/7040345.html" title="��753�� ���ɲ�" target="_blank">��753�� ���ɲ�</a>
			  </div><div class="col-md-6 item">
				<a href="/book/p25576/7040346.html" title="��754�� һ·ƽ��" target="_blank">��754�� һ·ƽ��</a>
			  </div><div class="col-md-6 item">
				<a href="/book/p25576/7040347.html" title="��755�� ������" target="_blank">��755�� ������</a>
			  </div><div class="col-md-6 item">
				<a href="/book/p25576/7040348.html" title="��756�� ���ʯ" target="_blank">��756�� ���ʯ</a>
			  </div><div class="col-md-6 item">
				<a href="/book/p25576/7040349.html" title="��757�� ����ս" target="_blank">��757�� ����ս</a>
			  </div><div class="col-md-6 item">
				<a href="/book/p25576/7040350.html" title="��758�� �ܻ�ӭ�����Ȼ" target="_blank">��758�� �ܻ�ӭ�����Ȼ</a>
			  </div><div class="col-md-6 item">
				<a href="/book/p25576/7040351.html" title="��759�� ��������ô��������ʱ���ǳ���ô���µ�" target="_blank">��759�� ��������ô��������ʱ���ǳ���ô���µ�</a>
			  </div><div class="col-md-6 item">
				<a href="/book/p25576/7040352.html" title="��760�� ���������Ĵ�˵" target="_blank">��760�� ���������Ĵ�˵</a>
			  </div><div class="col-md-6 item">
				<a href="/book/p25576/7040353.html" title="��761�� ��������" target="_blank">��761�� ��������</a>
			  </div><div class="col-md-6 item">
				<a href="/book/p25576/7040354.html" title="��762�� ������" target="_blank">��762�� ������</a>
			  </div><div class="col-md-6 item">
				<a href="/book/p25576/7040355.html" title="��763�� ��Ϸ" target="_blank">��763�� ��Ϸ</a>
			  </div><div class="col-md-6 item">
				<a href="/book/p25576/7040356.html" title="��764�� ��������" target="_blank">��764�� ��������</a>
			  </div><div class="col-md-6 item">
				<a href="/book/p25576/7040357.html" title="��765�� �������峤֮��" target="_blank">��765�� �������峤֮��</a>
			  </div><div class="col-md-6 item">
				<a href="/book/p25576/7040358.html" title="��766�� ���ֻ�������" target="_blank">��766�� ���ֻ�������</a>
			  </div><div class="col-md-6 item">
				<a href="/book/p25576/7040359.html" title="��767�� ��«���ֺ�" target="_blank">��767�� ��«���ֺ�</a>
			  </div><div class="col-md-6 item">
				<a href="/book/p25576/7040360.html" title="��768�� ��«���ֵ�" target="_blank">��768�� ��«���ֵ�</a>
			  </div><div class="col-md-6 item">
				<a href="/book/p25576/7040361.html" title="��769�� ������¥" target="_blank">��769�� ������¥</a>
			  </div><div class="col-md-6 item">
				<a href="/book/p25576/7040362.html" title="��770�� ������Ҳ��" target="_blank">��770�� ������Ҳ��</a>
			  </div><div class="col-md-6 item">
				<a href="/book/p25576/7040363.html" title="��771�� ҹ̽��ս��ַ" target="_blank">��771�� ҹ̽��ս��ַ</a>
			  </div><div class="col-md-6 item">
				<a href="/book/p25576/7040364.html" title="��772�� �������" target="_blank">��772�� �������</a>
			  </div><div class="col-md-6 item">
				<a href="/book/p25576/7040365.html" title="��773�� ��������" target="_blank">��773�� ��������</a>
			  </div><div class="col-md-6 item">
				<a href="/book/p25576/7040366.html" title="��774�� �ײ�" target="_blank">��774�� �ײ�</a>
			  </div><div class="col-md-6 item">
				<a href="/book/p25576/7040367.html" title="��775�� ���õķ���̬��" target="_blank">��775�� ���õķ���̬��</a>
			  </div><div class="col-md-6 item">
				<a href="/book/p25576/7040368.html" title="��776�� ������" target="_blank">��776�� ������</a>
			  </div><div class="col-md-6 item">
				<a href="/book/p25576/7040369.html" title="��777�� �������Ǹɵģ�" target="_blank">��777�� �������Ǹɵģ�</a>
			  </div><div class="col-md-6 item">
				<a href="/book/p25576/7040370.html" title="��778�� ������������ײ�����ô�и��ˣ�" target="_blank">��778�� ������������ײ�����ô�и��ˣ�</a>
			  </div><div class="col-md-6 item">
				<a href="/book/p25576/7040371.html" title="��779�� ���߲���" target="_blank">��779�� ���߲���</a>
			  </div><div class="col-md-6 item">
				<a href="/book/p25576/7040372.html" title="��780�� �ϰͣ����������ֲ�ס" target="_blank">��780�� �ϰͣ����������ֲ�ס</a>
			  </div><div class="col-md-6 item">
				<a href="/book/p25576/7040373.html" title="��781�� ����" target="_blank">��781�� ����</a>
			  </div><div class="col-md-6 item">
				<a href="/book/p25576/7040374.html" title="��782�� �޷���������ӵ�ԭ��" target="_blank">��782�� �޷���������ӵ�ԭ��</a>
			  </div><div class="col-md-6 item">
				<a href="/book/p25576/7040375.html" title="��783�� �ֶ��ʦ��" target="_blank">��783�� �ֶ��ʦ��</a>
			  </div><div class="col-md-6 item">
				<a href="/book/p25576/7040376.html" title="��784�� ��ͥ��ͳ" target="_blank">��784�� ��ͥ��ͳ</a>
			  </div><div class="col-md-6 item">
				<a href="/book/p25576/7040377.html" title="��785�� ��ı" target="_blank">��785�� ��ı</a>
			  </div><div class="col-md-6 item">
				<a href="/book/p25576/7040378.html" title="��786�� �ƻ����ܣ�����һʧ" target="_blank">��786�� �ƻ����ܣ�����һʧ</a>
			  </div><div class="col-md-6 item">
				<a href="/book/p25576/7040379.html" title="��787�� �ɽ����淥����" target="_blank">��787�� �ɽ����淥����</a>
			  </div><div class="col-md-6 item">
				<a href="/book/p25576/7040380.html" title="��788�� �ɽ��ڴ��ȫʤ" target="_blank">��788�� �ɽ��ڴ��ȫʤ</a>
			  </div><div class="col-md-6 item">
				<a href="/book/p25576/7040381.html" title="��789�� �ʹ���" target="_blank">��789�� �ʹ���</a>
			  </div><div class="col-md-6 item">
				<a href="/book/p25576/7040382.html" title="��790�� ��������" target="_blank">��790�� ��������</a>
			  </div><div class="col-md-6 item">
				<a href="/book/p25576/7040383.html" title="��791�� ԪӤ���Ϲ��淥����" target="_blank">��791�� ԪӤ���Ϲ��淥����</a>
			  </div><div class="col-md-6 item">
				<a href="/book/p25576/7040384.html" title="��792�� �Ž��콾֮ս��" target="_blank">��792�� �Ž��콾֮ս��</a>
			  </div><div class="col-md-6 item">
				<a href="/book/p25576/7040385.html" title="��793�� ��ɽ���˵ĵ�������" target="_blank">��793�� ��ɽ���˵ĵ�������</a>
			  </div><div class="col-md-6 item">
				<a href="/book/p25576/7040386.html" title="��794�� �����ǿ��" target="_blank">��794�� �����ǿ��</a>
			  </div><div class="col-md-6 item">
				<a href="/book/p25576/7040387.html" title="��795�� ֪���߱���" target="_blank">��795�� ֪���߱���</a>
			  </div><div class="col-md-6 item">
				<a href="/book/p25576/7040388.html" title="��796�� ��������" target="_blank">��796�� ��������</a>
			  </div><div class="col-md-6 item">
				<a href="/book/p25576/7040389.html" title="��797�� �����Ϲ����ɵ��׸��������ʲô���⣿" target="_blank">��797�� �����Ϲ����ɵ��׸��������ʲô���⣿</a>
			  </div><div class="col-md-6 item">
				<a href="/book/p25576/7040390.html" title="��798�� 嫺����������������Ǹ�ʲô���ˣ�" target="_blank">��798�� 嫺����������������Ǹ�ʲô���ˣ�</a>
			  </div><div class="col-md-6 item">
				<a href="/book/p25576/7040391.html" title="��799�� �����������ǲ���˵ȥ����ֻ��ȥ����" target="_blank">��799�� �����������ǲ���˵ȥ����ֻ��ȥ����</a>
			  </div><div class="col-md-6 item">
				<a href="/book/p25576/7040392.html" title="��800�� ��ʦ�ܣ����������ʲô��" target="_blank">��800�� ��ʦ�ܣ����������ʲô��</a>
			  </div><div class="col-md-6 item">
				<a href="/book/p25576/7040393.html" title="��801�� �����������������" target="_blank">��801�� �����������������</a>
			  </div><div class="col-md-6 item">
				<a href="/book/p25576/7040394.html" title="��802�� ������������ǿ������" target="_blank">��802�� ������������ǿ������</a>
			  </div><div class="col-md-6 item">
				<a href="/book/p25576/7040395.html" title="��803�� ��ս��֥" target="_blank">��803�� ��ս��֥</a>
			  </div><div class="col-md-6 item">
				<a href="/book/p25576/7040396.html" title="��804�� ԪӤ����" target="_blank">��804�� ԪӤ����</a>
			  </div><div class="col-md-6 item">
				<a href="/book/p25576/7040397.html" title="��805�� ҫ��̵��о��ɹ�" target="_blank">��805�� ҫ��̵��о��ɹ�</a>
			  </div><div class="col-md-6 item">
				<a href="/book/p25576/7040398.html" title="��806�� �о��ĺܺã����Ƿ���̫��" target="_blank">��806�� �о��ĺܺã����Ƿ���̫��</a>
			  </div><div class="col-md-6 item">
				<a href="/book/p25576/7040399.html" title="��807�� Ч�ʸ�" target="_blank">��807�� Ч�ʸ�</a>
			  </div><div class="col-md-6 item">
				<a href="/book/p25576/7040400.html" title="��808�� ����֮��" target="_blank">��808�� ����֮��</a>
			  </div><div class="col-md-6 item">
				<a href="/book/p25576/7040401.html" title="��809�� һ�����ܲ���" target="_blank">��809�� һ�����ܲ���</a>
			  </div><div class="col-md-6 item">
				<a href="/book/p25576/7040402.html" title="��810�� Ч�º�" target="_blank">��810�� Ч�º�</a>
			  </div><div class="col-md-6 item">
				<a href="/book/p25576/7040403.html" title="��811�� ����̵���̿���" target="_blank">��811�� ����̵���̿���</a>
			  </div><div class="col-md-6 item">
				<a href="/book/p25576/7040404.html" title="��812�� ���������" target="_blank">��812�� ���������</a>
			  </div><div class="col-md-6 item">
				<a href="/book/p25576/7040405.html" title="��813�� �ʵ��ڵ������в������ε�" target="_blank">��813�� �ʵ��ڵ������в������ε�</a>
			  </div><div class="col-md-6 item">
				<a href="/book/p25576/7040406.html" title="��814�� �޴����ڵĲ������" target="_blank">��814�� �޴����ڵĲ������</a>
			  </div><div class="col-md-6 item">
				<a href="/book/p25576/7040407.html" title="��815�� ����������۴���" target="_blank">��815�� ����������۴���</a>
			  </div><div class="col-md-6 item">
				<a href="/book/p25576/7040408.html" title="��816�� ǿ��Ľ��峤" target="_blank">��816�� ǿ��Ľ��峤</a>
			  </div><div class="col-md-6 item">
				<a href="/book/p25576/7040409.html" title="��817�� ������֮��" target="_blank">��817�� ������֮��</a>
			  </div><div class="col-md-6 item">
				<a href="/book/p25576/7040410.html" title="��818�� ����̵ĸ���" target="_blank">��818�� ����̵ĸ���</a>
			  </div><div class="col-md-6 item">
				<a href="/book/p25576/7040411.html" title="��819�� ������˽����ɽ���" target="_blank">��819�� ������˽����ɽ���</a>
			  </div><div class="col-md-6 item">
				<a href="/book/p25576/7040412.html" title="��820�� ������Ҫ�����" target="_blank">��820�� ������Ҫ�����</a>
			  </div><div class="col-md-6 item">
				<a href="/book/p25576/7040413.html" title="��821�� ����С�¾Ͳ��鷳��֥��" target="_blank">��821�� ����С�¾Ͳ��鷳��֥��</a>
			  </div><div class="col-md-6 item">
				<a href="/book/p25576/7040414.html" title="��822�� ���Ѷ�����" target="_blank">��822�� ���Ѷ�����</a>
			  </div><div class="col-md-6 item">
				<a href="/book/p25576/7040415.html" title="��823�� һ����������" target="_blank">��823�� һ����������</a>
			  </div><div class="col-md-6 item">
				<a href="/book/p25576/7040416.html" title="��824�� Ҫô�������Ҫô�ҹ�ȥ" target="_blank">��824�� Ҫô�������Ҫô�ҹ�ȥ</a>
			  </div><div class="col-md-6 item">
				<a href="/book/p25576/7040417.html" title="��825�� �ϴ���ү�ؼ�" target="_blank">��825�� �ϴ���ү�ؼ�</a>
			  </div><div class="col-md-6 item">
				<a href="/book/p25576/7040418.html" title="��826�� ���ֵ����߲嵶" target="_blank">��826�� ���ֵ����߲嵶</a>
			  </div><div class="col-md-6 item">
				<a href="/book/p25576/7040419.html" title="��827�� ������֮��������" target="_blank">��827�� ������֮��������</a>
			  </div><div class="col-md-6 item">
				<a href="/book/p25576/7040420.html" title="��828�� ����" target="_blank">��828�� ����</a>
			  </div><div class="col-md-6 item">
				<a href="/book/p25576/7040421.html" title="��829�� �Ͼ��۵�����" target="_blank">��829�� �Ͼ��۵�����</a>
			  </div><div class="col-md-6 item">
				<a href="/book/p25576/7040422.html" title="��830�� �ܻ�ӭ��½��" target="_blank">��830�� �ܻ�ӭ��½��</a>
			  </div><div class="col-md-6 item">
				<a href="/book/p25576/7040423.html" title="��831�� ��Ӯ" target="_blank">��831�� ��Ӯ</a>
			  </div><div class="col-md-6 item">
				<a href="/book/p25576/7040424.html" title="��832�� �Ž��������" target="_blank">��832�� �Ž��������</a>
			  </div><div class="col-md-6 item">
				<a href="/book/p25576/7040425.html" title="��833�� �Լ�����" target="_blank">��833�� �Լ�����</a>
			  </div><div class="col-md-6 item">
				<a href="/book/p25576/7040426.html" title="��834�� ����˺���Ҳ����" target="_blank">��834�� ����˺���Ҳ����</a>
			  </div><div class="col-md-6 item">
				<a href="/book/p25576/7040427.html" title="��835�� ������" target="_blank">��835�� ������</a>
			  </div><div class="col-md-6 item">
				<a href="/book/p25576/7040428.html" title="��836�� �н費��" target="_blank">��836�� �н費��</a>
			  </div><div class="col-md-6 item">
				<a href="/book/p25576/7040429.html" title="��837�� �ɻ�¥" target="_blank">��837�� �ɻ�¥</a>
			  </div><div class="col-md-6 item">
				<a href="/book/p25576/7040430.html" title="��838�� С���ӣ����дʫ����" target="_blank">��838�� С���ӣ����дʫ����</a>
			  </div><div class="col-md-6 item">
				<a href="/book/p25576/7040431.html" title="��839�� ��Խ���������統�ĳ���" target="_blank">��839�� ��Խ���������統�ĳ���</a>
			  </div><div class="col-md-6 item">
				<a href="/book/p25576/7040432.html" title="��840�� ���Ĳ���" target="_blank">��840�� ���Ĳ���</a>
			  </div><div class="col-md-6 item">
				<a href="/book/p25576/7040433.html" title="��841�� ��������" target="_blank">��841�� ��������</a>
			  </div><div class="col-md-6 item">
				<a href="/book/p25576/7040434.html" title="��842�� Ӧ�ö�������ѧϰ" target="_blank">��842�� Ӧ�ö�������ѧϰ</a>
			  </div><div class="col-md-6 item">
				<a href="/book/p25576/7040435.html" title="��843�� ԭ���ĵ۵�λ��ô��" target="_blank">��843�� ԭ���ĵ۵�λ��ô��</a>
			  </div><div class="col-md-6 item">
				<a href="/book/p25576/7040436.html" title="��844�� ��ɱ���Ǯ���Ŀ����" target="_blank">��844�� ��ɱ���Ǯ���Ŀ����</a>
			  </div><div class="col-md-6 item">
				<a href="/book/p25576/7040437.html" title="��845�� ����Ļ�λ" target="_blank">��845�� ����Ļ�λ</a>
			  </div><div class="col-md-6 item">
				<a href="/book/p25576/7040438.html" title="��846�� �Ļ��ӵļ�ı" target="_blank">��846�� �Ļ��ӵļ�ı</a>
			  </div><div class="col-md-6 item">
				<a href="/book/p25576/7040439.html" title="��847�� �췴" target="_blank">��847�� �췴</a>
			  </div><div class="col-md-6 item">
				<a href="/book/p25576/7040440.html" title="��848�� �ֲ������" target="_blank">��848�� �ֲ������</a>
			  </div><div class="col-md-6 item">
				<a href="/book/p25576/7040441.html" title="��849�� ���ٻ���" target="_blank">��849�� ���ٻ���</a>
			  </div><div class="col-md-6 item">
				<a href="/book/p25576/7040442.html" title="��850�� ��ɽ��" target="_blank">��850�� ��ɽ��</a>
			  </div><div class="col-md-6 item">
				<a href="/book/p25576/7040443.html" title="��851�� ���������" target="_blank">��851�� ���������</a>
			  </div><div class="col-md-6 item">
				<a href="/book/p25576/7040444.html" title="��852�� ���ޱ" target="_blank">��852�� ���ޱ</a>
			  </div><div class="col-md-6 item">
				<a href="/book/p25576/7040445.html" title="��853�� �����ɵ�������" target="_blank">��853�� �����ɵ�������</a>
			  </div><div class="col-md-6 item">
				<a href="/book/p25576/7040446.html" title="��854�� ���ֹ���" target="_blank">��854�� ���ֹ���</a>
			  </div><div class="col-md-6 item">
				<a href="/book/p25576/7040447.html" title="��855�� ��ô½�����ݺ�������" target="_blank">��855�� ��ô½�����ݺ�������</a>
			  </div><div class="col-md-6 item">
				<a href="/book/p25576/7040448.html" title="��856�� ����" target="_blank">��856�� ����</a>
			  </div><div class="col-md-6 item">
				<a href="/book/p25576/7040449.html" title="��857�� ��׳��Ĵ�����" target="_blank">��857�� ��׳��Ĵ�����</a>
			  </div><div class="col-md-6 item">
				<a href="/book/p25576/7040450.html" title="��858�� ıȨ��λ" target="_blank">��858�� ıȨ��λ</a>
			  </div><div class="col-md-6 item">
				<a href="/book/p25576/7040451.html" title="��859�� ����Ļ�λû��" target="_blank">��859�� ����Ļ�λû��</a>
			  </div><div class="col-md-6 item">
				<a href="/book/p25576/7040452.html" title="��860�� �����ֻ֣������©" target="_blank">��860�� �����ֻ֣������©</a>
			  </div><div class="col-md-6 item">
				<a href="/book/p25576/7040453.html" title="��861�� ׽�ù鰸" target="_blank">��861�� ׽�ù鰸</a>
			  </div><div class="col-md-6 item">
				<a href="/book/p25576/7040454.html" title="��862�� ʥ�ϴ��" target="_blank">��862�� ʥ�ϴ��</a>
			  </div><div class="col-md-6 item">
				<a href="/book/p25576/7040455.html" title="��863�� ½����С���޸�����" target="_blank">��863�� ½����С���޸�����</a>
			  </div><div class="col-md-6 item">
				<a href="/book/p25576/7040456.html" title="��864�� ����" target="_blank">��864�� ����</a>
			  </div><div class="col-md-6 item">
				<a href="/book/p25576/7040457.html" title="��865�� ����" target="_blank">��865�� ����</a>
			  </div><div class="col-md-6 item">
				<a href="/book/p25576/7040458.html" title="��866�� ���ݵ����" target="_blank">��866�� ���ݵ����</a>
			  </div><div class="col-md-6 item">
				<a href="/book/p25576/7040459.html" title="��867�� ������ƴ��" target="_blank">��867�� ������ƴ��</a>
			  </div><div class="col-md-6 item">
				<a href="/book/p25576/7040460.html" title="��868�� ����" target="_blank">��868�� ����</a>
			  </div><div class="col-md-6 item">
				<a href="/book/p25576/7040461.html" title="��869�� ��ɽ��" target="_blank">��869�� ��ɽ��</a>
			  </div><div class="col-md-6 item">
				<a href="/book/p25576/7040462.html" title="��870�� ��ɽ���Ĺ����ֶ�" target="_blank">��870�� ��ɽ���Ĺ����ֶ�</a>
			  </div><div class="col-md-6 item">
				<a href="/book/p25576/7040463.html" title="��871�� װ��" target="_blank">��871�� װ��</a>
			  </div><div class="col-md-6 item">
				<a href="/book/p25576/7040464.html" title="��872�� ���ݹ�ʦ�ĵ���" target="_blank">��872�� ���ݹ�ʦ�ĵ���</a>
			  </div><div class="col-md-6 item">
				<a href="/book/p25576/7040465.html" title="��873�� ��" target="_blank">��873�� ��</a>
			  </div><div class="col-md-6 item">
				<a href="/book/p25576/7040466.html" title="��874�� �ڶ�ö���ᱻ�����ĵ���" target="_blank">��874�� �ڶ�ö���ᱻ�����ĵ���</a>
			  </div><div class="col-md-6 item">
				<a href="/book/p25576/7040467.html" title="��875�� �Ͼ���һ�˼���" target="_blank">��875�� �Ͼ���һ�˼���</a>
			  </div><div class="col-md-6 item">
				<a href="/book/p25576/7040468.html" title="��876�� ������" target="_blank">��876�� ������</a>
			  </div><div class="col-md-6 item">
				<a href="/book/p25576/7040469.html" title="��877�� �۳�֮ս��Ļ" target="_blank">��877�� �۳�֮ս��Ļ</a>
			  </div><div class="col-md-6 item">
				<a href="/book/p25576/7040470.html" title="��878�� �ĵ۸���" target="_blank">��878�� �ĵ۸���</a>
			  </div><div class="col-md-6 item">
				<a href="/book/p25576/7040471.html" title="��879�� ���ʥ�������治��" target="_blank">��879�� ���ʥ�������治��</a>
			  </div><div class="col-md-6 item">
				<a href="/book/p25576/7040472.html" title="��880�� ���������ɲ���ȥ��" target="_blank">��880�� ���������ɲ���ȥ��</a>
			  </div><div class="col-md-6 item">
				<a href="/book/p25576/7040473.html" title="��881�� ���죺��ô����Խ��Խ���ˣ�" target="_blank">��881�� ���죺��ô����Խ��Խ���ˣ�</a>
			  </div><div class="col-md-6 item">
				<a href="/book/p25576/7040474.html" title="��882�� ȫ������" target="_blank">��882�� ȫ������</a>
			  </div><div class="col-md-6 item">
				<a href="/book/p25576/7040475.html" title="��883�� սʤ�޵�Ӥ" target="_blank">��883�� սʤ�޵�Ӥ</a>
			  </div><div class="col-md-6 item">
				<a href="/book/p25576/7040476.html" title="��884�� ����" target="_blank">��884�� ����</a>
			  </div><div class="col-md-6 item">
				<a href="/book/p25576/7040477.html" title="��885�� ����" target="_blank">��885�� ����</a>
			  </div><div class="col-md-6 item">
				<a href="/book/p25576/7040478.html" title="��886�� �޵�����" target="_blank">��886�� �޵�����</a>
			  </div><div class="col-md-6 item">
				<a href="/book/p25576/7040479.html" title="��887�� ��ħ" target="_blank">��887�� ��ħ</a>
			  </div><div class="col-md-6 item">
				<a href="/book/p25576/7040480.html" title="��888�� ��ȷ��������ħ�٣�" target="_blank">��888�� ��ȷ��������ħ�٣�</a>
			  </div><div class="col-md-6 item">
				<a href="/book/p25576/7040481.html" title="��889�� �Ҷ���������" target="_blank">��889�� �Ҷ���������</a>
			  </div><div class="col-md-6 item">
				<a href="/book/p25576/7040482.html" title="��890�� ����֮��" target="_blank">��890�� ����֮��</a>
			  </div><div class="col-md-6 item">
				<a href="/book/p25576/7040483.html" title="��891�� ����������" target="_blank">��891�� ����������</a>
			  </div><div class="col-md-6 item">
				<a href="/book/p25576/7040484.html" title="��892�� �����ڵı仯" target="_blank">��892�� �����ڵı仯</a>
			  </div><div class="col-md-6 item">
				<a href="/book/p25576/7040485.html" title="��893�� �ö���Ҫ����" target="_blank">��893�� �ö���Ҫ����</a>
			  </div><div class="col-md-6 item">
				<a href="/book/p25576/7040486.html" title="��894�� Ԫ����÷�" target="_blank">��894�� Ԫ����÷�</a>
			  </div><div class="col-md-6 item">
				<a href="/book/p25576/7040487.html" title="��895�� ��ͨ��صķ���" target="_blank">��895�� ��ͨ��صķ���</a>
			  </div><div class="col-md-6 item">
				<a href="/book/p25576/7040488.html" title="��896�� ѧϰװ����" target="_blank">��896�� ѧϰװ����</a>
			  </div><div class="col-md-6 item">
				<a href="/book/p25576/7040489.html" title="��897�� ��������" target="_blank">��897�� ��������</a>
			  </div><div class="col-md-6 item">
				<a href="/book/p25576/7040490.html" title="��898�� ��¥������" target="_blank">��898�� ��¥������</a>
			  </div><div class="col-md-6 item">
				<a href="/book/p25576/7040491.html" title="��899�� �����ļҵ�ǧ��" target="_blank">��899�� �����ļҵ�ǧ��</a>
			  </div><div class="col-md-6 item">
				<a href="/book/p25576/7040492.html" title="��900�� �������ָ�һλ������������" target="_blank">��900�� �������ָ�һλ������������</a>
			  </div><div class="col-md-6 item">
				<a href="/book/p25576/7040493.html" title="��901�� ��潣�Ľ���" target="_blank">��901�� ��潣�Ľ���</a>
			  </div><div class="col-md-6 item">
				<a href="/book/p25576/7040494.html" title="��902�� ��������" target="_blank">��902�� ��������</a>
			  </div><div class="col-md-6 item">
				<a href="/book/p25576/7040495.html" title="��903�� �ʽ����" target="_blank">��903�� �ʽ����</a>
			  </div><div class="col-md-6 item">
				<a href="/book/p25576/7040496.html" title="��904�� ����" target="_blank">��904�� ����</a>
			  </div><div class="col-md-6 item">
				<a href="/book/p25576/7040497.html" title="��905�� �ʽ�����" target="_blank">��905�� �ʽ�����</a>
			  </div><div class="col-md-6 item">
				<a href="/book/p25576/7040498.html" title="��906�� ��ǿ�Ķ���" target="_blank">��906�� ��ǿ�Ķ���</a>
			  </div><div class="col-md-6 item">
				<a href="/book/p25576/7040499.html" title="��907�� �Խ�Ϊ�������Ϊ��" target="_blank">��907�� �Խ�Ϊ�������Ϊ��</a>
			  </div><div class="col-md-6 item">
				<a href="/book/p25576/7040500.html" title="��908�� �����������" target="_blank">��908�� �����������</a>
			  </div><div class="col-md-6 item">
				<a href="/book/p25576/7040501.html" title="��909�� �ʽ���һ" target="_blank">��909�� �ʽ���һ</a>
			  </div><div class="col-md-6 item">
				<a href="/book/p25576/7040502.html" title="��910�� ����Я��С����" target="_blank">��910�� ����Я��С����</a>
			  </div><div class="col-md-6 item">
				<a href="/book/p25576/7040503.html" title="��911�� ������̨ʦ��ָ��һ��" target="_blank">��911�� ������̨ʦ��ָ��һ��</a>
			  </div><div class="col-md-6 item">
				<a href="/book/p25576/7040504.html" title="��912�� ���˴���" target="_blank">��912�� ���˴���</a>
			  </div><div class="col-md-6 item">
				<a href="/book/p25576/7040505.html" title="��913�� ��¥����" target="_blank">��913�� ��¥����</a>
			  </div><div class="col-md-6 item">
				<a href="/book/p25576/7040506.html" title="��914�� ���Ǻ��ˣ�" target="_blank">��914�� ���Ǻ��ˣ�</a>
			  </div><div class="col-md-6 item">
				<a href="/book/p25576/7040507.html" title="��915�� ����" target="_blank">��915�� ����</a>
			  </div><div class="col-md-6 item">
				<a href="/book/p25576/7040508.html" title="��916�� �����Ӧ����" target="_blank">��916�� �����Ӧ����</a>
			  </div><div class="col-md-6 item">
				<a href="/book/p25576/7040509.html" title="��917�� նʬ����ʬ�ⳬ�ѷ�" target="_blank">��917�� նʬ����ʬ�ⳬ�ѷ�</a>
			  </div><div class="col-md-6 item">
				<a href="/book/p25576/7040510.html" title="��918�� ��������" target="_blank">��918�� ��������</a>
			  </div><div class="col-md-6 item">
				<a href="/book/p25576/7040511.html" title="��919�� ǿ��ĻҶ���" target="_blank">��919�� ǿ��ĻҶ���</a>
			  </div><div class="col-md-6 item">
				<a href="/book/p25576/7040512.html" title="��920�� ����һ��ʼ��ֻ����ȥ��һ����" target="_blank">��920�� ����һ��ʼ��ֻ����ȥ��һ����</a>
			  </div><div class="col-md-6 item">
				<a href="/book/p25576/7040513.html" title="��921�� ����һ������һ��" target="_blank">��921�� ����һ������һ��</a>
			  </div><div class="col-md-6 item">
				<a href="/book/p25576/7040514.html" title="��922�� ����һ����ѧ����" target="_blank">��922�� ����һ����ѧ����</a>
			  </div><div class="col-md-6 item">
				<a href="/book/p25576/7040515.html" title="��923�� ��ù���̻�" target="_blank">��923�� ��ù���̻�</a>
			  </div><div class="col-md-6 item">
				<a href="/book/p25576/7040516.html" title="��924�� ��������" target="_blank">��924�� ��������</a>
			  </div><div class="col-md-6 item">
				<a href="/book/p25576/7040517.html" title="��925�� �⿪̫��ĵ�һ����ӡ" target="_blank">��925�� �⿪̫��ĵ�һ����ӡ</a>
			  </div><div class="col-md-6 item">
				<a href="/book/p25576/7040518.html" title="��926�� ����" target="_blank">��926�� ����</a>
			  </div><div class="col-md-6 item">
				<a href="/book/p25576/7040519.html" title="��927�� �ʵ����ֶ�һλ�ɽ���" target="_blank">��927�� �ʵ����ֶ�һλ�ɽ���</a>
			  </div><div class="col-md-6 item">
				<a href="/book/p25576/7040520.html" title="��928�� �򽣹��ڵ�ȱ��" target="_blank">��928�� �򽣹��ڵ�ȱ��</a>
			  </div><div class="col-md-6 item">
				<a href="/book/p25576/7040521.html" title="��929�� �ý�С����" target="_blank">��929�� �ý�С����</a>
			  </div><div class="col-md-6 item">
				<a href="/book/p25576/7040522.html" title="��930�� �������ܴ������" target="_blank">��930�� �������ܴ������</a>
			  </div><div class="col-md-6 item">
				<a href="/book/p25576/7040523.html" title="��931�� ½��ı���" target="_blank">��931�� ½��ı���</a>
			  </div><div class="col-md-6 item">
				<a href="/book/p25576/7040524.html" title="��932�� �����¹��ɹ�" target="_blank">��932�� �����¹��ɹ�</a>
			  </div><div class="col-md-6 item">
				<a href="/book/p25576/7040525.html" title="��933�� ����֮��" target="_blank">��933�� ����֮��</a>
			  </div><div class="col-md-6 item">
				<a href="/book/p25576/7040526.html" title="��934�� ������ȫ��׷����ʦ" target="_blank">��934�� ������ȫ��׷����ʦ</a>
			  </div><div class="col-md-6 item">
				<a href="/book/p25576/7040527.html" title="��935�� ��Ϣ��ͦ��" target="_blank">��935�� ��Ϣ��ͦ��</a>
			  </div><div class="col-md-6 item">
				<a href="/book/p25576/7040528.html" title="��936�� �����ɹ���Ҫ˫������" target="_blank">��936�� �����ɹ���Ҫ˫������</a>
			  </div><div class="col-md-6 item">
				<a href="/book/p25576/7040529.html" title="��937�� ���صİ�ҹ" target="_blank">��937�� ���صİ�ҹ</a>
			  </div><div class="col-md-6 item">
				<a href="/book/p25576/7040530.html" title="��938�� ���˵�" target="_blank">��938�� ���˵�</a>
			  </div><div class="col-md-6 item">
				<a href="/book/p25576/7040531.html" title="��939�� ���������" target="_blank">��939�� ���������</a>
			  </div><div class="col-md-6 item">
				<a href="/book/p25576/7040532.html" title="��940�� ��������Ʒ" target="_blank">��940�� ��������Ʒ</a>
			  </div><div class="col-md-6 item">
				<a href="/book/p25576/7040533.html" title="��941�� �����շ�" target="_blank">��941�� �����շ�</a>
			  </div><div class="col-md-6 item">
				<a href="/book/p25576/7040534.html" title="��942�� ������ã���Ҫ���" target="_blank">��942�� ������ã���Ҫ���</a>
			  </div><div class="col-md-6 item">
				<a href="/book/p25576/7040535.html" title="��943�� ���С������" target="_blank">��943�� ���С������</a>
			  </div><div class="col-md-6 item">
				<a href="/book/p25576/7040536.html" title="��944�� �����ˣ���û����ȫ����" target="_blank">��944�� �����ˣ���û����ȫ����</a>
			  </div><div class="col-md-6 item">
				<a href="/book/p25576/7040537.html" title="��945�� �·�" target="_blank">��945�� �·�</a>
			  </div><div class="col-md-6 item">
				<a href="/book/p25576/7040538.html" title="��946�� ����������" target="_blank">��946�� ����������</a>
			  </div><div class="col-md-6 item">
				<a href="/book/p25576/7040539.html" title="��947�� ��ʵ����������ֻ��Ҫ��ʶ" target="_blank">��947�� ��ʵ����������ֻ��Ҫ��ʶ</a>
			  </div><div class="col-md-6 item">
				<a href="/book/p25576/7040540.html" title="��948�� ׷������" target="_blank">��948�� ׷������</a>
			  </div><div class="col-md-6 item">
				<a href="/book/p25576/7040541.html" title="��949�� ��ʵ����" target="_blank">��949�� ��ʵ����</a>
			  </div><div class="col-md-6 item">
				<a href="/book/p25576/7040542.html" title="��950�� ���������Ƿ���������" target="_blank">��950�� ���������Ƿ���������</a>
			  </div><div class="col-md-6 item">
				<a href="/book/p25576/7040543.html" title="��951�� ���Ȳι����˵�" target="_blank">��951�� ���Ȳι����˵�</a>
			  </div><div class="col-md-6 item">
				<a href="/book/p25576/7040544.html" title="��952�� ���ﲻ��" target="_blank">��952�� ���ﲻ��</a>
			  </div><div class="col-md-6 item">
				<a href="/book/p25576/7040545.html" title="��953�� ��ҹ������" target="_blank">��953�� ��ҹ������</a>
			  </div><div class="col-md-6 item">
				<a href="/book/p25576/7040546.html" title="��954�� �����������" target="_blank">��954�� �����������</a>
			  </div><div class="col-md-6 item">
				<a href="/book/p25576/7040547.html" title="��955�� ���ֶԵ�" target="_blank">��955�� ���ֶԵ�</a>
			  </div><div class="col-md-6 item">
				<a href="/book/p25576/7040548.html" title="��956�� ʧ��" target="_blank">��956�� ʧ��</a>
			  </div><div class="col-md-6 item">
				<a href="/book/p25576/7040549.html" title="��957�� ����ɱ" target="_blank">��957�� ����ɱ</a>
			  </div><div class="col-md-6 item">
				<a href="/book/p25576/7040550.html" title="��958�� ͻȻ���ֵ�������" target="_blank">��958�� ͻȻ���ֵ�������</a>
			  </div><div class="col-md-6 item">
				<a href="/book/p25576/7040551.html" title="��959�� ������ħ" target="_blank">��959�� ������ħ</a>
			  </div><div class="col-md-6 item">
				<a href="/book/p25576/7040552.html" title="��960�� ˭˵������һ" target="_blank">��960�� ˭˵������һ</a>
			  </div><div class="col-md-6 item">
				<a href="/book/p25576/7040553.html" title="��961�� ����ʤ���������������" target="_blank">��961�� ����ʤ���������������</a>
			  </div><div class="col-md-6 item">
				<a href="/book/p25576/7040554.html" title="��962�� Ӧ������" target="_blank">��962�� Ӧ������</a>
			  </div><div class="col-md-6 item">
				<a href="/book/p25576/7040555.html" title="��963�� ������������ƭ�ᣡ" target="_blank">��963�� ������������ƭ�ᣡ</a>
			  </div><div class="col-md-6 item">
				<a href="/book/p25576/7040556.html" title="��964�� ������ҥ�������ǿɶ�" target="_blank">��964�� ������ҥ�������ǿɶ�</a>
			  </div><div class="col-md-6 item">
				<a href="/book/p25576/7040557.html" title="��965�� �Ҷ�����Ŀ��" target="_blank">��965�� �Ҷ�����Ŀ��</a>
			  </div><div class="col-md-6 item">
				<a href="/book/p25576/7040558.html" title="��966�� �һ����������ܶ��Ϲ�Ȥ��" target="_blank">��966�� �һ����������ܶ��Ϲ�Ȥ��</a>
			  </div><div class="col-md-6 item">
				<a href="/book/p25576/7040559.html" title="��967�� ���ӣ������±��ӻ��Ǳ���Ե��" target="_blank">��967�� ���ӣ������±��ӻ��Ǳ���Ե��</a>
			  </div><div class="col-md-6 item">
				<a href="/book/p25576/7040560.html" title="��968�� ��ʦ�֣��һ�������һ����������" target="_blank">��968�� ��ʦ�֣��һ�������һ����������</a>
			  </div><div class="col-md-6 item">
				<a href="/book/p25576/7040561.html" title="��969�� ����С�������ɸ��������һ����" target="_blank">��969�� ����С�������ɸ��������һ����</a>
			  </div><div class="col-md-6 item">
				<a href="/book/p25576/7040562.html" title="��970�� ��ʲô����������" target="_blank">��970�� ��ʲô����������</a>
			  </div><div class="col-md-6 item">
				<a href="/book/p25576/7040563.html" title="��971�� Ӧ����" target="_blank">��971�� Ӧ����</a>
			  </div><div class="col-md-6 item">
				<a href="/book/p25576/7040564.html" title="��972�� ��̨" target="_blank">��972�� ��̨</a>
			  </div><div class="col-md-6 item">
				<a href="/book/p25576/7040565.html" title="��973�� �����ʵ�����Ҫ��������������" target="_blank">��973�� �����ʵ�����Ҫ��������������</a>
			  </div><div class="col-md-6 item">
				<a href="/book/p25576/7040566.html" title="��974�� �и�ͬ������ͬ��" target="_blank">��974�� �и�ͬ������ͬ��</a>
			  </div><div class="col-md-6 item">
				<a href="/book/p25576/7040567.html" title="��975�� ��������" target="_blank">��975�� ��������</a>
			  </div><div class="col-md-6 item">
				<a href="/book/p25576/7040568.html" title="��976�� ��ô��ô�ڣ�" target="_blank">��976�� ��ô��ô�ڣ�</a>
			  </div><div class="col-md-6 item">
				<a href="/book/p25576/7040569.html" title="��977�� ʱ�䵹��" target="_blank">��977�� ʱ�䵹��</a>
			  </div><div class="col-md-6 item">
				<a href="/book/p25576/7040570.html" title="��978�� ��ϲ" target="_blank">��978�� ��ϲ</a>
			  </div><div class="col-md-6 item">
				<a href="/book/p25576/7040571.html" title="��979�� ����" target="_blank">��979�� ����</a>
			  </div><div class="col-md-6 item">
				<a href="/book/p25576/7040572.html" title="��980�� ѧ���˵���" target="_blank">��980�� ѧ���˵���</a>
			  </div><div class="col-md-6 item">
				<a href="/book/p25576/7040573.html" title="��981�� ������ͨ�˵�����ͦ�����׵�" target="_blank">��981�� ������ͨ�˵�����ͦ�����׵�</a>
			  </div><div class="col-md-6 item">
				<a href="/book/p25576/7040574.html" title="��982�� ��������" target="_blank">��982�� ��������</a>
			  </div><div class="col-md-6 item">
				<a href="/book/p25576/7040575.html" title="��983�� �������£�Ω�Ҷ���" target="_blank">��983�� �������£�Ω�Ҷ���</a>
			  </div><div class="col-md-6 item">
				<a href="/book/p25576/7040576.html" title="��984�� ��ʦ��������" target="_blank">��984�� ��ʦ��������</a>
			  </div><div class="col-md-6 item">
				<a href="/book/p25576/7040577.html" title="��985�� �Ҹ���������Ǳ��˶����˰ɣ�" target="_blank">��985�� �Ҹ���������Ǳ��˶����˰ɣ�</a>
			  </div><div class="col-md-6 item">
				<a href="/book/p25576/7040578.html" title="��986�� �����кñ�" target="_blank">��986�� �����кñ�</a>
			  </div><div class="col-md-6 item">
				<a href="/book/p25576/7040579.html" title="��987�� żȻײ��а��" target="_blank">��987�� żȻײ��а��</a>
			  </div><div class="col-md-6 item">
				<a href="/book/p25576/7040580.html" title="��988�� ���Ƿ�������۹�ͯ����ô�����" target="_blank">��988�� ���Ƿ�������۹�ͯ����ô�����</a>
			  </div><div class="col-md-6 item">
				<a href="/book/p25576/7040581.html" title="��989�� ���ٴ�����Ϣ" target="_blank">��989�� ���ٴ�����Ϣ</a>
			  </div><div class="col-md-6 item">
				<a href="/book/p25576/7040582.html" title="��990�� ���鵤" target="_blank">��990�� ���鵤</a>
			  </div><div class="col-md-6 item">
				<a href="/book/p25576/7040583.html" title="��991�� Խ��Խ�ͷ����Ե���Ͼ���" target="_blank">��991�� Խ��Խ�ͷ����Ե���Ͼ���</a>
			  </div><div class="col-md-6 item">
				<a href="/book/p25576/7040584.html" title="��992�� ������̣�" target="_blank">��992�� ������̣�</a>
			  </div><div class="col-md-6 item">
				<a href="/book/p25576/7040585.html" title="��993�� ��̸���" target="_blank">��993�� ��̸���</a>
			  </div><div class="col-md-6 item">
				<a href="/book/p25576/7040586.html" title="��994�� ˭˵�����Գ���ݲ����ֵģ�" target="_blank">��994�� ˭˵�����Գ���ݲ����ֵģ�</a>
			  </div><div class="col-md-6 item">
				<a href="/book/p25576/7040587.html" title="��995�� ����" target="_blank">��995�� ����</a>
			  </div><div class="col-md-6 item">
				<a href="/book/p25576/7040588.html" title="��996�� �������£�Ψ�Ҷ���" target="_blank">��996�� �������£�Ψ�Ҷ���</a>
			  </div><div class="col-md-6 item">
				<a href="/book/p25576/7040589.html" title="��997�� �㲻��������Ҳ��Զ�ɲ�����" target="_blank">��997�� �㲻��������Ҳ��Զ�ɲ�����</a>
			  </div><div class="col-md-6 item">
				<a href="/book/p25576/7040590.html" title="��998�� ����������" target="_blank">��998�� ����������</a>
			  </div><div class="col-md-6 item">
				<a href="/book/p25576/7040591.html" title="��999�� �����ӣ����ƻ���" target="_blank">��999�� �����ӣ����ƻ���</a>
			  </div><div class="col-md-6 item">
				<a href="/book/p25576/7040592.html" title="��1000�� ½��������" target="_blank">��1000�� ½��������</a>
			  </div><div class="col-md-6 item">
				<a href="/book/p25576/7040593.html" title="��1001�� ����" target="_blank">��1001�� ����</a>
			  </div><div class="col-md-6 item">
				<a href="/book/p25576/7040594.html" title="��1002�� ������̸���" target="_blank">��1002�� ������̸���</a>
			  </div><div class="col-md-6 item">
				<a href="/book/p25576/7040595.html" title="��1003�� ��ս��������" target="_blank">��1003�� ��ս��������</a>
			  </div><div class="col-md-6 item">
				<a href="/book/p25576/7040596.html" title="��1004�� ����" target="_blank">��1004�� ����</a>
			  </div><div class="col-md-6 item">
				<a href="/book/p25576/7040597.html" title="��1005�� ������" target="_blank">��1005�� ������</a>
			  </div><div class="col-md-6 item">
				<a href="/book/p25576/7040598.html" title="��1006�� ����������������ܵ����ǵĶ���" target="_blank">��1006�� ����������������ܵ����ǵĶ���</a>
			  </div><div class="col-md-6 item">
				<a href="/book/p25576/7040599.html" title="��1007�� �����ѹ" target="_blank">��1007�� �����ѹ</a>
			  </div><div class="col-md-6 item">
				<a href="/book/p25576/7040600.html" title="��1008�� ������Ϊ�����Ͳ��ؽ���������" target="_blank">��1008�� ������Ϊ�����Ͳ��ؽ���������</a>
			  </div><div class="col-md-6 item">
				<a href="/book/p25576/7040601.html" title="��1009�� �������鵤�ķ���" target="_blank">��1009�� �������鵤�ķ���</a>
			  </div><div class="col-md-6 item">
				<a href="/book/p25576/7040602.html" title="��1010�� ����ز�" target="_blank">��1010�� ����ز�</a>
			  </div><div class="col-md-6 item">
				<a href="/book/p25576/7040603.html" title="��1011�� ��˭�ģ�" target="_blank">��1011�� ��˭�ģ�</a>
			  </div><div class="col-md-6 item">
				<a href="/book/p25576/7040604.html" title="��1012�� ���õ�һ�쿪ʼ��" target="_blank">��1012�� ���õ�һ�쿪ʼ��</a>
			  </div><div class="col-md-6 item">
				<a href="/book/p25576/7040605.html" title="��1013�� ��������¸�֮·" target="_blank">��1013�� ��������¸�֮·</a>
			  </div><div class="col-md-6 item">
				<a href="/book/p25576/7040606.html" title="��1014�� ̫���ܵ����ٽ���������⣿" target="_blank">��1014�� ̫���ܵ����ٽ���������⣿</a>
			  </div><div class="col-md-6 item">
				<a href="/book/p25576/7040607.html" title="��1015�� ����һ����ս��ͥ����" target="_blank">��1015�� ����һ����ս��ͥ����</a>
			  </div><div class="col-md-6 item">
				<a href="/book/p25576/7040608.html" title="��1016�� ��������" target="_blank">��1016�� ��������</a>
			  </div><div class="col-md-6 item">
				<a href="/book/p25576/7040609.html" title="��1017�� ���ۼݱ�����������" target="_blank">��1017�� ���ۼݱ�����������</a>
			  </div><div class="col-md-6 item">
				<a href="/book/p25576/7040610.html" title="��1018�� �ڰ���Ӱ" target="_blank">��1018�� �ڰ���Ӱ</a>
			  </div><div class="col-md-6 item">
				<a href="/book/p25576/7040611.html" title="��1019�� ������" target="_blank">��1019�� ������</a>
			  </div><div class="col-md-6 item">
				<a href="/book/p25576/7040612.html" title="��1020�� ����" target="_blank">��1020�� ����</a>
			  </div><div class="col-md-6 item">
				<a href="/book/p25576/7040613.html" title="��1021�� ѹ��Ǯ" target="_blank">��1021�� ѹ��Ǯ</a>
			  </div><div class="col-md-6 item">
				<a href="/book/p25576/7040614.html" title="��1022�� ϰ��" target="_blank">��1022�� ϰ��</a>
			  </div><div class="col-md-6 item">
				<a href="/book/p25576/7040615.html" title="��1023�� ����" target="_blank">��1023�� ����</a>
			  </div><div class="col-md-6 item">
				<a href="/book/p25576/7040616.html" title="��1024�� ������" target="_blank">��1024�� ������</a>
			  </div><div class="col-md-6 item">
				<a href="/book/p25576/7040617.html" title="��1025�� ��ŴҴҵ�ָ�䣬�쳾���¾����" target="_blank">��1025�� ��ŴҴҵ�ָ�䣬�쳾���¾����</a>
			  </div><div class="col-md-6 item">
				<a href="/book/p25576/7040618.html" title="��1026�� ����Ī��Ķ�������" target="_blank">��1026�� ����Ī��Ķ�������</a>
			  </div><div class="col-md-6 item">
				<a href="/book/p25576/7040619.html" title="��1027�� ½����н���ָ��Ӧ�������ָо���" target="_blank">��1027�� ½����н���ָ��Ӧ�������ָо���</a>
			  </div><div class="col-md-6 item">
				<a href="/book/p25576/7040620.html" title="��1028�� �����������" target="_blank">��1028�� �����������</a>
			  </div><div class="col-md-6 item">
				<a href="/book/p25576/7040621.html" title="��1029�� ��������ĺ�̨" target="_blank">��1029�� ��������ĺ�̨</a>
			  </div><div class="col-md-6 item">
				<a href="/book/p25576/7040622.html" title="��1030�� �Ϲ�����֮���淥�ɽٳ���" target="_blank">��1030�� �Ϲ�����֮���淥�ɽٳ���</a>
			  </div><div class="col-md-6 item">
				<a href="/book/p25576/7040623.html" title="��1031�� ���������淥�����߲�" target="_blank">��1031�� ���������淥�����߲�</a>
			  </div><div class="col-md-6 item">
				<a href="/book/p25576/7040624.html" title="��1032�� ��ɽ" target="_blank">��1032�� ��ɽ</a>
			  </div><div class="col-md-6 item">
				<a href="/book/p25576/7040625.html" title="��1033�� ѧϰʨ�Ӻ�" target="_blank">��1033�� ѧϰʨ�Ӻ�</a>
			  </div><div class="col-md-6 item">
				<a href="/book/p25576/7040626.html" title="��1034�� �����ž�" target="_blank">��1034�� �����ž�</a>
			  </div><div class="col-md-6 item">
				<a href="/book/p25576/7040627.html" title="��1035�� ����˼��С����" target="_blank">��1035�� ����˼��С����</a>
			  </div><div class="col-md-6 item">
				<a href="/book/p25576/7040628.html" title="��1036�� ����ͨ��" target="_blank">��1036�� ����ͨ��</a>
			  </div><div class="col-md-6 item">
				<a href="/book/p25576/7040629.html" title="��1037�� ���ʥ��" target="_blank">��1037�� ���ʥ��</a>
			  </div><div class="col-md-6 item">
				<a href="/book/p25576/7040630.html" title="��1038�� Ҷ�Ͻ�" target="_blank">��1038�� Ҷ�Ͻ�</a>
			  </div><div class="col-md-6 item">
				<a href="/book/p25576/7040631.html" title="��1039�� ʦ�ֵ�����" target="_blank">��1039�� ʦ�ֵ�����</a>
			  </div><div class="col-md-6 item">
				<a href="/book/p25576/7040632.html" title="��1040�� �����з�" target="_blank">��1040�� �����з�</a>
			  </div><div class="col-md-6 item">
				<a href="/book/p25576/7040633.html" title="��1041�� Сʦ���������ҵİɣ�" target="_blank">��1041�� Сʦ���������ҵİɣ�</a>
			  </div><div class="col-md-6 item">
				<a href="/book/p25576/7040634.html" title="��1042�� �����ؾ�" target="_blank">��1042�� �����ؾ�</a>
			  </div><div class="col-md-6 item">
				<a href="/book/p25576/7040635.html" title="��1043�� �������" target="_blank">��1043�� �������</a>
			  </div><div class="col-md-6 item">
				<a href="/book/p25576/7040636.html" title="��1044�� ����֮��" target="_blank">��1044�� ����֮��</a>
			  </div><div class="col-md-6 item">
				<a href="/book/p25576/7040637.html" title="��1045�� ˾����������µ�������" target="_blank">��1045�� ˾����������µ�������</a>
			  </div><div class="col-md-6 item">
				<a href="/book/p25576/7040638.html" title="��1046�� �������һ��" target="_blank">��1046�� �������һ��</a>
			  </div><div class="col-md-6 item">
				<a href="/book/p25576/7040639.html" title="��1047�� һ������" target="_blank">��1047�� һ������</a>
			  </div><div class="col-md-6 item">
				<a href="/book/p25576/7040640.html" title="��1048�� �Ա�" target="_blank">��1048�� �Ա�</a>
			  </div><div class="col-md-6 item">
				<a href="/book/p25576/7040641.html" title="��1049�� ������" target="_blank">��1049�� ������</a>
			  </div><div class="col-md-6 item">
				<a href="/book/p25576/7040642.html" title="��1050�� ��ȥ�����ڷ��δ����" target="_blank">��1050�� ��ȥ�����ڷ��δ����</a>
			  </div><div class="col-md-6 item">
				<a href="/book/p25576/7040643.html" title="��1051�� ��ʦ�֣��ҳ�����" target="_blank">��1051�� ��ʦ�֣��ҳ�����</a>
			  </div><div class="col-md-6 item">
				<a href="/book/p25576/7040644.html" title="��1052�� �������" target="_blank">��1052�� �������</a>
			  </div><div class="col-md-6 item">
				<a href="/book/p25576/7040645.html" title="��1053�� �Ҳ�������������" target="_blank">��1053�� �Ҳ�������������</a>
			  </div><div class="col-md-6 item">
				<a href="/book/p25576/7040646.html" title="��1054�� ʦ���ž�" target="_blank">��1054�� ʦ���ž�</a>
			  </div><div class="col-md-6 item">
				<a href="/book/p25576/7040647.html" title="��1055�� �����ߣ���������" target="_blank">��1055�� �����ߣ���������</a>
			  </div><div class="col-md-6 item">
				<a href="/book/p25576/7040648.html" title="��1056�� Χ��Ⱥ��½ĳ" target="_blank">��1056�� Χ��Ⱥ��½ĳ</a>
			  </div><div class="col-md-6 item">
				<a href="/book/p25576/7040649.html" title="��1057�� Ѱ������" target="_blank">��1057�� Ѱ������</a>
			  </div><div class="col-md-6 item">
				<a href="/book/p25576/7040650.html" title="��1058�� ��ͬ�����в�ͬ��������ʽ" target="_blank">��1058�� ��ͬ�����в�ͬ��������ʽ</a>
			  </div><div class="col-md-6 item">
				<a href="/book/p25576/7040651.html" title="��1059�� �����ں�Ԫ��" target="_blank">��1059�� �����ں�Ԫ��</a>
			  </div><div class="col-md-6 item">
				<a href="/book/p25576/7040652.html" title="��1060�� ����������Ǭ��" target="_blank">��1060�� ����������Ǭ��</a>
			  </div><div class="col-md-6 item">
				<a href="/book/p25576/7040653.html" title="��1061�� �������" target="_blank">��1061�� �������</a>
			  </div><div class="col-md-6 item">
				<a href="/book/p25576/7040654.html" title="��1062�� ��©��ȱ" target="_blank">��1062�� ��©��ȱ</a>
			  </div><div class="col-md-6 item">
				<a href="/book/p25576/7040655.html" title="��1063�� ·�ϵ����˵�ʱ��" target="_blank">��1063�� ·�ϵ����˵�ʱ��</a>
			  </div><div class="col-md-6 item">
				<a href="/book/p25576/7040656.html" title="��1064�� ���ݵ�ͼ�����ֳ�" target="_blank">��1064�� ���ݵ�ͼ�����ֳ�</a>
			  </div><div class="col-md-6 item">
				<a href="/book/p25576/7040657.html" title="��1065�� �ɸ���" target="_blank">��1065�� �ɸ���</a>
			  </div><div class="col-md-6 item">
				<a href="/book/p25576/7040658.html" title="��1066�� �ϿҵĽ���" target="_blank">��1066�� �ϿҵĽ���</a>
			  </div><div class="col-md-6 item">
				<a href="/book/p25576/7040659.html" title="��1067�� ��������" target="_blank">��1067�� ��������</a>
			  </div><div class="col-md-6 item">
				<a href="/book/p25576/7040660.html" title="��1068�� ��������Ч" target="_blank">��1068�� ��������Ч</a>
			  </div><div class="col-md-6 item">
				<a href="/book/p25576/7040661.html" title="��1069�� Ȱ��" target="_blank">��1069�� Ȱ��</a>
			  </div><div class="col-md-6 item">
				<a href="/book/p25576/7040662.html" title="��1070�� ������ſ��ܲ�̫ƽ" target="_blank">��1070�� ������ſ��ܲ�̫ƽ</a>
			  </div><div class="col-md-6 item">
				<a href="/book/p25576/7040663.html" title="��1071�� �������" target="_blank">��1071�� �������</a>
			  </div><div class="col-md-6 item">
				<a href="/book/p25576/7040664.html" title="��1072�� �����ɵ�����" target="_blank">��1072�� �����ɵ�����</a>
			  </div><div class="col-md-6 item">
				<a href="/book/p25576/7040665.html" title="��1073�� ���ƺ�����ʲô�ã�" target="_blank">��1073�� ���ƺ�����ʲô�ã�</a>
			  </div><div class="col-md-6 item">
				<a href="/book/p25576/7040666.html" title="��1074�� ͷ���Ĺ�Ԫ����" target="_blank">��1074�� ͷ���Ĺ�Ԫ����</a>
			  </div><div class="col-md-6 item">
				<a href="/book/p25576/7040667.html" title="��1075�� �����׵�" target="_blank">��1075�� �����׵�</a>
			  </div><div class="col-md-6 item">
				<a href="/book/p25576/7040668.html" title="��1076�� ��з��ռ��ͣ�" target="_blank">��1076�� ��з��ռ��ͣ�</a>
			  </div><div class="col-md-6 item">
				<a href="/book/p25576/7040669.html" title="��1077�� ��ʦ�֣��ʵ������������ֵ������������ˣ�" target="_blank">��1077�� ��ʦ�֣��ʵ������������ֵ������������ˣ�</a>
			  </div><div class="col-md-6 item">
				<a href="/book/p25576/7040670.html" title="��1078�� �벻�����ʵ���һ��������" target="_blank">��1078�� �벻�����ʵ���һ��������</a>
			  </div><div class="col-md-6 item">
				<a href="/book/p25576/7040671.html" title="��1079�� ˫����壡" target="_blank">��1079�� ˫����壡</a>
			  </div><div class="col-md-6 item">
				<a href="/book/p25576/7040672.html" title="��1080�� ����ڶ�" target="_blank">��1080�� ����ڶ�</a>
			  </div><div class="col-md-6 item">
				<a href="/book/p25576/7040673.html" title="��1081�� �������Ҵ�Ǭ���ˣ�" target="_blank">��1081�� �������Ҵ�Ǭ���ˣ�</a>
			  </div><div class="col-md-6 item">
				<a href="/book/p25576/7040674.html" title="��1082�� ��ɫ��һ��" target="_blank">��1082�� ��ɫ��һ��</a>
			  </div><div class="col-md-6 item">
				<a href="/book/p25576/7040675.html" title="��1083�� ��С��˵©��" target="_blank">��1083�� ��С��˵©��</a>
			  </div><div class="col-md-6 item">
				<a href="/book/p25576/7040676.html" title="��1084�� ���֮��Ӧ����" target="_blank">��1084�� ���֮��Ӧ����</a>
			  </div><div class="col-md-6 item">
				<a href="/book/p25576/7040677.html" title="��1085�� �Һù�ϵ��" target="_blank">��1085�� �Һù�ϵ��</a>
			  </div><div class="col-md-6 item">
				<a href="/book/p25576/7040678.html" title="��1086�� ���Ҹо�����" target="_blank">��1086�� ���Ҹо�����</a>
			  </div><div class="col-md-6 item">
				<a href="/book/p25576/7040679.html" title="��1087�� �ٽ����ͻ�Ե" target="_blank">��1087�� �ٽ����ͻ�Ե</a>
			  </div><div class="col-md-6 item">
				<a href="/book/p25576/7040680.html" title="��1088�� ��⿴�ȫ��ɲ�" target="_blank">��1088�� ��⿴�ȫ��ɲ�</a>
			  </div><div class="col-md-6 item">
				<a href="/book/p25576/7040681.html" title="��1089�� ������֮λ�ϸ����ҵģ�" target="_blank">��1089�� ������֮λ�ϸ����ҵģ�</a>
			  </div><div class="col-md-6 item">
				<a href="/book/p25576/7040682.html" title="��1090�� û�¾ͺ�" target="_blank">��1090�� û�¾ͺ�</a>
			  </div><div class="col-md-6 item">
				<a href="/book/p25576/7040683.html" title="��1091�� �������" target="_blank">��1091�� �������</a>
			  </div><div class="col-md-6 item">
				<a href="/book/p25576/7040684.html" title="��1092�� �������������ɰ��հ������ʿ��" target="_blank">��1092�� �������������ɰ��հ������ʿ��</a>
			  </div><div class="col-md-6 item">
				<a href="/book/p25576/7040685.html" title="��1093�� �����鱨" target="_blank">��1093�� �����鱨</a>
			  </div><div class="col-md-6 item">
				<a href="/book/p25576/7040686.html" title="��1094�� ���ɳ����ˡ�½����" target="_blank">��1094�� ���ɳ����ˡ�½����</a>
			  </div><div class="col-md-6 item">
				<a href="/book/p25576/7040687.html" title="��1095�� ����֮��" target="_blank">��1095�� ����֮��</a>
			  </div><div class="col-md-6 item">
				<a href="/book/p25576/7040688.html" title="��1096�� ����ʳ��" target="_blank">��1096�� ����ʳ��</a>
			  </div><div class="col-md-6 item">
				<a href="/book/p25576/7040689.html" title="��1097�� ��˵�Ļ�������֤��" target="_blank">��1097�� ��˵�Ļ�������֤��</a>
			  </div><div class="col-md-6 item">
				<a href="/book/p25576/7040690.html" title="��1098�� �����" target="_blank">��1098�� �����</a>
			  </div><div class="col-md-6 item">
				<a href="/book/p25576/7040691.html" title="��1099�� �����Ծ���" target="_blank">��1099�� �����Ծ���</a>
			  </div><div class="col-md-6 item">
				<a href="/book/p25576/7040692.html" title="��1100�� �����������ô�����һ����" target="_blank">��1100�� �����������ô�����һ����</a>
			  </div><div class="col-md-6 item">
				<a href="/book/p25576/7040693.html" title="��1101�� �мƣ�" target="_blank">��1101�� �мƣ�</a>
			  </div><div class="col-md-6 item">
				<a href="/book/p25576/7040694.html" title="��1102�� ����������ܺ�" target="_blank">��1102�� ����������ܺ�</a>
			  </div><div class="col-md-6 item">
				<a href="/book/p25576/7040695.html" title="��1103�� ��ʷ�ɵ�����" target="_blank">��1103�� ��ʷ�ɵ�����</a>
			  </div><div class="col-md-6 item">
				<a href="/book/p25576/7040696.html" title="��1104�� С�ɣ��þò�����" target="_blank">��1104�� С�ɣ��þò�����</a>
			  </div><div class="col-md-6 item">
				<a href="/book/p25576/7040697.html" title="��1105�� ����̴�ʼ��" target="_blank">��1105�� ����̴�ʼ��</a>
			  </div><div class="col-md-6 item">
				<a href="/book/p25576/7040698.html" title="��1106�� ��ٵĹ�ȥ" target="_blank">��1106�� ��ٵĹ�ȥ</a>
			  </div><div class="col-md-6 item">
				<a href="/book/p25576/7040699.html" title="��1107�� �����ɣ�����һս��" target="_blank">��1107�� �����ɣ�����һս��</a>
			  </div><div class="col-md-6 item">
				<a href="/book/p25576/7040700.html" title="��1108�� С���ӣ������᲻���㰡" target="_blank">��1108�� С���ӣ������᲻���㰡</a>
			  </div><div class="col-md-6 item">
				<a href="/book/p25576/7040701.html" title="��1109�� ����" target="_blank">��1109�� ����</a>
			  </div><div class="col-md-6 item">
				<a href="/book/p25576/7040702.html" title="��1110�� ������" target="_blank">��1110�� ������</a>
			  </div><div class="col-md-6 item">
				<a href="/book/p25576/7040703.html" title="��1111�� ������" target="_blank">��1111�� ������</a>
			  </div><div class="col-md-6 item">
				<a href="/book/p25576/7040704.html" title="��1112�� ʥ��Ƿ��" target="_blank">��1112�� ʥ��Ƿ��</a>
			  </div><div class="col-md-6 item">
				<a href="/book/p25576/7040705.html" title="��1113�� �д��������������γ����" target="_blank">��1113�� �д��������������γ����</a>
			  </div><div class="col-md-6 item">
				<a href="/book/p25576/7040706.html" title="��1114�� �Ͼ���������" target="_blank">��1114�� �Ͼ���������</a>
			  </div><div class="col-md-6 item">
				<a href="/book/p25576/7040707.html" title="��1115�� ���Ķ���" target="_blank">��1115�� ���Ķ���</a>
			  </div><div class="col-md-6 item">
				<a href="/book/p25576/7040708.html" title="��1116�� �ʵ��ڵڶ�ǿ��" target="_blank">��1116�� �ʵ��ڵڶ�ǿ��</a>
			  </div><div class="col-md-6 item">
				<a href="/book/p25576/7040709.html" title="��1117�� С½������������֮λ����Ī���" target="_blank">��1117�� С½������������֮λ����Ī���</a>
			  </div><div class="col-md-6 item">
				<a href="/book/p25576/7040710.html" title="��1118�� ����" target="_blank">��1118�� ����</a>
			  </div><div class="col-md-6 item">
				<a href="/book/p25576/7040711.html" title="��1119�� �󶹽���" target="_blank">��1119�� �󶹽���</a>
			  </div><div class="col-md-6 item">
				<a href="/book/p25576/7040712.html" title="��1120�� �໥��������ͬͻ��" target="_blank">��1120�� �໥��������ͬͻ��</a>
			  </div><div class="col-md-6 item">
				<a href="/book/p25576/7040713.html" title="��1121�� ������һ���׽��ڲ���ˢ��" target="_blank">��1121�� ������һ���׽��ڲ���ˢ��</a>
			  </div><div class="col-md-6 item">
				<a href="/book/p25576/7040714.html" title="��1122�� �������Ҳ����죡" target="_blank">��1122�� �������Ҳ����죡</a>
			  </div><div class="col-md-6 item">
				<a href="/book/p25576/7040715.html" title="��1123�� ������" target="_blank">��1123�� ������</a>
			  </div><div class="col-md-6 item">
				<a href="/book/p25576/7040716.html" title="��1124�� �����ݷ�" target="_blank">��1124�� �����ݷ�</a>
			  </div><div class="col-md-6 item">
				<a href="/book/p25576/7040717.html" title="��1125�� �Ϲ��ǲ���û�о�����˵��" target="_blank">��1125�� �Ϲ��ǲ���û�о�����˵��</a>
			  </div><div class="col-md-6 item">
				<a href="/book/p25576/7040718.html" title="��1126�� ½����Ҿ�����" target="_blank">��1126�� ½����Ҿ�����</a>
			  </div><div class="col-md-6 item">
				<a href="/book/p25576/7040719.html" title="��1127�� �����ֵĶ���" target="_blank">��1127�� �����ֵĶ���</a>
			  </div><div class="col-md-6 item">
				<a href="/book/p25576/7040720.html" title="��1128�� ����Ľ���" target="_blank">��1128�� ����Ľ���</a>
			  </div><div class="col-md-6 item">
				<a href="/book/p25576/7040721.html" title="��1129�� ����֮���Ķ���" target="_blank">��1129�� ����֮���Ķ���</a>
			  </div><div class="col-md-6 item">
				<a href="/book/p25576/7040722.html" title="��1130�� ��ʦ�س�" target="_blank">��1130�� ��ʦ�س�</a>
			  </div><div class="col-md-6 item">
				<a href="/book/p25576/7040723.html" title="��1131�� �쳾����������ս��ս��" target="_blank">��1131�� �쳾����������ս��ս��</a>
			  </div><div class="col-md-6 item">
				<a href="/book/p25576/7040724.html" title="��1132�� �ƿء�����" target="_blank">��1132�� �ƿء�����</a>
			  </div><div class="col-md-6 item">
				<a href="/book/p25576/7040725.html" title="��1133�� ���½����һƬ����" target="_blank">��1133�� ���½����һƬ����</a>
			  </div><div class="col-md-6 item">
				<a href="/book/p25576/7040726.html" title="��1134�� ��������" target="_blank">��1134�� ��������</a>
			  </div><div class="col-md-6 item">
				<a href="/book/p25576/7040727.html" title="��1135�� ���汣����ô����" target="_blank">��1135�� ���汣����ô����</a>
			  </div><div class="col-md-6 item">
				<a href="/book/p25576/7040728.html" title="��1136�� ����������" target="_blank">��1136�� ����������</a>
			  </div><div class="col-md-6 item">
				<a href="/book/p25576/7040729.html" title="��1137�� ���ϼ��ڷ������������ж����桷" target="_blank">��1137�� ���ϼ��ڷ������������ж����桷</a>
			  </div><div class="col-md-6 item">
				<a href="/book/p25576/7040730.html" title="��1138�� �����򣺰�Ӱ���������Ķ���ȥ�����" target="_blank">��1138�� �����򣺰�Ӱ���������Ķ���ȥ�����</a>
			  </div><div class="col-md-6 item">
				<a href="/book/p25576/7040731.html" title="��1139�� ��Ϊ��ʿҪ�й�����" target="_blank">��1139�� ��Ϊ��ʿҪ�й�����</a>
			  </div><div class="col-md-6 item">
				<a href="/book/p25576/7040732.html" title="��1140�� ��Ӱ�����Ů��" target="_blank">��1140�� ��Ӱ�����Ů��</a>
			  </div><div class="col-md-6 item">
				<a href="/book/p25576/7040733.html" title="��1141�� ���������Ӱ��" target="_blank">��1141�� ���������Ӱ��</a>
			  </div><div class="col-md-6 item">
				<a href="/book/p25576/7040734.html" title="��1142�� �����ջ�" target="_blank">��1142�� �����ջ�</a>
			  </div><div class="col-md-6 item">
				<a href="/book/p25576/7040735.html" title="��1143�� ����������һ���÷�" target="_blank">��1143�� ����������һ���÷�</a>
			  </div><div class="col-md-6 item">
				<a href="/book/p25576/7040736.html" title="��1144�� ף����" target="_blank">��1144�� ף����</a>
			  </div><div class="col-md-6 item">
				<a href="/book/p25576/7040737.html" title="��1145�� ����" target="_blank">��1145�� ����</a>
			  </div><div class="col-md-6 item">
				<a href="/book/p25576/7040738.html" title="��1146�� Ļ����ֵ��ֶ�֮һ" target="_blank">��1146�� Ļ����ֵ��ֶ�֮һ</a>
			  </div><div class="col-md-6 item">
				<a href="/book/p25576/7040739.html" title="��1147�� �����ܴ��ڵ�δ��" target="_blank">��1147�� �����ܴ��ڵ�δ��</a>
			  </div><div class="col-md-6 item">
				<a href="/book/p25576/7040740.html" title="��1148�� �޸�ʱ���ߵ�Լ��" target="_blank">��1148�� �޸�ʱ���ߵ�Լ��</a>
			  </div><div class="col-md-6 item">
				<a href="/book/p25576/7040741.html" title="��1149�� �����ε�����" target="_blank">��1149�� �����ε�����</a>
			  </div><div class="col-md-6 item">
				<a href="/book/p25576/7040742.html" title="��1150�� �����۹�δ��" target="_blank">��1150�� �����۹�δ��</a>
			  </div><div class="col-md-6 item">
				<a href="/book/p25576/7040743.html" title="��1151�� ��Ի����˵" target="_blank">��1151�� ��Ի����˵</a>
			  </div><div class="col-md-6 item">
				<a href="/book/p25576/7040744.html" title="��1152�� ����ĺ�����û��" target="_blank">��1152�� ����ĺ�����û��</a>
			  </div><div class="col-md-6 item">
				<a href="/book/p25576/7040745.html" title="��1153�� ��Х�ڵİ˰ٵ���" target="_blank">��1153�� ��Х�ڵİ˰ٵ���</a>
			  </div><div class="col-md-6 item">
				<a href="/book/p25576/7040746.html" title="��1154�� ½����ʦ" target="_blank">��1154�� ½����ʦ</a>
			  </div><div class="col-md-6 item">
				<a href="/book/p25576/7040747.html" title="��1155�� ��������" target="_blank">��1155�� ��������</a>
			  </div><div class="col-md-6 item">
				<a href="/book/p25576/7040748.html" title="��1156�� �����ֶ�" target="_blank">��1156�� �����ֶ�</a>
			  </div><div class="col-md-6 item">
				<a href="/book/p25576/7040749.html" title="��1157�� ��ɱ������ô��½�ٽ������Ϲ�ϵ�ģ�" target="_blank">��1157�� ��ɱ������ô��½�ٽ������Ϲ�ϵ�ģ�</a>
			  </div><div class="col-md-6 item">
				<a href="/book/p25576/7040750.html" title="��1158�� �Ǳ�Ϊ��" target="_blank">��1158�� �Ǳ�Ϊ��</a>
			  </div><div class="col-md-6 item">
				<a href="/book/p25576/7040751.html" title="��1159�� �ֲ���û�и�����������ս�������ź�" target="_blank">��1159�� �ֲ���û�и�����������ս�������ź�</a>
			  </div><div class="col-md-6 item">
				<a href="/book/p25576/7040752.html" title="��1160�� ��������" target="_blank">��1160�� ��������</a>
			  </div><div class="col-md-6 item">
				<a href="/book/p25576/7040753.html" title="��1161�� ��Ϊ�޳�" target="_blank">��1161�� ��Ϊ�޳�</a>
			  </div><div class="col-md-6 item">
				<a href="/book/p25576/7040754.html" title="��1162�� �������ѧ����ô��ô��" target="_blank">��1162�� �������ѧ����ô��ô��</a>
			  </div><div class="col-md-6 item">
				<a href="/book/p25576/7040755.html" title="��1163�� ����֮�ؽ����츳��һ��" target="_blank">��1163�� ����֮�ؽ����츳��һ��</a>
			  </div><div class="col-md-6 item">
				<a href="/book/p25576/7040756.html" title="��1164�� ����һλ��ʦ" target="_blank">��1164�� ����һλ��ʦ</a>
			  </div><div class="col-md-6 item">
				<a href="/book/p25576/7040757.html" title="��1165�� ������" target="_blank">��1165�� ������</a>
			  </div><div class="col-md-6 item">
				<a href="/book/p25576/7040758.html" title="��1166�� ����һ�㶼����ʵ" target="_blank">��1166�� ����һ�㶼����ʵ</a>
			  </div><div class="col-md-6 item">
				<a href="/book/p25576/7040759.html" title="��1167�� ��ô�����˴����Ͽ�" target="_blank">��1167�� ��ô�����˴����Ͽ�</a>
			  </div><div class="col-md-6 item">
				<a href="/book/p25576/7040760.html" title="��1168�� �ʵ����ɵ�������" target="_blank">��1168�� �ʵ����ɵ�������</a>
			  </div><div class="col-md-6 item">
				<a href="/book/p25576/7040761.html" title="��1169�� �Ͼ��ۣ��⻢Х�������ָ���������ܣ�" target="_blank">��1169�� �Ͼ��ۣ��⻢Х�������ָ���������ܣ�</a>
			  </div><div class="col-md-6 item">
				<a href="/book/p25576/7040762.html" title="��1170�� ����ʲô�ţ���" target="_blank">��1170�� ����ʲô�ţ���</a>
			  </div><div class="col-md-6 item">
				<a href="/book/p25576/7040763.html" title="��1171�� ѩ��Ѫ��" target="_blank">��1171�� ѩ��Ѫ��</a>
			  </div><div class="col-md-6 item">
				<a href="/book/p25576/7040764.html" title="��1172�� ��ù�ĵ���" target="_blank">��1172�� ��ù�ĵ���</a>
			  </div><div class="col-md-6 item">
				<a href="/book/p25576/7040765.html" title="��1173�� ɱ�Ĺž�" target="_blank">��1173�� ɱ�Ĺž�</a>
			  </div><div class="col-md-6 item">
				<a href="/book/p25576/7040766.html" title="��1174�� ��ϻ��Ķ���" target="_blank">��1174�� ��ϻ��Ķ���</a>
			  </div><div class="col-md-6 item">
				<a href="/book/p25576/7040767.html" title="��1175�� �ҵĶ���ԭ���Ǳ����������õ���" target="_blank">��1175�� �ҵĶ���ԭ���Ǳ����������õ���</a>
			  </div><div class="col-md-6 item">
				<a href="/book/p25576/7040768.html" title="��1176�� ħ����ս" target="_blank">��1176�� ħ����ս</a>
			  </div><div class="col-md-6 item">
				<a href="/book/p25576/7040769.html" title="��1177�� ����Ἰ�����ʽ������" target="_blank">��1177�� ����Ἰ�����ʽ������</a>
			  </div><div class="col-md-6 item">
				<a href="/book/p25576/7040770.html" title="��1178�� ����½��" target="_blank">��1178�� ����½��</a>
			  </div><div class="col-md-6 item">
				<a href="/book/p25576/7040771.html" title="��1179�� �󹬶��ǰɣ�������ү����" target="_blank">��1179�� �󹬶��ǰɣ�������ү����</a>
			  </div><div class="col-md-6 item">
				<a href="/book/p25576/7040772.html" title="��1180�� �����ǰ������֪����˭���Ͻ�������ý���" target="_blank">��1180�� �����ǰ������֪����˭���Ͻ�������ý���</a>
			  </div><div class="col-md-6 item">
				<a href="/book/p25576/7040773.html" title="��1181�� ֪����Խ������Խ��" target="_blank">��1181�� ֪����Խ������Խ��</a>
			  </div><div class="col-md-6 item">
				<a href="/book/p25576/7040774.html" title="��1182�� ����̽���֮��" target="_blank">��1182�� ����̽���֮��</a>
			  </div><div class="col-md-6 item">
				<a href="/book/p25576/7040775.html" title="��1183�� ѩ��" target="_blank">��1183�� ѩ��</a>
			  </div><div class="col-md-6 item">
				<a href="/book/p25576/7040776.html" title="��1184�� ��̤̫��ͼ" target="_blank">��1184�� ��̤̫��ͼ</a>
			  </div><div class="col-md-6 item">
				<a href="/book/p25576/7040777.html" title="��1185�� ����֮��ʢ���������" target="_blank">��1185�� ����֮��ʢ���������</a>
			  </div><div class="col-md-6 item">
				<a href="/book/p25576/7040778.html" title="��1186�� ˾���ĵ���" target="_blank">��1186�� ˾���ĵ���</a>
			  </div><div class="col-md-6 item">
				<a href="/book/p25576/7040779.html" title="��1187�� �����������������" target="_blank">��1187�� �����������������</a>
			  </div><div class="col-md-6 item">
				<a href="/book/p25576/7040780.html" title="��1188�� ��ڷ�" target="_blank">��1188�� ��ڷ�</a>
			  </div><div class="col-md-6 item">
				<a href="/book/p25576/7040781.html" title="��1189�� �����ɺ�˾���Ķ���ս��" target="_blank">��1189�� �����ɺ�˾���Ķ���ս��</a>
			  </div><div class="col-md-6 item">
				<a href="/book/p25576/7040782.html" title="��1190�� ��Х��ݻ�Ȼһ��" target="_blank">��1190�� ��Х��ݻ�Ȼһ��</a>
			  </div><div class="col-md-6 item">
				<a href="/book/p25576/7040783.html" title="��1191�� ��ʦ�֣����ǰѵ������������" target="_blank">��1191�� ��ʦ�֣����ǰѵ������������</a>
			  </div><div class="col-md-6 item">
				<a href="/book/p25576/7040784.html" title="��1192�� �����ҵ�������о���" target="_blank">��1192�� �����ҵ�������о���</a>
			  </div><div class="col-md-6 item">
				<a href="/book/p25576/7040785.html" title="��1193�� ������" target="_blank">��1193�� ������</a>
			  </div><div class="col-md-6 item">
				<a href="/book/p25576/7040786.html" title="��1194�� ��Ǭ������ս��������" target="_blank">��1194�� ��Ǭ������ս��������</a>
			  </div><div class="col-md-6 item">
				<a href="/book/p25576/7040787.html" title="��1195�� �����Һ�����" target="_blank">��1195�� �����Һ�����</a>
			  </div><div class="col-md-6 item">
				<a href="/book/p25576/7040788.html" title="��1196�� ������" target="_blank">��1196�� ������</a>
			  </div><div class="col-md-6 item">
				<a href="/book/p25576/7040789.html" title="��1197�� ��ˮ����������" target="_blank">��1197�� ��ˮ����������</a>
			  </div><div class="col-md-6 item">
				<a href="/book/p25576/7040790.html" title="��1198�� ӡ��ֽ����Ҳ���԰�æ" target="_blank">��1198�� ӡ��ֽ����Ҳ���԰�æ</a>
			  </div><div class="col-md-6 item">
				<a href="/book/p25576/7040791.html" title="��1199�� ̫���еĶ���" target="_blank">��1199�� ̫���еĶ���</a>
			  </div><div class="col-md-6 item">
				<a href="/book/p25576/7040792.html" title="��1200�� �ɽ���֮�µ�һ��" target="_blank">��1200�� �ɽ���֮�µ�һ��</a>
			  </div><div class="col-md-6 item">
				<a href="/book/p25576/7040793.html" title="��1201�� ͻ��������" target="_blank">��1201�� ͻ��������</a>
			  </div><div class="col-md-6 item">
				<a href="/book/p25576/7040794.html" title="��1202�� �к�һ��" target="_blank">��1202�� �к�һ��</a>
			  </div><div class="col-md-6 item">
				<a href="/book/p25576/7040795.html" title="��1203�� �㲻Ҫ������" target="_blank">��1203�� �㲻Ҫ������</a>
			  </div><div class="col-md-6 item">
				<a href="/book/p25576/7040796.html" title="��1204�� �ɽ���" target="_blank">��1204�� �ɽ���</a>
			  </div><div class="col-md-6 item">
				<a href="/book/p25576/7040797.html" title="��1205�� ��֥��·" target="_blank">��1205�� ��֥��·</a>
			  </div><div class="col-md-6 item">
				<a href="/book/p25576/7040798.html" title="��1206�� С�׼�����" target="_blank">��1206�� С�׼�����</a>
			  </div><div class="col-md-6 item">
				<a href="/book/p25576/7040799.html" title="��1207�� ʦͽ�Ծ�" target="_blank">��1207�� ʦͽ�Ծ�</a>
			  </div><div class="col-md-6 item">
				<a href="/book/p25576/7040800.html" title="��1208�� ½��֮��" target="_blank">��1208�� ½��֮��</a>
			  </div><div class="col-md-6 item">
				<a href="/book/p25576/7040801.html" title="��1209�� ʦƾͽ��" target="_blank">��1209�� ʦƾͽ��</a>
			  </div><div class="col-md-6 item">
				<a href="/book/p25576/7040802.html" title="��1210�� �����" target="_blank">��1210�� �����</a>
			  </div><div class="col-md-6 item">
				<a href="/book/p25576/7040803.html" title="��1211�� ���ѿɸ�����һս" target="_blank">��1211�� ���ѿɸ�����һս</a>
			  </div><div class="col-md-6 item">
				<a href="/book/p25576/7040804.html" title="��1212�� �����������˻����������ˣ�" target="_blank">��1212�� �����������˻����������ˣ�</a>
			  </div><div class="col-md-6 item">
				<a href="/book/p25576/7040805.html" title="��1213�� ��������" target="_blank">��1213�� ��������</a>
			  </div><div class="col-md-6 item">
				<a href="/book/p25576/7040806.html" title="��1214�� �ٳ��ϵĹ�����" target="_blank">��1214�� �ٳ��ϵĹ�����</a>
			  </div><div class="col-md-6 item">
				<a href="/book/p25576/7040807.html" title="��1215�� �ΰ�����" target="_blank">��1215�� �ΰ�����</a>
			  </div><div class="col-md-6 item">
				<a href="/book/p25576/7040808.html" title="��1216�� ���������������ǲμӹ��ʽ����ģ�" target="_blank">��1216�� ���������������ǲμӹ��ʽ����ģ�</a>
			  </div><div class="col-md-6 item">
				<a href="/book/p25576/7040809.html" title="��1217�� ��ʦ�ܣ�����Ϣ�����д���" target="_blank">��1217�� ��ʦ�ܣ�����Ϣ�����д���</a>
			  </div><div class="col-md-6 item">
				<a href="/book/p25576/7040810.html" title="��1218�� ��ʵ�˶��ǽ������" target="_blank">��1218�� ��ʵ�˶��ǽ������</a>
			  </div><div class="col-md-6 item">
				<a href="/book/p25576/7040811.html" title="��1219�� ���ɳ���������֮�֣�" target="_blank">��1219�� ���ɳ���������֮�֣�</a>
			  </div><div class="col-md-6 item">
				<a href="/book/p25576/7040812.html" title="��1220�� ���󲻿��ԵĹ�Ա����" target="_blank">��1220�� ���󲻿��ԵĹ�Ա����</a>
			  </div><div class="col-md-6 item">
				<a href="/book/p25576/7040813.html" title="��1221�� ����֮λ�ֿ���" target="_blank">��1221�� ����֮λ�ֿ���</a>
			  </div><div class="col-md-6 item">
				<a href="/book/p25576/7040814.html" title="��1222�� ͵�����³�" target="_blank">��1222�� ͵�����³�</a>
			  </div><div class="col-md-6 item">
				<a href="/book/p25576/7040815.html" title="��1223�� ��ǿ��ס�˶ɽ���֮�µ�һ�˵ĳƺ�" target="_blank">��1223�� ��ǿ��ס�˶ɽ���֮�µ�һ�˵ĳƺ�</a>
			  </div><div class="col-md-6 item">
				<a href="/book/p25576/7040816.html" title="��1224�� ���ˣ�������ʱ����" target="_blank">��1224�� ���ˣ�������ʱ����</a>
			  </div><div class="col-md-6 item">
				<a href="/book/p25576/7040817.html" title="��1225�� ���Ų鷿" target="_blank">��1225�� ���Ų鷿</a>
			  </div><div class="col-md-6 item">
				<a href="/book/p25576/7040818.html" title="��1226�� ������" target="_blank">��1226�� ������</a>
			  </div><div class="col-md-6 item">
				<a href="/book/p25576/7040819.html" title="��1227�� ���ݹٳ�����" target="_blank">��1227�� ���ݹٳ�����</a>
			  </div><div class="col-md-6 item">
				<a href="/book/p25576/7040820.html" title="��1228�� �����ڵ�����·���쳾����" target="_blank">��1228�� �����ڵ�����·���쳾����</a>
			  </div><div class="col-md-6 item">
				<a href="/book/p25576/7040821.html" title="��1229�� ��ؽ�Ǯ�̻�᳤" target="_blank">��1229�� ��ؽ�Ǯ�̻�᳤</a>
			  </div><div class="col-md-6 item">
				<a href="/book/p25576/7040822.html" title="��1230�� �ֹ��" target="_blank">��1230�� �ֹ��</a>
			  </div><div class="col-md-6 item">
				<a href="/book/p25576/7040823.html" title="��1231�� ۺ��" target="_blank">��1231�� ۺ��</a>
			  </div><div class="col-md-6 item">
				<a href="/book/p25576/7040824.html" title="��1232�� ���ʳ����Դ" target="_blank">��1232�� ���ʳ����Դ</a>
			  </div><div class="col-md-6 item">
				<a href="/book/p25576/7040825.html" title="��1233�� ��ֵ�С����" target="_blank">��1233�� ��ֵ�С����</a>
			  </div><div class="col-md-6 item">
				<a href="/book/p25576/7040826.html" title="��1234�� ����������ͥ�̵�����������" target="_blank">��1234�� ����������ͥ�̵�����������</a>
			  </div><div class="col-md-6 item">
				<a href="/book/p25576/7040827.html" title="��1235�� ��¶���" target="_blank">��1235�� ��¶���</a>
			  </div><div class="col-md-6 item">
				<a href="/book/p25576/7040828.html" title="��1236�� �����Ŀռ�" target="_blank">��1236�� �����Ŀռ�</a>
			  </div><div class="col-md-6 item">
				<a href="/book/p25576/7040829.html" title="��1237�� ������˭����ɽ��ǩ�ı��գ�" target="_blank">��1237�� ������˭����ɽ��ǩ�ı��գ�</a>
			  </div><div class="col-md-6 item">
				<a href="/book/p25576/7040830.html" title="��1238�� ������" target="_blank">��1238�� ������</a>
			  </div><div class="col-md-6 item">
				<a href="/book/p25576/7040831.html" title="��1239�� ������" target="_blank">��1239�� ������</a>
			  </div><div class="col-md-6 item">
				<a href="/book/p25576/7040832.html" title="��1240�� ����۾���ս������" target="_blank">��1240�� ����۾���ս������</a>
			  </div><div class="col-md-6 item">
				<a href="/book/p25576/7040833.html" title="��1241�� �����ɵ�ǿ��" target="_blank">��1241�� �����ɵ�ǿ��</a>
			  </div><div class="col-md-6 item">
				<a href="/book/p25576/7040834.html" title="��1242�� ����ɱ������" target="_blank">��1242�� ����ɱ������</a>
			  </div><div class="col-md-6 item">
				<a href="/book/p25576/7040835.html" title="��1243�� ����֮��" target="_blank">��1243�� ����֮��</a>
			  </div><div class="col-md-6 item">
				<a href="/book/p25576/7040836.html" title="��1244�� ���" target="_blank">��1244�� ���</a>
			  </div><div class="col-md-6 item">
				<a href="/book/p25576/7040837.html" title="��1245�� Ļ����ֵ�ǿ��" target="_blank">��1245�� Ļ����ֵ�ǿ��</a>
			  </div><div class="col-md-6 item">
				<a href="/book/p25576/7040838.html" title="��1246�� �ҿ��ԷŹ�����" target="_blank">��1246�� �ҿ��ԷŹ�����</a>
			  </div><div class="col-md-6 item">
				<a href="/book/p25576/7040839.html" title="��1247�� ��Ȼ���ˣ��ͱ�������" target="_blank">��1247�� ��Ȼ���ˣ��ͱ�������</a>
			  </div><div class="col-md-6 item">
				<a href="/book/p25576/7040840.html" title="��1248�� ���ҿ����㵽����˭��" target="_blank">��1248�� ���ҿ����㵽����˭��</a>
			  </div><div class="col-md-6 item">
				<a href="/book/p25576/7040841.html" title="��1249�� Ҧʥ" target="_blank">��1249�� Ҧʥ</a>
			  </div><div class="col-md-6 item">
				<a href="/book/p25576/7040842.html" title="��1250�� �Գ��������" target="_blank">��1250�� �Գ��������</a>
			  </div><div class="col-md-6 item">
				<a href="/book/p25576/7040843.html" title="��1251�� ���ñ��˵�����Ҳ���Ա�����" target="_blank">��1251�� ���ñ��˵�����Ҳ���Ա�����</a>
			  </div><div class="col-md-6 item">
				<a href="/book/p25576/7040844.html" title="��1252�� �ҷ�����" target="_blank">��1252�� �ҷ�����</a>
			  </div><div class="col-md-6 item">
				<a href="/book/p25576/7040845.html" title="��1253�� �������������գ���ɽ����ʧ" target="_blank">��1253�� �������������գ���ɽ����ʧ</a>
			  </div><div class="col-md-6 item">
				<a href="/book/p25576/7040846.html" title="��1254�� ��ɽ��û�˸���½����һ���ϵ��" target="_blank">��1254�� ��ɽ��û�˸���½����һ���ϵ��</a>
			  </div><div class="col-md-6 item">
				<a href="/book/p25576/7040847.html" title="��1255�� �۾���Ҳ��ץ�����ˣ�̫����" target="_blank">��1255�� �۾���Ҳ��ץ�����ˣ�̫����</a>
			  </div><div class="col-md-6 item">
				<a href="/book/p25576/7040848.html" title="��1256�� �Ϲ��������" target="_blank">��1256�� �Ϲ��������</a>
			  </div><div class="col-md-6 item">
				<a href="/book/p25576/7040849.html" title="��1257�� ��ʦ����ô�벡���ˣ�" target="_blank">��1257�� ��ʦ����ô�벡���ˣ�</a>
			  </div><div class="col-md-6 item">
				<a href="/book/p25576/7040850.html" title="��1258�� �¼ҹ���������" target="_blank">��1258�� �¼ҹ���������</a>
			  </div><div class="col-md-6 item">
				<a href="/book/p25576/7040851.html" title="��1259�� ����������" target="_blank">��1259�� ����������</a>
			  </div><div class="col-md-6 item">
				<a href="/book/p25576/7040852.html" title="��1260�� ������" target="_blank">��1260�� ������</a>
			  </div><div class="col-md-6 item">
				<a href="/book/p25576/7040853.html" title="��1261�� ½�������" target="_blank">��1261�� ½�������</a>
			  </div><div class="col-md-6 item">
				<a href="/book/p25576/7040854.html" title="��1262�� Ļ�����û����" target="_blank">��1262�� Ļ�����û����</a>
			  </div><div class="col-md-6 item">
				<a href="/book/p25576/7040855.html" title="��1263�� �������Σ������" target="_blank">��1263�� �������Σ������</a>
			  </div><div class="col-md-6 item">
				<a href="/book/p25576/7040856.html" title="��1264�� �ֻ�֮��" target="_blank">��1264�� �ֻ�֮��</a>
			  </div><div class="col-md-6 item">
				<a href="/book/p25576/7040857.html" title="��1265�� ½��ĵ�������" target="_blank">��1265�� ½��ĵ�������</a>
			  </div><div class="col-md-6 item">
				<a href="/book/p25576/7040858.html" title="��1266�� ׷�ݸ�Դ���ع�ԭ��" target="_blank">��1266�� ׷�ݸ�Դ���ع�ԭ��</a>
			  </div><div class="col-md-6 item">
				<a href="/book/p25576/7040859.html" title="��1267�� ��ֵ���Դ��������" target="_blank">��1267�� ��ֵ���Դ��������</a>
			  </div><div class="col-md-6 item">
				<a href="/book/p25576/7040860.html" title="��1268�� ��ѧ��ķ���������ȷ�ķ�����" target="_blank">��1268�� ��ѧ��ķ���������ȷ�ķ�����</a>
			  </div><div class="col-md-6 item">
				<a href="/book/p25576/7040861.html" title="��1269�� ˫�����" target="_blank">��1269�� ˫�����</a>
			  </div><div class="col-md-6 item">
				<a href="/book/p25576/7040862.html" title="��1270�� ���Խ��͵�Ԥ֪δ��" target="_blank">��1270�� ���Խ��͵�Ԥ֪δ��</a>
			  </div><div class="col-md-6 item">
				<a href="/book/p25576/7040863.html" title="��1271�� �⿪��ӡ" target="_blank">��1271�� �⿪��ӡ</a>
			  </div><div class="col-md-6 item">
				<a href="/book/p25576/7040864.html" title="��1272�� �������" target="_blank">��1272�� �������</a>
			  </div><div class="col-md-6 item">
				<a href="/book/p25576/7040865.html" title="��1273�� ����" target="_blank">��1273�� ����</a>
			  </div><div class="col-md-6 item">
				<a href="/book/p25576/7040866.html" title="��1274�� ����" target="_blank">��1274�� ����</a>
			  </div><div class="col-md-6 item">
				<a href="/book/p25576/7040867.html" title="��1275�� ��������" target="_blank">��1275�� ��������</a>
			  </div><div class="col-md-6 item">
				<a href="/book/p25576/7040868.html" title="��1276�� �����������������ڽ���" target="_blank">��1276�� �����������������ڽ���</a>
			  </div><div class="col-md-6 item">
				<a href="/book/p25576/7040869.html" title="��1277�� �ⲻ�����֪����" target="_blank">��1277�� �ⲻ�����֪����</a>
			  </div><div class="col-md-6 item">
				<a href="/book/p25576/7040870.html" title="��1278�� �ǲ�������˭" target="_blank">��1278�� �ǲ�������˭</a>
			  </div><div class="col-md-6 item">
				<a href="/book/p25576/7040871.html" title="��1279�� ��Ԫ���������" target="_blank">��1279�� ��Ԫ���������</a>
			  </div><div class="col-md-6 item">
				<a href="/book/p25576/7040872.html" title="��1280�� �ֲ�������֮��" target="_blank">��1280�� �ֲ�������֮��</a>
			  </div><div class="col-md-6 item">
				<a href="/book/p25576/7040873.html" title="��1281�� ½��ֻ�������Ǻó�" target="_blank">��1281�� ½��ֻ�������Ǻó�</a>
			  </div><div class="col-md-6 item">
				<a href="/book/p25576/7040874.html" title="��1282�� һ��������" target="_blank">��1282�� һ��������</a>
			  </div><div class="col-md-6 item">
				<a href="/book/p25576/7040875.html" title="��1283�� �½�ɫǿ�������˰ɣ�" target="_blank">��1283�� �½�ɫǿ�������˰ɣ�</a>
			  </div><div class="col-md-6 item">
				<a href="/book/p25576/7040876.html" title="��1284�� ���ݵ���ѻ��" target="_blank">��1284�� ���ݵ���ѻ��</a>
			  </div><div class="col-md-6 item">
				<a href="/book/p25576/7040877.html" title="��1285�� ����ּ" target="_blank">��1285�� ����ּ</a>
			  </div><div class="col-md-6 item">
				<a href="/book/p25576/7040878.html" title="��1286�� ���Ҽ���λ��" target="_blank">��1286�� ���Ҽ���λ��</a>
			  </div><div class="col-md-6 item">
				<a href="/book/p25576/7040879.html" title="��1287�� �����ֵ�ͼ���" target="_blank">��1287�� �����ֵ�ͼ���</a>
			  </div><div class="col-md-6 item">
				<a href="/book/p25576/7040880.html" title="��1288�� ��ս" target="_blank">��1288�� ��ս</a>
			  </div><div class="col-md-6 item">
				<a href="/book/p25576/7040881.html" title="��1289�� ��Ҷ��б��ҵĹ�ȥ" target="_blank">��1289�� ��Ҷ��б��ҵĹ�ȥ</a>
			  </div><div class="col-md-6 item">
				<a href="/book/p25576/7040882.html" title="��1290�� �ϸ�Ӧ���������ĸ�����������" target="_blank">��1290�� �ϸ�Ӧ���������ĸ�����������</a>
			  </div><div class="col-md-6 item">
				<a href="/book/p25576/7040883.html" title="��1291�� �����ұ��ٳ���" target="_blank">��1291�� �����ұ��ٳ���</a>
			  </div><div class="col-md-6 item">
				<a href="/book/p25576/7040884.html" title="��1292�� ��ʿүү" target="_blank">��1292�� ��ʿүү</a>
			  </div><div class="col-md-6 item">
				<a href="/book/p25576/7040885.html" title="��1293�� ���۸��ӵĹ�ϵ" target="_blank">��1293�� ���۸��ӵĹ�ϵ</a>
			  </div><div class="col-md-6 item">
				<a href="/book/p25576/7040886.html" title="��1294�� �������أ�" target="_blank">��1294�� �������أ�</a>
			  </div><div class="col-md-6 item">
				<a href="/book/p25576/7040887.html" title="��1295�� ̫��Ҫը��" target="_blank">��1295�� ̫��Ҫը��</a>
			  </div><div class="col-md-6 item">
				<a href="/book/p25576/7040888.html" title="��1296�� ������" target="_blank">��1296�� ������</a>
			  </div><div class="col-md-6 item">
				<a href="/book/p25576/7040889.html" title="��1297�� ʶʱ����Ϊ����" target="_blank">��1297�� ʶʱ����Ϊ����</a>
			  </div><div class="col-md-6 item">
				<a href="/book/p25576/7040890.html" title="��1298�� ���ɽ磬½��" target="_blank">��1298�� ���ɽ磬½��</a>
			  </div><div class="col-md-6 item">
				<a href="/book/p25576/7040891.html" title="��1299�� �������ɽ�Ƚ����" target="_blank">��1299�� �������ɽ�Ƚ����</a>
			  </div><div class="col-md-6 item">
				<a href="/book/p25576/7040892.html" title="��1300�� �������ɽ���ܽ�������" target="_blank">��1300�� �������ɽ���ܽ�������</a>
			  </div><div class="col-md-6 item">
				<a href="/book/p25576/7040893.html" title="��1301�� ���ǵ�����ɴ�̫����" target="_blank">��1301�� ���ǵ�����ɴ�̫����</a>
			  </div><div class="col-md-6 item">
				<a href="/book/p25576/7040894.html" title="��1302�� ��ӭ�������ɽ�" target="_blank">��1302�� ��ӭ�������ɽ�</a>
			  </div><div class="col-md-6 item">
				<a href="/book/p25576/7040895.html" title="��1303�� ��������������ܿ���" target="_blank">��1303�� ��������������ܿ���</a>
			  </div><div class="col-md-6 item">
				<a href="/book/p25576/7040896.html" title="��1304�� Ԯ�����鱻Ԯ��������" target="_blank">��1304�� Ԯ�����鱻Ԯ��������</a>
			  </div><div class="col-md-6 item">
				<a href="/book/p25576/7040897.html" title="��1305�� ��������������" target="_blank">��1305�� ��������������</a>
			  </div><div class="col-md-6 item">
				<a href="/book/p25576/7040898.html" title="��1306�� ��������" target="_blank">��1306�� ��������</a>
			  </div><div class="col-md-6 item">
				<a href="/book/p25576/7040899.html" title="��1307�� ��۵ĺ����ӵ�ͷ��" target="_blank">��1307�� ��۵ĺ����ӵ�ͷ��</a>
			  </div><div class="col-md-6 item">
				<a href="/book/p25576/7040900.html" title="��1308�� ���ܲ�֪�����ɽ���ʯ����" target="_blank">��1308�� ���ܲ�֪�����ɽ���ʯ����</a>
			  </div><div class="col-md-6 item">
				<a href="/book/p25576/7040901.html" title="��1309�� �������ã������ͷ�" target="_blank">��1309�� �������ã������ͷ�</a>
			  </div><div class="col-md-6 item">
				<a href="/book/p25576/7040902.html" title="��1310�� ��������ͳ�����ɽ�δ��" target="_blank">��1310�� ��������ͳ�����ɽ�δ��</a>
			  </div><div class="col-md-6 item">
				<a href="/book/p25576/7040903.html" title="��1311�� ս��״̬�����ɽ�" target="_blank">��1311�� ս��״̬�����ɽ�</a>
			  </div><div class="col-md-6 item">
				<a href="/book/p25576/7040904.html" title="��1312�� �˾�����Ļ�����" target="_blank">��1312�� �˾�����Ļ�����</a>
			  </div><div class="col-md-6 item">
				<a href="/book/p25576/7040905.html" title="��1313�� ���ӽ��٣����ɽ�Σ�ӣ�" target="_blank">��1313�� ���ӽ��٣����ɽ�Σ�ӣ�</a>
			  </div><div class="col-md-6 item">
				<a href="/book/p25576/7040906.html" title="��1314�� �����������ˮƽ��" target="_blank">��1314�� �����������ˮƽ��</a>
			  </div><div class="col-md-6 item">
				<a href="/book/p25576/7040907.html" title="��1315�� ˵�����ǵ��������ģ�" target="_blank">��1315�� ˵�����ǵ��������ģ�</a>
			  </div><div class="col-md-6 item">
				<a href="/book/p25576/7040908.html" title="��1316�� ��۽���" target="_blank">��1316�� ��۽���</a>
			  </div><div class="col-md-6 item">
				<a href="/book/p25576/7040909.html" title="��1317�� ���˶���������ʲô" target="_blank">��1317�� ���˶���������ʲô</a>
			  </div><div class="col-md-6 item">
				<a href="/book/p25576/7040910.html" title="��1318�� ½���ս��Ң" target="_blank">��1318�� ½���ս��Ң</a>
			  </div><div class="col-md-6 item">
				<a href="/book/p25576/7040911.html" title="��1319�� ��Ľ���ô��ô���죿" target="_blank">��1319�� ��Ľ���ô��ô���죿</a>
			  </div><div class="col-md-6 item">
				<a href="/book/p25576/7040912.html" title="��1320�� ����" target="_blank">��1320�� ����</a>
			  </div><div class="col-md-6 item">
				<a href="/book/p25576/7040913.html" title="��1321�� �컯��" target="_blank">��1321�� �컯��</a>
			  </div><div class="col-md-6 item">
				<a href="/book/p25576/7040914.html" title="��1322�� ����ͻ�ƱȲ�����̨Ӳ" target="_blank">��1322�� ����ͻ�ƱȲ�����̨Ӳ</a>
			  </div><div class="col-md-6 item">
				<a href="/book/p25576/7040915.html" title="��1323�� �д��Ե���컯" target="_blank">��1323�� �д��Ե���컯</a>
			  </div><div class="col-md-6 item">
				<a href="/book/p25576/7040916.html" title="��1324�� ���ս��ƽ����" target="_blank">��1324�� ���ս��ƽ����</a>
			  </div><div class="col-md-6 item">
				<a href="/book/p25576/7040917.html" title="��1325�� �ɽٺ���" target="_blank">��1325�� �ɽٺ���</a>
			  </div><div class="col-md-6 item">
				<a href="/book/p25576/7040918.html" title="��1326�� ��֥���ϼ����ģ�" target="_blank">��1326�� ��֥���ϼ����ģ�</a>
			  </div><div class="col-md-6 item">
				<a href="/book/p25576/7040919.html" title="��1327�� ��ʦ�㾭�������ң�" target="_blank">��1327�� ��ʦ�㾭�������ң�</a>
			  </div><div class="col-md-6 item">
				<a href="/book/p25576/7040920.html" title="��1328�� ������" target="_blank">��1328�� ������</a>
			  </div><div class="col-md-6 item">
				<a href="/book/p25576/7040921.html" title="��1329�� ��֥�ĸ���" target="_blank">��1329�� ��֥�ĸ���</a>
			  </div><div class="col-md-6 item">
				<a href="/book/p25576/7040922.html" title="��1330�� ɥʬ������־" target="_blank">��1330�� ɥʬ������־</a>
			  </div><div class="col-md-6 item">
				<a href="/book/p25576/7040923.html" title="��1331�� �ռǱ�" target="_blank">��1331�� �ռǱ�</a>
			  </div><div class="col-md-6 item">
				<a href="/book/p25576/7040924.html" title="��1332�� ½��ʾ�" target="_blank">��1332�� ½��ʾ�</a>
			  </div><div class="col-md-6 item">
				<a href="/book/p25576/7040925.html" title="��1333�� �ػ�����" target="_blank">��1333�� �ػ�����</a>
			  </div><div class="col-md-6 item">
				<a href="/book/p25576/7040926.html" title="��1334�� ½�����������ˣ�" target="_blank">��1334�� ½�����������ˣ�</a>
			  </div><div class="col-md-6 item">
				<a href="/book/p25576/7040927.html" title="��1335�� ��˪֮��" target="_blank">��1335�� ��˪֮��</a>
			  </div><div class="col-md-6 item">
				<a href="/book/p25576/7040928.html" title="��1336�� ��ľ���ռ���ô�����ˣ�" target="_blank">��1336�� ��ľ���ռ���ô�����ˣ�</a>
			  </div><div class="col-md-6 item">
				<a href="/book/p25576/7040929.html" title="��1337�� ������" target="_blank">��1337�� ������</a>
			  </div><div class="col-md-6 item">
				<a href="/book/p25576/7040930.html" title="��1338�� �������ӵ�����֮��" target="_blank">��1338�� �������ӵ�����֮��</a>
			  </div><div class="col-md-6 item">
				<a href="/book/p25576/7040931.html" title="��1339�� Ļ����ֵľ���" target="_blank">��1339�� Ļ����ֵľ���</a>
			  </div><div class="col-md-6 item">
				<a href="/book/p25576/7040932.html" title="��1340�� ����֮�ˣ���Ⱦ���" target="_blank">��1340�� ����֮�ˣ���Ⱦ���</a>
			  </div><div class="col-md-6 item">
				<a href="/book/p25576/7040933.html" title="��1341�� �û�ȥ��" target="_blank">��1341�� �û�ȥ��</a>
			  </div><div class="col-md-6 item">
				<a href="/book/p25576/7040934.html" title="��1342�� ½����������麱��" target="_blank">��1342�� ½����������麱��</a>
			  </div><div class="col-md-6 item">
				<a href="/book/p25576/7040935.html" title="��1343�� �ϰ��ɶ�" target="_blank">��1343�� �ϰ��ɶ�</a>
			  </div><div class="col-md-6 item">
				<a href="/book/p25576/7040936.html" title="��1344�� ���ջ�ˮ" target="_blank">��1344�� ���ջ�ˮ</a>
			  </div><div class="col-md-6 item">
				<a href="/book/p25576/7040937.html" title="��1345�� ���ֵ�����" target="_blank">��1345�� ���ֵ�����</a>
			  </div><div class="col-md-6 item">
				<a href="/book/p25576/7040938.html" title="��1346�� ͻ��" target="_blank">��1346�� ͻ��</a>
			  </div><div class="col-md-6 item">
				<a href="/book/p25576/7040939.html" title="��1347�� ���ɽ�" target="_blank">��1347�� ���ɽ�</a>
			  </div><div class="col-md-6 item">
				<a href="/book/p25576/7040940.html" title="��1348�� ����" target="_blank">��1348�� ����</a>
			  </div><div class="col-md-6 item">
				<a href="/book/p25576/7040941.html" title="��1349�� ����" target="_blank">��1349�� ����</a>
			  </div><div class="col-md-6 item">
				<a href="/book/p25576/7040942.html" title="��1350�� ½С�ѣ�Ϊ��Ҫ�Ҵ��ҵ����" target="_blank">��1350�� ½С�ѣ�Ϊ��Ҫ�Ҵ��ҵ����</a>
			  </div><div class="col-md-6 item">
				<a href="/book/p25576/7040943.html" title="��1351�� ��ս" target="_blank">��1351�� ��ս</a>
			  </div><div class="col-md-6 item">
				<a href="/book/p25576/7040944.html" title="��1352�� �����ֶ�" target="_blank">��1352�� �����ֶ�</a>
			  </div><div class="col-md-6 item">
				<a href="/book/p25576/7040945.html" title="��1353�� ʹ��" target="_blank">��1353�� ʹ��</a>
			  </div><div class="col-md-6 item">
				<a href="/book/p25576/7040946.html" title="��1354�� �ϵ�" target="_blank">��1354�� �ϵ�</a>
			  </div><div class="col-md-6 item">
				<a href="/book/p25576/7040947.html" title="��1355�� ����������˵���ˣ�" target="_blank">��1355�� ����������˵���ˣ�</a>
			  </div><div class="col-md-6 item">
				<a href="/book/p25576/7040948.html" title="��1356�� ʧ��" target="_blank">��1356�� ʧ��</a>
			  </div><div class="col-md-6 item">
				<a href="/book/p25576/7040949.html" title="��1357�� ʱ���߸Ķ�" target="_blank">��1357�� ʱ���߸Ķ�</a>
			  </div><div class="col-md-6 item">
				<a href="/book/p25576/7040950.html" title="��1358�� ����ʱ�����Ϸ�����ʲô����" target="_blank">��1358�� ����ʱ�����Ϸ�����ʲô����</a>
			  </div><div class="col-md-6 item">
				<a href="/book/p25576/7040951.html" title="��1359�� �����Ե�½���츳" target="_blank">��1359�� �����Ե�½���츳</a>
			  </div><div class="col-md-6 item">
				<a href="/book/p25576/7040952.html" title="��1360�� ȫ֪" target="_blank">��1360�� ȫ֪</a>
			  </div><div class="col-md-6 item">
				<a href="/book/p25576/7040953.html" title="��1361�� δ����ǿ" target="_blank">��1361�� δ����ǿ</a>
			  </div><div class="col-md-6 item">
				<a href="/book/p25576/7040954.html" title="��1362�� ����" target="_blank">��1362�� ����</a>
			  </div><div class="col-md-6 item">
				<a href="/book/p25576/7040955.html" title="������" target="_blank">������</a>
			  </div><div class="col-md-6 item">
				<a href="/book/p25576/7040956.html" title="����һ" target="_blank">����һ</a>
			  </div><div class="col-md-6 item">
				<a href="/book/p25576/7040957.html" title="�����" target="_blank">�����</a>
			  </div><div class="col-md-6 item">
				<a href="/book/p25576/7040958.html" title="������" target="_blank">������</a>
			  </div>
            </div>
          </div>
        </div>
      </div>
      <!-- All Chapterlist End -->
    </div>
	<!-- Chapter End -->
  </div>
  <!-- Left End -->
  <div class="col-right2">
	  <div class="panel panel-info hidden-xs hidden-sm t10">
        <div class="panel-heading">
          <h3 class="panel-title">�������</h3>
        </div>
        <div class="panel-body">
          <div class="row">
			<div class="col-md-12 item fix1px"><a class="float-left" href="/book/p25576/" target="_blank">˭�������ɵģ�</a><span class="dark float-right">��׵���ѻ</span></div><div class="col-md-12 item fix1px"><a class="float-left" href="/book/p25573/" target="_blank">�����츳��ʼ����</a><span class="dark float-right">ʧ��Ҷ</span></div><div class="col-md-12 item fix1px"><a class="float-left" href="/book/p25566/" target="_blank">���ɣ������������������</a><span class="dark float-right">���Ǵ����</span></div><div class="col-md-12 item fix1px"><a class="float-left" href="/book/p25550/" target="_blank">������</a><span class="dark float-right">��ʷ�ﴵ��</span></div><div class="col-md-12 item fix1px"><a class="float-left" href="/book/p25496/" target="_blank">��������</a><span class="dark float-right">�¶�Ư��</span></div><div class="col-md-12 item fix1px"><a class="float-left" href="/book/p25449/" target="_blank">ǰ�޴���</a><span class="dark float-right">��Ʒ��ѿ</span></div><div class="col-md-12 item fix1px"><a class="float-left" href="/book/p25382/" target="_blank">�����ҹ��</a><span class="dark float-right">��ʮ������</span></div><div class="col-md-12 item fix1px"><a class="float-left" href="/book/p25381/" target="_blank">��������</a><span class="dark float-right">����Ϲ���</span></div><div class="col-md-12 item fix1px"><a class="float-left" href="/book/p25377/" target="_blank">��ÿ����ˢ�½���ָ</a><span class="dark float-right">�������ս�</span></div><div class="col-md-12 item fix1px"><a class="float-left" href="/book/p25365/" target="_blank">�����ޱ߸ߴ���</a><span class="dark float-right">̤ѩ����</span></div>
          </div>
        </div>
      </div>
	  <!--New Book End -->
	  <div class="panel panel-info">
          <div class="panel-heading"><h3 class="panel-title">����������Ʒ</h3></div>
          <div class="panel-body">
            <div class="row">
              <div class="col-md-12 t10">
                <div class="media"> <a class="media-left" href="/book/p20597/" target="_blank"> <img class="book-img-small"  src="/uploads/cover/20597s.jpg" title="����ڲ�����Ϯϵͳ" alt="����ڲ�����Ϯϵͳ"/> </a>
                  <div class="media-body">
                    <div class="media-title">
                      <h4><a href="/book/p20597/" target="_blank">����ڲ�����Ϯϵͳ</a></h4>
                    </div>
                    <div class="media-info">
                       ���봩Խ����������û�н���ָ��ֻ������ʵʵ������������������Ϊ�š�
                    </div>
                  </div>
                </div>
              </div>
            </div>
          </div>
        </div>
      <div class="panel panel-info">
        <div class="panel-heading">
          <h3 class="panel-title"><strong>�����Ƽ�</strong></h3>
        </div>
        <div class="panel-body">
          <div class="row">
			<div class="col-md-12 t10">
              <div class="media"> <a class="media-left" href="/book/p6214/" target="_blank"> <img class="book-img-small" src="/uploads/cover/6214s.jpg" title="а����Ȼ" alt="а����Ȼ"/> </a>
                <div class="media-body">
                  <div class="media-title">
                    <h4><a href="/book/p6214/" target="_blank">а����Ȼ</a></h4>
					<span class="dark">����</span>
                  </div>
                  <div class="media-info"> �ܶ������ţ������������������ֶ������ڵġ� ��Ȼ���ֶ��������������ţ���</div>
                </div>
              </div>
            </div><div class="col-md-12 t10">
              <div class="media"> <a class="media-left" href="/book/p4929/" target="_blank"> <img class="book-img-small" src="/uploads/cover/4929s.jpg" title="�����֮��7������ķ籩���ϣ�" alt="�����֮��7������ķ籩���ϣ�"/> </a>
                <div class="media-body">
                  <div class="media-title">
                    <h4><a href="/book/p4929/" target="_blank">�����֮��7������ķ籩���ϣ�</a></h4>
					<span class="dark">���Ρ�R.R</span>
                  </div>
                  <div class="media-info"> ��ɫ���񣬻�ɫ���У� ���Ǳ���������֣���������������ɣ� ����ڼ���֮��</div>
                </div>
              </div>
            </div><div class="col-md-12 t10">
              <div class="media"> <a class="media-left" href="/book/p1271/" target="_blank"> <img class="book-img-small" src="/uploads/cover/1271s.jpg" title="�޸��鳼��ϲ��" alt="�޸��鳼��ϲ��"/> </a>
                <div class="media-body">
                  <div class="media-title">
                    <h4><a href="/book/p1271/" target="_blank">�޸��鳼��ϲ��</a></h4>
					<span class="dark">���ɫ</span>
                  </div>
                  <div class="media-info"> ����Ҫ�޵��Ǹ��������Ĳ����ӣ�ϲŭ�޳�������մ�˲�֪�����˵�Ѫ�� �͡�</div>
                </div>
              </div>
            </div><div class="col-md-12 t10">
              <div class="media"> <a class="media-left" href="/book/p10457/" target="_blank"> <img class="book-img-small" src="/uploads/cover/10457s.jpg" title="һ��ʮ����ҹ" alt="һ��ʮ����ҹ"/> </a>
                <div class="media-body">
                  <div class="media-title">
                    <h4><a href="/book/p10457/" target="_blank">һ��ʮ����ҹ</a></h4>
					<span class="dark">��������</span>
                  </div>
                  <div class="media-info"> ��һ��ʮ����ҹ�����������������ô�����ʱ�ڣ� ������ҵķǷ����ʷ���һ��</div>
                </div>
              </div>
            </div><div class="col-md-12 t10">
              <div class="media"> <a class="media-left" href="/book/p3510/" target="_blank"> <img class="book-img-small" src="/uploads/cover/3510s.jpg" title="����֮�ڲ���" alt="����֮�ڲ���"/> </a>
                <div class="media-body">
                  <div class="media-title">
                    <h4><a href="/book/p3510/" target="_blank">����֮�ڲ���</a></h4>
					<span class="dark">����L</span>
                  </div>
                  <div class="media-info"> �����衾�ڲ����֮��������ѧ�ɴ�ʦ������˹������������������ں����</div>
                </div>
              </div>
            </div><div class="col-md-12 t10">
              <div class="media"> <a class="media-left" href="/book/p13448/" target="_blank"> <img class="book-img-small" src="/uploads/cover/13448s.jpg" title="ժ��" alt="ժ��"/> </a>
                <div class="media-body">
                  <div class="media-title">
                    <h4><a href="/book/p13448/" target="_blank">ժ��</a></h4>
					<span class="dark">�ֵѶ�</span>
                  </div>
                  <div class="media-info"> ���Ǿ���������ٽ������ȡ�Ԩ��������ߴ� ���ǳ���У�ŵ����С���񣬡�</div>
                </div>
              </div>
            </div><div class="col-md-12 t10">
              <div class="media"> <a class="media-left" href="/book/p20717/" target="_blank"> <img class="book-img-small" src="/uploads/cover/20717s.jpg" title="��������ľ����ڻ�[ϣ����]" alt="��������ľ����ڻ�[ϣ����]"/> </a>
                <div class="media-body">
                  <div class="media-title">
                    <h4><a href="/book/p20717/" target="_blank">��������ľ����ڻ�[ϣ����]</a></h4>
					<span class="dark">ֽ��</span>
                  </div>
                  <div class="media-info"> �㴩����ϣ���񻰣���Ϊ��������������˹û��������Ǹ������Լ���Ӱ���</div>
                </div>
              </div>
            </div><div class="col-md-12 t10">
              <div class="media"> <a class="media-left" href="/book/p4580/" target="_blank"> <img class="book-img-small" src="/uploads/cover/4580s.jpg" title="¡������" alt="¡������"/> </a>
                <div class="media-body">
                  <div class="media-title">
                    <h4><a href="/book/p4580/" target="_blank">¡������</a></h4>
					<span class="dark">����</span>
                  </div>
                  <div class="media-info"> ���ٵ������ҵ�ѽ��������µĿ�ǰʱ�����������������¡�����µı�����</div>
                </div>
              </div>
            </div><div class="col-md-12 t10">
              <div class="media"> <a class="media-left" href="/book/p16063/" target="_blank"> <img class="book-img-small" src="/uploads/cover/16063s.jpg" title="˵�˱�����" alt="˵�˱�����"/> </a>
                <div class="media-body">
                  <div class="media-title">
                    <h4><a href="/book/p16063/" target="_blank">˵�˱�����</a></h4>
					<span class="dark">ʱǧ��</span>
                  </div>
                  <div class="media-info"> ���ģ���������վ����飿 ����ʱ�����ǿ��������� �İ��� ��ȱ��ǰ���֡�</div>
                </div>
              </div>
            </div><div class="col-md-12 t10">
              <div class="media"> <a class="media-left" href="/book/p15025/" target="_blank"> <img class="book-img-small" src="/uploads/cover/15025s.jpg" title="���㲻��̳�ǧ�ں���" alt="���㲻��̳�ǧ�ں���"/> </a>
                <div class="media-body">
                  <div class="media-title">
                    <h4><a href="/book/p15025/" target="_blank">���㲻��̳�ǧ�ں���</a></h4>
					<span class="dark">��⬵��ǹ�</span>
                  </div>
                  <div class="media-info"> ���մ���һ�����ͬ���������ڻң�һ���̳��׸��Ҳ������ش��¹�����롭</div>
                </div>
              </div>
            </div>
          </div>
        </div>
      </div>
	  <!-- �����Ƽ� End-->
    </div>
    <!-- Col-right End -->
</div>
<!-- Footer Begin -->
<div class="footer">
  <div class = "container">
    <p class = "hidden-xs">�����Ȩ����Ϊ�ڱ�վ����������Ʒ�����������棬�뷢�ʼ���<script>play("email")</script>����վȷ�Ϻ󽫻�������ɾ����</p>
    <p class = "hidden-xs">��վ����¼��Ʒ���������⡢������۾����������Ϊ���������վ������</p>
    <p>�������ߣ���һ�����ĺ͹��������鼮֧�����ߣ��������߲���д��������õ��飡</p>
    <p class = "hidden-xs">
      <script>play("tongji")</script> 
    </p>
  </div>
</div>
<div class="fixed-btn">
    <a class="go-top" href="javascript:void(0)" title="���ض���"> <i class="fa fa-angle-up"></i></a>
</div>
<!-- Footer End --> 
<!-- jQuery (necessary for Bootstrap's JavaScript plugins) --> 
<script src="/static/js/jquery.min.js"></script> 
<!-- Include all compiled plugins (below), or include individual files as needed --> 
<script src="/static/js/bootstrap.min.js"></script> 
<script src="/static/js/comm.js"></script>
<script type="text/javascript">
	var sid ="25576";
	$(function(){
        BookShelf.getChapterHistory(book);
    });
</script>
<script type="module" src="https://static.cloudflareinsights.com/beacon.min.js/v4513226cdae34746b4dedf0b4dfa099e1781791509496" integrity="sha512-ZE9pZaUXND66v380QUtch/5sE9tPFh2zg45pR2PB0CVkCtOREv2AJKkSidISWkysEuQ0EH8faUU5du78bx87UQ==" data-cf-beacon='{"version":"2024.11.0","token":"bf4eb1bf0db94d35a471fe4f3b9897eb","r":1}' crossorigin="anonymous"></script>
</body>
</html>

21:12:11.042 [OkHttp https://www.dbxsz.com/...] DEBUG io.legado.app.model.DebugLog - <-- END HTTP (252110-byte, 38163-gzipped-byte body)
21:12:11.043 [main @coroutine#30] INFO io.legado.app.model.DebugLog - sourceUrl: https://www.dbxsd.com, msg: �Ի�ȡ�ɹ�:https://www.dbxsz.com/book/p25576/
21:12:11.043 [main @coroutine#30] INFO io.legado.app.model.DebugLog - sourceUrl: https://www.dbxsd.com, msg: ����ȡ����
21:12:11.046 [main @coroutine#30] INFO io.legado.app.model.DebugLog - sourceUrl: https://www.dbxsd.com, msg: ��˭�������ɵģ�
21:12:11.046 [main @coroutine#30] INFO io.legado.app.model.DebugLog - sourceUrl: https://www.dbxsd.com, msg: ����ȡ����
21:12:11.046 [main @coroutine#30] INFO io.legado.app.model.DebugLog - sourceUrl: https://www.dbxsd.com, msg: ��������
21:12:11.046 [main @coroutine#30] INFO io.legado.app.model.DebugLog - sourceUrl: https://www.dbxsd.com, msg: ����ȡ����
21:12:11.046 [main @coroutine#30] INFO io.legado.app.model.DebugLog - sourceUrl: https://www.dbxsd.com, msg: ��null
21:12:11.046 [main @coroutine#30] INFO io.legado.app.model.DebugLog - sourceUrl: https://www.dbxsd.com, msg: ����ȡ����
21:12:11.046 [main @coroutine#30] INFO io.legado.app.model.DebugLog - sourceUrl: https://www.dbxsd.com, msg: ��null
21:12:11.046 [main @coroutine#30] INFO io.legado.app.model.DebugLog - sourceUrl: https://www.dbxsd.com, msg: ����ȡ�����½�
21:12:11.046 [main @coroutine#30] INFO io.legado.app.model.DebugLog - sourceUrl: https://www.dbxsd.com, msg: ��null
21:12:11.046 [main @coroutine#30] INFO io.legado.app.model.DebugLog - sourceUrl: https://www.dbxsd.com, msg: ����ȡ���
21:12:11.047 [main @coroutine#30] INFO io.legado.app.model.DebugLog - sourceUrl: https://www.dbxsd.com, msg: �����������ҷ���ǿ�������ɽ�ķ�������������ģ������Ҵ���ģ���˵ʷ����ʤ������д�ģ���Ϊʲô�һ�ʤ�˻��������������ң�
����½�������Լ��߲ɷ����˵������ʾ�ǳ���ŭ��
�����ڶ��졣
�����ҷ���ǿ�������ɽ�ķ������Ҵ���ġ�
����½�������Լ��ߵĲɷ�ʱ���˵������ʾ�ǳ���ŭ��
�����������ձ���Ϊ��������
����
21:12:11.047 [main @coroutine#30] INFO io.legado.app.model.DebugLog - sourceUrl: https://www.dbxsd.com, msg: ����ȡ��������
21:12:11.047 [main @coroutine#30] INFO io.legado.app.model.DebugLog - sourceUrl: https://www.dbxsd.com, msg: ��https://www.dbxsz.com/uploads/cover/25576s.jpg
21:12:11.047 [main @coroutine#30] INFO io.legado.app.model.DebugLog - sourceUrl: https://www.dbxsd.com, msg: ����ȡĿ¼����
21:12:11.047 [main @coroutine#30] INFO io.legado.app.model.DebugLog - sourceUrl: https://www.dbxsd.com, msg: ��https://www.dbxsz.com/book/p25576/
21:12:11.047 [main] INFO cn.kong.app.model.NovelSourceTest -   ����: ˭�������ɵģ� | ����: ������
21:12:11.047 [main] INFO cn.kong.app.model.NovelSourceTest -   ���: ���������ҷ���ǿ�������ɽ�ķ�������������ģ������Ҵ���ģ���˵ʷ����ʤ������д�ģ���Ϊʲô�һ�ʤ�˻��������������ң�
����½�������Լ��߲ɷ����˵������ʾ�ǳ���ŭ��
�����ڶ��졣
�����ҷ���ǿ����...
21:12:11.047 [main] INFO cn.kong.app.model.NovelSourceTest -   --- Step 3: ��ȡĿ¼ ---
21:12:11.047 [OkHttp https://www.dbxsz.com/...] DEBUG io.legado.app.model.DebugLog - --> GET https://www.dbxsz.com/book/p25576/ h2
21:12:11.048 [OkHttp https://www.dbxsz.com/...] DEBUG io.legado.app.model.DebugLog - User-Agent: Mozilla/5.0 (Linux; Android 9; PDBM00 Build/PPR1.180610.011; wv) AppleWebKit/537.36 (KHTML, like Gecko) Version/4.0 Chrome/70.0.3538.110 Mobile Safari/537.36
21:12:11.048 [OkHttp https://www.dbxsz.com/...] DEBUG io.legado.app.model.DebugLog - Keep-Alive: 300
21:12:11.048 [OkHttp https://www.dbxsz.com/...] DEBUG io.legado.app.model.DebugLog - Connection: Keep-Alive
21:12:11.048 [OkHttp https://www.dbxsz.com/...] DEBUG io.legado.app.model.DebugLog - Cache-Control: no-cache
21:12:11.048 [OkHttp https://www.dbxsz.com/...] DEBUG io.legado.app.model.DebugLog - Host: www.dbxsz.com
21:12:11.048 [OkHttp https://www.dbxsz.com/...] DEBUG io.legado.app.model.DebugLog - Accept-Encoding: gzip
21:12:11.048 [OkHttp https://www.dbxsz.com/...] DEBUG io.legado.app.model.DebugLog - --> END GET
21:12:11.608 [OkHttp https://www.dbxsz.com/...] DEBUG io.legado.app.model.DebugLog - <-- 200 https://www.dbxsz.com/book/p25576/ (560ms)
21:12:11.608 [OkHttp https://www.dbxsz.com/...] DEBUG io.legado.app.model.DebugLog - date: Fri, 14 Aug 2026 13:12:11 GMT
21:12:11.608 [OkHttp https://www.dbxsz.com/...] DEBUG io.legado.app.model.DebugLog - content-type: text/html
21:12:11.608 [OkHttp https://www.dbxsz.com/...] DEBUG io.legado.app.model.DebugLog - last-modified: Fri, 25 Apr 2025 03:26:08 GMT
21:12:11.608 [OkHttp https://www.dbxsz.com/...] DEBUG io.legado.app.model.DebugLog - nel: {"report_to":"cf-nel","success_fraction":0.0,"max_age":604800}
21:12:11.608 [OkHttp https://www.dbxsz.com/...] DEBUG io.legado.app.model.DebugLog - server-timing: cfCacheStatus;desc="DYNAMIC"
21:12:11.608 [OkHttp https://www.dbxsz.com/...] DEBUG io.legado.app.model.DebugLog - server-timing: cfEdge;dur=7,cfOrigin;dur=160
21:12:11.608 [OkHttp https://www.dbxsz.com/...] DEBUG io.legado.app.model.DebugLog - vary: Accept-Encoding
21:12:11.608 [OkHttp https://www.dbxsz.com/...] DEBUG io.legado.app.model.DebugLog - report-to: {"group":"cf-nel","max_age":604800,"endpoints":[{"url":"https://a.nel.cloudflare.com/report/v4?s=KOkNjya70HCFbXK5cWajIZ287S50ChqD9bDMqCvhP%2FOePgiEs8IENTRPYdLKl%2FcFmFvAvdzI3t1wf8iUf4Y5mFt7t9cLf0NqPyOyy4%2F2X1kCPRyhy2YwcOWMz0Pvqw7I"}]}
21:12:11.608 [OkHttp https://www.dbxsz.com/...] DEBUG io.legado.app.model.DebugLog - server: cloudflare
21:12:11.608 [OkHttp https://www.dbxsz.com/...] DEBUG io.legado.app.model.DebugLog - cf-cache-status: DYNAMIC
21:12:11.608 [OkHttp https://www.dbxsz.com/...] DEBUG io.legado.app.model.DebugLog - content-encoding: gzip
21:12:11.608 [OkHttp https://www.dbxsz.com/...] DEBUG io.legado.app.model.DebugLog - cf-ray: a2b035adbad00e18-AMS
21:12:11.608 [OkHttp https://www.dbxsz.com/...] DEBUG io.legado.app.model.DebugLog - alt-svc: h3=":443"; ma=86400
21:12:13.074 [OkHttp https://www.dbxsz.com/...] DEBUG io.legado.app.model.DebugLog - 
21:12:13.074 [OkHttp https://www.dbxsz.com/...] DEBUG io.legado.app.model.DebugLog - <!DOCTYPE html>
<html lang="zh-cn">
<head>
<meta charset="utf-8">
<meta http-equiv="X-UA-Compatible" content="IE=edge">
<meta name="viewport" content="width=device-width, initial-scale=1">
<title>˭�������ɵģ�(��׵���ѻ)ȫ���Ķ�|�����½�|TXT����|�޹�浯��</title>

	<meta name="keywords" content="ԭ��С˵,��׵���ѻ,��׵���ѻ����,��׵���ѻ����С˵,˭�������ɵģ�,˭�������ɵģ������½�,˭�������ɵģ���,˭�������ɵģ���Ȥ��,˭�������ɵģ������,����С˵��"/>
	<meta name="description" content="����С˵�� �ṩ �������  /  ˭�������ɵģ� ȫ���Ķ��� �������  /  ˭�������ɵģ� TXT���أ��޹�浯���� �����½� ������
"/>
	
	<meta property="og:type" content="novel"/>
	<meta property="og:title" content="˭�������ɵģ�"/>
	<meta property="og:description" content=" �ҷ���ǿ�������ɽ�ķ�������������ģ������Ҵ���ģ���˵ʷ����ʤ������д�ģ���Ϊʲô�һ�ʤ�˻��������������ң� ½�������Լ��߲ɷ����˵������ʾ�ǳ���ŭ�� �ڶ��졣 �ҷ���ǿ�������ɽ�ķ������Ҵ���ġ�"/>
	<meta property="og:image" content="/uploads/cover/25576s.jpg"/>
	<meta property="og:novel:category" content="�������"/>
	<meta property="og:novel:author" content="��׵���ѻ"/>
	<meta property="og:novel:book_name" content="˭�������ɵģ�"/>
	<meta property="og:novel:read_url" content="/book/p25576/"/>
	<meta property="og:url" content="/book/p25576/"/>
	<meta property="og:novel:status" content="���"/>
	<meta property="og:novel:author_link" content="/book/p25576/"/>
	<meta property="og:novel:update_time" content="08:28:55"/>
	<meta property="og:novel:latest_chapter_name" content="������"/>
	<meta property="og:novel:latest_chapter_url" content="/book/p25576/7040958.html"/>

	<!--360 seo end-->	
		<link href="/static/css/bootstrap.min.css" rel="stylesheet">
	<link href="/static/css/font-awesome.min.css" rel="stylesheet" >
	<link href="/static/css/base.css" rel="stylesheet">
	<script src="/static/js/action.js"></script>
	<!--[if lt IE 9]>
      <script src="/static/js/html5shiv.min.js"></script>
      <script src="/static/js/respond.min.js"></script>
    <![endif]-->
	<script type="text/javascript">
      var book = new Object();
      book.id="25576";
      book.name="˭�������ɵģ�";
      book.url="/book/p25576/";
    </script>
</head>
<body>
<div class="top">
	<div class="container">
    	<div class="logo-name"><a href="/">����С˵��</a></div>
        <div class="float-right"><script>play("lan")</script></div>
    </div>
</div>
<div class="container">
	<div class="book-type t10">
        <ol class="breadcrumb">
        <li><a href="/nav/xh-qh.html" target="_blank">���á����</a></li><li><a href="/nav/kh-yx.html" target="_blank">�ƻá���Ϸ</a></li><li><a href="/nav/xx-wx.html" target="_blank">����������</a></li><li><a href="/nav/ns-yq.html" target="_blank">Ů��������</a></li><li><a href="/nav/ds-yl.html" target="_blank">���С�����</a></li><li><a href="/nav/ls-js.html" target="_blank">��ʷ������</a></li><li><a href="/nav/xy-ly.html" target="_blank">���ɡ�����</a></li><li><a href="/nav/dm-ca.html" target="_blank">����������</a></li><li><a href="/nav/qxs.html" target="_blank">��С˵</a></li>
		<li><i class="fa fa-book" aria-hidden="true"></i> <a href="/readbook.html" target="_blank">�ҵ����</a></li>
        </ol>
    </div>
    <div class="clear"></div>
	      <div class="search row">
        <div class="col-sm-4 col-xs-12">
          <form id="search-form" action="/plus/search.php">
            <div class="input-group">
              <input type="text" class="form-control" placeholder="����������" id="bdcsMain" name="q" />
              <div class="input-group-addon" onclick="search();"><span class="fa fa-search"></span></div>
            </div>
          </form>
        </div>
		<div class="col-sm-2 hidden-xs">
          
        </div>
        <div class="col-sm-6 hidden-xs">
         
        </div>
      </div>
</div>

<div class="container">
  <script>play("announce")</script>
  <div class="col-left">
    <!-- Book Info Begin -->
	<div class="book-info">  
	  <div class="panel panel-info">
		<div class="panel-body">
		  <div class="media">
			<div class="media-left"> <a href="/book/p25576/" target="_blank"> <img class="book-img-middel" src="/uploads/cover/25576s.jpg" alt="˭�������ɵģ�" title="˭�������ɵģ�"/> </a>
            </div>
			<div class="media-body">
			  <h1 class="book-name"><a href="/book/p25576/" title="˭�������ɵģ�">˭�������ɵģ�</a></h1>
			  <div class="clear"></div>
			  <div class="row">
                <div class="col-md-8 col-sm-6 dark"> ���ߣ�<a href="/author/��׵���ѻ.html" target="_blank">��׵���ѻ</a> </div>
                <div class="col-md-4 col-sm-6 dark">״̬�����</div>
				<div class="col-md-8 col-sm-6 dark">������£�<a href="/book/p25576/7040958.html">������</a> </div>
				<div class="col-md-4 col-sm-6 dark hidden-sm hidden-xs">08:28:55</div>

              </div>
			  <div class="reader-bar hidden-xs hidden-sm">
				<div class="row">
				  <a href="/book/p25576/7039593.html">
				  <div class="col-xs-5 btn btn-info">��ʼ�Ķ�</div>
				  </a>

				  <div class="col-xs-1"></div>
				  <a href="/txt/25576.html" target="_blank">
				  <div class="col-xs-5 btn btn-info">����������</div>	
				  </a>
				</div>
			  </div>
			</div>
			<div class="reader-bar visible-sm visible-xs">			
				<div class="row t10">
				  <a href="/book/p25576/7039593.html">
				  <div class="col-xs-5 btn btn-info">��ʼ�Ķ�</div>
				  </a>

				  <div class="col-xs-1"></div>
				  <a href="/txt/25576.html" target="_blank">
				  <div class="col-xs-5 btn btn-info">����������</div>	
				  </a>
				</div>
			</div>
		  </div>
		  <div class="row t10" onclick="showBookDetail()">
			  <div class="col-sm-11 col-xs-10">
				  <div class="book-detail">
					 �ҷ���ǿ�������ɽ�ķ�������������ģ������Ҵ���ģ���˵ʷ����ʤ������д�ģ���Ϊʲô�һ�ʤ�˻��������������ң� ½�������Լ��߲ɷ����˵������ʾ�ǳ���ŭ�� �ڶ��졣 �ҷ���ǿ�������ɽ�ķ������Ҵ���ġ� ½�������Լ��ߵĲɷ�ʱ���˵������ʾ�ǳ���ŭ�� �������ձ���Ϊ�������� 
				  </div>
			  </div>
			  <div class="col-sm-1 col-xs-2"><span id="up-down" class="fa fa-angle-down"></span>
			  </div>
		  </div>
		</div>
	  </div>     
	</div>
	<!-- Book Info End -->
	<div class="clear"></div>
	<div class="chapter-history"></div>
    <!-- Chapter Begin -->
    <div class="chapter">
	  <div class="panel panel-info">
        <div class="panel-heading">
          <h3 class="panel-title"><strong>˭�������ɵģ������½�</strong></h3>
        </div>
        <div class="panel-body">
          <div class="row">
			<div class="col-md-6 item"> <a href="/book/p25576/7040958.html" title="������" target="_blank">������</a> </div>
<div class="col-md-6 item"> <a href="/book/p25576/7040957.html" title="�����" target="_blank">�����</a> </div>
<div class="col-md-6 item"> <a href="/book/p25576/7040956.html" title="����һ" target="_blank">����һ</a> </div>
<div class="col-md-6 item"> <a href="/book/p25576/7040955.html" title="������" target="_blank">������</a> </div>
<div class="col-md-6 item"> <a href="/book/p25576/7040954.html" title="��1362�� ����" target="_blank">��1362�� ����</a> </div>
<div class="col-md-6 item"> <a href="/book/p25576/7040953.html" title="��1361�� δ����ǿ" target="_blank">��1361�� δ����ǿ</a> </div>
<div class="col-md-6 item"> <a href="/book/p25576/7040952.html" title="��1360�� ȫ֪" target="_blank">��1360�� ȫ֪</a> </div>
<div class="col-md-6 item"> <a href="/book/p25576/7040951.html" title="��1359�� �����Ե�½���츳" target="_blank">��1359�� �����Ե�½���츳</a> </div>
<div class="col-md-6 item"> <a href="/book/p25576/7040950.html" title="��1358�� ����ʱ�����Ϸ�����ʲô����" target="_blank">��1358�� ����ʱ�����Ϸ�����ʲô����</a> </div>
<div class="col-md-6 item"> <a href="/book/p25576/7040949.html" title="��1357�� ʱ���߸Ķ�" target="_blank">��1357�� ʱ���߸Ķ�</a> </div>
<div class="col-md-6 item"> <a href="/book/p25576/7040948.html" title="��1356�� ʧ��" target="_blank">��1356�� ʧ��</a> </div>
<div class="col-md-6 item"> <a href="/book/p25576/7040947.html" title="��1355�� ����������˵���ˣ�" target="_blank">��1355�� ����������˵���ˣ�</a> </div>

          </div>
        </div>
		<div class="panel-footer visible-xs visible-sm">
          <h3 class="panel-title text-center" onClick="showAllChapter('#fix-chapter')">ȫ���½�>>>></h3>
        </div>
      </div>
	  <!-- New Chapter End -->
	  <div class="clear" id="fix-chapter"></div>
	  <!-- All Chapter Begin -->
      <div id="all-chapter">
        <div class="panel panel-info">
          <div class="panel-heading">
            <h3 class="panel-title"><strong>˭�������ɵģ��½�Ŀ¼</strong></h3>
          </div>
          <div class="panel-body">
            <div class="row">
			  <div class="col-md-6 item">
				<a href="/book/p25576/7039593.html" title="��1�� �����˳��У���������" target="_blank">��1�� �����˳��У���������</a>
			  </div><div class="col-md-6 item">
				<a href="/book/p25576/7039594.html" title="��2�� �����" target="_blank">��2�� �����</a>
			  </div><div class="col-md-6 item">
				<a href="/book/p25576/7039595.html" title="��3�� һ��������ʵ��" target="_blank">��3�� һ��������ʵ��</a>
			  </div><div class="col-md-6 item">
				<a href="/book/p25576/7039596.html" title="��4�� ��������" target="_blank">��4�� ��������</a>
			  </div><div class="col-md-6 item">
				<a href="/book/p25576/7039597.html" title="��5�� �Ҿ��õ����ؿ�������ǻ�" target="_blank">��5�� �Ҿ��õ����ؿ�������ǻ�</a>
			  </div><div class="col-md-6 item">
				<a href="/book/p25576/7039598.html" title="��6�� ��ʦ����Ҫ�侲��" target="_blank">��6�� ��ʦ����Ҫ�侲��</a>
			  </div><div class="col-md-6 item">
				<a href="/book/p25576/7039599.html" title="��7�� ǫ�õĳ�����" target="_blank">��7�� ǫ�õĳ�����</a>
			  </div><div class="col-md-6 item">
				<a href="/book/p25576/7039600.html" title="��8�� ���顪��������䡷" target="_blank">��8�� ���顪��������䡷</a>
			  </div><div class="col-md-6 item">
				<a href="/book/p25576/7039601.html" title="��9�� �����½" target="_blank">��9�� �����½</a>
			  </div><div class="col-md-6 item">
				<a href="/book/p25576/7039602.html" title="��10�� ����������ζ�������" target="_blank">��10�� ����������ζ�������</a>
			  </div><div class="col-md-6 item">
				<a href="/book/p25576/7039603.html" title="��11�� ��ʦѧ��" target="_blank">��11�� ��ʦѧ��</a>
			  </div><div class="col-md-6 item">
				<a href="/book/p25576/7039604.html" title="��12�� �������ᣬ��������" target="_blank">��12�� �������ᣬ��������</a>
			  </div><div class="col-md-6 item">
				<a href="/book/p25576/7039605.html" title="��13�� ��������" target="_blank">��13�� ��������</a>
			  </div><div class="col-md-6 item">
				<a href="/book/p25576/7039606.html" title="��14�� ��ʦ��˵�Ķ�" target="_blank">��14�� ��ʦ��˵�Ķ�</a>
			  </div><div class="col-md-6 item">
				<a href="/book/p25576/7039607.html" title="��15�� ������" target="_blank">��15�� ������</a>
			  </div><div class="col-md-6 item">
				<a href="/book/p25576/7039608.html" title="��16�� ��֥������" target="_blank">��16�� ��֥������</a>
			  </div><div class="col-md-6 item">
				<a href="/book/p25576/7039609.html" title="��17�� ������˵��½�ؽ���" target="_blank">��17�� ������˵��½�ؽ���</a>
			  </div><div class="col-md-6 item">
				<a href="/book/p25576/7039610.html" title="��18�� ����" target="_blank">��18�� ����</a>
			  </div><div class="col-md-6 item">
				<a href="/book/p25576/7039611.html" title="��19�� ���������" target="_blank">��19�� ���������</a>
			  </div><div class="col-md-6 item">
				<a href="/book/p25576/7039612.html" title="��20�� �м�" target="_blank">��20�� �м�</a>
			  </div><div class="col-md-6 item">
				<a href="/book/p25576/7039613.html" title="��21�� ����" target="_blank">��21�� ����</a>
			  </div><div class="col-md-6 item">
				<a href="/book/p25576/7039614.html" title="��22�� ˭˵û�����Ƥ��Ķ���" target="_blank">��22�� ˭˵û�����Ƥ��Ķ���</a>
			  </div><div class="col-md-6 item">
				<a href="/book/p25576/7039615.html" title="��23�� �м���������" target="_blank">��23�� �м���������</a>
			  </div><div class="col-md-6 item">
				<a href="/book/p25576/7039616.html" title="��24�� ��ֲ�" target="_blank">��24�� ��ֲ�</a>
			  </div><div class="col-md-6 item">
				<a href="/book/p25576/7039617.html" title="��25�� ϡ��ŹֵĶһ���" target="_blank">��25�� ϡ��ŹֵĶһ���</a>
			  </div><div class="col-md-6 item">
				<a href="/book/p25576/7039618.html" title="��26�� �ϼҵ�����" target="_blank">��26�� �ϼҵ�����</a>
			  </div><div class="col-md-6 item">
				<a href="/book/p25576/7039619.html" title="��27�� ����¥�е�ͻ��" target="_blank">��27�� ����¥�е�ͻ��</a>
			  </div><div class="col-md-6 item">
				<a href="/book/p25576/7039620.html" title="��28�� ��˵������������Զ�����" target="_blank">��28�� ��˵������������Զ�����</a>
			  </div><div class="col-md-6 item">
				<a href="/book/p25576/7039621.html" title="��29�� �ϹŴ���֮˵" target="_blank">��29�� �ϹŴ���֮˵</a>
			  </div><div class="col-md-6 item">
				<a href="/book/p25576/7039622.html" title="��30�� ���سɴ�" target="_blank">��30�� ���سɴ�</a>
			  </div><div class="col-md-6 item">
				<a href="/book/p25576/7039623.html" title="��31�� ѧ������" target="_blank">��31�� ѧ������</a>
			  </div><div class="col-md-6 item">
				<a href="/book/p25576/7039624.html" title="��32�� �˲�����" target="_blank">��32�� �˲�����</a>
			  </div><div class="col-md-6 item">
				<a href="/book/p25576/7039625.html" title="��33�� ҩ԰" target="_blank">��33�� ҩ԰</a>
			  </div><div class="col-md-6 item">
				<a href="/book/p25576/7039626.html" title="��34�� Сҩ����" target="_blank">��34�� Сҩ����</a>
			  </div><div class="col-md-6 item">
				<a href="/book/p25576/7039627.html" title="��35�� Ůħͷ" target="_blank">��35�� Ůħͷ</a>
			  </div><div class="col-md-6 item">
				<a href="/book/p25576/7039628.html" title="��36�� ûһ��ʡ�ĵ�" target="_blank">��36�� ûһ��ʡ�ĵ�</a>
			  </div><div class="col-md-6 item">
				<a href="/book/p25576/7039629.html" title="��37�� ҩ����Һ" target="_blank">��37�� ҩ����Һ</a>
			  </div><div class="col-md-6 item">
				<a href="/book/p25576/7039630.html" title="��38�� ��𳡾��൱����" target="_blank">��38�� ��𳡾��൱����</a>
			  </div><div class="col-md-6 item">
				<a href="/book/p25576/7039631.html" title="��39�� ʦ�ܣ����֪�ʵ������������ɣ�" target="_blank">��39�� ʦ�ܣ����֪�ʵ������������ɣ�</a>
			  </div><div class="col-md-6 item">
				<a href="/book/p25576/7039632.html" title="��40�� ʳ��" target="_blank">��40�� ʳ��</a>
			  </div><div class="col-md-6 item">
				<a href="/book/p25576/7039633.html" title="��41�� ����" target="_blank">��41�� ����</a>
			  </div><div class="col-md-6 item">
				<a href="/book/p25576/7039634.html" title="��42�� ��˵����ʵ������ƫ��" target="_blank">��42�� ��˵����ʵ������ƫ��</a>
			  </div><div class="col-md-6 item">
				<a href="/book/p25576/7039635.html" title="��43�� ��ɽ��үү" target="_blank">��43�� ��ɽ��үү</a>
			  </div><div class="col-md-6 item">
				<a href="/book/p25576/7039636.html" title="��44�� ���Ӳ�������" target="_blank">��44�� ���Ӳ�������</a>
			  </div><div class="col-md-6 item">
				<a href="/book/p25576/7039637.html" title="��45�� ����������������" target="_blank">��45�� ����������������</a>
			  </div><div class="col-md-6 item">
				<a href="/book/p25576/7039638.html" title="��46�� ʮţ֮������" target="_blank">��46�� ʮţ֮������</a>
			  </div><div class="col-md-6 item">
				<a href="/book/p25576/7039639.html" title="��47�� ���־�" target="_blank">��47�� ���־�</a>
			  </div><div class="col-md-6 item">
				<a href="/book/p25576/7039640.html" title="��48�� ��Ѩ" target="_blank">��48�� ��Ѩ</a>
			  </div><div class="col-md-6 item">
				<a href="/book/p25576/7039641.html" title="��49�� ħ��" target="_blank">��49�� ħ��</a>
			  </div><div class="col-md-6 item">
				<a href="/book/p25576/7039642.html" title="��50�� ʥ����ô˵���ţ�" target="_blank">��50�� ʥ����ô˵���ţ�</a>
			  </div><div class="col-md-6 item">
				<a href="/book/p25576/7039643.html" title="��51�� ���˵�ʲô" target="_blank">��51�� ���˵�ʲô</a>
			  </div><div class="col-md-6 item">
				<a href="/book/p25576/7039644.html" title="��52�� ��˭�����أ�" target="_blank">��52�� ��˭�����أ�</a>
			  </div><div class="col-md-6 item">
				<a href="/book/p25576/7039645.html" title="��53�� ħ������" target="_blank">��53�� ħ������</a>
			  </div><div class="col-md-6 item">
				<a href="/book/p25576/7039646.html" title="��54�� �����" target="_blank">��54�� �����</a>
			  </div><div class="col-md-6 item">
				<a href="/book/p25576/7039647.html" title="��55�� ������¡" target="_blank">��55�� ������¡</a>
			  </div><div class="col-md-6 item">
				<a href="/book/p25576/7039648.html" title="��56�� ��С�ܵ�Ҫ�ϸ�ִ���ϴ������" target="_blank">��56�� ��С�ܵ�Ҫ�ϸ�ִ���ϴ������</a>
			  </div><div class="col-md-6 item">
				<a href="/book/p25576/7039649.html" title="��57�� �ջ�" target="_blank">��57�� �ջ�</a>
			  </div><div class="col-md-6 item">
				<a href="/book/p25576/7039650.html" title="��58�� ����ȭ������ô���" target="_blank">��58�� ����ȭ������ô���</a>
			  </div><div class="col-md-6 item">
				<a href="/book/p25576/7039651.html" title="��59�� ½������ȭ" target="_blank">��59�� ½������ȭ</a>
			  </div><div class="col-md-6 item">
				<a href="/book/p25576/7039652.html" title="��60�� ������С͵" target="_blank">��60�� ������С͵</a>
			  </div><div class="col-md-6 item">
				<a href="/book/p25576/7039653.html" title="��61�� ��ô������ҵ���ɲ����" target="_blank">��61�� ��ô������ҵ���ɲ����</a>
			  </div><div class="col-md-6 item">
				<a href="/book/p25576/7039654.html" title="��62�� �ݵ��λ��" target="_blank">��62�� �ݵ��λ��</a>
			  </div><div class="col-md-6 item">
				<a href="/book/p25576/7039655.html" title="��63�� С�ģ��Է��ܹ���" target="_blank">��63�� С�ģ��Է��ܹ���</a>
			  </div><div class="col-md-6 item">
				<a href="/book/p25576/7039656.html" title="��64�� Ӱ��" target="_blank">��64�� Ӱ��</a>
			  </div><div class="col-md-6 item">
				<a href="/book/p25576/7039657.html" title="��65�� ����" target="_blank">��65�� ����</a>
			  </div><div class="col-md-6 item">
				<a href="/book/p25576/7039658.html" title="��66�� ���Ӳ����Ĳ��������ħ��" target="_blank">��66�� ���Ӳ����Ĳ��������ħ��</a>
			  </div><div class="col-md-6 item">
				<a href="/book/p25576/7039659.html" title="��67�� ���Ƕ���Ϊ��ħ������" target="_blank">��67�� ���Ƕ���Ϊ��ħ������</a>
			  </div><div class="col-md-6 item">
				<a href="/book/p25576/7039660.html" title="��68�� ��ȷ��ͨ�ط�ʽ" target="_blank">��68�� ��ȷ��ͨ�ط�ʽ</a>
			  </div><div class="col-md-6 item">
				<a href="/book/p25576/7039661.html" title="��69�� �����ͨ�ط�ʽ" target="_blank">��69�� �����ͨ�ط�ʽ</a>
			  </div><div class="col-md-6 item">
				<a href="/book/p25576/7039662.html" title="��70�� �ڶ�������" target="_blank">��70�� �ڶ�������</a>
			  </div><div class="col-md-6 item">
				<a href="/book/p25576/7039663.html" title="��71�� ����ʵ��" target="_blank">��71�� ����ʵ��</a>
			  </div><div class="col-md-6 item">
				<a href="/book/p25576/7039664.html" title="��72�� ħ������" target="_blank">��72�� ħ������</a>
			  </div><div class="col-md-6 item">
				<a href="/book/p25576/7039665.html" title="��73�� �����Ե�" target="_blank">��73�� �����Ե�</a>
			  </div><div class="col-md-6 item">
				<a href="/book/p25576/7039666.html" title="��74�� ����ȭ���ռ���ʽ" target="_blank">��74�� ����ȭ���ռ���ʽ</a>
			  </div><div class="col-md-6 item">
				<a href="/book/p25576/7039667.html" title="��75�� ������" target="_blank">��75�� ������</a>
			  </div><div class="col-md-6 item">
				<a href="/book/p25576/7039668.html" title="��76�� ����" target="_blank">��76�� ����</a>
			  </div><div class="col-md-6 item">
				<a href="/book/p25576/7039669.html" title="��77�� �����أ�������" target="_blank">��77�� �����أ�������</a>
			  </div><div class="col-md-6 item">
				<a href="/book/p25576/7039670.html" title="��78�� ��ħһ����" target="_blank">��78�� ��ħһ����</a>
			  </div><div class="col-md-6 item">
				<a href="/book/p25576/7039671.html" title="��79�� ��������" target="_blank">��79�� ��������</a>
			  </div><div class="col-md-6 item">
				<a href="/book/p25576/7039672.html" title="��80�� �ǳ����½" target="_blank">��80�� �ǳ����½</a>
			  </div><div class="col-md-6 item">
				<a href="/book/p25576/7039673.html" title="��81�� ʯ�Ӱ���" target="_blank">��81�� ʯ�Ӱ���</a>
			  </div><div class="col-md-6 item">
				<a href="/book/p25576/7039674.html" title="��82�� ��ʵ�㱨" target="_blank">��82�� ��ʵ�㱨</a>
			  </div><div class="col-md-6 item">
				<a href="/book/p25576/7039675.html" title="��83�� ��ͤ����������" target="_blank">��83�� ��ͤ����������</a>
			  </div><div class="col-md-6 item">
				<a href="/book/p25576/7039676.html" title="��84�� ǰ�Ŵ�ֶ�����" target="_blank">��84�� ǰ�Ŵ�ֶ�����</a>
			  </div><div class="col-md-6 item">
				<a href="/book/p25576/7039677.html" title="��85�� ����Ԫ��" target="_blank">��85�� ����Ԫ��</a>
			  </div><div class="col-md-6 item">
				<a href="/book/p25576/7039678.html" title="��86�� ���ڹٸ��е��Ե�" target="_blank">��86�� ���ڹٸ��е��Ե�</a>
			  </div><div class="col-md-6 item">
				<a href="/book/p25576/7039679.html" title="��87�� ѧϰ�����" target="_blank">��87�� ѧϰ�����</a>
			  </div><div class="col-md-6 item">
				<a href="/book/p25576/7039680.html" title="��88�� ��ͤ�ĳɳ�" target="_blank">��88�� ��ͤ�ĳɳ�</a>
			  </div><div class="col-md-6 item">
				<a href="/book/p25576/7039681.html" title="��89�� ������ħ����ʿ���տ���Է�" target="_blank">��89�� ������ħ����ʿ���տ���Է�</a>
			  </div><div class="col-md-6 item">
				<a href="/book/p25576/7039682.html" title="��90�� Ѷ�ʱ�¼" target="_blank">��90�� Ѷ�ʱ�¼</a>
			  </div><div class="col-md-6 item">
				<a href="/book/p25576/7039683.html" title="��91�� ̫��Ϩ���Ժ��������" target="_blank">��91�� ̫��Ϩ���Ժ��������</a>
			  </div><div class="col-md-6 item">
				<a href="/book/p25576/7039684.html" title="��92�� �����߷���" target="_blank">��92�� �����߷���</a>
			  </div><div class="col-md-6 item">
				<a href="/book/p25576/7039685.html" title="��93�� ����" target="_blank">��93�� ����</a>
			  </div><div class="col-md-6 item">
				<a href="/book/p25576/7039686.html" title="��94�� �ѵ��Ȿ����Ǵ�˵���Ǳ������š���" target="_blank">��94�� �ѵ��Ȿ����Ǵ�˵���Ǳ������š���</a>
			  </div><div class="col-md-6 item">
				<a href="/book/p25576/7039687.html" title="��95�� �������ô�����������Եף�" target="_blank">��95�� �������ô�����������Եף�</a>
			  </div><div class="col-md-6 item">
				<a href="/book/p25576/7039688.html" title="��96�� ����" target="_blank">��96�� ����</a>
			  </div><div class="col-md-6 item">
				<a href="/book/p25576/7039689.html" title="��97�� ������ʲô���ţ�" target="_blank">��97�� ������ʲô���ţ�</a>
			  </div><div class="col-md-6 item">
				<a href="/book/p25576/7039690.html" title="��98�� ���׷���" target="_blank">��98�� ���׷���</a>
			  </div><div class="col-md-6 item">
				<a href="/book/p25576/7039691.html" title="��99�� �̻�������������" target="_blank">��99�� �̻�������������</a>
			  </div><div class="col-md-6 item">
				<a href="/book/p25576/7039692.html" title="��100�� ����Ǿ�ϲ��" target="_blank">��100�� ����Ǿ�ϲ��</a>
			  </div><div class="col-md-6 item">
				<a href="/book/p25576/7039693.html" title="��101�� Ϲ���ſھ���" target="_blank">��101�� Ϲ���ſھ���</a>
			  </div><div class="col-md-6 item">
				<a href="/book/p25576/7039694.html" title="��102�� ���ǵ�������Ǳ���ʵ���" target="_blank">��102�� ���ǵ�������Ǳ���ʵ���</a>
			  </div><div class="col-md-6 item">
				<a href="/book/p25576/7039695.html" title="��103�� ����ж������ˡ���" target="_blank">��103�� ����ж������ˡ���</a>
			  </div><div class="col-md-6 item">
				<a href="/book/p25576/7039696.html" title="��104�� ����Ҫ����ʦ��" target="_blank">��104�� ����Ҫ����ʦ��</a>
			  </div><div class="col-md-6 item">
				<a href="/book/p25576/7039697.html" title="��105�� ��ù�Ĳ�������" target="_blank">��105�� ��ù�Ĳ�������</a>
			  </div><div class="col-md-6 item">
				<a href="/book/p25576/7039698.html" title="��106�� ��������" target="_blank">��106�� ��������</a>
			  </div><div class="col-md-6 item">
				<a href="/book/p25576/7039699.html" title="��107�� ����ʹ�õ�����" target="_blank">��107�� ����ʹ�õ�����</a>
			  </div><div class="col-md-6 item">
				<a href="/book/p25576/7039700.html" title="��108�� ���´˷���Ϊʦ���ܳ�����" target="_blank">��108�� ���´˷���Ϊʦ���ܳ�����</a>
			  </div><div class="col-md-6 item">
				<a href="/book/p25576/7039701.html" title="��109�� ������˵�����" target="_blank">��109�� ������˵�����</a>
			  </div><div class="col-md-6 item">
				<a href="/book/p25576/7039702.html" title="��110�� ���Է���" target="_blank">��110�� ���Է���</a>
			  </div><div class="col-md-6 item">
				<a href="/book/p25576/7039703.html" title="��111�� ���������뱻�ų�����" target="_blank">��111�� ���������뱻�ų�����</a>
			  </div><div class="col-md-6 item">
				<a href="/book/p25576/7039704.html" title="��112�� ������˱������ԭ��" target="_blank">��112�� ������˱������ԭ��</a>
			  </div><div class="col-md-6 item">
				<a href="/book/p25576/7039705.html" title="��113�� ½������" target="_blank">��113�� ½������</a>
			  </div><div class="col-md-6 item">
				<a href="/book/p25576/7039706.html" title="��114�� ��ʦ�㣬��ѧ������" target="_blank">��114�� ��ʦ�㣬��ѧ������</a>
			  </div><div class="col-md-6 item">
				<a href="/book/p25576/7039707.html" title="��115�� �����տ�������" target="_blank">��115�� �����տ�������</a>
			  </div><div class="col-md-6 item">
				<a href="/book/p25576/7039708.html" title="��116�� ����ͬ��" target="_blank">��116�� ����ͬ��</a>
			  </div><div class="col-md-6 item">
				<a href="/book/p25576/7039709.html" title="��117�� ������ħ" target="_blank">��117�� ������ħ</a>
			  </div><div class="col-md-6 item">
				<a href="/book/p25576/7039710.html" title="��118�� ������������" target="_blank">��118�� ������������</a>
			  </div><div class="col-md-6 item">
				<a href="/book/p25576/7039711.html" title="��119�� �����ʶ��ʶ���˵�������" target="_blank">��119�� �����ʶ��ʶ���˵�������</a>
			  </div><div class="col-md-6 item">
				<a href="/book/p25576/7039712.html" title="��120�� �Ϲ�����" target="_blank">��120�� �Ϲ�����</a>
			  </div><div class="col-md-6 item">
				<a href="/book/p25576/7039713.html" title="��121�� ��Ĺ" target="_blank">��121�� ��Ĺ</a>
			  </div><div class="col-md-6 item">
				<a href="/book/p25576/7039714.html" title="��122�� �����෨��" target="_blank">��122�� �����෨��</a>
			  </div><div class="col-md-6 item">
				<a href="/book/p25576/7039715.html" title="��123�� ĹѨ����" target="_blank">��123�� ĹѨ����</a>
			  </div><div class="col-md-6 item">
				<a href="/book/p25576/7039716.html" title="��124�� ����" target="_blank">��124�� ����</a>
			  </div><div class="col-md-6 item">
				<a href="/book/p25576/7039717.html" title="��125�� �ʵ��ھ������һ��" target="_blank">��125�� �ʵ��ھ������һ��</a>
			  </div><div class="col-md-6 item">
				<a href="/book/p25576/7039718.html" title="��126�� ��潣��С��Ʒ" target="_blank">��126�� ��潣��С��Ʒ</a>
			  </div><div class="col-md-6 item">
				<a href="/book/p25576/7039719.html" title="��127�� ��������" target="_blank">��127�� ��������</a>
			  </div><div class="col-md-6 item">
				<a href="/book/p25576/7039720.html" title="��128�� ������ŵ����ܻ���" target="_blank">��128�� ������ŵ����ܻ���</a>
			  </div><div class="col-md-6 item">
				<a href="/book/p25576/7039721.html" title="��129�� �����������" target="_blank">��129�� �����������</a>
			  </div><div class="col-md-6 item">
				<a href="/book/p25576/7039722.html" title="��130�� ������" target="_blank">��130�� ������</a>
			  </div><div class="col-md-6 item">
				<a href="/book/p25576/7039723.html" title="��131�� Σ�յ�һҹ" target="_blank">��131�� Σ�յ�һҹ</a>
			  </div><div class="col-md-6 item">
				<a href="/book/p25576/7039724.html" title="��132�� Σ���ķ�" target="_blank">��132�� Σ���ķ�</a>
			  </div><div class="col-md-6 item">
				<a href="/book/p25576/7039725.html" title="��133�� ʬ������������" target="_blank">��133�� ʬ������������</a>
			  </div><div class="col-md-6 item">
				<a href="/book/p25576/7039726.html" title="��134�� ������ת" target="_blank">��134�� ������ת</a>
			  </div><div class="col-md-6 item">
				<a href="/book/p25576/7039727.html" title="��135�� ҩ��" target="_blank">��135�� ҩ��</a>
			  </div><div class="col-md-6 item">
				<a href="/book/p25576/7039728.html" title="��136�� û�취ͨ�أ�" target="_blank">��136�� û�취ͨ�أ�</a>
			  </div><div class="col-md-6 item">
				<a href="/book/p25576/7039729.html" title="��137�� ����Ū��������" target="_blank">��137�� ����Ū��������</a>
			  </div><div class="col-md-6 item">
				<a href="/book/p25576/7039730.html" title="��138�� �������" target="_blank">��138�� �������</a>
			  </div><div class="col-md-6 item">
				<a href="/book/p25576/7039731.html" title="��139�� ˭�������ˣ�" target="_blank">��139�� ˭�������ˣ�</a>
			  </div><div class="col-md-6 item">
				<a href="/book/p25576/7039732.html" title="��140�� ���һƶ�����ǰ̸���᣿" target="_blank">��140�� ���һƶ�����ǰ̸���᣿</a>
			  </div><div class="col-md-6 item">
				<a href="/book/p25576/7039733.html" title="��141�� ����֮��" target="_blank">��141�� ����֮��</a>
			  </div><div class="col-md-6 item">
				<a href="/book/p25576/7039734.html" title="��142�� �ɹ��뿪������" target="_blank">��142�� �ɹ��뿪������</a>
			  </div><div class="col-md-6 item">
				<a href="/book/p25576/7039735.html" title="��143�� �����ڻ���׶ε�½��" target="_blank">��143�� �����ڻ���׶ε�½��</a>
			  </div><div class="col-md-6 item">
				<a href="/book/p25576/7039736.html" title="��144�� ԭ�����ڵ�ʱ�����Ǻܾн���" target="_blank">��144�� ԭ�����ڵ�ʱ�����Ǻܾн���</a>
			  </div><div class="col-md-6 item">
				<a href="/book/p25576/7039737.html" title="��145�� ���������ǿ��" target="_blank">��145�� ���������ǿ��</a>
			  </div><div class="col-md-6 item">
				<a href="/book/p25576/7039738.html" title="��146�� ����֮��" target="_blank">��146�� ����֮��</a>
			  </div><div class="col-md-6 item">
				<a href="/book/p25576/7039739.html" title="��147�� �Ϲ�����" target="_blank">��147�� �Ϲ�����</a>
			  </div><div class="col-md-6 item">
				<a href="/book/p25576/7039740.html" title="��148�� ��������" target="_blank">��148�� ��������</a>
			  </div><div class="col-md-6 item">
				<a href="/book/p25576/7039741.html" title="��149�� �Ŵ��ɽ���" target="_blank">��149�� �Ŵ��ɽ���</a>
			  </div><div class="col-md-6 item">
				<a href="/book/p25576/7039742.html" title="��150�� Ӧ����������" target="_blank">��150�� Ӧ����������</a>
			  </div><div class="col-md-6 item">
				<a href="/book/p25576/7039743.html" title="��151�� ������" target="_blank">��151�� ������</a>
			  </div><div class="col-md-6 item">
				<a href="/book/p25576/7039744.html" title="��152�� ����������" target="_blank">��152�� ����������</a>
			  </div><div class="col-md-6 item">
				<a href="/book/p25576/7039745.html" title="��153�� ֲ����" target="_blank">��153�� ֲ����</a>
			  </div><div class="col-md-6 item">
				<a href="/book/p25576/7039746.html" title="��154�� �ƶ�������" target="_blank">��154�� �ƶ�������</a>
			  </div><div class="col-md-6 item">
				<a href="/book/p25576/7039747.html" title="��155�� �ⲻ������" target="_blank">��155�� �ⲻ������</a>
			  </div><div class="col-md-6 item">
				<a href="/book/p25576/7039748.html" title="��156�� ����������" target="_blank">��156�� ����������</a>
			  </div><div class="col-md-6 item">
				<a href="/book/p25576/7039749.html" title="��157�� �ϴ�����������ô��ģ�" target="_blank">��157�� �ϴ�����������ô��ģ�</a>
			  </div><div class="col-md-6 item">
				<a href="/book/p25576/7039750.html" title="��158�� �������ӵĽ���ָ" target="_blank">��158�� �������ӵĽ���ָ</a>
			  </div><div class="col-md-6 item">
				<a href="/book/p25576/7039751.html" title="��159�� �����ҵ�������������" target="_blank">��159�� �����ҵ�������������</a>
			  </div><div class="col-md-6 item">
				<a href="/book/p25576/7039752.html" title="��160�� �������ӵ��Գ�����" target="_blank">��160�� �������ӵ��Գ�����</a>
			  </div><div class="col-md-6 item">
				<a href="/book/p25576/7039753.html" title="��161�� ����������" target="_blank">��161�� ����������</a>
			  </div><div class="col-md-6 item">
				<a href="/book/p25576/7039754.html" title="��162�� Ӧ������" target="_blank">��162�� Ӧ������</a>
			  </div><div class="col-md-6 item">
				<a href="/book/p25576/7039755.html" title="��163�� �����ʵ�������̫����" target="_blank">��163�� �����ʵ�������̫����</a>
			  </div><div class="col-md-6 item">
				<a href="/book/p25576/7039756.html" title="��164�� �������ʵ���������ĵ��ӳ�����" target="_blank">��164�� �������ʵ���������ĵ��ӳ�����</a>
			  </div><div class="col-md-6 item">
				<a href="/book/p25576/7039757.html" title="��165�� �������ӵĿ���" target="_blank">��165�� �������ӵĿ���</a>
			  </div><div class="col-md-6 item">
				<a href="/book/p25576/7039758.html" title="��166�� ������˵" target="_blank">��166�� ������˵</a>
			  </div><div class="col-md-6 item">
				<a href="/book/p25576/7039759.html" title="��167�� ���޶�����" target="_blank">��167�� ���޶�����</a>
			  </div><div class="col-md-6 item">
				<a href="/book/p25576/7039760.html" title="��168�� ½���ս" target="_blank">��168�� ½���ս</a>
			  </div><div class="col-md-6 item">
				<a href="/book/p25576/7039761.html" title="��169�� ���з�����ƴ" target="_blank">��169�� ���з�����ƴ</a>
			  </div><div class="col-md-6 item">
				<a href="/book/p25576/7039762.html" title="��170�� ��ˮ��" target="_blank">��170�� ��ˮ��</a>
			  </div><div class="col-md-6 item">
				<a href="/book/p25576/7039763.html" title="��171�� �����в������˱���" target="_blank">��171�� �����в������˱���</a>
			  </div><div class="col-md-6 item">
				<a href="/book/p25576/7039764.html" title="��172�� ��ҵ�Ĳ���̸߲�" target="_blank">��172�� ��ҵ�Ĳ���̸߲�</a>
			  </div><div class="col-md-6 item">
				<a href="/book/p25576/7039765.html" title="��173�� �����������ڲ���̸ɻ���Ǯ" target="_blank">��173�� �����������ڲ���̸ɻ���Ǯ</a>
			  </div><div class="col-md-6 item">
				<a href="/book/p25576/7039766.html" title="��174�� ���֣�" target="_blank">��174�� ���֣�</a>
			  </div><div class="col-md-6 item">
				<a href="/book/p25576/7039767.html" title="��175�� ��������" target="_blank">��175�� ��������</a>
			  </div><div class="col-md-6 item">
				<a href="/book/p25576/7039768.html" title="��176�� �Ϲ���" target="_blank">��176�� �Ϲ���</a>
			  </div><div class="col-md-6 item">
				<a href="/book/p25576/7039769.html" title="��177�� ������" target="_blank">��177�� ������</a>
			  </div><div class="col-md-6 item">
				<a href="/book/p25576/7039770.html" title="��178�� �������лƶ���" target="_blank">��178�� �������лƶ���</a>
			  </div><div class="col-md-6 item">
				<a href="/book/p25576/7039771.html" title="��179�� �ϹŴ���ͨ���������ɱ�" target="_blank">��179�� �ϹŴ���ͨ���������ɱ�</a>
			  </div><div class="col-md-6 item">
				<a href="/book/p25576/7039772.html" title="��180�� ½ʦ�ܣ��㻹��ʲôδ�˵���Ը��" target="_blank">��180�� ½ʦ�ܣ��㻹��ʲôδ�˵���Ը��</a>
			  </div><div class="col-md-6 item">
				<a href="/book/p25576/7039773.html" title="��181�� ����һ���ˣ�����һ����" target="_blank">��181�� ����һ���ˣ�����һ����</a>
			  </div><div class="col-md-6 item">
				<a href="/book/p25576/7039774.html" title="��182�� Ԥ֪δ��" target="_blank">��182�� Ԥ֪δ��</a>
			  </div><div class="col-md-6 item">
				<a href="/book/p25576/7039775.html" title="��183�� ��ǿ����" target="_blank">��183�� ��ǿ����</a>
			  </div><div class="col-md-6 item">
				<a href="/book/p25576/7039776.html" title="��184�� ��������" target="_blank">��184�� ��������</a>
			  </div><div class="col-md-6 item">
				<a href="/book/p25576/7039777.html" title="��185�� ��ʦ��ļƻ�" target="_blank">��185�� ��ʦ��ļƻ�</a>
			  </div><div class="col-md-6 item">
				<a href="/book/p25576/7039778.html" title="��186�� һ�ж��ڼƻ���" target="_blank">��186�� һ�ж��ڼƻ���</a>
			  </div><div class="col-md-6 item">
				<a href="/book/p25576/7039779.html" title="��187�� ������ȫ�Ľ���" target="_blank">��187�� ������ȫ�Ľ���</a>
			  </div><div class="col-md-6 item">
				<a href="/book/p25576/7039780.html" title="��188�� ��ϰ" target="_blank">��188�� ��ϰ</a>
			  </div><div class="col-md-6 item">
				<a href="/book/p25576/7039781.html" title="��189�� �쵱��������" target="_blank">��189�� �쵱��������</a>
			  </div><div class="col-md-6 item">
				<a href="/book/p25576/7039782.html" title="��190�� ���Ե��" target="_blank">��190�� ���Ե��</a>
			  </div><div class="col-md-6 item">
				<a href="/book/p25576/7039783.html" title="��191�� ħ��" target="_blank">��191�� ħ��</a>
			  </div><div class="col-md-6 item">
				<a href="/book/p25576/7039784.html" title="��192�� ���ϰ˻��ɹ�" target="_blank">��192�� ���ϰ˻��ɹ�</a>
			  </div><div class="col-md-6 item">
				<a href="/book/p25576/7039785.html" title="��193�� ���壡" target="_blank">��193�� ���壡</a>
			  </div><div class="col-md-6 item">
				<a href="/book/p25576/7039786.html" title="��194�� ���ӣ�����ʲô��Ը��" target="_blank">��194�� ���ӣ�����ʲô��Ը��</a>
			  </div><div class="col-md-6 item">
				<a href="/book/p25576/7039787.html" title="��195�� �����������" target="_blank">��195�� �����������</a>
			  </div><div class="col-md-6 item">
				<a href="/book/p25576/7039788.html" title="��196�� ��ľ���ռ�Ϊʲô��ô���ˣ�" target="_blank">��196�� ��ľ���ռ�Ϊʲô��ô���ˣ�</a>
			  </div><div class="col-md-6 item">
				<a href="/book/p25576/7039789.html" title="��197�� ̹�״ӿ�" target="_blank">��197�� ̹�״ӿ�</a>
			  </div><div class="col-md-6 item">
				<a href="/book/p25576/7039790.html" title="��198�� Ļ��֮��" target="_blank">��198�� Ļ��֮��</a>
			  </div><div class="col-md-6 item">
				<a href="/book/p25576/7039791.html" title="��199�� ����˭��Ϊ��" target="_blank">��199�� ����˭��Ϊ��</a>
			  </div><div class="col-md-6 item">
				<a href="/book/p25576/7039792.html" title="��200�� �һ��Ǹ�Ӥ����" target="_blank">��200�� �һ��Ǹ�Ӥ����</a>
			  </div><div class="col-md-6 item">
				<a href="/book/p25576/7039793.html" title="��201�� ��ϰ���������õ�" target="_blank">��201�� ��ϰ���������õ�</a>
			  </div><div class="col-md-6 item">
				<a href="/book/p25576/7039794.html" title="��202�� ��������£�����̸���" target="_blank">��202�� ��������£�����̸���</a>
			  </div><div class="col-md-6 item">
				<a href="/book/p25576/7039795.html" title="��203�� �����������" target="_blank">��203�� �����������</a>
			  </div><div class="col-md-6 item">
				<a href="/book/p25576/7039796.html" title="��204�� ��������" target="_blank">��204�� ��������</a>
			  </div><div class="col-md-6 item">
				<a href="/book/p25576/7039797.html" title="��205�� ����ħ��" target="_blank">��205�� ����ħ��</a>
			  </div><div class="col-md-6 item">
				<a href="/book/p25576/7039798.html" title="��206�� ����Ϊ��" target="_blank">��206�� ����Ϊ��</a>
			  </div><div class="col-md-6 item">
				<a href="/book/p25576/7039799.html" title="��207�� ��ʦ�֣���֪���������������" target="_blank">��207�� ��ʦ�֣���֪���������������</a>
			  </div><div class="col-md-6 item">
				<a href="/book/p25576/7039800.html" title="��208�� ����̵��ɱ�" target="_blank">��208�� ����̵��ɱ�</a>
			  </div><div class="col-md-6 item">
				<a href="/book/p25576/7039801.html" title="��209�� �ʵ��ڵ������ͷ" target="_blank">��209�� �ʵ��ڵ������ͷ</a>
			  </div><div class="col-md-6 item">
				<a href="/book/p25576/7039802.html" title="��210�� ��ǿ��" target="_blank">��210�� ��ǿ��</a>
			  </div><div class="col-md-6 item">
				<a href="/book/p25576/7039803.html" title="��211�� ʦ���ǵĽᵤ֮��" target="_blank">��211�� ʦ���ǵĽᵤ֮��</a>
			  </div><div class="col-md-6 item">
				<a href="/book/p25576/7039804.html" title="��212�� һ��һ����" target="_blank">��212�� һ��һ����</a>
			  </div><div class="col-md-6 item">
				<a href="/book/p25576/7039805.html" title="��213�� �����ӹ�" target="_blank">��213�� �����ӹ�</a>
			  </div><div class="col-md-6 item">
				<a href="/book/p25576/7039806.html" title="��214�� �˻飡" target="_blank">��214�� �˻飡</a>
			  </div><div class="col-md-6 item">
				<a href="/book/p25576/7039807.html" title="��215�� ָ��Ϊ��" target="_blank">��215�� ָ��Ϊ��</a>
			  </div><div class="col-md-6 item">
				<a href="/book/p25576/7039808.html" title="��216�� ���Ȼ�����ڻڻ黹���ü���" target="_blank">��216�� ���Ȼ�����ڻڻ黹���ü���</a>
			  </div><div class="col-md-6 item">
				<a href="/book/p25576/7039809.html" title="��217�� �غ�Ȼ" target="_blank">��217�� �غ�Ȼ</a>
			  </div><div class="col-md-6 item">
				<a href="/book/p25576/7039810.html" title="��218�� ��������" target="_blank">��218�� ��������</a>
			  </div><div class="col-md-6 item">
				<a href="/book/p25576/7039811.html" title="��219�� ����һ��������" target="_blank">��219�� ����һ��������</a>
			  </div><div class="col-md-6 item">
				<a href="/book/p25576/7039812.html" title="��220�� ����������" target="_blank">��220�� ����������</a>
			  </div><div class="col-md-6 item">
				<a href="/book/p25576/7039813.html" title="��221�� ��Ѫʯ" target="_blank">��221�� ��Ѫʯ</a>
			  </div><div class="col-md-6 item">
				<a href="/book/p25576/7039814.html" title="��222�� �Ϲź��ֻƶ���" target="_blank">��222�� �Ϲź��ֻƶ���</a>
			  </div><div class="col-md-6 item">
				<a href="/book/p25576/7039815.html" title="��223�� �Ǽ�����" target="_blank">��223�� �Ǽ�����</a>
			  </div><div class="col-md-6 item">
				<a href="/book/p25576/7039816.html" title="��224�� ��ô����ʯ���ܲ�����" target="_blank">��224�� ��ô����ʯ���ܲ�����</a>
			  </div><div class="col-md-6 item">
				<a href="/book/p25576/7039817.html" title="��225�� ͬ��" target="_blank">��225�� ͬ��</a>
			  </div><div class="col-md-6 item">
				<a href="/book/p25576/7039818.html" title="��226�� ��������Ӱ" target="_blank">��226�� ��������Ӱ</a>
			  </div><div class="col-md-6 item">
				<a href="/book/p25576/7039819.html" title="��227�� �����˳���" target="_blank">��227�� �����˳���</a>
			  </div><div class="col-md-6 item">
				<a href="/book/p25576/7039820.html" title="��228�� �������" target="_blank">��228�� �������</a>
			  </div><div class="col-md-6 item">
				<a href="/book/p25576/7039821.html" title="��229�� ��Ѫʯ������" target="_blank">��229�� ��Ѫʯ������</a>
			  </div><div class="col-md-6 item">
				<a href="/book/p25576/7039822.html" title="��230�� ԡ�������Ĵ�˵" target="_blank">��230�� ԡ�������Ĵ�˵</a>
			  </div><div class="col-md-6 item">
				<a href="/book/p25576/7039823.html" title="��231�� ���Ȼ��ǰ��" target="_blank">��231�� ���Ȼ��ǰ��</a>
			  </div><div class="col-md-6 item">
				<a href="/book/p25576/7039824.html" title="��232�� ��ʦ�֣�����ץס�˾��Ľ̽���" target="_blank">��232�� ��ʦ�֣�����ץס�˾��Ľ̽���</a>
			  </div><div class="col-md-6 item">
				<a href="/book/p25576/7039825.html" title="��233�� ԭ�����" target="_blank">��233�� ԭ�����</a>
			  </div><div class="col-md-6 item">
				<a href="/book/p25576/7039826.html" title="��234�� ���Ȼ��½��Ĳ�ͬ" target="_blank">��234�� ���Ȼ��½��Ĳ�ͬ</a>
			  </div><div class="col-md-6 item">
				<a href="/book/p25576/7039827.html" title="��235�� ��ʦ��Ľᵤ����" target="_blank">��235�� ��ʦ��Ľᵤ����</a>
			  </div><div class="col-md-6 item">
				<a href="/book/p25576/7039828.html" title="��236�� ��ʦ�������" target="_blank">��236�� ��ʦ�������</a>
			  </div><div class="col-md-6 item">
				<a href="/book/p25576/7039829.html" title="��237�� ����" target="_blank">��237�� ����</a>
			  </div><div class="col-md-6 item">
				<a href="/book/p25576/7039830.html" title="��238�� �������Ϲ����������" target="_blank">��238�� �������Ϲ����������</a>
			  </div><div class="col-md-6 item">
				<a href="/book/p25576/7039831.html" title="��239�� װʲô�أ�" target="_blank">��239�� װʲô�أ�</a>
			  </div><div class="col-md-6 item">
				<a href="/book/p25576/7039832.html" title="��240�� ��ٱ����棬�õ�����" target="_blank">��240�� ��ٱ����棬�õ�����</a>
			  </div><div class="col-md-6 item">
				<a href="/book/p25576/7039833.html" title="��241�� �޺�ȭ" target="_blank">��241�� �޺�ȭ</a>
			  </div><div class="col-md-6 item">
				<a href="/book/p25576/7039834.html" title="��242�� ½�����Ҫ��ȥ��" target="_blank">��242�� ½�����Ҫ��ȥ��</a>
			  </div><div class="col-md-6 item">
				<a href="/book/p25576/7039835.html" title="��243�� ��������������" target="_blank">��243�� ��������������</a>
			  </div><div class="col-md-6 item">
				<a href="/book/p25576/7039836.html" title="��244�� �ⷹ�ж�����" target="_blank">��244�� �ⷹ�ж�����</a>
			  </div><div class="col-md-6 item">
				<a href="/book/p25576/7039837.html" title="��245�� һȭ" target="_blank">��245�� һȭ</a>
			  </div><div class="col-md-6 item">
				<a href="/book/p25576/7039838.html" title="��246�� ˫����" target="_blank">��246�� ˫����</a>
			  </div><div class="col-md-6 item">
				<a href="/book/p25576/7039839.html" title="��247�� ��˵���Ǹ�������������" target="_blank">��247�� ��˵���Ǹ�������������</a>
			  </div><div class="col-md-6 item">
				<a href="/book/p25576/7039840.html" title="��248�� ��������˵���Ϲ����Űɣ��ҵ����Լ���������" target="_blank">��248�� ��������˵���Ϲ����Űɣ��ҵ����Լ���������</a>
			  </div><div class="col-md-6 item">
				<a href="/book/p25576/7039841.html" title="��249�� ˫��������" target="_blank">��249�� ˫��������</a>
			  </div><div class="col-md-6 item">
				<a href="/book/p25576/7039842.html" title="��250�� ���µĻƶ���" target="_blank">��250�� ���µĻƶ���</a>
			  </div><div class="col-md-6 item">
				<a href="/book/p25576/7039843.html" title="��251�� �޺�ȭ" target="_blank">��251�� �޺�ȭ</a>
			  </div><div class="col-md-6 item">
				<a href="/book/p25576/7039844.html" title="��252�� ��˵�㲻�Ǻ���" target="_blank">��252�� ��˵�㲻�Ǻ���</a>
			  </div><div class="col-md-6 item">
				<a href="/book/p25576/7039845.html" title="��253�� ���žۻ�" target="_blank">��253�� ���žۻ�</a>
			  </div><div class="col-md-6 item">
				<a href="/book/p25576/7039846.html" title="��254�� ����ս������©��" target="_blank">��254�� ����ս������©��</a>
			  </div><div class="col-md-6 item">
				<a href="/book/p25576/7039847.html" title="��255�� ���׵���زҶ" target="_blank">��255�� ���׵���زҶ</a>
			  </div><div class="col-md-6 item">
				<a href="/book/p25576/7039848.html" title="��256�� ��ĸ����˫����" target="_blank">��256�� ��ĸ����˫����</a>
			  </div><div class="col-md-6 item">
				<a href="/book/p25576/7039849.html" title="��257�� �����ؼٷ���" target="_blank">��257�� �����ؼٷ���</a>
			  </div><div class="col-md-6 item">
				<a href="/book/p25576/7039850.html" title="��258�� ���صĺ�ɫ���" target="_blank">��258�� ���صĺ�ɫ���</a>
			  </div><div class="col-md-6 item">
				<a href="/book/p25576/7039851.html" title="��259�� �����Ϲ�����Ѫ��" target="_blank">��259�� �����Ϲ�����Ѫ��</a>
			  </div><div class="col-md-6 item">
				<a href="/book/p25576/7039852.html" title="��260�� Ѫ�����" target="_blank">��260�� Ѫ�����</a>
			  </div><div class="col-md-6 item">
				<a href="/book/p25576/7039853.html" title="��261�� ½������ȭ֮�ƶ���ȭ" target="_blank">��261�� ½������ȭ֮�ƶ���ȭ</a>
			  </div><div class="col-md-6 item">
				<a href="/book/p25576/7039854.html" title="��262�� �ƶ���ȭ�ĸ�����" target="_blank">��262�� �ƶ���ȭ�ĸ�����</a>
			  </div><div class="col-md-6 item">
				<a href="/book/p25576/7039855.html" title="��263�� �ϹŴ��У���������" target="_blank">��263�� �ϹŴ��У���������</a>
			  </div><div class="col-md-6 item">
				<a href="/book/p25576/7039856.html" title="��264�� �����Ժ���װ����" target="_blank">��264�� �����Ժ���װ����</a>
			  </div><div class="col-md-6 item">
				<a href="/book/p25576/7039857.html" title="��265�� ������" target="_blank">��265�� ������</a>
			  </div><div class="col-md-6 item">
				<a href="/book/p25576/7039858.html" title="��266�� �����" target="_blank">��266�� �����</a>
			  </div><div class="col-md-6 item">
				<a href="/book/p25576/7039859.html" title="��267�� ˵������һ�ٶ�������ʣ�µĶ���" target="_blank">��267�� ˵������һ�ٶ�������ʣ�µĶ���</a>
			  </div><div class="col-md-6 item">
				<a href="/book/p25576/7039860.html" title="��268�� ����Ԥı" target="_blank">��268�� ����Ԥı</a>
			  </div><div class="col-md-6 item">
				<a href="/book/p25576/7039861.html" title="��269�� ���۸��Ҳ���һ�������ң�" target="_blank">��269�� ���۸��Ҳ���һ�������ң�</a>
			  </div><div class="col-md-6 item">
				<a href="/book/p25576/7039862.html" title="��270�� ½��ı仯" target="_blank">��270�� ½��ı仯</a>
			  </div><div class="col-md-6 item">
				<a href="/book/p25576/7039863.html" title="��271�� �ᵤ" target="_blank">��271�� �ᵤ</a>
			  </div><div class="col-md-6 item">
				<a href="/book/p25576/7039864.html" title="��272�� ���ɶ�˵������ս��������" target="_blank">��272�� ���ɶ�˵������ս��������</a>
			  </div><div class="col-md-6 item">
				<a href="/book/p25576/7039865.html" title="��273�� ��ʰβ��" target="_blank">��273�� ��ʰβ��</a>
			  </div><div class="col-md-6 item">
				<a href="/book/p25576/7039866.html" title="��274�� Ʈ��" target="_blank">��274�� Ʈ��</a>
			  </div><div class="col-md-6 item">
				<a href="/book/p25576/7039867.html" title="��275�� �޵е�������" target="_blank">��275�� �޵е�������</a>
			  </div><div class="col-md-6 item">
				<a href="/book/p25576/7039868.html" title="��276�� �޵���" target="_blank">��276�� �޵���</a>
			  </div><div class="col-md-6 item">
				<a href="/book/p25576/7039869.html" title="��277�� ����½��" target="_blank">��277�� ����½��</a>
			  </div><div class="col-md-6 item">
				<a href="/book/p25576/7039870.html" title="��278�� ��������" target="_blank">��278�� ��������</a>
			  </div><div class="col-md-6 item">
				<a href="/book/p25576/7039871.html" title="��279�� �߸���ʷ�Ĳ²�" target="_blank">��279�� �߸���ʷ�Ĳ²�</a>
			  </div><div class="col-md-6 item">
				<a href="/book/p25576/7039872.html" title="��280�� ���벻������" target="_blank">��280�� ���벻������</a>
			  </div><div class="col-md-6 item">
				<a href="/book/p25576/7039873.html" title="��281�� ���ӵĳ���" target="_blank">��281�� ���ӵĳ���</a>
			  </div><div class="col-md-6 item">
				<a href="/book/p25576/7039874.html" title="��282�� �Ϲ����ɳɵ�ǰ�����һս" target="_blank">��282�� �Ϲ����ɳɵ�ǰ�����һս</a>
			  </div><div class="col-md-6 item">
				<a href="/book/p25576/7039875.html" title="��283�� �����ջ�" target="_blank">��283�� �����ջ�</a>
			  </div><div class="col-md-6 item">
				<a href="/book/p25576/7039876.html" title="��284�� ����������η��Ĳ���֮Ե" target="_blank">��284�� ����������η��Ĳ���֮Ե</a>
			  </div><div class="col-md-6 item">
				<a href="/book/p25576/7039877.html" title="��285�� ��ͬ���д������������̣�" target="_blank">��285�� ��ͬ���д������������̣�</a>
			  </div><div class="col-md-6 item">
				<a href="/book/p25576/7039878.html" title="��286�� �̲�����ý�����ҲҪ��" target="_blank">��286�� �̲�����ý�����ҲҪ��</a>
			  </div><div class="col-md-6 item">
				<a href="/book/p25576/7039879.html" title="��287�� ����֮��" target="_blank">��287�� ����֮��</a>
			  </div><div class="col-md-6 item">
				<a href="/book/p25576/7039880.html" title="��288�� ˹��ª�ң�Ω���ܰ" target="_blank">��288�� ˹��ª�ң�Ω���ܰ</a>
			  </div><div class="col-md-6 item">
				<a href="/book/p25576/7039881.html" title="��289�� �Ͼ��۽ᵤ" target="_blank">��289�� �Ͼ��۽ᵤ</a>
			  </div><div class="col-md-6 item">
				<a href="/book/p25576/7039882.html" title="��290�� �ȼ۽�����" target="_blank">��290�� �ȼ۽�����</a>
			  </div><div class="col-md-6 item">
				<a href="/book/p25576/7039883.html" title="��291�� ��������ĪҪ�ô���ߣ�" target="_blank">��291�� ��������ĪҪ�ô���ߣ�</a>
			  </div><div class="col-md-6 item">
				<a href="/book/p25576/7039884.html" title="��292�� �����Һ�������" target="_blank">��292�� �����Һ�������</a>
			  </div><div class="col-md-6 item">
				<a href="/book/p25576/7039885.html" title="��293�� ʹ������Ȼ" target="_blank">��293�� ʹ������Ȼ</a>
			  </div><div class="col-md-6 item">
				<a href="/book/p25576/7039886.html" title="��294�� �غ�Ȼ��׷ɱ��ԭ��" target="_blank">��294�� �غ�Ȼ��׷ɱ��ԭ��</a>
			  </div><div class="col-md-6 item">
				<a href="/book/p25576/7039887.html" title="��295�� ҥ������β�����" target="_blank">��295�� ҥ������β�����</a>
			  </div><div class="col-md-6 item">
				<a href="/book/p25576/7039888.html" title="��296�� ��λ����" target="_blank">��296�� ��λ����</a>
			  </div><div class="col-md-6 item">
				<a href="/book/p25576/7039889.html" title="��297�� ���Ȼ�����������" target="_blank">��297�� ���Ȼ�����������</a>
			  </div><div class="col-md-6 item">
				<a href="/book/p25576/7039890.html" title="��298�� ǰ��" target="_blank">��298�� ǰ��</a>
			  </div><div class="col-md-6 item">
				<a href="/book/p25576/7039891.html" title="��299�� �����Ů����" target="_blank">��299�� �����Ů����</a>
			  </div><div class="col-md-6 item">
				<a href="/book/p25576/7039892.html" title="��300�� �����ħ�̽���" target="_blank">��300�� �����ħ�̽���</a>
			  </div><div class="col-md-6 item">
				<a href="/book/p25576/7039893.html" title="��301�� ת����" target="_blank">��301�� ת����</a>
			  </div><div class="col-md-6 item">
				<a href="/book/p25576/7039894.html" title="��302�� �Ϲų�˯��������" target="_blank">��302�� �Ϲų�˯��������</a>
			  </div><div class="col-md-6 item">
				<a href="/book/p25576/7039895.html" title="��303�� ��ͥ��" target="_blank">��303�� ��ͥ��</a>
			  </div><div class="col-md-6 item">
				<a href="/book/p25576/7039896.html" title="��304�� ����ȳ��" target="_blank">��304�� ����ȳ��</a>
			  </div><div class="col-md-6 item">
				<a href="/book/p25576/7039897.html" title="��305�� �ҳ��ҵ�ת���ˣ�" target="_blank">��305�� �ҳ��ҵ�ת���ˣ�</a>
			  </div><div class="col-md-6 item">
				<a href="/book/p25576/7039898.html" title="��306�� �غ�Ȼ��صĶ���" target="_blank">��306�� �غ�Ȼ��صĶ���</a>
			  </div><div class="col-md-6 item">
				<a href="/book/p25576/7039899.html" title="��307�� ��ù�ĸ�����" target="_blank">��307�� ��ù�ĸ�����</a>
			  </div><div class="col-md-6 item">
				<a href="/book/p25576/7039900.html" title="��308�� ���Ľ�����" target="_blank">��308�� ���Ľ�����</a>
			  </div><div class="col-md-6 item">
				<a href="/book/p25576/7039901.html" title="��309�� ����汾����ͥ" target="_blank">��309�� ����汾����ͥ</a>
			  </div><div class="col-md-6 item">
				<a href="/book/p25576/7039902.html" title="��310�� ��ʦ�֣�������۷���ʲô�Ҷ����ᾪ����" target="_blank">��310�� ��ʦ�֣�������۷���ʲô�Ҷ����ᾪ����</a>
			  </div><div class="col-md-6 item">
				<a href="/book/p25576/7039903.html" title="��311�� ������Ͷ�����" target="_blank">��311�� ������Ͷ�����</a>
			  </div><div class="col-md-6 item">
				<a href="/book/p25576/7039904.html" title="��312�� ��زҶ�Ľ�" target="_blank">��312�� ��زҶ�Ľ�</a>
			  </div><div class="col-md-6 item">
				<a href="/book/p25576/7039905.html" title="��313�� �Ͼ�����̨���" target="_blank">��313�� �Ͼ�����̨���</a>
			  </div><div class="col-md-6 item">
				<a href="/book/p25576/7039906.html" title="��314�� ȭ��Ҳ�Ƿ�" target="_blank">��314�� ȭ��Ҳ�Ƿ�</a>
			  </div><div class="col-md-6 item">
				<a href="/book/p25576/7039907.html" title="��315�� ������������Ϲ����ɣ�ı����ţ�" target="_blank">��315�� ������������Ϲ����ɣ�ı����ţ�</a>
			  </div><div class="col-md-6 item">
				<a href="/book/p25576/7039908.html" title="��316�� ½����û��" target="_blank">��316�� ½����û��</a>
			  </div><div class="col-md-6 item">
				<a href="/book/p25576/7039909.html" title="��317�� �峤�ϵ���˼����" target="_blank">��317�� �峤�ϵ���˼����</a>
			  </div><div class="col-md-6 item">
				<a href="/book/p25576/7039910.html" title="��318�� ڲƭ���Ľ����ʵ��ڴ�ͳ" target="_blank">��318�� ڲƭ���Ľ����ʵ��ڴ�ͳ</a>
			  </div><div class="col-md-6 item">
				<a href="/book/p25576/7039911.html" title="��319�� ѧϰ�����ɵ�" target="_blank">��319�� ѧϰ�����ɵ�</a>
			  </div><div class="col-md-6 item">
				<a href="/book/p25576/7039912.html" title="��320�� ����һ�����ʷ" target="_blank">��320�� ����һ�����ʷ</a>
			  </div><div class="col-md-6 item">
				<a href="/book/p25576/7039913.html" title="��321�� ����������ѹСҩ��" target="_blank">��321�� ����������ѹСҩ��</a>
			  </div><div class="col-md-6 item">
				<a href="/book/p25576/7039914.html" title="��322�� ���벻��ҩ������" target="_blank">��322�� ���벻��ҩ������</a>
			  </div><div class="col-md-6 item">
				<a href="/book/p25576/7039915.html" title="��323�� �������Ҽ�ס���ˣ�" target="_blank">��323�� �������Ҽ�ס���ˣ�</a>
			  </div><div class="col-md-6 item">
				<a href="/book/p25576/7039916.html" title="��324�� �տ������¿���" target="_blank">��324�� �տ������¿���</a>
			  </div><div class="col-md-6 item">
				<a href="/book/p25576/7039917.html" title="��325�� �����ɵ���տ���" target="_blank">��325�� �����ɵ���տ���</a>
			  </div><div class="col-md-6 item">
				<a href="/book/p25576/7039918.html" title="��326�� �����տ���" target="_blank">��326�� �����տ���</a>
			  </div><div class="col-md-6 item">
				<a href="/book/p25576/7039919.html" title="��327�� �������״�����" target="_blank">��327�� �������״�����</a>
			  </div><div class="col-md-6 item">
				<a href="/book/p25576/7039920.html" title="��328�� ûһ��ٻ�" target="_blank">��328�� ûһ��ٻ�</a>
			  </div><div class="col-md-6 item">
				<a href="/book/p25576/7039921.html" title="��329�� ����ҵ�ɳɣ����Ŀ�����" target="_blank">��329�� ����ҵ�ɳɣ����Ŀ�����</a>
			  </div><div class="col-md-6 item">
				<a href="/book/p25576/7039922.html" title="��330�� ���̽������ʵ�����֥��Ϊ���ֲ���" target="_blank">��330�� ���̽������ʵ�����֥��Ϊ���ֲ���</a>
			  </div><div class="col-md-6 item">
				<a href="/book/p25576/7039923.html" title="��331�� �������" target="_blank">��331�� �������</a>
			  </div><div class="col-md-6 item">
				<a href="/book/p25576/7039924.html" title="��332�� ����Ҳ��˵�ܵ���죿" target="_blank">��332�� ����Ҳ��˵�ܵ���죿</a>
			  </div><div class="col-md-6 item">
				<a href="/book/p25576/7039925.html" title="��333�� ���Ǹ߽���ʿ�Ļ�������డ" target="_blank">��333�� ���Ǹ߽���ʿ�Ļ�������డ</a>
			  </div><div class="col-md-6 item">
				<a href="/book/p25576/7039926.html" title="��334�� ���Ȼ�ᵤ" target="_blank">��334�� ���Ȼ�ᵤ</a>
			  </div><div class="col-md-6 item">
				<a href="/book/p25576/7039927.html" title="��335�� �˵��ɶϾ������" target="_blank">��335�� �˵��ɶϾ������</a>
			  </div><div class="col-md-6 item">
				<a href="/book/p25576/7039928.html" title="��336�� ��ͥ����ʽ����" target="_blank">��336�� ��ͥ����ʽ����</a>
			  </div><div class="col-md-6 item">
				<a href="/book/p25576/7039929.html" title="��337�� �Ҹ��������˸�������" target="_blank">��337�� �Ҹ��������˸�������</a>
			  </div><div class="col-md-6 item">
				<a href="/book/p25576/7039930.html" title="��338�� �޵е�����������" target="_blank">��338�� �޵е�����������</a>
			  </div><div class="col-md-6 item">
				<a href="/book/p25576/7039931.html" title="��339�� �Ϲ����˵Ĺ���" target="_blank">��339�� �Ϲ����˵Ĺ���</a>
			  </div><div class="col-md-6 item">
				<a href="/book/p25576/7039932.html" title="��340�� �������ӵ�����" target="_blank">��340�� �������ӵ�����</a>
			  </div><div class="col-md-6 item">
				<a href="/book/p25576/7039933.html" title="��341�� ��˼Ȫӿ" target="_blank">��341�� ��˼Ȫӿ</a>
			  </div><div class="col-md-6 item">
				<a href="/book/p25576/7039934.html" title="��342�� ���г���" target="_blank">��342�� ���г���</a>
			  </div><div class="col-md-6 item">
				<a href="/book/p25576/7039935.html" title="��343�� ���������÷�" target="_blank">��343�� ���������÷�</a>
			  </div><div class="col-md-6 item">
				<a href="/book/p25576/7039936.html" title="��344�� �˳���" target="_blank">��344�� �˳���</a>
			  </div><div class="col-md-6 item">
				<a href="/book/p25576/7039937.html" title="��345�� �����Ǵ�ʦ��Ҳ�����Լ��Ķ��֣�" target="_blank">��345�� �����Ǵ�ʦ��Ҳ�����Լ��Ķ��֣�</a>
			  </div><div class="col-md-6 item">
				<a href="/book/p25576/7039938.html" title="��346�� ����ʢ��" target="_blank">��346�� ����ʢ��</a>
			  </div><div class="col-md-6 item">
				<a href="/book/p25576/7039939.html" title="��347�� �ҵ�ר�����أ�" target="_blank">��347�� �ҵ�ר�����أ�</a>
			  </div><div class="col-md-6 item">
				<a href="/book/p25576/7039940.html" title="��348�� ��Ǯ����" target="_blank">��348�� ��Ǯ����</a>
			  </div><div class="col-md-6 item">
				<a href="/book/p25576/7039941.html" title="��349�� �ǳ�����" target="_blank">��349�� �ǳ�����</a>
			  </div><div class="col-md-6 item">
				<a href="/book/p25576/7039942.html" title="��350�� ���Ϲ����ء�" target="_blank">��350�� ���Ϲ����ء�</a>
			  </div><div class="col-md-6 item">
				<a href="/book/p25576/7039943.html" title="��351�� ��©" target="_blank">��351�� ��©</a>
			  </div><div class="col-md-6 item">
				<a href="/book/p25576/7039944.html" title="��352�� ��˵½��ս������Խ�����󾳽�" target="_blank">��352�� ��˵½��ս������Խ�����󾳽�</a>
			  </div><div class="col-md-6 item">
				<a href="/book/p25576/7039945.html" title="��353�� ������ô������ίϯ�ϣ�" target="_blank">��353�� ������ô������ίϯ�ϣ�</a>
			  </div><div class="col-md-6 item">
				<a href="/book/p25576/7039946.html" title="��354�� ����ô������" target="_blank">��354�� ����ô������</a>
			  </div><div class="col-md-6 item">
				<a href="/book/p25576/7039947.html" title="��355�� Խ��ս�����淥����" target="_blank">��355�� Խ��ս�����淥����</a>
			  </div><div class="col-md-6 item">
				<a href="/book/p25576/7039948.html" title="��356�� �޵е���û�����ô��ԣ����" target="_blank">��356�� �޵е���û�����ô��ԣ����</a>
			  </div><div class="col-md-6 item">
				<a href="/book/p25576/7039949.html" title="��357�� ǫ��" target="_blank">��357�� ǫ��</a>
			  </div><div class="col-md-6 item">
				<a href="/book/p25576/7039950.html" title="��358�� ����" target="_blank">��358�� ����</a>
			  </div><div class="col-md-6 item">
				<a href="/book/p25576/7039951.html" title="��359�� �𵤼��ʹ��" target="_blank">��359�� �𵤼��ʹ��</a>
			  </div><div class="col-md-6 item">
				<a href="/book/p25576/7039952.html" title="��360�� �޵е�������" target="_blank">��360�� �޵е�������</a>
			  </div><div class="col-md-6 item">
				<a href="/book/p25576/7039953.html" title="��361�� �ҡ��ϡ���" target="_blank">��361�� �ҡ��ϡ���</a>
			  </div><div class="col-md-6 item">
				<a href="/book/p25576/7039954.html" title="��362�� ���ű�˵�Լ��ǲ�����˵�ͽ��" target="_blank">��362�� ���ű�˵�Լ��ǲ�����˵�ͽ��</a>
			  </div><div class="col-md-6 item">
				<a href="/book/p25576/7039955.html" title="��363�� �տ���ֵ궼���������ˣ�" target="_blank">��363�� �տ���ֵ궼���������ˣ�</a>
			  </div><div class="col-md-6 item">
				<a href="/book/p25576/7039956.html" title="��364�� ����������" target="_blank">��364�� ����������</a>
			  </div><div class="col-md-6 item">
				<a href="/book/p25576/7039957.html" title="��365�� ��������ȫƾ����Ϊ��" target="_blank">��365�� ��������ȫƾ����Ϊ��</a>
			  </div><div class="col-md-6 item">
				<a href="/book/p25576/7039958.html" title="��366�� ̫�Ͻ�" target="_blank">��366�� ̫�Ͻ�</a>
			  </div><div class="col-md-6 item">
				<a href="/book/p25576/7039959.html" title="��367�� ��Ҫ��˭�����������" target="_blank">��367�� ��Ҫ��˭�����������</a>
			  </div><div class="col-md-6 item">
				<a href="/book/p25576/7039960.html" title="��368�� ����" target="_blank">��368�� ����</a>
			  </div><div class="col-md-6 item">
				<a href="/book/p25576/7039961.html" title="��369�� ��������ʢ�ᵽ�ײ��Ŷ��ٺ����ڣ�" target="_blank">��369�� ��������ʢ�ᵽ�ײ��Ŷ��ٺ����ڣ�</a>
			  </div><div class="col-md-6 item">
				<a href="/book/p25576/7039962.html" title="��370�� �㵽�η���Ӧ���ǰ�ȫ��" target="_blank">��370�� �㵽�η���Ӧ���ǰ�ȫ��</a>
			  </div><div class="col-md-6 item">
				<a href="/book/p25576/7039963.html" title="��371�� ������ʿʯ������" target="_blank">��371�� ������ʿʯ������</a>
			  </div><div class="col-md-6 item">
				<a href="/book/p25576/7039964.html" title="��372�� ��������" target="_blank">��372�� ��������</a>
			  </div><div class="col-md-6 item">
				<a href="/book/p25576/7039965.html" title="��373�� ���ݹ�ʦ" target="_blank">��373�� ���ݹ�ʦ</a>
			  </div><div class="col-md-6 item">
				<a href="/book/p25576/7039966.html" title="��374�� ��Ľ�����Ȼ" target="_blank">��374�� ��Ľ�����Ȼ</a>
			  </div><div class="col-md-6 item">
				<a href="/book/p25576/7039967.html" title="��375�� ��زҶ���¾籾" target="_blank">��375�� ��زҶ���¾籾</a>
			  </div><div class="col-md-6 item">
				<a href="/book/p25576/7039968.html" title="��376�� �������ɽ�" target="_blank">��376�� �������ɽ�</a>
			  </div><div class="col-md-6 item">
				<a href="/book/p25576/7039969.html" title="��377�� �õ���ɮ" target="_blank">��377�� �õ���ɮ</a>
			  </div><div class="col-md-6 item">
				<a href="/book/p25576/7039970.html" title="��378�� ڤ�½�" target="_blank">��378�� ڤ�½�</a>
			  </div><div class="col-md-6 item">
				<a href="/book/p25576/7039971.html" title="��379�� ������" target="_blank">��379�� ������</a>
			  </div><div class="col-md-6 item">
				<a href="/book/p25576/7039972.html" title="��380�� �Ƚ�����������" target="_blank">��380�� �Ƚ�����������</a>
			  </div><div class="col-md-6 item">
				<a href="/book/p25576/7039973.html" title="��381�� ��ͥ���ּ�����" target="_blank">��381�� ��ͥ���ּ�����</a>
			  </div><div class="col-md-6 item">
				<a href="/book/p25576/7039974.html" title="��382�� �������" target="_blank">��382�� �������</a>
			  </div><div class="col-md-6 item">
				<a href="/book/p25576/7039975.html" title="��383�� Ѫ��ζ" target="_blank">��383�� Ѫ��ζ</a>
			  </div><div class="col-md-6 item">
				<a href="/book/p25576/7039976.html" title="��384�� ����" target="_blank">��384�� ����</a>
			  </div><div class="col-md-6 item">
				<a href="/book/p25576/7039977.html" title="��385�� ÿ���±�������û���ջ�" target="_blank">��385�� ÿ���±�������û���ջ�</a>
			  </div><div class="col-md-6 item">
				<a href="/book/p25576/7039978.html" title="��386�� ��������ͥ�̻�������ڤ������" target="_blank">��386�� ��������ͥ�̻�������ڤ������</a>
			  </div><div class="col-md-6 item">
				<a href="/book/p25576/7039979.html" title="��387�� ����������" target="_blank">��387�� ����������</a>
			  </div><div class="col-md-6 item">
				<a href="/book/p25576/7039980.html" title="��388�� ���ɺ�ľ��֮ս" target="_blank">��388�� ���ɺ�ľ��֮ս</a>
			  </div><div class="col-md-6 item">
				<a href="/book/p25576/7039981.html" title="��389�� ��������" target="_blank">��389�� ��������</a>
			  </div><div class="col-md-6 item">
				<a href="/book/p25576/7039982.html" title="��390�� ѧϰ����Ǭ��" target="_blank">��390�� ѧϰ����Ǭ��</a>
			  </div><div class="col-md-6 item">
				<a href="/book/p25576/7039983.html" title="��391�� �������ּ�" target="_blank">��391�� �������ּ�</a>
			  </div><div class="col-md-6 item">
				<a href="/book/p25576/7039984.html" title="��392�� ��������" target="_blank">��392�� ��������</a>
			  </div><div class="col-md-6 item">
				<a href="/book/p25576/7039985.html" title="��393�� ½���ר����" target="_blank">��393�� ½���ר����</a>
			  </div><div class="col-md-6 item">
				<a href="/book/p25576/7039986.html" title="��394�� �ʵ��ڵĲƿ�" target="_blank">��394�� �ʵ��ڵĲƿ�</a>
			  </div><div class="col-md-6 item">
				<a href="/book/p25576/7039987.html" title="��395�� Ǳ���ʵ��ڵĵ��ˣ�" target="_blank">��395�� Ǳ���ʵ��ڵĵ��ˣ�</a>
			  </div><div class="col-md-6 item">
				<a href="/book/p25576/7039988.html" title="��396�� ��ȭ��" target="_blank">��396�� ��ȭ��</a>
			  </div><div class="col-md-6 item">
				<a href="/book/p25576/7039989.html" title="��397�� ���ֵ�ҹ��" target="_blank">��397�� ���ֵ�ҹ��</a>
			  </div><div class="col-md-6 item">
				<a href="/book/p25576/7039990.html" title="��398�� �������" target="_blank">��398�� �������</a>
			  </div><div class="col-md-6 item">
				<a href="/book/p25576/7039991.html" title="��399�� ���ϻ���" target="_blank">��399�� ���ϻ���</a>
			  </div><div class="col-md-6 item">
				<a href="/book/p25576/7039992.html" title="��400�� �����ɱ�ƽ��" target="_blank">��400�� �����ɱ�ƽ��</a>
			  </div><div class="col-md-6 item">
				<a href="/book/p25576/7039993.html" title="��401�� �ڵ�" target="_blank">��401�� �ڵ�</a>
			  </div><div class="col-md-6 item">
				<a href="/book/p25576/7039994.html" title="��402�� ��ֽñ����" target="_blank">��402�� ��ֽñ����</a>
			  </div><div class="col-md-6 item">
				<a href="/book/p25576/7039995.html" title="��403�� �����õ������ĸ�ʬ����" target="_blank">��403�� �����õ������ĸ�ʬ����</a>
			  </div><div class="col-md-6 item">
				<a href="/book/p25576/7039996.html" title="��404�� ���ݰ��վ��зǳ��Ƚ�������" target="_blank">��404�� ���ݰ��վ��зǳ��Ƚ�������</a>
			  </div><div class="col-md-6 item">
				<a href="/book/p25576/7039997.html" title="��405�� ��ͬѰ���Ļ�ʬ" target="_blank">��405�� ��ͬѰ���Ļ�ʬ</a>
			  </div><div class="col-md-6 item">
				<a href="/book/p25576/7039998.html" title="��406�� �Ͼ��۵����˽���" target="_blank">��406�� �Ͼ��۵����˽���</a>
			  </div><div class="col-md-6 item">
				<a href="/book/p25576/7039999.html" title="��407�� �����鱨" target="_blank">��407�� �����鱨</a>
			  </div><div class="col-md-6 item">
				<a href="/book/p25576/7040000.html" title="��408�� ��ͨ�������" target="_blank">��408�� ��ͨ�������</a>
			  </div><div class="col-md-6 item">
				<a href="/book/p25576/7040001.html" title="��409�� �����бظ��й�̥" target="_blank">��409�� �����бظ��й�̥</a>
			  </div><div class="col-md-6 item">
				<a href="/book/p25576/7040002.html" title="��410�� ������Ǹ�����ί���Ҵ��½���" target="_blank">��410�� ������Ǹ�����ί���Ҵ��½���</a>
			  </div><div class="col-md-6 item">
				<a href="/book/p25576/7040003.html" title="��411�� ��������ȵ�ʵ�����Ƿ���" target="_blank">��411�� ��������ȵ�ʵ�����Ƿ���</a>
			  </div><div class="col-md-6 item">
				<a href="/book/p25576/7040004.html" title="��412�� �޹���ɽ���½" target="_blank">��412�� �޹���ɽ���½</a>
			  </div><div class="col-md-6 item">
				<a href="/book/p25576/7040005.html" title="��413�� ����ȵ�ҵ��" target="_blank">��413�� ����ȵ�ҵ��</a>
			  </div><div class="col-md-6 item">
				<a href="/book/p25576/7040006.html" title="��414�� �˼�ϲ��ϲ�����һ��������" target="_blank">��414�� �˼�ϲ��ϲ�����һ��������</a>
			  </div><div class="col-md-6 item">
				<a href="/book/p25576/7040007.html" title="��415�� �ĳ��Ϻ�����ȹ����Ĺ�ȥ" target="_blank">��415�� �ĳ��Ϻ�����ȹ����Ĺ�ȥ</a>
			  </div><div class="col-md-6 item">
				<a href="/book/p25576/7040008.html" title="��416�� ˪���������������Ч" target="_blank">��416�� ˪���������������Ч</a>
			  </div><div class="col-md-6 item">
				<a href="/book/p25576/7040009.html" title="��417�� ����֮�£�˭����ʦ��û��" target="_blank">��417�� ����֮�£�˭����ʦ��û��</a>
			  </div><div class="col-md-6 item">
				<a href="/book/p25576/7040010.html" title="��418�� ˵�õ����������Ч�أ�" target="_blank">��418�� ˵�õ����������Ч�أ�</a>
			  </div><div class="col-md-6 item">
				<a href="/book/p25576/7040011.html" title="��419�� ��ѵ����Υ��" target="_blank">��419�� ��ѵ����Υ��</a>
			  </div><div class="col-md-6 item">
				<a href="/book/p25576/7040012.html" title="��420�� �Ͼ��۵��һ���" target="_blank">��420�� �Ͼ��۵��һ���</a>
			  </div><div class="col-md-6 item">
				<a href="/book/p25576/7040013.html" title="��421�� �Ȱ�ѧϰ������" target="_blank">��421�� �Ȱ�ѧϰ������</a>
			  </div><div class="col-md-6 item">
				<a href="/book/p25576/7040014.html" title="��422�� ���ǣ���ͥ�̻�������" target="_blank">��422�� ���ǣ���ͥ�̻�������</a>
			  </div><div class="col-md-6 item">
				<a href="/book/p25576/7040015.html" title="��423�� ����ֻ�" target="_blank">��423�� ����ֻ�</a>
			  </div><div class="col-md-6 item">
				<a href="/book/p25576/7040016.html" title="��424�� ½����ֵ��ҳ�����" target="_blank">��424�� ½����ֵ��ҳ�����</a>
			  </div><div class="col-md-6 item">
				<a href="/book/p25576/7040017.html" title="��425�� �޺�ȭЧ����Ⱥ" target="_blank">��425�� �޺�ȭЧ����Ⱥ</a>
			  </div><div class="col-md-6 item">
				<a href="/book/p25576/7040018.html" title="��426�� ��һ����ҪǮ��ʲô��" target="_blank">��426�� ��һ����ҪǮ��ʲô��</a>
			  </div><div class="col-md-6 item">
				<a href="/book/p25576/7040019.html" title="��427�� ǿ��Ļ���" target="_blank">��427�� ǿ��Ļ���</a>
			  </div><div class="col-md-6 item">
				<a href="/book/p25576/7040020.html" title="��428�� ɢ������" target="_blank">��428�� ɢ������</a>
			  </div><div class="col-md-6 item">
				<a href="/book/p25576/7040021.html" title="��429�� ���������" target="_blank">��429�� ���������</a>
			  </div><div class="col-md-6 item">
				<a href="/book/p25576/7040022.html" title="��430�� ������ǰʹ�����з�����" target="_blank">��430�� ������ǰʹ�����з�����</a>
			  </div><div class="col-md-6 item">
				<a href="/book/p25576/7040023.html" title="��431�� ���������ɵİ취" target="_blank">��431�� ���������ɵİ취</a>
			  </div><div class="col-md-6 item">
				<a href="/book/p25576/7040024.html" title="��432�� ����һ����һ�ˣ�" target="_blank">��432�� ����һ����һ�ˣ�</a>
			  </div><div class="col-md-6 item">
				<a href="/book/p25576/7040025.html" title="��433�� ����ʦ���ʵ�����֥" target="_blank">��433�� ����ʦ���ʵ�����֥</a>
			  </div><div class="col-md-6 item">
				<a href="/book/p25576/7040026.html" title="��434�� ���������ʧ" target="_blank">��434�� ���������ʧ</a>
			  </div><div class="col-md-6 item">
				<a href="/book/p25576/7040027.html" title="��435�� ������Ժͺ������" target="_blank">��435�� ������Ժͺ������</a>
			  </div><div class="col-md-6 item">
				<a href="/book/p25576/7040028.html" title="��436�� ���ֿ���" target="_blank">��436�� ���ֿ���</a>
			  </div><div class="col-md-6 item">
				<a href="/book/p25576/7040029.html" title="��437�� Σ����" target="_blank">��437�� Σ����</a>
			  </div><div class="col-md-6 item">
				<a href="/book/p25576/7040030.html" title="��438�� �����ݵ�����Ϊ�����ڶ���" target="_blank">��438�� �����ݵ�����Ϊ�����ڶ���</a>
			  </div><div class="col-md-6 item">
				<a href="/book/p25576/7040031.html" title="��439�� ������һ�в��������Ը���ġ���" target="_blank">��439�� ������һ�в��������Ը���ġ���</a>
			  </div><div class="col-md-6 item">
				<a href="/book/p25576/7040032.html" title="��440�� ���������ʸ�����" target="_blank">��440�� ���������ʸ�����</a>
			  </div><div class="col-md-6 item">
				<a href="/book/p25576/7040033.html" title="��441�� ������ת" target="_blank">��441�� ������ת</a>
			  </div><div class="col-md-6 item">
				<a href="/book/p25576/7040034.html" title="��442�� �׵ۻ�����" target="_blank">��442�� �׵ۻ�����</a>
			  </div><div class="col-md-6 item">
				<a href="/book/p25576/7040035.html" title="��443�� �������ӳ���" target="_blank">��443�� �������ӳ���</a>
			  </div><div class="col-md-6 item">
				<a href="/book/p25576/7040036.html" title="��444�� ��ͥ�����ϴ�����" target="_blank">��444�� ��ͥ�����ϴ�����</a>
			  </div><div class="col-md-6 item">
				<a href="/book/p25576/7040037.html" title="��445�� ��ɨ" target="_blank">��445�� ��ɨ</a>
			  </div><div class="col-md-6 item">
				<a href="/book/p25576/7040038.html" title="��446�� ��ս��" target="_blank">��446�� ��ս��</a>
			  </div><div class="col-md-6 item">
				<a href="/book/p25576/7040039.html" title="��447�� ��ս��Ļ" target="_blank">��447�� ��ս��Ļ</a>
			  </div><div class="col-md-6 item">
				<a href="/book/p25576/7040040.html" title="��448�� ���ϣ���ʲô����û������" target="_blank">��448�� ���ϣ���ʲô����û������</a>
			  </div><div class="col-md-6 item">
				<a href="/book/p25576/7040041.html" title="��449�� ��ʦ�㶼��ôǿ��½���ʦ�����Ǻε�ǿ�ߣ�" target="_blank">��449�� ��ʦ�㶼��ôǿ��½���ʦ�����Ǻε�ǿ�ߣ�</a>
			  </div><div class="col-md-6 item">
				<a href="/book/p25576/7040042.html" title="��450�� ���ݵļƻ�" target="_blank">��450�� ���ݵļƻ�</a>
			  </div><div class="col-md-6 item">
				<a href="/book/p25576/7040043.html" title="��451�� ���Ľ̽���Ľ����" target="_blank">��451�� ���Ľ̽���Ľ����</a>
			  </div><div class="col-md-6 item">
				<a href="/book/p25576/7040044.html" title="��452�� �����ͥ�̼��п������µ�ħ�̣�" target="_blank">��452�� �����ͥ�̼��п������µ�ħ�̣�</a>
			  </div><div class="col-md-6 item">
				<a href="/book/p25576/7040045.html" title="��453�� ��ͥ�̳�Ա������������ô����ħ�̣�" target="_blank">��453�� ��ͥ�̳�Ա������������ô����ħ�̣�</a>
			  </div><div class="col-md-6 item">
				<a href="/book/p25576/7040046.html" title="��454�� �ĵ���Ԫ" target="_blank">��454�� �ĵ���Ԫ</a>
			  </div><div class="col-md-6 item">
				<a href="/book/p25576/7040047.html" title="��455�� ����һ���ĵ���" target="_blank">��455�� ����һ���ĵ���</a>
			  </div><div class="col-md-6 item">
				<a href="/book/p25576/7040048.html" title="��456�� ����������" target="_blank">��456�� ����������</a>
			  </div><div class="col-md-6 item">
				<a href="/book/p25576/7040049.html" title="��457�� ���ɵĹ��׵��ܻ���������һ�����鄻" target="_blank">��457�� ���ɵĹ��׵��ܻ���������һ�����鄻</a>
			  </div><div class="col-md-6 item">
				<a href="/book/p25576/7040050.html" title="��458�� ����Ѳ���ʵ���" target="_blank">��458�� ����Ѳ���ʵ���</a>
			  </div><div class="col-md-6 item">
				<a href="/book/p25576/7040051.html" title="��459�� �������ӵĽ���ָ��������˳��˳ˮ" target="_blank">��459�� �������ӵĽ���ָ��������˳��˳ˮ</a>
			  </div><div class="col-md-6 item">
				<a href="/book/p25576/7040052.html" title="��460�� ��������" target="_blank">��460�� ��������</a>
			  </div><div class="col-md-6 item">
				<a href="/book/p25576/7040053.html" title="��461�� ѧϰ��������" target="_blank">��461�� ѧϰ��������</a>
			  </div><div class="col-md-6 item">
				<a href="/book/p25576/7040054.html" title="��462�� �������˵��" target="_blank">��462�� �������˵��</a>
			  </div><div class="col-md-6 item">
				<a href="/book/p25576/7040055.html" title="��463�� ��������" target="_blank">��463�� ��������</a>
			  </div><div class="col-md-6 item">
				<a href="/book/p25576/7040056.html" title="��464�� ʹʧ��Ե" target="_blank">��464�� ʹʧ��Ե</a>
			  </div><div class="col-md-6 item">
				<a href="/book/p25576/7040057.html" title="��465�� ���ݹ�ʦ���ʵ��ڱ���" target="_blank">��465�� ���ݹ�ʦ���ʵ��ڱ���</a>
			  </div><div class="col-md-6 item">
				<a href="/book/p25576/7040058.html" title="��466�� ��ɱ½��" target="_blank">��466�� ��ɱ½��</a>
			  </div><div class="col-md-6 item">
				<a href="/book/p25576/7040059.html" title="��467�� �Ϲ����˾ۻ�" target="_blank">��467�� �Ϲ����˾ۻ�</a>
			  </div><div class="col-md-6 item">
				<a href="/book/p25576/7040060.html" title="��468�� ���ٵ۳�" target="_blank">��468�� ���ٵ۳�</a>
			  </div><div class="col-md-6 item">
				<a href="/book/p25576/7040061.html" title="��469�� Խ��Խ���ֵ��������" target="_blank">��469�� Խ��Խ���ֵ��������</a>
			  </div><div class="col-md-6 item">
				<a href="/book/p25576/7040062.html" title="��470�� �������ӵ����¹���" target="_blank">��470�� �������ӵ����¹���</a>
			  </div><div class="col-md-6 item">
				<a href="/book/p25576/7040063.html" title="��471�� �������Ӷ�ս�Ĵ���������" target="_blank">��471�� �������Ӷ�ս�Ĵ���������</a>
			  </div><div class="col-md-6 item">
				<a href="/book/p25576/7040064.html" title="��472�� ������ս" target="_blank">��472�� ������ս</a>
			  </div><div class="col-md-6 item">
				<a href="/book/p25576/7040065.html" title="��473�� ����׼��" target="_blank">��473�� ����׼��</a>
			  </div><div class="col-md-6 item">
				<a href="/book/p25576/7040066.html" title="��474�� �������ӣ�����������" target="_blank">��474�� �������ӣ�����������</a>
			  </div><div class="col-md-6 item">
				<a href="/book/p25576/7040067.html" title="��475�� ���ʵ��ڴ��桪��½��ƪ��" target="_blank">��475�� ���ʵ��ڴ��桪��½��ƪ��</a>
			  </div><div class="col-md-6 item">
				<a href="/book/p25576/7040068.html" title="��476�� ��俪Ļ" target="_blank">��476�� ��俪Ļ</a>
			  </div><div class="col-md-6 item">
				<a href="/book/p25576/7040069.html" title="��477�� ����" target="_blank">��477�� ����</a>
			  </div><div class="col-md-6 item">
				<a href="/book/p25576/7040070.html" title="��478�� ��ӵ�ұ�" target="_blank">��478�� ��ӵ�ұ�</a>
			  </div><div class="col-md-6 item">
				<a href="/book/p25576/7040071.html" title="��479�� ���ٻ���" target="_blank">��479�� ���ٻ���</a>
			  </div><div class="col-md-6 item">
				<a href="/book/p25576/7040072.html" title="��480�� �����ǵ����ˣ�" target="_blank">��480�� �����ǵ����ˣ�</a>
			  </div><div class="col-md-6 item">
				<a href="/book/p25576/7040073.html" title="��481�� ��������ô��ô���ˣ�" target="_blank">��481�� ��������ô��ô���ˣ�</a>
			  </div><div class="col-md-6 item">
				<a href="/book/p25576/7040074.html" title="��482�� ���ɣ�" target="_blank">��482�� ���ɣ�</a>
			  </div><div class="col-md-6 item">
				<a href="/book/p25576/7040075.html" title="��483�� ��ʦ�ĵ�������" target="_blank">��483�� ��ʦ�ĵ�������</a>
			  </div><div class="col-md-6 item">
				<a href="/book/p25576/7040076.html" title="��484�� �Ա�" target="_blank">��484�� �Ա�</a>
			  </div><div class="col-md-6 item">
				<a href="/book/p25576/7040077.html" title="��485�� ��˵���Ǹ��ֶ��ǲ������Լ���" target="_blank">��485�� ��˵���Ǹ��ֶ��ǲ������Լ���</a>
			  </div><div class="col-md-6 item">
				<a href="/book/p25576/7040078.html" title="��486�� ������ʼ" target="_blank">��486�� ������ʼ</a>
			  </div><div class="col-md-6 item">
				<a href="/book/p25576/7040079.html" title="��487�� û������ͻ�ƵĶ����ص�۲����" target="_blank">��487�� û������ͻ�ƵĶ����ص�۲����</a>
			  </div><div class="col-md-6 item">
				<a href="/book/p25576/7040080.html" title="��488�� ͬ������" target="_blank">��488�� ͬ������</a>
			  </div><div class="col-md-6 item">
				<a href="/book/p25576/7040081.html" title="��489�� ħ��Ҳû���ֹ�����" target="_blank">��489�� ħ��Ҳû���ֹ�����</a>
			  </div><div class="col-md-6 item">
				<a href="/book/p25576/7040082.html" title="��490�� ��̨������" target="_blank">��490�� ��̨������</a>
			  </div><div class="col-md-6 item">
				<a href="/book/p25576/7040083.html" title="��491�� �����𵤵�ʹ�÷���" target="_blank">��491�� �����𵤵�ʹ�÷���</a>
			  </div><div class="col-md-6 item">
				<a href="/book/p25576/7040084.html" title="��492�� ��ͥ�̵ǳ�" target="_blank">��492�� ��ͥ�̵ǳ�</a>
			  </div><div class="col-md-6 item">
				<a href="/book/p25576/7040085.html" title="��493�� ½�ٽ���" target="_blank">��493�� ½�ٽ���</a>
			  </div><div class="col-md-6 item">
				<a href="/book/p25576/7040086.html" title="��494�� û����ʷ�ʹ�����ʷ" target="_blank">��494�� û����ʷ�ʹ�����ʷ</a>
			  </div><div class="col-md-6 item">
				<a href="/book/p25576/7040087.html" title="��495�� �֮����" target="_blank">��495�� �֮����</a>
			  </div><div class="col-md-6 item">
				<a href="/book/p25576/7040088.html" title="��496�� �⿪��ӡ��" target="_blank">��496�� �⿪��ӡ��</a>
			  </div><div class="col-md-6 item">
				<a href="/book/p25576/7040089.html" title="��497�� ½������ŵ���" target="_blank">��497�� ½������ŵ���</a>
			  </div><div class="col-md-6 item">
				<a href="/book/p25576/7040090.html" title="��498�� ��" target="_blank">��498�� ��</a>
			  </div><div class="col-md-6 item">
				<a href="/book/p25576/7040091.html" title="��499�� �Ϸ" target="_blank">��499�� �Ϸ</a>
			  </div><div class="col-md-6 item">
				<a href="/book/p25576/7040092.html" title="��500�� ½������ս½�ٽ���" target="_blank">��500�� ½������ս½�ٽ���</a>
			  </div><div class="col-md-6 item">
				<a href="/book/p25576/7040093.html" title="��501�� �����Ļ" target="_blank">��501�� �����Ļ</a>
			  </div><div class="col-md-6 item">
				<a href="/book/p25576/7040094.html" title="��502�� ��ʧ�Ĳ�������" target="_blank">��502�� ��ʧ�Ĳ�������</a>
			  </div><div class="col-md-6 item">
				<a href="/book/p25576/7040095.html" title="��503�� ��ը��ʮ��Ĺ�ʦ" target="_blank">��503�� ��ը��ʮ��Ĺ�ʦ</a>
			  </div><div class="col-md-6 item">
				<a href="/book/p25576/7040096.html" title="��504�� ������" target="_blank">��504�� ������</a>
			  </div><div class="col-md-6 item">
				<a href="/book/p25576/7040097.html" title="��505�� ���䷴��" target="_blank">��505�� ���䷴��</a>
			  </div><div class="col-md-6 item">
				<a href="/book/p25576/7040098.html" title="��506�� ��ʦ�����û����" target="_blank">��506�� ��ʦ�����û����</a>
			  </div><div class="col-md-6 item">
				<a href="/book/p25576/7040099.html" title="��507�� �𵤺���" target="_blank">��507�� �𵤺���</a>
			  </div><div class="col-md-6 item">
				<a href="/book/p25576/7040100.html" title="��508�� ��������������ԪӤ��" target="_blank">��508�� ��������������ԪӤ��</a>
			  </div><div class="col-md-6 item">
				<a href="/book/p25576/7040101.html" title="��509�� ������˻���" target="_blank">��509�� ������˻���</a>
			  </div><div class="col-md-6 item">
				<a href="/book/p25576/7040102.html" title="��510�� ��ѧ�ɲ�" target="_blank">��510�� ��ѧ�ɲ�</a>
			  </div><div class="col-md-6 item">
				<a href="/book/p25576/7040103.html" title="��511�� �������ź��˽���һ" target="_blank">��511�� �������ź��˽���һ</a>
			  </div><div class="col-md-6 item">
				<a href="/book/p25576/7040104.html" title="��512�� ���򽣵���Ŀ��" target="_blank">��512�� ���򽣵���Ŀ��</a>
			  </div><div class="col-md-6 item">
				<a href="/book/p25576/7040105.html" title="��513�� ������ɽ֮��" target="_blank">��513�� ������ɽ֮��</a>
			  </div><div class="col-md-6 item">
				<a href="/book/p25576/7040106.html" title="��514�� ʦ�в�����ˣ���Ȼ���ں쳾��" target="_blank">��514�� ʦ�в�����ˣ���Ȼ���ں쳾��</a>
			  </div><div class="col-md-6 item">
				<a href="/book/p25576/7040107.html" title="��515�� ���ǲ������Ӽ�ʶ��" target="_blank">��515�� ���ǲ������Ӽ�ʶ��</a>
			  </div><div class="col-md-6 item">
				<a href="/book/p25576/7040108.html" title="��516�� ����ɱ��" target="_blank">��516�� ����ɱ��</a>
			  </div><div class="col-md-6 item">
				<a href="/book/p25576/7040109.html" title="��517�� ����" target="_blank">��517�� ����</a>
			  </div><div class="col-md-6 item">
				<a href="/book/p25576/7040110.html" title="��518�� �޵е�����" target="_blank">��518�� �޵е�����</a>
			  </div><div class="col-md-6 item">
				<a href="/book/p25576/7040111.html" title="��519�� ���������ף�" target="_blank">��519�� ���������ף�</a>
			  </div><div class="col-md-6 item">
				<a href="/book/p25576/7040112.html" title="��520�� ����ץס���Ů" target="_blank">��520�� ����ץס���Ů</a>
			  </div><div class="col-md-6 item">
				<a href="/book/p25576/7040113.html" title="��521�� ������" target="_blank">��521�� ������</a>
			  </div><div class="col-md-6 item">
				<a href="/book/p25576/7040114.html" title="��522�� ������ʽ" target="_blank">��522�� ������ʽ</a>
			  </div><div class="col-md-6 item">
				<a href="/book/p25576/7040115.html" title="��523�� Ƿծ������" target="_blank">��523�� Ƿծ������</a>
			  </div><div class="col-md-6 item">
				<a href="/book/p25576/7040116.html" title="��524�� һ·�ϲ��޴��·���" target="_blank">��524�� һ·�ϲ��޴��·���</a>
			  </div><div class="col-md-6 item">
				<a href="/book/p25576/7040117.html" title="��525�� �����ɺ������ɵĵ���" target="_blank">��525�� �����ɺ������ɵĵ���</a>
			  </div><div class="col-md-6 item">
				<a href="/book/p25576/7040118.html" title="��526�� �Ҵ��ˣ��´λ���" target="_blank">��526�� �Ҵ��ˣ��´λ���</a>
			  </div><div class="col-md-6 item">
				<a href="/book/p25576/7040119.html" title="��527�� ����ÿ�������" target="_blank">��527�� ����ÿ�������</a>
			  </div><div class="col-md-6 item">
				<a href="/book/p25576/7040120.html" title="��528�� �ϼҵĹ����ֶ�" target="_blank">��528�� �ϼҵĹ����ֶ�</a>
			  </div><div class="col-md-6 item">
				<a href="/book/p25576/7040121.html" title="��529�� ����������" target="_blank">��529�� ����������</a>
			  </div><div class="col-md-6 item">
				<a href="/book/p25576/7040122.html" title="��530�� ��ʯ��" target="_blank">��530�� ��ʯ��</a>
			  </div><div class="col-md-6 item">
				<a href="/book/p25576/7040123.html" title="��531�� ʮ�����" target="_blank">��531�� ʮ�����</a>
			  </div><div class="col-md-6 item">
				<a href="/book/p25576/7040124.html" title="��532�� ѧϰ��������" target="_blank">��532�� ѧϰ��������</a>
			  </div><div class="col-md-6 item">
				<a href="/book/p25576/7040125.html" title="��533�� ���������ѧ�������" target="_blank">��533�� ���������ѧ�������</a>
			  </div><div class="col-md-6 item">
				<a href="/book/p25576/7040126.html" title="��534�� ���������" target="_blank">��534�� ���������</a>
			  </div><div class="col-md-6 item">
				<a href="/book/p25576/7040127.html" title="��535�� ʱ��ֹͣ" target="_blank">��535�� ʱ��ֹͣ</a>
			  </div><div class="col-md-6 item">
				<a href="/book/p25576/7040128.html" title="��536�� ����ͦ�ʺ��ҵ�" target="_blank">��536�� ����ͦ�ʺ��ҵ�</a>
			  </div><div class="col-md-6 item">
				<a href="/book/p25576/7040129.html" title="��537�� ��ľ" target="_blank">��537�� ��ľ</a>
			  </div><div class="col-md-6 item">
				<a href="/book/p25576/7040130.html" title="��538�� ʦ��" target="_blank">��538�� ʦ��</a>
			  </div><div class="col-md-6 item">
				<a href="/book/p25576/7040131.html" title="��539�� ���õ��Ϲ�֪ʶ" target="_blank">��539�� ���õ��Ϲ�֪ʶ</a>
			  </div><div class="col-md-6 item">
				<a href="/book/p25576/7040132.html" title="��540�� ѧϰ��ˮ��" target="_blank">��540�� ѧϰ��ˮ��</a>
			  </div><div class="col-md-6 item">
				<a href="/book/p25576/7040133.html" title="��541�� ���Ȼ��ʵ��" target="_blank">��541�� ���Ȼ��ʵ��</a>
			  </div><div class="col-md-6 item">
				<a href="/book/p25576/7040134.html" title="��542�� ���з������" target="_blank">��542�� ���з������</a>
			  </div><div class="col-md-6 item">
				<a href="/book/p25576/7040135.html" title="��543�� �������ӻ����û���ˮ������" target="_blank">��543�� �������ӻ����û���ˮ������</a>
			  </div><div class="col-md-6 item">
				<a href="/book/p25576/7040136.html" title="��544�� ����ս��" target="_blank">��544�� ����ս��</a>
			  </div><div class="col-md-6 item">
				<a href="/book/p25576/7040137.html" title="��545�� û�������û��ɱ��" target="_blank">��545�� û�������û��ɱ��</a>
			  </div><div class="col-md-6 item">
				<a href="/book/p25576/7040138.html" title="��546�� ʵ������֪" target="_blank">��546�� ʵ������֪</a>
			  </div><div class="col-md-6 item">
				<a href="/book/p25576/7040139.html" title="��547�� ������ʦ" target="_blank">��547�� ������ʦ</a>
			  </div><div class="col-md-6 item">
				<a href="/book/p25576/7040140.html" title="��548�� ����ս��������" target="_blank">��548�� ����ս��������</a>
			  </div><div class="col-md-6 item">
				<a href="/book/p25576/7040141.html" title="��549�� ��ʷ����" target="_blank">��549�� ��ʷ����</a>
			  </div><div class="col-md-6 item">
				<a href="/book/p25576/7040142.html" title="��550�� �������" target="_blank">��550�� �������</a>
			  </div><div class="col-md-6 item">
				<a href="/book/p25576/7040143.html" title="��551�� ����" target="_blank">��551�� ����</a>
			  </div><div class="col-md-6 item">
				<a href="/book/p25576/7040144.html" title="��552�� ʱ��ͨ��" target="_blank">��552�� ʱ��ͨ��</a>
			  </div><div class="col-md-6 item">
				<a href="/book/p25576/7040145.html" title="��553�� ���ɵķ���" target="_blank">��553�� ���ɵķ���</a>
			  </div><div class="col-md-6 item">
				<a href="/book/p25576/7040146.html" title="��554�� ���Ž�������" target="_blank">��554�� ���Ž�������</a>
			  </div><div class="col-md-6 item">
				<a href="/book/p25576/7040147.html" title="��555�� �����ɵ�����" target="_blank">��555�� �����ɵ�����</a>
			  </div><div class="col-md-6 item">
				<a href="/book/p25576/7040148.html" title="��556�� ���������" target="_blank">��556�� ���������</a>
			  </div><div class="col-md-6 item">
				<a href="/book/p25576/7040149.html" title="��557�� ��ʦ������" target="_blank">��557�� ��ʦ������</a>
			  </div><div class="col-md-6 item">
				<a href="/book/p25576/7040150.html" title="��558�� ½�����Һ��ֵܣ��Ҳ��Ầ����" target="_blank">��558�� ½�����Һ��ֵܣ��Ҳ��Ầ����</a>
			  </div><div class="col-md-6 item">
				<a href="/book/p25576/7040151.html" title="��559�� �Ž������" target="_blank">��559�� �Ž������</a>
			  </div><div class="col-md-6 item">
				<a href="/book/p25576/7040152.html" title="��560�� ǰ���ڿӺ������" target="_blank">��560�� ǰ���ڿӺ������</a>
			  </div><div class="col-md-6 item">
				<a href="/book/p25576/7040153.html" title="��561�� �����½������" target="_blank">��561�� �����½������</a>
			  </div><div class="col-md-6 item">
				<a href="/book/p25576/7040154.html" title="��562�� �ӻ�" target="_blank">��562�� �ӻ�</a>
			  </div><div class="col-md-6 item">
				<a href="/book/p25576/7040155.html" title="��563�� ������֮����" target="_blank">��563�� ������֮����</a>
			  </div><div class="col-md-6 item">
				<a href="/book/p25576/7040156.html" title="��564�� ֻ�����죡" target="_blank">��564�� ֻ�����죡</a>
			  </div><div class="col-md-6 item">
				<a href="/book/p25576/7040157.html" title="��565�� ��˵�е�����" target="_blank">��565�� ��˵�е�����</a>
			  </div><div class="col-md-6 item">
				<a href="/book/p25576/7040158.html" title="��566�� ���ǡ�������ԪӤ�Ϲ֣�" target="_blank">��566�� ���ǡ�������ԪӤ�Ϲ֣�</a>
			  </div><div class="col-md-6 item">
				<a href="/book/p25576/7040159.html" title="��567�� ��Ƭ" target="_blank">��567�� ��Ƭ</a>
			  </div><div class="col-md-6 item">
				<a href="/book/p25576/7040160.html" title="��568�� ��ʦ��" target="_blank">��568�� ��ʦ��</a>
			  </div><div class="col-md-6 item">
				<a href="/book/p25576/7040161.html" title="��569�� �ֳɵļ�����" target="_blank">��569�� �ֳɵļ�����</a>
			  </div><div class="col-md-6 item">
				<a href="/book/p25576/7040162.html" title="��570�� ��ǰ���ܲ�����˵Ĵ���" target="_blank">��570�� ��ǰ���ܲ�����˵Ĵ���</a>
			  </div><div class="col-md-6 item">
				<a href="/book/p25576/7040163.html" title="��571�� �����ط���" target="_blank">��571�� �����ط���</a>
			  </div><div class="col-md-6 item">
				<a href="/book/p25576/7040164.html" title="��572�� Сʦ���㽲����Ұʷ��" target="_blank">��572�� Сʦ���㽲����Ұʷ��</a>
			  </div><div class="col-md-6 item">
				<a href="/book/p25576/7040165.html" title="��573�� ����" target="_blank">��573�� ����</a>
			  </div><div class="col-md-6 item">
				<a href="/book/p25576/7040166.html" title="��574�� �Ϲ������ϵ���ʵ���" target="_blank">��574�� �Ϲ������ϵ���ʵ���</a>
			  </div><div class="col-md-6 item">
				<a href="/book/p25576/7040167.html" title="��575�� ������˵����ڿ�" target="_blank">��575�� ������˵����ڿ�</a>
			  </div><div class="col-md-6 item">
				<a href="/book/p25576/7040168.html" title="��576�� �������Ĺ" target="_blank">��576�� �������Ĺ</a>
			  </div><div class="col-md-6 item">
				<a href="/book/p25576/7040169.html" title="��577�� Ӧ����ɷ�ѿ���" target="_blank">��577�� Ӧ����ɷ�ѿ���</a>
			  </div><div class="col-md-6 item">
				<a href="/book/p25576/7040170.html" title="��578�� ����Ʒ" target="_blank">��578�� ����Ʒ</a>
			  </div><div class="col-md-6 item">
				<a href="/book/p25576/7040171.html" title="��579�� ʷ�Ϲ����ߵ�ս��" target="_blank">��579�� ʷ�Ϲ����ߵ�ս��</a>
			  </div><div class="col-md-6 item">
				<a href="/book/p25576/7040172.html" title="��580�� �ϹŴ���֮��" target="_blank">��580�� �ϹŴ���֮��</a>
			  </div><div class="col-md-6 item">
				<a href="/book/p25576/7040173.html" title="��581�� ��������" target="_blank">��581�� ��������</a>
			  </div><div class="col-md-6 item">
				<a href="/book/p25576/7040174.html" title="��582�� ������μ���ûʲô�ö�������" target="_blank">��582�� ������μ���ûʲô�ö�������</a>
			  </div><div class="col-md-6 item">
				<a href="/book/p25576/7040175.html" title="��583�� �𵤾����죡" target="_blank">��583�� �𵤾����죡</a>
			  </div><div class="col-md-6 item">
				<a href="/book/p25576/7040176.html" title="��584�� ���뺯" target="_blank">��584�� ���뺯</a>
			  </div><div class="col-md-6 item">
				<a href="/book/p25576/7040177.html" title="��585�� �����콾" target="_blank">��585�� �����콾</a>
			  </div><div class="col-md-6 item">
				<a href="/book/p25576/7040178.html" title="��586�� ͬ��" target="_blank">��586�� ͬ��</a>
			  </div><div class="col-md-6 item">
				<a href="/book/p25576/7040179.html" title="��587�� ���鿪��" target="_blank">��587�� ���鿪��</a>
			  </div><div class="col-md-6 item">
				<a href="/book/p25576/7040180.html" title="��588�� �ƻ�" target="_blank">��588�� �ƻ�</a>
			  </div><div class="col-md-6 item">
				<a href="/book/p25576/7040181.html" title="��589�� ��ù�ľ�Ӥ��" target="_blank">��589�� ��ù�ľ�Ӥ��</a>
			  </div><div class="col-md-6 item">
				<a href="/book/p25576/7040182.html" title="��590�� ����" target="_blank">��590�� ����</a>
			  </div><div class="col-md-6 item">
				<a href="/book/p25576/7040183.html" title="��591�� ��ͬѰ���Ľ���" target="_blank">��591�� ��ͬѰ���Ľ���</a>
			  </div><div class="col-md-6 item">
				<a href="/book/p25576/7040184.html" title="��592�� �Ͼ��ۣ��к�Ļ" target="_blank">��592�� �Ͼ��ۣ��к�Ļ</a>
			  </div><div class="col-md-6 item">
				<a href="/book/p25576/7040185.html" title="��593�� ����ô�ɵڶ����ˣ�" target="_blank">��593�� ����ô�ɵڶ����ˣ�</a>
			  </div><div class="col-md-6 item">
				<a href="/book/p25576/7040186.html" title="��594�� ���Ĳ�" target="_blank">��594�� ���Ĳ�</a>
			  </div><div class="col-md-6 item">
				<a href="/book/p25576/7040187.html" title="��595�� ������" target="_blank">��595�� ������</a>
			  </div><div class="col-md-6 item">
				<a href="/book/p25576/7040188.html" title="��596�� ����" target="_blank">��596�� ����</a>
			  </div><div class="col-md-6 item">
				<a href="/book/p25576/7040189.html" title="��597�� ���μ���" target="_blank">��597�� ���μ���</a>
			  </div><div class="col-md-6 item">
				<a href="/book/p25576/7040190.html" title="��598�� ���ǽ���" target="_blank">��598�� ���ǽ���</a>
			  </div><div class="col-md-6 item">
				<a href="/book/p25576/7040191.html" title="��599�� �����" target="_blank">��599�� �����</a>
			  </div><div class="col-md-6 item">
				<a href="/book/p25576/7040192.html" title="��600�� �Ϲŵ۽����ģ���ȥ��������" target="_blank">��600�� �Ϲŵ۽����ģ���ȥ��������</a>
			  </div><div class="col-md-6 item">
				<a href="/book/p25576/7040193.html" title="��601�� ��ͥ������" target="_blank">��601�� ��ͥ������</a>
			  </div><div class="col-md-6 item">
				<a href="/book/p25576/7040194.html" title="��602�� �Ҿ������ǿ��еķ������" target="_blank">��602�� �Ҿ������ǿ��еķ������</a>
			  </div><div class="col-md-6 item">
				<a href="/book/p25576/7040195.html" title="��603�� ��ǿ��Ŀ��" target="_blank">��603�� ��ǿ��Ŀ��</a>
			  </div><div class="col-md-6 item">
				<a href="/book/p25576/7040196.html" title="��604�� Ӧ�������������ɵĺ��ֵ�" target="_blank">��604�� Ӧ�������������ɵĺ��ֵ�</a>
			  </div><div class="col-md-6 item">
				<a href="/book/p25576/7040197.html" title="��605�� ���ƾۻ�" target="_blank">��605�� ���ƾۻ�</a>
			  </div><div class="col-md-6 item">
				<a href="/book/p25576/7040198.html" title="��606�� �������ˣ�" target="_blank">��606�� �������ˣ�</a>
			  </div><div class="col-md-6 item">
				<a href="/book/p25576/7040199.html" title="��607�� ���Ժ����½�ٽ���" target="_blank">��607�� ���Ժ����½�ٽ���</a>
			  </div><div class="col-md-6 item">
				<a href="/book/p25576/7040200.html" title="��608�� ������俪ʼ" target="_blank">��608�� ������俪ʼ</a>
			  </div><div class="col-md-6 item">
				<a href="/book/p25576/7040201.html" title="��609�� ���峤����Ľ�" target="_blank">��609�� ���峤����Ľ�</a>
			  </div><div class="col-md-6 item">
				<a href="/book/p25576/7040202.html" title="��610�� �Ϲŵ۽��ı�����ѧ" target="_blank">��610�� �Ϲŵ۽��ı�����ѧ</a>
			  </div><div class="col-md-6 item">
				<a href="/book/p25576/7040203.html" title="��611�� ����" target="_blank">��611�� ����</a>
			  </div><div class="col-md-6 item">
				<a href="/book/p25576/7040204.html" title="��612�� ��ѹ" target="_blank">��612�� ��ѹ</a>
			  </div><div class="col-md-6 item">
				<a href="/book/p25576/7040205.html" title="��613�� �ڽ����޵�" target="_blank">��613�� �ڽ����޵�</a>
			  </div><div class="col-md-6 item">
				<a href="/book/p25576/7040206.html" title="��614�� ͻ��ԪӤ" target="_blank">��614�� ͻ��ԪӤ</a>
			  </div><div class="col-md-6 item">
				<a href="/book/p25576/7040207.html" title="��615�� ��û�������ʹ�����ͥ��������" target="_blank">��615�� ��û�������ʹ�����ͥ��������</a>
			  </div><div class="col-md-6 item">
				<a href="/book/p25576/7040208.html" title="��616�� ������" target="_blank">��616�� ������</a>
			  </div><div class="col-md-6 item">
				<a href="/book/p25576/7040209.html" title="��617�� �Һ�½ʦ��ͬ���ڶ���������" target="_blank">��617�� �Һ�½ʦ��ͬ���ڶ���������</a>
			  </div><div class="col-md-6 item">
				<a href="/book/p25576/7040210.html" title="��618�� �������������ֵ���´ν�������" target="_blank">��618�� �������������ֵ���´ν�������</a>
			  </div><div class="col-md-6 item">
				<a href="/book/p25576/7040211.html" title="��619�� ����֮ս��" target="_blank">��619�� ����֮ս��</a>
			  </div><div class="col-md-6 item">
				<a href="/book/p25576/7040212.html" title="��620�� �����ܿܣ�����ǿʳ" target="_blank">��620�� �����ܿܣ�����ǿʳ</a>
			  </div><div class="col-md-6 item">
				<a href="/book/p25576/7040213.html" title="��621�� �����޳�" target="_blank">��621�� �����޳�</a>
			  </div><div class="col-md-6 item">
				<a href="/book/p25576/7040214.html" title="��622�� �ľ���ս������" target="_blank">��622�� �ľ���ս������</a>
			  </div><div class="col-md-6 item">
				<a href="/book/p25576/7040215.html" title="��623�� �ط���" target="_blank">��623�� �ط���</a>
			  </div><div class="col-md-6 item">
				<a href="/book/p25576/7040216.html" title="��624�� ԪӤ�ڵı仯" target="_blank">��624�� ԪӤ�ڵı仯</a>
			  </div><div class="col-md-6 item">
				<a href="/book/p25576/7040217.html" title="��625�� ��ʦ�֣����������㱨һЩ���" target="_blank">��625�� ��ʦ�֣����������㱨һЩ���</a>
			  </div><div class="col-md-6 item">
				<a href="/book/p25576/7040218.html" title="��626�� ƽ��" target="_blank">��626�� ƽ��</a>
			  </div><div class="col-md-6 item">
				<a href="/book/p25576/7040219.html" title="��627�� ��һ�����صĵ���" target="_blank">��627�� ��һ�����صĵ���</a>
			  </div><div class="col-md-6 item">
				<a href="/book/p25576/7040220.html" title="��628�� ͻ��ԪӤ�ڵĴ󶯾�" target="_blank">��628�� ͻ��ԪӤ�ڵĴ󶯾�</a>
			  </div><div class="col-md-6 item">
				<a href="/book/p25576/7040221.html" title="��629�� ȫ�µľ���" target="_blank">��629�� ȫ�µľ���</a>
			  </div><div class="col-md-6 item">
				<a href="/book/p25576/7040222.html" title="��630�� ������������д�һ��" target="_blank">��630�� ������������д�һ��</a>
			  </div><div class="col-md-6 item">
				<a href="/book/p25576/7040223.html" title="��631�� ����ԪӤ����" target="_blank">��631�� ����ԪӤ����</a>
			  </div><div class="col-md-6 item">
				<a href="/book/p25576/7040224.html" title="��632�� ��ʦ��սʤ���Լ���ԪӤ" target="_blank">��632�� ��ʦ��սʤ���Լ���ԪӤ</a>
			  </div><div class="col-md-6 item">
				<a href="/book/p25576/7040225.html" title="��633�� ����û�нݾ�" target="_blank">��633�� ����û�нݾ�</a>
			  </div><div class="col-md-6 item">
				<a href="/book/p25576/7040226.html" title="��634�� ���ǵ�ԪӤ" target="_blank">��634�� ���ǵ�ԪӤ</a>
			  </div><div class="col-md-6 item">
				<a href="/book/p25576/7040227.html" title="��635�� �Ͼ��۵�����ʽ" target="_blank">��635�� �Ͼ��۵�����ʽ</a>
			  </div><div class="col-md-6 item">
				<a href="/book/p25576/7040228.html" title="��636�� ԪӤ����" target="_blank">��636�� ԪӤ����</a>
			  </div><div class="col-md-6 item">
				<a href="/book/p25576/7040229.html" title="��637�� �޵�Ӥ���÷�" target="_blank">��637�� �޵�Ӥ���÷�</a>
			  </div><div class="col-md-6 item">
				<a href="/book/p25576/7040230.html" title="��638�� ϴ����" target="_blank">��638�� ϴ����</a>
			  </div><div class="col-md-6 item">
				<a href="/book/p25576/7040231.html" title="��639�� ���ɽ���" target="_blank">��639�� ���ɽ���</a>
			  </div><div class="col-md-6 item">
				<a href="/book/p25576/7040232.html" title="��640�� ��ͥ�̵ĳ���" target="_blank">��640�� ��ͥ�̵ĳ���</a>
			  </div><div class="col-md-6 item">
				<a href="/book/p25576/7040233.html" title="��641�� ��ͥ��ʥ��" target="_blank">��641�� ��ͥ��ʥ��</a>
			  </div><div class="col-md-6 item">
				<a href="/book/p25576/7040234.html" title="��642�� �Ͼ��ۣ�ʲô����Ҳ�Ҹ��ұ�����" target="_blank">��642�� �Ͼ��ۣ�ʲô����Ҳ�Ҹ��ұ�����</a>
			  </div><div class="col-md-6 item">
				<a href="/book/p25576/7040235.html" title="��643�� ���Ľ̵�����" target="_blank">��643�� ���Ľ̵�����</a>
			  </div><div class="col-md-6 item">
				<a href="/book/p25576/7040236.html" title="��644�� ���Ȼ��ԪӤ" target="_blank">��644�� ���Ȼ��ԪӤ</a>
			  </div><div class="col-md-6 item">
				<a href="/book/p25576/7040237.html" title="��645�� ��������" target="_blank">��645�� ��������</a>
			  </div><div class="col-md-6 item">
				<a href="/book/p25576/7040238.html" title="��646�� ���ɽ��������" target="_blank">��646�� ���ɽ��������</a>
			  </div><div class="col-md-6 item">
				<a href="/book/p25576/7040239.html" title="��647�� �ƾ����е�ս" target="_blank">��647�� �ƾ����е�ս</a>
			  </div><div class="col-md-6 item">
				<a href="/book/p25576/7040240.html" title="��648�� ��������" target="_blank">��648�� ��������</a>
			  </div><div class="col-md-6 item">
				<a href="/book/p25576/7040241.html" title="��649�� ����" target="_blank">��649�� ����</a>
			  </div><div class="col-md-6 item">
				<a href="/book/p25576/7040242.html" title="��650�� ��Ѫ" target="_blank">��650�� ��Ѫ</a>
			  </div><div class="col-md-6 item">
				<a href="/book/p25576/7040243.html" title="��651�� ����" target="_blank">��651�� ����</a>
			  </div><div class="col-md-6 item">
				<a href="/book/p25576/7040244.html" title="��652�� ����" target="_blank">��652�� ����</a>
			  </div><div class="col-md-6 item">
				<a href="/book/p25576/7040245.html" title="��653�� �õ���ɮ" target="_blank">��653�� �õ���ɮ</a>
			  </div><div class="col-md-6 item">
				<a href="/book/p25576/7040246.html" title="��654�� ɱ��" target="_blank">��654�� ɱ��</a>
			  </div><div class="col-md-6 item">
				<a href="/book/p25576/7040247.html" title="��655�� ��ʳ����" target="_blank">��655�� ��ʳ����</a>
			  </div><div class="col-md-6 item">
				<a href="/book/p25576/7040248.html" title="��656�� ���ƻ���" target="_blank">��656�� ���ƻ���</a>
			  </div><div class="col-md-6 item">
				<a href="/book/p25576/7040249.html" title="��657�� ��Ȱ" target="_blank">��657�� ��Ȱ</a>
			  </div><div class="col-md-6 item">
				<a href="/book/p25576/7040250.html" title="��658�� ����" target="_blank">��658�� ����</a>
			  </div><div class="col-md-6 item">
				<a href="/book/p25576/7040251.html" title="��659�� ��׹" target="_blank">��659�� ��׹</a>
			  </div><div class="col-md-6 item">
				<a href="/book/p25576/7040252.html" title="��660�� ��Ե���" target="_blank">��660�� ��Ե���</a>
			  </div><div class="col-md-6 item">
				<a href="/book/p25576/7040253.html" title="��661�� Ч�ʸ�" target="_blank">��661�� Ч�ʸ�</a>
			  </div><div class="col-md-6 item">
				<a href="/book/p25576/7040254.html" title="��662�� ���" target="_blank">��662�� ���</a>
			  </div><div class="col-md-6 item">
				<a href="/book/p25576/7040255.html" title="��663�� ѧϰȭ��" target="_blank">��663�� ѧϰȭ��</a>
			  </div><div class="col-md-6 item">
				<a href="/book/p25576/7040256.html" title="��664�� �������" target="_blank">��664�� �������</a>
			  </div><div class="col-md-6 item">
				<a href="/book/p25576/7040257.html" title="��665�� ���Ʋ���" target="_blank">��665�� ���Ʋ���</a>
			  </div><div class="col-md-6 item">
				<a href="/book/p25576/7040258.html" title="��666�� ���ɶ���̫��" target="_blank">��666�� ���ɶ���̫��</a>
			  </div><div class="col-md-6 item">
				<a href="/book/p25576/7040259.html" title="��667�� �޸���ǳ" target="_blank">��667�� �޸���ǳ</a>
			  </div><div class="col-md-6 item">
				<a href="/book/p25576/7040260.html" title="��668�� ����������" target="_blank">��668�� ����������</a>
			  </div><div class="col-md-6 item">
				<a href="/book/p25576/7040261.html" title="��669�� ½��ʦ�������޴�" target="_blank">��669�� ½��ʦ�������޴�</a>
			  </div><div class="col-md-6 item">
				<a href="/book/p25576/7040262.html" title="��670�� ���" target="_blank">��670�� ���</a>
			  </div><div class="col-md-6 item">
				<a href="/book/p25576/7040263.html" title="��671�� �������" target="_blank">��671�� �������</a>
			  </div><div class="col-md-6 item">
				<a href="/book/p25576/7040264.html" title="��672�� �����Ի��Ĵ�����" target="_blank">��672�� �����Ի��Ĵ�����</a>
			  </div><div class="col-md-6 item">
				<a href="/book/p25576/7040265.html" title="��673�� ����" target="_blank">��673�� ����</a>
			  </div><div class="col-md-6 item">
				<a href="/book/p25576/7040266.html" title="��674�� ����Ϊʵ" target="_blank">��674�� ����Ϊʵ</a>
			  </div><div class="col-md-6 item">
				<a href="/book/p25576/7040267.html" title="��675�� ��ͥ�̽���" target="_blank">��675�� ��ͥ�̽���</a>
			  </div><div class="col-md-6 item">
				<a href="/book/p25576/7040268.html" title="��676�� �ƽ���֮��" target="_blank">��676�� �ƽ���֮��</a>
			  </div><div class="col-md-6 item">
				<a href="/book/p25576/7040269.html" title="��677�� һ��" target="_blank">��677�� һ��</a>
			  </div><div class="col-md-6 item">
				<a href="/book/p25576/7040270.html" title="��678�� ������������ô�����������ɵģ�" target="_blank">��678�� ������������ô�����������ɵģ�</a>
			  </div><div class="col-md-6 item">
				<a href="/book/p25576/7040271.html" title="��679�� ˫����" target="_blank">��679�� ˫����</a>
			  </div><div class="col-md-6 item">
				<a href="/book/p25576/7040272.html" title="��680�� �������ӵ������ĵ�" target="_blank">��680�� �������ӵ������ĵ�</a>
			  </div><div class="col-md-6 item">
				<a href="/book/p25576/7040273.html" title="��681�� ������" target="_blank">��681�� ������</a>
			  </div><div class="col-md-6 item">
				<a href="/book/p25576/7040274.html" title="��682�� �ƺ�����" target="_blank">��682�� �ƺ�����</a>
			  </div><div class="col-md-6 item">
				<a href="/book/p25576/7040275.html" title="��683�� ��Ң" target="_blank">��683�� ��Ң</a>
			  </div><div class="col-md-6 item">
				<a href="/book/p25576/7040276.html" title="��684�� ������ȫ֪" target="_blank">��684�� ������ȫ֪</a>
			  </div><div class="col-md-6 item">
				<a href="/book/p25576/7040277.html" title="��685�� �ɵ�����" target="_blank">��685�� �ɵ�����</a>
			  </div><div class="col-md-6 item">
				<a href="/book/p25576/7040278.html" title="��686�� �������" target="_blank">��686�� �������</a>
			  </div><div class="col-md-6 item">
				<a href="/book/p25576/7040279.html" title="��687�� �ߵ���������������" target="_blank">��687�� �ߵ���������������</a>
			  </div><div class="col-md-6 item">
				<a href="/book/p25576/7040280.html" title="��688�� �������ͨ" target="_blank">��688�� �������ͨ</a>
			  </div><div class="col-md-6 item">
				<a href="/book/p25576/7040281.html" title="��689�� �ٽ���" target="_blank">��689�� �ٽ���</a>
			  </div><div class="col-md-6 item">
				<a href="/book/p25576/7040282.html" title="��690�� ½�ٽ�������˵���ƽ�������֥���˸�ƽ��" target="_blank">��690�� ½�ٽ�������˵���ƽ�������֥���˸�ƽ��</a>
			  </div><div class="col-md-6 item">
				<a href="/book/p25576/7040283.html" title="��691�� �ܻ�" target="_blank">��691�� �ܻ�</a>
			  </div><div class="col-md-6 item">
				<a href="/book/p25576/7040284.html" title="��692�� ̫����" target="_blank">��692�� ̫����</a>
			  </div><div class="col-md-6 item">
				<a href="/book/p25576/7040285.html" title="��693�� ���̺���" target="_blank">��693�� ���̺���</a>
			  </div><div class="col-md-6 item">
				<a href="/book/p25576/7040286.html" title="��694�� ����������������һ������" target="_blank">��694�� ����������������һ������</a>
			  </div><div class="col-md-6 item">
				<a href="/book/p25576/7040287.html" title="��695�� �������´������˵��" target="_blank">��695�� �������´������˵��</a>
			  </div><div class="col-md-6 item">
				<a href="/book/p25576/7040288.html" title="��696�� �������������ţ�" target="_blank">��696�� �������������ţ�</a>
			  </div><div class="col-md-6 item">
				<a href="/book/p25576/7040289.html" title="��697�� �������ؾ�" target="_blank">��697�� �������ؾ�</a>
			  </div><div class="col-md-6 item">
				<a href="/book/p25576/7040290.html" title="��698�� ���ĵļ�����" target="_blank">��698�� ���ĵļ�����</a>
			  </div><div class="col-md-6 item">
				<a href="/book/p25576/7040291.html" title="��699�� ����" target="_blank">��699�� ����</a>
			  </div><div class="col-md-6 item">
				<a href="/book/p25576/7040292.html" title="��700�� ǿ����̬" target="_blank">��700�� ǿ����̬</a>
			  </div><div class="col-md-6 item">
				<a href="/book/p25576/7040293.html" title="��701�� �ܷ��ϴ�ʦ�ֵı�׼" target="_blank">��701�� �ܷ��ϴ�ʦ�ֵı�׼</a>
			  </div><div class="col-md-6 item">
				<a href="/book/p25576/7040294.html" title="��702�� ������" target="_blank">��702�� ������</a>
			  </div><div class="col-md-6 item">
				<a href="/book/p25576/7040295.html" title="��703�� �˷ܵ�����" target="_blank">��703�� �˷ܵ�����</a>
			  </div><div class="col-md-6 item">
				<a href="/book/p25576/7040296.html" title="��704�� ������Ҫ��������" target="_blank">��704�� ������Ҫ��������</a>
			  </div><div class="col-md-6 item">
				<a href="/book/p25576/7040297.html" title="��705�� �׼��˴�������" target="_blank">��705�� �׼��˴�������</a>
			  </div><div class="col-md-6 item">
				<a href="/book/p25576/7040298.html" title="��706�� �����" target="_blank">��706�� �����</a>
			  </div><div class="col-md-6 item">
				<a href="/book/p25576/7040299.html" title="��707�� �������" target="_blank">��707�� �������</a>
			  </div><div class="col-md-6 item">
				<a href="/book/p25576/7040300.html" title="��708�� ���۽�" target="_blank">��708�� ���۽�</a>
			  </div><div class="col-md-6 item">
				<a href="/book/p25576/7040301.html" title="��709�� ׷ɱ�������֮��" target="_blank">��709�� ׷ɱ�������֮��</a>
			  </div><div class="col-md-6 item">
				<a href="/book/p25576/7040302.html" title="��710�� ��ˮ����������" target="_blank">��710�� ��ˮ����������</a>
			  </div><div class="col-md-6 item">
				<a href="/book/p25576/7040303.html" title="��711�� ���������ú���" target="_blank">��711�� ���������ú���</a>
			  </div><div class="col-md-6 item">
				<a href="/book/p25576/7040304.html" title="��712�� ��ʦ�֣���������˭" target="_blank">��712�� ��ʦ�֣���������˭</a>
			  </div><div class="col-md-6 item">
				<a href="/book/p25576/7040305.html" title="��713�� ���߲�" target="_blank">��713�� ���߲�</a>
			  </div><div class="col-md-6 item">
				<a href="/book/p25576/7040306.html" title="��714�� ��˯ʮ�����꣬�ҵ����ų�Ϊ��һ����" target="_blank">��714�� ��˯ʮ�����꣬�ҵ����ų�Ϊ��һ����</a>
			  </div><div class="col-md-6 item">
				<a href="/book/p25576/7040307.html" title="��715�� ��һħ��Ҳ���ҵ�����" target="_blank">��715�� ��һħ��Ҳ���ҵ�����</a>
			  </div><div class="col-md-6 item">
				<a href="/book/p25576/7040308.html" title="��716�� �������ʵ�����ǿ����" target="_blank">��716�� �������ʵ�����ǿ����</a>
			  </div><div class="col-md-6 item">
				<a href="/book/p25576/7040309.html" title="��717�� �ұ�����һ��" target="_blank">��717�� �ұ�����һ��</a>
			  </div><div class="col-md-6 item">
				<a href="/book/p25576/7040310.html" title="��718�� ԪӤ����" target="_blank">��718�� ԪӤ����</a>
			  </div><div class="col-md-6 item">
				<a href="/book/p25576/7040311.html" title="��719�� �򷨵���" target="_blank">��719�� �򷨵���</a>
			  </div><div class="col-md-6 item">
				<a href="/book/p25576/7040312.html" title="��720�� ���ǲ���" target="_blank">��720�� ���ǲ���</a>
			  </div><div class="col-md-6 item">
				<a href="/book/p25576/7040313.html" title="��721�� �˾��ǵ���ħ" target="_blank">��721�� �˾��ǵ���ħ</a>
			  </div><div class="col-md-6 item">
				<a href="/book/p25576/7040314.html" title="��722�� ����򷨵���" target="_blank">��722�� ����򷨵���</a>
			  </div><div class="col-md-6 item">
				<a href="/book/p25576/7040315.html" title="��723�� �Ǹ�����Ķ���" target="_blank">��723�� �Ǹ�����Ķ���</a>
			  </div><div class="col-md-6 item">
				<a href="/book/p25576/7040316.html" title="��724�� ����������" target="_blank">��724�� ����������</a>
			  </div><div class="col-md-6 item">
				<a href="/book/p25576/7040317.html" title="��725�� ��Ҳ�̲�ס�Ĺ�а" target="_blank">��725�� ��Ҳ�̲�ס�Ĺ�а</a>
			  </div><div class="col-md-6 item">
				<a href="/book/p25576/7040318.html" title="��726�� �ʵ��ڵĵ���" target="_blank">��726�� �ʵ��ڵĵ���</a>
			  </div><div class="col-md-6 item">
				<a href="/book/p25576/7040319.html" title="��727�� ��������������ռ��������" target="_blank">��727�� ��������������ռ��������</a>
			  </div><div class="col-md-6 item">
				<a href="/book/p25576/7040320.html" title="��728�� ���ƹ�ϵ" target="_blank">��728�� ���ƹ�ϵ</a>
			  </div><div class="col-md-6 item">
				<a href="/book/p25576/7040321.html" title="��729�� �α���Ѱ��·" target="_blank">��729�� �α���Ѱ��·</a>
			  </div><div class="col-md-6 item">
				<a href="/book/p25576/7040322.html" title="��730�� ��Ҫ����������" target="_blank">��730�� ��Ҫ����������</a>
			  </div><div class="col-md-6 item">
				<a href="/book/p25576/7040323.html" title="��731�� �ջ��ʢ" target="_blank">��731�� �ջ��ʢ</a>
			  </div><div class="col-md-6 item">
				<a href="/book/p25576/7040324.html" title="��732�� ���죺��ôð������ô����ɣ�" target="_blank">��732�� ���죺��ôð������ô����ɣ�</a>
			  </div><div class="col-md-6 item">
				<a href="/book/p25576/7040325.html" title="��733�� �ʴ�" target="_blank">��733�� �ʴ�</a>
			  </div><div class="col-md-6 item">
				<a href="/book/p25576/7040326.html" title="��734�� ��ʧ��н������" target="_blank">��734�� ��ʧ��н������</a>
			  </div><div class="col-md-6 item">
				<a href="/book/p25576/7040327.html" title="��735�� �ܻ�ӭ��½����Ͼ���" target="_blank">��735�� �ܻ�ӭ��½����Ͼ���</a>
			  </div><div class="col-md-6 item">
				<a href="/book/p25576/7040328.html" title="��736�� ����" target="_blank">��736�� ����</a>
			  </div><div class="col-md-6 item">
				<a href="/book/p25576/7040329.html" title="��737�� ��ǿ�ĵ����" target="_blank">��737�� ��ǿ�ĵ����</a>
			  </div><div class="col-md-6 item">
				<a href="/book/p25576/7040330.html" title="��738�� ������˹���" target="_blank">��738�� ������˹���</a>
			  </div><div class="col-md-6 item">
				<a href="/book/p25576/7040331.html" title="��739�� ����ʷ�" target="_blank">��739�� ����ʷ�</a>
			  </div><div class="col-md-6 item">
				<a href="/book/p25576/7040332.html" title="��740�� һ������" target="_blank">��740�� һ������</a>
			  </div><div class="col-md-6 item">
				<a href="/book/p25576/7040333.html" title="��741�� ������ս" target="_blank">��741�� ������ս</a>
			  </div><div class="col-md-6 item">
				<a href="/book/p25576/7040334.html" title="��742�� ��" target="_blank">��742�� ��</a>
			  </div><div class="col-md-6 item">
				<a href="/book/p25576/7040335.html" title="��743�� ��ӡѪ��" target="_blank">��743�� ��ӡѪ��</a>
			  </div><div class="col-md-6 item">
				<a href="/book/p25576/7040336.html" title="��744�� Ѱ�ҳ�����ҩ" target="_blank">��744�� Ѱ�ҳ�����ҩ</a>
			  </div><div class="col-md-6 item">
				<a href="/book/p25576/7040337.html" title="��745�� Σ�գ�Σ�գ�����Σ�գ�" target="_blank">��745�� Σ�գ�Σ�գ�����Σ�գ�</a>
			  </div><div class="col-md-6 item">
				<a href="/book/p25576/7040338.html" title="��746�� ���" target="_blank">��746�� ���</a>
			  </div><div class="col-md-6 item">
				<a href="/book/p25576/7040339.html" title="��747�� �����" target="_blank">��747�� �����</a>
			  </div><div class="col-md-6 item">
				<a href="/book/p25576/7040340.html" title="��748�� ����" target="_blank">��748�� ����</a>
			  </div><div class="col-md-6 item">
				<a href="/book/p25576/7040341.html" title="��749�� ��������һ����ɫ" target="_blank">��749�� ��������һ����ɫ</a>
			  </div><div class="col-md-6 item">
				<a href="/book/p25576/7040342.html" title="��750�� �����������ں��۸����ɣ�" target="_blank">��750�� �����������ں��۸����ɣ�</a>
			  </div><div class="col-md-6 item">
				<a href="/book/p25576/7040343.html" title="��751�� һ�ϻ�����" target="_blank">��751�� һ�ϻ�����</a>
			  </div><div class="col-md-6 item">
				<a href="/book/p25576/7040344.html" title="��752�� ����" target="_blank">��752�� ����</a>
			  </div><div class="col-md-6 item">
				<a href="/book/p25576/7040345.html" title="��753�� ���ɲ�" target="_blank">��753�� ���ɲ�</a>
			  </div><div class="col-md-6 item">
				<a href="/book/p25576/7040346.html" title="��754�� һ·ƽ��" target="_blank">��754�� һ·ƽ��</a>
			  </div><div class="col-md-6 item">
				<a href="/book/p25576/7040347.html" title="��755�� ������" target="_blank">��755�� ������</a>
			  </div><div class="col-md-6 item">
				<a href="/book/p25576/7040348.html" title="��756�� ���ʯ" target="_blank">��756�� ���ʯ</a>
			  </div><div class="col-md-6 item">
				<a href="/book/p25576/7040349.html" title="��757�� ����ս" target="_blank">��757�� ����ս</a>
			  </div><div class="col-md-6 item">
				<a href="/book/p25576/7040350.html" title="��758�� �ܻ�ӭ�����Ȼ" target="_blank">��758�� �ܻ�ӭ�����Ȼ</a>
			  </div><div class="col-md-6 item">
				<a href="/book/p25576/7040351.html" title="��759�� ��������ô��������ʱ���ǳ���ô���µ�" target="_blank">��759�� ��������ô��������ʱ���ǳ���ô���µ�</a>
			  </div><div class="col-md-6 item">
				<a href="/book/p25576/7040352.html" title="��760�� ���������Ĵ�˵" target="_blank">��760�� ���������Ĵ�˵</a>
			  </div><div class="col-md-6 item">
				<a href="/book/p25576/7040353.html" title="��761�� ��������" target="_blank">��761�� ��������</a>
			  </div><div class="col-md-6 item">
				<a href="/book/p25576/7040354.html" title="��762�� ������" target="_blank">��762�� ������</a>
			  </div><div class="col-md-6 item">
				<a href="/book/p25576/7040355.html" title="��763�� ��Ϸ" target="_blank">��763�� ��Ϸ</a>
			  </div><div class="col-md-6 item">
				<a href="/book/p25576/7040356.html" title="��764�� ��������" target="_blank">��764�� ��������</a>
			  </div><div class="col-md-6 item">
				<a href="/book/p25576/7040357.html" title="��765�� �������峤֮��" target="_blank">��765�� �������峤֮��</a>
			  </div><div class="col-md-6 item">
				<a href="/book/p25576/7040358.html" title="��766�� ���ֻ�������" target="_blank">��766�� ���ֻ�������</a>
			  </div><div class="col-md-6 item">
				<a href="/book/p25576/7040359.html" title="��767�� ��«���ֺ�" target="_blank">��767�� ��«���ֺ�</a>
			  </div><div class="col-md-6 item">
				<a href="/book/p25576/7040360.html" title="��768�� ��«���ֵ�" target="_blank">��768�� ��«���ֵ�</a>
			  </div><div class="col-md-6 item">
				<a href="/book/p25576/7040361.html" title="��769�� ������¥" target="_blank">��769�� ������¥</a>
			  </div><div class="col-md-6 item">
				<a href="/book/p25576/7040362.html" title="��770�� ������Ҳ��" target="_blank">��770�� ������Ҳ��</a>
			  </div><div class="col-md-6 item">
				<a href="/book/p25576/7040363.html" title="��771�� ҹ̽��ս��ַ" target="_blank">��771�� ҹ̽��ս��ַ</a>
			  </div><div class="col-md-6 item">
				<a href="/book/p25576/7040364.html" title="��772�� �������" target="_blank">��772�� �������</a>
			  </div><div class="col-md-6 item">
				<a href="/book/p25576/7040365.html" title="��773�� ��������" target="_blank">��773�� ��������</a>
			  </div><div class="col-md-6 item">
				<a href="/book/p25576/7040366.html" title="��774�� �ײ�" target="_blank">��774�� �ײ�</a>
			  </div><div class="col-md-6 item">
				<a href="/book/p25576/7040367.html" title="��775�� ���õķ���̬��" target="_blank">��775�� ���õķ���̬��</a>
			  </div><div class="col-md-6 item">
				<a href="/book/p25576/7040368.html" title="��776�� ������" target="_blank">��776�� ������</a>
			  </div><div class="col-md-6 item">
				<a href="/book/p25576/7040369.html" title="��777�� �������Ǹɵģ�" target="_blank">��777�� �������Ǹɵģ�</a>
			  </div><div class="col-md-6 item">
				<a href="/book/p25576/7040370.html" title="��778�� ������������ײ�����ô�и��ˣ�" target="_blank">��778�� ������������ײ�����ô�и��ˣ�</a>
			  </div><div class="col-md-6 item">
				<a href="/book/p25576/7040371.html" title="��779�� ���߲���" target="_blank">��779�� ���߲���</a>
			  </div><div class="col-md-6 item">
				<a href="/book/p25576/7040372.html" title="��780�� �ϰͣ����������ֲ�ס" target="_blank">��780�� �ϰͣ����������ֲ�ס</a>
			  </div><div class="col-md-6 item">
				<a href="/book/p25576/7040373.html" title="��781�� ����" target="_blank">��781�� ����</a>
			  </div><div class="col-md-6 item">
				<a href="/book/p25576/7040374.html" title="��782�� �޷���������ӵ�ԭ��" target="_blank">��782�� �޷���������ӵ�ԭ��</a>
			  </div><div class="col-md-6 item">
				<a href="/book/p25576/7040375.html" title="��783�� �ֶ��ʦ��" target="_blank">��783�� �ֶ��ʦ��</a>
			  </div><div class="col-md-6 item">
				<a href="/book/p25576/7040376.html" title="��784�� ��ͥ��ͳ" target="_blank">��784�� ��ͥ��ͳ</a>
			  </div><div class="col-md-6 item">
				<a href="/book/p25576/7040377.html" title="��785�� ��ı" target="_blank">��785�� ��ı</a>
			  </div><div class="col-md-6 item">
				<a href="/book/p25576/7040378.html" title="��786�� �ƻ����ܣ�����һʧ" target="_blank">��786�� �ƻ����ܣ�����һʧ</a>
			  </div><div class="col-md-6 item">
				<a href="/book/p25576/7040379.html" title="��787�� �ɽ����淥����" target="_blank">��787�� �ɽ����淥����</a>
			  </div><div class="col-md-6 item">
				<a href="/book/p25576/7040380.html" title="��788�� �ɽ��ڴ��ȫʤ" target="_blank">��788�� �ɽ��ڴ��ȫʤ</a>
			  </div><div class="col-md-6 item">
				<a href="/book/p25576/7040381.html" title="��789�� �ʹ���" target="_blank">��789�� �ʹ���</a>
			  </div><div class="col-md-6 item">
				<a href="/book/p25576/7040382.html" title="��790�� ��������" target="_blank">��790�� ��������</a>
			  </div><div class="col-md-6 item">
				<a href="/book/p25576/7040383.html" title="��791�� ԪӤ���Ϲ��淥����" target="_blank">��791�� ԪӤ���Ϲ��淥����</a>
			  </div><div class="col-md-6 item">
				<a href="/book/p25576/7040384.html" title="��792�� �Ž��콾֮ս��" target="_blank">��792�� �Ž��콾֮ս��</a>
			  </div><div class="col-md-6 item">
				<a href="/book/p25576/7040385.html" title="��793�� ��ɽ���˵ĵ�������" target="_blank">��793�� ��ɽ���˵ĵ�������</a>
			  </div><div class="col-md-6 item">
				<a href="/book/p25576/7040386.html" title="��794�� �����ǿ��" target="_blank">��794�� �����ǿ��</a>
			  </div><div class="col-md-6 item">
				<a href="/book/p25576/7040387.html" title="��795�� ֪���߱���" target="_blank">��795�� ֪���߱���</a>
			  </div><div class="col-md-6 item">
				<a href="/book/p25576/7040388.html" title="��796�� ��������" target="_blank">��796�� ��������</a>
			  </div><div class="col-md-6 item">
				<a href="/book/p25576/7040389.html" title="��797�� �����Ϲ����ɵ��׸��������ʲô���⣿" target="_blank">��797�� �����Ϲ����ɵ��׸��������ʲô���⣿</a>
			  </div><div class="col-md-6 item">
				<a href="/book/p25576/7040390.html" title="��798�� 嫺����������������Ǹ�ʲô���ˣ�" target="_blank">��798�� 嫺����������������Ǹ�ʲô���ˣ�</a>
			  </div><div class="col-md-6 item">
				<a href="/book/p25576/7040391.html" title="��799�� �����������ǲ���˵ȥ����ֻ��ȥ����" target="_blank">��799�� �����������ǲ���˵ȥ����ֻ��ȥ����</a>
			  </div><div class="col-md-6 item">
				<a href="/book/p25576/7040392.html" title="��800�� ��ʦ�ܣ����������ʲô��" target="_blank">��800�� ��ʦ�ܣ����������ʲô��</a>
			  </div><div class="col-md-6 item">
				<a href="/book/p25576/7040393.html" title="��801�� �����������������" target="_blank">��801�� �����������������</a>
			  </div><div class="col-md-6 item">
				<a href="/book/p25576/7040394.html" title="��802�� ������������ǿ������" target="_blank">��802�� ������������ǿ������</a>
			  </div><div class="col-md-6 item">
				<a href="/book/p25576/7040395.html" title="��803�� ��ս��֥" target="_blank">��803�� ��ս��֥</a>
			  </div><div class="col-md-6 item">
				<a href="/book/p25576/7040396.html" title="��804�� ԪӤ����" target="_blank">��804�� ԪӤ����</a>
			  </div><div class="col-md-6 item">
				<a href="/book/p25576/7040397.html" title="��805�� ҫ��̵��о��ɹ�" target="_blank">��805�� ҫ��̵��о��ɹ�</a>
			  </div><div class="col-md-6 item">
				<a href="/book/p25576/7040398.html" title="��806�� �о��ĺܺã����Ƿ���̫��" target="_blank">��806�� �о��ĺܺã����Ƿ���̫��</a>
			  </div><div class="col-md-6 item">
				<a href="/book/p25576/7040399.html" title="��807�� Ч�ʸ�" target="_blank">��807�� Ч�ʸ�</a>
			  </div><div class="col-md-6 item">
				<a href="/book/p25576/7040400.html" title="��808�� ����֮��" target="_blank">��808�� ����֮��</a>
			  </div><div class="col-md-6 item">
				<a href="/book/p25576/7040401.html" title="��809�� һ�����ܲ���" target="_blank">��809�� һ�����ܲ���</a>
			  </div><div class="col-md-6 item">
				<a href="/book/p25576/7040402.html" title="��810�� Ч�º�" target="_blank">��810�� Ч�º�</a>
			  </div><div class="col-md-6 item">
				<a href="/book/p25576/7040403.html" title="��811�� ����̵���̿���" target="_blank">��811�� ����̵���̿���</a>
			  </div><div class="col-md-6 item">
				<a href="/book/p25576/7040404.html" title="��812�� ���������" target="_blank">��812�� ���������</a>
			  </div><div class="col-md-6 item">
				<a href="/book/p25576/7040405.html" title="��813�� �ʵ��ڵ������в������ε�" target="_blank">��813�� �ʵ��ڵ������в������ε�</a>
			  </div><div class="col-md-6 item">
				<a href="/book/p25576/7040406.html" title="��814�� �޴����ڵĲ������" target="_blank">��814�� �޴����ڵĲ������</a>
			  </div><div class="col-md-6 item">
				<a href="/book/p25576/7040407.html" title="��815�� ����������۴���" target="_blank">��815�� ����������۴���</a>
			  </div><div class="col-md-6 item">
				<a href="/book/p25576/7040408.html" title="��816�� ǿ��Ľ��峤" target="_blank">��816�� ǿ��Ľ��峤</a>
			  </div><div class="col-md-6 item">
				<a href="/book/p25576/7040409.html" title="��817�� ������֮��" target="_blank">��817�� ������֮��</a>
			  </div><div class="col-md-6 item">
				<a href="/book/p25576/7040410.html" title="��818�� ����̵ĸ���" target="_blank">��818�� ����̵ĸ���</a>
			  </div><div class="col-md-6 item">
				<a href="/book/p25576/7040411.html" title="��819�� ������˽����ɽ���" target="_blank">��819�� ������˽����ɽ���</a>
			  </div><div class="col-md-6 item">
				<a href="/book/p25576/7040412.html" title="��820�� ������Ҫ�����" target="_blank">��820�� ������Ҫ�����</a>
			  </div><div class="col-md-6 item">
				<a href="/book/p25576/7040413.html" title="��821�� ����С�¾Ͳ��鷳��֥��" target="_blank">��821�� ����С�¾Ͳ��鷳��֥��</a>
			  </div><div class="col-md-6 item">
				<a href="/book/p25576/7040414.html" title="��822�� ���Ѷ�����" target="_blank">��822�� ���Ѷ�����</a>
			  </div><div class="col-md-6 item">
				<a href="/book/p25576/7040415.html" title="��823�� һ����������" target="_blank">��823�� һ����������</a>
			  </div><div class="col-md-6 item">
				<a href="/book/p25576/7040416.html" title="��824�� Ҫô�������Ҫô�ҹ�ȥ" target="_blank">��824�� Ҫô�������Ҫô�ҹ�ȥ</a>
			  </div><div class="col-md-6 item">
				<a href="/book/p25576/7040417.html" title="��825�� �ϴ���ү�ؼ�" target="_blank">��825�� �ϴ���ү�ؼ�</a>
			  </div><div class="col-md-6 item">
				<a href="/book/p25576/7040418.html" title="��826�� ���ֵ����߲嵶" target="_blank">��826�� ���ֵ����߲嵶</a>
			  </div><div class="col-md-6 item">
				<a href="/book/p25576/7040419.html" title="��827�� ������֮��������" target="_blank">��827�� ������֮��������</a>
			  </div><div class="col-md-6 item">
				<a href="/book/p25576/7040420.html" title="��828�� ����" target="_blank">��828�� ����</a>
			  </div><div class="col-md-6 item">
				<a href="/book/p25576/7040421.html" title="��829�� �Ͼ��۵�����" target="_blank">��829�� �Ͼ��۵�����</a>
			  </div><div class="col-md-6 item">
				<a href="/book/p25576/7040422.html" title="��830�� �ܻ�ӭ��½��" target="_blank">��830�� �ܻ�ӭ��½��</a>
			  </div><div class="col-md-6 item">
				<a href="/book/p25576/7040423.html" title="��831�� ��Ӯ" target="_blank">��831�� ��Ӯ</a>
			  </div><div class="col-md-6 item">
				<a href="/book/p25576/7040424.html" title="��832�� �Ž��������" target="_blank">��832�� �Ž��������</a>
			  </div><div class="col-md-6 item">
				<a href="/book/p25576/7040425.html" title="��833�� �Լ�����" target="_blank">��833�� �Լ�����</a>
			  </div><div class="col-md-6 item">
				<a href="/book/p25576/7040426.html" title="��834�� ����˺���Ҳ����" target="_blank">��834�� ����˺���Ҳ����</a>
			  </div><div class="col-md-6 item">
				<a href="/book/p25576/7040427.html" title="��835�� ������" target="_blank">��835�� ������</a>
			  </div><div class="col-md-6 item">
				<a href="/book/p25576/7040428.html" title="��836�� �н費��" target="_blank">��836�� �н費��</a>
			  </div><div class="col-md-6 item">
				<a href="/book/p25576/7040429.html" title="��837�� �ɻ�¥" target="_blank">��837�� �ɻ�¥</a>
			  </div><div class="col-md-6 item">
				<a href="/book/p25576/7040430.html" title="��838�� С���ӣ����дʫ����" target="_blank">��838�� С���ӣ����дʫ����</a>
			  </div><div class="col-md-6 item">
				<a href="/book/p25576/7040431.html" title="��839�� ��Խ���������統�ĳ���" target="_blank">��839�� ��Խ���������統�ĳ���</a>
			  </div><div class="col-md-6 item">
				<a href="/book/p25576/7040432.html" title="��840�� ���Ĳ���" target="_blank">��840�� ���Ĳ���</a>
			  </div><div class="col-md-6 item">
				<a href="/book/p25576/7040433.html" title="��841�� ��������" target="_blank">��841�� ��������</a>
			  </div><div class="col-md-6 item">
				<a href="/book/p25576/7040434.html" title="��842�� Ӧ�ö�������ѧϰ" target="_blank">��842�� Ӧ�ö�������ѧϰ</a>
			  </div><div class="col-md-6 item">
				<a href="/book/p25576/7040435.html" title="��843�� ԭ���ĵ۵�λ��ô��" target="_blank">��843�� ԭ���ĵ۵�λ��ô��</a>
			  </div><div class="col-md-6 item">
				<a href="/book/p25576/7040436.html" title="��844�� ��ɱ���Ǯ���Ŀ����" target="_blank">��844�� ��ɱ���Ǯ���Ŀ����</a>
			  </div><div class="col-md-6 item">
				<a href="/book/p25576/7040437.html" title="��845�� ����Ļ�λ" target="_blank">��845�� ����Ļ�λ</a>
			  </div><div class="col-md-6 item">
				<a href="/book/p25576/7040438.html" title="��846�� �Ļ��ӵļ�ı" target="_blank">��846�� �Ļ��ӵļ�ı</a>
			  </div><div class="col-md-6 item">
				<a href="/book/p25576/7040439.html" title="��847�� �췴" target="_blank">��847�� �췴</a>
			  </div><div class="col-md-6 item">
				<a href="/book/p25576/7040440.html" title="��848�� �ֲ������" target="_blank">��848�� �ֲ������</a>
			  </div><div class="col-md-6 item">
				<a href="/book/p25576/7040441.html" title="��849�� ���ٻ���" target="_blank">��849�� ���ٻ���</a>
			  </div><div class="col-md-6 item">
				<a href="/book/p25576/7040442.html" title="��850�� ��ɽ��" target="_blank">��850�� ��ɽ��</a>
			  </div><div class="col-md-6 item">
				<a href="/book/p25576/7040443.html" title="��851�� ���������" target="_blank">��851�� ���������</a>
			  </div><div class="col-md-6 item">
				<a href="/book/p25576/7040444.html" title="��852�� ���ޱ" target="_blank">��852�� ���ޱ</a>
			  </div><div class="col-md-6 item">
				<a href="/book/p25576/7040445.html" title="��853�� �����ɵ�������" target="_blank">��853�� �����ɵ�������</a>
			  </div><div class="col-md-6 item">
				<a href="/book/p25576/7040446.html" title="��854�� ���ֹ���" target="_blank">��854�� ���ֹ���</a>
			  </div><div class="col-md-6 item">
				<a href="/book/p25576/7040447.html" title="��855�� ��ô½�����ݺ�������" target="_blank">��855�� ��ô½�����ݺ�������</a>
			  </div><div class="col-md-6 item">
				<a href="/book/p25576/7040448.html" title="��856�� ����" target="_blank">��856�� ����</a>
			  </div><div class="col-md-6 item">
				<a href="/book/p25576/7040449.html" title="��857�� ��׳��Ĵ�����" target="_blank">��857�� ��׳��Ĵ�����</a>
			  </div><div class="col-md-6 item">
				<a href="/book/p25576/7040450.html" title="��858�� ıȨ��λ" target="_blank">��858�� ıȨ��λ</a>
			  </div><div class="col-md-6 item">
				<a href="/book/p25576/7040451.html" title="��859�� ����Ļ�λû��" target="_blank">��859�� ����Ļ�λû��</a>
			  </div><div class="col-md-6 item">
				<a href="/book/p25576/7040452.html" title="��860�� �����ֻ֣������©" target="_blank">��860�� �����ֻ֣������©</a>
			  </div><div class="col-md-6 item">
				<a href="/book/p25576/7040453.html" title="��861�� ׽�ù鰸" target="_blank">��861�� ׽�ù鰸</a>
			  </div><div class="col-md-6 item">
				<a href="/book/p25576/7040454.html" title="��862�� ʥ�ϴ��" target="_blank">��862�� ʥ�ϴ��</a>
			  </div><div class="col-md-6 item">
				<a href="/book/p25576/7040455.html" title="��863�� ½����С���޸�����" target="_blank">��863�� ½����С���޸�����</a>
			  </div><div class="col-md-6 item">
				<a href="/book/p25576/7040456.html" title="��864�� ����" target="_blank">��864�� ����</a>
			  </div><div class="col-md-6 item">
				<a href="/book/p25576/7040457.html" title="��865�� ����" target="_blank">��865�� ����</a>
			  </div><div class="col-md-6 item">
				<a href="/book/p25576/7040458.html" title="��866�� ���ݵ����" target="_blank">��866�� ���ݵ����</a>
			  </div><div class="col-md-6 item">
				<a href="/book/p25576/7040459.html" title="��867�� ������ƴ��" target="_blank">��867�� ������ƴ��</a>
			  </div><div class="col-md-6 item">
				<a href="/book/p25576/7040460.html" title="��868�� ����" target="_blank">��868�� ����</a>
			  </div><div class="col-md-6 item">
				<a href="/book/p25576/7040461.html" title="��869�� ��ɽ��" target="_blank">��869�� ��ɽ��</a>
			  </div><div class="col-md-6 item">
				<a href="/book/p25576/7040462.html" title="��870�� ��ɽ���Ĺ����ֶ�" target="_blank">��870�� ��ɽ���Ĺ����ֶ�</a>
			  </div><div class="col-md-6 item">
				<a href="/book/p25576/7040463.html" title="��871�� װ��" target="_blank">��871�� װ��</a>
			  </div><div class="col-md-6 item">
				<a href="/book/p25576/7040464.html" title="��872�� ���ݹ�ʦ�ĵ���" target="_blank">��872�� ���ݹ�ʦ�ĵ���</a>
			  </div><div class="col-md-6 item">
				<a href="/book/p25576/7040465.html" title="��873�� ��" target="_blank">��873�� ��</a>
			  </div><div class="col-md-6 item">
				<a href="/book/p25576/7040466.html" title="��874�� �ڶ�ö���ᱻ�����ĵ���" target="_blank">��874�� �ڶ�ö���ᱻ�����ĵ���</a>
			  </div><div class="col-md-6 item">
				<a href="/book/p25576/7040467.html" title="��875�� �Ͼ���һ�˼���" target="_blank">��875�� �Ͼ���һ�˼���</a>
			  </div><div class="col-md-6 item">
				<a href="/book/p25576/7040468.html" title="��876�� ������" target="_blank">��876�� ������</a>
			  </div><div class="col-md-6 item">
				<a href="/book/p25576/7040469.html" title="��877�� �۳�֮ս��Ļ" target="_blank">��877�� �۳�֮ս��Ļ</a>
			  </div><div class="col-md-6 item">
				<a href="/book/p25576/7040470.html" title="��878�� �ĵ۸���" target="_blank">��878�� �ĵ۸���</a>
			  </div><div class="col-md-6 item">
				<a href="/book/p25576/7040471.html" title="��879�� ���ʥ�������治��" target="_blank">��879�� ���ʥ�������治��</a>
			  </div><div class="col-md-6 item">
				<a href="/book/p25576/7040472.html" title="��880�� ���������ɲ���ȥ��" target="_blank">��880�� ���������ɲ���ȥ��</a>
			  </div><div class="col-md-6 item">
				<a href="/book/p25576/7040473.html" title="��881�� ���죺��ô����Խ��Խ���ˣ�" target="_blank">��881�� ���죺��ô����Խ��Խ���ˣ�</a>
			  </div><div class="col-md-6 item">
				<a href="/book/p25576/7040474.html" title="��882�� ȫ������" target="_blank">��882�� ȫ������</a>
			  </div><div class="col-md-6 item">
				<a href="/book/p25576/7040475.html" title="��883�� սʤ�޵�Ӥ" target="_blank">��883�� սʤ�޵�Ӥ</a>
			  </div><div class="col-md-6 item">
				<a href="/book/p25576/7040476.html" title="��884�� ����" target="_blank">��884�� ����</a>
			  </div><div class="col-md-6 item">
				<a href="/book/p25576/7040477.html" title="��885�� ����" target="_blank">��885�� ����</a>
			  </div><div class="col-md-6 item">
				<a href="/book/p25576/7040478.html" title="��886�� �޵�����" target="_blank">��886�� �޵�����</a>
			  </div><div class="col-md-6 item">
				<a href="/book/p25576/7040479.html" title="��887�� ��ħ" target="_blank">��887�� ��ħ</a>
			  </div><div class="col-md-6 item">
				<a href="/book/p25576/7040480.html" title="��888�� ��ȷ��������ħ�٣�" target="_blank">��888�� ��ȷ��������ħ�٣�</a>
			  </div><div class="col-md-6 item">
				<a href="/book/p25576/7040481.html" title="��889�� �Ҷ���������" target="_blank">��889�� �Ҷ���������</a>
			  </div><div class="col-md-6 item">
				<a href="/book/p25576/7040482.html" title="��890�� ����֮��" target="_blank">��890�� ����֮��</a>
			  </div><div class="col-md-6 item">
				<a href="/book/p25576/7040483.html" title="��891�� ����������" target="_blank">��891�� ����������</a>
			  </div><div class="col-md-6 item">
				<a href="/book/p25576/7040484.html" title="��892�� �����ڵı仯" target="_blank">��892�� �����ڵı仯</a>
			  </div><div class="col-md-6 item">
				<a href="/book/p25576/7040485.html" title="��893�� �ö���Ҫ����" target="_blank">��893�� �ö���Ҫ����</a>
			  </div><div class="col-md-6 item">
				<a href="/book/p25576/7040486.html" title="��894�� Ԫ����÷�" target="_blank">��894�� Ԫ����÷�</a>
			  </div><div class="col-md-6 item">
				<a href="/book/p25576/7040487.html" title="��895�� ��ͨ��صķ���" target="_blank">��895�� ��ͨ��صķ���</a>
			  </div><div class="col-md-6 item">
				<a href="/book/p25576/7040488.html" title="��896�� ѧϰװ����" target="_blank">��896�� ѧϰװ����</a>
			  </div><div class="col-md-6 item">
				<a href="/book/p25576/7040489.html" title="��897�� ��������" target="_blank">��897�� ��������</a>
			  </div><div class="col-md-6 item">
				<a href="/book/p25576/7040490.html" title="��898�� ��¥������" target="_blank">��898�� ��¥������</a>
			  </div><div class="col-md-6 item">
				<a href="/book/p25576/7040491.html" title="��899�� �����ļҵ�ǧ��" target="_blank">��899�� �����ļҵ�ǧ��</a>
			  </div><div class="col-md-6 item">
				<a href="/book/p25576/7040492.html" title="��900�� �������ָ�һλ������������" target="_blank">��900�� �������ָ�һλ������������</a>
			  </div><div class="col-md-6 item">
				<a href="/book/p25576/7040493.html" title="��901�� ��潣�Ľ���" target="_blank">��901�� ��潣�Ľ���</a>
			  </div><div class="col-md-6 item">
				<a href="/book/p25576/7040494.html" title="��902�� ��������" target="_blank">��902�� ��������</a>
			  </div><div class="col-md-6 item">
				<a href="/book/p25576/7040495.html" title="��903�� �ʽ����" target="_blank">��903�� �ʽ����</a>
			  </div><div class="col-md-6 item">
				<a href="/book/p25576/7040496.html" title="��904�� ����" target="_blank">��904�� ����</a>
			  </div><div class="col-md-6 item">
				<a href="/book/p25576/7040497.html" title="��905�� �ʽ�����" target="_blank">��905�� �ʽ�����</a>
			  </div><div class="col-md-6 item">
				<a href="/book/p25576/7040498.html" title="��906�� ��ǿ�Ķ���" target="_blank">��906�� ��ǿ�Ķ���</a>
			  </div><div class="col-md-6 item">
				<a href="/book/p25576/7040499.html" title="��907�� �Խ�Ϊ�������Ϊ��" target="_blank">��907�� �Խ�Ϊ�������Ϊ��</a>
			  </div><div class="col-md-6 item">
				<a href="/book/p25576/7040500.html" title="��908�� �����������" target="_blank">��908�� �����������</a>
			  </div><div class="col-md-6 item">
				<a href="/book/p25576/7040501.html" title="��909�� �ʽ���һ" target="_blank">��909�� �ʽ���һ</a>
			  </div><div class="col-md-6 item">
				<a href="/book/p25576/7040502.html" title="��910�� ����Я��С����" target="_blank">��910�� ����Я��С����</a>
			  </div><div class="col-md-6 item">
				<a href="/book/p25576/7040503.html" title="��911�� ������̨ʦ��ָ��һ��" target="_blank">��911�� ������̨ʦ��ָ��һ��</a>
			  </div><div class="col-md-6 item">
				<a href="/book/p25576/7040504.html" title="��912�� ���˴���" target="_blank">��912�� ���˴���</a>
			  </div><div class="col-md-6 item">
				<a href="/book/p25576/7040505.html" title="��913�� ��¥����" target="_blank">��913�� ��¥����</a>
			  </div><div class="col-md-6 item">
				<a href="/book/p25576/7040506.html" title="��914�� ���Ǻ��ˣ�" target="_blank">��914�� ���Ǻ��ˣ�</a>
			  </div><div class="col-md-6 item">
				<a href="/book/p25576/7040507.html" title="��915�� ����" target="_blank">��915�� ����</a>
			  </div><div class="col-md-6 item">
				<a href="/book/p25576/7040508.html" title="��916�� �����Ӧ����" target="_blank">��916�� �����Ӧ����</a>
			  </div><div class="col-md-6 item">
				<a href="/book/p25576/7040509.html" title="��917�� նʬ����ʬ�ⳬ�ѷ�" target="_blank">��917�� նʬ����ʬ�ⳬ�ѷ�</a>
			  </div><div class="col-md-6 item">
				<a href="/book/p25576/7040510.html" title="��918�� ��������" target="_blank">��918�� ��������</a>
			  </div><div class="col-md-6 item">
				<a href="/book/p25576/7040511.html" title="��919�� ǿ��ĻҶ���" target="_blank">��919�� ǿ��ĻҶ���</a>
			  </div><div class="col-md-6 item">
				<a href="/book/p25576/7040512.html" title="��920�� ����һ��ʼ��ֻ����ȥ��һ����" target="_blank">��920�� ����һ��ʼ��ֻ����ȥ��һ����</a>
			  </div><div class="col-md-6 item">
				<a href="/book/p25576/7040513.html" title="��921�� ����һ������һ��" target="_blank">��921�� ����һ������һ��</a>
			  </div><div class="col-md-6 item">
				<a href="/book/p25576/7040514.html" title="��922�� ����һ����ѧ����" target="_blank">��922�� ����һ����ѧ����</a>
			  </div><div class="col-md-6 item">
				<a href="/book/p25576/7040515.html" title="��923�� ��ù���̻�" target="_blank">��923�� ��ù���̻�</a>
			  </div><div class="col-md-6 item">
				<a href="/book/p25576/7040516.html" title="��924�� ��������" target="_blank">��924�� ��������</a>
			  </div><div class="col-md-6 item">
				<a href="/book/p25576/7040517.html" title="��925�� �⿪̫��ĵ�һ����ӡ" target="_blank">��925�� �⿪̫��ĵ�һ����ӡ</a>
			  </div><div class="col-md-6 item">
				<a href="/book/p25576/7040518.html" title="��926�� ����" target="_blank">��926�� ����</a>
			  </div><div class="col-md-6 item">
				<a href="/book/p25576/7040519.html" title="��927�� �ʵ����ֶ�һλ�ɽ���" target="_blank">��927�� �ʵ����ֶ�һλ�ɽ���</a>
			  </div><div class="col-md-6 item">
				<a href="/book/p25576/7040520.html" title="��928�� �򽣹��ڵ�ȱ��" target="_blank">��928�� �򽣹��ڵ�ȱ��</a>
			  </div><div class="col-md-6 item">
				<a href="/book/p25576/7040521.html" title="��929�� �ý�С����" target="_blank">��929�� �ý�С����</a>
			  </div><div class="col-md-6 item">
				<a href="/book/p25576/7040522.html" title="��930�� �������ܴ������" target="_blank">��930�� �������ܴ������</a>
			  </div><div class="col-md-6 item">
				<a href="/book/p25576/7040523.html" title="��931�� ½��ı���" target="_blank">��931�� ½��ı���</a>
			  </div><div class="col-md-6 item">
				<a href="/book/p25576/7040524.html" title="��932�� �����¹��ɹ�" target="_blank">��932�� �����¹��ɹ�</a>
			  </div><div class="col-md-6 item">
				<a href="/book/p25576/7040525.html" title="��933�� ����֮��" target="_blank">��933�� ����֮��</a>
			  </div><div class="col-md-6 item">
				<a href="/book/p25576/7040526.html" title="��934�� ������ȫ��׷����ʦ" target="_blank">��934�� ������ȫ��׷����ʦ</a>
			  </div><div class="col-md-6 item">
				<a href="/book/p25576/7040527.html" title="��935�� ��Ϣ��ͦ��" target="_blank">��935�� ��Ϣ��ͦ��</a>
			  </div><div class="col-md-6 item">
				<a href="/book/p25576/7040528.html" title="��936�� �����ɹ���Ҫ˫������" target="_blank">��936�� �����ɹ���Ҫ˫������</a>
			  </div><div class="col-md-6 item">
				<a href="/book/p25576/7040529.html" title="��937�� ���صİ�ҹ" target="_blank">��937�� ���صİ�ҹ</a>
			  </div><div class="col-md-6 item">
				<a href="/book/p25576/7040530.html" title="��938�� ���˵�" target="_blank">��938�� ���˵�</a>
			  </div><div class="col-md-6 item">
				<a href="/book/p25576/7040531.html" title="��939�� ���������" target="_blank">��939�� ���������</a>
			  </div><div class="col-md-6 item">
				<a href="/book/p25576/7040532.html" title="��940�� ��������Ʒ" target="_blank">��940�� ��������Ʒ</a>
			  </div><div class="col-md-6 item">
				<a href="/book/p25576/7040533.html" title="��941�� �����շ�" target="_blank">��941�� �����շ�</a>
			  </div><div class="col-md-6 item">
				<a href="/book/p25576/7040534.html" title="��942�� ������ã���Ҫ���" target="_blank">��942�� ������ã���Ҫ���</a>
			  </div><div class="col-md-6 item">
				<a href="/book/p25576/7040535.html" title="��943�� ���С������" target="_blank">��943�� ���С������</a>
			  </div><div class="col-md-6 item">
				<a href="/book/p25576/7040536.html" title="��944�� �����ˣ���û����ȫ����" target="_blank">��944�� �����ˣ���û����ȫ����</a>
			  </div><div class="col-md-6 item">
				<a href="/book/p25576/7040537.html" title="��945�� �·�" target="_blank">��945�� �·�</a>
			  </div><div class="col-md-6 item">
				<a href="/book/p25576/7040538.html" title="��946�� ����������" target="_blank">��946�� ����������</a>
			  </div><div class="col-md-6 item">
				<a href="/book/p25576/7040539.html" title="��947�� ��ʵ����������ֻ��Ҫ��ʶ" target="_blank">��947�� ��ʵ����������ֻ��Ҫ��ʶ</a>
			  </div><div class="col-md-6 item">
				<a href="/book/p25576/7040540.html" title="��948�� ׷������" target="_blank">��948�� ׷������</a>
			  </div><div class="col-md-6 item">
				<a href="/book/p25576/7040541.html" title="��949�� ��ʵ����" target="_blank">��949�� ��ʵ����</a>
			  </div><div class="col-md-6 item">
				<a href="/book/p25576/7040542.html" title="��950�� ���������Ƿ���������" target="_blank">��950�� ���������Ƿ���������</a>
			  </div><div class="col-md-6 item">
				<a href="/book/p25576/7040543.html" title="��951�� ���Ȳι����˵�" target="_blank">��951�� ���Ȳι����˵�</a>
			  </div><div class="col-md-6 item">
				<a href="/book/p25576/7040544.html" title="��952�� ���ﲻ��" target="_blank">��952�� ���ﲻ��</a>
			  </div><div class="col-md-6 item">
				<a href="/book/p25576/7040545.html" title="��953�� ��ҹ������" target="_blank">��953�� ��ҹ������</a>
			  </div><div class="col-md-6 item">
				<a href="/book/p25576/7040546.html" title="��954�� �����������" target="_blank">��954�� �����������</a>
			  </div><div class="col-md-6 item">
				<a href="/book/p25576/7040547.html" title="��955�� ���ֶԵ�" target="_blank">��955�� ���ֶԵ�</a>
			  </div><div class="col-md-6 item">
				<a href="/book/p25576/7040548.html" title="��956�� ʧ��" target="_blank">��956�� ʧ��</a>
			  </div><div class="col-md-6 item">
				<a href="/book/p25576/7040549.html" title="��957�� ����ɱ" target="_blank">��957�� ����ɱ</a>
			  </div><div class="col-md-6 item">
				<a href="/book/p25576/7040550.html" title="��958�� ͻȻ���ֵ�������" target="_blank">��958�� ͻȻ���ֵ�������</a>
			  </div><div class="col-md-6 item">
				<a href="/book/p25576/7040551.html" title="��959�� ������ħ" target="_blank">��959�� ������ħ</a>
			  </div><div class="col-md-6 item">
				<a href="/book/p25576/7040552.html" title="��960�� ˭˵������һ" target="_blank">��960�� ˭˵������һ</a>
			  </div><div class="col-md-6 item">
				<a href="/book/p25576/7040553.html" title="��961�� ����ʤ���������������" target="_blank">��961�� ����ʤ���������������</a>
			  </div><div class="col-md-6 item">
				<a href="/book/p25576/7040554.html" title="��962�� Ӧ������" target="_blank">��962�� Ӧ������</a>
			  </div><div class="col-md-6 item">
				<a href="/book/p25576/7040555.html" title="��963�� ������������ƭ�ᣡ" target="_blank">��963�� ������������ƭ�ᣡ</a>
			  </div><div class="col-md-6 item">
				<a href="/book/p25576/7040556.html" title="��964�� ������ҥ�������ǿɶ�" target="_blank">��964�� ������ҥ�������ǿɶ�</a>
			  </div><div class="col-md-6 item">
				<a href="/book/p25576/7040557.html" title="��965�� �Ҷ�����Ŀ��" target="_blank">��965�� �Ҷ�����Ŀ��</a>
			  </div><div class="col-md-6 item">
				<a href="/book/p25576/7040558.html" title="��966�� �һ����������ܶ��Ϲ�Ȥ��" target="_blank">��966�� �һ����������ܶ��Ϲ�Ȥ��</a>
			  </div><div class="col-md-6 item">
				<a href="/book/p25576/7040559.html" title="��967�� ���ӣ������±��ӻ��Ǳ���Ե��" target="_blank">��967�� ���ӣ������±��ӻ��Ǳ���Ե��</a>
			  </div><div class="col-md-6 item">
				<a href="/book/p25576/7040560.html" title="��968�� ��ʦ�֣��һ�������һ����������" target="_blank">��968�� ��ʦ�֣��һ�������һ����������</a>
			  </div><div class="col-md-6 item">
				<a href="/book/p25576/7040561.html" title="��969�� ����С�������ɸ��������һ����" target="_blank">��969�� ����С�������ɸ��������һ����</a>
			  </div><div class="col-md-6 item">
				<a href="/book/p25576/7040562.html" title="��970�� ��ʲô����������" target="_blank">��970�� ��ʲô����������</a>
			  </div><div class="col-md-6 item">
				<a href="/book/p25576/7040563.html" title="��971�� Ӧ����" target="_blank">��971�� Ӧ����</a>
			  </div><div class="col-md-6 item">
				<a href="/book/p25576/7040564.html" title="��972�� ��̨" target="_blank">��972�� ��̨</a>
			  </div><div class="col-md-6 item">
				<a href="/book/p25576/7040565.html" title="��973�� �����ʵ�����Ҫ��������������" target="_blank">��973�� �����ʵ�����Ҫ��������������</a>
			  </div><div class="col-md-6 item">
				<a href="/book/p25576/7040566.html" title="��974�� �и�ͬ������ͬ��" target="_blank">��974�� �и�ͬ������ͬ��</a>
			  </div><div class="col-md-6 item">
				<a href="/book/p25576/7040567.html" title="��975�� ��������" target="_blank">��975�� ��������</a>
			  </div><div class="col-md-6 item">
				<a href="/book/p25576/7040568.html" title="��976�� ��ô��ô�ڣ�" target="_blank">��976�� ��ô��ô�ڣ�</a>
			  </div><div class="col-md-6 item">
				<a href="/book/p25576/7040569.html" title="��977�� ʱ�䵹��" target="_blank">��977�� ʱ�䵹��</a>
			  </div><div class="col-md-6 item">
				<a href="/book/p25576/7040570.html" title="��978�� ��ϲ" target="_blank">��978�� ��ϲ</a>
			  </div><div class="col-md-6 item">
				<a href="/book/p25576/7040571.html" title="��979�� ����" target="_blank">��979�� ����</a>
			  </div><div class="col-md-6 item">
				<a href="/book/p25576/7040572.html" title="��980�� ѧ���˵���" target="_blank">��980�� ѧ���˵���</a>
			  </div><div class="col-md-6 item">
				<a href="/book/p25576/7040573.html" title="��981�� ������ͨ�˵�����ͦ�����׵�" target="_blank">��981�� ������ͨ�˵�����ͦ�����׵�</a>
			  </div><div class="col-md-6 item">
				<a href="/book/p25576/7040574.html" title="��982�� ��������" target="_blank">��982�� ��������</a>
			  </div><div class="col-md-6 item">
				<a href="/book/p25576/7040575.html" title="��983�� �������£�Ω�Ҷ���" target="_blank">��983�� �������£�Ω�Ҷ���</a>
			  </div><div class="col-md-6 item">
				<a href="/book/p25576/7040576.html" title="��984�� ��ʦ��������" target="_blank">��984�� ��ʦ��������</a>
			  </div><div class="col-md-6 item">
				<a href="/book/p25576/7040577.html" title="��985�� �Ҹ���������Ǳ��˶����˰ɣ�" target="_blank">��985�� �Ҹ���������Ǳ��˶����˰ɣ�</a>
			  </div><div class="col-md-6 item">
				<a href="/book/p25576/7040578.html" title="��986�� �����кñ�" target="_blank">��986�� �����кñ�</a>
			  </div><div class="col-md-6 item">
				<a href="/book/p25576/7040579.html" title="��987�� żȻײ��а��" target="_blank">��987�� żȻײ��а��</a>
			  </div><div class="col-md-6 item">
				<a href="/book/p25576/7040580.html" title="��988�� ���Ƿ�������۹�ͯ����ô�����" target="_blank">��988�� ���Ƿ�������۹�ͯ����ô�����</a>
			  </div><div class="col-md-6 item">
				<a href="/book/p25576/7040581.html" title="��989�� ���ٴ�����Ϣ" target="_blank">��989�� ���ٴ�����Ϣ</a>
			  </div><div class="col-md-6 item">
				<a href="/book/p25576/7040582.html" title="��990�� ���鵤" target="_blank">��990�� ���鵤</a>
			  </div><div class="col-md-6 item">
				<a href="/book/p25576/7040583.html" title="��991�� Խ��Խ�ͷ����Ե���Ͼ���" target="_blank">��991�� Խ��Խ�ͷ����Ե���Ͼ���</a>
			  </div><div class="col-md-6 item">
				<a href="/book/p25576/7040584.html" title="��992�� ������̣�" target="_blank">��992�� ������̣�</a>
			  </div><div class="col-md-6 item">
				<a href="/book/p25576/7040585.html" title="��993�� ��̸���" target="_blank">��993�� ��̸���</a>
			  </div><div class="col-md-6 item">
				<a href="/book/p25576/7040586.html" title="��994�� ˭˵�����Գ���ݲ����ֵģ�" target="_blank">��994�� ˭˵�����Գ���ݲ����ֵģ�</a>
			  </div><div class="col-md-6 item">
				<a href="/book/p25576/7040587.html" title="��995�� ����" target="_blank">��995�� ����</a>
			  </div><div class="col-md-6 item">
				<a href="/book/p25576/7040588.html" title="��996�� �������£�Ψ�Ҷ���" target="_blank">��996�� �������£�Ψ�Ҷ���</a>
			  </div><div class="col-md-6 item">
				<a href="/book/p25576/7040589.html" title="��997�� �㲻��������Ҳ��Զ�ɲ�����" target="_blank">��997�� �㲻��������Ҳ��Զ�ɲ�����</a>
			  </div><div class="col-md-6 item">
				<a href="/book/p25576/7040590.html" title="��998�� ����������" target="_blank">��998�� ����������</a>
			  </div><div class="col-md-6 item">
				<a href="/book/p25576/7040591.html" title="��999�� �����ӣ����ƻ���" target="_blank">��999�� �����ӣ����ƻ���</a>
			  </div><div class="col-md-6 item">
				<a href="/book/p25576/7040592.html" title="��1000�� ½��������" target="_blank">��1000�� ½��������</a>
			  </div><div class="col-md-6 item">
				<a href="/book/p25576/7040593.html" title="��1001�� ����" target="_blank">��1001�� ����</a>
			  </div><div class="col-md-6 item">
				<a href="/book/p25576/7040594.html" title="��1002�� ������̸���" target="_blank">��1002�� ������̸���</a>
			  </div><div class="col-md-6 item">
				<a href="/book/p25576/7040595.html" title="��1003�� ��ս��������" target="_blank">��1003�� ��ս��������</a>
			  </div><div class="col-md-6 item">
				<a href="/book/p25576/7040596.html" title="��1004�� ����" target="_blank">��1004�� ����</a>
			  </div><div class="col-md-6 item">
				<a href="/book/p25576/7040597.html" title="��1005�� ������" target="_blank">��1005�� ������</a>
			  </div><div class="col-md-6 item">
				<a href="/book/p25576/7040598.html" title="��1006�� ����������������ܵ����ǵĶ���" target="_blank">��1006�� ����������������ܵ����ǵĶ���</a>
			  </div><div class="col-md-6 item">
				<a href="/book/p25576/7040599.html" title="��1007�� �����ѹ" target="_blank">��1007�� �����ѹ</a>
			  </div><div class="col-md-6 item">
				<a href="/book/p25576/7040600.html" title="��1008�� ������Ϊ�����Ͳ��ؽ���������" target="_blank">��1008�� ������Ϊ�����Ͳ��ؽ���������</a>
			  </div><div class="col-md-6 item">
				<a href="/book/p25576/7040601.html" title="��1009�� �������鵤�ķ���" target="_blank">��1009�� �������鵤�ķ���</a>
			  </div><div class="col-md-6 item">
				<a href="/book/p25576/7040602.html" title="��1010�� ����ز�" target="_blank">��1010�� ����ز�</a>
			  </div><div class="col-md-6 item">
				<a href="/book/p25576/7040603.html" title="��1011�� ��˭�ģ�" target="_blank">��1011�� ��˭�ģ�</a>
			  </div><div class="col-md-6 item">
				<a href="/book/p25576/7040604.html" title="��1012�� ���õ�һ�쿪ʼ��" target="_blank">��1012�� ���õ�һ�쿪ʼ��</a>
			  </div><div class="col-md-6 item">
				<a href="/book/p25576/7040605.html" title="��1013�� ��������¸�֮·" target="_blank">��1013�� ��������¸�֮·</a>
			  </div><div class="col-md-6 item">
				<a href="/book/p25576/7040606.html" title="��1014�� ̫���ܵ����ٽ���������⣿" target="_blank">��1014�� ̫���ܵ����ٽ���������⣿</a>
			  </div><div class="col-md-6 item">
				<a href="/book/p25576/7040607.html" title="��1015�� ����һ����ս��ͥ����" target="_blank">��1015�� ����һ����ս��ͥ����</a>
			  </div><div class="col-md-6 item">
				<a href="/book/p25576/7040608.html" title="��1016�� ��������" target="_blank">��1016�� ��������</a>
			  </div><div class="col-md-6 item">
				<a href="/book/p25576/7040609.html" title="��1017�� ���ۼݱ�����������" target="_blank">��1017�� ���ۼݱ�����������</a>
			  </div><div class="col-md-6 item">
				<a href="/book/p25576/7040610.html" title="��1018�� �ڰ���Ӱ" target="_blank">��1018�� �ڰ���Ӱ</a>
			  </div><div class="col-md-6 item">
				<a href="/book/p25576/7040611.html" title="��1019�� ������" target="_blank">��1019�� ������</a>
			  </div><div class="col-md-6 item">
				<a href="/book/p25576/7040612.html" title="��1020�� ����" target="_blank">��1020�� ����</a>
			  </div><div class="col-md-6 item">
				<a href="/book/p25576/7040613.html" title="��1021�� ѹ��Ǯ" target="_blank">��1021�� ѹ��Ǯ</a>
			  </div><div class="col-md-6 item">
				<a href="/book/p25576/7040614.html" title="��1022�� ϰ��" target="_blank">��1022�� ϰ��</a>
			  </div><div class="col-md-6 item">
				<a href="/book/p25576/7040615.html" title="��1023�� ����" target="_blank">��1023�� ����</a>
			  </div><div class="col-md-6 item">
				<a href="/book/p25576/7040616.html" title="��1024�� ������" target="_blank">��1024�� ������</a>
			  </div><div class="col-md-6 item">
				<a href="/book/p25576/7040617.html" title="��1025�� ��ŴҴҵ�ָ�䣬�쳾���¾����" target="_blank">��1025�� ��ŴҴҵ�ָ�䣬�쳾���¾����</a>
			  </div><div class="col-md-6 item">
				<a href="/book/p25576/7040618.html" title="��1026�� ����Ī��Ķ�������" target="_blank">��1026�� ����Ī��Ķ�������</a>
			  </div><div class="col-md-6 item">
				<a href="/book/p25576/7040619.html" title="��1027�� ½����н���ָ��Ӧ�������ָо���" target="_blank">��1027�� ½����н���ָ��Ӧ�������ָо���</a>
			  </div><div class="col-md-6 item">
				<a href="/book/p25576/7040620.html" title="��1028�� �����������" target="_blank">��1028�� �����������</a>
			  </div><div class="col-md-6 item">
				<a href="/book/p25576/7040621.html" title="��1029�� ��������ĺ�̨" target="_blank">��1029�� ��������ĺ�̨</a>
			  </div><div class="col-md-6 item">
				<a href="/book/p25576/7040622.html" title="��1030�� �Ϲ�����֮���淥�ɽٳ���" target="_blank">��1030�� �Ϲ�����֮���淥�ɽٳ���</a>
			  </div><div class="col-md-6 item">
				<a href="/book/p25576/7040623.html" title="��1031�� ���������淥�����߲�" target="_blank">��1031�� ���������淥�����߲�</a>
			  </div><div class="col-md-6 item">
				<a href="/book/p25576/7040624.html" title="��1032�� ��ɽ" target="_blank">��1032�� ��ɽ</a>
			  </div><div class="col-md-6 item">
				<a href="/book/p25576/7040625.html" title="��1033�� ѧϰʨ�Ӻ�" target="_blank">��1033�� ѧϰʨ�Ӻ�</a>
			  </div><div class="col-md-6 item">
				<a href="/book/p25576/7040626.html" title="��1034�� �����ž�" target="_blank">��1034�� �����ž�</a>
			  </div><div class="col-md-6 item">
				<a href="/book/p25576/7040627.html" title="��1035�� ����˼��С����" target="_blank">��1035�� ����˼��С����</a>
			  </div><div class="col-md-6 item">
				<a href="/book/p25576/7040628.html" title="��1036�� ����ͨ��" target="_blank">��1036�� ����ͨ��</a>
			  </div><div class="col-md-6 item">
				<a href="/book/p25576/7040629.html" title="��1037�� ���ʥ��" target="_blank">��1037�� ���ʥ��</a>
			  </div><div class="col-md-6 item">
				<a href="/book/p25576/7040630.html" title="��1038�� Ҷ�Ͻ�" target="_blank">��1038�� Ҷ�Ͻ�</a>
			  </div><div class="col-md-6 item">
				<a href="/book/p25576/7040631.html" title="��1039�� ʦ�ֵ�����" target="_blank">��1039�� ʦ�ֵ�����</a>
			  </div><div class="col-md-6 item">
				<a href="/book/p25576/7040632.html" title="��1040�� �����з�" target="_blank">��1040�� �����з�</a>
			  </div><div class="col-md-6 item">
				<a href="/book/p25576/7040633.html" title="��1041�� Сʦ���������ҵİɣ�" target="_blank">��1041�� Сʦ���������ҵİɣ�</a>
			  </div><div class="col-md-6 item">
				<a href="/book/p25576/7040634.html" title="��1042�� �����ؾ�" target="_blank">��1042�� �����ؾ�</a>
			  </div><div class="col-md-6 item">
				<a href="/book/p25576/7040635.html" title="��1043�� �������" target="_blank">��1043�� �������</a>
			  </div><div class="col-md-6 item">
				<a href="/book/p25576/7040636.html" title="��1044�� ����֮��" target="_blank">��1044�� ����֮��</a>
			  </div><div class="col-md-6 item">
				<a href="/book/p25576/7040637.html" title="��1045�� ˾����������µ�������" target="_blank">��1045�� ˾����������µ�������</a>
			  </div><div class="col-md-6 item">
				<a href="/book/p25576/7040638.html" title="��1046�� �������һ��" target="_blank">��1046�� �������һ��</a>
			  </div><div class="col-md-6 item">
				<a href="/book/p25576/7040639.html" title="��1047�� һ������" target="_blank">��1047�� һ������</a>
			  </div><div class="col-md-6 item">
				<a href="/book/p25576/7040640.html" title="��1048�� �Ա�" target="_blank">��1048�� �Ա�</a>
			  </div><div class="col-md-6 item">
				<a href="/book/p25576/7040641.html" title="��1049�� ������" target="_blank">��1049�� ������</a>
			  </div><div class="col-md-6 item">
				<a href="/book/p25576/7040642.html" title="��1050�� ��ȥ�����ڷ��δ����" target="_blank">��1050�� ��ȥ�����ڷ��δ����</a>
			  </div><div class="col-md-6 item">
				<a href="/book/p25576/7040643.html" title="��1051�� ��ʦ�֣��ҳ�����" target="_blank">��1051�� ��ʦ�֣��ҳ�����</a>
			  </div><div class="col-md-6 item">
				<a href="/book/p25576/7040644.html" title="��1052�� �������" target="_blank">��1052�� �������</a>
			  </div><div class="col-md-6 item">
				<a href="/book/p25576/7040645.html" title="��1053�� �Ҳ�������������" target="_blank">��1053�� �Ҳ�������������</a>
			  </div><div class="col-md-6 item">
				<a href="/book/p25576/7040646.html" title="��1054�� ʦ���ž�" target="_blank">��1054�� ʦ���ž�</a>
			  </div><div class="col-md-6 item">
				<a href="/book/p25576/7040647.html" title="��1055�� �����ߣ���������" target="_blank">��1055�� �����ߣ���������</a>
			  </div><div class="col-md-6 item">
				<a href="/book/p25576/7040648.html" title="��1056�� Χ��Ⱥ��½ĳ" target="_blank">��1056�� Χ��Ⱥ��½ĳ</a>
			  </div><div class="col-md-6 item">
				<a href="/book/p25576/7040649.html" title="��1057�� Ѱ������" target="_blank">��1057�� Ѱ������</a>
			  </div><div class="col-md-6 item">
				<a href="/book/p25576/7040650.html" title="��1058�� ��ͬ�����в�ͬ��������ʽ" target="_blank">��1058�� ��ͬ�����в�ͬ��������ʽ</a>
			  </div><div class="col-md-6 item">
				<a href="/book/p25576/7040651.html" title="��1059�� �����ں�Ԫ��" target="_blank">��1059�� �����ں�Ԫ��</a>
			  </div><div class="col-md-6 item">
				<a href="/book/p25576/7040652.html" title="��1060�� ����������Ǭ��" target="_blank">��1060�� ����������Ǭ��</a>
			  </div><div class="col-md-6 item">
				<a href="/book/p25576/7040653.html" title="��1061�� �������" target="_blank">��1061�� �������</a>
			  </div><div class="col-md-6 item">
				<a href="/book/p25576/7040654.html" title="��1062�� ��©��ȱ" target="_blank">��1062�� ��©��ȱ</a>
			  </div><div class="col-md-6 item">
				<a href="/book/p25576/7040655.html" title="��1063�� ·�ϵ����˵�ʱ��" target="_blank">��1063�� ·�ϵ����˵�ʱ��</a>
			  </div><div class="col-md-6 item">
				<a href="/book/p25576/7040656.html" title="��1064�� ���ݵ�ͼ�����ֳ�" target="_blank">��1064�� ���ݵ�ͼ�����ֳ�</a>
			  </div><div class="col-md-6 item">
				<a href="/book/p25576/7040657.html" title="��1065�� �ɸ���" target="_blank">��1065�� �ɸ���</a>
			  </div><div class="col-md-6 item">
				<a href="/book/p25576/7040658.html" title="��1066�� �ϿҵĽ���" target="_blank">��1066�� �ϿҵĽ���</a>
			  </div><div class="col-md-6 item">
				<a href="/book/p25576/7040659.html" title="��1067�� ��������" target="_blank">��1067�� ��������</a>
			  </div><div class="col-md-6 item">
				<a href="/book/p25576/7040660.html" title="��1068�� ��������Ч" target="_blank">��1068�� ��������Ч</a>
			  </div><div class="col-md-6 item">
				<a href="/book/p25576/7040661.html" title="��1069�� Ȱ��" target="_blank">��1069�� Ȱ��</a>
			  </div><div class="col-md-6 item">
				<a href="/book/p25576/7040662.html" title="��1070�� ������ſ��ܲ�̫ƽ" target="_blank">��1070�� ������ſ��ܲ�̫ƽ</a>
			  </div><div class="col-md-6 item">
				<a href="/book/p25576/7040663.html" title="��1071�� �������" target="_blank">��1071�� �������</a>
			  </div><div class="col-md-6 item">
				<a href="/book/p25576/7040664.html" title="��1072�� �����ɵ�����" target="_blank">��1072�� �����ɵ�����</a>
			  </div><div class="col-md-6 item">
				<a href="/book/p25576/7040665.html" title="��1073�� ���ƺ�����ʲô�ã�" target="_blank">��1073�� ���ƺ�����ʲô�ã�</a>
			  </div><div class="col-md-6 item">
				<a href="/book/p25576/7040666.html" title="��1074�� ͷ���Ĺ�Ԫ����" target="_blank">��1074�� ͷ���Ĺ�Ԫ����</a>
			  </div><div class="col-md-6 item">
				<a href="/book/p25576/7040667.html" title="��1075�� �����׵�" target="_blank">��1075�� �����׵�</a>
			  </div><div class="col-md-6 item">
				<a href="/book/p25576/7040668.html" title="��1076�� ��з��ռ��ͣ�" target="_blank">��1076�� ��з��ռ��ͣ�</a>
			  </div><div class="col-md-6 item">
				<a href="/book/p25576/7040669.html" title="��1077�� ��ʦ�֣��ʵ������������ֵ������������ˣ�" target="_blank">��1077�� ��ʦ�֣��ʵ������������ֵ������������ˣ�</a>
			  </div><div class="col-md-6 item">
				<a href="/book/p25576/7040670.html" title="��1078�� �벻�����ʵ���һ��������" target="_blank">��1078�� �벻�����ʵ���һ��������</a>
			  </div><div class="col-md-6 item">
				<a href="/book/p25576/7040671.html" title="��1079�� ˫����壡" target="_blank">��1079�� ˫����壡</a>
			  </div><div class="col-md-6 item">
				<a href="/book/p25576/7040672.html" title="��1080�� ����ڶ�" target="_blank">��1080�� ����ڶ�</a>
			  </div><div class="col-md-6 item">
				<a href="/book/p25576/7040673.html" title="��1081�� �������Ҵ�Ǭ���ˣ�" target="_blank">��1081�� �������Ҵ�Ǭ���ˣ�</a>
			  </div><div class="col-md-6 item">
				<a href="/book/p25576/7040674.html" title="��1082�� ��ɫ��һ��" target="_blank">��1082�� ��ɫ��һ��</a>
			  </div><div class="col-md-6 item">
				<a href="/book/p25576/7040675.html" title="��1083�� ��С��˵©��" target="_blank">��1083�� ��С��˵©��</a>
			  </div><div class="col-md-6 item">
				<a href="/book/p25576/7040676.html" title="��1084�� ���֮��Ӧ����" target="_blank">��1084�� ���֮��Ӧ����</a>
			  </div><div class="col-md-6 item">
				<a href="/book/p25576/7040677.html" title="��1085�� �Һù�ϵ��" target="_blank">��1085�� �Һù�ϵ��</a>
			  </div><div class="col-md-6 item">
				<a href="/book/p25576/7040678.html" title="��1086�� ���Ҹо�����" target="_blank">��1086�� ���Ҹо�����</a>
			  </div><div class="col-md-6 item">
				<a href="/book/p25576/7040679.html" title="��1087�� �ٽ����ͻ�Ե" target="_blank">��1087�� �ٽ����ͻ�Ե</a>
			  </div><div class="col-md-6 item">
				<a href="/book/p25576/7040680.html" title="��1088�� ��⿴�ȫ��ɲ�" target="_blank">��1088�� ��⿴�ȫ��ɲ�</a>
			  </div><div class="col-md-6 item">
				<a href="/book/p25576/7040681.html" title="��1089�� ������֮λ�ϸ����ҵģ�" target="_blank">��1089�� ������֮λ�ϸ����ҵģ�</a>
			  </div><div class="col-md-6 item">
				<a href="/book/p25576/7040682.html" title="��1090�� û�¾ͺ�" target="_blank">��1090�� û�¾ͺ�</a>
			  </div><div class="col-md-6 item">
				<a href="/book/p25576/7040683.html" title="��1091�� �������" target="_blank">��1091�� �������</a>
			  </div><div class="col-md-6 item">
				<a href="/book/p25576/7040684.html" title="��1092�� �������������ɰ��հ������ʿ��" target="_blank">��1092�� �������������ɰ��հ������ʿ��</a>
			  </div><div class="col-md-6 item">
				<a href="/book/p25576/7040685.html" title="��1093�� �����鱨" target="_blank">��1093�� �����鱨</a>
			  </div><div class="col-md-6 item">
				<a href="/book/p25576/7040686.html" title="��1094�� ���ɳ����ˡ�½����" target="_blank">��1094�� ���ɳ����ˡ�½����</a>
			  </div><div class="col-md-6 item">
				<a href="/book/p25576/7040687.html" title="��1095�� ����֮��" target="_blank">��1095�� ����֮��</a>
			  </div><div class="col-md-6 item">
				<a href="/book/p25576/7040688.html" title="��1096�� ����ʳ��" target="_blank">��1096�� ����ʳ��</a>
			  </div><div class="col-md-6 item">
				<a href="/book/p25576/7040689.html" title="��1097�� ��˵�Ļ�������֤��" target="_blank">��1097�� ��˵�Ļ�������֤��</a>
			  </div><div class="col-md-6 item">
				<a href="/book/p25576/7040690.html" title="��1098�� �����" target="_blank">��1098�� �����</a>
			  </div><div class="col-md-6 item">
				<a href="/book/p25576/7040691.html" title="��1099�� �����Ծ���" target="_blank">��1099�� �����Ծ���</a>
			  </div><div class="col-md-6 item">
				<a href="/book/p25576/7040692.html" title="��1100�� �����������ô�����һ����" target="_blank">��1100�� �����������ô�����һ����</a>
			  </div><div class="col-md-6 item">
				<a href="/book/p25576/7040693.html" title="��1101�� �мƣ�" target="_blank">��1101�� �мƣ�</a>
			  </div><div class="col-md-6 item">
				<a href="/book/p25576/7040694.html" title="��1102�� ����������ܺ�" target="_blank">��1102�� ����������ܺ�</a>
			  </div><div class="col-md-6 item">
				<a href="/book/p25576/7040695.html" title="��1103�� ��ʷ�ɵ�����" target="_blank">��1103�� ��ʷ�ɵ�����</a>
			  </div><div class="col-md-6 item">
				<a href="/book/p25576/7040696.html" title="��1104�� С�ɣ��þò�����" target="_blank">��1104�� С�ɣ��þò�����</a>
			  </div><div class="col-md-6 item">
				<a href="/book/p25576/7040697.html" title="��1105�� ����̴�ʼ��" target="_blank">��1105�� ����̴�ʼ��</a>
			  </div><div class="col-md-6 item">
				<a href="/book/p25576/7040698.html" title="��1106�� ��ٵĹ�ȥ" target="_blank">��1106�� ��ٵĹ�ȥ</a>
			  </div><div class="col-md-6 item">
				<a href="/book/p25576/7040699.html" title="��1107�� �����ɣ�����һս��" target="_blank">��1107�� �����ɣ�����һս��</a>
			  </div><div class="col-md-6 item">
				<a href="/book/p25576/7040700.html" title="��1108�� С���ӣ������᲻���㰡" target="_blank">��1108�� С���ӣ������᲻���㰡</a>
			  </div><div class="col-md-6 item">
				<a href="/book/p25576/7040701.html" title="��1109�� ����" target="_blank">��1109�� ����</a>
			  </div><div class="col-md-6 item">
				<a href="/book/p25576/7040702.html" title="��1110�� ������" target="_blank">��1110�� ������</a>
			  </div><div class="col-md-6 item">
				<a href="/book/p25576/7040703.html" title="��1111�� ������" target="_blank">��1111�� ������</a>
			  </div><div class="col-md-6 item">
				<a href="/book/p25576/7040704.html" title="��1112�� ʥ��Ƿ��" target="_blank">��1112�� ʥ��Ƿ��</a>
			  </div><div class="col-md-6 item">
				<a href="/book/p25576/7040705.html" title="��1113�� �д��������������γ����" target="_blank">��1113�� �д��������������γ����</a>
			  </div><div class="col-md-6 item">
				<a href="/book/p25576/7040706.html" title="��1114�� �Ͼ���������" target="_blank">��1114�� �Ͼ���������</a>
			  </div><div class="col-md-6 item">
				<a href="/book/p25576/7040707.html" title="��1115�� ���Ķ���" target="_blank">��1115�� ���Ķ���</a>
			  </div><div class="col-md-6 item">
				<a href="/book/p25576/7040708.html" title="��1116�� �ʵ��ڵڶ�ǿ��" target="_blank">��1116�� �ʵ��ڵڶ�ǿ��</a>
			  </div><div class="col-md-6 item">
				<a href="/book/p25576/7040709.html" title="��1117�� С½������������֮λ����Ī���" target="_blank">��1117�� С½������������֮λ����Ī���</a>
			  </div><div class="col-md-6 item">
				<a href="/book/p25576/7040710.html" title="��1118�� ����" target="_blank">��1118�� ����</a>
			  </div><div class="col-md-6 item">
				<a href="/book/p25576/7040711.html" title="��1119�� �󶹽���" target="_blank">��1119�� �󶹽���</a>
			  </div><div class="col-md-6 item">
				<a href="/book/p25576/7040712.html" title="��1120�� �໥��������ͬͻ��" target="_blank">��1120�� �໥��������ͬͻ��</a>
			  </div><div class="col-md-6 item">
				<a href="/book/p25576/7040713.html" title="��1121�� ������һ���׽��ڲ���ˢ��" target="_blank">��1121�� ������һ���׽��ڲ���ˢ��</a>
			  </div><div class="col-md-6 item">
				<a href="/book/p25576/7040714.html" title="��1122�� �������Ҳ����죡" target="_blank">��1122�� �������Ҳ����죡</a>
			  </div><div class="col-md-6 item">
				<a href="/book/p25576/7040715.html" title="��1123�� ������" target="_blank">��1123�� ������</a>
			  </div><div class="col-md-6 item">
				<a href="/book/p25576/7040716.html" title="��1124�� �����ݷ�" target="_blank">��1124�� �����ݷ�</a>
			  </div><div class="col-md-6 item">
				<a href="/book/p25576/7040717.html" title="��1125�� �Ϲ��ǲ���û�о�����˵��" target="_blank">��1125�� �Ϲ��ǲ���û�о�����˵��</a>
			  </div><div class="col-md-6 item">
				<a href="/book/p25576/7040718.html" title="��1126�� ½����Ҿ�����" target="_blank">��1126�� ½����Ҿ�����</a>
			  </div><div class="col-md-6 item">
				<a href="/book/p25576/7040719.html" title="��1127�� �����ֵĶ���" target="_blank">��1127�� �����ֵĶ���</a>
			  </div><div class="col-md-6 item">
				<a href="/book/p25576/7040720.html" title="��1128�� ����Ľ���" target="_blank">��1128�� ����Ľ���</a>
			  </div><div class="col-md-6 item">
				<a href="/book/p25576/7040721.html" title="��1129�� ����֮���Ķ���" target="_blank">��1129�� ����֮���Ķ���</a>
			  </div><div class="col-md-6 item">
				<a href="/book/p25576/7040722.html" title="��1130�� ��ʦ�س�" target="_blank">��1130�� ��ʦ�س�</a>
			  </div><div class="col-md-6 item">
				<a href="/book/p25576/7040723.html" title="��1131�� �쳾����������ս��ս��" target="_blank">��1131�� �쳾����������ս��ս��</a>
			  </div><div class="col-md-6 item">
				<a href="/book/p25576/7040724.html" title="��1132�� �ƿء�����" target="_blank">��1132�� �ƿء�����</a>
			  </div><div class="col-md-6 item">
				<a href="/book/p25576/7040725.html" title="��1133�� ���½����һƬ����" target="_blank">��1133�� ���½����һƬ����</a>
			  </div><div class="col-md-6 item">
				<a href="/book/p25576/7040726.html" title="��1134�� ��������" target="_blank">��1134�� ��������</a>
			  </div><div class="col-md-6 item">
				<a href="/book/p25576/7040727.html" title="��1135�� ���汣����ô����" target="_blank">��1135�� ���汣����ô����</a>
			  </div><div class="col-md-6 item">
				<a href="/book/p25576/7040728.html" title="��1136�� ����������" target="_blank">��1136�� ����������</a>
			  </div><div class="col-md-6 item">
				<a href="/book/p25576/7040729.html" title="��1137�� ���ϼ��ڷ������������ж����桷" target="_blank">��1137�� ���ϼ��ڷ������������ж����桷</a>
			  </div><div class="col-md-6 item">
				<a href="/book/p25576/7040730.html" title="��1138�� �����򣺰�Ӱ���������Ķ���ȥ�����" target="_blank">��1138�� �����򣺰�Ӱ���������Ķ���ȥ�����</a>
			  </div><div class="col-md-6 item">
				<a href="/book/p25576/7040731.html" title="��1139�� ��Ϊ��ʿҪ�й�����" target="_blank">��1139�� ��Ϊ��ʿҪ�й�����</a>
			  </div><div class="col-md-6 item">
				<a href="/book/p25576/7040732.html" title="��1140�� ��Ӱ�����Ů��" target="_blank">��1140�� ��Ӱ�����Ů��</a>
			  </div><div class="col-md-6 item">
				<a href="/book/p25576/7040733.html" title="��1141�� ���������Ӱ��" target="_blank">��1141�� ���������Ӱ��</a>
			  </div><div class="col-md-6 item">
				<a href="/book/p25576/7040734.html" title="��1142�� �����ջ�" target="_blank">��1142�� �����ջ�</a>
			  </div><div class="col-md-6 item">
				<a href="/book/p25576/7040735.html" title="��1143�� ����������һ���÷�" target="_blank">��1143�� ����������һ���÷�</a>
			  </div><div class="col-md-6 item">
				<a href="/book/p25576/7040736.html" title="��1144�� ף����" target="_blank">��1144�� ף����</a>
			  </div><div class="col-md-6 item">
				<a href="/book/p25576/7040737.html" title="��1145�� ����" target="_blank">��1145�� ����</a>
			  </div><div class="col-md-6 item">
				<a href="/book/p25576/7040738.html" title="��1146�� Ļ����ֵ��ֶ�֮һ" target="_blank">��1146�� Ļ����ֵ��ֶ�֮һ</a>
			  </div><div class="col-md-6 item">
				<a href="/book/p25576/7040739.html" title="��1147�� �����ܴ��ڵ�δ��" target="_blank">��1147�� �����ܴ��ڵ�δ��</a>
			  </div><div class="col-md-6 item">
				<a href="/book/p25576/7040740.html" title="��1148�� �޸�ʱ���ߵ�Լ��" target="_blank">��1148�� �޸�ʱ���ߵ�Լ��</a>
			  </div><div class="col-md-6 item">
				<a href="/book/p25576/7040741.html" title="��1149�� �����ε�����" target="_blank">��1149�� �����ε�����</a>
			  </div><div class="col-md-6 item">
				<a href="/book/p25576/7040742.html" title="��1150�� �����۹�δ��" target="_blank">��1150�� �����۹�δ��</a>
			  </div><div class="col-md-6 item">
				<a href="/book/p25576/7040743.html" title="��1151�� ��Ի����˵" target="_blank">��1151�� ��Ի����˵</a>
			  </div><div class="col-md-6 item">
				<a href="/book/p25576/7040744.html" title="��1152�� ����ĺ�����û��" target="_blank">��1152�� ����ĺ�����û��</a>
			  </div><div class="col-md-6 item">
				<a href="/book/p25576/7040745.html" title="��1153�� ��Х�ڵİ˰ٵ���" target="_blank">��1153�� ��Х�ڵİ˰ٵ���</a>
			  </div><div class="col-md-6 item">
				<a href="/book/p25576/7040746.html" title="��1154�� ½����ʦ" target="_blank">��1154�� ½����ʦ</a>
			  </div><div class="col-md-6 item">
				<a href="/book/p25576/7040747.html" title="��1155�� ��������" target="_blank">��1155�� ��������</a>
			  </div><div class="col-md-6 item">
				<a href="/book/p25576/7040748.html" title="��1156�� �����ֶ�" target="_blank">��1156�� �����ֶ�</a>
			  </div><div class="col-md-6 item">
				<a href="/book/p25576/7040749.html" title="��1157�� ��ɱ������ô��½�ٽ������Ϲ�ϵ�ģ�" target="_blank">��1157�� ��ɱ������ô��½�ٽ������Ϲ�ϵ�ģ�</a>
			  </div><div class="col-md-6 item">
				<a href="/book/p25576/7040750.html" title="��1158�� �Ǳ�Ϊ��" target="_blank">��1158�� �Ǳ�Ϊ��</a>
			  </div><div class="col-md-6 item">
				<a href="/book/p25576/7040751.html" title="��1159�� �ֲ���û�и�����������ս�������ź�" target="_blank">��1159�� �ֲ���û�и�����������ս�������ź�</a>
			  </div><div class="col-md-6 item">
				<a href="/book/p25576/7040752.html" title="��1160�� ��������" target="_blank">��1160�� ��������</a>
			  </div><div class="col-md-6 item">
				<a href="/book/p25576/7040753.html" title="��1161�� ��Ϊ�޳�" target="_blank">��1161�� ��Ϊ�޳�</a>
			  </div><div class="col-md-6 item">
				<a href="/book/p25576/7040754.html" title="��1162�� �������ѧ����ô��ô��" target="_blank">��1162�� �������ѧ����ô��ô��</a>
			  </div><div class="col-md-6 item">
				<a href="/book/p25576/7040755.html" title="��1163�� ����֮�ؽ����츳��һ��" target="_blank">��1163�� ����֮�ؽ����츳��һ��</a>
			  </div><div class="col-md-6 item">
				<a href="/book/p25576/7040756.html" title="��1164�� ����һλ��ʦ" target="_blank">��1164�� ����һλ��ʦ</a>
			  </div><div class="col-md-6 item">
				<a href="/book/p25576/7040757.html" title="��1165�� ������" target="_blank">��1165�� ������</a>
			  </div><div class="col-md-6 item">
				<a href="/book/p25576/7040758.html" title="��1166�� ����һ�㶼����ʵ" target="_blank">��1166�� ����һ�㶼����ʵ</a>
			  </div><div class="col-md-6 item">
				<a href="/book/p25576/7040759.html" title="��1167�� ��ô�����˴����Ͽ�" target="_blank">��1167�� ��ô�����˴����Ͽ�</a>
			  </div><div class="col-md-6 item">
				<a href="/book/p25576/7040760.html" title="��1168�� �ʵ����ɵ�������" target="_blank">��1168�� �ʵ����ɵ�������</a>
			  </div><div class="col-md-6 item">
				<a href="/book/p25576/7040761.html" title="��1169�� �Ͼ��ۣ��⻢Х�������ָ���������ܣ�" target="_blank">��1169�� �Ͼ��ۣ��⻢Х�������ָ���������ܣ�</a>
			  </div><div class="col-md-6 item">
				<a href="/book/p25576/7040762.html" title="��1170�� ����ʲô�ţ���" target="_blank">��1170�� ����ʲô�ţ���</a>
			  </div><div class="col-md-6 item">
				<a href="/book/p25576/7040763.html" title="��1171�� ѩ��Ѫ��" target="_blank">��1171�� ѩ��Ѫ��</a>
			  </div><div class="col-md-6 item">
				<a href="/book/p25576/7040764.html" title="��1172�� ��ù�ĵ���" target="_blank">��1172�� ��ù�ĵ���</a>
			  </div><div class="col-md-6 item">
				<a href="/book/p25576/7040765.html" title="��1173�� ɱ�Ĺž�" target="_blank">��1173�� ɱ�Ĺž�</a>
			  </div><div class="col-md-6 item">
				<a href="/book/p25576/7040766.html" title="��1174�� ��ϻ��Ķ���" target="_blank">��1174�� ��ϻ��Ķ���</a>
			  </div><div class="col-md-6 item">
				<a href="/book/p25576/7040767.html" title="��1175�� �ҵĶ���ԭ���Ǳ����������õ���" target="_blank">��1175�� �ҵĶ���ԭ���Ǳ����������õ���</a>
			  </div><div class="col-md-6 item">
				<a href="/book/p25576/7040768.html" title="��1176�� ħ����ս" target="_blank">��1176�� ħ����ս</a>
			  </div><div class="col-md-6 item">
				<a href="/book/p25576/7040769.html" title="��1177�� ����Ἰ�����ʽ������" target="_blank">��1177�� ����Ἰ�����ʽ������</a>
			  </div><div class="col-md-6 item">
				<a href="/book/p25576/7040770.html" title="��1178�� ����½��" target="_blank">��1178�� ����½��</a>
			  </div><div class="col-md-6 item">
				<a href="/book/p25576/7040771.html" title="��1179�� �󹬶��ǰɣ�������ү����" target="_blank">��1179�� �󹬶��ǰɣ�������ү����</a>
			  </div><div class="col-md-6 item">
				<a href="/book/p25576/7040772.html" title="��1180�� �����ǰ������֪����˭���Ͻ�������ý���" target="_blank">��1180�� �����ǰ������֪����˭���Ͻ�������ý���</a>
			  </div><div class="col-md-6 item">
				<a href="/book/p25576/7040773.html" title="��1181�� ֪����Խ������Խ��" target="_blank">��1181�� ֪����Խ������Խ��</a>
			  </div><div class="col-md-6 item">
				<a href="/book/p25576/7040774.html" title="��1182�� ����̽���֮��" target="_blank">��1182�� ����̽���֮��</a>
			  </div><div class="col-md-6 item">
				<a href="/book/p25576/7040775.html" title="��1183�� ѩ��" target="_blank">��1183�� ѩ��</a>
			  </div><div class="col-md-6 item">
				<a href="/book/p25576/7040776.html" title="��1184�� ��̤̫��ͼ" target="_blank">��1184�� ��̤̫��ͼ</a>
			  </div><div class="col-md-6 item">
				<a href="/book/p25576/7040777.html" title="��1185�� ����֮��ʢ���������" target="_blank">��1185�� ����֮��ʢ���������</a>
			  </div><div class="col-md-6 item">
				<a href="/book/p25576/7040778.html" title="��1186�� ˾���ĵ���" target="_blank">��1186�� ˾���ĵ���</a>
			  </div><div class="col-md-6 item">
				<a href="/book/p25576/7040779.html" title="��1187�� �����������������" target="_blank">��1187�� �����������������</a>
			  </div><div class="col-md-6 item">
				<a href="/book/p25576/7040780.html" title="��1188�� ��ڷ�" target="_blank">��1188�� ��ڷ�</a>
			  </div><div class="col-md-6 item">
				<a href="/book/p25576/7040781.html" title="��1189�� �����ɺ�˾���Ķ���ս��" target="_blank">��1189�� �����ɺ�˾���Ķ���ս��</a>
			  </div><div class="col-md-6 item">
				<a href="/book/p25576/7040782.html" title="��1190�� ��Х��ݻ�Ȼһ��" target="_blank">��1190�� ��Х��ݻ�Ȼһ��</a>
			  </div><div class="col-md-6 item">
				<a href="/book/p25576/7040783.html" title="��1191�� ��ʦ�֣����ǰѵ������������" target="_blank">��1191�� ��ʦ�֣����ǰѵ������������</a>
			  </div><div class="col-md-6 item">
				<a href="/book/p25576/7040784.html" title="��1192�� �����ҵ�������о���" target="_blank">��1192�� �����ҵ�������о���</a>
			  </div><div class="col-md-6 item">
				<a href="/book/p25576/7040785.html" title="��1193�� ������" target="_blank">��1193�� ������</a>
			  </div><div class="col-md-6 item">
				<a href="/book/p25576/7040786.html" title="��1194�� ��Ǭ������ս��������" target="_blank">��1194�� ��Ǭ������ս��������</a>
			  </div><div class="col-md-6 item">
				<a href="/book/p25576/7040787.html" title="��1195�� �����Һ�����" target="_blank">��1195�� �����Һ�����</a>
			  </div><div class="col-md-6 item">
				<a href="/book/p25576/7040788.html" title="��1196�� ������" target="_blank">��1196�� ������</a>
			  </div><div class="col-md-6 item">
				<a href="/book/p25576/7040789.html" title="��1197�� ��ˮ����������" target="_blank">��1197�� ��ˮ����������</a>
			  </div><div class="col-md-6 item">
				<a href="/book/p25576/7040790.html" title="��1198�� ӡ��ֽ����Ҳ���԰�æ" target="_blank">��1198�� ӡ��ֽ����Ҳ���԰�æ</a>
			  </div><div class="col-md-6 item">
				<a href="/book/p25576/7040791.html" title="��1199�� ̫���еĶ���" target="_blank">��1199�� ̫���еĶ���</a>
			  </div><div class="col-md-6 item">
				<a href="/book/p25576/7040792.html" title="��1200�� �ɽ���֮�µ�һ��" target="_blank">��1200�� �ɽ���֮�µ�һ��</a>
			  </div><div class="col-md-6 item">
				<a href="/book/p25576/7040793.html" title="��1201�� ͻ��������" target="_blank">��1201�� ͻ��������</a>
			  </div><div class="col-md-6 item">
				<a href="/book/p25576/7040794.html" title="��1202�� �к�һ��" target="_blank">��1202�� �к�һ��</a>
			  </div><div class="col-md-6 item">
				<a href="/book/p25576/7040795.html" title="��1203�� �㲻Ҫ������" target="_blank">��1203�� �㲻Ҫ������</a>
			  </div><div class="col-md-6 item">
				<a href="/book/p25576/7040796.html" title="��1204�� �ɽ���" target="_blank">��1204�� �ɽ���</a>
			  </div><div class="col-md-6 item">
				<a href="/book/p25576/7040797.html" title="��1205�� ��֥��·" target="_blank">��1205�� ��֥��·</a>
			  </div><div class="col-md-6 item">
				<a href="/book/p25576/7040798.html" title="��1206�� С�׼�����" target="_blank">��1206�� С�׼�����</a>
			  </div><div class="col-md-6 item">
				<a href="/book/p25576/7040799.html" title="��1207�� ʦͽ�Ծ�" target="_blank">��1207�� ʦͽ�Ծ�</a>
			  </div><div class="col-md-6 item">
				<a href="/book/p25576/7040800.html" title="��1208�� ½��֮��" target="_blank">��1208�� ½��֮��</a>
			  </div><div class="col-md-6 item">
				<a href="/book/p25576/7040801.html" title="��1209�� ʦƾͽ��" target="_blank">��1209�� ʦƾͽ��</a>
			  </div><div class="col-md-6 item">
				<a href="/book/p25576/7040802.html" title="��1210�� �����" target="_blank">��1210�� �����</a>
			  </div><div class="col-md-6 item">
				<a href="/book/p25576/7040803.html" title="��1211�� ���ѿɸ�����һս" target="_blank">��1211�� ���ѿɸ�����һս</a>
			  </div><div class="col-md-6 item">
				<a href="/book/p25576/7040804.html" title="��1212�� �����������˻����������ˣ�" target="_blank">��1212�� �����������˻����������ˣ�</a>
			  </div><div class="col-md-6 item">
				<a href="/book/p25576/7040805.html" title="��1213�� ��������" target="_blank">��1213�� ��������</a>
			  </div><div class="col-md-6 item">
				<a href="/book/p25576/7040806.html" title="��1214�� �ٳ��ϵĹ�����" target="_blank">��1214�� �ٳ��ϵĹ�����</a>
			  </div><div class="col-md-6 item">
				<a href="/book/p25576/7040807.html" title="��1215�� �ΰ�����" target="_blank">��1215�� �ΰ�����</a>
			  </div><div class="col-md-6 item">
				<a href="/book/p25576/7040808.html" title="��1216�� ���������������ǲμӹ��ʽ����ģ�" target="_blank">��1216�� ���������������ǲμӹ��ʽ����ģ�</a>
			  </div><div class="col-md-6 item">
				<a href="/book/p25576/7040809.html" title="��1217�� ��ʦ�ܣ�����Ϣ�����д���" target="_blank">��1217�� ��ʦ�ܣ�����Ϣ�����д���</a>
			  </div><div class="col-md-6 item">
				<a href="/book/p25576/7040810.html" title="��1218�� ��ʵ�˶��ǽ������" target="_blank">��1218�� ��ʵ�˶��ǽ������</a>
			  </div><div class="col-md-6 item">
				<a href="/book/p25576/7040811.html" title="��1219�� ���ɳ���������֮�֣�" target="_blank">��1219�� ���ɳ���������֮�֣�</a>
			  </div><div class="col-md-6 item">
				<a href="/book/p25576/7040812.html" title="��1220�� ���󲻿��ԵĹ�Ա����" target="_blank">��1220�� ���󲻿��ԵĹ�Ա����</a>
			  </div><div class="col-md-6 item">
				<a href="/book/p25576/7040813.html" title="��1221�� ����֮λ�ֿ���" target="_blank">��1221�� ����֮λ�ֿ���</a>
			  </div><div class="col-md-6 item">
				<a href="/book/p25576/7040814.html" title="��1222�� ͵�����³�" target="_blank">��1222�� ͵�����³�</a>
			  </div><div class="col-md-6 item">
				<a href="/book/p25576/7040815.html" title="��1223�� ��ǿ��ס�˶ɽ���֮�µ�һ�˵ĳƺ�" target="_blank">��1223�� ��ǿ��ס�˶ɽ���֮�µ�һ�˵ĳƺ�</a>
			  </div><div class="col-md-6 item">
				<a href="/book/p25576/7040816.html" title="��1224�� ���ˣ�������ʱ����" target="_blank">��1224�� ���ˣ�������ʱ����</a>
			  </div><div class="col-md-6 item">
				<a href="/book/p25576/7040817.html" title="��1225�� ���Ų鷿" target="_blank">��1225�� ���Ų鷿</a>
			  </div><div class="col-md-6 item">
				<a href="/book/p25576/7040818.html" title="��1226�� ������" target="_blank">��1226�� ������</a>
			  </div><div class="col-md-6 item">
				<a href="/book/p25576/7040819.html" title="��1227�� ���ݹٳ�����" target="_blank">��1227�� ���ݹٳ�����</a>
			  </div><div class="col-md-6 item">
				<a href="/book/p25576/7040820.html" title="��1228�� �����ڵ�����·���쳾����" target="_blank">��1228�� �����ڵ�����·���쳾����</a>
			  </div><div class="col-md-6 item">
				<a href="/book/p25576/7040821.html" title="��1229�� ��ؽ�Ǯ�̻�᳤" target="_blank">��1229�� ��ؽ�Ǯ�̻�᳤</a>
			  </div><div class="col-md-6 item">
				<a href="/book/p25576/7040822.html" title="��1230�� �ֹ��" target="_blank">��1230�� �ֹ��</a>
			  </div><div class="col-md-6 item">
				<a href="/book/p25576/7040823.html" title="��1231�� ۺ��" target="_blank">��1231�� ۺ��</a>
			  </div><div class="col-md-6 item">
				<a href="/book/p25576/7040824.html" title="��1232�� ���ʳ����Դ" target="_blank">��1232�� ���ʳ����Դ</a>
			  </div><div class="col-md-6 item">
				<a href="/book/p25576/7040825.html" title="��1233�� ��ֵ�С����" target="_blank">��1233�� ��ֵ�С����</a>
			  </div><div class="col-md-6 item">
				<a href="/book/p25576/7040826.html" title="��1234�� ����������ͥ�̵�����������" target="_blank">��1234�� ����������ͥ�̵�����������</a>
			  </div><div class="col-md-6 item">
				<a href="/book/p25576/7040827.html" title="��1235�� ��¶���" target="_blank">��1235�� ��¶���</a>
			  </div><div class="col-md-6 item">
				<a href="/book/p25576/7040828.html" title="��1236�� �����Ŀռ�" target="_blank">��1236�� �����Ŀռ�</a>
			  </div><div class="col-md-6 item">
				<a href="/book/p25576/7040829.html" title="��1237�� ������˭����ɽ��ǩ�ı��գ�" target="_blank">��1237�� ������˭����ɽ��ǩ�ı��գ�</a>
			  </div><div class="col-md-6 item">
				<a href="/book/p25576/7040830.html" title="��1238�� ������" target="_blank">��1238�� ������</a>
			  </div><div class="col-md-6 item">
				<a href="/book/p25576/7040831.html" title="��1239�� ������" target="_blank">��1239�� ������</a>
			  </div><div class="col-md-6 item">
				<a href="/book/p25576/7040832.html" title="��1240�� ����۾���ս������" target="_blank">��1240�� ����۾���ս������</a>
			  </div><div class="col-md-6 item">
				<a href="/book/p25576/7040833.html" title="��1241�� �����ɵ�ǿ��" target="_blank">��1241�� �����ɵ�ǿ��</a>
			  </div><div class="col-md-6 item">
				<a href="/book/p25576/7040834.html" title="��1242�� ����ɱ������" target="_blank">��1242�� ����ɱ������</a>
			  </div><div class="col-md-6 item">
				<a href="/book/p25576/7040835.html" title="��1243�� ����֮��" target="_blank">��1243�� ����֮��</a>
			  </div><div class="col-md-6 item">
				<a href="/book/p25576/7040836.html" title="��1244�� ���" target="_blank">��1244�� ���</a>
			  </div><div class="col-md-6 item">
				<a href="/book/p25576/7040837.html" title="��1245�� Ļ����ֵ�ǿ��" target="_blank">��1245�� Ļ����ֵ�ǿ��</a>
			  </div><div class="col-md-6 item">
				<a href="/book/p25576/7040838.html" title="��1246�� �ҿ��ԷŹ�����" target="_blank">��1246�� �ҿ��ԷŹ�����</a>
			  </div><div class="col-md-6 item">
				<a href="/book/p25576/7040839.html" title="��1247�� ��Ȼ���ˣ��ͱ�������" target="_blank">��1247�� ��Ȼ���ˣ��ͱ�������</a>
			  </div><div class="col-md-6 item">
				<a href="/book/p25576/7040840.html" title="��1248�� ���ҿ����㵽����˭��" target="_blank">��1248�� ���ҿ����㵽����˭��</a>
			  </div><div class="col-md-6 item">
				<a href="/book/p25576/7040841.html" title="��1249�� Ҧʥ" target="_blank">��1249�� Ҧʥ</a>
			  </div><div class="col-md-6 item">
				<a href="/book/p25576/7040842.html" title="��1250�� �Գ��������" target="_blank">��1250�� �Գ��������</a>
			  </div><div class="col-md-6 item">
				<a href="/book/p25576/7040843.html" title="��1251�� ���ñ��˵�����Ҳ���Ա�����" target="_blank">��1251�� ���ñ��˵�����Ҳ���Ա�����</a>
			  </div><div class="col-md-6 item">
				<a href="/book/p25576/7040844.html" title="��1252�� �ҷ�����" target="_blank">��1252�� �ҷ�����</a>
			  </div><div class="col-md-6 item">
				<a href="/book/p25576/7040845.html" title="��1253�� �������������գ���ɽ����ʧ" target="_blank">��1253�� �������������գ���ɽ����ʧ</a>
			  </div><div class="col-md-6 item">
				<a href="/book/p25576/7040846.html" title="��1254�� ��ɽ��û�˸���½����һ���ϵ��" target="_blank">��1254�� ��ɽ��û�˸���½����һ���ϵ��</a>
			  </div><div class="col-md-6 item">
				<a href="/book/p25576/7040847.html" title="��1255�� �۾���Ҳ��ץ�����ˣ�̫����" target="_blank">��1255�� �۾���Ҳ��ץ�����ˣ�̫����</a>
			  </div><div class="col-md-6 item">
				<a href="/book/p25576/7040848.html" title="��1256�� �Ϲ��������" target="_blank">��1256�� �Ϲ��������</a>
			  </div><div class="col-md-6 item">
				<a href="/book/p25576/7040849.html" title="��1257�� ��ʦ����ô�벡���ˣ�" target="_blank">��1257�� ��ʦ����ô�벡���ˣ�</a>
			  </div><div class="col-md-6 item">
				<a href="/book/p25576/7040850.html" title="��1258�� �¼ҹ���������" target="_blank">��1258�� �¼ҹ���������</a>
			  </div><div class="col-md-6 item">
				<a href="/book/p25576/7040851.html" title="��1259�� ����������" target="_blank">��1259�� ����������</a>
			  </div><div class="col-md-6 item">
				<a href="/book/p25576/7040852.html" title="��1260�� ������" target="_blank">��1260�� ������</a>
			  </div><div class="col-md-6 item">
				<a href="/book/p25576/7040853.html" title="��1261�� ½�������" target="_blank">��1261�� ½�������</a>
			  </div><div class="col-md-6 item">
				<a href="/book/p25576/7040854.html" title="��1262�� Ļ�����û����" target="_blank">��1262�� Ļ�����û����</a>
			  </div><div class="col-md-6 item">
				<a href="/book/p25576/7040855.html" title="��1263�� �������Σ������" target="_blank">��1263�� �������Σ������</a>
			  </div><div class="col-md-6 item">
				<a href="/book/p25576/7040856.html" title="��1264�� �ֻ�֮��" target="_blank">��1264�� �ֻ�֮��</a>
			  </div><div class="col-md-6 item">
				<a href="/book/p25576/7040857.html" title="��1265�� ½��ĵ�������" target="_blank">��1265�� ½��ĵ�������</a>
			  </div><div class="col-md-6 item">
				<a href="/book/p25576/7040858.html" title="��1266�� ׷�ݸ�Դ���ع�ԭ��" target="_blank">��1266�� ׷�ݸ�Դ���ع�ԭ��</a>
			  </div><div class="col-md-6 item">
				<a href="/book/p25576/7040859.html" title="��1267�� ��ֵ���Դ��������" target="_blank">��1267�� ��ֵ���Դ��������</a>
			  </div><div class="col-md-6 item">
				<a href="/book/p25576/7040860.html" title="��1268�� ��ѧ��ķ���������ȷ�ķ�����" target="_blank">��1268�� ��ѧ��ķ���������ȷ�ķ�����</a>
			  </div><div class="col-md-6 item">
				<a href="/book/p25576/7040861.html" title="��1269�� ˫�����" target="_blank">��1269�� ˫�����</a>
			  </div><div class="col-md-6 item">
				<a href="/book/p25576/7040862.html" title="��1270�� ���Խ��͵�Ԥ֪δ��" target="_blank">��1270�� ���Խ��͵�Ԥ֪δ��</a>
			  </div><div class="col-md-6 item">
				<a href="/book/p25576/7040863.html" title="��1271�� �⿪��ӡ" target="_blank">��1271�� �⿪��ӡ</a>
			  </div><div class="col-md-6 item">
				<a href="/book/p25576/7040864.html" title="��1272�� �������" target="_blank">��1272�� �������</a>
			  </div><div class="col-md-6 item">
				<a href="/book/p25576/7040865.html" title="��1273�� ����" target="_blank">��1273�� ����</a>
			  </div><div class="col-md-6 item">
				<a href="/book/p25576/7040866.html" title="��1274�� ����" target="_blank">��1274�� ����</a>
			  </div><div class="col-md-6 item">
				<a href="/book/p25576/7040867.html" title="��1275�� ��������" target="_blank">��1275�� ��������</a>
			  </div><div class="col-md-6 item">
				<a href="/book/p25576/7040868.html" title="��1276�� �����������������ڽ���" target="_blank">��1276�� �����������������ڽ���</a>
			  </div><div class="col-md-6 item">
				<a href="/book/p25576/7040869.html" title="��1277�� �ⲻ�����֪����" target="_blank">��1277�� �ⲻ�����֪����</a>
			  </div><div class="col-md-6 item">
				<a href="/book/p25576/7040870.html" title="��1278�� �ǲ�������˭" target="_blank">��1278�� �ǲ�������˭</a>
			  </div><div class="col-md-6 item">
				<a href="/book/p25576/7040871.html" title="��1279�� ��Ԫ���������" target="_blank">��1279�� ��Ԫ���������</a>
			  </div><div class="col-md-6 item">
				<a href="/book/p25576/7040872.html" title="��1280�� �ֲ�������֮��" target="_blank">��1280�� �ֲ�������֮��</a>
			  </div><div class="col-md-6 item">
				<a href="/book/p25576/7040873.html" title="��1281�� ½��ֻ�������Ǻó�" target="_blank">��1281�� ½��ֻ�������Ǻó�</a>
			  </div><div class="col-md-6 item">
				<a href="/book/p25576/7040874.html" title="��1282�� һ��������" target="_blank">��1282�� һ��������</a>
			  </div><div class="col-md-6 item">
				<a href="/book/p25576/7040875.html" title="��1283�� �½�ɫǿ�������˰ɣ�" target="_blank">��1283�� �½�ɫǿ�������˰ɣ�</a>
			  </div><div class="col-md-6 item">
				<a href="/book/p25576/7040876.html" title="��1284�� ���ݵ���ѻ��" target="_blank">��1284�� ���ݵ���ѻ��</a>
			  </div><div class="col-md-6 item">
				<a href="/book/p25576/7040877.html" title="��1285�� ����ּ" target="_blank">��1285�� ����ּ</a>
			  </div><div class="col-md-6 item">
				<a href="/book/p25576/7040878.html" title="��1286�� ���Ҽ���λ��" target="_blank">��1286�� ���Ҽ���λ��</a>
			  </div><div class="col-md-6 item">
				<a href="/book/p25576/7040879.html" title="��1287�� �����ֵ�ͼ���" target="_blank">��1287�� �����ֵ�ͼ���</a>
			  </div><div class="col-md-6 item">
				<a href="/book/p25576/7040880.html" title="��1288�� ��ս" target="_blank">��1288�� ��ս</a>
			  </div><div class="col-md-6 item">
				<a href="/book/p25576/7040881.html" title="��1289�� ��Ҷ��б��ҵĹ�ȥ" target="_blank">��1289�� ��Ҷ��б��ҵĹ�ȥ</a>
			  </div><div class="col-md-6 item">
				<a href="/book/p25576/7040882.html" title="��1290�� �ϸ�Ӧ���������ĸ�����������" target="_blank">��1290�� �ϸ�Ӧ���������ĸ�����������</a>
			  </div><div class="col-md-6 item">
				<a href="/book/p25576/7040883.html" title="��1291�� �����ұ��ٳ���" target="_blank">��1291�� �����ұ��ٳ���</a>
			  </div><div class="col-md-6 item">
				<a href="/book/p25576/7040884.html" title="��1292�� ��ʿүү" target="_blank">��1292�� ��ʿүү</a>
			  </div><div class="col-md-6 item">
				<a href="/book/p25576/7040885.html" title="��1293�� ���۸��ӵĹ�ϵ" target="_blank">��1293�� ���۸��ӵĹ�ϵ</a>
			  </div><div class="col-md-6 item">
				<a href="/book/p25576/7040886.html" title="��1294�� �������أ�" target="_blank">��1294�� �������أ�</a>
			  </div><div class="col-md-6 item">
				<a href="/book/p25576/7040887.html" title="��1295�� ̫��Ҫը��" target="_blank">��1295�� ̫��Ҫը��</a>
			  </div><div class="col-md-6 item">
				<a href="/book/p25576/7040888.html" title="��1296�� ������" target="_blank">��1296�� ������</a>
			  </div><div class="col-md-6 item">
				<a href="/book/p25576/7040889.html" title="��1297�� ʶʱ����Ϊ����" target="_blank">��1297�� ʶʱ����Ϊ����</a>
			  </div><div class="col-md-6 item">
				<a href="/book/p25576/7040890.html" title="��1298�� ���ɽ磬½��" target="_blank">��1298�� ���ɽ磬½��</a>
			  </div><div class="col-md-6 item">
				<a href="/book/p25576/7040891.html" title="��1299�� �������ɽ�Ƚ����" target="_blank">��1299�� �������ɽ�Ƚ����</a>
			  </div><div class="col-md-6 item">
				<a href="/book/p25576/7040892.html" title="��1300�� �������ɽ���ܽ�������" target="_blank">��1300�� �������ɽ���ܽ�������</a>
			  </div><div class="col-md-6 item">
				<a href="/book/p25576/7040893.html" title="��1301�� ���ǵ�����ɴ�̫����" target="_blank">��1301�� ���ǵ�����ɴ�̫����</a>
			  </div><div class="col-md-6 item">
				<a href="/book/p25576/7040894.html" title="��1302�� ��ӭ�������ɽ�" target="_blank">��1302�� ��ӭ�������ɽ�</a>
			  </div><div class="col-md-6 item">
				<a href="/book/p25576/7040895.html" title="��1303�� ��������������ܿ���" target="_blank">��1303�� ��������������ܿ���</a>
			  </div><div class="col-md-6 item">
				<a href="/book/p25576/7040896.html" title="��1304�� Ԯ�����鱻Ԯ��������" target="_blank">��1304�� Ԯ�����鱻Ԯ��������</a>
			  </div><div class="col-md-6 item">
				<a href="/book/p25576/7040897.html" title="��1305�� ��������������" target="_blank">��1305�� ��������������</a>
			  </div><div class="col-md-6 item">
				<a href="/book/p25576/7040898.html" title="��1306�� ��������" target="_blank">��1306�� ��������</a>
			  </div><div class="col-md-6 item">
				<a href="/book/p25576/7040899.html" title="��1307�� ��۵ĺ����ӵ�ͷ��" target="_blank">��1307�� ��۵ĺ����ӵ�ͷ��</a>
			  </div><div class="col-md-6 item">
				<a href="/book/p25576/7040900.html" title="��1308�� ���ܲ�֪�����ɽ���ʯ����" target="_blank">��1308�� ���ܲ�֪�����ɽ���ʯ����</a>
			  </div><div class="col-md-6 item">
				<a href="/book/p25576/7040901.html" title="��1309�� �������ã������ͷ�" target="_blank">��1309�� �������ã������ͷ�</a>
			  </div><div class="col-md-6 item">
				<a href="/book/p25576/7040902.html" title="��1310�� ��������ͳ�����ɽ�δ��" target="_blank">��1310�� ��������ͳ�����ɽ�δ��</a>
			  </div><div class="col-md-6 item">
				<a href="/book/p25576/7040903.html" title="��1311�� ս��״̬�����ɽ�" target="_blank">��1311�� ս��״̬�����ɽ�</a>
			  </div><div class="col-md-6 item">
				<a href="/book/p25576/7040904.html" title="��1312�� �˾�����Ļ�����" target="_blank">��1312�� �˾�����Ļ�����</a>
			  </div><div class="col-md-6 item">
				<a href="/book/p25576/7040905.html" title="��1313�� ���ӽ��٣����ɽ�Σ�ӣ�" target="_blank">��1313�� ���ӽ��٣����ɽ�Σ�ӣ�</a>
			  </div><div class="col-md-6 item">
				<a href="/book/p25576/7040906.html" title="��1314�� �����������ˮƽ��" target="_blank">��1314�� �����������ˮƽ��</a>
			  </div><div class="col-md-6 item">
				<a href="/book/p25576/7040907.html" title="��1315�� ˵�����ǵ��������ģ�" target="_blank">��1315�� ˵�����ǵ��������ģ�</a>
			  </div><div class="col-md-6 item">
				<a href="/book/p25576/7040908.html" title="��1316�� ��۽���" target="_blank">��1316�� ��۽���</a>
			  </div><div class="col-md-6 item">
				<a href="/book/p25576/7040909.html" title="��1317�� ���˶���������ʲô" target="_blank">��1317�� ���˶���������ʲô</a>
			  </div><div class="col-md-6 item">
				<a href="/book/p25576/7040910.html" title="��1318�� ½���ս��Ң" target="_blank">��1318�� ½���ս��Ң</a>
			  </div><div class="col-md-6 item">
				<a href="/book/p25576/7040911.html" title="��1319�� ��Ľ���ô��ô���죿" target="_blank">��1319�� ��Ľ���ô��ô���죿</a>
			  </div><div class="col-md-6 item">
				<a href="/book/p25576/7040912.html" title="��1320�� ����" target="_blank">��1320�� ����</a>
			  </div><div class="col-md-6 item">
				<a href="/book/p25576/7040913.html" title="��1321�� �컯��" target="_blank">��1321�� �컯��</a>
			  </div><div class="col-md-6 item">
				<a href="/book/p25576/7040914.html" title="��1322�� ����ͻ�ƱȲ�����̨Ӳ" target="_blank">��1322�� ����ͻ�ƱȲ�����̨Ӳ</a>
			  </div><div class="col-md-6 item">
				<a href="/book/p25576/7040915.html" title="��1323�� �д��Ե���컯" target="_blank">��1323�� �д��Ե���컯</a>
			  </div><div class="col-md-6 item">
				<a href="/book/p25576/7040916.html" title="��1324�� ���ս��ƽ����" target="_blank">��1324�� ���ս��ƽ����</a>
			  </div><div class="col-md-6 item">
				<a href="/book/p25576/7040917.html" title="��1325�� �ɽٺ���" target="_blank">��1325�� �ɽٺ���</a>
			  </div><div class="col-md-6 item">
				<a href="/book/p25576/7040918.html" title="��1326�� ��֥���ϼ����ģ�" target="_blank">��1326�� ��֥���ϼ����ģ�</a>
			  </div><div class="col-md-6 item">
				<a href="/book/p25576/7040919.html" title="��1327�� ��ʦ�㾭�������ң�" target="_blank">��1327�� ��ʦ�㾭�������ң�</a>
			  </div><div class="col-md-6 item">
				<a href="/book/p25576/7040920.html" title="��1328�� ������" target="_blank">��1328�� ������</a>
			  </div><div class="col-md-6 item">
				<a href="/book/p25576/7040921.html" title="��1329�� ��֥�ĸ���" target="_blank">��1329�� ��֥�ĸ���</a>
			  </div><div class="col-md-6 item">
				<a href="/book/p25576/7040922.html" title="��1330�� ɥʬ������־" target="_blank">��1330�� ɥʬ������־</a>
			  </div><div class="col-md-6 item">
				<a href="/book/p25576/7040923.html" title="��1331�� �ռǱ�" target="_blank">��1331�� �ռǱ�</a>
			  </div><div class="col-md-6 item">
				<a href="/book/p25576/7040924.html" title="��1332�� ½��ʾ�" target="_blank">��1332�� ½��ʾ�</a>
			  </div><div class="col-md-6 item">
				<a href="/book/p25576/7040925.html" title="��1333�� �ػ�����" target="_blank">��1333�� �ػ�����</a>
			  </div><div class="col-md-6 item">
				<a href="/book/p25576/7040926.html" title="��1334�� ½�����������ˣ�" target="_blank">��1334�� ½�����������ˣ�</a>
			  </div><div class="col-md-6 item">
				<a href="/book/p25576/7040927.html" title="��1335�� ��˪֮��" target="_blank">��1335�� ��˪֮��</a>
			  </div><div class="col-md-6 item">
				<a href="/book/p25576/7040928.html" title="��1336�� ��ľ���ռ���ô�����ˣ�" target="_blank">��1336�� ��ľ���ռ���ô�����ˣ�</a>
			  </div><div class="col-md-6 item">
				<a href="/book/p25576/7040929.html" title="��1337�� ������" target="_blank">��1337�� ������</a>
			  </div><div class="col-md-6 item">
				<a href="/book/p25576/7040930.html" title="��1338�� �������ӵ�����֮��" target="_blank">��1338�� �������ӵ�����֮��</a>
			  </div><div class="col-md-6 item">
				<a href="/book/p25576/7040931.html" title="��1339�� Ļ����ֵľ���" target="_blank">��1339�� Ļ����ֵľ���</a>
			  </div><div class="col-md-6 item">
				<a href="/book/p25576/7040932.html" title="��1340�� ����֮�ˣ���Ⱦ���" target="_blank">��1340�� ����֮�ˣ���Ⱦ���</a>
			  </div><div class="col-md-6 item">
				<a href="/book/p25576/7040933.html" title="��1341�� �û�ȥ��" target="_blank">��1341�� �û�ȥ��</a>
			  </div><div class="col-md-6 item">
				<a href="/book/p25576/7040934.html" title="��1342�� ½����������麱��" target="_blank">��1342�� ½����������麱��</a>
			  </div><div class="col-md-6 item">
				<a href="/book/p25576/7040935.html" title="��1343�� �ϰ��ɶ�" target="_blank">��1343�� �ϰ��ɶ�</a>
			  </div><div class="col-md-6 item">
				<a href="/book/p25576/7040936.html" title="��1344�� ���ջ�ˮ" target="_blank">��1344�� ���ջ�ˮ</a>
			  </div><div class="col-md-6 item">
				<a href="/book/p25576/7040937.html" title="��1345�� ���ֵ�����" target="_blank">��1345�� ���ֵ�����</a>
			  </div><div class="col-md-6 item">
				<a href="/book/p25576/7040938.html" title="��1346�� ͻ��" target="_blank">��1346�� ͻ��</a>
			  </div><div class="col-md-6 item">
				<a href="/book/p25576/7040939.html" title="��1347�� ���ɽ�" target="_blank">��1347�� ���ɽ�</a>
			  </div><div class="col-md-6 item">
				<a href="/book/p25576/7040940.html" title="��1348�� ����" target="_blank">��1348�� ����</a>
			  </div><div class="col-md-6 item">
				<a href="/book/p25576/7040941.html" title="��1349�� ����" target="_blank">��1349�� ����</a>
			  </div><div class="col-md-6 item">
				<a href="/book/p25576/7040942.html" title="��1350�� ½С�ѣ�Ϊ��Ҫ�Ҵ��ҵ����" target="_blank">��1350�� ½С�ѣ�Ϊ��Ҫ�Ҵ��ҵ����</a>
			  </div><div class="col-md-6 item">
				<a href="/book/p25576/7040943.html" title="��1351�� ��ս" target="_blank">��1351�� ��ս</a>
			  </div><div class="col-md-6 item">
				<a href="/book/p25576/7040944.html" title="��1352�� �����ֶ�" target="_blank">��1352�� �����ֶ�</a>
			  </div><div class="col-md-6 item">
				<a href="/book/p25576/7040945.html" title="��1353�� ʹ��" target="_blank">��1353�� ʹ��</a>
			  </div><div class="col-md-6 item">
				<a href="/book/p25576/7040946.html" title="��1354�� �ϵ�" target="_blank">��1354�� �ϵ�</a>
			  </div><div class="col-md-6 item">
				<a href="/book/p25576/7040947.html" title="��1355�� ����������˵���ˣ�" target="_blank">��1355�� ����������˵���ˣ�</a>
			  </div><div class="col-md-6 item">
				<a href="/book/p25576/7040948.html" title="��1356�� ʧ��" target="_blank">��1356�� ʧ��</a>
			  </div><div class="col-md-6 item">
				<a href="/book/p25576/7040949.html" title="��1357�� ʱ���߸Ķ�" target="_blank">��1357�� ʱ���߸Ķ�</a>
			  </div><div class="col-md-6 item">
				<a href="/book/p25576/7040950.html" title="��1358�� ����ʱ�����Ϸ�����ʲô����" target="_blank">��1358�� ����ʱ�����Ϸ�����ʲô����</a>
			  </div><div class="col-md-6 item">
				<a href="/book/p25576/7040951.html" title="��1359�� �����Ե�½���츳" target="_blank">��1359�� �����Ե�½���츳</a>
			  </div><div class="col-md-6 item">
				<a href="/book/p25576/7040952.html" title="��1360�� ȫ֪" target="_blank">��1360�� ȫ֪</a>
			  </div><div class="col-md-6 item">
				<a href="/book/p25576/7040953.html" title="��1361�� δ����ǿ" target="_blank">��1361�� δ����ǿ</a>
			  </div><div class="col-md-6 item">
				<a href="/book/p25576/7040954.html" title="��1362�� ����" target="_blank">��1362�� ����</a>
			  </div><div class="col-md-6 item">
				<a href="/book/p25576/7040955.html" title="������" target="_blank">������</a>
			  </div><div class="col-md-6 item">
				<a href="/book/p25576/7040956.html" title="����һ" target="_blank">����һ</a>
			  </div><div class="col-md-6 item">
				<a href="/book/p25576/7040957.html" title="�����" target="_blank">�����</a>
			  </div><div class="col-md-6 item">
				<a href="/book/p25576/7040958.html" title="������" target="_blank">������</a>
			  </div>
            </div>
          </div>
        </div>
      </div>
      <!-- All Chapterlist End -->
    </div>
	<!-- Chapter End -->
  </div>
  <!-- Left End -->
  <div class="col-right2">
	  <div class="panel panel-info hidden-xs hidden-sm t10">
        <div class="panel-heading">
          <h3 class="panel-title">�������</h3>
        </div>
        <div class="panel-body">
          <div class="row">
			<div class="col-md-12 item fix1px"><a class="float-left" href="/book/p25576/" target="_blank">˭�������ɵģ�</a><span class="dark float-right">��׵���ѻ</span></div><div class="col-md-12 item fix1px"><a class="float-left" href="/book/p25573/" target="_blank">�����츳��ʼ����</a><span class="dark float-right">ʧ��Ҷ</span></div><div class="col-md-12 item fix1px"><a class="float-left" href="/book/p25566/" target="_blank">���ɣ������������������</a><span class="dark float-right">���Ǵ����</span></div><div class="col-md-12 item fix1px"><a class="float-left" href="/book/p25550/" target="_blank">������</a><span class="dark float-right">��ʷ�ﴵ��</span></div><div class="col-md-12 item fix1px"><a class="float-left" href="/book/p25496/" target="_blank">��������</a><span class="dark float-right">�¶�Ư��</span></div><div class="col-md-12 item fix1px"><a class="float-left" href="/book/p25449/" target="_blank">ǰ�޴���</a><span class="dark float-right">��Ʒ��ѿ</span></div><div class="col-md-12 item fix1px"><a class="float-left" href="/book/p25382/" target="_blank">�����ҹ��</a><span class="dark float-right">��ʮ������</span></div><div class="col-md-12 item fix1px"><a class="float-left" href="/book/p25381/" target="_blank">��������</a><span class="dark float-right">����Ϲ���</span></div><div class="col-md-12 item fix1px"><a class="float-left" href="/book/p25377/" target="_blank">��ÿ����ˢ�½���ָ</a><span class="dark float-right">�������ս�</span></div><div class="col-md-12 item fix1px"><a class="float-left" href="/book/p25365/" target="_blank">�����ޱ߸ߴ���</a><span class="dark float-right">̤ѩ����</span></div>
          </div>
        </div>
      </div>
	  <!--New Book End -->
	  <div class="panel panel-info">
          <div class="panel-heading"><h3 class="panel-title">����������Ʒ</h3></div>
          <div class="panel-body">
            <div class="row">
              <div class="col-md-12 t10">
                <div class="media"> <a class="media-left" href="/book/p20597/" target="_blank"> <img class="book-img-small"  src="/uploads/cover/20597s.jpg" title="����ڲ�����Ϯϵͳ" alt="����ڲ�����Ϯϵͳ"/> </a>
                  <div class="media-body">
                    <div class="media-title">
                      <h4><a href="/book/p20597/" target="_blank">����ڲ�����Ϯϵͳ</a></h4>
                    </div>
                    <div class="media-info">
                       ���봩Խ����������û�н���ָ��ֻ������ʵʵ������������������Ϊ�š�
                    </div>
                  </div>
                </div>
              </div>
            </div>
          </div>
        </div>
      <div class="panel panel-info">
        <div class="panel-heading">
          <h3 class="panel-title"><strong>�����Ƽ�</strong></h3>
        </div>
        <div class="panel-body">
          <div class="row">
			<div class="col-md-12 t10">
              <div class="media"> <a class="media-left" href="/book/p6214/" target="_blank"> <img class="book-img-small" src="/uploads/cover/6214s.jpg" title="а����Ȼ" alt="а����Ȼ"/> </a>
                <div class="media-body">
                  <div class="media-title">
                    <h4><a href="/book/p6214/" target="_blank">а����Ȼ</a></h4>
					<span class="dark">����</span>
                  </div>
                  <div class="media-info"> �ܶ������ţ������������������ֶ������ڵġ� ��Ȼ���ֶ��������������ţ���</div>
                </div>
              </div>
            </div><div class="col-md-12 t10">
              <div class="media"> <a class="media-left" href="/book/p4929/" target="_blank"> <img class="book-img-small" src="/uploads/cover/4929s.jpg" title="�����֮��7������ķ籩���ϣ�" alt="�����֮��7������ķ籩���ϣ�"/> </a>
                <div class="media-body">
                  <div class="media-title">
                    <h4><a href="/book/p4929/" target="_blank">�����֮��7������ķ籩���ϣ�</a></h4>
					<span class="dark">���Ρ�R.R</span>
                  </div>
                  <div class="media-info"> ��ɫ���񣬻�ɫ���У� ���Ǳ���������֣���������������ɣ� ����ڼ���֮��</div>
                </div>
              </div>
            </div><div class="col-md-12 t10">
              <div class="media"> <a class="media-left" href="/book/p1271/" target="_blank"> <img class="book-img-small" src="/uploads/cover/1271s.jpg" title="�޸��鳼��ϲ��" alt="�޸��鳼��ϲ��"/> </a>
                <div class="media-body">
                  <div class="media-title">
                    <h4><a href="/book/p1271/" target="_blank">�޸��鳼��ϲ��</a></h4>
					<span class="dark">���ɫ</span>
                  </div>
                  <div class="media-info"> ����Ҫ�޵��Ǹ��������Ĳ����ӣ�ϲŭ�޳�������մ�˲�֪�����˵�Ѫ�� �͡�</div>
                </div>
              </div>
            </div><div class="col-md-12 t10">
              <div class="media"> <a class="media-left" href="/book/p10457/" target="_blank"> <img class="book-img-small" src="/uploads/cover/10457s.jpg" title="һ��ʮ����ҹ" alt="һ��ʮ����ҹ"/> </a>
                <div class="media-body">
                  <div class="media-title">
                    <h4><a href="/book/p10457/" target="_blank">һ��ʮ����ҹ</a></h4>
					<span class="dark">��������</span>
                  </div>
                  <div class="media-info"> ��һ��ʮ����ҹ�����������������ô�����ʱ�ڣ� ������ҵķǷ����ʷ���һ��</div>
                </div>
              </div>
            </div><div class="col-md-12 t10">
              <div class="media"> <a class="media-left" href="/book/p3510/" target="_blank"> <img class="book-img-small" src="/uploads/cover/3510s.jpg" title="����֮�ڲ���" alt="����֮�ڲ���"/> </a>
                <div class="media-body">
                  <div class="media-title">
                    <h4><a href="/book/p3510/" target="_blank">����֮�ڲ���</a></h4>
					<span class="dark">����L</span>
                  </div>
                  <div class="media-info"> �����衾�ڲ����֮��������ѧ�ɴ�ʦ������˹������������������ں����</div>
                </div>
              </div>
            </div><div class="col-md-12 t10">
              <div class="media"> <a class="media-left" href="/book/p13448/" target="_blank"> <img class="book-img-small" src="/uploads/cover/13448s.jpg" title="ժ��" alt="ժ��"/> </a>
                <div class="media-body">
                  <div class="media-title">
                    <h4><a href="/book/p13448/" target="_blank">ժ��</a></h4>
					<span class="dark">�ֵѶ�</span>
                  </div>
                  <div class="media-info"> ���Ǿ���������ٽ������ȡ�Ԩ��������ߴ� ���ǳ���У�ŵ����С���񣬡�</div>
                </div>
              </div>
            </div><div class="col-md-12 t10">
              <div class="media"> <a class="media-left" href="/book/p20717/" target="_blank"> <img class="book-img-small" src="/uploads/cover/20717s.jpg" title="��������ľ����ڻ�[ϣ����]" alt="��������ľ����ڻ�[ϣ����]"/> </a>
                <div class="media-body">
                  <div class="media-title">
                    <h4><a href="/book/p20717/" target="_blank">��������ľ����ڻ�[ϣ����]</a></h4>
					<span class="dark">ֽ��</span>
                  </div>
                  <div class="media-info"> �㴩����ϣ���񻰣���Ϊ��������������˹û��������Ǹ������Լ���Ӱ���</div>
                </div>
              </div>
            </div><div class="col-md-12 t10">
              <div class="media"> <a class="media-left" href="/book/p4580/" target="_blank"> <img class="book-img-small" src="/uploads/cover/4580s.jpg" title="¡������" alt="¡������"/> </a>
                <div class="media-body">
                  <div class="media-title">
                    <h4><a href="/book/p4580/" target="_blank">¡������</a></h4>
					<span class="dark">����</span>
                  </div>
                  <div class="media-info"> ���ٵ������ҵ�ѽ��������µĿ�ǰʱ�����������������¡�����µı�����</div>
                </div>
              </div>
            </div><div class="col-md-12 t10">
              <div class="media"> <a class="media-left" href="/book/p16063/" target="_blank"> <img class="book-img-small" src="/uploads/cover/16063s.jpg" title="˵�˱�����" alt="˵�˱�����"/> </a>
                <div class="media-body">
                  <div class="media-title">
                    <h4><a href="/book/p16063/" target="_blank">˵�˱�����</a></h4>
					<span class="dark">ʱǧ��</span>
                  </div>
                  <div class="media-info"> ���ģ���������վ����飿 ����ʱ�����ǿ��������� �İ��� ��ȱ��ǰ���֡�</div>
                </div>
              </div>
            </div><div class="col-md-12 t10">
              <div class="media"> <a class="media-left" href="/book/p15025/" target="_blank"> <img class="book-img-small" src="/uploads/cover/15025s.jpg" title="���㲻��̳�ǧ�ں���" alt="���㲻��̳�ǧ�ں���"/> </a>
                <div class="media-body">
                  <div class="media-title">
                    <h4><a href="/book/p15025/" target="_blank">���㲻��̳�ǧ�ں���</a></h4>
					<span class="dark">��⬵��ǹ�</span>
                  </div>
                  <div class="media-info"> ���մ���һ�����ͬ���������ڻң�һ���̳��׸��Ҳ������ش��¹�����롭</div>
                </div>
              </div>
            </div>
          </div>
        </div>
      </div>
	  <!-- �����Ƽ� End-->
    </div>
    <!-- Col-right End -->
</div>
<!-- Footer Begin -->
<div class="footer">
  <div class = "container">
    <p class = "hidden-xs">�����Ȩ����Ϊ�ڱ�վ����������Ʒ�����������棬�뷢�ʼ���<script>play("email")</script>����վȷ�Ϻ󽫻�������ɾ����</p>
    <p class = "hidden-xs">��վ����¼��Ʒ���������⡢������۾����������Ϊ���������վ������</p>
    <p>�������ߣ���һ�����ĺ͹��������鼮֧�����ߣ��������߲���д��������õ��飡</p>
    <p class = "hidden-xs">
      <script>play("tongji")</script> 
    </p>
  </div>
</div>
<div class="fixed-btn">
    <a class="go-top" href="javascript:void(0)" title="���ض���"> <i class="fa fa-angle-up"></i></a>
</div>
<!-- Footer End --> 
<!-- jQuery (necessary for Bootstrap's JavaScript plugins) --> 
<script src="/static/js/jquery.min.js"></script> 
<!-- Include all compiled plugins (below), or include individual files as needed --> 
<script src="/static/js/bootstrap.min.js"></script> 
<script src="/static/js/comm.js"></script>
<script type="text/javascript">
	var sid ="25576";
	$(function(){
        BookShelf.getChapterHistory(book);
    });
</script>
<script type="module" src="https://static.cloudflareinsights.com/beacon.min.js/v4513226cdae34746b4dedf0b4dfa099e1781791509496" integrity="sha512-ZE9pZaUXND66v380QUtch/5sE9tPFh2zg45pR2PB0CVkCtOREv2AJKkSidISWkysEuQ0EH8faUU5du78bx87UQ==" data-cf-beacon='{"version":"2024.11.0","token":"bf4eb1bf0db94d35a471fe4f3b9897eb","r":1}' crossorigin="anonymous"></script>
</body>
</html>

21:12:13.076 [OkHttp https://www.dbxsz.com/...] DEBUG io.legado.app.model.DebugLog - <-- END HTTP (252110-byte, 38163-gzipped-byte body)
21:12:13.077 [main @coroutine#31] INFO io.legado.app.model.DebugLog - sourceUrl: https://www.dbxsd.com, msg: �Ի�ȡ�ɹ�:https://www.dbxsz.com/book/p25576/
21:12:13.077 [main @coroutine#31] INFO io.legado.app.model.DebugLog - sourceUrl: https://www.dbxsd.com, msg: ����ȡĿ¼�б�
21:12:13.084 [main @coroutine#31] INFO io.legado.app.model.DebugLog - sourceUrl: https://www.dbxsd.com, msg: ���б��С:6830
21:12:13.084 [main @coroutine#31] INFO io.legado.app.model.DebugLog - sourceUrl: https://www.dbxsd.com, msg: ������Ŀ¼�б�
21:12:13.369 [main @coroutine#31] INFO io.legado.app.model.DebugLog - sourceUrl: https://www.dbxsd.com, msg: ��Ŀ¼�б�������
21:12:13.369 [main @coroutine#31] INFO io.legado.app.model.DebugLog - sourceUrl: https://www.dbxsd.com, msg: ��������Ϣ
21:12:13.369 [main @coroutine#31] INFO io.legado.app.model.DebugLog - sourceUrl: https://www.dbxsd.com, msg: ���½�����:��1�� �����˳��У���������
21:12:13.369 [main @coroutine#31] INFO io.legado.app.model.DebugLog - sourceUrl: https://www.dbxsd.com, msg: ���½�����:/book/p25576/7039593.html
21:12:13.369 [main @coroutine#31] INFO io.legado.app.model.DebugLog - sourceUrl: https://www.dbxsd.com, msg: ���½���Ϣ:
21:12:13.369 [main @coroutine#31] INFO io.legado.app.model.DebugLog - sourceUrl: https://www.dbxsd.com, msg: ���Ƿ����:false
21:12:13.371 [main @coroutine#31] INFO io.legado.app.model.DebugLog - sourceUrl: https://www.dbxsd.com, msg: ��Ŀ¼����:1366
21:12:13.372 [main] INFO cn.kong.app.model.NovelSourceTest -   �½���: 1366
21:12:13.372 [main] INFO cn.kong.app.model.NovelSourceTest -     [1] ��1�� �����˳��У���������
21:12:13.372 [main] INFO cn.kong.app.model.NovelSourceTest -     [2] ��2�� �����
21:12:13.372 [main] INFO cn.kong.app.model.NovelSourceTest -     [3] ��3�� һ��������ʵ��
21:12:13.372 [main] INFO cn.kong.app.model.NovelSourceTest -     [4] ��4�� ��������
21:12:13.372 [main] INFO cn.kong.app.model.NovelSourceTest -     [5] ��5�� �Ҿ��õ����ؿ�������ǻ�
21:12:13.372 [main] INFO cn.kong.app.model.NovelSourceTest -   --- Step 4: ��ȡ���� ---
21:12:13.372 [main @coroutine#32] INFO io.legado.app.model.webBook.WebBook - bookChapterUrl: /book/p25576/7039593.html
21:12:13.372 [OkHttp https://www.dbxsz.com/...] DEBUG io.legado.app.model.DebugLog - --> GET https://www.dbxsz.com/book/p25576/7039593.html h2
21:12:13.372 [OkHttp https://www.dbxsz.com/...] DEBUG io.legado.app.model.DebugLog - User-Agent: Mozilla/5.0 (Linux; Android 9; PDBM00 Build/PPR1.180610.011; wv) AppleWebKit/537.36 (KHTML, like Gecko) Version/4.0 Chrome/70.0.3538.110 Mobile Safari/537.36
21:12:13.372 [OkHttp https://www.dbxsz.com/...] DEBUG io.legado.app.model.DebugLog - Keep-Alive: 300
21:12:13.372 [OkHttp https://www.dbxsz.com/...] DEBUG io.legado.app.model.DebugLog - Connection: Keep-Alive
21:12:13.372 [OkHttp https://www.dbxsz.com/...] DEBUG io.legado.app.model.DebugLog - Cache-Control: no-cache
21:12:13.372 [OkHttp https://www.dbxsz.com/...] DEBUG io.legado.app.model.DebugLog - Host: www.dbxsz.com
21:12:13.372 [OkHttp https://www.dbxsz.com/...] DEBUG io.legado.app.model.DebugLog - Accept-Encoding: gzip
21:12:13.372 [OkHttp https://www.dbxsz.com/...] DEBUG io.legado.app.model.DebugLog - --> END GET
21:12:13.749 [OkHttp https://www.dbxsz.com/...] DEBUG io.legado.app.model.DebugLog - <-- 200 https://www.dbxsz.com/book/p25576/7039593.html (377ms)
21:12:13.749 [OkHttp https://www.dbxsz.com/...] DEBUG io.legado.app.model.DebugLog - date: Fri, 14 Aug 2026 13:12:13 GMT
21:12:13.749 [OkHttp https://www.dbxsz.com/...] DEBUG io.legado.app.model.DebugLog - content-type: text/html
21:12:13.749 [OkHttp https://www.dbxsz.com/...] DEBUG io.legado.app.model.DebugLog - last-modified: Fri, 25 Apr 2025 03:14:35 GMT
21:12:13.749 [OkHttp https://www.dbxsz.com/...] DEBUG io.legado.app.model.DebugLog - nel: {"report_to":"cf-nel","success_fraction":0.0,"max_age":604800}
21:12:13.749 [OkHttp https://www.dbxsz.com/...] DEBUG io.legado.app.model.DebugLog - server-timing: cfCacheStatus;desc="DYNAMIC"
21:12:13.749 [OkHttp https://www.dbxsz.com/...] DEBUG io.legado.app.model.DebugLog - server-timing: cfEdge;dur=5,cfOrigin;dur=154
21:12:13.749 [OkHttp https://www.dbxsz.com/...] DEBUG io.legado.app.model.DebugLog - vary: Accept-Encoding
21:12:13.749 [OkHttp https://www.dbxsz.com/...] DEBUG io.legado.app.model.DebugLog - report-to: {"group":"cf-nel","max_age":604800,"endpoints":[{"url":"https://a.nel.cloudflare.com/report/v4?s=DqvhAqIQQvWQWvDVLzRbikV3NRelHNPIIgE2qLecOs53IabzElXFAbr%2BF3xYiVezGxYwCEMw10SM4D5poiX0Et%2Bz95PNTMBHxtvUyRn3jtopY5kF10ntBVXSmOhnGzQt"}]}
21:12:13.749 [OkHttp https://www.dbxsz.com/...] DEBUG io.legado.app.model.DebugLog - server: cloudflare
21:12:13.749 [OkHttp https://www.dbxsz.com/...] DEBUG io.legado.app.model.DebugLog - cf-cache-status: DYNAMIC
21:12:13.749 [OkHttp https://www.dbxsz.com/...] DEBUG io.legado.app.model.DebugLog - content-encoding: gzip
21:12:13.749 [OkHttp https://www.dbxsz.com/...] DEBUG io.legado.app.model.DebugLog - cf-ray: a2b035bc4adf0e18-AMS
21:12:13.749 [OkHttp https://www.dbxsz.com/...] DEBUG io.legado.app.model.DebugLog - alt-svc: h3=":443"; ma=86400
21:12:13.927 [OkHttp https://www.dbxsz.com/...] DEBUG io.legado.app.model.DebugLog - 
21:12:13.927 [OkHttp https://www.dbxsz.com/...] DEBUG io.legado.app.model.DebugLog - <!DOCTYPE html>
<html lang="zh-cn">
<head>
	<meta charset="utf-8">
	<meta http-equiv="X-UA-Compatible" content="IE=edge">
	<meta name="viewport" content="width=device-width, initial-scale=1">
	<title>��1�� �����˳��У���������-��˭�������ɵģ�����������Ķ�_����С˵��</title>

	<meta name="keywords" content="����С˵��,˭�������ɵģ�,��1�� �����˳��У��������� �����Ķ�"/>
	<meta name="description" content="��ǰ�½�:��1�� �����˳��У���������"/>
	
		<link href="/static/css/bootstrap.min.css" rel="stylesheet">
	<link href="/static/css/font-awesome.min.css" rel="stylesheet" >
	<link href="/static/css/base.css" rel="stylesheet">
	<script src="/static/js/action.js"></script>
	<!--[if lt IE 9]>
      <script src="/static/js/html5shiv.min.js"></script>
      <script src="/static/js/respond.min.js"></script>
    <![endif]-->
	<script type="text/javascript">
      var book = new Object();
      book.id="25576";
      book.name="˭�������ɵģ�";
      book.author="��׵���ѻ";
      book.url="/book/p25576/";
      book.chapterName="��1�� �����˳��У���������";
      book.chapterUrl=window.location.href;
      book.chapterId="7039593";
    </script>
</head>
<body>
<div class="top">
	<div class="container">
    	<div class="logo-name"><a href="/">����С˵��</a></div>
        <div class="float-right"><script>play("lan")</script></div>
    </div>
</div>
<div class="container">
	      <div class="search row">
        <div class="col-sm-4 col-xs-12">
          <form id="search-form" action="/plus/search.php">
            <div class="input-group">
              <input type="text" class="form-control" placeholder="����������" id="bdcsMain" name="q" />
              <div class="input-group-addon" onclick="search();"><span class="fa fa-search"></span></div>
            </div>
          </form>
        </div>
		<div class="col-sm-2 hidden-xs">
          
        </div>
        <div class="col-sm-6 hidden-xs">
         
        </div>
      </div>
</div>

<div class="container">
  <div class="book-type t10">
	<ol class="breadcrumb hidden-xs">
	  <li><a href="//www.dbxsd.com"><i class="fa fa-home"></i> ��ҳ</a></li>
	  <li><a href="/book/p25576/">˭�������ɵģ�</a></li>
	  <li class="active">��1�� �����˳��У���������</li>
	</ol>
  </div>
  <div class="cont-set clearfix">
  	<script>bookset();</script>
  </div>
  <!-- Content Begin-->
  <div class="content" id="content">
    <h1 class="cont-title">��1�� �����˳��У���������</h1>
    <div class="row">
      <div class="col-md-3"></div>
      <div class="col-md-6 text-center">
        <a href="/book/p25576/"><button type="button" class="btn btn-info"><i class="fa fa-arrow-circle-left" aria-hidden="true"></i> ��һ��</button></a>
        <a href="/book/p25576/"><button type="button" class="btn btn-info">��Ŀ¼</button></a>
        <a href="/book/p25576/7039593_2.html"><button type="button" class="btn btn-info">��һҳ <i class="fa fa-arrow-circle-right" aria-hidden="true"></i></button></a>
      </div>
    </div>
	<div class="page">
		<ul class="pagination pagination-sm">
			<li class="active"><a>1</a></li><li><a href='7039593_2.html'>2</a></li>
		</ul>
	</div>
	<script>play("code-1");</script>
	<div id="cont-body" class="cont-body 7039593">
		<script>play("code-2");</script>
    	
<p>ũ�����³������˳��С�</p>
<p>���껩���������ţ��䵽���ϣ����������ķ��㣬�䵽�����ϣ�����һȦȦ������䵽·�˵�ͷ��������������</p>
<p>��˭˵�����˳��еģ����ž����ꡣ��½���Թ��һ�䣬��Щ���û����ǰ�������¡�</p>
<p>���ǵ�һ�γ�Զ�ţ�ûʲô���飬���µ�ͻȻ��������һ���Ь����Ţ����������·�������ø��ܵ�������Լ��Ķ��⡪������Ҫ�ѽŴ������γ�����</p>
<p>�����յ�����������������½���ע�⡣</p>
<p>½��Ťͷ��ȥ��������һ����������Լ�������ϲ����������·���·������Ҫ˭������Ԧ����</p>
<p>��������������½����̾�������ͷ���м�ö��Ƭ���·����ۣ���Ȼ��ĳ���������ޡ�</p>
<p>���䲻�����м�ֵ����Ҳ֪����ƥ��������</p>
<p>�����������Ĳ���������ġ�</p>
<p>����λ��̨���������������Ǻ����ˣ�����������һ������</p>
<p>����ڴ�������ˬ�ʵ�Ц����½����������ӵĺ��⣬�ѽŴ������γ�������æ�ϳ���</p>
<p>��߶���ˣ�����½�����½��С���������������������ϵ���ˮ������Ū���������</p>
<p>���Ͼ��ۡ�����������˺���������һ�����Ǹ�������ֵ����꣬�ֹ�ˬ�ʣ��·��˭����˵�����䡣</p>
<p>��½��Ҳ�����μ��ʵ���ѡ�εģ���</p>
<p>�������������ѡ���</p>
<p>�Ͼ��۹�����Ц����½�֣���ʵһЩ�ֺη����������ֻ���������������㲻������������ǰ���ʵ����ˡ���</p>
<p>½����Щ��������˭��������ʵ��ڡ���</p>
<p>�ʵ��ڣ�λ�������½�������֮һ�����ɴ��ܲ���������ǿʢ�����������ʵ������յ��ӣ���֪�ж�������������һ�ԡ�</p>
<p>½����Ͼ��۱�������֮����</p>
<p>½���Խ�������½����ĸ�����磬�ǿ��Ÿ�ĸ���µ�һ���Ų����Լ�����ľȼòŻ������ġ�</p>
<p>��С�������ʮ���������˵�������������˽�ߵ���ţ���˵�������������������ˮ���ģ���˵�����ŵ��ӷɽ�ն������ħ�������������ݵ�ʿ���ɹ�ƭ����ն��𣬵���Խ�����ֱ���ն���Ĺټ�ץ�˻�����</p>
<p>��ʱ������֪���������������Ϥ�����磬������Ϥ���κ�һ�������������Ǹ���ΰ������һ����������硣</p>
<p>���������ʵ���ѧϰ�����ɷ���</p>
<p>�ʵ��ڱ�����ѡ��ĵ�һվ��</p>
<p>ѡ���ʵ���û�б��ԭ�򣬵�����������Χû���������ţ�ֻ���ʵ���һ�ҡ�</p>
<p>�ʵ���������������Ų�������ûȤ��ѡ���ڸ����������ɡ�</p>
<p>�ڽ�̸��½���֪�Ͼ��۳����������ң��������ɵ�֪ʶ������ҪԶ��½��Ҫ�ࡣ</p>
<p>���ʵ������յ��ӵ�Ҫ����ʮ�������µķ��ˣ���ֹ���ʵ��ڣ���������Ŷ������Ҫ�󡣡�</p>
<p>������һ;�����ҳ����������������𵤡�ԪӤ���������顢���塢�ɽ٣�ÿ�����綼��һ����ˮ�룬��֪��ס�����ˣ�ʮ��һ����ʮ��һ������һ�ٸ�����ų���һ������</p>
<p>���������ɳɾ͵������кܶ࣬�����������ǻۡ������������½�֣���֪���Լ���ʲô����𣿡�</p>
<p>���ʵ�����˵�����Ҫ�󲻸ߣ���̫������Ҳ�ǲ�Ҫ�ġ���</p>
<p>½����ü�������������ʻ��Ǵ�˵����������֪���ģ�����֪���Լ���ʲô�����</p>
<p>����֪�����������أ���</p>
<p>�Ͼ�����ɫ���ʮ������ͬ��ҡͷ�������������в��Թ������������������ݣ����������ҽ����ֻ��˵�ҵ��츳��Ϊ���ˣ�����������Ų������⣬���պ�����������ʱ�Ի�֪������˽����͵͵�ʸ�ĸ�����Ǳ����ϸ����ǳͬ���������ҡ���</p>
<p>½���Ʋ�������п��������������ھ������ף����׸��ϼҴ����ֻ���ֻ���ʵ���������Ȼ������ܱ�ס�㡣��</p>
<p>�����Ҳµ�һ�������Ͼ�������½��ļ��һ������֪�������ӣ�Խ��½��Խ���ô��˺��Լ�һ���Ż����磬���������޵����ӡ�</p>
<p>½����������Խ��Խ��������������Ͼ������Լ��ϳ���</p>
<p>��ͣ�¡����Ͼ���ͻȻ����һɤ�ӣ������ર�����˼���������ͣ�¡�</p>
<p>�������һ���챦���Ͼ��ۿ��Կ��������������</p>
<p>�Ͼ��ۿ������������һ��Ů���������У����ղŵ�½��һ����</p>
<p>����λ�����������������Ҳ��Ҫȥ�ʵ��ڲμӿ��飬���µ����󣬲���������ЪЪ�ţ���</p>
<p>Ů����Щ�����Ͼ��۵����飬�����룬Ҳ��ͬ���ˡ�</p>
<p>Ů��һ�ϳ����Ͼ��ۺ�½��������ס�ˡ�</p>
<p>�Ͼ����Ը��Ǽ�������ģ�������δ�������Ư����Ů�ӣ�½��͸������ᣬ��������Ư����Ů���Ǹ���������С�Ѹ���</p>
<p>��Ȼ��½�������˾��ӣ���С�Ѹ�û���κηǷ�֮�롣</p>
<p>Ů����ͬһ���������޵�������һϮ���£�ͤͤ�����������ݣ�����һ�ֻ�������ĸо���</p>
<p>Ů�������󻹴���һ���ý�ɫ������</p>
<p>����֥л����λ�ˡ���</p>
<p>Ů������������Ȫ���������ź������</p>
<p>½�������������С��˵���������֣�����ô�����Ǹɵģ��᲻�������֣���</p>
<p>˵���������Ǿ��������ֻ�����Ů��������������������׳��С���ӡ�</p>
<p>�ղ�½����ĸ�������һ�����Ǳ�������������֥������û�а����ˮ��ȫȻ�������������߹������ӡ�</p>
<p>�Ͼ���û�ж��룺��Ҳ�������ϴ����ܹ�������챦������������Ҳ�㳣������</p>
<p>�Ͼ��۲�������֥����ħ����������ˣ��������ʵ��ڵĵ��̣��ļ����ֲ�Ҫ���ˣ������ʵ������¡�</p>
<p>����֥����������μ��ʵ��ڲ��Եģ���</p>
<p>�����ǡ���</p>
<p>�Ͼ������ڵ�˵�������������������ʵ��ڵĿ������ݣ��ǻ��ؽ���ʵ��ڳ���������ģ���֥����Ҫ��Ҫ��������</p>
<p>½�����ؿ����Ͼ��ۣ�����ôû����˵����</p>
<p>��֥��½���Ҫ���죺����������ף���һ���ʵ��ڷ����ˡ�����</p>
<p>�Ͼ��۰��֣�һ�����ţ�����������������챦����������Щ���ɴ��ܡ����Ӳ������Ϲ��Ҳ�޷�����ʶ̽�鵽�����</p>
<p>��ԭ����ˣ������Ϲ��Ӹ�֪�������ݡ���</p>
<p>½�����ԣ�Ҳ�������������</p>
<p>�Ͼ���������ɤ�ӣ����ʵ��ڲ���һ����Ϊ���أ���һ�ز������������Ӳ�Բ��ԣ�û��ȡ�ɺ��߽ݾ��Ŀ��ܣ��в����ռ���ǵڶ��غ͵����ء���</p>
<p>���ڶ��ؿ������Ʒ�У�һ�����ʧ�أ�Ҫײ������·�ߵ�����ˣ�ײ���������ɣ�����һ�������ڲ�Զ����������Ϊ�����˿��Կ������ʧ�صķ�����ѡ��ȥ��ǣ�ײ������ˣ����Ǹı䷽��ײ������һ���ˣ���
    </div>
	
	<div class="clear"></div>
	<div class="note"><script>play("note");</script></div>
	<script>play("code-3");</script>
	<div class="page">
		<ul class="pagination pagination-sm">
			<li class="active"><a>1</a></li><li><a href='7039593_2.html'>2</a></li>
		</ul>
	</div>
	<script>play("code-4");</script>
    <div class="row t10">
      <div class="col-md-3"></div>
      <div class="col-md-6 text-center">
        <a href="/book/p25576/"><button type="button" class="btn btn-info"><i class="fa fa-arrow-circle-left" aria-hidden="true"></i> ��һ��</button></a>
        <a href="/book/p25576/"><button type="button" class="btn btn-info">��Ŀ¼</button></a>
        <a href="/book/p25576/7039593_2.html"><button type="button" class="btn btn-info">��һҳ <i class="fa fa-arrow-circle-right" aria-hidden="true"></i></button></a>
      </div>
    </div>
	<script>play("code-5");</script>
	<div class="cont-rel">
        ���飺
        <a class="tag" href="/book/p4507/" target="_blank">��������</a>&nbsp;<a class="tag" href="/book/p4484/" target="_blank">��������3����𹳡�����ǹ</a>&nbsp;<a class="tag" href="/book/p4012/" target="_blank">������ɼ�</a>&nbsp;<a class="tag" href="/book/p25496/" target="_blank">��������</a>&nbsp;<a class="tag" href="/book/p4338/" target="_blank">���˰ﴫ��</a>&nbsp;<a class="tag" href="/book/p4364/" target="_blank">�����ܹ�</a>&nbsp;
    </div>
  </div>
  <!-- Content End-->
</div>
<!-- Footer Begin -->
<div class="footer">
  <div class = "container">
    <p class = "hidden-xs">�����Ȩ����Ϊ�ڱ�վ����������Ʒ�����������棬�뷢�ʼ���<script>play("email")</script>����վȷ�Ϻ󽫻�������ɾ����</p>
    <p class = "hidden-xs">��վ����¼��Ʒ���������⡢������۾����������Ϊ���������վ������</p>
    <p>�������ߣ���һ�����ĺ͹��������鼮֧�����ߣ��������߲���д��������õ��飡</p>
    <p class = "hidden-xs">
      <script>play("tongji")</script> 
    </p>
  </div>
</div>
<div class="fixed-btn">
    <a class="go-top" href="javascript:void(0)" title="���ض���"> <i class="fa fa-angle-up"></i></a>
</div>
<!-- Footer End --> 
<!-- jQuery (necessary for Bootstrap's JavaScript plugins) --> 
<script src="/static/js/jquery.min.js"></script> 
<!-- Include all compiled plugins (below), or include individual files as needed --> 
<script src="/static/js/bootstrap.min.js"></script> 
<script src="/static/js/comm.js"></script>
<script type="text/javascript">
	var shortname = ".html";
	var npage = 1;
	var totalpage = 2;
	var namehand = "7039593";
	var displaytype = "st";
	var nexturl = "<a href='/book/p25576/7039594.html'><button type='button' class='btn btn-info'>��һ��(��)</button></a>";
	var preurl = "";
	var muluurl = "/book/p25576/";
	var cid = "7039593";
	var sid ="25576";
	play("flow");
</script>
<script src="/static/js/article.js"></script>
<script src="/static/js/up.js"></script>
<script type="module" src="https://static.cloudflareinsights.com/beacon.min.js/v4513226cdae34746b4dedf0b4dfa099e1781791509496" integrity="sha512-ZE9pZaUXND66v380QUtch/5sE9tPFh2zg45pR2PB0CVkCtOREv2AJKkSidISWkysEuQ0EH8faUU5du78bx87UQ==" data-cf-beacon='{"version":"2024.11.0","token":"bf4eb1bf0db94d35a471fe4f3b9897eb","r":1}' crossorigin="anonymous"></script>
</body>
</html>

21:12:13.927 [OkHttp https://www.dbxsz.com/...] DEBUG io.legado.app.model.DebugLog - <-- END HTTP (14405-byte, 6342-gzipped-byte body)
21:12:13.928 [main @coroutine#32] INFO io.legado.app.model.DebugLog - sourceUrl: https://www.dbxsd.com, msg: �Ի�ȡ�ɹ�:/book/p25576/7039593.html
21:12:13.931 [OkHttp https://www.dbxsz.com/...] DEBUG io.legado.app.model.DebugLog - --> GET https://www.dbxsz.com/book/p25576/7039593_2.html h2
21:12:13.931 [OkHttp https://www.dbxsz.com/...] DEBUG io.legado.app.model.DebugLog - User-Agent: Mozilla/5.0 (Linux; Android 9; PDBM00 Build/PPR1.180610.011; wv) AppleWebKit/537.36 (KHTML, like Gecko) Version/4.0 Chrome/70.0.3538.110 Mobile Safari/537.36
21:12:13.931 [OkHttp https://www.dbxsz.com/...] DEBUG io.legado.app.model.DebugLog - Keep-Alive: 300
21:12:13.931 [OkHttp https://www.dbxsz.com/...] DEBUG io.legado.app.model.DebugLog - Connection: Keep-Alive
21:12:13.931 [OkHttp https://www.dbxsz.com/...] DEBUG io.legado.app.model.DebugLog - Cache-Control: no-cache
21:12:13.931 [OkHttp https://www.dbxsz.com/...] DEBUG io.legado.app.model.DebugLog - Host: www.dbxsz.com
21:12:13.931 [OkHttp https://www.dbxsz.com/...] DEBUG io.legado.app.model.DebugLog - Accept-Encoding: gzip
21:12:13.931 [OkHttp https://www.dbxsz.com/...] DEBUG io.legado.app.model.DebugLog - --> END GET
21:12:14.306 [OkHttp https://www.dbxsz.com/...] DEBUG io.legado.app.model.DebugLog - <-- 200 https://www.dbxsz.com/book/p25576/7039593_2.html (375ms)
21:12:14.307 [OkHttp https://www.dbxsz.com/...] DEBUG io.legado.app.model.DebugLog - date: Fri, 14 Aug 2026 13:12:14 GMT
21:12:14.307 [OkHttp https://www.dbxsz.com/...] DEBUG io.legado.app.model.DebugLog - content-type: text/html
21:12:14.307 [OkHttp https://www.dbxsz.com/...] DEBUG io.legado.app.model.DebugLog - last-modified: Fri, 25 Apr 2025 03:16:20 GMT
21:12:14.307 [OkHttp https://www.dbxsz.com/...] DEBUG io.legado.app.model.DebugLog - nel: {"report_to":"cf-nel","success_fraction":0.0,"max_age":604800}
21:12:14.307 [OkHttp https://www.dbxsz.com/...] DEBUG io.legado.app.model.DebugLog - server-timing: cfCacheStatus;desc="DYNAMIC"
21:12:14.307 [OkHttp https://www.dbxsz.com/...] DEBUG io.legado.app.model.DebugLog - server-timing: cfEdge;dur=5,cfOrigin;dur=154
21:12:14.307 [OkHttp https://www.dbxsz.com/...] DEBUG io.legado.app.model.DebugLog - vary: Accept-Encoding
21:12:14.307 [OkHttp https://www.dbxsz.com/...] DEBUG io.legado.app.model.DebugLog - report-to: {"group":"cf-nel","max_age":604800,"endpoints":[{"url":"https://a.nel.cloudflare.com/report/v4?s=22EpahCoxBYDYG9A1E9flJ1VT9V8kEoAcX1wqzvd4KdZBTwpNjfWyePxsn9suOwGd07UgLwJlyq8KgndfNY0UvknbTIYEcGWyyxBeuhn1%2FOqipr6PJOfnbraXWSs9oPf"}]}
21:12:14.307 [OkHttp https://www.dbxsz.com/...] DEBUG io.legado.app.model.DebugLog - server: cloudflare
21:12:14.307 [OkHttp https://www.dbxsz.com/...] DEBUG io.legado.app.model.DebugLog - cf-cache-status: DYNAMIC
21:12:14.307 [OkHttp https://www.dbxsz.com/...] DEBUG io.legado.app.model.DebugLog - content-encoding: gzip
21:12:14.307 [OkHttp https://www.dbxsz.com/...] DEBUG io.legado.app.model.DebugLog - cf-ray: a2b035bfcef90e18-AMS
21:12:14.307 [OkHttp https://www.dbxsz.com/...] DEBUG io.legado.app.model.DebugLog - alt-svc: h3=":443"; ma=86400
21:12:14.451 [OkHttp https://www.dbxsz.com/...] DEBUG io.legado.app.model.DebugLog - 
21:12:14.451 [OkHttp https://www.dbxsz.com/...] DEBUG io.legado.app.model.DebugLog - <!DOCTYPE html>
<html lang="zh-cn">
<head>
	<meta charset="utf-8">
	<meta http-equiv="X-UA-Compatible" content="IE=edge">
	<meta name="viewport" content="width=device-width, initial-scale=1">
	<title>��1�� �����˳��У��������ף���2/2ҳ��-��˭�������ɵģ�����������Ķ�_����С˵��</title>

	<meta name="keywords" content="����С˵��,˭�������ɵģ�,��1�� �����˳��У��������ף���2/2ҳ�� �����Ķ�"/>
	<meta name="description" content="��ǰ�½�:��1�� �����˳��У��������ף���2/2ҳ��"/>
	
		<link href="/static/css/bootstrap.min.css" rel="stylesheet">
	<link href="/static/css/font-awesome.min.css" rel="stylesheet" >
	<link href="/static/css/base.css" rel="stylesheet">
	<script src="/static/js/action.js"></script>
	<!--[if lt IE 9]>
      <script src="/static/js/html5shiv.min.js"></script>
      <script src="/static/js/respond.min.js"></script>
    <![endif]-->
	<script type="text/javascript">
      var book = new Object();
      book.id="25576";
      book.name="˭�������ɵģ�";
      book.author="��׵���ѻ";
      book.url="/book/p25576/";
      book.chapterName="��1�� �����˳��У��������ף���2/2ҳ��";
      book.chapterUrl=window.location.href;
      book.chapterId="7039593";
    </script>
</head>
<body>
<div class="top">
	<div class="container">
    	<div class="logo-name"><a href="/">����С˵��</a></div>
        <div class="float-right"><script>play("lan")</script></div>
    </div>
</div>
<div class="container">
	      <div class="search row">
        <div class="col-sm-4 col-xs-12">
          <form id="search-form" action="/plus/search.php">
            <div class="input-group">
              <input type="text" class="form-control" placeholder="����������" id="bdcsMain" name="q" />
              <div class="input-group-addon" onclick="search();"><span class="fa fa-search"></span></div>
            </div>
          </form>
        </div>
		<div class="col-sm-2 hidden-xs">
          
        </div>
        <div class="col-sm-6 hidden-xs">
         
        </div>
      </div>
</div>

<div class="container">
  <div class="book-type t10">
	<ol class="breadcrumb hidden-xs">
	  <li><a href="//www.dbxsd.com"><i class="fa fa-home"></i> ��ҳ</a></li>
	  <li><a href="/book/p25576/">˭�������ɵģ�</a></li>
	  <li class="active">��1�� �����˳��У��������ף���2/2ҳ��</li>
	</ol>
  </div>
  <div class="cont-set clearfix">
  	<script>bookset();</script>
  </div>
  <!-- Content Begin-->
  <div class="content" id="content">
    <h1 class="cont-title">��1�� �����˳��У��������ף���2/2ҳ��</h1>
    <div class="row">
      <div class="col-md-3"></div>
      <div class="col-md-6 text-center">
        <a href="/book/p25576/7039593.html"><button type="button" class="btn btn-info"><i class="fa fa-arrow-circle-left" aria-hidden="true"></i> ��һҳ</button></a>
        <a href="/book/p25576/"><button type="button" class="btn btn-info">��Ŀ¼</button></a>
        <a href="/book/p25576/7039594.html"><button type="button" class="btn btn-info">��һ�� <i class="fa fa-arrow-circle-right" aria-hidden="true"></i></button></a>
      </div>
    </div>
	<div class="page">
		<ul class="pagination pagination-sm">
			<li><a href='7039593.html'>1</a></li><li class="active"><a>2</a></li>
		</ul>
	</div>
	<script>play("code-1");</script>
	<div id="cont-body" class="cont-body 7039593">
		<script>play("code-2");</script>
    	</p>
<p>½�����˼������ײ������һ���ˡ���</p>
<p>�Ͼ���ʮ�ֲ��죬�Դ�����֪�ڶ������ݺ�һֱû���뵽����취����ô½���������������˾�����</p>
<p>ѡ����ǣ���Ҫ�������Ŀ�������˱�ײ���������Ϲ���ȥ����Ҳ���ⲻȥ��</p>
<p>ѡ��ı䷽��ײ������һ�ˣ�������˾���ô��ù����ñ�ײ�������һ����Լ������֡�</p>
<p>�Ͼ��۽��Լ������ʽ�����½����͵�����������ô��ʱ������˼��������˼�������������������ײ���ˡ��Ҳ��ʵ��ڿ���Ĳ�����ѡ�������˻���һ���ˣ����ǿ����ܲ���Ѹ��������������</p>
<p>������˵������������ʿ������֮һ�������������ڶ��ؿ����Ʒ����ʲô���ǿ�������Ѷϻ��Ǿ��߹��ϣ���̵�ʱ������������������Ҫ�ġ���</p>
<p>�Ͼ��ۻ�Ȼ����</p>
<p>�������ؿ�����ǳ�ʵ���ʵ�����һ�澵�ӣ������ж���˵�����滰���Ǽٻ������Ǳ�����˵�˼ٻ���ֱ���߳����顣��</p>
<p>½��˼����������һ�ص��Ǽ򵥣����û����ǰ���ѣ�������˵�ٻ��ڸ��Լ���������Ȼ��ǰ֪���ˣ�˵�滰�ͺá���</p>
<p>�Ͼ��۵�ͷ����Ҳ����ô��ġ�</p>
<p>����������һ�ᣬ������ٿ��ܳ��ֵ�����ͶԲߣ��ϼ�һ�����������޷졣</p>
<p>��֥����¶��һ˿Ц�⣬���Ǿ�������˵���Ǻð취��</p>
<p>����л½������档��</p>
<p>���ţ���ͣ�ˣ���½����ֳ���û���ٴ����εδ����ˮ��ص�����������������̽ȥ��</p>
<p>�ո��߹��ĵط���������ư�ô��꣬���������ڵĵط�������ģ����ﻨ�㣬�ͺ�����һ����������������ָ�Ϊ�������룬���޽�����</p>
<p>½��̧ͷ��ֻ�������������ޡ��ɼҷ���������ֱͨ��ʵ�Ρ��ɽ����</p>
<p>Ρ���ɽ����������һ�㵭�𣬹����Ļ�����ɽ��֮�����Ӷ���������ǵأ���ס�˴��ꡣ</p>
<p>�����ʵ��ڵ��Ż�ɽ���������ǻ��ڴ������˿��ơ�</p>
<p>���ڶ��ʵ��ڵ��𾴣��޵�������Լҳ����Ĵ����£�������ɽ���£��ȴ��ʵ��ڿ�����顣</p>
<p>�����Ѿ�����Ϊ���������������ˣ�����ɽ������ЩͣЪ����������ȣ����ǲ���һЩ��</p>
<p>����������ɱ������ϼҵ�լ�Ӱ������ˡ����Ͼ��۴��֣���Щ���ţ��뵽�Լ����Ͼ���ͨ�����飬��Ϊ�ʵ���һԱ�����и���Ļ��Ǽ�����</p>
<p>½����ԣ����ڼҵ�ʱ���ܿ�������ɽ������ʱ�����̫Զ��ûʲô�о���վ��ɽ���£������ʶ�����Ǻε���Ȼ���</p>
<p>����Щ���ţ��ڶ����ض��а취������������Ҳ��֪���Լ��������ʲô��˵��������һ�����鶼����ȥ��</p>
<p>��ʮ����ʿ��ն���������ɽ��ǰ����ɢ����ǿ����Ϣ������½���������������ȫ�ſ���Ϣ���ڳ���������վ�ŵĶ�û�м�����</p>
<p>��Щ��ʿ��Ĭ���ԣ�û���ɵĸ�������ѹ����</p>
<p>½�������м��峤�����󱲽��ܣ�����������ʽ�������ʵ��ڵĺ��ĵ��ӣ��԰�ʦ�ڸ��������£��Ժ���Щ�˾������ʦ�ֵܡ���</p>
<p>���㲻�ý��ţ����ǲ��ǿ������ѹ�����������������ڵ������ⳡ������ˣ��������ߵ��ˣ�����͸ÿ�ʼ�ˡ���</p>
<p>½��Ťͷ���뿴����֥����ķ�Ӧ���Ǽ������ǽ��š�</p>
<p>�ܲ��ܻ���һ����Ȼ�ɣ�</p>
<p>����֥�����㡭����</p>
<p>½�����˵ʲô���ͼ���֥���������Ų���ÿ������֮ǰ�������һ�����������������������</p>
<p>���˻�Ȼ�����峤����ͷ¶���亹����æ�ú�������</p>
<p>���������·��������ˣ���֥���������ʵ��ں��ĵ����м䣬�ʵ��ڵ��Ӷ��乪��һ�ݣ���ʾ�𾴣���֥������̧���ֶ����������ˣ�����΢Ц��</p>
<p>���ô�Ҿõ��ˣ������ʵ��ڴ�ʦ�㣬���ο��������ߡ���</p>
<p>����������������ʽ��ʼ����</p>
<p>˵�գ���֥���ﻹ����Ц��Ц��Ƴ��һ�۴��͵�½����Ͼ��ۡ�</p>
<p>��ȷʵ�����μ��ʵ��ڿ���ģ�ֻ���������ǿ��������ǿ��١�</p>

    </div>
	
	<div class="clear"></div>
	<div class="note"><script>play("note");</script></div>
	<script>play("code-3");</script>
	<div class="page">
		<ul class="pagination pagination-sm">
			<li><a href='7039593.html'>1</a></li><li class="active"><a>2</a></li>
		</ul>
	</div>
	<script>play("code-4");</script>
    <div class="row t10">
      <div class="col-md-3"></div>
      <div class="col-md-6 text-center">
        <a href="/book/p25576/7039593.html"><button type="button" class="btn btn-info"><i class="fa fa-arrow-circle-left" aria-hidden="true"></i> ��һҳ</button></a>
        <a href="/book/p25576/"><button type="button" class="btn btn-info">��Ŀ¼</button></a>
        <a href="/book/p25576/7039594.html"><button type="button" class="btn btn-info">��һ�� <i class="fa fa-arrow-circle-right" aria-hidden="true"></i></button></a>
      </div>
    </div>
	<script>play("code-5");</script>
	<div class="cont-rel">
        ���飺
        <a class="tag" href="/book/p4507/" target="_blank">��������</a>&nbsp;<a class="tag" href="/book/p4484/" target="_blank">��������3����𹳡�����ǹ</a>&nbsp;<a class="tag" href="/book/p4012/" target="_blank">������ɼ�</a>&nbsp;<a class="tag" href="/book/p25496/" target="_blank">��������</a>&nbsp;<a class="tag" href="/book/p4338/" target="_blank">���˰ﴫ��</a>&nbsp;<a class="tag" href="/book/p4364/" target="_blank">�����ܹ�</a>&nbsp;
    </div>
  </div>
  <!-- Content End-->
</div>
<!-- Footer Begin -->
<div class="footer">
  <div class = "container">
    <p class = "hidden-xs">�����Ȩ����Ϊ�ڱ�վ����������Ʒ�����������棬�뷢�ʼ���<script>play("email")</script>����վȷ�Ϻ󽫻�������ɾ����</p>
    <p class = "hidden-xs">��վ����¼��Ʒ���������⡢������۾����������Ϊ���������վ������</p>
    <p>�������ߣ���һ�����ĺ͹��������鼮֧�����ߣ��������߲���д��������õ��飡</p>
    <p class = "hidden-xs">
      <script>play("tongji")</script> 
    </p>
  </div>
</div>
<div class="fixed-btn">
    <a class="go-top" href="javascript:void(0)" title="���ض���"> <i class="fa fa-angle-up"></i></a>
</div>
<!-- Footer End --> 
<!-- jQuery (necessary for Bootstrap's JavaScript plugins) --> 
<script src="/static/js/jquery.min.js"></script> 
<!-- Include all compiled plugins (below), or include individual files as needed --> 
<script src="/static/js/bootstrap.min.js"></script> 
<script src="/static/js/comm.js"></script>
<script type="text/javascript">
	var shortname = ".html";
	var npage = 2;
	var totalpage = 2;
	var namehand = "7039593";
	var displaytype = "st";
	var nexturl = "<a href='/book/p25576/7039594.html'><button type='button' class='btn btn-info'>��һ��(��)</button></a>";
	var preurl = "";
	var muluurl = "/book/p25576/";
	var cid = "7039593";
	var sid ="25576";
	play("flow");
</script>
<script src="/static/js/article.js"></script>
<script src="/static/js/up.js"></script>
<script type="module" src="https://static.cloudflareinsights.com/beacon.min.js/v4513226cdae34746b4dedf0b4dfa099e1781791509496" integrity="sha512-ZE9pZaUXND66v380QUtch/5sE9tPFh2zg45pR2PB0CVkCtOREv2AJKkSidISWkysEuQ0EH8faUU5du78bx87UQ==" data-cf-beacon='{"version":"2024.11.0","token":"bf4eb1bf0db94d35a471fe4f3b9897eb","r":1}' crossorigin="anonymous"></script>
</body>
</html>

21:12:14.451 [OkHttp https://www.dbxsz.com/...] DEBUG io.legado.app.model.DebugLog - <-- END HTTP (11527-byte, 4969-gzipped-byte body)
21:12:14.453 [main @coroutine#32] INFO io.legado.app.model.DebugLog - sourceUrl: https://www.dbxsd.com, msg: ������ҳ��:2
21:12:14.453 [main @coroutine#32] INFO io.legado.app.model.DebugLog - sourceUrl: https://www.dbxsd.com, msg: ����ȡ�½�����
21:12:14.453 [main @coroutine#32] INFO io.legado.app.model.DebugLog - sourceUrl: https://www.dbxsd.com, msg: ����1�� �����˳��У���������
21:12:14.453 [main @coroutine#32] INFO io.legado.app.model.DebugLog - sourceUrl: https://www.dbxsd.com, msg: ����ȡ�������� (���ȣ�3987)
21:12:14.453 [main @coroutine#32] INFO io.legado.app.model.DebugLog - sourceUrl: https://www.dbxsd.com, msg: ��
��������ũ�����³������˳��С�
�������껩���������ţ��䵽���ϣ����������ķ��㣬�䵽�����ϣ�����һȦ ... ȷʵ�����μ��ʵ��ڿ���ģ�ֻ���������ǿ��������ǿ��١�
����
21:12:14.453 [main] INFO cn.kong.app.model.NovelSourceTest -   �½�: ��1�� �����˳��У��������� | ���ĳ���: 3987
21:12:14.453 [main] INFO cn.kong.app.model.NovelSourceTest -   ����ǰ200��: ��������ũ�����³������˳��С�
�������껩���������ţ��䵽���ϣ����������ķ��㣬�䵽�����ϣ�����һȦȦ������䵽·�˵�ͷ��������������
������˭˵�����˳��еģ����ž����ꡣ��½���Թ��һ�䣬��Щ���û����ǰ�������¡�
�������ǵ�һ�γ�Զ�ţ�ûʲô���飬���µ�ͻȻ��������һ���Ь����Ţ����������·�������ø��ܵ�������Լ��Ķ��⡪������Ҫ�ѽŴ������γ�����
���������յ�����������������½���
21:12:14.455 [main] INFO cn.kong.app.model.NovelSourceTest - 
���������� ? è�ۿ��� (http://api.lemiyigou.com) ����������
21:12:14.455 [main] INFO cn.kong.app.model.NovelSourceTest - 
  -------- �ؼ��� [���Ʋ��] --------
21:12:14.455 [main] INFO cn.kong.app.model.NovelSourceTest -   --- Step 1: ���� [���Ʋ��] ---
21:12:14.632 [OkHttp http://api.lemiyigou.com/...] DEBUG io.legado.app.model.DebugLog - --> GET http://api.lemiyigou.com/search?page=1&keyword=%E6%96%97%E7%A0%B4%E8%8B%8D%E7%A9%B9 http/1.1
21:12:14.633 [OkHttp http://api.lemiyigou.com/...] DEBUG io.legado.app.model.DebugLog - client-source: android
21:12:14.633 [OkHttp http://api.lemiyigou.com/...] DEBUG io.legado.app.model.DebugLog - Authorization: bearereyJ0eXAiOiJKV1QiLCJhbGciOiJIUzI1NiJ9.eyJpc3MiOiJodHRwOlwvXC9hcGkuanhndHp4Yy5jb21cL2F1dGhcL3RoaXJkIiwiaWF0IjoxNjgzODkxNjUyLCJleHAiOjE3NzcyMDM2NTIsIm5iZiI6MTY4Mzg5MTY1MiwianRpIjoiR2JxWmI4bGZkbTVLYzBIViIsInN1YiI6Njg3ODYyLCJwcnYiOiJhMWNiMDM3MTgwMjk2YzZhMTkzOGVmMzBiNDM3OTQ2NzJkZDAxNmM1In0.mMxaC2SVyZKyjC6rdUqFVv5d9w_X36o0AdKD7szvE_Q
21:12:14.633 [OkHttp http://api.lemiyigou.com/...] DEBUG io.legado.app.model.DebugLog - client-brand: Redmi
21:12:14.633 [OkHttp http://api.lemiyigou.com/...] DEBUG io.legado.app.model.DebugLog - User-Agent: okhttp/4.9.2
21:12:14.633 [OkHttp http://api.lemiyigou.com/...] DEBUG io.legado.app.model.DebugLog - client-version: 2.3.0
21:12:14.633 [OkHttp http://api.lemiyigou.com/...] DEBUG io.legado.app.model.DebugLog - client-device: 2d37f6b5b6b2605373092c3dc65a3b39
21:12:14.633 [OkHttp http://api.lemiyigou.com/...] DEBUG io.legado.app.model.DebugLog - client-name: app.maoyankanshu.novel
21:12:14.633 [OkHttp http://api.lemiyigou.com/...] DEBUG io.legado.app.model.DebugLog - Keep-Alive: 300
21:12:14.633 [OkHttp http://api.lemiyigou.com/...] DEBUG io.legado.app.model.DebugLog - Connection: Keep-Alive
21:12:14.633 [OkHttp http://api.lemiyigou.com/...] DEBUG io.legado.app.model.DebugLog - Cache-Control: no-cache
21:12:14.633 [OkHttp http://api.lemiyigou.com/...] DEBUG io.legado.app.model.DebugLog - Host: api.lemiyigou.com
21:12:14.633 [OkHttp http://api.lemiyigou.com/...] DEBUG io.legado.app.model.DebugLog - Accept-Encoding: gzip
21:12:14.633 [OkHttp http://api.lemiyigou.com/...] DEBUG io.legado.app.model.DebugLog - --> END GET
21:12:14.796 [OkHttp http://api.lemiyigou.com/...] DEBUG io.legado.app.model.DebugLog - <-- 200 OK http://api.lemiyigou.com/search?page=1&keyword=%E6%96%97%E7%A0%B4%E8%8B%8D%E7%A9%B9 (163ms)
21:12:14.796 [OkHttp http://api.lemiyigou.com/...] DEBUG io.legado.app.model.DebugLog - Server: nginx
21:12:14.796 [OkHttp http://api.lemiyigou.com/...] DEBUG io.legado.app.model.DebugLog - Date: Fri, 14 Aug 2026 12:29:41 GMT
21:12:14.796 [OkHttp http://api.lemiyigou.com/...] DEBUG io.legado.app.model.DebugLog - Content-Type: application/json
21:12:14.796 [OkHttp http://api.lemiyigou.com/...] DEBUG io.legado.app.model.DebugLog - Transfer-Encoding: chunked
21:12:14.796 [OkHttp http://api.lemiyigou.com/...] DEBUG io.legado.app.model.DebugLog - Connection: keep-alive
21:12:14.796 [OkHttp http://api.lemiyigou.com/...] DEBUG io.legado.app.model.DebugLog - Access-Control-Allow-Origin: *
21:12:14.796 [OkHttp http://api.lemiyigou.com/...] DEBUG io.legado.app.model.DebugLog - Access-Control-Allow-Methods: GET, POST, PUT, DELETE, OPTIONS, PATCH
21:12:14.796 [OkHttp http://api.lemiyigou.com/...] DEBUG io.legado.app.model.DebugLog - Access-Control-Allow-Headers: Authorization, Content-Type, Origin, Type, client-brand, client-device, client-version, client-source, client-name, alias-name
21:12:14.796 [OkHttp http://api.lemiyigou.com/...] DEBUG io.legado.app.model.DebugLog - X-RateLimit-Limit: 120
21:12:14.796 [OkHttp http://api.lemiyigou.com/...] DEBUG io.legado.app.model.DebugLog - X-RateLimit-Remaining: 119
21:12:14.796 [OkHttp http://api.lemiyigou.com/...] DEBUG io.legado.app.model.DebugLog - Content-Encoding: gzip
21:12:14.796 [OkHttp http://api.lemiyigou.com/...] DEBUG io.legado.app.model.DebugLog - Cache-Control: max-age=86400
21:12:14.796 [OkHttp http://api.lemiyigou.com/...] DEBUG io.legado.app.model.DebugLog - X-Cache-Status: HIT
21:12:14.797 [OkHttp http://api.lemiyigou.com/...] DEBUG io.legado.app.model.DebugLog - 
21:12:14.797 [OkHttp http://api.lemiyigou.com/...] DEBUG io.legado.app.model.DebugLog - {"request_id":"5ca286f0-5a68-44b9-a252-f624c6a032e7","msg":"success","code":200,"data":[{"id":152,"cover":"http:\/\/api.lemiyigou.com\/0\/152.jpg","summary":"���������ڶ��������磬û�л���������ħ�����еģ������Ƿ��ܵ��۷�Ķ���������ȼ��ƶȣ����ߣ���ʦ����ʦ�����飬���������ʣ����ڣ����𣬶�ʥ�����ۡ��������ڡ��������ݵ�ͬ�����Ӿ�9��3������һ������ÿ��22��00��½�������ӣ���Ѷ��Ƶȫ��������","status":1,"novelName":"���Ʋ��","authorId":"b68Xle","authorName":"�������","wordNum":"695����","isComplete":1,"isFree":1,"promotionType":2,"createdAt":"2020-06-08 19:03","novelId":"zbqYrb","averageScore":"8.2","scoreNum":0,"commentNum":0,"starNum":4.5,"categoryNames":[{"classId":"lejRej","className":"����"}],"tagNames":[{"tagName":"�ϲ���","tagId":"xe7jd7"},{"tagName":"��Ѫ","tagId":"negL6a"},{"tagName":"������","tagId":"YaOyNd"},{"tagName":"������","tagId":"mbkrYa"},{"tagName":"Ӱ��ԭ��","tagId":"Rb4L0b"},{"tagName":"�ݸ�����","tagId":"9b60Qe"}],"hotInfo":224692,"readInfo":0,"collectInfo":0},{"id":303736,"cover":"http:\/\/api.lemiyigou.com\/303\/303736.jpg","summary":"�������յأ�����֮��������������ʱ���ֻأ�������ͨ���ݺ������������ԣ���Ԥ�ԣ����鶥��ǿ��ŷ����������Ԥ�ԵĹ켣��������֮־��Я����֮�ܣ�������֮�硣�������ˣ����춯�صİ��飬�޾���Թ������Ī������ң�������ս�����Ķ��ǵ���;��������ͨ�����ɱ�����ס���������μ̳�������ͨ����ν����Թ��������齨��Ȼ����������ݺᶷ�Ʋ�񷣿","status":1,"novelName":"���Ʋ�����ݺᶷ��","authorId":"dPN8gW","authorName":"ŷ������","wordNum":"1����","isComplete":0,"isFree":1,"promotionType":2,"createdAt":"2020-06-17 23:22","novelId":"e32xkQ","averageScore":"0.0","scoreNum":0,"commentNum":0,"starNum":0,"categoryNames":[{"classId":"zbq2dp","className":"�ƻ�"}],"tagNames":[],"hotInfo":12440,"readInfo":0,"collectInfo":0},{"id":544514,"cover":"http:\/\/api.lemiyigou.com\/544\/544514.jpg","summary":"��ʮ��Ӷ�����ʮ���������Ѫ�����ڣ�Ī�������������ƽ����ˣ������������еĶ��ƻ�û����ᣡ�ֵ���������һ������������Ʋ�񷣡","status":1,"novelName":"���Ʋ��.2","authorId":"b6589a","authorName":"������","wordNum":"116����","isComplete":0,"isFree":1,"promotionType":2,"createdAt":"2020-06-15 18:08","novelId":"az7AxY","averageScore":"0.0","scoreNum":0,"commentNum":0,"starNum":0,"categoryNames":[{"classId":"lejRej","className":"����"}],"tagNames":[],"hotInfo":5044,"readInfo":0,"collectInfo":0},{"id":241075,"cover":"http:\/\/api.lemiyigou.com\/241\/241075.jpg","summary":"\b����\u001a����ʥ���Ҵ���硷�ѷ�������֧�֣�\tһ����������������Լ���Խ�����һ��Ǵ�Խ�����Ʋ��������ˣ��������ˣ�һ���ǳ�ţ�Ƶ�ϵͳ��һ�������磬һ���������һ���ľ��飬��һ���ĸо��������������𣬶����������𡿱���Ⱥ:428094619","status":1,"novelName":"��Խ���Ʋ��","authorId":"bW61Wx","authorName":"��ʱһ��","wordNum":"57����","isComplete":1,"isFree":1,"promotionType":2,"createdAt":"2020-06-17 12:02","novelId":"eX6N2m","averageScore":"0.0","scoreNum":0,"commentNum":0,"starNum":0,"categoryNames":[{"classId":"zbq2dp","className":"�ƻ�"}],"tagNames":[],"hotInfo":4130,"readInfo":0,"collectInfo":0},{"id":275896,"cover":"http:\/\/api.lemiyigou.com\/275\/275896.jpg","summary":"���޼��","status":1,"novelName":"���Ʋ������","authorId":"bqQ3jy","authorName":"�����ƺ�","wordNum":"75����","isComplete":0,"isFree":1,"promotionType":2,"createdAt":"2022-09-15 12:28","novelId":"bqYAmp","averageScore":"0.0","scoreNum":0,"commentNum":0,"starNum":0,"categoryNames":[{"classId":"YerEdO","className":"��С˵"}],"tagNames":[],"hotInfo":3183,"readInfo":0,"collectInfo":0},{"id":263765,"cover":"http:\/\/api.lemiyigou.com\/263\/263765.jpg","summary":"������","status":1,"novelName":"���Ʋ������","authorId":"eER7g0","authorName":"�����ʥ","wordNum":"6����","isComplete":0,"isFree":1,"promotionType":2,"createdAt":"2020-06-17 20:46","novelId":"aKZ1Ax","averageScore":"0.0","scoreNum":0,"commentNum":0,"starNum":0,"categoryNames":[{"classId":"zbq2dp","className":"�ƻ�"}],"tagNames":[],"hotInfo":2374,"readInfo":0,"collectInfo":0},{"id":263705,"cover":"http:\/\/api.lemiyigou.com\/263\/263705.jpg","summary":"�Ӷ��ƺ����Ʒ��������գ���������Ƽ�Ʊ�����׽���ڶ���������һ���µĴ�½�����������۴�½���������������������͵����˶��Ƕ���......���ۣ��󶷵ۣ����񣬶��ɣ����𣡣�������","status":1,"novelName":"���Ʋ����","authorId":"aOYopY","authorName":"��������","wordNum":"6ǧ��","isComplete":0,"isFree":1,"promotionType":2,"createdAt":"2020-06-17 20:44","novelId":"enrxY7","averageScore":"0.0","scoreNum":0,"commentNum":0,"starNum":0,"categoryNames":[{"classId":"zbq2dp","className":"�ƻ�"}],"tagNames":[],"hotInfo":2048,"readInfo":0,"collectInfo":0},{"id":308410,"cover":"http:\/\/api.lemiyigou.com\/308\/308410.jpg","summary":"����һƬ����£�ǿ�ߣ����ԡ���Ϊ����Ϊ��","status":1,"novelName":"���Ʋ���","authorId":"bmwr33","authorName":"����С�ײ�","wordNum":"5ǧ��","isComplete":0,"isFree":1,"promotionType":2,"createdAt":"2020-07-03 08:14","novelId":"avoyRL","averageScore":"0.0","scoreNum":0,"commentNum":0,"starNum":0,"categoryNames":[{"classId":"lejRej","className":"����"}],"tagNames":[],"hotInfo":1877,"readInfo":0,"collectInfo":0},{"id":263552,"cover":"http:\/\/api.lemiyigou.com\/263\/263552.jpg","summary":"���ش�½���֣��Ǹ��ǻ�������֮�ϣ������и����۷�Ĵ��ڣ�������½�ٴη�����ӿ�������ܷ��ٴδ����漣�����е�Ů���������ݣ���������������ʲô��ϵ����һ�У���������ʷ�����֣�ǰ�����������޷����ѵ������������Զ����ǩ:��ҩħ��","status":1,"novelName":"���Ʋ������֮���Ʋ��","authorId":"bkRVN6","authorName":"����Ʈ��","wordNum":"4����","isComplete":0,"isFree":1,"promotionType":2,"createdAt":"2020-06-17 20:39","novelId":"bqY7Qy","averageScore":"0.0","scoreNum":0,"commentNum":0,"starNum":0,"categoryNames":[{"classId":"zbq2dp","className":"�ƻ�"}],"tagNames":[],"hotInfo":2201,"readInfo":0,"collectInfo":0},{"id":301987,"cover":"http:\/\/api.lemiyigou.com\/301\/301987.jpg","summary":"�����������۵��ǳ���ս������۱��׵۷�ӡ��������¶���β��������½��������ƽ��������β�������ȷʵ�����µ�ս�����׵���ʧ������󣬻�����ϯ�����.......","status":1,"novelName":"���Ʋ��֮�ƿ�","authorId":"dL92pD","authorName":"���","wordNum":"2����","isComplete":0,"isFree":1,"promotionType":2,"createdAt":"2020-06-17 22:13","novelId":"e0V7v3","averageScore":"0.0","scoreNum":0,"commentNum":0,"starNum":0,"categoryNames":[{"classId":"zbq2dp","className":"�ƻ�"}],"tagNames":[],"hotInfo":2298,"readInfo":0,"collectInfo":0},{"id":293588,"cover":"http:\/\/api.lemiyigou.com\/293\/293588.jpg","summary":"��\u0011\u0010\u0010\u0010��һ������֮ս��Ļ��Ȼ��ȴ��������һ����Ŀ��������ݣ�ԭ���ķ������ڣ������������ݣ������ڴ˿̱�һ��Ϊ����һ���������Ӵ����Ԩ�������طָ��������������Ԩ�����պ�Ҳ���˳�Ϊ˫��Ԩ��˭Ҳ�޷������������һ������֮ս��������˶������˷������������ң����Ѿʹ˶�ֹ�������������ط�����ӿ��������õĽ����������ݣ���Ȼ���Ϊ������½�����ģ���Ϊ����������˾���������½���˵ľ�ս���������Ż���۵ķ�ӡ����ս��Ȼ������������ʤ�������գ����ڻ��壬��˵��Ϊ����۽����˶��ۣ�������ʵ�����Ǵ��ǣ����κλ�δչ������������֮�е�ʮ֮�߰ˣ��㶼�Ǿ������������ȥ����Ѫ�У����µ���Щ�ˣ�Ҳ��ʧ�����ǣ������������׷������δ��̫��ĵֿ����������־��ܡ��ڴ�ս��Ļ�󲻾ã�����Ҳ������ô�����һ�ι����˻��֮�У�Ȼ������֮�еķ�ʢ��δ�������ڽ�����������������ģ���Ȼ�����۵ĳ�죬�����ռ䣬���������������˼����ڻ�������λ�ã�����������һ����ʮ�����Ӵ��Ѫ�أ����е�ѪҺճ���ޱȣ�����Ѫ���У�Ư�������������ʬ����׹ǣ����ڼ�����һĻʱ����","status":1,"novelName":"���Ʋ��֮�����","authorId":"e0O6Vd","authorName":"1627249665","wordNum":"1����","isComplete":0,"isFree":1,"promotionType":2,"createdAt":"2020-08-06 13:08","novelId":"egLVjG","averageScore":"0.0","scoreNum":0,"commentNum":0,"starNum":0,"categoryNames":[{"classId":"lejRej","className":"����"}],"tagNames":[],"hotInfo":2331,"readInfo":0,"collectInfo":0},{"id":301558,"cover":"http:\/\/api.lemiyigou.com\/301\/301558.jpg","summary":"����̤�㶷�۴�½�������۷壬����֮·���������������۷�֮ս����ڤ�綷��ڤ���ս��������˫˫���䡣��������ʱ�������ڶ�����½֮Ů���졢������Ѫ��������Ӧ���˸��׵����䣬���������Ÿ��׵����䡢Ϊ�˲�֤������١����������Ҳ̤����Ŭ������֮·Ѱ�丸������֮�գ�����Ҳ�������з�����һ�������Ҳ������ǰ�ӵ�л������֮��������ʤ֮��������Ҳ�Ǵ�����һ���񼼡�","status":1,"novelName":"���Ʋ��֮����","authorId":"bmZnnn","authorName":"�ȿ���","wordNum":"1����","isComplete":0,"isFree":1,"promotionType":2,"createdAt":"2020-06-17 21:58","novelId":"azKzG8","averageScore":"0.0","scoreNum":0,"commentNum":0,"starNum":0,"categoryNames":[{"classId":"zbq2dp","className":"�ƻ�"}],"tagNames":[],"hotInfo":1243,"readInfo":0,"collectInfo":0},{"id":479773,"cover":"http:\/\/api.lemiyigou.com\/479\/479773.jpg","summary":"Ӱ��ն��Խ���˶��Ʋ�񷣬չ������ð�ա�����ӰϮϵͳ����֯ӰϮ��֯��","status":1,"novelName":"���Ʋ��֮ӰϮ","authorId":"bqxK47","authorName":"��ľ��˼","wordNum":"9����","isComplete":0,"isFree":1,"promotionType":2,"createdAt":"2020-06-19 23:36","novelId":"eVvq31","averageScore":"0.0","scoreNum":0,"commentNum":0,"starNum":0,"categoryNames":[{"classId":"zbq2dp","className":"�ƻ�"}],"tagNames":[],"hotInfo":695,"readInfo":0,"collectInfo":0},{"id":546829,"cover":"http:\/\/api.lemiyigou.com\/546\/546829.jpg","summary":"������½���׵۳��ۣ�����ǧ���磬�����챦����������Ψ������޵У������飡�����죡��ͼ����ƺ�����ˮ֮Դ��һ��ˮ����ˮ֮ʥ���龻ˮ����ˮ֮��һԪ��ˮ����ˮ֮��������ˮ�����Ĵ󷨱���ʮ����ˮ��һλ������еĴ�Խ�ߣ����ڶ�����½�����������Ĳ�����","status":1,"novelName":"���Ʋ��֮ˮ��","authorId":"dRoGkO","authorName":"�����̰�","wordNum":"124����","isComplete":0,"isFree":1,"promotionType":2,"createdAt":"2020-06-21 04:46","novelId":"eV7ry1","averageScore":"0.0","scoreNum":0,"commentNum":0,"starNum":0,"categoryNames":[{"classId":"zbq2dp","className":"�ƻ�"}],"tagNames":[],"hotInfo":2448,"readInfo":0,"collectInfo":0},{"id":301652,"cover":"http:\/\/api.lemiyigou.com\/301\/301652.jpg","summary":"����д����������Ϊ�����������\u000e\u000e\u000e\u000e\u000e��ʦ����Ʒ���ۡ���Ʒ���ۡ�ʥƷ���ۡ���Ʒ���ۡ��۾�����ҩˮƽ����������������ͬ�Ĺ���ͬ���ľ��ʡ�һ�о��ڣ�����ң����8���ġ����Ʋ��֮�۾�����","status":1,"novelName":"���Ʋ��֮�۾�","authorId":"axkBmE","authorName":"��ң����8","wordNum":"2����","isComplete":0,"isFree":1,"promotionType":2,"createdAt":"2020-06-17 22:01","novelId":"bqYnz3","averageScore":"0.0","scoreNum":0,"commentNum":0,"starNum":0,"categoryNames":[{"classId":"zbq2dp","className":"�ƻ�"}],"tagNames":[],"hotInfo":1998,"readInfo":0,"collectInfo":0}]}
21:12:14.798 [OkHttp http://api.lemiyigou.com/...] DEBUG io.legado.app.model.DebugLog - <-- END HTTP (12362-byte, 4440-gzipped-byte body)
21:12:14.800 [main @coroutine#33] INFO io.legado.app.model.DebugLog - sourceUrl: http://api.lemiyigou.com, msg: �Ի�ȡ�ɹ�:
/search?page=1&keyword=���Ʋ��
21:12:14.800 [main @coroutine#33] INFO io.legado.app.model.DebugLog - sourceUrl: http://api.lemiyigou.com, msg: ����ȡ�鼮�б�
21:12:14.802 [main @coroutine#33] DEBUG com.jayway.jsonpath.internal.path.CompiledPath - Evaluating path: $['data'][*]
21:12:14.803 [main @coroutine#33] INFO io.legado.app.model.DebugLog - sourceUrl: http://api.lemiyigou.com, msg: ���б��С:15
21:12:14.803 [main @coroutine#33] INFO io.legado.app.model.DebugLog - sourceUrl: http://api.lemiyigou.com, msg: ����ȡ����
21:12:14.803 [main @coroutine#33] DEBUG com.jayway.jsonpath.internal.path.CompiledPath - Evaluating path: $['novelName']
21:12:14.803 [main @coroutine#33] INFO io.legado.app.model.DebugLog - sourceUrl: http://api.lemiyigou.com, msg: �����Ʋ��
21:12:14.803 [main @coroutine#33] INFO io.legado.app.model.DebugLog - sourceUrl: http://api.lemiyigou.com, msg: ����ȡ����
21:12:14.803 [main @coroutine#33] DEBUG com.jayway.jsonpath.internal.path.CompiledPath - Evaluating path: $['authorName']
21:12:14.803 [main @coroutine#33] INFO io.legado.app.model.DebugLog - sourceUrl: http://api.lemiyigou.com, msg: ���������
21:12:14.803 [main @coroutine#33] INFO io.legado.app.model.DebugLog - sourceUrl: http://api.lemiyigou.com, msg: ����ȡ����
21:12:14.803 [main @coroutine#33] DEBUG com.jayway.jsonpath.internal.path.CompiledPath - Evaluating path: $['averageScore']
21:12:14.804 [main @coroutine#33] DEBUG com.jayway.jsonpath.internal.path.CompiledPath - Evaluating path: $..['className']
21:12:14.805 [main @coroutine#33] INFO io.legado.app.model.DebugLog - sourceUrl: http://api.lemiyigou.com, msg: ������,8.2��
21:12:14.805 [main @coroutine#33] INFO io.legado.app.model.DebugLog - sourceUrl: http://api.lemiyigou.com, msg: ����ȡ����
21:12:14.805 [main @coroutine#33] DEBUG com.jayway.jsonpath.internal.path.CompiledPath - Evaluating path: $['wordNum']
21:12:14.805 [main @coroutine#33] INFO io.legado.app.model.DebugLog - sourceUrl: http://api.lemiyigou.com, msg: ��695����
21:12:14.805 [main @coroutine#33] INFO io.legado.app.model.DebugLog - sourceUrl: http://api.lemiyigou.com, msg: ����ȡ�����½�
21:12:14.805 [main @coroutine#33] INFO io.legado.app.model.DebugLog - sourceUrl: http://api.lemiyigou.com, msg: ��
21:12:14.805 [main @coroutine#33] INFO io.legado.app.model.DebugLog - sourceUrl: http://api.lemiyigou.com, msg: ����ȡ���
21:12:14.805 [main @coroutine#33] DEBUG com.jayway.jsonpath.internal.path.CompiledPath - Evaluating path: $['summary']
21:12:14.805 [main @coroutine#33] INFO io.legado.app.model.DebugLog - sourceUrl: http://api.lemiyigou.com, msg: �����������ڶ��������磬û�л���������ħ�����еģ������Ƿ��ܵ��۷�Ķ���������ȼ��ƶȣ����ߣ���ʦ����ʦ�����飬���������ʣ����ڣ����𣬶�ʥ�����ۡ��������ڡ��������ݵ�ͬ�����Ӿ�9��3������һ������ÿ��22��00��½�������ӣ���Ѷ��Ƶȫ��������
21:12:14.805 [main @coroutine#33] INFO io.legado.app.model.DebugLog - sourceUrl: http://api.lemiyigou.com, msg: ����ȡ��������
21:12:14.805 [main @coroutine#33] DEBUG com.jayway.jsonpath.internal.path.CompiledPath - Evaluating path: $['cover']
21:12:14.806 [main @coroutine#33] INFO io.legado.app.model.DebugLog - sourceUrl: http://api.lemiyigou.com, msg: ��http://api.lemiyigou.com/0/152.jpg
21:12:14.806 [main @coroutine#33] INFO io.legado.app.model.DebugLog - sourceUrl: http://api.lemiyigou.com, msg: ����ȡ����ҳ����
21:12:14.806 [main @coroutine#33] DEBUG com.jayway.jsonpath.internal.path.CompiledPath - Evaluating path: $['novelId']
21:12:14.806 [main @coroutine#33] INFO io.legado.app.model.DebugLog - sourceUrl: http://api.lemiyigou.com, msg: ��http://api.lemiyigou.com/novel/zbqYrb?isSearch=1
21:12:14.806 [main @coroutine#33] DEBUG com.jayway.jsonpath.internal.path.CompiledPath - Evaluating path: $['novelName']
21:12:14.806 [main @coroutine#33] DEBUG com.jayway.jsonpath.internal.path.CompiledPath - Evaluating path: $['authorName']
21:12:14.806 [main @coroutine#33] DEBUG com.jayway.jsonpath.internal.path.CompiledPath - Evaluating path: $['averageScore']
21:12:14.806 [main @coroutine#33] DEBUG com.jayway.jsonpath.internal.path.CompiledPath - Evaluating path: $..['className']
21:12:14.807 [main @coroutine#33] DEBUG com.jayway.jsonpath.internal.path.CompiledPath - Evaluating path: $['wordNum']
21:12:14.807 [main @coroutine#33] DEBUG com.jayway.jsonpath.internal.path.CompiledPath - Evaluating path: $['summary']
21:12:14.807 [main @coroutine#33] DEBUG com.jayway.jsonpath.internal.path.CompiledPath - Evaluating path: $['cover']
21:12:14.807 [main @coroutine#33] DEBUG com.jayway.jsonpath.internal.path.CompiledPath - Evaluating path: $['novelId']
21:12:14.807 [main @coroutine#33] DEBUG com.jayway.jsonpath.internal.path.CompiledPath - Evaluating path: $['novelName']
21:12:14.807 [main @coroutine#33] DEBUG com.jayway.jsonpath.internal.path.CompiledPath - Evaluating path: $['authorName']
21:12:14.807 [main @coroutine#33] DEBUG com.jayway.jsonpath.internal.path.CompiledPath - Evaluating path: $['averageScore']
21:12:14.807 [main @coroutine#33] DEBUG com.jayway.jsonpath.internal.path.CompiledPath - Evaluating path: $..['className']
21:12:14.807 [main @coroutine#33] DEBUG com.jayway.jsonpath.internal.path.CompiledPath - Evaluating path: $['wordNum']
21:12:14.807 [main @coroutine#33] DEBUG com.jayway.jsonpath.internal.path.CompiledPath - Evaluating path: $['summary']
21:12:14.807 [main @coroutine#33] DEBUG com.jayway.jsonpath.internal.path.CompiledPath - Evaluating path: $['cover']
21:12:14.807 [main @coroutine#33] DEBUG com.jayway.jsonpath.internal.path.CompiledPath - Evaluating path: $['novelId']
21:12:14.808 [main @coroutine#33] DEBUG com.jayway.jsonpath.internal.path.CompiledPath - Evaluating path: $['novelName']
21:12:14.808 [main @coroutine#33] DEBUG com.jayway.jsonpath.internal.path.CompiledPath - Evaluating path: $['authorName']
21:12:14.808 [main @coroutine#33] DEBUG com.jayway.jsonpath.internal.path.CompiledPath - Evaluating path: $['averageScore']
21:12:14.808 [main @coroutine#33] DEBUG com.jayway.jsonpath.internal.path.CompiledPath - Evaluating path: $..['className']
21:12:14.808 [main @coroutine#33] DEBUG com.jayway.jsonpath.internal.path.CompiledPath - Evaluating path: $['wordNum']
21:12:14.808 [main @coroutine#33] DEBUG com.jayway.jsonpath.internal.path.CompiledPath - Evaluating path: $['summary']
21:12:14.808 [main @coroutine#33] DEBUG com.jayway.jsonpath.internal.path.CompiledPath - Evaluating path: $['cover']
21:12:14.808 [main @coroutine#33] DEBUG com.jayway.jsonpath.internal.path.CompiledPath - Evaluating path: $['novelId']
21:12:14.808 [main @coroutine#33] DEBUG com.jayway.jsonpath.internal.path.CompiledPath - Evaluating path: $['novelName']
21:12:14.808 [main @coroutine#33] DEBUG com.jayway.jsonpath.internal.path.CompiledPath - Evaluating path: $['authorName']
21:12:14.808 [main @coroutine#33] DEBUG com.jayway.jsonpath.internal.path.CompiledPath - Evaluating path: $['averageScore']
21:12:14.808 [main @coroutine#33] DEBUG com.jayway.jsonpath.internal.path.CompiledPath - Evaluating path: $..['className']
21:12:14.808 [main @coroutine#33] DEBUG com.jayway.jsonpath.internal.path.CompiledPath - Evaluating path: $['wordNum']
21:12:14.808 [main @coroutine#33] DEBUG com.jayway.jsonpath.internal.path.CompiledPath - Evaluating path: $['summary']
21:12:14.808 [main @coroutine#33] DEBUG com.jayway.jsonpath.internal.path.CompiledPath - Evaluating path: $['cover']
21:12:14.808 [main @coroutine#33] DEBUG com.jayway.jsonpath.internal.path.CompiledPath - Evaluating path: $['novelId']
21:12:14.808 [main @coroutine#33] DEBUG com.jayway.jsonpath.internal.path.CompiledPath - Evaluating path: $['novelName']
21:12:14.809 [main @coroutine#33] DEBUG com.jayway.jsonpath.internal.path.CompiledPath - Evaluating path: $['authorName']
21:12:14.809 [main @coroutine#33] DEBUG com.jayway.jsonpath.internal.path.CompiledPath - Evaluating path: $['averageScore']
21:12:14.809 [main @coroutine#33] DEBUG com.jayway.jsonpath.internal.path.CompiledPath - Evaluating path: $..['className']
21:12:14.809 [main @coroutine#33] DEBUG com.jayway.jsonpath.internal.path.CompiledPath - Evaluating path: $['wordNum']
21:12:14.809 [main @coroutine#33] DEBUG com.jayway.jsonpath.internal.path.CompiledPath - Evaluating path: $['summary']
21:12:14.809 [main @coroutine#33] DEBUG com.jayway.jsonpath.internal.path.CompiledPath - Evaluating path: $['cover']
21:12:14.809 [main @coroutine#33] DEBUG com.jayway.jsonpath.internal.path.CompiledPath - Evaluating path: $['novelId']
21:12:14.809 [main @coroutine#33] DEBUG com.jayway.jsonpath.internal.path.CompiledPath - Evaluating path: $['novelName']
21:12:14.809 [main @coroutine#33] DEBUG com.jayway.jsonpath.internal.path.CompiledPath - Evaluating path: $['authorName']
21:12:14.809 [main @coroutine#33] DEBUG com.jayway.jsonpath.internal.path.CompiledPath - Evaluating path: $['averageScore']
21:12:14.809 [main @coroutine#33] DEBUG com.jayway.jsonpath.internal.path.CompiledPath - Evaluating path: $..['className']
21:12:14.809 [main @coroutine#33] DEBUG com.jayway.jsonpath.internal.path.CompiledPath - Evaluating path: $['wordNum']
21:12:14.809 [main @coroutine#33] DEBUG com.jayway.jsonpath.internal.path.CompiledPath - Evaluating path: $['summary']
21:12:14.809 [main @coroutine#33] DEBUG com.jayway.jsonpath.internal.path.CompiledPath - Evaluating path: $['cover']
21:12:14.809 [main @coroutine#33] DEBUG com.jayway.jsonpath.internal.path.CompiledPath - Evaluating path: $['novelId']
21:12:14.809 [main @coroutine#33] DEBUG com.jayway.jsonpath.internal.path.CompiledPath - Evaluating path: $['novelName']
21:12:14.809 [main @coroutine#33] DEBUG com.jayway.jsonpath.internal.path.CompiledPath - Evaluating path: $['authorName']
21:12:14.810 [main @coroutine#33] DEBUG com.jayway.jsonpath.internal.path.CompiledPath - Evaluating path: $['averageScore']
21:12:14.810 [main @coroutine#33] DEBUG com.jayway.jsonpath.internal.path.CompiledPath - Evaluating path: $..['className']
21:12:14.810 [main @coroutine#33] DEBUG com.jayway.jsonpath.internal.path.CompiledPath - Evaluating path: $['wordNum']
21:12:14.810 [main @coroutine#33] DEBUG com.jayway.jsonpath.internal.path.CompiledPath - Evaluating path: $['summary']
21:12:14.810 [main @coroutine#33] DEBUG com.jayway.jsonpath.internal.path.CompiledPath - Evaluating path: $['cover']
21:12:14.810 [main @coroutine#33] DEBUG com.jayway.jsonpath.internal.path.CompiledPath - Evaluating path: $['novelId']
21:12:14.810 [main @coroutine#33] DEBUG com.jayway.jsonpath.internal.path.CompiledPath - Evaluating path: $['novelName']
21:12:14.810 [main @coroutine#33] DEBUG com.jayway.jsonpath.internal.path.CompiledPath - Evaluating path: $['authorName']
21:12:14.810 [main @coroutine#33] DEBUG com.jayway.jsonpath.internal.path.CompiledPath - Evaluating path: $['averageScore']
21:12:14.810 [main @coroutine#33] DEBUG com.jayway.jsonpath.internal.path.CompiledPath - Evaluating path: $..['className']
21:12:14.810 [main @coroutine#33] DEBUG com.jayway.jsonpath.internal.path.CompiledPath - Evaluating path: $['wordNum']
21:12:14.810 [main @coroutine#33] DEBUG com.jayway.jsonpath.internal.path.CompiledPath - Evaluating path: $['summary']
21:12:14.810 [main @coroutine#33] DEBUG com.jayway.jsonpath.internal.path.CompiledPath - Evaluating path: $['cover']
21:12:14.810 [main @coroutine#33] DEBUG com.jayway.jsonpath.internal.path.CompiledPath - Evaluating path: $['novelId']
21:12:14.810 [main @coroutine#33] DEBUG com.jayway.jsonpath.internal.path.CompiledPath - Evaluating path: $['novelName']
21:12:14.810 [main @coroutine#33] DEBUG com.jayway.jsonpath.internal.path.CompiledPath - Evaluating path: $['authorName']
21:12:14.810 [main @coroutine#33] DEBUG com.jayway.jsonpath.internal.path.CompiledPath - Evaluating path: $['averageScore']
21:12:14.811 [main @coroutine#33] DEBUG com.jayway.jsonpath.internal.path.CompiledPath - Evaluating path: $..['className']
21:12:14.811 [main @coroutine#33] DEBUG com.jayway.jsonpath.internal.path.CompiledPath - Evaluating path: $['wordNum']
21:12:14.811 [main @coroutine#33] DEBUG com.jayway.jsonpath.internal.path.CompiledPath - Evaluating path: $['summary']
21:12:14.811 [main @coroutine#33] DEBUG com.jayway.jsonpath.internal.path.CompiledPath - Evaluating path: $['cover']
21:12:14.811 [main @coroutine#33] DEBUG com.jayway.jsonpath.internal.path.CompiledPath - Evaluating path: $['novelId']
21:12:14.811 [main @coroutine#33] DEBUG com.jayway.jsonpath.internal.path.CompiledPath - Evaluating path: $['novelName']
21:12:14.811 [main @coroutine#33] DEBUG com.jayway.jsonpath.internal.path.CompiledPath - Evaluating path: $['authorName']
21:12:14.811 [main @coroutine#33] DEBUG com.jayway.jsonpath.internal.path.CompiledPath - Evaluating path: $['averageScore']
21:12:14.811 [main @coroutine#33] DEBUG com.jayway.jsonpath.internal.path.CompiledPath - Evaluating path: $..['className']
21:12:14.811 [main @coroutine#33] DEBUG com.jayway.jsonpath.internal.path.CompiledPath - Evaluating path: $['wordNum']
21:12:14.811 [main @coroutine#33] DEBUG com.jayway.jsonpath.internal.path.CompiledPath - Evaluating path: $['summary']
21:12:14.811 [main @coroutine#33] DEBUG com.jayway.jsonpath.internal.path.CompiledPath - Evaluating path: $['cover']
21:12:14.811 [main @coroutine#33] DEBUG com.jayway.jsonpath.internal.path.CompiledPath - Evaluating path: $['novelId']
21:12:14.811 [main @coroutine#33] DEBUG com.jayway.jsonpath.internal.path.CompiledPath - Evaluating path: $['novelName']
21:12:14.811 [main @coroutine#33] DEBUG com.jayway.jsonpath.internal.path.CompiledPath - Evaluating path: $['authorName']
21:12:14.812 [main @coroutine#33] DEBUG com.jayway.jsonpath.internal.path.CompiledPath - Evaluating path: $['averageScore']
21:12:14.812 [main @coroutine#33] DEBUG com.jayway.jsonpath.internal.path.CompiledPath - Evaluating path: $..['className']
21:12:14.812 [main @coroutine#33] DEBUG com.jayway.jsonpath.internal.path.CompiledPath - Evaluating path: $['wordNum']
21:12:14.812 [main @coroutine#33] DEBUG com.jayway.jsonpath.internal.path.CompiledPath - Evaluating path: $['summary']
21:12:14.812 [main @coroutine#33] DEBUG com.jayway.jsonpath.internal.path.CompiledPath - Evaluating path: $['cover']
21:12:14.812 [main @coroutine#33] DEBUG com.jayway.jsonpath.internal.path.CompiledPath - Evaluating path: $['novelId']
21:12:14.812 [main @coroutine#33] DEBUG com.jayway.jsonpath.internal.path.CompiledPath - Evaluating path: $['novelName']
21:12:14.812 [main @coroutine#33] DEBUG com.jayway.jsonpath.internal.path.CompiledPath - Evaluating path: $['authorName']
21:12:14.812 [main @coroutine#33] DEBUG com.jayway.jsonpath.internal.path.CompiledPath - Evaluating path: $['averageScore']
21:12:14.812 [main @coroutine#33] DEBUG com.jayway.jsonpath.internal.path.CompiledPath - Evaluating path: $..['className']
21:12:14.812 [main @coroutine#33] DEBUG com.jayway.jsonpath.internal.path.CompiledPath - Evaluating path: $['wordNum']
21:12:14.812 [main @coroutine#33] DEBUG com.jayway.jsonpath.internal.path.CompiledPath - Evaluating path: $['summary']
21:12:14.812 [main @coroutine#33] DEBUG com.jayway.jsonpath.internal.path.CompiledPath - Evaluating path: $['cover']
21:12:14.812 [main @coroutine#33] DEBUG com.jayway.jsonpath.internal.path.CompiledPath - Evaluating path: $['novelId']
21:12:14.812 [main @coroutine#33] DEBUG com.jayway.jsonpath.internal.path.CompiledPath - Evaluating path: $['novelName']
21:12:14.812 [main @coroutine#33] DEBUG com.jayway.jsonpath.internal.path.CompiledPath - Evaluating path: $['authorName']
21:12:14.812 [main @coroutine#33] DEBUG com.jayway.jsonpath.internal.path.CompiledPath - Evaluating path: $['averageScore']
21:12:14.813 [main @coroutine#33] DEBUG com.jayway.jsonpath.internal.path.CompiledPath - Evaluating path: $..['className']
21:12:14.813 [main @coroutine#33] DEBUG com.jayway.jsonpath.internal.path.CompiledPath - Evaluating path: $['wordNum']
21:12:14.813 [main @coroutine#33] DEBUG com.jayway.jsonpath.internal.path.CompiledPath - Evaluating path: $['summary']
21:12:14.813 [main @coroutine#33] DEBUG com.jayway.jsonpath.internal.path.CompiledPath - Evaluating path: $['cover']
21:12:14.813 [main @coroutine#33] DEBUG com.jayway.jsonpath.internal.path.CompiledPath - Evaluating path: $['novelId']
21:12:14.813 [main @coroutine#33] DEBUG com.jayway.jsonpath.internal.path.CompiledPath - Evaluating path: $['novelName']
21:12:14.813 [main @coroutine#33] DEBUG com.jayway.jsonpath.internal.path.CompiledPath - Evaluating path: $['authorName']
21:12:14.813 [main @coroutine#33] DEBUG com.jayway.jsonpath.internal.path.CompiledPath - Evaluating path: $['averageScore']
21:12:14.813 [main @coroutine#33] DEBUG com.jayway.jsonpath.internal.path.CompiledPath - Evaluating path: $..['className']
21:12:14.813 [main @coroutine#33] DEBUG com.jayway.jsonpath.internal.path.CompiledPath - Evaluating path: $['wordNum']
21:12:14.813 [main @coroutine#33] DEBUG com.jayway.jsonpath.internal.path.CompiledPath - Evaluating path: $['summary']
21:12:14.813 [main @coroutine#33] DEBUG com.jayway.jsonpath.internal.path.CompiledPath - Evaluating path: $['cover']
21:12:14.813 [main @coroutine#33] DEBUG com.jayway.jsonpath.internal.path.CompiledPath - Evaluating path: $['novelId']
21:12:14.813 [main] INFO cn.kong.app.model.NovelSourceTest -   �������: 15 ��
21:12:14.813 [main] INFO cn.kong.app.model.NovelSourceTest -     [1] ���Ʋ�� | �������
21:12:14.813 [main] INFO cn.kong.app.model.NovelSourceTest -     [2] ���Ʋ�����ݺᶷ�� | ŷ������
21:12:14.813 [main] INFO cn.kong.app.model.NovelSourceTest -     [3] ���Ʋ��.2 | ������
21:12:14.813 [main] INFO cn.kong.app.model.NovelSourceTest -   --- Step 2: ��ȡ���� ---
21:12:14.814 [OkHttp http://api.lemiyigou.com/...] DEBUG io.legado.app.model.DebugLog - --> GET http://api.lemiyigou.com/novel/zbqYrb?isSearch=1 http/1.1
21:12:14.814 [OkHttp http://api.lemiyigou.com/...] DEBUG io.legado.app.model.DebugLog - client-source: android
21:12:14.814 [OkHttp http://api.lemiyigou.com/...] DEBUG io.legado.app.model.DebugLog - Authorization: bearereyJ0eXAiOiJKV1QiLCJhbGciOiJIUzI1NiJ9.eyJpc3MiOiJodHRwOlwvXC9hcGkuanhndHp4Yy5jb21cL2F1dGhcL3RoaXJkIiwiaWF0IjoxNjgzODkxNjUyLCJleHAiOjE3NzcyMDM2NTIsIm5iZiI6MTY4Mzg5MTY1MiwianRpIjoiR2JxWmI4bGZkbTVLYzBIViIsInN1YiI6Njg3ODYyLCJwcnYiOiJhMWNiMDM3MTgwMjk2YzZhMTkzOGVmMzBiNDM3OTQ2NzJkZDAxNmM1In0.mMxaC2SVyZKyjC6rdUqFVv5d9w_X36o0AdKD7szvE_Q
21:12:14.814 [OkHttp http://api.lemiyigou.com/...] DEBUG io.legado.app.model.DebugLog - client-brand: Redmi
21:12:14.814 [OkHttp http://api.lemiyigou.com/...] DEBUG io.legado.app.model.DebugLog - User-Agent: okhttp/4.9.2
21:12:14.814 [OkHttp http://api.lemiyigou.com/...] DEBUG io.legado.app.model.DebugLog - client-version: 2.3.0
21:12:14.814 [OkHttp http://api.lemiyigou.com/...] DEBUG io.legado.app.model.DebugLog - client-device: 2d37f6b5b6b2605373092c3dc65a3b39
21:12:14.814 [OkHttp http://api.lemiyigou.com/...] DEBUG io.legado.app.model.DebugLog - client-name: app.maoyankanshu.novel
21:12:14.814 [OkHttp http://api.lemiyigou.com/...] DEBUG io.legado.app.model.DebugLog - Keep-Alive: 300
21:12:14.814 [OkHttp http://api.lemiyigou.com/...] DEBUG io.legado.app.model.DebugLog - Connection: Keep-Alive
21:12:14.814 [OkHttp http://api.lemiyigou.com/...] DEBUG io.legado.app.model.DebugLog - Cache-Control: no-cache
21:12:14.814 [OkHttp http://api.lemiyigou.com/...] DEBUG io.legado.app.model.DebugLog - Host: api.lemiyigou.com
21:12:14.814 [OkHttp http://api.lemiyigou.com/...] DEBUG io.legado.app.model.DebugLog - Accept-Encoding: gzip
21:12:14.814 [OkHttp http://api.lemiyigou.com/...] DEBUG io.legado.app.model.DebugLog - --> END GET
21:12:15.001 [OkHttp http://api.lemiyigou.com/...] DEBUG io.legado.app.model.DebugLog - <-- 200 OK http://api.lemiyigou.com/novel/zbqYrb?isSearch=1 (185ms)
21:12:15.001 [OkHttp http://api.lemiyigou.com/...] DEBUG io.legado.app.model.DebugLog - Server: nginx
21:12:15.001 [OkHttp http://api.lemiyigou.com/...] DEBUG io.legado.app.model.DebugLog - Date: Fri, 14 Aug 2026 12:29:42 GMT
21:12:15.001 [OkHttp http://api.lemiyigou.com/...] DEBUG io.legado.app.model.DebugLog - Content-Type: application/json
21:12:15.001 [OkHttp http://api.lemiyigou.com/...] DEBUG io.legado.app.model.DebugLog - Transfer-Encoding: chunked
21:12:15.001 [OkHttp http://api.lemiyigou.com/...] DEBUG io.legado.app.model.DebugLog - Connection: keep-alive
21:12:15.001 [OkHttp http://api.lemiyigou.com/...] DEBUG io.legado.app.model.DebugLog - Access-Control-Allow-Origin: *
21:12:15.001 [OkHttp http://api.lemiyigou.com/...] DEBUG io.legado.app.model.DebugLog - Access-Control-Allow-Methods: GET, POST, PUT, DELETE, OPTIONS, PATCH
21:12:15.001 [OkHttp http://api.lemiyigou.com/...] DEBUG io.legado.app.model.DebugLog - Access-Control-Allow-Headers: Authorization, Content-Type, Origin, Type, client-brand, client-device, client-version, client-source, client-name, alias-name
21:12:15.001 [OkHttp http://api.lemiyigou.com/...] DEBUG io.legado.app.model.DebugLog - Cache-Control: private, must-revalidate
21:12:15.001 [OkHttp http://api.lemiyigou.com/...] DEBUG io.legado.app.model.DebugLog - X-RateLimit-Limit: 120
21:12:15.001 [OkHttp http://api.lemiyigou.com/...] DEBUG io.legado.app.model.DebugLog - X-RateLimit-Remaining: 119
21:12:15.001 [OkHttp http://api.lemiyigou.com/...] DEBUG io.legado.app.model.DebugLog - pragma: no-cache
21:12:15.001 [OkHttp http://api.lemiyigou.com/...] DEBUG io.legado.app.model.DebugLog - expires: -1
21:12:15.001 [OkHttp http://api.lemiyigou.com/...] DEBUG io.legado.app.model.DebugLog - Content-Encoding: gzip
21:12:15.001 [OkHttp http://api.lemiyigou.com/...] DEBUG io.legado.app.model.DebugLog - X-Cache-Status: MISS
21:12:15.001 [OkHttp http://api.lemiyigou.com/...] DEBUG io.legado.app.model.DebugLog - 
21:12:15.001 [OkHttp http://api.lemiyigou.com/...] DEBUG io.legado.app.model.DebugLog - {"request_id":"e47ee42c-2496-4762-b388-2e3770a9c13f","msg":"��֤ʧ��","code":4005,"data":[]}
21:12:15.001 [OkHttp http://api.lemiyigou.com/...] DEBUG io.legado.app.model.DebugLog - <-- END HTTP (96-byte, 115-gzipped-byte body)
21:12:15.001 [main @coroutine#34] INFO io.legado.app.model.DebugLog - sourceUrl: http://api.lemiyigou.com, msg: �Ի�ȡ�ɹ�:http://api.lemiyigou.com/novel/zbqYrb?isSearch=1
21:12:15.001 [main @coroutine#34] INFO io.legado.app.model.DebugLog - sourceUrl: http://api.lemiyigou.com, msg: ��ִ������ҳ��ʼ������
21:12:15.001 [main @coroutine#34] DEBUG com.jayway.jsonpath.internal.path.CompiledPath - Evaluating path: $['data']
21:12:15.001 [main @coroutine#34] INFO io.legado.app.model.DebugLog - sourceUrl: http://api.lemiyigou.com, msg: ����ȡ����
21:12:15.001 [main @coroutine#34] DEBUG com.jayway.jsonpath.internal.path.CompiledPath - Evaluating path: $['novelName']
21:12:15.002 [main @coroutine#34] INFO io.legado.app.model.DebugLog - sourceUrl: http://api.lemiyigou.com, msg: ��
21:12:15.002 [main @coroutine#34] INFO io.legado.app.model.DebugLog - sourceUrl: http://api.lemiyigou.com, msg: ����ȡ����
21:12:15.002 [main @coroutine#34] DEBUG com.jayway.jsonpath.internal.path.CompiledPath - Evaluating path: $['authorName']
mvn : com.jayway.jsonpath.PathNotFoundException: Expected to find an object with property ['novelName'] in path $ but f
ound 'net.minidev.json.JSONArray'. This is not a json object according to the JsonProvider: 'com.jayway.jsonpath.spi.js
on.JsonSmartJsonProvider'.
所在位置 行:1 字符: 188
+ ... ing=UTF-8"; mvn test -pl . -Dtest="cn.kong.app.model.NovelSourceTest# ...
+                 ~~~~~~~~~~~~~~~~~~~~~~~~~~~~~~~~~~~~~~~~~~~~~~~~~~~~~~~~~
    + CategoryInfo          : NotSpecified: (com.jayway.json...tJsonProvider'.:String) [], RemoteException
    + FullyQualifiedErrorId : NativeCommandError
 
com.jayway.jsonpath.PathNotFoundException: Expected to find an object with property ['authorName'] in path $ but found 
'net.minidev.json.JSONArray'. This is not a json object according to the JsonProvider: 'com.jayway.jsonpath.spi.json.Js
onSmartJsonProvider'.
21:12:15.002 [main @coroutine#34] INFO io.legado.app.model.DebugLog - sourceUrl: http://api.lemiyigou.com, msg: ��
21:12:15.002 [main @coroutine#34] INFO io.legado.app.model.DebugLog - sourceUrl: http://api.lemiyigou.com, msg: ����ȡ����
com.jayway.jsonpath.PathNotFoundException: Expected to find an object with property ['className'] in path $ but found '
net.minidev.json.JSONArray'. This is not a json object according to the JsonProvider: 'com.jayway.jsonpath.spi.json.Jso
nSmartJsonProvider'.
21:12:15.002 [main @coroutine#34] DEBUG com.jayway.jsonpath.internal.path.CompiledPath - Evaluating path: $..['tagName']
21:12:15.002 [main @coroutine#34] DEBUG com.jayway.jsonpath.internal.path.CompiledPath - Evaluating path: $['className']
21:12:15.002 [main @coroutine#34] DEBUG com.jayway.jsonpath.internal.path.CompiledPath - Evaluating path: $['averageScore']
21:12:15.002 [main @coroutine#34] DEBUG com.jayway.jsonpath.internal.path.CompiledPath - Evaluating path: $['lastChapter']['decTime']
com.jayway.jsonpath.PathNotFoundException: Expected to find an object with property ['averageScore'] in path $ but foun
d 'net.minidev.json.JSONArray'. This is not a json object according to the JsonProvider: 'com.jayway.jsonpath.spi.json.
JsonSmartJsonProvider'.
com.jayway.jsonpath.PathNotFoundException: Expected to find an object with property ['lastChapter'] in path $ but found
 'net.minidev.json.JSONArray'. This is not a json object according to the JsonProvider: 'com.jayway.jsonpath.spi.json.J
sonSmartJsonProvider'.
com.jayway.jsonpath.PathNotFoundException: Expected to find an object with property ['wordNum'] in path $ but found 'ne
t.minidev.json.JSONArray'. This is not a json object according to the JsonProvider: 'com.jayway.jsonpath.spi.json.JsonS
martJsonProvider'.
21:12:15.002 [main @coroutine#34] INFO io.legado.app.model.DebugLog - sourceUrl: http://api.lemiyigou.com, msg: ��,��,,
21:12:15.002 [main @coroutine#34] INFO io.legado.app.model.DebugLog - sourceUrl: http://api.lemiyigou.com, msg: ����ȡ����
21:12:15.002 [main @coroutine#34] DEBUG com.jayway.jsonpath.internal.path.CompiledPath - Evaluating path: $['wordNum']
21:12:15.002 [main @coroutine#34] INFO io.legado.app.model.DebugLog - sourceUrl: http://api.lemiyigou.com, msg: ��null
21:12:15.002 [main @coroutine#34] INFO io.legado.app.model.DebugLog - sourceUrl: http://api.lemiyigou.com, msg: ����ȡ�����½�
21:12:15.002 [main @coroutine#34] DEBUG com.jayway.jsonpath.internal.path.CompiledPath - Evaluating path: $['lastChapter']['chapterName']
com.jayway.jsonpath.PathNotFoundException: Expected to find an object with property ['lastChapter'] in path $ but found
 'net.minidev.json.JSONArray'. This is not a json object according to the JsonProvider: 'com.jayway.jsonpath.spi.json.J
sonSmartJsonProvider'.
21:12:15.003 [main @coroutine#34] INFO io.legado.app.model.DebugLog - sourceUrl: http://api.lemiyigou.com, msg: ��null
21:12:15.003 [main @coroutine#34] INFO io.legado.app.model.DebugLog - sourceUrl: http://api.lemiyigou.com, msg: ����ȡ���
21:12:15.003 [main @coroutine#34] DEBUG com.jayway.jsonpath.internal.path.CompiledPath - Evaluating path: $..['summary']
21:12:15.003 [main @coroutine#34] INFO io.legado.app.model.DebugLog - sourceUrl: http://api.lemiyigou.com, msg: ����������
21:12:15.003 [main @coroutine#34] INFO io.legado.app.model.DebugLog - sourceUrl: http://api.lemiyigou.com, msg: ����ȡ��������
21:12:15.003 [main @coroutine#34] DEBUG com.jayway.jsonpath.internal.path.CompiledPath - Evaluating path: $..['cover']
21:12:15.003 [main @coroutine#34] INFO io.legado.app.model.DebugLog - sourceUrl: http://api.lemiyigou.com, msg: ��null
21:12:15.003 [main @coroutine#34] INFO io.legado.app.model.DebugLog - sourceUrl: http://api.lemiyigou.com, msg: ����ȡĿ¼����
21:12:15.003 [main @coroutine#34] DEBUG com.jayway.jsonpath.internal.path.CompiledPath - Evaluating path: $['novelId']
com.jayway.jsonpath.PathNotFoundException: Expected to find an object with property ['novelId'] in path $ but found 'ne
t.minidev.json.JSONArray'. This is not a json object according to the JsonProvider: 'com.jayway.jsonpath.spi.json.JsonS
martJsonProvider'.
21:12:15.003 [main @coroutine#34] INFO io.legado.app.model.DebugLog - sourceUrl: http://api.lemiyigou.com, msg: ��http://api.lemiyigou.com/novel//chapters?readNum=1
21:12:15.003 [main] INFO cn.kong.app.model.NovelSourceTest -   ����:  | ����: 
21:12:15.003 [main] INFO cn.kong.app.model.NovelSourceTest -   ���: ��������
21:12:15.003 [main] INFO cn.kong.app.model.NovelSourceTest -   --- Step 3: ��ȡĿ¼ ---
21:12:15.004 [OkHttp http://api.lemiyigou.com/...] DEBUG io.legado.app.model.DebugLog - --> GET http://api.lemiyigou.com/novel//chapters?readNum=1 http/1.1
21:12:15.004 [OkHttp http://api.lemiyigou.com/...] DEBUG io.legado.app.model.DebugLog - client-source: android
21:12:15.004 [OkHttp http://api.lemiyigou.com/...] DEBUG io.legado.app.model.DebugLog - Authorization: bearereyJ0eXAiOiJKV1QiLCJhbGciOiJIUzI1NiJ9.eyJpc3MiOiJodHRwOlwvXC9hcGkuanhndHp4Yy5jb21cL2F1dGhcL3RoaXJkIiwiaWF0IjoxNjgzODkxNjUyLCJleHAiOjE3NzcyMDM2NTIsIm5iZiI6MTY4Mzg5MTY1MiwianRpIjoiR2JxWmI4bGZkbTVLYzBIViIsInN1YiI6Njg3ODYyLCJwcnYiOiJhMWNiMDM3MTgwMjk2YzZhMTkzOGVmMzBiNDM3OTQ2NzJkZDAxNmM1In0.mMxaC2SVyZKyjC6rdUqFVv5d9w_X36o0AdKD7szvE_Q
21:12:15.004 [OkHttp http://api.lemiyigou.com/...] DEBUG io.legado.app.model.DebugLog - client-brand: Redmi
21:12:15.004 [OkHttp http://api.lemiyigou.com/...] DEBUG io.legado.app.model.DebugLog - User-Agent: okhttp/4.9.2
21:12:15.004 [OkHttp http://api.lemiyigou.com/...] DEBUG io.legado.app.model.DebugLog - client-version: 2.3.0
21:12:15.004 [OkHttp http://api.lemiyigou.com/...] DEBUG io.legado.app.model.DebugLog - client-device: 2d37f6b5b6b2605373092c3dc65a3b39
21:12:15.004 [OkHttp http://api.lemiyigou.com/...] DEBUG io.legado.app.model.DebugLog - client-name: app.maoyankanshu.novel
21:12:15.004 [OkHttp http://api.lemiyigou.com/...] DEBUG io.legado.app.model.DebugLog - Keep-Alive: 300
21:12:15.004 [OkHttp http://api.lemiyigou.com/...] DEBUG io.legado.app.model.DebugLog - Connection: Keep-Alive
21:12:15.004 [OkHttp http://api.lemiyigou.com/...] DEBUG io.legado.app.model.DebugLog - Cache-Control: no-cache
21:12:15.004 [OkHttp http://api.lemiyigou.com/...] DEBUG io.legado.app.model.DebugLog - Host: api.lemiyigou.com
21:12:15.004 [OkHttp http://api.lemiyigou.com/...] DEBUG io.legado.app.model.DebugLog - Accept-Encoding: gzip
21:12:15.004 [OkHttp http://api.lemiyigou.com/...] DEBUG io.legado.app.model.DebugLog - --> END GET
21:12:15.166 [OkHttp http://api.lemiyigou.com/...] DEBUG io.legado.app.model.DebugLog - <-- 301 Moved Permanently http://api.lemiyigou.com/novel//chapters?readNum=1 (162ms)
21:12:15.166 [OkHttp http://api.lemiyigou.com/...] DEBUG io.legado.app.model.DebugLog - Server: nginx
21:12:15.166 [OkHttp http://api.lemiyigou.com/...] DEBUG io.legado.app.model.DebugLog - Date: Fri, 14 Aug 2026 12:29:42 GMT
21:12:15.166 [OkHttp http://api.lemiyigou.com/...] DEBUG io.legado.app.model.DebugLog - Content-Type: text/html
21:12:15.166 [OkHttp http://api.lemiyigou.com/...] DEBUG io.legado.app.model.DebugLog - Content-Length: 162
21:12:15.166 [OkHttp http://api.lemiyigou.com/...] DEBUG io.legado.app.model.DebugLog - Connection: keep-alive
21:12:15.166 [OkHttp http://api.lemiyigou.com/...] DEBUG io.legado.app.model.DebugLog - Location: http://api.lemiyigou.com/novel/chapters/?readNum=1
21:12:15.166 [OkHttp http://api.lemiyigou.com/...] DEBUG io.legado.app.model.DebugLog - X-Cache-Status: MISS
21:12:15.166 [OkHttp http://api.lemiyigou.com/...] DEBUG io.legado.app.model.DebugLog - 
21:12:15.166 [OkHttp http://api.lemiyigou.com/...] DEBUG io.legado.app.model.DebugLog - <html>
<head><title>301 Moved Permanently</title></head>
<body>
<center><h1>301 Moved Permanently</h1></center>
<hr><center>nginx</center>
</body>
</html>

21:12:15.166 [OkHttp http://api.lemiyigou.com/...] DEBUG io.legado.app.model.DebugLog - <-- END HTTP (162-byte body)
21:12:15.166 [OkHttp http://api.lemiyigou.com/...] DEBUG io.legado.app.model.DebugLog - --> GET http://api.lemiyigou.com/novel/chapters/?readNum=1 http/1.1
21:12:15.166 [OkHttp http://api.lemiyigou.com/...] DEBUG io.legado.app.model.DebugLog - client-source: android
21:12:15.166 [OkHttp http://api.lemiyigou.com/...] DEBUG io.legado.app.model.DebugLog - Authorization: bearereyJ0eXAiOiJKV1QiLCJhbGciOiJIUzI1NiJ9.eyJpc3MiOiJodHRwOlwvXC9hcGkuanhndHp4Yy5jb21cL2F1dGhcL3RoaXJkIiwiaWF0IjoxNjgzODkxNjUyLCJleHAiOjE3NzcyMDM2NTIsIm5iZiI6MTY4Mzg5MTY1MiwianRpIjoiR2JxWmI4bGZkbTVLYzBIViIsInN1YiI6Njg3ODYyLCJwcnYiOiJhMWNiMDM3MTgwMjk2YzZhMTkzOGVmMzBiNDM3OTQ2NzJkZDAxNmM1In0.mMxaC2SVyZKyjC6rdUqFVv5d9w_X36o0AdKD7szvE_Q
21:12:15.166 [OkHttp http://api.lemiyigou.com/...] DEBUG io.legado.app.model.DebugLog - client-brand: Redmi
21:12:15.166 [OkHttp http://api.lemiyigou.com/...] DEBUG io.legado.app.model.DebugLog - User-Agent: okhttp/4.9.2
21:12:15.166 [OkHttp http://api.lemiyigou.com/...] DEBUG io.legado.app.model.DebugLog - client-version: 2.3.0
21:12:15.166 [OkHttp http://api.lemiyigou.com/...] DEBUG io.legado.app.model.DebugLog - client-device: 2d37f6b5b6b2605373092c3dc65a3b39
21:12:15.166 [OkHttp http://api.lemiyigou.com/...] DEBUG io.legado.app.model.DebugLog - client-name: app.maoyankanshu.novel
21:12:15.166 [OkHttp http://api.lemiyigou.com/...] DEBUG io.legado.app.model.DebugLog - Keep-Alive: 300
21:12:15.166 [OkHttp http://api.lemiyigou.com/...] DEBUG io.legado.app.model.DebugLog - Connection: Keep-Alive
21:12:15.166 [OkHttp http://api.lemiyigou.com/...] DEBUG io.legado.app.model.DebugLog - Cache-Control: no-cache
21:12:15.166 [OkHttp http://api.lemiyigou.com/...] DEBUG io.legado.app.model.DebugLog - Host: api.lemiyigou.com
21:12:15.166 [OkHttp http://api.lemiyigou.com/...] DEBUG io.legado.app.model.DebugLog - Accept-Encoding: gzip
21:12:15.166 [OkHttp http://api.lemiyigou.com/...] DEBUG io.legado.app.model.DebugLog - --> END GET
21:12:15.327 [OkHttp http://api.lemiyigou.com/...] DEBUG io.legado.app.model.DebugLog - <-- 403 Forbidden http://api.lemiyigou.com/novel/chapters/?readNum=1 (160ms)
21:12:15.327 [OkHttp http://api.lemiyigou.com/...] DEBUG io.legado.app.model.DebugLog - Server: nginx
21:12:15.327 [OkHttp http://api.lemiyigou.com/...] DEBUG io.legado.app.model.DebugLog - Date: Fri, 14 Aug 2026 12:29:42 GMT
21:12:15.327 [OkHttp http://api.lemiyigou.com/...] DEBUG io.legado.app.model.DebugLog - Content-Type: text/html
21:12:15.327 [OkHttp http://api.lemiyigou.com/...] DEBUG io.legado.app.model.DebugLog - Content-Length: 146
21:12:15.327 [OkHttp http://api.lemiyigou.com/...] DEBUG io.legado.app.model.DebugLog - Connection: keep-alive
21:12:15.327 [OkHttp http://api.lemiyigou.com/...] DEBUG io.legado.app.model.DebugLog - 
21:12:15.327 [OkHttp http://api.lemiyigou.com/...] DEBUG io.legado.app.model.DebugLog - <html>
<head><title>403 Forbidden</title></head>
<body>
<center><h1>403 Forbidden</h1></center>
<hr><center>nginx</center>
</body>
</html>

21:12:15.327 [OkHttp http://api.lemiyigou.com/...] DEBUG io.legado.app.model.DebugLog - <-- END HTTP (146-byte body)
21:12:15.327 [main @coroutine#35] INFO io.legado.app.model.DebugLog - sourceUrl: http://api.lemiyigou.com, msg: �Ի�ȡ�ɹ�:http://api.lemiyigou.com/novel//chapters?readNum=1
21:12:15.327 [main @coroutine#35] INFO io.legado.app.model.DebugLog - sourceUrl: http://api.lemiyigou.com, msg: ����ȡĿ¼�б�
21:12:15.327 [main @coroutine#35] DEBUG com.jayway.jsonpath.internal.path.CompiledPath - Evaluating path: $['data']['list'][*]
com.jayway.jsonpath.PathNotFoundException: Expected to find an object with property ['data'] in path $ but found 'java.
lang.String'. This is not a json object according to the JsonProvider: 'com.jayway.jsonpath.spi.json.JsonSmartJsonProvi
der'.
21:12:15.328 [main @coroutine#35] INFO io.legado.app.model.DebugLog - sourceUrl: http://api.lemiyigou.com, msg: ���б��С:0
21:12:15.328 [main] ERROR cn.kong.app.model.NovelSourceTest -   �ؼ��� [���Ʋ��] ���������쳣: Ŀ¼Ϊ��
io.legado.app.exception.TocEmptyException: Ŀ¼Ϊ��
21:12:15.328 [main] INFO cn.kong.app.model.NovelSourceTest - 
  -------- �ؼ��� [��ͨ��] --------
21:12:15.328 [main] INFO cn.kong.app.model.NovelSourceTest -   --- Step 1: ���� [��ͨ��] ---
21:12:15.330 [OkHttp http://api.lemiyigou.com/...] DEBUG io.legado.app.model.DebugLog - --> GET http://api.lemiyigou.com/search?page=1&keyword=%E7%A5%9E%E9%80%9A%E8%80%85 http/1.1
21:12:15.330 [OkHttp http://api.lemiyigou.com/...] DEBUG io.legado.app.model.DebugLog - client-source: android
21:12:15.330 [OkHttp http://api.lemiyigou.com/...] DEBUG io.legado.app.model.DebugLog - Authorization: bearereyJ0eXAiOiJKV1QiLCJhbGciOiJIUzI1NiJ9.eyJpc3MiOiJodHRwOlwvXC9hcGkuanhndHp4Yy5jb21cL2F1dGhcL3RoaXJkIiwiaWF0IjoxNjgzODkxNjUyLCJleHAiOjE3NzcyMDM2NTIsIm5iZiI6MTY4Mzg5MTY1MiwianRpIjoiR2JxWmI4bGZkbTVLYzBIViIsInN1YiI6Njg3ODYyLCJwcnYiOiJhMWNiMDM3MTgwMjk2YzZhMTkzOGVmMzBiNDM3OTQ2NzJkZDAxNmM1In0.mMxaC2SVyZKyjC6rdUqFVv5d9w_X36o0AdKD7szvE_Q
21:12:15.330 [OkHttp http://api.lemiyigou.com/...] DEBUG io.legado.app.model.DebugLog - client-brand: Redmi
21:12:15.330 [OkHttp http://api.lemiyigou.com/...] DEBUG io.legado.app.model.DebugLog - User-Agent: okhttp/4.9.2
21:12:15.330 [OkHttp http://api.lemiyigou.com/...] DEBUG io.legado.app.model.DebugLog - client-version: 2.3.0
21:12:15.330 [OkHttp http://api.lemiyigou.com/...] DEBUG io.legado.app.model.DebugLog - client-device: 2d37f6b5b6b2605373092c3dc65a3b39
21:12:15.330 [OkHttp http://api.lemiyigou.com/...] DEBUG io.legado.app.model.DebugLog - client-name: app.maoyankanshu.novel
21:12:15.330 [OkHttp http://api.lemiyigou.com/...] DEBUG io.legado.app.model.DebugLog - Keep-Alive: 300
21:12:15.330 [OkHttp http://api.lemiyigou.com/...] DEBUG io.legado.app.model.DebugLog - Connection: Keep-Alive
21:12:15.330 [OkHttp http://api.lemiyigou.com/...] DEBUG io.legado.app.model.DebugLog - Cache-Control: no-cache
21:12:15.330 [OkHttp http://api.lemiyigou.com/...] DEBUG io.legado.app.model.DebugLog - Host: api.lemiyigou.com
21:12:15.330 [OkHttp http://api.lemiyigou.com/...] DEBUG io.legado.app.model.DebugLog - Accept-Encoding: gzip
21:12:15.330 [OkHttp http://api.lemiyigou.com/...] DEBUG io.legado.app.model.DebugLog - --> END GET
21:12:15.492 [OkHttp http://api.lemiyigou.com/...] DEBUG io.legado.app.model.DebugLog - <-- 200 OK http://api.lemiyigou.com/search?page=1&keyword=%E7%A5%9E%E9%80%9A%E8%80%85 (161ms)
21:12:15.492 [OkHttp http://api.lemiyigou.com/...] DEBUG io.legado.app.model.DebugLog - Server: nginx
21:12:15.492 [OkHttp http://api.lemiyigou.com/...] DEBUG io.legado.app.model.DebugLog - Date: Fri, 14 Aug 2026 12:29:42 GMT
21:12:15.492 [OkHttp http://api.lemiyigou.com/...] DEBUG io.legado.app.model.DebugLog - Content-Type: application/json
21:12:15.492 [OkHttp http://api.lemiyigou.com/...] DEBUG io.legado.app.model.DebugLog - Transfer-Encoding: chunked
21:12:15.492 [OkHttp http://api.lemiyigou.com/...] DEBUG io.legado.app.model.DebugLog - Connection: keep-alive
21:12:15.492 [OkHttp http://api.lemiyigou.com/...] DEBUG io.legado.app.model.DebugLog - Access-Control-Allow-Origin: *
21:12:15.492 [OkHttp http://api.lemiyigou.com/...] DEBUG io.legado.app.model.DebugLog - Access-Control-Allow-Methods: GET, POST, PUT, DELETE, OPTIONS, PATCH
21:12:15.492 [OkHttp http://api.lemiyigou.com/...] DEBUG io.legado.app.model.DebugLog - Access-Control-Allow-Headers: Authorization, Content-Type, Origin, Type, client-brand, client-device, client-version, client-source, client-name, alias-name
21:12:15.492 [OkHttp http://api.lemiyigou.com/...] DEBUG io.legado.app.model.DebugLog - X-RateLimit-Limit: 120
21:12:15.492 [OkHttp http://api.lemiyigou.com/...] DEBUG io.legado.app.model.DebugLog - X-RateLimit-Remaining: 119
21:12:15.492 [OkHttp http://api.lemiyigou.com/...] DEBUG io.legado.app.model.DebugLog - Content-Encoding: gzip
21:12:15.492 [OkHttp http://api.lemiyigou.com/...] DEBUG io.legado.app.model.DebugLog - Cache-Control: max-age=86400
21:12:15.492 [OkHttp http://api.lemiyigou.com/...] DEBUG io.legado.app.model.DebugLog - X-Cache-Status: HIT
21:12:15.493 [OkHttp http://api.lemiyigou.com/...] DEBUG io.legado.app.model.DebugLog - 
21:12:15.493 [OkHttp http://api.lemiyigou.com/...] DEBUG io.legado.app.model.DebugLog - {"request_id":"c9cef685-6187-4e64-bc6a-581c8865e6ac","msg":"success","code":200,"data":[{"id":750616,"cover":"http:\/\/api.lemiyigou.com\/750\/750616.jpg","summary":"�������飬������ǣ������̳����������֮����ִ��ΰ�����������磬߳��߸�磬����ժ�ǣ���ħ����\\n��Ϊ����ͨ�ǡ�\\n��߹��ߣ�ν֮...��ͨ�ߡ�","status":1,"novelName":"��ͨ��","authorId":"b68Xle","authorName":"�������","wordNum":"13����","isComplete":0,"isFree":1,"promotionType":2,"createdAt":"2026-08-02 20:54","novelId":"dBn3q2","averageScore":"0.0","scoreNum":0,"commentNum":0,"starNum":0,"categoryNames":[{"classId":"lejRej","className":"����"}],"tagNames":[],"hotInfo":2356,"readInfo":0,"collectInfo":0},{"id":66733,"cover":"http:\/\/api.lemiyigou.com\/66\/66733.jpg","summary":"�������µ������߽�����������ͨ����\b��ͨ��������ͨ�����ͨ������ͨ������ͨ��©��ͨ\t��һ���ƺӰ�������С��\f���Ҽ�������һ���С���û���κ�ʵ��������ȴ���ò�Ϊ�ӱܱ���Զ�����磬������һȥ�����������������Ŀ�ʼ��������ͨ����ƾ�ڷ�,�������ÿ��Կ�Ŭ�����Ƿ����������İ���ע������������ƽӹ��Ȼ����������ķ�������ĥƽ�˵���ǣ����ĵ��ն������״ݻ��˵Ľ�����������͵����������ĵ׵��Ƿݴ������֮�����𣿲�һ��������,����һ�ξ��ʵĴ������.�����ϴ��ˣ����ɣ���ţ�1597777����������ղ�֧�֡�������ֱͨ����ֱ�ӿɵ���","status":1,"novelName":"�����˼����ͨ��","authorId":"bDyMyd","authorName":"�����ںڰ�","wordNum":"111����","isComplete":1,"isFree":1,"promotionType":2,"createdAt":"2020-06-16 01:46","novelId":"eZjoQe","averageScore":"0.0","scoreNum":0,"commentNum":0,"starNum":0,"categoryNames":[{"classId":"vbmOeY","className":"����"}],"tagNames":[],"hotInfo":151,"readInfo":0,"collectInfo":0},{"id":7178,"cover":"http:\/\/api.lemiyigou.com\/7\/7178.jpg","summary":"�Դ���ͨ�������£����׽١������칬��������磬����Ⱥ�ɡ�������ֻΪ���²�������","status":1,"novelName":"��ͨ","authorId":"eE9BJY","authorName":"�ʼ�����","wordNum":"30����","isComplete":0,"isFree":1,"promotionType":2,"createdAt":"2020-06-14 06:00","novelId":"e1rLGa","averageScore":"0.0","scoreNum":0,"commentNum":0,"starNum":0,"categoryNames":[{"classId":"vbmOeY","className":"����"}],"tagNames":[],"hotInfo":634,"readInfo":0,"collectInfo":0},{"id":122080,"cover":"http:\/\/api.lemiyigou.com\/122\/122080.jpg","summary":"�����߲�֪�������Գ����󣬱�ããȻ׷Ѱ���µ�����������������Ϊ�٣�������Ϊ��ǿ���������֣������Գ����磬����Ϊ��ͥ�����������ĩ��!�������죬������˵���������ƴ�֣�ֱ�������ɴ�����������顶�����ѷ���������������֧�֣���o(��_��)o����","status":1,"novelName":"����ͨ","authorId":"e59zEZ","authorName":"���³���","wordNum":"436����","isComplete":1,"isFree":1,"promotionType":2,"createdAt":"2020-06-14 21:52","novelId":"e310lx","averageScore":"0.0","scoreNum":0,"commentNum":0,"starNum":0,"categoryNames":[{"classId":"mbk5ez","className":"����"}],"tagNames":[],"hotInfo":629,"readInfo":0,"collectInfo":0},{"id":208864,"cover":"http:\/\/api.lemiyigou.com\/208\/208864.jpg","summary":"����Ȼ���Ժ�Թ��ڼҴ��ţ���Ҫ��ȥ��Ů���ˣ���Ӧ�ð�Ů��������Ƕ��ӲŶԡ����������Ů�ˣ�һ�����������࣬ѵ���ŷ�Ȼ�����ݷ��������ҡ����һ�Ҫ��ȥ�ٴ��Ի��أ�����Ȼ��ֱ��׳�������ߣ���Ҫ���κεĽ�ڣ����Ƕ������ˣ��ؼҸ�����ϴ��ȥ��������һȺŮ�ˣ��Ҹ������ŷ�Ȼ����������ȥ��������磬�����������ģ��̹š�Ů洡����ɣ����ǵ��ţ���һ�������������һ���ٴ��Ի͵ġ���������Ȼ�����Ľк��ţ����ǳ������Ҹ��ı��ϻ���������һ��������������������˻�����У�����������������ҫ����һ�������񹬰㣬�����������ӳ羴��Ĥ�ݲ�ͣ��","status":1,"novelName":"������ͨ","authorId":"e7LZoQ","authorName":"����","wordNum":"32����","isComplete":0,"isFree":1,"promotionType":2,"createdAt":"2020-06-14 23:07","novelId":"dJZj4J","averageScore":"0.0","scoreNum":0,"commentNum":0,"starNum":0,"categoryNames":[{"classId":"lejRej","className":"����"}],"tagNames":[],"hotInfo":570,"readInfo":0,"collectInfo":0},{"id":308477,"cover":"http:\/\/api.lemiyigou.com\/308\/308477.jpg","summary":"����û�ж�������û��ħ����������������ͨ�����磬ֻ�з��ܵ����µ�������ͨ�������ȼ��������쾳�������񾳡������ɾ��������񾳡����׽پ��������񾳡������񾳡�","status":1,"novelName":"������ͨ","authorId":"axGJDP","authorName":"�����°���","wordNum":"13����","isComplete":0,"isFree":1,"promotionType":2,"createdAt":"2020-07-03 08:16","novelId":"eZVxr2","averageScore":"0.0","scoreNum":0,"commentNum":0,"starNum":0,"categoryNames":[{"classId":"lejRej","className":"����"}],"tagNames":[],"hotInfo":555,"readInfo":0,"collectInfo":0},{"id":39069,"cover":"http:\/\/api.lemiyigou.com\/39\/39069.jpg","summary":"����Ŷ����£��������ں�����Ŀ�⡣ʮ�����磬��֮����ܿܿ����������֮�ţ�������磬��֮ͨ���������磬����أ������棬��ʱ�գ��ս���Ϊ��Ŷ��������ʡ�����������֮ͨ������Ⱥ��292713051����ӭ��Ҽ���һ��̽�־��飩�����Զ����ǩ:��ҩ����������","status":1,"novelName":"��֮ͨ��","authorId":"avzYna","authorName":"��������","wordNum":"8����","isComplete":0,"isFree":1,"promotionType":2,"createdAt":"2020-06-15 06:38","novelId":"aO28Qe","averageScore":"0.0","scoreNum":0,"commentNum":0,"starNum":0,"categoryNames":[{"classId":"vbmOeY","className":"����"}],"tagNames":[],"hotInfo":395,"readInfo":0,"collectInfo":0},{"id":85436,"cover":"http:\/\/api.lemiyigou.com\/85\/85436.jpg","summary":"�����֢�Ĺ������Ҷ������������½�����һ����ܶ����������ȭͷ˵�������������ˣ��̳�������ˣ�","status":1,"novelName":"��ͨ�޼�","authorId":"dJVrJd","authorName":"�糤ҹ��","wordNum":"37����","isComplete":0,"isFree":1,"promotionType":2,"createdAt":"2020-06-16 17:00","novelId":"e31R6A","averageScore":"0.0","scoreNum":0,"commentNum":0,"starNum":0,"categoryNames":[{"classId":"lejRej","className":"����"}],"tagNames":[],"hotInfo":342,"readInfo":0,"collectInfo":0},{"id":50620,"cover":"http:\/\/api.lemiyigou.com\/50\/50620.jpg","summary":"���ζ���ĺ��ɽ������΢ĩ��ͨ��Ю̩ɽ�Գ�������Ҳ������ͨС�ɡ����������д���ժ��׽�£��Ǻ����ڡ����ɼ����Ǵ���ͨ�ߴ�����ţ�һ��һ�ѣ��������㡣����һ����ͨ�����硣��������������ͨ�����硣Ψһ��磬��ٲ��ࣻǧ����磬�����̾ᡣ���������ν磬���������������һ�Ρ��������ձ��������˵��ξ������������������ν磬Ҫ�ɾ����ޱ����溣����һ����ͨ����2016���þ�Ʒ���������Ʒ��������Ⱥ��210221455�������Զ����ǩ:����λ��������լ��","status":1,"novelName":"��ͨ����","authorId":"b8VBme","authorName":"��������","wordNum":"139����","isComplete":1,"isFree":1,"promotionType":2,"createdAt":"2020-06-15 13:49","novelId":"dJnN2d","averageScore":"0.0","scoreNum":0,"commentNum":0,"starNum":0,"categoryNames":[{"classId":"lejRej","className":"����"}],"tagNames":[],"hotInfo":332,"readInfo":0,"collectInfo":0},{"id":533033,"cover":"http:\/\/api.lemiyigou.com\/533\/533033.jpg","summary":"����֮�󣬲��ܼ����ʺ硣ĥ�����أ������޵ĸ�����ͨ��&#61;&#61;&#61;���顶������ħ���Ѿ��������·��д����š�","status":1,"novelName":"��ͨ����","authorId":"qaQk7d","authorName":"����","wordNum":"239����","isComplete":1,"isFree":1,"promotionType":2,"createdAt":"2020-06-20 20:50","novelId":"eZzmrg","averageScore":"0.0","scoreNum":0,"commentNum":0,"starNum":0,"categoryNames":[{"classId":"lejRej","className":"����"}],"tagNames":[],"hotInfo":306,"readInfo":0,"collectInfo":0},{"id":186721,"cover":"http:\/\/api.lemiyigou.com\/186\/186721.jpg","summary":"һ��������񣬱�����˪���ճ��ɵ����£�ȴ��쳾δ�ˣ�Ϊ���ϴ������ֻأ��������ޣ��ҿ��������͵����ͬ����ժ�������ģ�������ζ����Լ����๫��������ת���ճ���ۣ�ȴ���ڽ����顣","status":1,"novelName":"�ž���ͨ","authorId":"enZkBE","authorName":"������","wordNum":"1����","isComplete":0,"isFree":1,"promotionType":2,"createdAt":"2020-07-02 17:10","novelId":"aKO6kx","averageScore":"0.0","scoreNum":0,"commentNum":0,"starNum":0,"categoryNames":[{"classId":"lejRej","className":"����"}],"tagNames":[],"hotInfo":258,"readInfo":0,"collectInfo":0},{"id":54704,"cover":"http:\/\/api.lemiyigou.com\/54\/54704.jpg","summary":"���ִ��������ͨ������Ƭ�����ء�����������������������Ĩȥʱ�䡣�����۳����ص�����ȴ�ǡ����������������Զ����ǩ:��ʦλ���޵������","status":1,"novelName":"��ͨ���","authorId":"en32Wa","authorName":"����̫��","wordNum":"14����","isComplete":0,"isFree":1,"promotionType":2,"createdAt":"2020-06-15 17:49","novelId":"bmpMGa","averageScore":"0.0","scoreNum":0,"commentNum":0,"starNum":0,"categoryNames":[{"classId":"lejRej","className":"����"}],"tagNames":[],"hotInfo":241,"readInfo":0,"collectInfo":0},{"id":4444,"cover":"http:\/\/api.lemiyigou.com\/4\/4444.jpg","summary":"��Ϊ���������ಡ�������ȹ��˼�Ϊ���ҵĶ�ʮ���꣬Ϊ�˱��������ܵ��̼����չ��������˽������е����ܺ����֣�Ϊ��սʤ��ħ������ҽ��ҩ֮������ѡ���������������ֶΣ�����֮ǰ�����������������Ҫ����̼������Ҫ����������飻������������֮��ϲ�ķ����Լ�ת������һ��ӵ�����������������硣��ͨ�����������������������˵����ǰ��������ĥ������緢���Լ�Ҫ��Ϊ�����������ǣ����ҿ���һ��ȫ�µ�ʱ������Ҫ���Լ��ĸ�������ȼ���ʱ����","status":1,"novelName":"��ͨʱ��","authorId":"b4xl0b","authorName":"�����","wordNum":"79����","isComplete":0,"isFree":1,"promotionType":2,"createdAt":"2020-06-14 02:12","novelId":"eg58Yb","averageScore":"0.0","scoreNum":0,"commentNum":0,"starNum":0,"categoryNames":[{"classId":"lejRej","className":"����"}],"tagNames":[],"hotInfo":240,"readInfo":0,"collectInfo":0},{"id":303697,"cover":"http:\/\/api.lemiyigou.com\/303\/303697.jpg","summary":"��Ļ����Ϭ��һ�������ż�����ѹ�����ŵ��ӣ���Ϊ��ף�������ͨ������ѧһ����ǰ;��ã�����Լ������û��جج��Ȼ��һҹ֮�䣬ȴ��Ȼ���ٳ���ǰ��δ�е�˫ʶ�����������Դ�����������������˫����Ķ��ã�ͬʱ��������似������Ż���Ϊ�������ڣ���һ����Ʒ�����似���򵽴�Բ������մմ��ϲ��ʱ�򡣳�Ļȴֻ���˰��겻����ʱ�䣬��ͬʱ����������Ʒ�����似�����򵽵Ƿ��켫�ĵز������������ڻ��ͨ�����������������似�������ͨ��Բ��֮������Ȼ�����ǳ�Ļ���յ�׷�󣬴��Ƽ��ޣ�ͨ�쳹�أ����������ļ��£�","status":1,"novelName":"�����ͨ","authorId":"bmZPG9","authorName":"Ψ����˼","wordNum":"16����","isComplete":0,"isFree":1,"promotionType":2,"createdAt":"2020-06-17 23:21","novelId":"erRljE","averageScore":"0.0","scoreNum":0,"commentNum":0,"starNum":0,"categoryNames":[{"classId":"lejRej","className":"����"}],"tagNames":[],"hotInfo":201,"readInfo":0,"collectInfo":0},{"id":314443,"cover":"http:\/\/api.lemiyigou.com\/314\/314443.jpg","summary":"С����ǧ����ħ���У�����������������ţ�����Ī���ƣ�����ǿ���壬������ǿ���壡��ħ���壬̫����ȭ��������ۣ�̤���ڣ�����ͨ��������������أ�������ң��ؼ䣡","status":1,"novelName":"������ͨ","authorId":"dwjyOr","authorName":"����Ļ���","wordNum":"19����","isComplete":1,"isFree":1,"promotionType":2,"createdAt":"2020-07-03 11:13","novelId":"e0VZpy","averageScore":"0.0","scoreNum":0,"commentNum":0,"starNum":0,"categoryNames":[{"classId":"lejRej","className":"����"}],"tagNames":[],"hotInfo":177,"readInfo":0,"collectInfo":0}]}
21:12:15.493 [OkHttp http://api.lemiyigou.com/...] DEBUG io.legado.app.model.DebugLog - <-- END HTTP (12769-byte, 4942-gzipped-byte body)
21:12:15.493 [main @coroutine#36] INFO io.legado.app.model.DebugLog - sourceUrl: http://api.lemiyigou.com, msg: �Ի�ȡ�ɹ�:
/search?page=1&keyword=��ͨ��
21:12:15.493 [main @coroutine#36] INFO io.legado.app.model.DebugLog - sourceUrl: http://api.lemiyigou.com, msg: ����ȡ�鼮�б�
21:12:15.494 [main @coroutine#36] DEBUG com.jayway.jsonpath.internal.path.CompiledPath - Evaluating path: $['data'][*]
21:12:15.494 [main @coroutine#36] INFO io.legado.app.model.DebugLog - sourceUrl: http://api.lemiyigou.com, msg: ���б��С:15
21:12:15.494 [main @coroutine#36] INFO io.legado.app.model.DebugLog - sourceUrl: http://api.lemiyigou.com, msg: ����ȡ����
21:12:15.494 [main @coroutine#36] DEBUG com.jayway.jsonpath.internal.path.CompiledPath - Evaluating path: $['novelName']
21:12:15.494 [main @coroutine#36] INFO io.legado.app.model.DebugLog - sourceUrl: http://api.lemiyigou.com, msg: ����ͨ��
21:12:15.494 [main @coroutine#36] INFO io.legado.app.model.DebugLog - sourceUrl: http://api.lemiyigou.com, msg: ����ȡ����
21:12:15.494 [main @coroutine#36] DEBUG com.jayway.jsonpath.internal.path.CompiledPath - Evaluating path: $['authorName']
21:12:15.494 [main @coroutine#36] INFO io.legado.app.model.DebugLog - sourceUrl: http://api.lemiyigou.com, msg: ���������
21:12:15.494 [main @coroutine#36] INFO io.legado.app.model.DebugLog - sourceUrl: http://api.lemiyigou.com, msg: ����ȡ����
21:12:15.494 [main @coroutine#36] DEBUG com.jayway.jsonpath.internal.path.CompiledPath - Evaluating path: $['averageScore']
21:12:15.494 [main @coroutine#36] DEBUG com.jayway.jsonpath.internal.path.CompiledPath - Evaluating path: $..['className']
21:12:15.494 [main @coroutine#36] INFO io.legado.app.model.DebugLog - sourceUrl: http://api.lemiyigou.com, msg: ������,0.0��
21:12:15.494 [main @coroutine#36] INFO io.legado.app.model.DebugLog - sourceUrl: http://api.lemiyigou.com, msg: ����ȡ����
21:12:15.494 [main @coroutine#36] DEBUG com.jayway.jsonpath.internal.path.CompiledPath - Evaluating path: $['wordNum']
21:12:15.494 [main @coroutine#36] INFO io.legado.app.model.DebugLog - sourceUrl: http://api.lemiyigou.com, msg: ��13����
21:12:15.494 [main @coroutine#36] INFO io.legado.app.model.DebugLog - sourceUrl: http://api.lemiyigou.com, msg: ����ȡ�����½�
21:12:15.494 [main @coroutine#36] INFO io.legado.app.model.DebugLog - sourceUrl: http://api.lemiyigou.com, msg: ��
21:12:15.494 [main @coroutine#36] INFO io.legado.app.model.DebugLog - sourceUrl: http://api.lemiyigou.com, msg: ����ȡ���
21:12:15.494 [main @coroutine#36] DEBUG com.jayway.jsonpath.internal.path.CompiledPath - Evaluating path: $['summary']
21:12:15.494 [main @coroutine#36] INFO io.legado.app.model.DebugLog - sourceUrl: http://api.lemiyigou.com, msg: ���������飬������ǣ������̳����������֮����ִ��ΰ�����������磬߳��߸�磬����ժ�ǣ���ħ����\n��Ϊ����ͨ�ǡ�\n��߹��ߣ�ν֮...��ͨ�ߡ�
21:12:15.494 [main @coroutine#36] INFO io.legado.app.model.DebugLog - sourceUrl: http://api.lemiyigou.com, msg: ����ȡ��������
21:12:15.494 [main @coroutine#36] DEBUG com.jayway.jsonpath.internal.path.CompiledPath - Evaluating path: $['cover']
21:12:15.494 [main @coroutine#36] INFO io.legado.app.model.DebugLog - sourceUrl: http://api.lemiyigou.com, msg: ��http://api.lemiyigou.com/750/750616.jpg
21:12:15.494 [main @coroutine#36] INFO io.legado.app.model.DebugLog - sourceUrl: http://api.lemiyigou.com, msg: ����ȡ����ҳ����
21:12:15.494 [main @coroutine#36] DEBUG com.jayway.jsonpath.internal.path.CompiledPath - Evaluating path: $['novelId']
21:12:15.494 [main @coroutine#36] INFO io.legado.app.model.DebugLog - sourceUrl: http://api.lemiyigou.com, msg: ��http://api.lemiyigou.com/novel/dBn3q2?isSearch=1
21:12:15.495 [main @coroutine#36] DEBUG com.jayway.jsonpath.internal.path.CompiledPath - Evaluating path: $['novelName']
21:12:15.495 [main @coroutine#36] DEBUG com.jayway.jsonpath.internal.path.CompiledPath - Evaluating path: $['authorName']
21:12:15.495 [main @coroutine#36] DEBUG com.jayway.jsonpath.internal.path.CompiledPath - Evaluating path: $['averageScore']
21:12:15.495 [main @coroutine#36] DEBUG com.jayway.jsonpath.internal.path.CompiledPath - Evaluating path: $..['className']
21:12:15.495 [main @coroutine#36] DEBUG com.jayway.jsonpath.internal.path.CompiledPath - Evaluating path: $['wordNum']
21:12:15.495 [main @coroutine#36] DEBUG com.jayway.jsonpath.internal.path.CompiledPath - Evaluating path: $['summary']
21:12:15.495 [main @coroutine#36] DEBUG com.jayway.jsonpath.internal.path.CompiledPath - Evaluating path: $['cover']
21:12:15.495 [main @coroutine#36] DEBUG com.jayway.jsonpath.internal.path.CompiledPath - Evaluating path: $['novelId']
21:12:15.495 [main @coroutine#36] DEBUG com.jayway.jsonpath.internal.path.CompiledPath - Evaluating path: $['novelName']
21:12:15.495 [main @coroutine#36] DEBUG com.jayway.jsonpath.internal.path.CompiledPath - Evaluating path: $['authorName']
21:12:15.495 [main @coroutine#36] DEBUG com.jayway.jsonpath.internal.path.CompiledPath - Evaluating path: $['averageScore']
21:12:15.495 [main @coroutine#36] DEBUG com.jayway.jsonpath.internal.path.CompiledPath - Evaluating path: $..['className']
21:12:15.495 [main @coroutine#36] DEBUG com.jayway.jsonpath.internal.path.CompiledPath - Evaluating path: $['wordNum']
21:12:15.495 [main @coroutine#36] DEBUG com.jayway.jsonpath.internal.path.CompiledPath - Evaluating path: $['summary']
21:12:15.495 [main @coroutine#36] DEBUG com.jayway.jsonpath.internal.path.CompiledPath - Evaluating path: $['cover']
21:12:15.495 [main @coroutine#36] DEBUG com.jayway.jsonpath.internal.path.CompiledPath - Evaluating path: $['novelId']
21:12:15.495 [main @coroutine#36] DEBUG com.jayway.jsonpath.internal.path.CompiledPath - Evaluating path: $['novelName']
21:12:15.495 [main @coroutine#36] DEBUG com.jayway.jsonpath.internal.path.CompiledPath - Evaluating path: $['authorName']
21:12:15.495 [main @coroutine#36] DEBUG com.jayway.jsonpath.internal.path.CompiledPath - Evaluating path: $['averageScore']
21:12:15.495 [main @coroutine#36] DEBUG com.jayway.jsonpath.internal.path.CompiledPath - Evaluating path: $..['className']
21:12:15.495 [main @coroutine#36] DEBUG com.jayway.jsonpath.internal.path.CompiledPath - Evaluating path: $['wordNum']
21:12:15.495 [main @coroutine#36] DEBUG com.jayway.jsonpath.internal.path.CompiledPath - Evaluating path: $['summary']
21:12:15.495 [main @coroutine#36] DEBUG com.jayway.jsonpath.internal.path.CompiledPath - Evaluating path: $['cover']
21:12:15.495 [main @coroutine#36] DEBUG com.jayway.jsonpath.internal.path.CompiledPath - Evaluating path: $['novelId']
21:12:15.495 [main @coroutine#36] DEBUG com.jayway.jsonpath.internal.path.CompiledPath - Evaluating path: $['novelName']
21:12:15.495 [main @coroutine#36] DEBUG com.jayway.jsonpath.internal.path.CompiledPath - Evaluating path: $['authorName']
21:12:15.495 [main @coroutine#36] DEBUG com.jayway.jsonpath.internal.path.CompiledPath - Evaluating path: $['averageScore']
21:12:15.495 [main @coroutine#36] DEBUG com.jayway.jsonpath.internal.path.CompiledPath - Evaluating path: $..['className']
21:12:15.496 [main @coroutine#36] DEBUG com.jayway.jsonpath.internal.path.CompiledPath - Evaluating path: $['wordNum']
21:12:15.496 [main @coroutine#36] DEBUG com.jayway.jsonpath.internal.path.CompiledPath - Evaluating path: $['summary']
21:12:15.496 [main @coroutine#36] DEBUG com.jayway.jsonpath.internal.path.CompiledPath - Evaluating path: $['cover']
21:12:15.496 [main @coroutine#36] DEBUG com.jayway.jsonpath.internal.path.CompiledPath - Evaluating path: $['novelId']
21:12:15.496 [main @coroutine#36] DEBUG com.jayway.jsonpath.internal.path.CompiledPath - Evaluating path: $['novelName']
21:12:15.496 [main @coroutine#36] DEBUG com.jayway.jsonpath.internal.path.CompiledPath - Evaluating path: $['authorName']
21:12:15.496 [main @coroutine#36] DEBUG com.jayway.jsonpath.internal.path.CompiledPath - Evaluating path: $['averageScore']
21:12:15.496 [main @coroutine#36] DEBUG com.jayway.jsonpath.internal.path.CompiledPath - Evaluating path: $..['className']
21:12:15.496 [main @coroutine#36] DEBUG com.jayway.jsonpath.internal.path.CompiledPath - Evaluating path: $['wordNum']
21:12:15.496 [main @coroutine#36] DEBUG com.jayway.jsonpath.internal.path.CompiledPath - Evaluating path: $['summary']
21:12:15.496 [main @coroutine#36] DEBUG com.jayway.jsonpath.internal.path.CompiledPath - Evaluating path: $['cover']
21:12:15.496 [main @coroutine#36] DEBUG com.jayway.jsonpath.internal.path.CompiledPath - Evaluating path: $['novelId']
21:12:15.496 [main @coroutine#36] DEBUG com.jayway.jsonpath.internal.path.CompiledPath - Evaluating path: $['novelName']
21:12:15.496 [main @coroutine#36] DEBUG com.jayway.jsonpath.internal.path.CompiledPath - Evaluating path: $['authorName']
21:12:15.496 [main @coroutine#36] DEBUG com.jayway.jsonpath.internal.path.CompiledPath - Evaluating path: $['averageScore']
21:12:15.496 [main @coroutine#36] DEBUG com.jayway.jsonpath.internal.path.CompiledPath - Evaluating path: $..['className']
21:12:15.496 [main @coroutine#36] DEBUG com.jayway.jsonpath.internal.path.CompiledPath - Evaluating path: $['wordNum']
21:12:15.496 [main @coroutine#36] DEBUG com.jayway.jsonpath.internal.path.CompiledPath - Evaluating path: $['summary']
21:12:15.496 [main @coroutine#36] DEBUG com.jayway.jsonpath.internal.path.CompiledPath - Evaluating path: $['cover']
21:12:15.496 [main @coroutine#36] DEBUG com.jayway.jsonpath.internal.path.CompiledPath - Evaluating path: $['novelId']
21:12:15.496 [main @coroutine#36] DEBUG com.jayway.jsonpath.internal.path.CompiledPath - Evaluating path: $['novelName']
21:12:15.496 [main @coroutine#36] DEBUG com.jayway.jsonpath.internal.path.CompiledPath - Evaluating path: $['authorName']
21:12:15.496 [main @coroutine#36] DEBUG com.jayway.jsonpath.internal.path.CompiledPath - Evaluating path: $['averageScore']
21:12:15.496 [main @coroutine#36] DEBUG com.jayway.jsonpath.internal.path.CompiledPath - Evaluating path: $..['className']
21:12:15.496 [main @coroutine#36] DEBUG com.jayway.jsonpath.internal.path.CompiledPath - Evaluating path: $['wordNum']
21:12:15.496 [main @coroutine#36] DEBUG com.jayway.jsonpath.internal.path.CompiledPath - Evaluating path: $['summary']
21:12:15.497 [main @coroutine#36] DEBUG com.jayway.jsonpath.internal.path.CompiledPath - Evaluating path: $['cover']
21:12:15.497 [main @coroutine#36] DEBUG com.jayway.jsonpath.internal.path.CompiledPath - Evaluating path: $['novelId']
21:12:15.497 [main @coroutine#36] DEBUG com.jayway.jsonpath.internal.path.CompiledPath - Evaluating path: $['novelName']
21:12:15.497 [main @coroutine#36] DEBUG com.jayway.jsonpath.internal.path.CompiledPath - Evaluating path: $['authorName']
21:12:15.497 [main @coroutine#36] DEBUG com.jayway.jsonpath.internal.path.CompiledPath - Evaluating path: $['averageScore']
21:12:15.497 [main @coroutine#36] DEBUG com.jayway.jsonpath.internal.path.CompiledPath - Evaluating path: $..['className']
21:12:15.497 [main @coroutine#36] DEBUG com.jayway.jsonpath.internal.path.CompiledPath - Evaluating path: $['wordNum']
21:12:15.497 [main @coroutine#36] DEBUG com.jayway.jsonpath.internal.path.CompiledPath - Evaluating path: $['summary']
21:12:15.497 [main @coroutine#36] DEBUG com.jayway.jsonpath.internal.path.CompiledPath - Evaluating path: $['cover']
21:12:15.497 [main @coroutine#36] DEBUG com.jayway.jsonpath.internal.path.CompiledPath - Evaluating path: $['novelId']
21:12:15.497 [main @coroutine#36] DEBUG com.jayway.jsonpath.internal.path.CompiledPath - Evaluating path: $['novelName']
21:12:15.497 [main @coroutine#36] DEBUG com.jayway.jsonpath.internal.path.CompiledPath - Evaluating path: $['authorName']
21:12:15.497 [main @coroutine#36] DEBUG com.jayway.jsonpath.internal.path.CompiledPath - Evaluating path: $['averageScore']
21:12:15.497 [main @coroutine#36] DEBUG com.jayway.jsonpath.internal.path.CompiledPath - Evaluating path: $..['className']
21:12:15.497 [main @coroutine#36] DEBUG com.jayway.jsonpath.internal.path.CompiledPath - Evaluating path: $['wordNum']
21:12:15.497 [main @coroutine#36] DEBUG com.jayway.jsonpath.internal.path.CompiledPath - Evaluating path: $['summary']
21:12:15.497 [main @coroutine#36] DEBUG com.jayway.jsonpath.internal.path.CompiledPath - Evaluating path: $['cover']
21:12:15.497 [main @coroutine#36] DEBUG com.jayway.jsonpath.internal.path.CompiledPath - Evaluating path: $['novelId']
21:12:15.497 [main @coroutine#36] DEBUG com.jayway.jsonpath.internal.path.CompiledPath - Evaluating path: $['novelName']
21:12:15.497 [main @coroutine#36] DEBUG com.jayway.jsonpath.internal.path.CompiledPath - Evaluating path: $['authorName']
21:12:15.497 [main @coroutine#36] DEBUG com.jayway.jsonpath.internal.path.CompiledPath - Evaluating path: $['averageScore']
21:12:15.497 [main @coroutine#36] DEBUG com.jayway.jsonpath.internal.path.CompiledPath - Evaluating path: $..['className']
21:12:15.497 [main @coroutine#36] DEBUG com.jayway.jsonpath.internal.path.CompiledPath - Evaluating path: $['wordNum']
21:12:15.497 [main @coroutine#36] DEBUG com.jayway.jsonpath.internal.path.CompiledPath - Evaluating path: $['summary']
21:12:15.497 [main @coroutine#36] DEBUG com.jayway.jsonpath.internal.path.CompiledPath - Evaluating path: $['cover']
21:12:15.497 [main @coroutine#36] DEBUG com.jayway.jsonpath.internal.path.CompiledPath - Evaluating path: $['novelId']
21:12:15.498 [main @coroutine#36] DEBUG com.jayway.jsonpath.internal.path.CompiledPath - Evaluating path: $['novelName']
21:12:15.498 [main @coroutine#36] DEBUG com.jayway.jsonpath.internal.path.CompiledPath - Evaluating path: $['authorName']
21:12:15.498 [main @coroutine#36] DEBUG com.jayway.jsonpath.internal.path.CompiledPath - Evaluating path: $['averageScore']
21:12:15.498 [main @coroutine#36] DEBUG com.jayway.jsonpath.internal.path.CompiledPath - Evaluating path: $..['className']
21:12:15.498 [main @coroutine#36] DEBUG com.jayway.jsonpath.internal.path.CompiledPath - Evaluating path: $['wordNum']
21:12:15.498 [main @coroutine#36] DEBUG com.jayway.jsonpath.internal.path.CompiledPath - Evaluating path: $['summary']
21:12:15.498 [main @coroutine#36] DEBUG com.jayway.jsonpath.internal.path.CompiledPath - Evaluating path: $['cover']
21:12:15.498 [main @coroutine#36] DEBUG com.jayway.jsonpath.internal.path.CompiledPath - Evaluating path: $['novelId']
21:12:15.498 [main @coroutine#36] DEBUG com.jayway.jsonpath.internal.path.CompiledPath - Evaluating path: $['novelName']
21:12:15.498 [main @coroutine#36] DEBUG com.jayway.jsonpath.internal.path.CompiledPath - Evaluating path: $['authorName']
21:12:15.498 [main @coroutine#36] DEBUG com.jayway.jsonpath.internal.path.CompiledPath - Evaluating path: $['averageScore']
21:12:15.498 [main @coroutine#36] DEBUG com.jayway.jsonpath.internal.path.CompiledPath - Evaluating path: $..['className']
21:12:15.498 [main @coroutine#36] DEBUG com.jayway.jsonpath.internal.path.CompiledPath - Evaluating path: $['wordNum']
21:12:15.498 [main @coroutine#36] DEBUG com.jayway.jsonpath.internal.path.CompiledPath - Evaluating path: $['summary']
21:12:15.498 [main @coroutine#36] DEBUG com.jayway.jsonpath.internal.path.CompiledPath - Evaluating path: $['cover']
21:12:15.498 [main @coroutine#36] DEBUG com.jayway.jsonpath.internal.path.CompiledPath - Evaluating path: $['novelId']
21:12:15.498 [main @coroutine#36] DEBUG com.jayway.jsonpath.internal.path.CompiledPath - Evaluating path: $['novelName']
21:12:15.498 [main @coroutine#36] DEBUG com.jayway.jsonpath.internal.path.CompiledPath - Evaluating path: $['authorName']
21:12:15.498 [main @coroutine#36] DEBUG com.jayway.jsonpath.internal.path.CompiledPath - Evaluating path: $['averageScore']
21:12:15.498 [main @coroutine#36] DEBUG com.jayway.jsonpath.internal.path.CompiledPath - Evaluating path: $..['className']
21:12:15.498 [main @coroutine#36] DEBUG com.jayway.jsonpath.internal.path.CompiledPath - Evaluating path: $['wordNum']
21:12:15.498 [main @coroutine#36] DEBUG com.jayway.jsonpath.internal.path.CompiledPath - Evaluating path: $['summary']
21:12:15.498 [main @coroutine#36] DEBUG com.jayway.jsonpath.internal.path.CompiledPath - Evaluating path: $['cover']
21:12:15.498 [main @coroutine#36] DEBUG com.jayway.jsonpath.internal.path.CompiledPath - Evaluating path: $['novelId']
21:12:15.498 [main @coroutine#36] DEBUG com.jayway.jsonpath.internal.path.CompiledPath - Evaluating path: $['novelName']
21:12:15.498 [main @coroutine#36] DEBUG com.jayway.jsonpath.internal.path.CompiledPath - Evaluating path: $['authorName']
21:12:15.498 [main @coroutine#36] DEBUG com.jayway.jsonpath.internal.path.CompiledPath - Evaluating path: $['averageScore']
21:12:15.498 [main @coroutine#36] DEBUG com.jayway.jsonpath.internal.path.CompiledPath - Evaluating path: $..['className']
21:12:15.498 [main @coroutine#36] DEBUG com.jayway.jsonpath.internal.path.CompiledPath - Evaluating path: $['wordNum']
21:12:15.499 [main @coroutine#36] DEBUG com.jayway.jsonpath.internal.path.CompiledPath - Evaluating path: $['summary']
21:12:15.499 [main @coroutine#36] DEBUG com.jayway.jsonpath.internal.path.CompiledPath - Evaluating path: $['cover']
21:12:15.499 [main @coroutine#36] DEBUG com.jayway.jsonpath.internal.path.CompiledPath - Evaluating path: $['novelId']
21:12:15.499 [main] INFO cn.kong.app.model.NovelSourceTest -   �������: 15 ��
21:12:15.499 [main] INFO cn.kong.app.model.NovelSourceTest -     [1] ��ͨ�� | �������
21:12:15.499 [main] INFO cn.kong.app.model.NovelSourceTest -     [2] �����˼����ͨ�� | �����ںڰ�
21:12:15.499 [main] INFO cn.kong.app.model.NovelSourceTest -     [3] ��ͨ | �ʼ�����
21:12:15.499 [main] INFO cn.kong.app.model.NovelSourceTest -   --- Step 2: ��ȡ���� ---
21:12:15.499 [OkHttp http://api.lemiyigou.com/...] DEBUG io.legado.app.model.DebugLog - --> GET http://api.lemiyigou.com/novel/dBn3q2?isSearch=1 http/1.1
21:12:15.499 [OkHttp http://api.lemiyigou.com/...] DEBUG io.legado.app.model.DebugLog - client-source: android
21:12:15.499 [OkHttp http://api.lemiyigou.com/...] DEBUG io.legado.app.model.DebugLog - Authorization: bearereyJ0eXAiOiJKV1QiLCJhbGciOiJIUzI1NiJ9.eyJpc3MiOiJodHRwOlwvXC9hcGkuanhndHp4Yy5jb21cL2F1dGhcL3RoaXJkIiwiaWF0IjoxNjgzODkxNjUyLCJleHAiOjE3NzcyMDM2NTIsIm5iZiI6MTY4Mzg5MTY1MiwianRpIjoiR2JxWmI4bGZkbTVLYzBIViIsInN1YiI6Njg3ODYyLCJwcnYiOiJhMWNiMDM3MTgwMjk2YzZhMTkzOGVmMzBiNDM3OTQ2NzJkZDAxNmM1In0.mMxaC2SVyZKyjC6rdUqFVv5d9w_X36o0AdKD7szvE_Q
21:12:15.499 [OkHttp http://api.lemiyigou.com/...] DEBUG io.legado.app.model.DebugLog - client-brand: Redmi
21:12:15.499 [OkHttp http://api.lemiyigou.com/...] DEBUG io.legado.app.model.DebugLog - User-Agent: okhttp/4.9.2
21:12:15.499 [OkHttp http://api.lemiyigou.com/...] DEBUG io.legado.app.model.DebugLog - client-version: 2.3.0
21:12:15.499 [OkHttp http://api.lemiyigou.com/...] DEBUG io.legado.app.model.DebugLog - client-device: 2d37f6b5b6b2605373092c3dc65a3b39
21:12:15.499 [OkHttp http://api.lemiyigou.com/...] DEBUG io.legado.app.model.DebugLog - client-name: app.maoyankanshu.novel
21:12:15.499 [OkHttp http://api.lemiyigou.com/...] DEBUG io.legado.app.model.DebugLog - Keep-Alive: 300
21:12:15.499 [OkHttp http://api.lemiyigou.com/...] DEBUG io.legado.app.model.DebugLog - Connection: Keep-Alive
21:12:15.499 [OkHttp http://api.lemiyigou.com/...] DEBUG io.legado.app.model.DebugLog - Cache-Control: no-cache
21:12:15.499 [OkHttp http://api.lemiyigou.com/...] DEBUG io.legado.app.model.DebugLog - Host: api.lemiyigou.com
21:12:15.499 [OkHttp http://api.lemiyigou.com/...] DEBUG io.legado.app.model.DebugLog - Accept-Encoding: gzip
21:12:15.499 [OkHttp http://api.lemiyigou.com/...] DEBUG io.legado.app.model.DebugLog - --> END GET
21:12:15.691 [OkHttp http://api.lemiyigou.com/...] DEBUG io.legado.app.model.DebugLog - <-- 200 OK http://api.lemiyigou.com/novel/dBn3q2?isSearch=1 (191ms)
21:12:15.691 [OkHttp http://api.lemiyigou.com/...] DEBUG io.legado.app.model.DebugLog - Server: nginx
21:12:15.691 [OkHttp http://api.lemiyigou.com/...] DEBUG io.legado.app.model.DebugLog - Date: Fri, 14 Aug 2026 12:29:42 GMT
21:12:15.691 [OkHttp http://api.lemiyigou.com/...] DEBUG io.legado.app.model.DebugLog - Content-Type: application/json
21:12:15.691 [OkHttp http://api.lemiyigou.com/...] DEBUG io.legado.app.model.DebugLog - Transfer-Encoding: chunked
21:12:15.691 [OkHttp http://api.lemiyigou.com/...] DEBUG io.legado.app.model.DebugLog - Connection: keep-alive
21:12:15.691 [OkHttp http://api.lemiyigou.com/...] DEBUG io.legado.app.model.DebugLog - Access-Control-Allow-Origin: *
21:12:15.691 [OkHttp http://api.lemiyigou.com/...] DEBUG io.legado.app.model.DebugLog - Access-Control-Allow-Methods: GET, POST, PUT, DELETE, OPTIONS, PATCH
21:12:15.691 [OkHttp http://api.lemiyigou.com/...] DEBUG io.legado.app.model.DebugLog - Access-Control-Allow-Headers: Authorization, Content-Type, Origin, Type, client-brand, client-device, client-version, client-source, client-name, alias-name
21:12:15.691 [OkHttp http://api.lemiyigou.com/...] DEBUG io.legado.app.model.DebugLog - Cache-Control: private, must-revalidate
21:12:15.691 [OkHttp http://api.lemiyigou.com/...] DEBUG io.legado.app.model.DebugLog - X-RateLimit-Limit: 120
21:12:15.691 [OkHttp http://api.lemiyigou.com/...] DEBUG io.legado.app.model.DebugLog - X-RateLimit-Remaining: 119
21:12:15.691 [OkHttp http://api.lemiyigou.com/...] DEBUG io.legado.app.model.DebugLog - pragma: no-cache
21:12:15.691 [OkHttp http://api.lemiyigou.com/...] DEBUG io.legado.app.model.DebugLog - expires: -1
21:12:15.691 [OkHttp http://api.lemiyigou.com/...] DEBUG io.legado.app.model.DebugLog - Content-Encoding: gzip
21:12:15.691 [OkHttp http://api.lemiyigou.com/...] DEBUG io.legado.app.model.DebugLog - X-Cache-Status: MISS
21:12:15.691 [OkHttp http://api.lemiyigou.com/...] DEBUG io.legado.app.model.DebugLog - 
21:12:15.691 [OkHttp http://api.lemiyigou.com/...] DEBUG io.legado.app.model.DebugLog - {"request_id":"00d0861f-d611-47be-8fad-b8a0d8d89c06","msg":"��֤ʧ��","code":4005,"data":[]}
21:12:15.691 [OkHttp http://api.lemiyigou.com/...] DEBUG io.legado.app.model.DebugLog - <-- END HTTP (96-byte, 115-gzipped-byte body)
21:12:15.692 [main @coroutine#37] INFO io.legado.app.model.DebugLog - sourceUrl: http://api.lemiyigou.com, msg: �Ի�ȡ�ɹ�:http://api.lemiyigou.com/novel/dBn3q2?isSearch=1
21:12:15.692 [main @coroutine#37] INFO io.legado.app.model.DebugLog - sourceUrl: http://api.lemiyigou.com, msg: ��ִ������ҳ��ʼ������
21:12:15.692 [main @coroutine#37] DEBUG com.jayway.jsonpath.internal.path.CompiledPath - Evaluating path: $['data']
21:12:15.693 [main @coroutine#37] INFO io.legado.app.model.DebugLog - sourceUrl: http://api.lemiyigou.com, msg: ����ȡ����
21:12:15.693 [main @coroutine#37] DEBUG com.jayway.jsonpath.internal.path.CompiledPath - Evaluating path: $['novelName']
21:12:15.693 [main @coroutine#37] INFO io.legado.app.model.DebugLog - sourceUrl: http://api.lemiyigou.com, msg: ��
21:12:15.693 [main @coroutine#37] INFO io.legado.app.model.DebugLog - sourceUrl: http://api.lemiyigou.com, msg: ����ȡ����
com.jayway.jsonpath.PathNotFoundException: Expected to find an object with property ['novelName'] in path $ but found '
net.minidev.json.JSONArray'. This is not a json object according to the JsonProvider: 'com.jayway.jsonpath.spi.json.Jso
nSmartJsonProvider'.
21:12:15.693 [main @coroutine#37] DEBUG com.jayway.jsonpath.internal.path.CompiledPath - Evaluating path: $['authorName']
21:12:15.693 [main @coroutine#37] INFO io.legado.app.model.DebugLog - sourceUrl: http://api.lemiyigou.com, msg: ��
21:12:15.693 [main @coroutine#37] INFO io.legado.app.model.DebugLog - sourceUrl: http://api.lemiyigou.com, msg: ����ȡ����
com.jayway.jsonpath.PathNotFoundException: Expected to find an object with property ['authorName'] in path $ but found 
'net.minidev.json.JSONArray'. This is not a json object according to the JsonProvider: 'com.jayway.jsonpath.spi.json.Js
onSmartJsonProvider'.
21:12:15.693 [main @coroutine#37] DEBUG com.jayway.jsonpath.internal.path.CompiledPath - Evaluating path: $..['tagName']
21:12:15.693 [main @coroutine#37] DEBUG com.jayway.jsonpath.internal.path.CompiledPath - Evaluating path: $['className']
21:12:15.693 [main @coroutine#37] DEBUG com.jayway.jsonpath.internal.path.CompiledPath - Evaluating path: $['averageScore']
com.jayway.jsonpath.PathNotFoundException: Expected to find an object with property ['className'] in path $ but found '
net.minidev.json.JSONArray'. This is not a json object according to the JsonProvider: 'com.jayway.jsonpath.spi.json.Jso
nSmartJsonProvider'.
com.jayway.jsonpath.PathNotFoundException: Expected to find an object with property ['averageScore'] in path $ but foun
d 'net.minidev.json.JSONArray'. This is not a json object according to the JsonProvider: 'com.jayway.jsonpath.spi.json.
JsonSmartJsonProvider'.
21:12:15.693 [main @coroutine#37] DEBUG com.jayway.jsonpath.internal.path.CompiledPath - Evaluating path: $['lastChapter']['decTime']
21:12:15.693 [main @coroutine#37] INFO io.legado.app.model.DebugLog - sourceUrl: http://api.lemiyigou.com, msg: ��,��,,
21:12:15.693 [main @coroutine#37] INFO io.legado.app.model.DebugLog - sourceUrl: http://api.lemiyigou.com, msg: ����ȡ����
21:12:15.693 [main @coroutine#37] DEBUG com.jayway.jsonpath.internal.path.CompiledPath - Evaluating path: $['wordNum']
21:12:15.693 [main @coroutine#37] INFO io.legado.app.model.DebugLog - sourceUrl: http://api.lemiyigou.com, msg: ��null
21:12:15.693 [main @coroutine#37] INFO io.legado.app.model.DebugLog - sourceUrl: http://api.lemiyigou.com, msg: ����ȡ�����½�
21:12:15.693 [main @coroutine#37] DEBUG com.jayway.jsonpath.internal.path.CompiledPath - Evaluating path: $['lastChapter']['chapterName']
com.jayway.jsonpath.PathNotFoundException: Expected to find an object with property ['lastChapter'] in path $ but found
 'net.minidev.json.JSONArray'. This is not a json object according to the JsonProvider: 'com.jayway.jsonpath.spi.json.J
sonSmartJsonProvider'.
com.jayway.jsonpath.PathNotFoundException: Expected to find an object with property ['wordNum'] in path $ but found 'ne
t.minidev.json.JSONArray'. This is not a json object according to the JsonProvider: 'com.jayway.jsonpath.spi.json.JsonS
martJsonProvider'.
com.jayway.jsonpath.PathNotFoundException: Expected to find an object with property ['lastChapter'] in path $ but found
 'net.minidev.json.JSONArray'. This is not a json object according to the JsonProvider: 'com.jayway.jsonpath.spi.json.J
sonSmartJsonProvider'.
21:12:15.693 [main @coroutine#37] INFO io.legado.app.model.DebugLog - sourceUrl: http://api.lemiyigou.com, msg: ��null
21:12:15.693 [main @coroutine#37] INFO io.legado.app.model.DebugLog - sourceUrl: http://api.lemiyigou.com, msg: ����ȡ���
21:12:15.693 [main @coroutine#37] DEBUG com.jayway.jsonpath.internal.path.CompiledPath - Evaluating path: $..['summary']
21:12:15.693 [main @coroutine#37] INFO io.legado.app.model.DebugLog - sourceUrl: http://api.lemiyigou.com, msg: ����������
21:12:15.693 [main @coroutine#37] INFO io.legado.app.model.DebugLog - sourceUrl: http://api.lemiyigou.com, msg: ����ȡ��������
21:12:15.693 [main @coroutine#37] DEBUG com.jayway.jsonpath.internal.path.CompiledPath - Evaluating path: $..['cover']
21:12:15.693 [main @coroutine#37] INFO io.legado.app.model.DebugLog - sourceUrl: http://api.lemiyigou.com, msg: ��null
21:12:15.693 [main @coroutine#37] INFO io.legado.app.model.DebugLog - sourceUrl: http://api.lemiyigou.com, msg: ����ȡĿ¼����
21:12:15.694 [main @coroutine#37] DEBUG com.jayway.jsonpath.internal.path.CompiledPath - Evaluating path: $['novelId']
com.jayway.jsonpath.PathNotFoundException: Expected to find an object with property ['novelId'] in path $ but found 'ne
t.minidev.json.JSONArray'. This is not a json object according to the JsonProvider: 'com.jayway.jsonpath.spi.json.JsonS
martJsonProvider'.
21:12:15.694 [main @coroutine#37] INFO io.legado.app.model.DebugLog - sourceUrl: http://api.lemiyigou.com, msg: ��http://api.lemiyigou.com/novel//chapters?readNum=1
21:12:15.694 [main] INFO cn.kong.app.model.NovelSourceTest -   ����:  | ����: 
21:12:15.694 [main] INFO cn.kong.app.model.NovelSourceTest -   ���: ��������
21:12:15.694 [main] INFO cn.kong.app.model.NovelSourceTest -   --- Step 3: ��ȡĿ¼ ---
21:12:15.695 [OkHttp http://api.lemiyigou.com/...] DEBUG io.legado.app.model.DebugLog - --> GET http://api.lemiyigou.com/novel//chapters?readNum=1 http/1.1
21:12:15.695 [OkHttp http://api.lemiyigou.com/...] DEBUG io.legado.app.model.DebugLog - client-source: android
21:12:15.695 [OkHttp http://api.lemiyigou.com/...] DEBUG io.legado.app.model.DebugLog - Authorization: bearereyJ0eXAiOiJKV1QiLCJhbGciOiJIUzI1NiJ9.eyJpc3MiOiJodHRwOlwvXC9hcGkuanhndHp4Yy5jb21cL2F1dGhcL3RoaXJkIiwiaWF0IjoxNjgzODkxNjUyLCJleHAiOjE3NzcyMDM2NTIsIm5iZiI6MTY4Mzg5MTY1MiwianRpIjoiR2JxWmI4bGZkbTVLYzBIViIsInN1YiI6Njg3ODYyLCJwcnYiOiJhMWNiMDM3MTgwMjk2YzZhMTkzOGVmMzBiNDM3OTQ2NzJkZDAxNmM1In0.mMxaC2SVyZKyjC6rdUqFVv5d9w_X36o0AdKD7szvE_Q
21:12:15.695 [OkHttp http://api.lemiyigou.com/...] DEBUG io.legado.app.model.DebugLog - client-brand: Redmi
21:12:15.695 [OkHttp http://api.lemiyigou.com/...] DEBUG io.legado.app.model.DebugLog - User-Agent: okhttp/4.9.2
21:12:15.695 [OkHttp http://api.lemiyigou.com/...] DEBUG io.legado.app.model.DebugLog - client-version: 2.3.0
21:12:15.695 [OkHttp http://api.lemiyigou.com/...] DEBUG io.legado.app.model.DebugLog - client-device: 2d37f6b5b6b2605373092c3dc65a3b39
21:12:15.695 [OkHttp http://api.lemiyigou.com/...] DEBUG io.legado.app.model.DebugLog - client-name: app.maoyankanshu.novel
21:12:15.695 [OkHttp http://api.lemiyigou.com/...] DEBUG io.legado.app.model.DebugLog - Keep-Alive: 300
21:12:15.695 [OkHttp http://api.lemiyigou.com/...] DEBUG io.legado.app.model.DebugLog - Connection: Keep-Alive
21:12:15.695 [OkHttp http://api.lemiyigou.com/...] DEBUG io.legado.app.model.DebugLog - Cache-Control: no-cache
21:12:15.695 [OkHttp http://api.lemiyigou.com/...] DEBUG io.legado.app.model.DebugLog - Host: api.lemiyigou.com
21:12:15.695 [OkHttp http://api.lemiyigou.com/...] DEBUG io.legado.app.model.DebugLog - Accept-Encoding: gzip
21:12:15.695 [OkHttp http://api.lemiyigou.com/...] DEBUG io.legado.app.model.DebugLog - --> END GET
21:12:15.860 [OkHttp http://api.lemiyigou.com/...] DEBUG io.legado.app.model.DebugLog - <-- 301 Moved Permanently http://api.lemiyigou.com/novel//chapters?readNum=1 (165ms)
21:12:15.860 [OkHttp http://api.lemiyigou.com/...] DEBUG io.legado.app.model.DebugLog - Server: nginx
21:12:15.860 [OkHttp http://api.lemiyigou.com/...] DEBUG io.legado.app.model.DebugLog - Date: Fri, 14 Aug 2026 12:29:42 GMT
21:12:15.860 [OkHttp http://api.lemiyigou.com/...] DEBUG io.legado.app.model.DebugLog - Content-Type: text/html
21:12:15.860 [OkHttp http://api.lemiyigou.com/...] DEBUG io.legado.app.model.DebugLog - Content-Length: 162
21:12:15.860 [OkHttp http://api.lemiyigou.com/...] DEBUG io.legado.app.model.DebugLog - Connection: keep-alive
21:12:15.860 [OkHttp http://api.lemiyigou.com/...] DEBUG io.legado.app.model.DebugLog - Location: http://api.lemiyigou.com/novel/chapters/?readNum=1
21:12:15.860 [OkHttp http://api.lemiyigou.com/...] DEBUG io.legado.app.model.DebugLog - X-Cache-Status: MISS
21:12:15.860 [OkHttp http://api.lemiyigou.com/...] DEBUG io.legado.app.model.DebugLog - 
21:12:15.860 [OkHttp http://api.lemiyigou.com/...] DEBUG io.legado.app.model.DebugLog - <html>
<head><title>301 Moved Permanently</title></head>
<body>
<center><h1>301 Moved Permanently</h1></center>
<hr><center>nginx</center>
</body>
</html>

21:12:15.860 [OkHttp http://api.lemiyigou.com/...] DEBUG io.legado.app.model.DebugLog - <-- END HTTP (162-byte body)
21:12:15.860 [OkHttp http://api.lemiyigou.com/...] DEBUG io.legado.app.model.DebugLog - --> GET http://api.lemiyigou.com/novel/chapters/?readNum=1 http/1.1
21:12:15.860 [OkHttp http://api.lemiyigou.com/...] DEBUG io.legado.app.model.DebugLog - client-source: android
21:12:15.860 [OkHttp http://api.lemiyigou.com/...] DEBUG io.legado.app.model.DebugLog - Authorization: bearereyJ0eXAiOiJKV1QiLCJhbGciOiJIUzI1NiJ9.eyJpc3MiOiJodHRwOlwvXC9hcGkuanhndHp4Yy5jb21cL2F1dGhcL3RoaXJkIiwiaWF0IjoxNjgzODkxNjUyLCJleHAiOjE3NzcyMDM2NTIsIm5iZiI6MTY4Mzg5MTY1MiwianRpIjoiR2JxWmI4bGZkbTVLYzBIViIsInN1YiI6Njg3ODYyLCJwcnYiOiJhMWNiMDM3MTgwMjk2YzZhMTkzOGVmMzBiNDM3OTQ2NzJkZDAxNmM1In0.mMxaC2SVyZKyjC6rdUqFVv5d9w_X36o0AdKD7szvE_Q
21:12:15.860 [OkHttp http://api.lemiyigou.com/...] DEBUG io.legado.app.model.DebugLog - client-brand: Redmi
21:12:15.860 [OkHttp http://api.lemiyigou.com/...] DEBUG io.legado.app.model.DebugLog - User-Agent: okhttp/4.9.2
21:12:15.860 [OkHttp http://api.lemiyigou.com/...] DEBUG io.legado.app.model.DebugLog - client-version: 2.3.0
21:12:15.860 [OkHttp http://api.lemiyigou.com/...] DEBUG io.legado.app.model.DebugLog - client-device: 2d37f6b5b6b2605373092c3dc65a3b39
21:12:15.860 [OkHttp http://api.lemiyigou.com/...] DEBUG io.legado.app.model.DebugLog - client-name: app.maoyankanshu.novel
21:12:15.860 [OkHttp http://api.lemiyigou.com/...] DEBUG io.legado.app.model.DebugLog - Keep-Alive: 300
21:12:15.860 [OkHttp http://api.lemiyigou.com/...] DEBUG io.legado.app.model.DebugLog - Connection: Keep-Alive
21:12:15.860 [OkHttp http://api.lemiyigou.com/...] DEBUG io.legado.app.model.DebugLog - Cache-Control: no-cache
21:12:15.860 [OkHttp http://api.lemiyigou.com/...] DEBUG io.legado.app.model.DebugLog - Host: api.lemiyigou.com
21:12:15.860 [OkHttp http://api.lemiyigou.com/...] DEBUG io.legado.app.model.DebugLog - Accept-Encoding: gzip
21:12:15.860 [OkHttp http://api.lemiyigou.com/...] DEBUG io.legado.app.model.DebugLog - --> END GET
21:12:16.023 [OkHttp http://api.lemiyigou.com/...] DEBUG io.legado.app.model.DebugLog - <-- 403 Forbidden http://api.lemiyigou.com/novel/chapters/?readNum=1 (163ms)
21:12:16.023 [OkHttp http://api.lemiyigou.com/...] DEBUG io.legado.app.model.DebugLog - Server: nginx
21:12:16.023 [OkHttp http://api.lemiyigou.com/...] DEBUG io.legado.app.model.DebugLog - Date: Fri, 14 Aug 2026 12:29:43 GMT
21:12:16.023 [OkHttp http://api.lemiyigou.com/...] DEBUG io.legado.app.model.DebugLog - Content-Type: text/html
21:12:16.023 [OkHttp http://api.lemiyigou.com/...] DEBUG io.legado.app.model.DebugLog - Content-Length: 146
21:12:16.023 [OkHttp http://api.lemiyigou.com/...] DEBUG io.legado.app.model.DebugLog - Connection: keep-alive
21:12:16.023 [OkHttp http://api.lemiyigou.com/...] DEBUG io.legado.app.model.DebugLog - 
21:12:16.023 [OkHttp http://api.lemiyigou.com/...] DEBUG io.legado.app.model.DebugLog - <html>
<head><title>403 Forbidden</title></head>
<body>
<center><h1>403 Forbidden</h1></center>
<hr><center>nginx</center>
</body>
</html>

21:12:16.023 [OkHttp http://api.lemiyigou.com/...] DEBUG io.legado.app.model.DebugLog - <-- END HTTP (146-byte body)
21:12:16.024 [main @coroutine#38] INFO io.legado.app.model.DebugLog - sourceUrl: http://api.lemiyigou.com, msg: �Ի�ȡ�ɹ�:http://api.lemiyigou.com/novel//chapters?readNum=1
21:12:16.024 [main @coroutine#38] INFO io.legado.app.model.DebugLog - sourceUrl: http://api.lemiyigou.com, msg: ����ȡĿ¼�б�
21:12:16.024 [main @coroutine#38] DEBUG com.jayway.jsonpath.internal.path.CompiledPath - Evaluating path: $['data']['list'][*]
com.jayway.jsonpath.PathNotFoundException: Expected to find an object with property ['data'] in path $ but found 'java.
lang.String'. This is not a json object according to the JsonProvider: 'com.jayway.jsonpath.spi.json.JsonSmartJsonProvi
der'.
21:12:16.024 [main @coroutine#38] INFO io.legado.app.model.DebugLog - sourceUrl: http://api.lemiyigou.com, msg: ���б��С:0
21:12:16.024 [main] ERROR cn.kong.app.model.NovelSourceTest -   �ؼ��� [��ͨ��] ���������쳣: Ŀ¼Ϊ��
io.legado.app.exception.TocEmptyException: Ŀ¼Ϊ��
21:12:16.024 [main] INFO cn.kong.app.model.NovelSourceTest - 
  -------- �ؼ��� [ҹ��������] --------
21:12:16.024 [main] INFO cn.kong.app.model.NovelSourceTest -   --- Step 1: ���� [ҹ��������] ---
21:12:16.027 [OkHttp http://api.lemiyigou.com/...] DEBUG io.legado.app.model.DebugLog - --> GET http://api.lemiyigou.com/search?page=1&keyword=%E5%A4%9C%E7%9A%84%E5%91%BD%E5%90%8D%E6%9C%AF http/1.1
21:12:16.027 [OkHttp http://api.lemiyigou.com/...] DEBUG io.legado.app.model.DebugLog - client-source: android
21:12:16.027 [OkHttp http://api.lemiyigou.com/...] DEBUG io.legado.app.model.DebugLog - Authorization: bearereyJ0eXAiOiJKV1QiLCJhbGciOiJIUzI1NiJ9.eyJpc3MiOiJodHRwOlwvXC9hcGkuanhndHp4Yy5jb21cL2F1dGhcL3RoaXJkIiwiaWF0IjoxNjgzODkxNjUyLCJleHAiOjE3NzcyMDM2NTIsIm5iZiI6MTY4Mzg5MTY1MiwianRpIjoiR2JxWmI4bGZkbTVLYzBIViIsInN1YiI6Njg3ODYyLCJwcnYiOiJhMWNiMDM3MTgwMjk2YzZhMTkzOGVmMzBiNDM3OTQ2NzJkZDAxNmM1In0.mMxaC2SVyZKyjC6rdUqFVv5d9w_X36o0AdKD7szvE_Q
21:12:16.027 [OkHttp http://api.lemiyigou.com/...] DEBUG io.legado.app.model.DebugLog - client-brand: Redmi
21:12:16.027 [OkHttp http://api.lemiyigou.com/...] DEBUG io.legado.app.model.DebugLog - User-Agent: okhttp/4.9.2
21:12:16.027 [OkHttp http://api.lemiyigou.com/...] DEBUG io.legado.app.model.DebugLog - client-version: 2.3.0
21:12:16.027 [OkHttp http://api.lemiyigou.com/...] DEBUG io.legado.app.model.DebugLog - client-device: 2d37f6b5b6b2605373092c3dc65a3b39
21:12:16.027 [OkHttp http://api.lemiyigou.com/...] DEBUG io.legado.app.model.DebugLog - client-name: app.maoyankanshu.novel
21:12:16.027 [OkHttp http://api.lemiyigou.com/...] DEBUG io.legado.app.model.DebugLog - Keep-Alive: 300
21:12:16.027 [OkHttp http://api.lemiyigou.com/...] DEBUG io.legado.app.model.DebugLog - Connection: Keep-Alive
21:12:16.027 [OkHttp http://api.lemiyigou.com/...] DEBUG io.legado.app.model.DebugLog - Cache-Control: no-cache
21:12:16.027 [OkHttp http://api.lemiyigou.com/...] DEBUG io.legado.app.model.DebugLog - Host: api.lemiyigou.com
21:12:16.027 [OkHttp http://api.lemiyigou.com/...] DEBUG io.legado.app.model.DebugLog - Accept-Encoding: gzip
21:12:16.027 [OkHttp http://api.lemiyigou.com/...] DEBUG io.legado.app.model.DebugLog - --> END GET
21:12:16.191 [OkHttp http://api.lemiyigou.com/...] DEBUG io.legado.app.model.DebugLog - <-- 200 OK http://api.lemiyigou.com/search?page=1&keyword=%E5%A4%9C%E7%9A%84%E5%91%BD%E5%90%8D%E6%9C%AF (163ms)
21:12:16.191 [OkHttp http://api.lemiyigou.com/...] DEBUG io.legado.app.model.DebugLog - Server: nginx
21:12:16.191 [OkHttp http://api.lemiyigou.com/...] DEBUG io.legado.app.model.DebugLog - Date: Fri, 14 Aug 2026 12:29:43 GMT
21:12:16.191 [OkHttp http://api.lemiyigou.com/...] DEBUG io.legado.app.model.DebugLog - Content-Type: application/json
21:12:16.191 [OkHttp http://api.lemiyigou.com/...] DEBUG io.legado.app.model.DebugLog - Transfer-Encoding: chunked
21:12:16.191 [OkHttp http://api.lemiyigou.com/...] DEBUG io.legado.app.model.DebugLog - Connection: keep-alive
21:12:16.191 [OkHttp http://api.lemiyigou.com/...] DEBUG io.legado.app.model.DebugLog - Access-Control-Allow-Origin: *
21:12:16.191 [OkHttp http://api.lemiyigou.com/...] DEBUG io.legado.app.model.DebugLog - Access-Control-Allow-Methods: GET, POST, PUT, DELETE, OPTIONS, PATCH
21:12:16.191 [OkHttp http://api.lemiyigou.com/...] DEBUG io.legado.app.model.DebugLog - Access-Control-Allow-Headers: Authorization, Content-Type, Origin, Type, client-brand, client-device, client-version, client-source, client-name, alias-name
21:12:16.191 [OkHttp http://api.lemiyigou.com/...] DEBUG io.legado.app.model.DebugLog - X-RateLimit-Limit: 120
21:12:16.191 [OkHttp http://api.lemiyigou.com/...] DEBUG io.legado.app.model.DebugLog - X-RateLimit-Remaining: 118
21:12:16.191 [OkHttp http://api.lemiyigou.com/...] DEBUG io.legado.app.model.DebugLog - Content-Encoding: gzip
21:12:16.191 [OkHttp http://api.lemiyigou.com/...] DEBUG io.legado.app.model.DebugLog - Cache-Control: max-age=86400
21:12:16.191 [OkHttp http://api.lemiyigou.com/...] DEBUG io.legado.app.model.DebugLog - X-Cache-Status: HIT
21:12:16.191 [OkHttp http://api.lemiyigou.com/...] DEBUG io.legado.app.model.DebugLog - 
21:12:16.191 [OkHttp http://api.lemiyigou.com/...] DEBUG io.legado.app.model.DebugLog - {"request_id":"ab3076cd-9326-4af9-bdca-996a43e25662","msg":"success","code":200,"data":[{"id":655116,"cover":"http:\/\/api.lemiyigou.com\/655\/655116.jpg","summary":"�����ϵ��޺��У�Ũ�ܵĸ�������£����ݺ�����ǰ�ˣ��ǿƼ�����֮������磬Ҳ����ʵ����õķֽ硣���������壬��ȥ��δ��������������������粢�棬��ǰ��һ�У�����ʱ��֮ǽ������ǰ���ڰ������֡�����Ҫ���װ��ҵ����ѣ����ǲ���������ȥӦ�Ժڰ���Ҫ�û�","status":1,"novelName":"ҹ��������","authorId":"rb22Wb","authorName":"��˵��������","wordNum":"1179����","isComplete":0,"isFree":1,"promotionType":2,"createdAt":"2021-12-16 20:34","novelId":"dB6Zvo","averageScore":"9.4","scoreNum":0,"commentNum":0,"starNum":4.5,"categoryNames":[{"classId":"lejRej","className":"����"}],"tagNames":[{"tagName":"��Խ","tagId":"DbDxbl"},{"tagName":"��Ѫ","tagId":"negL6a"},{"tagName":"����","tagId":"0dNOLe"},{"tagName":"Ⱥ��","tagId":"PdRPLa"},{"tagName":"����","tagId":"Pe9g4b"}],"hotInfo":241666,"readInfo":0,"collectInfo":0},{"id":309372,"cover":"http:\/\/api.lemiyigou.com\/309\/309372.jpg","summary":"����","status":1,"novelName":"��������","authorId":"bY61y0","authorName":"������","wordNum":"178��","isComplete":0,"isFree":1,"promotionType":2,"createdAt":"2020-07-03 08:55","novelId":"dRom3L","averageScore":"0.0","scoreNum":0,"commentNum":0,"starNum":0,"categoryNames":[{"classId":"lejRej","className":"����"}],"tagNames":[],"hotInfo":2142,"readInfo":0,"collectInfo":0},{"id":166965,"cover":"http:\/\/api.lemiyigou.com\/166\/166965.jpg","summary":"��֮�����ƽΪ�����ߴ������־����Ϊ����2��ȥ����Ů�����ˣ��ȵ����Сloli�������ģ���һ�κ�ȫ���Ķ����ó̿�ʼ�ˡ�����","status":1,"novelName":"δ�����μ�","authorId":"e98X7x","authorName":"��ĩ��","wordNum":"9ǧ��","isComplete":0,"isFree":1,"promotionType":2,"createdAt":"2020-07-02 10:43","novelId":"aKrWAx","averageScore":"0.0","scoreNum":0,"commentNum":0,"starNum":0,"categoryNames":[{"classId":"lejRej","className":"����"}],"tagNames":[],"hotInfo":2050,"readInfo":0,"collectInfo":0},{"id":475780,"cover":"http:\/\/api.lemiyigou.com\/475\/475780.jpg","summary":"��غ�ģ������磬�������С����·�������˭��ƽ��������֮Ů����ս�ң������֣��ȼò������޵�����ͳһ���£�NO���ⲻ��һƪˬ�ģ�","status":1,"novelName":"��������","authorId":"av2P9m","authorName":"��ӣĽ��","wordNum":"1����","isComplete":0,"isFree":1,"promotionType":2,"createdAt":"2020-06-19 23:05","novelId":"e36m59","averageScore":"0.0","scoreNum":0,"commentNum":0,"starNum":0,"categoryNames":[{"classId":"lejRej","className":"����"}],"tagNames":[],"hotInfo":2029,"readInfo":0,"collectInfo":0},{"id":69435,"cover":"http:\/\/api.lemiyigou.com\/69\/69435.jpg","summary":"һ�����˵�ͬ��С˵��Ϊ���Լ�ˬ��ͬʱΪ����ΰ��������¾���������һ̨Ϸ���ŵĸ����ų�����̱��̰��ɱ�֣��߸��ı�̬ħ��ʦ�������΢Ц��ɱ��ҽ���������������ײ��ʲô���ء�����ʵ���������������ڣ�Խ��Խ���ˣ��ҵ�Ⱥ�����Ķ����ڿ�����ģ����񣬻�ӰҲ���У�����һ���Ҳ���٣���������ȴû���˿������ԣ��Ҿ����¿�ʼд�Ȿ���ˣ�Ϊ�˼��������ļ���ɣ�����TJ�ģ����������ٶȲ��ұ�֤������Ⱥqq:120369080��󡭡�ò�Ƽ�����һ�������˵���֯������ͬ��д�����ˡ�","status":1,"novelName":"����ͬ��δ����","authorId":"e10WRd","authorName":"һ��֮��OL.QD","wordNum":"1����","isComplete":0,"isFree":1,"promotionType":2,"createdAt":"2020-06-16 04:30","novelId":"b2Kyvd","averageScore":"0.0","scoreNum":0,"commentNum":0,"starNum":0,"categoryNames":[{"classId":"zbq2dp","className":"�ƻ�"}],"tagNames":[],"hotInfo":2086,"readInfo":0,"collectInfo":0},{"id":588881,"cover":"http:\/\/api.lemiyigou.com\/588\/588881.jpg","summary":"\u0006\u0003\u0011\u0012\u0012\u0018\u0018\u001b\u0006\u0003\u0011\u0012\u0012\u0018\u0018\u001b����֮ǰ�ı����к�������������ֻ���ʲô���ĸı䣿\u0006\u0003\u0011\u0012\u0012\u0018\u0018\u001b\u0006\u0003\u0011\u0012\u0012\u0018\u0018\u001b����֮ǰ��Ķ���ְҵ������������ѡ�����ְҵ��\u0006\u0003\u0011\u0012\u0012\u0018\u0018\u001b\u0006\u0003\u0011\u0012\u0012\u0018\u0018\u001b����֮ǰ���ű������Ӱ���������Ƿ���ƽ�����\u0006\u0003\u0011\u0012\u0012\u0018\u0018\u001b\u0006\u0003\u0011\u0012\u0012\u0018\u0018\u001b����һ�죬���Ը�ı�֮�󣬶�������˵�����ɱ䣬���Ƕ��䡣һ�ж�����Ϊ��ЩŮ����&#12288;&#12288;-----------------------------------&#12288;&#12288;���ˣ����顣����Ϸ������ʵС˵�������������ְҵ�����߱�ʾ�������˾�Ҫ�ܿ��ܿ����ǲ��������ˡ����˾͸ò���&#12288;&#12288;���У����Ƿǳ��޵У��޽�ģ�������������õĻ���Ҫ���롣��Ȼÿ��������Ƕ����޵У����Ǵ����������޵У��Ȿ��ȴ��ֱ���޵С�ϣ����Ҳ�Ҫ�硣������Ͼ�ֻ��һ�����¡�","status":1,"novelName":"����֮δ����","authorId":"erR9W2","authorName":"��������","wordNum":"261��","isComplete":0,"isFree":1,"promotionType":2,"createdAt":"2020-07-04 07:01","novelId":"b4z5L0","averageScore":"0.0","scoreNum":0,"commentNum":0,"starNum":0,"categoryNames":[{"classId":"mep2bM","className":"��Ϸ"}],"tagNames":[],"hotInfo":2613,"readInfo":0,"collectInfo":0},{"id":580172,"cover":"http:\/\/api.lemiyigou.com\/580\/580172.jpg","summary":"\u0006\u0003\u0011\u0012\u0012\u0018\u0018\u001b\u0006\u0003\u0011\u0012\u0012\u0018\u0018\u001b�������˶�����˵�����������������ϲ���㡣��\u0006\u0003\u0011\u0012\u0012\u0018\u0018\u001b\u0006\u0003\u0011\u0012\u0012\u0018\u0018\u001b��ֻ�Ǻ�����˵����������������\u0006\u0003\u0011\u0012\u0012\u0018\u0018\u001b\u0006\u0003\u0011\u0012\u0012\u0018\u0018\u001b�����ھ����˺ܶ��º󡭡�\u0006\u0003\u0011\u0012\u0012\u0018\u0018\u001b\u0006\u0003\u0011\u0012\u0012\u0018\u0018\u001b����һ��˵�˺ܶ໰�����˵�������꣬�����ϲ���㡭����&#12288;&#12288;����ˡ�&#12288;&#12288;����һ�����Ǹ����������ĺ��꣬����ϲ���㣡��&#12288;&#12288;������ˡ�&#12288;&#12288;������ʲô����Ҳ�����ˣ���Ϊ����&#12288;&#12288;��û��ʱ��ȥ�����κξ�������","status":1,"novelName":"���ڰ�����������","authorId":"dN99lz","authorName":"������","wordNum":"15����","isComplete":0,"isFree":1,"promotionType":2,"createdAt":"2020-07-04 02:30","novelId":"dRP3Gz","averageScore":"0.0","scoreNum":0,"commentNum":0,"starNum":0,"categoryNames":[{"classId":"zbq2dp","className":"�ƻ�"}],"tagNames":[],"hotInfo":1994,"readInfo":0,"collectInfo":0},{"id":609288,"cover":"http:\/\/api.lemiyigou.com\/609\/609288.jpg","summary":"\u0006\u0003\u0011\u0012\u0012\u0018\u0018\u001b\u0006\u0003\u0011\u0012\u0012\u0018\u0018\u001b������������ǣ���ң�������������ߡ�\u0006\u0003\u0011\u0012\u0012\u0018\u0018\u001b\u0006\u0003\u0011\u0012\u0012\u0018\u0018\u001b�����֮���ңԶ�����ٵĿ�����&#12288;&#12288;������֣���������ǰ�ߡ�&#12288;&#12288;��ô�������ң���������˽⡣","status":1,"novelName":"����ǳ�ģ���������","authorId":"egLD4r","authorName":"ľ����","wordNum":"3����","isComplete":0,"isFree":1,"promotionType":2,"createdAt":"2020-07-04 13:11","novelId":"eg2n0G","averageScore":"0.0","scoreNum":0,"commentNum":0,"starNum":0,"categoryNames":[{"classId":"Pdy7aQ","className":"�ഺУ԰"}],"tagNames":[],"hotInfo":2398,"readInfo":0,"collectInfo":0},{"id":398730,"cover":"http:\/\/api.lemiyigou.com\/398\/398730.jpg","summary":"һ�������꡶����ħ���ճ�����δ����С˵����۰����֣������˰��Σ�����˵����Ϊ�ܵ����𺳣�Ӧ��˵һ���˼ά������ʽ��С˵��������ش����ˣ���Ҫʱ������Ӧ���ǵģ��ڴ�֮ǰ��û�����������������棬ȴ�ֺ���ʵ������������ϵ����ˮ�齻�ܵĻ�����¡�����������ġ�һ��������٣�����������ȫ�ı䣬ֻʣ����һ���ˡ����龰��������������ǽ����˸��ӵ�˼���Թ�����������������ǻ���Ӧ���������춯��Ѱ���·�ͽ��ͨ���������ɵıʷ�չ���ֹۣ�ʹС˵�����������°�Ȼ�������߲���û�и�̾���뿴���µľ��ӣ������˽����Ҷ��ѿɲ���ʲ��ֵ�ø��˵��£������չ���Щ������ˣ��һ�Ҫ�������˵����������ǣ��Ҹ���û�����������֪������˵������������м�����Σ��ʵ���չ����С˵����ȣ���ֹ�Ǻÿ����ѡ��߿����һ����������ʮ�մ���������𣿹���","status":1,"novelName":"δ����С˵����","authorId":"azpj7y","authorName":"��۰��޽���","wordNum":"6����","isComplete":0,"isFree":1,"promotionType":2,"createdAt":"2020-06-19 00:34","novelId":"bWLNgn","averageScore":"0.0","scoreNum":0,"commentNum":0,"starNum":0,"categoryNames":[{"classId":"lejRej","className":"����"}],"tagNames":[],"hotInfo":2241,"readInfo":0,"collectInfo":0},{"id":574566,"cover":"http:\/\/api.lemiyigou.com\/574\/574566.jpg","summary":"\u0006\u0003\u0011\u0012\u0012\u0018\u0018\u001b\u0006\u0003\u0011\u0012\u0012\u0018\u0018\u001b���ججʮ���꣬����ʮ���������һ��ɵ�ӣ������˳�Ц������Ϊ��ֻ��һ���Σ�����ĳһ�������ˡ����������Ѿ�����ԭ�����Ǹ�������","status":1,"novelName":"����������","authorId":"dwmmgJ","authorName":"�����ˮ","wordNum":"19����","isComplete":0,"isFree":1,"promotionType":2,"createdAt":"2020-07-04 01:11","novelId":"dLvq4W","averageScore":"0.0","scoreNum":0,"commentNum":0,"starNum":0,"categoryNames":[{"classId":"lejRej","className":"����"}],"tagNames":[],"hotInfo":938,"readInfo":0,"collectInfo":0},{"id":31605,"cover":"http:\/\/api.lemiyigou.com\/31\/31605.jpg","summary":"��ʧǧ��������������������š�ͻ�������ı�ʣ��ҿ��ˡ���ʧ����������������ɴ�����������Ķ��У������ˮ���˲�ǳ���������£�׮׮������������ɺϣ����żȻ���������������������ڼ�Ů���ͼ��������˵�������¡��ֲ����ɵ������ɣ���������ķ�ˮ����������ȵ��¹��£��������������С�������ʱ·���޴����ˣ�ң��ǰ��;����᫿�����Ը���ҽ����У��ٲ�������������","status":1,"novelName":"��ʧ������","authorId":"dRgMlK","authorName":"С������","wordNum":"10����","isComplete":0,"isFree":1,"promotionType":2,"createdAt":"2020-07-01 18:11","novelId":"enm67d","averageScore":"0.0","scoreNum":0,"commentNum":0,"starNum":0,"categoryNames":[{"classId":"zbq2dp","className":"�ƻ�"}],"tagNames":[],"hotInfo":1285,"readInfo":0,"collectInfo":0},{"id":592181,"cover":"http:\/\/api.lemiyigou.com\/592\/592181.jpg","summary":"\u0006\u0003\u0011\u0012\u0012\u0018\u0018\u001b\u0006\u0003\u0011\u0012\u0012\u0018\u0018\u001b�ҵĹ��£����׵Ĺ��£�������Ĺ��£������Һ�һ����Ů�Ĺ��¡�","status":1,"novelName":"�ҵĳ�����","authorId":"azKBPr","authorName":"��Ȼ��","wordNum":"17����","isComplete":0,"isFree":1,"promotionType":2,"createdAt":"2020-07-04 08:12","novelId":"b4zgA0","averageScore":"0.0","scoreNum":0,"commentNum":0,"starNum":0,"categoryNames":[{"classId":"mbk5ez","className":"����"}],"tagNames":[],"hotInfo":282,"readInfo":0,"collectInfo":0},{"id":103026,"cover":"http:\/\/api.lemiyigou.com\/103\/103026.jpg","summary":"��������������������ս�������ڼ�į����ȥ��ڤ�����Ϊ������������֮������Ȼ�ز���������ע���岢��ʱ�ռ�����������������������һ��û��Ĺ����ͥ���ѵ��ҵ�����һ����ڵ�ҹ���𣿲�����Ҫ����ҹ�ĳ�򣬳��ƺڰ���Ѱ����һ�������ҵĹ��������������~~~~~~~~~~~~~~~~~~~~~~~~~~~~~~~~~~~~~~~~~~~~~~~~~~~~~~~~~~~����Ͽɹ�ƱƱ�۸��ߣ���Ϊ�ղعʣ����߽Կ��ס�~~~~~~~~~~~~~~~~~~~~~~~~~~~~~~~~~~~~~~~~~~~~~~~~~~~~~~~~~~~������һ��а�飬����Ҫ�Ȳܲ��ĺڡ�������ʿ���룡���ֻ�����ݵĻ����п��ܴ��һ������θ�ڵ���Ŷ��С���½�һȺ����90706349����ӭ��Ĺ���̽�֣������Զ����ǩ:����","status":1,"novelName":"ҹ�ĳ��","authorId":"ejRAGv","authorName":"����Сèè","wordNum":"6����","isComplete":0,"isFree":1,"promotionType":2,"createdAt":"2020-06-17 03:09","novelId":"dPNMMA","averageScore":"0.0","scoreNum":0,"commentNum":0,"starNum":0,"categoryNames":[{"classId":"lejRej","className":"����"}],"tagNames":[],"hotInfo":531,"readInfo":0,"collectInfo":0},{"id":484958,"cover":"http:\/\/api.lemiyigou.com\/484\/484958.jpg","summary":"�����Ǳ���\u0013ͬ���ģ��ͱ��������粻һ�������൱����һ��������~����ϲ���磡��Ϊ����ϲ�������3�������ͻ�����룬����д���Ȿͬ���ģ�","status":1,"novelName":"ҹ�ı���","authorId":"en529D","authorName":"����ҹ��","wordNum":"4ǧ��","isComplete":0,"isFree":1,"promotionType":2,"createdAt":"2020-06-20 00:40","novelId":"az6OoZ","averageScore":"0.0","scoreNum":0,"commentNum":0,"starNum":0,"categoryNames":[{"classId":"zbq2dp","className":"�ƻ�"}],"tagNames":[],"hotInfo":219,"readInfo":0,"collectInfo":0},{"id":87891,"cover":"http:\/\/api.lemiyigou.com\/87\/87891.jpg","summary":"�磬���ĺ��ᣬ�����Щ�����˵ķ�˿���ö������յ����ң�ͣ��������ǵ��Ͽա���ǣ�����ҹ���������Զ����ǩ:��Խ��Ѫɱ����ѧ","status":1,"novelName":"��ǵ�ҹ","authorId":"dwP5Me","authorName":"���÷���","wordNum":"1����","isComplete":1,"isFree":1,"promotionType":2,"createdAt":"2020-06-16 18:37","novelId":"elYY0g","averageScore":"0.0","scoreNum":0,"commentNum":0,"starNum":0,"categoryNames":[{"classId":"xbojag","className":"��ʷ"}],"tagNames":[],"hotInfo":166,"readInfo":0,"collectInfo":0}]}
21:12:16.191 [OkHttp http://api.lemiyigou.com/...] DEBUG io.legado.app.model.DebugLog - <-- END HTTP (14412-byte, 5216-gzipped-byte body)
21:12:16.192 [main @coroutine#39] INFO io.legado.app.model.DebugLog - sourceUrl: http://api.lemiyigou.com, msg: �Ի�ȡ�ɹ�:
/search?page=1&keyword=ҹ��������
21:12:16.192 [main @coroutine#39] INFO io.legado.app.model.DebugLog - sourceUrl: http://api.lemiyigou.com, msg: ����ȡ�鼮�б�
21:12:16.192 [main @coroutine#39] DEBUG com.jayway.jsonpath.internal.path.CompiledPath - Evaluating path: $['data'][*]
21:12:16.193 [main @coroutine#39] INFO io.legado.app.model.DebugLog - sourceUrl: http://api.lemiyigou.com, msg: ���б��С:15
21:12:16.193 [main @coroutine#39] INFO io.legado.app.model.DebugLog - sourceUrl: http://api.lemiyigou.com, msg: ����ȡ����
21:12:16.193 [main @coroutine#39] DEBUG com.jayway.jsonpath.internal.path.CompiledPath - Evaluating path: $['novelName']
21:12:16.193 [main @coroutine#39] INFO io.legado.app.model.DebugLog - sourceUrl: http://api.lemiyigou.com, msg: ��ҹ��������
21:12:16.193 [main @coroutine#39] INFO io.legado.app.model.DebugLog - sourceUrl: http://api.lemiyigou.com, msg: ����ȡ����
21:12:16.193 [main @coroutine#39] DEBUG com.jayway.jsonpath.internal.path.CompiledPath - Evaluating path: $['authorName']
21:12:16.193 [main @coroutine#39] INFO io.legado.app.model.DebugLog - sourceUrl: http://api.lemiyigou.com, msg: ����˵��������
21:12:16.193 [main @coroutine#39] INFO io.legado.app.model.DebugLog - sourceUrl: http://api.lemiyigou.com, msg: ����ȡ����
21:12:16.193 [main @coroutine#39] DEBUG com.jayway.jsonpath.internal.path.CompiledPath - Evaluating path: $['averageScore']
21:12:16.193 [main @coroutine#39] DEBUG com.jayway.jsonpath.internal.path.CompiledPath - Evaluating path: $..['className']
21:12:16.193 [main @coroutine#39] INFO io.legado.app.model.DebugLog - sourceUrl: http://api.lemiyigou.com, msg: ������,9.4��
21:12:16.193 [main @coroutine#39] INFO io.legado.app.model.DebugLog - sourceUrl: http://api.lemiyigou.com, msg: ����ȡ����
21:12:16.193 [main @coroutine#39] DEBUG com.jayway.jsonpath.internal.path.CompiledPath - Evaluating path: $['wordNum']
21:12:16.193 [main @coroutine#39] INFO io.legado.app.model.DebugLog - sourceUrl: http://api.lemiyigou.com, msg: ��1179����
21:12:16.193 [main @coroutine#39] INFO io.legado.app.model.DebugLog - sourceUrl: http://api.lemiyigou.com, msg: ����ȡ�����½�
21:12:16.193 [main @coroutine#39] INFO io.legado.app.model.DebugLog - sourceUrl: http://api.lemiyigou.com, msg: ��
21:12:16.193 [main @coroutine#39] INFO io.legado.app.model.DebugLog - sourceUrl: http://api.lemiyigou.com, msg: ����ȡ���
21:12:16.193 [main @coroutine#39] DEBUG com.jayway.jsonpath.internal.path.CompiledPath - Evaluating path: $['summary']
21:12:16.193 [main @coroutine#39] INFO io.legado.app.model.DebugLog - sourceUrl: http://api.lemiyigou.com, msg: �������ϵ��޺��У�Ũ�ܵĸ�������£����ݺ�����ǰ�ˣ��ǿƼ�����֮������磬Ҳ����ʵ����õķֽ硣���������壬��ȥ��δ��������������������粢�棬��ǰ��һ�У�����ʱ��֮ǽ������ǰ���ڰ������֡�����Ҫ���װ��ҵ����ѣ����ǲ���������ȥӦ�Ժڰ���Ҫ�û�
21:12:16.193 [main @coroutine#39] INFO io.legado.app.model.DebugLog - sourceUrl: http://api.lemiyigou.com, msg: ����ȡ��������
21:12:16.193 [main @coroutine#39] DEBUG com.jayway.jsonpath.internal.path.CompiledPath - Evaluating path: $['cover']
21:12:16.193 [main @coroutine#39] INFO io.legado.app.model.DebugLog - sourceUrl: http://api.lemiyigou.com, msg: ��http://api.lemiyigou.com/655/655116.jpg
21:12:16.193 [main @coroutine#39] INFO io.legado.app.model.DebugLog - sourceUrl: http://api.lemiyigou.com, msg: ����ȡ����ҳ����
21:12:16.193 [main @coroutine#39] DEBUG com.jayway.jsonpath.internal.path.CompiledPath - Evaluating path: $['novelId']
21:12:16.193 [main @coroutine#39] INFO io.legado.app.model.DebugLog - sourceUrl: http://api.lemiyigou.com, msg: ��http://api.lemiyigou.com/novel/dB6Zvo?isSearch=1
21:12:16.193 [main @coroutine#39] DEBUG com.jayway.jsonpath.internal.path.CompiledPath - Evaluating path: $['novelName']
21:12:16.194 [main @coroutine#39] DEBUG com.jayway.jsonpath.internal.path.CompiledPath - Evaluating path: $['authorName']
21:12:16.194 [main @coroutine#39] DEBUG com.jayway.jsonpath.internal.path.CompiledPath - Evaluating path: $['averageScore']
21:12:16.194 [main @coroutine#39] DEBUG com.jayway.jsonpath.internal.path.CompiledPath - Evaluating path: $..['className']
21:12:16.194 [main @coroutine#39] DEBUG com.jayway.jsonpath.internal.path.CompiledPath - Evaluating path: $['wordNum']
21:12:16.194 [main @coroutine#39] DEBUG com.jayway.jsonpath.internal.path.CompiledPath - Evaluating path: $['summary']
21:12:16.194 [main @coroutine#39] DEBUG com.jayway.jsonpath.internal.path.CompiledPath - Evaluating path: $['cover']
21:12:16.194 [main @coroutine#39] DEBUG com.jayway.jsonpath.internal.path.CompiledPath - Evaluating path: $['novelId']
21:12:16.194 [main @coroutine#39] DEBUG com.jayway.jsonpath.internal.path.CompiledPath - Evaluating path: $['novelName']
21:12:16.194 [main @coroutine#39] DEBUG com.jayway.jsonpath.internal.path.CompiledPath - Evaluating path: $['authorName']
21:12:16.194 [main @coroutine#39] DEBUG com.jayway.jsonpath.internal.path.CompiledPath - Evaluating path: $['averageScore']
21:12:16.194 [main @coroutine#39] DEBUG com.jayway.jsonpath.internal.path.CompiledPath - Evaluating path: $..['className']
21:12:16.194 [main @coroutine#39] DEBUG com.jayway.jsonpath.internal.path.CompiledPath - Evaluating path: $['wordNum']
21:12:16.194 [main @coroutine#39] DEBUG com.jayway.jsonpath.internal.path.CompiledPath - Evaluating path: $['summary']
21:12:16.194 [main @coroutine#39] DEBUG com.jayway.jsonpath.internal.path.CompiledPath - Evaluating path: $['cover']
21:12:16.194 [main @coroutine#39] DEBUG com.jayway.jsonpath.internal.path.CompiledPath - Evaluating path: $['novelId']
21:12:16.194 [main @coroutine#39] DEBUG com.jayway.jsonpath.internal.path.CompiledPath - Evaluating path: $['novelName']
21:12:16.194 [main @coroutine#39] DEBUG com.jayway.jsonpath.internal.path.CompiledPath - Evaluating path: $['authorName']
21:12:16.194 [main @coroutine#39] DEBUG com.jayway.jsonpath.internal.path.CompiledPath - Evaluating path: $['averageScore']
21:12:16.194 [main @coroutine#39] DEBUG com.jayway.jsonpath.internal.path.CompiledPath - Evaluating path: $..['className']
21:12:16.194 [main @coroutine#39] DEBUG com.jayway.jsonpath.internal.path.CompiledPath - Evaluating path: $['wordNum']
21:12:16.195 [main @coroutine#39] DEBUG com.jayway.jsonpath.internal.path.CompiledPath - Evaluating path: $['summary']
21:12:16.195 [main @coroutine#39] DEBUG com.jayway.jsonpath.internal.path.CompiledPath - Evaluating path: $['cover']
21:12:16.195 [main @coroutine#39] DEBUG com.jayway.jsonpath.internal.path.CompiledPath - Evaluating path: $['novelId']
21:12:16.195 [main @coroutine#39] DEBUG com.jayway.jsonpath.internal.path.CompiledPath - Evaluating path: $['novelName']
21:12:16.195 [main @coroutine#39] DEBUG com.jayway.jsonpath.internal.path.CompiledPath - Evaluating path: $['authorName']
21:12:16.195 [main @coroutine#39] DEBUG com.jayway.jsonpath.internal.path.CompiledPath - Evaluating path: $['averageScore']
21:12:16.195 [main @coroutine#39] DEBUG com.jayway.jsonpath.internal.path.CompiledPath - Evaluating path: $..['className']
21:12:16.195 [main @coroutine#39] DEBUG com.jayway.jsonpath.internal.path.CompiledPath - Evaluating path: $['wordNum']
21:12:16.195 [main @coroutine#39] DEBUG com.jayway.jsonpath.internal.path.CompiledPath - Evaluating path: $['summary']
21:12:16.195 [main @coroutine#39] DEBUG com.jayway.jsonpath.internal.path.CompiledPath - Evaluating path: $['cover']
21:12:16.195 [main @coroutine#39] DEBUG com.jayway.jsonpath.internal.path.CompiledPath - Evaluating path: $['novelId']
21:12:16.195 [main @coroutine#39] DEBUG com.jayway.jsonpath.internal.path.CompiledPath - Evaluating path: $['novelName']
21:12:16.195 [main @coroutine#39] DEBUG com.jayway.jsonpath.internal.path.CompiledPath - Evaluating path: $['authorName']
21:12:16.195 [main @coroutine#39] DEBUG com.jayway.jsonpath.internal.path.CompiledPath - Evaluating path: $['averageScore']
21:12:16.195 [main @coroutine#39] DEBUG com.jayway.jsonpath.internal.path.CompiledPath - Evaluating path: $..['className']
21:12:16.195 [main @coroutine#39] DEBUG com.jayway.jsonpath.internal.path.CompiledPath - Evaluating path: $['wordNum']
21:12:16.195 [main @coroutine#39] DEBUG com.jayway.jsonpath.internal.path.CompiledPath - Evaluating path: $['summary']
21:12:16.195 [main @coroutine#39] DEBUG com.jayway.jsonpath.internal.path.CompiledPath - Evaluating path: $['cover']
21:12:16.195 [main @coroutine#39] DEBUG com.jayway.jsonpath.internal.path.CompiledPath - Evaluating path: $['novelId']
21:12:16.195 [main @coroutine#39] DEBUG com.jayway.jsonpath.internal.path.CompiledPath - Evaluating path: $['novelName']
21:12:16.195 [main @coroutine#39] DEBUG com.jayway.jsonpath.internal.path.CompiledPath - Evaluating path: $['authorName']
21:12:16.195 [main @coroutine#39] DEBUG com.jayway.jsonpath.internal.path.CompiledPath - Evaluating path: $['averageScore']
21:12:16.195 [main @coroutine#39] DEBUG com.jayway.jsonpath.internal.path.CompiledPath - Evaluating path: $..['className']
21:12:16.196 [main @coroutine#39] DEBUG com.jayway.jsonpath.internal.path.CompiledPath - Evaluating path: $['wordNum']
21:12:16.196 [main @coroutine#39] DEBUG com.jayway.jsonpath.internal.path.CompiledPath - Evaluating path: $['summary']
21:12:16.196 [main @coroutine#39] DEBUG com.jayway.jsonpath.internal.path.CompiledPath - Evaluating path: $['cover']
21:12:16.196 [main @coroutine#39] DEBUG com.jayway.jsonpath.internal.path.CompiledPath - Evaluating path: $['novelId']
21:12:16.196 [main @coroutine#39] DEBUG com.jayway.jsonpath.internal.path.CompiledPath - Evaluating path: $['novelName']
21:12:16.196 [main @coroutine#39] DEBUG com.jayway.jsonpath.internal.path.CompiledPath - Evaluating path: $['authorName']
21:12:16.196 [main @coroutine#39] DEBUG com.jayway.jsonpath.internal.path.CompiledPath - Evaluating path: $['averageScore']
21:12:16.196 [main @coroutine#39] DEBUG com.jayway.jsonpath.internal.path.CompiledPath - Evaluating path: $..['className']
21:12:16.196 [main @coroutine#39] DEBUG com.jayway.jsonpath.internal.path.CompiledPath - Evaluating path: $['wordNum']
21:12:16.196 [main @coroutine#39] DEBUG com.jayway.jsonpath.internal.path.CompiledPath - Evaluating path: $['summary']
21:12:16.196 [main @coroutine#39] DEBUG com.jayway.jsonpath.internal.path.CompiledPath - Evaluating path: $['cover']
21:12:16.196 [main @coroutine#39] DEBUG com.jayway.jsonpath.internal.path.CompiledPath - Evaluating path: $['novelId']
21:12:16.196 [main @coroutine#39] DEBUG com.jayway.jsonpath.internal.path.CompiledPath - Evaluating path: $['novelName']
21:12:16.196 [main @coroutine#39] DEBUG com.jayway.jsonpath.internal.path.CompiledPath - Evaluating path: $['authorName']
21:12:16.196 [main @coroutine#39] DEBUG com.jayway.jsonpath.internal.path.CompiledPath - Evaluating path: $['averageScore']
21:12:16.196 [main @coroutine#39] DEBUG com.jayway.jsonpath.internal.path.CompiledPath - Evaluating path: $..['className']
21:12:16.196 [main @coroutine#39] DEBUG com.jayway.jsonpath.internal.path.CompiledPath - Evaluating path: $['wordNum']
21:12:16.196 [main @coroutine#39] DEBUG com.jayway.jsonpath.internal.path.CompiledPath - Evaluating path: $['summary']
21:12:16.196 [main @coroutine#39] DEBUG com.jayway.jsonpath.internal.path.CompiledPath - Evaluating path: $['cover']
21:12:16.196 [main @coroutine#39] DEBUG com.jayway.jsonpath.internal.path.CompiledPath - Evaluating path: $['novelId']
21:12:16.197 [main @coroutine#39] DEBUG com.jayway.jsonpath.internal.path.CompiledPath - Evaluating path: $['novelName']
21:12:16.197 [main @coroutine#39] DEBUG com.jayway.jsonpath.internal.path.CompiledPath - Evaluating path: $['authorName']
21:12:16.197 [main @coroutine#39] DEBUG com.jayway.jsonpath.internal.path.CompiledPath - Evaluating path: $['averageScore']
21:12:16.197 [main @coroutine#39] DEBUG com.jayway.jsonpath.internal.path.CompiledPath - Evaluating path: $..['className']
21:12:16.197 [main @coroutine#39] DEBUG com.jayway.jsonpath.internal.path.CompiledPath - Evaluating path: $['wordNum']
21:12:16.197 [main @coroutine#39] DEBUG com.jayway.jsonpath.internal.path.CompiledPath - Evaluating path: $['summary']
21:12:16.197 [main @coroutine#39] DEBUG com.jayway.jsonpath.internal.path.CompiledPath - Evaluating path: $['cover']
21:12:16.197 [main @coroutine#39] DEBUG com.jayway.jsonpath.internal.path.CompiledPath - Evaluating path: $['novelId']
21:12:16.197 [main @coroutine#39] DEBUG com.jayway.jsonpath.internal.path.CompiledPath - Evaluating path: $['novelName']
21:12:16.197 [main @coroutine#39] DEBUG com.jayway.jsonpath.internal.path.CompiledPath - Evaluating path: $['authorName']
21:12:16.197 [main @coroutine#39] DEBUG com.jayway.jsonpath.internal.path.CompiledPath - Evaluating path: $['averageScore']
21:12:16.197 [main @coroutine#39] DEBUG com.jayway.jsonpath.internal.path.CompiledPath - Evaluating path: $..['className']
21:12:16.197 [main @coroutine#39] DEBUG com.jayway.jsonpath.internal.path.CompiledPath - Evaluating path: $['wordNum']
21:12:16.197 [main @coroutine#39] DEBUG com.jayway.jsonpath.internal.path.CompiledPath - Evaluating path: $['summary']
21:12:16.197 [main @coroutine#39] DEBUG com.jayway.jsonpath.internal.path.CompiledPath - Evaluating path: $['cover']
21:12:16.197 [main @coroutine#39] DEBUG com.jayway.jsonpath.internal.path.CompiledPath - Evaluating path: $['novelId']
21:12:16.197 [main @coroutine#39] DEBUG com.jayway.jsonpath.internal.path.CompiledPath - Evaluating path: $['novelName']
21:12:16.197 [main @coroutine#39] DEBUG com.jayway.jsonpath.internal.path.CompiledPath - Evaluating path: $['authorName']
21:12:16.197 [main @coroutine#39] DEBUG com.jayway.jsonpath.internal.path.CompiledPath - Evaluating path: $['averageScore']
21:12:16.197 [main @coroutine#39] DEBUG com.jayway.jsonpath.internal.path.CompiledPath - Evaluating path: $..['className']
21:12:16.197 [main @coroutine#39] DEBUG com.jayway.jsonpath.internal.path.CompiledPath - Evaluating path: $['wordNum']
21:12:16.197 [main @coroutine#39] DEBUG com.jayway.jsonpath.internal.path.CompiledPath - Evaluating path: $['summary']
21:12:16.197 [main @coroutine#39] DEBUG com.jayway.jsonpath.internal.path.CompiledPath - Evaluating path: $['cover']
21:12:16.198 [main @coroutine#39] DEBUG com.jayway.jsonpath.internal.path.CompiledPath - Evaluating path: $['novelId']
21:12:16.198 [main @coroutine#39] DEBUG com.jayway.jsonpath.internal.path.CompiledPath - Evaluating path: $['novelName']
21:12:16.198 [main @coroutine#39] DEBUG com.jayway.jsonpath.internal.path.CompiledPath - Evaluating path: $['authorName']
21:12:16.198 [main @coroutine#39] DEBUG com.jayway.jsonpath.internal.path.CompiledPath - Evaluating path: $['averageScore']
21:12:16.198 [main @coroutine#39] DEBUG com.jayway.jsonpath.internal.path.CompiledPath - Evaluating path: $..['className']
21:12:16.198 [main @coroutine#39] DEBUG com.jayway.jsonpath.internal.path.CompiledPath - Evaluating path: $['wordNum']
21:12:16.198 [main @coroutine#39] DEBUG com.jayway.jsonpath.internal.path.CompiledPath - Evaluating path: $['summary']
21:12:16.198 [main @coroutine#39] DEBUG com.jayway.jsonpath.internal.path.CompiledPath - Evaluating path: $['cover']
21:12:16.198 [main @coroutine#39] DEBUG com.jayway.jsonpath.internal.path.CompiledPath - Evaluating path: $['novelId']
21:12:16.198 [main @coroutine#39] DEBUG com.jayway.jsonpath.internal.path.CompiledPath - Evaluating path: $['novelName']
21:12:16.198 [main @coroutine#39] DEBUG com.jayway.jsonpath.internal.path.CompiledPath - Evaluating path: $['authorName']
21:12:16.198 [main @coroutine#39] DEBUG com.jayway.jsonpath.internal.path.CompiledPath - Evaluating path: $['averageScore']
21:12:16.198 [main @coroutine#39] DEBUG com.jayway.jsonpath.internal.path.CompiledPath - Evaluating path: $..['className']
21:12:16.198 [main @coroutine#39] DEBUG com.jayway.jsonpath.internal.path.CompiledPath - Evaluating path: $['wordNum']
21:12:16.198 [main @coroutine#39] DEBUG com.jayway.jsonpath.internal.path.CompiledPath - Evaluating path: $['summary']
21:12:16.198 [main @coroutine#39] DEBUG com.jayway.jsonpath.internal.path.CompiledPath - Evaluating path: $['cover']
21:12:16.198 [main @coroutine#39] DEBUG com.jayway.jsonpath.internal.path.CompiledPath - Evaluating path: $['novelId']
21:12:16.198 [main @coroutine#39] DEBUG com.jayway.jsonpath.internal.path.CompiledPath - Evaluating path: $['novelName']
21:12:16.198 [main @coroutine#39] DEBUG com.jayway.jsonpath.internal.path.CompiledPath - Evaluating path: $['authorName']
21:12:16.198 [main @coroutine#39] DEBUG com.jayway.jsonpath.internal.path.CompiledPath - Evaluating path: $['averageScore']
21:12:16.198 [main @coroutine#39] DEBUG com.jayway.jsonpath.internal.path.CompiledPath - Evaluating path: $..['className']
21:12:16.198 [main @coroutine#39] DEBUG com.jayway.jsonpath.internal.path.CompiledPath - Evaluating path: $['wordNum']
21:12:16.199 [main @coroutine#39] DEBUG com.jayway.jsonpath.internal.path.CompiledPath - Evaluating path: $['summary']
21:12:16.199 [main @coroutine#39] DEBUG com.jayway.jsonpath.internal.path.CompiledPath - Evaluating path: $['cover']
21:12:16.199 [main @coroutine#39] DEBUG com.jayway.jsonpath.internal.path.CompiledPath - Evaluating path: $['novelId']
21:12:16.199 [main] INFO cn.kong.app.model.NovelSourceTest -   �������: 15 ��
21:12:16.199 [main] INFO cn.kong.app.model.NovelSourceTest -     [1] ҹ�������� | ��˵��������
21:12:16.199 [main] INFO cn.kong.app.model.NovelSourceTest -     [2] �������� | ������
21:12:16.199 [main] INFO cn.kong.app.model.NovelSourceTest -     [3] δ�����μ� | ��ĩ��
21:12:16.199 [main] INFO cn.kong.app.model.NovelSourceTest -   --- Step 2: ��ȡ���� ---
21:12:16.199 [OkHttp http://api.lemiyigou.com/...] DEBUG io.legado.app.model.DebugLog - --> GET http://api.lemiyigou.com/novel/dB6Zvo?isSearch=1 http/1.1
21:12:16.199 [OkHttp http://api.lemiyigou.com/...] DEBUG io.legado.app.model.DebugLog - client-source: android
21:12:16.199 [OkHttp http://api.lemiyigou.com/...] DEBUG io.legado.app.model.DebugLog - Authorization: bearereyJ0eXAiOiJKV1QiLCJhbGciOiJIUzI1NiJ9.eyJpc3MiOiJodHRwOlwvXC9hcGkuanhndHp4Yy5jb21cL2F1dGhcL3RoaXJkIiwiaWF0IjoxNjgzODkxNjUyLCJleHAiOjE3NzcyMDM2NTIsIm5iZiI6MTY4Mzg5MTY1MiwianRpIjoiR2JxWmI4bGZkbTVLYzBIViIsInN1YiI6Njg3ODYyLCJwcnYiOiJhMWNiMDM3MTgwMjk2YzZhMTkzOGVmMzBiNDM3OTQ2NzJkZDAxNmM1In0.mMxaC2SVyZKyjC6rdUqFVv5d9w_X36o0AdKD7szvE_Q
21:12:16.199 [OkHttp http://api.lemiyigou.com/...] DEBUG io.legado.app.model.DebugLog - client-brand: Redmi
21:12:16.199 [OkHttp http://api.lemiyigou.com/...] DEBUG io.legado.app.model.DebugLog - User-Agent: okhttp/4.9.2
21:12:16.199 [OkHttp http://api.lemiyigou.com/...] DEBUG io.legado.app.model.DebugLog - client-version: 2.3.0
21:12:16.199 [OkHttp http://api.lemiyigou.com/...] DEBUG io.legado.app.model.DebugLog - client-device: 2d37f6b5b6b2605373092c3dc65a3b39
21:12:16.199 [OkHttp http://api.lemiyigou.com/...] DEBUG io.legado.app.model.DebugLog - client-name: app.maoyankanshu.novel
21:12:16.199 [OkHttp http://api.lemiyigou.com/...] DEBUG io.legado.app.model.DebugLog - Keep-Alive: 300
21:12:16.199 [OkHttp http://api.lemiyigou.com/...] DEBUG io.legado.app.model.DebugLog - Connection: Keep-Alive
21:12:16.199 [OkHttp http://api.lemiyigou.com/...] DEBUG io.legado.app.model.DebugLog - Cache-Control: no-cache
21:12:16.199 [OkHttp http://api.lemiyigou.com/...] DEBUG io.legado.app.model.DebugLog - Host: api.lemiyigou.com
21:12:16.199 [OkHttp http://api.lemiyigou.com/...] DEBUG io.legado.app.model.DebugLog - Accept-Encoding: gzip
21:12:16.199 [OkHttp http://api.lemiyigou.com/...] DEBUG io.legado.app.model.DebugLog - --> END GET
21:12:16.385 [OkHttp http://api.lemiyigou.com/...] DEBUG io.legado.app.model.DebugLog - <-- 200 OK http://api.lemiyigou.com/novel/dB6Zvo?isSearch=1 (185ms)
21:12:16.385 [OkHttp http://api.lemiyigou.com/...] DEBUG io.legado.app.model.DebugLog - Server: nginx
21:12:16.385 [OkHttp http://api.lemiyigou.com/...] DEBUG io.legado.app.model.DebugLog - Date: Fri, 14 Aug 2026 12:29:43 GMT
21:12:16.385 [OkHttp http://api.lemiyigou.com/...] DEBUG io.legado.app.model.DebugLog - Content-Type: application/json
21:12:16.385 [OkHttp http://api.lemiyigou.com/...] DEBUG io.legado.app.model.DebugLog - Transfer-Encoding: chunked
21:12:16.385 [OkHttp http://api.lemiyigou.com/...] DEBUG io.legado.app.model.DebugLog - Connection: keep-alive
21:12:16.385 [OkHttp http://api.lemiyigou.com/...] DEBUG io.legado.app.model.DebugLog - Access-Control-Allow-Origin: *
21:12:16.385 [OkHttp http://api.lemiyigou.com/...] DEBUG io.legado.app.model.DebugLog - Access-Control-Allow-Methods: GET, POST, PUT, DELETE, OPTIONS, PATCH
21:12:16.385 [OkHttp http://api.lemiyigou.com/...] DEBUG io.legado.app.model.DebugLog - Access-Control-Allow-Headers: Authorization, Content-Type, Origin, Type, client-brand, client-device, client-version, client-source, client-name, alias-name
21:12:16.385 [OkHttp http://api.lemiyigou.com/...] DEBUG io.legado.app.model.DebugLog - Cache-Control: private, must-revalidate
21:12:16.385 [OkHttp http://api.lemiyigou.com/...] DEBUG io.legado.app.model.DebugLog - X-RateLimit-Limit: 120
21:12:16.385 [OkHttp http://api.lemiyigou.com/...] DEBUG io.legado.app.model.DebugLog - X-RateLimit-Remaining: 119
21:12:16.385 [OkHttp http://api.lemiyigou.com/...] DEBUG io.legado.app.model.DebugLog - pragma: no-cache
21:12:16.385 [OkHttp http://api.lemiyigou.com/...] DEBUG io.legado.app.model.DebugLog - expires: -1
21:12:16.385 [OkHttp http://api.lemiyigou.com/...] DEBUG io.legado.app.model.DebugLog - Content-Encoding: gzip
21:12:16.385 [OkHttp http://api.lemiyigou.com/...] DEBUG io.legado.app.model.DebugLog - X-Cache-Status: MISS
21:12:16.385 [OkHttp http://api.lemiyigou.com/...] DEBUG io.legado.app.model.DebugLog - 
21:12:16.385 [OkHttp http://api.lemiyigou.com/...] DEBUG io.legado.app.model.DebugLog - {"request_id":"ea36da52-1e07-4936-b9bc-8432f15b42a3","msg":"��֤ʧ��","code":4005,"data":[]}
21:12:16.385 [OkHttp http://api.lemiyigou.com/...] DEBUG io.legado.app.model.DebugLog - <-- END HTTP (96-byte, 115-gzipped-byte body)
21:12:16.385 [main @coroutine#40] INFO io.legado.app.model.DebugLog - sourceUrl: http://api.lemiyigou.com, msg: �Ի�ȡ�ɹ�:http://api.lemiyigou.com/novel/dB6Zvo?isSearch=1
21:12:16.385 [main @coroutine#40] INFO io.legado.app.model.DebugLog - sourceUrl: http://api.lemiyigou.com, msg: ��ִ������ҳ��ʼ������
21:12:16.385 [main @coroutine#40] DEBUG com.jayway.jsonpath.internal.path.CompiledPath - Evaluating path: $['data']
21:12:16.385 [main @coroutine#40] INFO io.legado.app.model.DebugLog - sourceUrl: http://api.lemiyigou.com, msg: ����ȡ����
21:12:16.386 [main @coroutine#40] DEBUG com.jayway.jsonpath.internal.path.CompiledPath - Evaluating path: $['novelName']
com.jayway.jsonpath.PathNotFoundException: Expected to find an object with property ['novelName'] in path $ but found '
net.minidev.json.JSONArray'. This is not a json object according to the JsonProvider: 'com.jayway.jsonpath.spi.json.Jso
nSmartJsonProvider'.
21:12:16.386 [main @coroutine#40] INFO io.legado.app.model.DebugLog - sourceUrl: http://api.lemiyigou.com, msg: ��
21:12:16.386 [main @coroutine#40] INFO io.legado.app.model.DebugLog - sourceUrl: http://api.lemiyigou.com, msg: ����ȡ����
21:12:16.386 [main @coroutine#40] DEBUG com.jayway.jsonpath.internal.path.CompiledPath - Evaluating path: $['authorName']
com.jayway.jsonpath.PathNotFoundException: Expected to find an object with property ['authorName'] in path $ but found 
'net.minidev.json.JSONArray'. This is not a json object according to the JsonProvider: 'com.jayway.jsonpath.spi.json.Js
onSmartJsonProvider'.
21:12:16.386 [main @coroutine#40] INFO io.legado.app.model.DebugLog - sourceUrl: http://api.lemiyigou.com, msg: ��
21:12:16.386 [main @coroutine#40] INFO io.legado.app.model.DebugLog - sourceUrl: http://api.lemiyigou.com, msg: ����ȡ����
21:12:16.386 [main @coroutine#40] DEBUG com.jayway.jsonpath.internal.path.CompiledPath - Evaluating path: $..['tagName']
21:12:16.386 [main @coroutine#40] DEBUG com.jayway.jsonpath.internal.path.CompiledPath - Evaluating path: $['className']
com.jayway.jsonpath.PathNotFoundException: Expected to find an object with property ['className'] in path $ but found '
net.minidev.json.JSONArray'. This is not a json object according to the JsonProvider: 'com.jayway.jsonpath.spi.json.Jso
nSmartJsonProvider'.
21:12:16.386 [main @coroutine#40] DEBUG com.jayway.jsonpath.internal.path.CompiledPath - Evaluating path: $['averageScore']
com.jayway.jsonpath.PathNotFoundException: Expected to find an object with property ['averageScore'] in path $ but foun
d 'net.minidev.json.JSONArray'. This is not a json object according to the JsonProvider: 'com.jayway.jsonpath.spi.json.
JsonSmartJsonProvider'.
21:12:16.386 [main @coroutine#40] DEBUG com.jayway.jsonpath.internal.path.CompiledPath - Evaluating path: $['lastChapter']['decTime']
com.jayway.jsonpath.PathNotFoundException: Expected to find an object with property ['lastChapter'] in path $ but found
 'net.minidev.json.JSONArray'. This is not a json object according to the JsonProvider: 'com.jayway.jsonpath.spi.json.J
sonSmartJsonProvider'.
21:12:16.387 [main @coroutine#40] INFO io.legado.app.model.DebugLog - sourceUrl: http://api.lemiyigou.com, msg: ��,��,,
21:12:16.387 [main @coroutine#40] INFO io.legado.app.model.DebugLog - sourceUrl: http://api.lemiyigou.com, msg: ����ȡ����
21:12:16.387 [main @coroutine#40] DEBUG com.jayway.jsonpath.internal.path.CompiledPath - Evaluating path: $['wordNum']
com.jayway.jsonpath.PathNotFoundException: Expected to find an object with property ['wordNum'] in path $ but found 'ne
t.minidev.json.JSONArray'. This is not a json object according to the JsonProvider: 'com.jayway.jsonpath.spi.json.JsonS
martJsonProvider'.
21:12:16.387 [main @coroutine#40] INFO io.legado.app.model.DebugLog - sourceUrl: http://api.lemiyigou.com, msg: ��null
21:12:16.387 [main @coroutine#40] INFO io.legado.app.model.DebugLog - sourceUrl: http://api.lemiyigou.com, msg: ����ȡ�����½�
21:12:16.387 [main @coroutine#40] DEBUG com.jayway.jsonpath.internal.path.CompiledPath - Evaluating path: $['lastChapter']['chapterName']
com.jayway.jsonpath.PathNotFoundException: Expected to find an object with property ['lastChapter'] in path $ but found
 'net.minidev.json.JSONArray'. This is not a json object according to the JsonProvider: 'com.jayway.jsonpath.spi.json.J
sonSmartJsonProvider'.
21:12:16.387 [main @coroutine#40] INFO io.legado.app.model.DebugLog - sourceUrl: http://api.lemiyigou.com, msg: ��null
21:12:16.387 [main @coroutine#40] INFO io.legado.app.model.DebugLog - sourceUrl: http://api.lemiyigou.com, msg: ����ȡ���
21:12:16.387 [main @coroutine#40] DEBUG com.jayway.jsonpath.internal.path.CompiledPath - Evaluating path: $..['summary']
21:12:16.387 [main @coroutine#40] INFO io.legado.app.model.DebugLog - sourceUrl: http://api.lemiyigou.com, msg: ����������
21:12:16.387 [main @coroutine#40] INFO io.legado.app.model.DebugLog - sourceUrl: http://api.lemiyigou.com, msg: ����ȡ��������
21:12:16.387 [main @coroutine#40] DEBUG com.jayway.jsonpath.internal.path.CompiledPath - Evaluating path: $..['cover']
21:12:16.387 [main @coroutine#40] INFO io.legado.app.model.DebugLog - sourceUrl: http://api.lemiyigou.com, msg: ��null
21:12:16.387 [main @coroutine#40] INFO io.legado.app.model.DebugLog - sourceUrl: http://api.lemiyigou.com, msg: ����ȡĿ¼����
21:12:16.387 [main @coroutine#40] DEBUG com.jayway.jsonpath.internal.path.CompiledPath - Evaluating path: $['novelId']
com.jayway.jsonpath.PathNotFoundException: Expected to find an object with property ['novelId'] in path $ but found 'ne
t.minidev.json.JSONArray'. This is not a json object according to the JsonProvider: 'com.jayway.jsonpath.spi.json.JsonS
martJsonProvider'.
21:12:16.387 [main @coroutine#40] INFO io.legado.app.model.DebugLog - sourceUrl: http://api.lemiyigou.com, msg: ��http://api.lemiyigou.com/novel//chapters?readNum=1
21:12:16.387 [main] INFO cn.kong.app.model.NovelSourceTest -   ����:  | ����: 
21:12:16.387 [main] INFO cn.kong.app.model.NovelSourceTest -   ���: ��������
21:12:16.387 [main] INFO cn.kong.app.model.NovelSourceTest -   --- Step 3: ��ȡĿ¼ ---
21:12:16.388 [OkHttp http://api.lemiyigou.com/...] DEBUG io.legado.app.model.DebugLog - --> GET http://api.lemiyigou.com/novel//chapters?readNum=1 http/1.1
21:12:16.388 [OkHttp http://api.lemiyigou.com/...] DEBUG io.legado.app.model.DebugLog - client-source: android
21:12:16.388 [OkHttp http://api.lemiyigou.com/...] DEBUG io.legado.app.model.DebugLog - Authorization: bearereyJ0eXAiOiJKV1QiLCJhbGciOiJIUzI1NiJ9.eyJpc3MiOiJodHRwOlwvXC9hcGkuanhndHp4Yy5jb21cL2F1dGhcL3RoaXJkIiwiaWF0IjoxNjgzODkxNjUyLCJleHAiOjE3NzcyMDM2NTIsIm5iZiI6MTY4Mzg5MTY1MiwianRpIjoiR2JxWmI4bGZkbTVLYzBIViIsInN1YiI6Njg3ODYyLCJwcnYiOiJhMWNiMDM3MTgwMjk2YzZhMTkzOGVmMzBiNDM3OTQ2NzJkZDAxNmM1In0.mMxaC2SVyZKyjC6rdUqFVv5d9w_X36o0AdKD7szvE_Q
21:12:16.388 [OkHttp http://api.lemiyigou.com/...] DEBUG io.legado.app.model.DebugLog - client-brand: Redmi
21:12:16.388 [OkHttp http://api.lemiyigou.com/...] DEBUG io.legado.app.model.DebugLog - User-Agent: okhttp/4.9.2
21:12:16.388 [OkHttp http://api.lemiyigou.com/...] DEBUG io.legado.app.model.DebugLog - client-version: 2.3.0
21:12:16.388 [OkHttp http://api.lemiyigou.com/...] DEBUG io.legado.app.model.DebugLog - client-device: 2d37f6b5b6b2605373092c3dc65a3b39
21:12:16.388 [OkHttp http://api.lemiyigou.com/...] DEBUG io.legado.app.model.DebugLog - client-name: app.maoyankanshu.novel
21:12:16.388 [OkHttp http://api.lemiyigou.com/...] DEBUG io.legado.app.model.DebugLog - Keep-Alive: 300
21:12:16.388 [OkHttp http://api.lemiyigou.com/...] DEBUG io.legado.app.model.DebugLog - Connection: Keep-Alive
21:12:16.388 [OkHttp http://api.lemiyigou.com/...] DEBUG io.legado.app.model.DebugLog - Cache-Control: no-cache
21:12:16.388 [OkHttp http://api.lemiyigou.com/...] DEBUG io.legado.app.model.DebugLog - Host: api.lemiyigou.com
21:12:16.388 [OkHttp http://api.lemiyigou.com/...] DEBUG io.legado.app.model.DebugLog - Accept-Encoding: gzip
21:12:16.388 [OkHttp http://api.lemiyigou.com/...] DEBUG io.legado.app.model.DebugLog - --> END GET
21:12:16.549 [OkHttp http://api.lemiyigou.com/...] DEBUG io.legado.app.model.DebugLog - <-- 301 Moved Permanently http://api.lemiyigou.com/novel//chapters?readNum=1 (160ms)
21:12:16.549 [OkHttp http://api.lemiyigou.com/...] DEBUG io.legado.app.model.DebugLog - Server: nginx
21:12:16.549 [OkHttp http://api.lemiyigou.com/...] DEBUG io.legado.app.model.DebugLog - Date: Fri, 14 Aug 2026 12:29:43 GMT
21:12:16.549 [OkHttp http://api.lemiyigou.com/...] DEBUG io.legado.app.model.DebugLog - Content-Type: text/html
21:12:16.549 [OkHttp http://api.lemiyigou.com/...] DEBUG io.legado.app.model.DebugLog - Content-Length: 162
21:12:16.549 [OkHttp http://api.lemiyigou.com/...] DEBUG io.legado.app.model.DebugLog - Connection: keep-alive
21:12:16.549 [OkHttp http://api.lemiyigou.com/...] DEBUG io.legado.app.model.DebugLog - Location: http://api.lemiyigou.com/novel/chapters/?readNum=1
21:12:16.549 [OkHttp http://api.lemiyigou.com/...] DEBUG io.legado.app.model.DebugLog - X-Cache-Status: MISS
21:12:16.549 [OkHttp http://api.lemiyigou.com/...] DEBUG io.legado.app.model.DebugLog - 
21:12:16.549 [OkHttp http://api.lemiyigou.com/...] DEBUG io.legado.app.model.DebugLog - <html>
<head><title>301 Moved Permanently</title></head>
<body>
<center><h1>301 Moved Permanently</h1></center>
<hr><center>nginx</center>
</body>
</html>

21:12:16.549 [OkHttp http://api.lemiyigou.com/...] DEBUG io.legado.app.model.DebugLog - <-- END HTTP (162-byte body)
21:12:16.549 [OkHttp http://api.lemiyigou.com/...] DEBUG io.legado.app.model.DebugLog - --> GET http://api.lemiyigou.com/novel/chapters/?readNum=1 http/1.1
21:12:16.549 [OkHttp http://api.lemiyigou.com/...] DEBUG io.legado.app.model.DebugLog - client-source: android
21:12:16.549 [OkHttp http://api.lemiyigou.com/...] DEBUG io.legado.app.model.DebugLog - Authorization: bearereyJ0eXAiOiJKV1QiLCJhbGciOiJIUzI1NiJ9.eyJpc3MiOiJodHRwOlwvXC9hcGkuanhndHp4Yy5jb21cL2F1dGhcL3RoaXJkIiwiaWF0IjoxNjgzODkxNjUyLCJleHAiOjE3NzcyMDM2NTIsIm5iZiI6MTY4Mzg5MTY1MiwianRpIjoiR2JxWmI4bGZkbTVLYzBIViIsInN1YiI6Njg3ODYyLCJwcnYiOiJhMWNiMDM3MTgwMjk2YzZhMTkzOGVmMzBiNDM3OTQ2NzJkZDAxNmM1In0.mMxaC2SVyZKyjC6rdUqFVv5d9w_X36o0AdKD7szvE_Q
21:12:16.549 [OkHttp http://api.lemiyigou.com/...] DEBUG io.legado.app.model.DebugLog - client-brand: Redmi
21:12:16.549 [OkHttp http://api.lemiyigou.com/...] DEBUG io.legado.app.model.DebugLog - User-Agent: okhttp/4.9.2
21:12:16.549 [OkHttp http://api.lemiyigou.com/...] DEBUG io.legado.app.model.DebugLog - client-version: 2.3.0
21:12:16.549 [OkHttp http://api.lemiyigou.com/...] DEBUG io.legado.app.model.DebugLog - client-device: 2d37f6b5b6b2605373092c3dc65a3b39
21:12:16.549 [OkHttp http://api.lemiyigou.com/...] DEBUG io.legado.app.model.DebugLog - client-name: app.maoyankanshu.novel
21:12:16.549 [OkHttp http://api.lemiyigou.com/...] DEBUG io.legado.app.model.DebugLog - Keep-Alive: 300
21:12:16.549 [OkHttp http://api.lemiyigou.com/...] DEBUG io.legado.app.model.DebugLog - Connection: Keep-Alive
21:12:16.549 [OkHttp http://api.lemiyigou.com/...] DEBUG io.legado.app.model.DebugLog - Cache-Control: no-cache
21:12:16.549 [OkHttp http://api.lemiyigou.com/...] DEBUG io.legado.app.model.DebugLog - Host: api.lemiyigou.com
21:12:16.549 [OkHttp http://api.lemiyigou.com/...] DEBUG io.legado.app.model.DebugLog - Accept-Encoding: gzip
21:12:16.549 [OkHttp http://api.lemiyigou.com/...] DEBUG io.legado.app.model.DebugLog - --> END GET
21:12:16.714 [OkHttp http://api.lemiyigou.com/...] DEBUG io.legado.app.model.DebugLog - <-- 403 Forbidden http://api.lemiyigou.com/novel/chapters/?readNum=1 (164ms)
21:12:16.714 [OkHttp http://api.lemiyigou.com/...] DEBUG io.legado.app.model.DebugLog - Server: nginx
21:12:16.714 [OkHttp http://api.lemiyigou.com/...] DEBUG io.legado.app.model.DebugLog - Date: Fri, 14 Aug 2026 12:29:43 GMT
21:12:16.714 [OkHttp http://api.lemiyigou.com/...] DEBUG io.legado.app.model.DebugLog - Content-Type: text/html
21:12:16.714 [OkHttp http://api.lemiyigou.com/...] DEBUG io.legado.app.model.DebugLog - Content-Length: 146
21:12:16.714 [OkHttp http://api.lemiyigou.com/...] DEBUG io.legado.app.model.DebugLog - Connection: keep-alive
21:12:16.714 [OkHttp http://api.lemiyigou.com/...] DEBUG io.legado.app.model.DebugLog - 
21:12:16.714 [OkHttp http://api.lemiyigou.com/...] DEBUG io.legado.app.model.DebugLog - <html>
<head><title>403 Forbidden</title></head>
<body>
<center><h1>403 Forbidden</h1></center>
<hr><center>nginx</center>
</body>
</html>

21:12:16.714 [OkHttp http://api.lemiyigou.com/...] DEBUG io.legado.app.model.DebugLog - <-- END HTTP (146-byte body)
21:12:16.714 [main @coroutine#41] INFO io.legado.app.model.DebugLog - sourceUrl: http://api.lemiyigou.com, msg: �Ի�ȡ�ɹ�:http://api.lemiyigou.com/novel//chapters?readNum=1
21:12:16.715 [main @coroutine#41] INFO io.legado.app.model.DebugLog - sourceUrl: http://api.lemiyigou.com, msg: ����ȡĿ¼�б�
21:12:16.715 [main @coroutine#41] DEBUG com.jayway.jsonpath.internal.path.CompiledPath - Evaluating path: $['data']['list'][*]
com.jayway.jsonpath.PathNotFoundException: Expected to find an object with property ['data'] in path $ but found 'java.
lang.String'. This is not a json object according to the JsonProvider: 'com.jayway.jsonpath.spi.json.JsonSmartJsonProvi
der'.
21:12:16.715 [main @coroutine#41] INFO io.legado.app.model.DebugLog - sourceUrl: http://api.lemiyigou.com, msg: ���б��С:0
21:12:16.715 [main] ERROR cn.kong.app.model.NovelSourceTest -   �ؼ��� [ҹ��������] ���������쳣: Ŀ¼Ϊ��
io.legado.app.exception.TocEmptyException: Ŀ¼Ϊ��
21:12:16.715 [main] INFO cn.kong.app.model.NovelSourceTest - 
  -------- �ؼ��� [��ʬ��] --------
21:12:16.715 [main] INFO cn.kong.app.model.NovelSourceTest -   --- Step 1: ���� [��ʬ��] ---
21:12:16.717 [OkHttp http://api.lemiyigou.com/...] DEBUG io.legado.app.model.DebugLog - --> GET http://api.lemiyigou.com/search?page=1&keyword=%E6%8D%9E%E5%B0%B8%E4%BA%BA http/1.1
21:12:16.717 [OkHttp http://api.lemiyigou.com/...] DEBUG io.legado.app.model.DebugLog - client-source: android
21:12:16.717 [OkHttp http://api.lemiyigou.com/...] DEBUG io.legado.app.model.DebugLog - Authorization: bearereyJ0eXAiOiJKV1QiLCJhbGciOiJIUzI1NiJ9.eyJpc3MiOiJodHRwOlwvXC9hcGkuanhndHp4Yy5jb21cL2F1dGhcL3RoaXJkIiwiaWF0IjoxNjgzODkxNjUyLCJleHAiOjE3NzcyMDM2NTIsIm5iZiI6MTY4Mzg5MTY1MiwianRpIjoiR2JxWmI4bGZkbTVLYzBIViIsInN1YiI6Njg3ODYyLCJwcnYiOiJhMWNiMDM3MTgwMjk2YzZhMTkzOGVmMzBiNDM3OTQ2NzJkZDAxNmM1In0.mMxaC2SVyZKyjC6rdUqFVv5d9w_X36o0AdKD7szvE_Q
21:12:16.717 [OkHttp http://api.lemiyigou.com/...] DEBUG io.legado.app.model.DebugLog - client-brand: Redmi
21:12:16.717 [OkHttp http://api.lemiyigou.com/...] DEBUG io.legado.app.model.DebugLog - User-Agent: okhttp/4.9.2
21:12:16.717 [OkHttp http://api.lemiyigou.com/...] DEBUG io.legado.app.model.DebugLog - client-version: 2.3.0
21:12:16.717 [OkHttp http://api.lemiyigou.com/...] DEBUG io.legado.app.model.DebugLog - client-device: 2d37f6b5b6b2605373092c3dc65a3b39
21:12:16.717 [OkHttp http://api.lemiyigou.com/...] DEBUG io.legado.app.model.DebugLog - client-name: app.maoyankanshu.novel
21:12:16.717 [OkHttp http://api.lemiyigou.com/...] DEBUG io.legado.app.model.DebugLog - Keep-Alive: 300
21:12:16.717 [OkHttp http://api.lemiyigou.com/...] DEBUG io.legado.app.model.DebugLog - Connection: Keep-Alive
21:12:16.717 [OkHttp http://api.lemiyigou.com/...] DEBUG io.legado.app.model.DebugLog - Cache-Control: no-cache
21:12:16.717 [OkHttp http://api.lemiyigou.com/...] DEBUG io.legado.app.model.DebugLog - Host: api.lemiyigou.com
21:12:16.717 [OkHttp http://api.lemiyigou.com/...] DEBUG io.legado.app.model.DebugLog - Accept-Encoding: gzip
21:12:16.717 [OkHttp http://api.lemiyigou.com/...] DEBUG io.legado.app.model.DebugLog - --> END GET
21:12:16.879 [OkHttp http://api.lemiyigou.com/...] DEBUG io.legado.app.model.DebugLog - <-- 200 OK http://api.lemiyigou.com/search?page=1&keyword=%E6%8D%9E%E5%B0%B8%E4%BA%BA (161ms)
21:12:16.879 [OkHttp http://api.lemiyigou.com/...] DEBUG io.legado.app.model.DebugLog - Server: nginx
21:12:16.879 [OkHttp http://api.lemiyigou.com/...] DEBUG io.legado.app.model.DebugLog - Date: Fri, 14 Aug 2026 12:29:43 GMT
21:12:16.879 [OkHttp http://api.lemiyigou.com/...] DEBUG io.legado.app.model.DebugLog - Content-Type: application/json
21:12:16.879 [OkHttp http://api.lemiyigou.com/...] DEBUG io.legado.app.model.DebugLog - Transfer-Encoding: chunked
21:12:16.879 [OkHttp http://api.lemiyigou.com/...] DEBUG io.legado.app.model.DebugLog - Connection: keep-alive
21:12:16.879 [OkHttp http://api.lemiyigou.com/...] DEBUG io.legado.app.model.DebugLog - Access-Control-Allow-Origin: *
21:12:16.880 [OkHttp http://api.lemiyigou.com/...] DEBUG io.legado.app.model.DebugLog - Access-Control-Allow-Methods: GET, POST, PUT, DELETE, OPTIONS, PATCH
21:12:16.880 [OkHttp http://api.lemiyigou.com/...] DEBUG io.legado.app.model.DebugLog - Access-Control-Allow-Headers: Authorization, Content-Type, Origin, Type, client-brand, client-device, client-version, client-source, client-name, alias-name
21:12:16.880 [OkHttp http://api.lemiyigou.com/...] DEBUG io.legado.app.model.DebugLog - X-RateLimit-Limit: 120
21:12:16.880 [OkHttp http://api.lemiyigou.com/...] DEBUG io.legado.app.model.DebugLog - X-RateLimit-Remaining: 119
21:12:16.880 [OkHttp http://api.lemiyigou.com/...] DEBUG io.legado.app.model.DebugLog - Content-Encoding: gzip
21:12:16.880 [OkHttp http://api.lemiyigou.com/...] DEBUG io.legado.app.model.DebugLog - Cache-Control: max-age=86400
21:12:16.880 [OkHttp http://api.lemiyigou.com/...] DEBUG io.legado.app.model.DebugLog - X-Cache-Status: HIT
21:12:16.880 [OkHttp http://api.lemiyigou.com/...] DEBUG io.legado.app.model.DebugLog - 
21:12:16.880 [OkHttp http://api.lemiyigou.com/...] DEBUG io.legado.app.model.DebugLog - {"request_id":"0bdde457-8c3f-41f8-8f6c-4943347467d0","msg":"success","code":200,"data":[{"id":714139,"cover":"http:\/\/api.lemiyigou.com\/714\/714139.jpg","summary":"��֪��ֲ����������Ķ�������һ����ͳ����С˵��","status":1,"novelName":"��ʬ��","authorId":"bW7Aqo","authorName":"�����С��","wordNum":"934����","isComplete":0,"isFree":1,"promotionType":2,"createdAt":"2024-09-27 20:56","novelId":"b60xD7","averageScore":"8.2","scoreNum":0,"commentNum":0,"starNum":4.5,"categoryNames":[{"classId":"lejRej","className":"����"}],"tagNames":[],"hotInfo":310657,"readInfo":0,"collectInfo":0},{"id":545091,"cover":"http:\/\/api.lemiyigou.com\/545\/545091.jpg","summary":"����һ���ӳ�������Ư��������Ӥ��������ʬ��......","status":1,"novelName":"��ʬ��","authorId":"eVBnze","authorName":"������ˮ","wordNum":"46����","isComplete":0,"isFree":1,"promotionType":2,"createdAt":"2020-06-15 18:44","novelId":"el209V","averageScore":"0.0","scoreNum":0,"commentNum":0,"starNum":0,"categoryNames":[{"classId":"YerEdO","className":"��С˵"}],"tagNames":[],"hotInfo":20664,"readInfo":0,"collectInfo":0},{"id":459965,"cover":"http:\/\/api.lemiyigou.com\/459\/459965.jpg","summary":"��ʮ����ǰ����������������������Ƥ�������ڴ�ڵ��ǿ��ϻ����ϡ���ʮ����󣬵��걻���̳�ȥ�Ĵ�����������Ϊ����ʬ�ˡ�","status":1,"novelName":"��ʬ��","authorId":"ejqMDY","authorName":"��ʮ��","wordNum":"219����","isComplete":0,"isFree":1,"promotionType":2,"createdAt":"2020-07-11 01:19","novelId":"aK8Gln","averageScore":"0.0","scoreNum":0,"commentNum":0,"starNum":0,"categoryNames":[{"classId":"zbq2dp","className":"�ƻ�"}],"tagNames":[],"hotInfo":28376,"readInfo":0,"collectInfo":0},{"id":59037,"cover":"http:\/\/api.lemiyigou.com\/59\/59037.jpg","summary":"���ڻƺӣ���֪������Զ���������ڻƺ��ϵĽ��ɴ�˵���������Զ����Ҫȥ�������ƺ�����������������ͷ�����������Ƴ桢�͹��ס�����а���Ļƺ��������������ص�ְҵ���ƺ���ʬ�ˣ������������ػƺӹŵ���������Ϊʲô��������ӿ�Ļƺӹŵ����棬�ֲ��������ľ������ܣ��л�ʦ����ʦ��ռ��ʦ���׹�ʦ���˲�ʦ���㲻֪���Ļ��кܶ�ܶ࣡","status":1,"novelName":"�ƺ���ʬ��","authorId":"azlXqd","authorName":"�����������","wordNum":"171����","isComplete":0,"isFree":1,"promotionType":2,"createdAt":"2020-11-10 13:34","novelId":"b4ZJ7e","averageScore":"0.0","scoreNum":0,"commentNum":0,"starNum":0,"categoryNames":[{"classId":"zbq2dp","className":"�ƻ�"}],"tagNames":[],"hotInfo":2622,"readInfo":0,"collectInfo":0},{"id":662442,"cover":"http:\/\/api.lemiyigou.com\/662\/662442.jpg","summary":"���ؿͻ��ˣ��鿴������Ʒ��顣","status":1,"novelName":"������ʬ��","authorId":"eEqVqW","authorName":"һ�ݵ���","wordNum":"22����","isComplete":0,"isFree":1,"promotionType":2,"createdAt":"2021-12-16 20:43","novelId":"e9g4gP","averageScore":"0.0","scoreNum":0,"commentNum":0,"starNum":0,"categoryNames":[{"classId":"9aAOdv","className":"ͬ������"}],"tagNames":[],"hotInfo":2444,"readInfo":0,"collectInfo":0},{"id":39059,"cover":"http:\/\/api.lemiyigou.com\/39\/39059.jpg","summary":"�Ҵ�С���ڳ����ߣ����Ź����ֹŹֵĴ��ţ���������������ľ���������������������ʬ�˵����к�����֮������Ҫ˵���ǣ���ʱ���۾�������Ҳ��һ��������ġ�������QQȺ��214209694��ţ��ʱ���ɴ�������ڱ�֤ÿ����������12�����ϰ˵�","status":1,"novelName":"��ʬ�˱ʼ�","authorId":"bk5oQE","authorName":"ţ���׷�ؼ","wordNum":"75����","isComplete":1,"isFree":1,"promotionType":2,"createdAt":"2020-06-29 13:49","novelId":"aA21pb","averageScore":"0.0","scoreNum":0,"commentNum":0,"starNum":0,"categoryNames":[{"classId":"zbq2dp","className":"�ƻ�"}],"tagNames":[],"hotInfo":2742,"readInfo":0,"collectInfo":0},{"id":715502,"cover":"http:\/\/api.lemiyigou.com\/715\/715502.jpg","summary":"����Ůʬ������Ÿ��ӣ�үү��һ�Ѹ�ʬ�н��Ҿ��𣬱��˶���Ϊ�Ҳ�����Ȱүү�����ҡ�үүȴ˵�������ˮ���������ԡ���ʬ�ˡ����뷹�ġ���ʬ���������̣���ɱ�������̡�ʬ���������̡��������β��̡�ǧ��ƺӣ������и�ʬ�����С���","status":1,"novelName":"��ʬ�˱ʼ�","authorId":"ejYGBv","authorName":"����̺쿪��","wordNum":"84����","isComplete":0,"isFree":1,"promotionType":2,"createdAt":"2024-09-30 03:04","novelId":"bkogWK","averageScore":"0.0","scoreNum":0,"commentNum":0,"starNum":0,"categoryNames":[{"classId":"zbq2dp","className":"�ƻ�"}],"tagNames":[],"hotInfo":2579,"readInfo":0,"collectInfo":0},{"id":702286,"cover":"http:\/\/api.lemiyigou.com\/702\/702286.jpg","summary":"�ҽ���ǧˮ��һ���ƺӱ��ϵ���ʬ�ˣ���һ�����Ҿ����������Ź��¡�һ�У���Ҫ�������ҳ���ʱ�����ӵ�����˵��...","status":1,"novelName":"�ƺ���ʬ��","authorId":"enR2YY","authorName":"ǱˮС߶","wordNum":"106����","isComplete":0,"isFree":1,"promotionType":2,"createdAt":"2024-01-24 18:15","novelId":"e92358","averageScore":"0.0","scoreNum":0,"commentNum":0,"starNum":0,"categoryNames":[{"classId":"9aAOdv","className":"ͬ������"}],"tagNames":[],"hotInfo":2538,"readInfo":0,"collectInfo":0},{"id":295635,"cover":"http:\/\/api.lemiyigou.com\/295\/295635.jpg","summary":"Ϊ���ܿ�Ƭ���ҺͶ�������ȥ��ʬ�����������һ��Ůʬ�����ܺÿ����Ҹ������Ӿ������϶�����������ǲ��������ˣ��Ծ����ȥ��","status":1,"novelName":"�ƺ���ʬ��","authorId":"b4RO4g","authorName":"�Ϧ","wordNum":"49����","isComplete":1,"isFree":1,"promotionType":2,"createdAt":"2020-06-15 01:41","novelId":"b2voZz","averageScore":"0.0","scoreNum":0,"commentNum":0,"starNum":0,"categoryNames":[{"classId":"zbq2dp","className":"�ƻ�"}],"tagNames":[],"hotInfo":2508,"readInfo":0,"collectInfo":0},{"id":575252,"cover":"http:\/\/api.lemiyigou.com\/575\/575252.jpg","summary":"�������ϱ����������ж����У�һ�����������Σ����С��Ī�����һ����������ľ������Դ���������ʮ�����ĳ������ص�����ʬ�˵Ĺ���","status":1,"novelName":"������ʬ��","authorId":"eZVDG2","authorName":"����ʮ�˺�","wordNum":"19����","isComplete":0,"isFree":1,"promotionType":2,"createdAt":"2020-07-11 04:37","novelId":"bqlvQG","averageScore":"0.0","scoreNum":0,"commentNum":0,"starNum":0,"categoryNames":[{"classId":"zbq2dp","className":"�ƻ�"}],"tagNames":[],"hotInfo":2416,"readInfo":0,"collectInfo":0},{"id":746961,"cover":"http:\/\/api.lemiyigou.com\/746\/746961.jpg","summary":"����ʬ����һ���ǱȽϻ����ģ�Ů��������һ�У������ϸ���������ˡ�����Ȼƫƫ��������ʬ�ˡ�����˵�����д�ɷ�������˸�ĸ���������Լ�һ�ҡ���������˵����ע���Ⱳ��һ���ˡ������ǲ����⣺��������ʬ��򽻵����Ⱥ������׶��ˡ����Ͼ����Ŀͻ����ɶ�û�в����ġ�","status":1,"novelName":"ְҵ��ʬ��","authorId":"bWP3Dg","authorName":"һ֦��ҩ��","wordNum":"27����","isComplete":0,"isFree":1,"promotionType":2,"createdAt":"2026-05-15 08:13","novelId":"bD05mx","averageScore":"0.0","scoreNum":0,"commentNum":0,"starNum":0,"categoryNames":[{"classId":"9aAOdv","className":"ͬ������"}],"tagNames":[],"hotInfo":231,"readInfo":0,"collectInfo":0},{"id":262576,"cover":"http:\/\/api.lemiyigou.com\/262\/262576.jpg","summary":"�ƺӱ���ǧ�꣬����֪���ģ�������֪���������¼�������������½���������Ұ�һ�ƺӱ��ϵ���ʬ��Ϊʦ��ȴ����Ҳ��Ϊ���ְҵǣ���������ྪ㤲��ѵĿֲ��¼�����ʬ�ػʣ�ǧ�����䣬�ƶ���ʬ����Щ���������쾭����һ���֡����������ۼ�֤���Լ�������������ͼ��ֹ���������ܳɹ��𣿰����õ����˳�д��һ������С˵������ռ��ʦ�������ڱȽ��ر�ĹŴ����죬��ҿ���ȥ������������ǩԼ��","status":1,"novelName":"���ǻƺ���ʬ��","authorId":"e5yEQB","authorName":"����2","wordNum":"201����","isComplete":1,"isFree":1,"promotionType":2,"createdAt":"2020-06-17 19:30","novelId":"bYvvwA","averageScore":"0.0","scoreNum":0,"commentNum":0,"starNum":0,"categoryNames":[{"classId":"zbq2dp","className":"�ƻ�"}],"tagNames":[],"hotInfo":2407,"readInfo":0,"collectInfo":0},{"id":544324,"cover":"http:\/\/api.lemiyigou.com\/544\/544324.jpg","summary":"ÿ��ƺӷ���ˮ������Ī������������ܶ��ˣ��ҳ����ڻƺӱ�һ��������������Сɽ�壬�ҽ�Ҷ�裬��Ʈ���ڻƺ�֮�ϵ�һλ��ʬ�ˡ���","status":1,"novelName":"��ʬ��¼","authorId":"az32Yb","authorName":"ҹ����¥","wordNum":"108����","isComplete":0,"isFree":1,"promotionType":2,"createdAt":"2020-06-15 17:59","novelId":"dNYG0D","averageScore":"0.0","scoreNum":0,"commentNum":0,"starNum":0,"categoryNames":[{"classId":"zbq2dp","className":"�ƻ�"}],"tagNames":[],"hotInfo":2469,"readInfo":0,"collectInfo":0},{"id":705053,"cover":"http:\/\/api.lemiyigou.com\/705\/705053.jpg","summary":"�����ʮ����̳���ʦ�����²�����Ϊ��һ�����ص���ʬ�ˡ�����ǰ��ʦ������������ʼ���������Щ���������������Ĺ������ܡ�����ҹ�ļ�������������������һ����������ص��¼��ҿ���Ļ������լ���������ˣ���è����������׮���������������Ů����һ����һ���޷��ÿ�ѧ�����͵����������Χ������չ��������һ���������������󡭡�","status":1,"novelName":"��ʬ����","authorId":"dLZQJ4","authorName":"�ܳ�����","wordNum":"80����","isComplete":0,"isFree":1,"promotionType":2,"createdAt":"2024-03-23 06:34","novelId":"erYX9K","averageScore":"0.0","scoreNum":0,"commentNum":0,"starNum":0,"categoryNames":[{"classId":"zbq2dp","className":"�ƻ�"}],"tagNames":[],"hotInfo":20945,"readInfo":0,"collectInfo":0},{"id":688076,"cover":"http:\/\/api.lemiyigou.com\/688\/688076.jpg","summary":"����ʬ�����У����µ�Ҳ����ɻ�ģ��������������������һ�����ǡ������������ڶ����ǡ�վ��ʬ������������Ůʬ�����һ�����ǻƺӹ����","status":1,"novelName":"��ʬ����","authorId":"e575PA","authorName":"����֮ʱ","wordNum":"115����","isComplete":0,"isFree":1,"promotionType":2,"createdAt":"2023-01-09 11:06","novelId":"bYMvxW","averageScore":"0.0","scoreNum":0,"commentNum":0,"starNum":0,"categoryNames":[{"classId":"zbq2dp","className":"�ƻ�"}],"tagNames":[],"hotInfo":2503,"readInfo":0,"collectInfo":0}]}
21:12:16.880 [OkHttp http://api.lemiyigou.com/...] DEBUG io.legado.app.model.DebugLog - <-- END HTTP (10838-byte, 3839-gzipped-byte body)
21:12:16.881 [main @coroutine#42] INFO io.legado.app.model.DebugLog - sourceUrl: http://api.lemiyigou.com, msg: �Ի�ȡ�ɹ�:
/search?page=1&keyword=��ʬ��
21:12:16.881 [main @coroutine#42] INFO io.legado.app.model.DebugLog - sourceUrl: http://api.lemiyigou.com, msg: ����ȡ�鼮�б�
21:12:16.881 [main @coroutine#42] DEBUG com.jayway.jsonpath.internal.path.CompiledPath - Evaluating path: $['data'][*]
21:12:16.881 [main @coroutine#42] INFO io.legado.app.model.DebugLog - sourceUrl: http://api.lemiyigou.com, msg: ���б��С:15
21:12:16.881 [main @coroutine#42] INFO io.legado.app.model.DebugLog - sourceUrl: http://api.lemiyigou.com, msg: ����ȡ����
21:12:16.881 [main @coroutine#42] DEBUG com.jayway.jsonpath.internal.path.CompiledPath - Evaluating path: $['novelName']
21:12:16.882 [main @coroutine#42] INFO io.legado.app.model.DebugLog - sourceUrl: http://api.lemiyigou.com, msg: ����ʬ��
21:12:16.882 [main @coroutine#42] INFO io.legado.app.model.DebugLog - sourceUrl: http://api.lemiyigou.com, msg: ����ȡ����
21:12:16.882 [main @coroutine#42] DEBUG com.jayway.jsonpath.internal.path.CompiledPath - Evaluating path: $['authorName']
21:12:16.882 [main @coroutine#42] INFO io.legado.app.model.DebugLog - sourceUrl: http://api.lemiyigou.com, msg: �������С��
21:12:16.882 [main @coroutine#42] INFO io.legado.app.model.DebugLog - sourceUrl: http://api.lemiyigou.com, msg: ����ȡ����
21:12:16.882 [main @coroutine#42] DEBUG com.jayway.jsonpath.internal.path.CompiledPath - Evaluating path: $['averageScore']
21:12:16.882 [main @coroutine#42] DEBUG com.jayway.jsonpath.internal.path.CompiledPath - Evaluating path: $..['className']
21:12:16.882 [main @coroutine#42] INFO io.legado.app.model.DebugLog - sourceUrl: http://api.lemiyigou.com, msg: ������,8.2��
21:12:16.882 [main @coroutine#42] INFO io.legado.app.model.DebugLog - sourceUrl: http://api.lemiyigou.com, msg: ����ȡ����
21:12:16.882 [main @coroutine#42] DEBUG com.jayway.jsonpath.internal.path.CompiledPath - Evaluating path: $['wordNum']
21:12:16.882 [main @coroutine#42] INFO io.legado.app.model.DebugLog - sourceUrl: http://api.lemiyigou.com, msg: ��934����
21:12:16.882 [main @coroutine#42] INFO io.legado.app.model.DebugLog - sourceUrl: http://api.lemiyigou.com, msg: ����ȡ�����½�
21:12:16.882 [main @coroutine#42] INFO io.legado.app.model.DebugLog - sourceUrl: http://api.lemiyigou.com, msg: ��
21:12:16.882 [main @coroutine#42] INFO io.legado.app.model.DebugLog - sourceUrl: http://api.lemiyigou.com, msg: ����ȡ���
21:12:16.882 [main @coroutine#42] DEBUG com.jayway.jsonpath.internal.path.CompiledPath - Evaluating path: $['summary']
21:12:16.882 [main @coroutine#42] INFO io.legado.app.model.DebugLog - sourceUrl: http://api.lemiyigou.com, msg: ����֪��ֲ����������Ķ�������һ����ͳ����С˵��
21:12:16.882 [main @coroutine#42] INFO io.legado.app.model.DebugLog - sourceUrl: http://api.lemiyigou.com, msg: ����ȡ��������
21:12:16.882 [main @coroutine#42] DEBUG com.jayway.jsonpath.internal.path.CompiledPath - Evaluating path: $['cover']
21:12:16.882 [main @coroutine#42] INFO io.legado.app.model.DebugLog - sourceUrl: http://api.lemiyigou.com, msg: ��http://api.lemiyigou.com/714/714139.jpg
21:12:16.882 [main @coroutine#42] INFO io.legado.app.model.DebugLog - sourceUrl: http://api.lemiyigou.com, msg: ����ȡ����ҳ����
21:12:16.882 [main @coroutine#42] DEBUG com.jayway.jsonpath.internal.path.CompiledPath - Evaluating path: $['novelId']
21:12:16.882 [main @coroutine#42] INFO io.legado.app.model.DebugLog - sourceUrl: http://api.lemiyigou.com, msg: ��http://api.lemiyigou.com/novel/b60xD7?isSearch=1
21:12:16.882 [main @coroutine#42] DEBUG com.jayway.jsonpath.internal.path.CompiledPath - Evaluating path: $['novelName']
21:12:16.882 [main @coroutine#42] DEBUG com.jayway.jsonpath.internal.path.CompiledPath - Evaluating path: $['authorName']
21:12:16.882 [main @coroutine#42] DEBUG com.jayway.jsonpath.internal.path.CompiledPath - Evaluating path: $['averageScore']
21:12:16.882 [main @coroutine#42] DEBUG com.jayway.jsonpath.internal.path.CompiledPath - Evaluating path: $..['className']
21:12:16.882 [main @coroutine#42] DEBUG com.jayway.jsonpath.internal.path.CompiledPath - Evaluating path: $['wordNum']
21:12:16.882 [main @coroutine#42] DEBUG com.jayway.jsonpath.internal.path.CompiledPath - Evaluating path: $['summary']
21:12:16.882 [main @coroutine#42] DEBUG com.jayway.jsonpath.internal.path.CompiledPath - Evaluating path: $['cover']
21:12:16.882 [main @coroutine#42] DEBUG com.jayway.jsonpath.internal.path.CompiledPath - Evaluating path: $['novelId']
21:12:16.882 [main @coroutine#42] DEBUG com.jayway.jsonpath.internal.path.CompiledPath - Evaluating path: $['novelName']
21:12:16.882 [main @coroutine#42] DEBUG com.jayway.jsonpath.internal.path.CompiledPath - Evaluating path: $['authorName']
21:12:16.882 [main @coroutine#42] DEBUG com.jayway.jsonpath.internal.path.CompiledPath - Evaluating path: $['averageScore']
21:12:16.882 [main @coroutine#42] DEBUG com.jayway.jsonpath.internal.path.CompiledPath - Evaluating path: $..['className']
21:12:16.882 [main @coroutine#42] DEBUG com.jayway.jsonpath.internal.path.CompiledPath - Evaluating path: $['wordNum']
21:12:16.882 [main @coroutine#42] DEBUG com.jayway.jsonpath.internal.path.CompiledPath - Evaluating path: $['summary']
21:12:16.883 [main @coroutine#42] DEBUG com.jayway.jsonpath.internal.path.CompiledPath - Evaluating path: $['cover']
21:12:16.883 [main @coroutine#42] DEBUG com.jayway.jsonpath.internal.path.CompiledPath - Evaluating path: $['novelId']
21:12:16.883 [main @coroutine#42] DEBUG com.jayway.jsonpath.internal.path.CompiledPath - Evaluating path: $['novelName']
21:12:16.883 [main @coroutine#42] DEBUG com.jayway.jsonpath.internal.path.CompiledPath - Evaluating path: $['authorName']
21:12:16.883 [main @coroutine#42] DEBUG com.jayway.jsonpath.internal.path.CompiledPath - Evaluating path: $['averageScore']
21:12:16.883 [main @coroutine#42] DEBUG com.jayway.jsonpath.internal.path.CompiledPath - Evaluating path: $..['className']
21:12:16.883 [main @coroutine#42] DEBUG com.jayway.jsonpath.internal.path.CompiledPath - Evaluating path: $['wordNum']
21:12:16.883 [main @coroutine#42] DEBUG com.jayway.jsonpath.internal.path.CompiledPath - Evaluating path: $['summary']
21:12:16.883 [main @coroutine#42] DEBUG com.jayway.jsonpath.internal.path.CompiledPath - Evaluating path: $['cover']
21:12:16.883 [main @coroutine#42] DEBUG com.jayway.jsonpath.internal.path.CompiledPath - Evaluating path: $['novelId']
21:12:16.883 [main @coroutine#42] DEBUG com.jayway.jsonpath.internal.path.CompiledPath - Evaluating path: $['novelName']
21:12:16.883 [main @coroutine#42] DEBUG com.jayway.jsonpath.internal.path.CompiledPath - Evaluating path: $['authorName']
21:12:16.883 [main @coroutine#42] DEBUG com.jayway.jsonpath.internal.path.CompiledPath - Evaluating path: $['averageScore']
21:12:16.883 [main @coroutine#42] DEBUG com.jayway.jsonpath.internal.path.CompiledPath - Evaluating path: $..['className']
21:12:16.883 [main @coroutine#42] DEBUG com.jayway.jsonpath.internal.path.CompiledPath - Evaluating path: $['wordNum']
21:12:16.883 [main @coroutine#42] DEBUG com.jayway.jsonpath.internal.path.CompiledPath - Evaluating path: $['summary']
21:12:16.883 [main @coroutine#42] DEBUG com.jayway.jsonpath.internal.path.CompiledPath - Evaluating path: $['cover']
21:12:16.883 [main @coroutine#42] DEBUG com.jayway.jsonpath.internal.path.CompiledPath - Evaluating path: $['novelId']
21:12:16.883 [main @coroutine#42] DEBUG com.jayway.jsonpath.internal.path.CompiledPath - Evaluating path: $['novelName']
21:12:16.883 [main @coroutine#42] DEBUG com.jayway.jsonpath.internal.path.CompiledPath - Evaluating path: $['authorName']
21:12:16.883 [main @coroutine#42] DEBUG com.jayway.jsonpath.internal.path.CompiledPath - Evaluating path: $['averageScore']
21:12:16.883 [main @coroutine#42] DEBUG com.jayway.jsonpath.internal.path.CompiledPath - Evaluating path: $..['className']
21:12:16.883 [main @coroutine#42] DEBUG com.jayway.jsonpath.internal.path.CompiledPath - Evaluating path: $['wordNum']
21:12:16.883 [main @coroutine#42] DEBUG com.jayway.jsonpath.internal.path.CompiledPath - Evaluating path: $['summary']
21:12:16.883 [main @coroutine#42] DEBUG com.jayway.jsonpath.internal.path.CompiledPath - Evaluating path: $['cover']
21:12:16.883 [main @coroutine#42] DEBUG com.jayway.jsonpath.internal.path.CompiledPath - Evaluating path: $['novelId']
21:12:16.883 [main @coroutine#42] DEBUG com.jayway.jsonpath.internal.path.CompiledPath - Evaluating path: $['novelName']
21:12:16.883 [main @coroutine#42] DEBUG com.jayway.jsonpath.internal.path.CompiledPath - Evaluating path: $['authorName']
21:12:16.883 [main @coroutine#42] DEBUG com.jayway.jsonpath.internal.path.CompiledPath - Evaluating path: $['averageScore']
21:12:16.883 [main @coroutine#42] DEBUG com.jayway.jsonpath.internal.path.CompiledPath - Evaluating path: $..['className']
21:12:16.883 [main @coroutine#42] DEBUG com.jayway.jsonpath.internal.path.CompiledPath - Evaluating path: $['wordNum']
21:12:16.883 [main @coroutine#42] DEBUG com.jayway.jsonpath.internal.path.CompiledPath - Evaluating path: $['summary']
21:12:16.883 [main @coroutine#42] DEBUG com.jayway.jsonpath.internal.path.CompiledPath - Evaluating path: $['cover']
21:12:16.884 [main @coroutine#42] DEBUG com.jayway.jsonpath.internal.path.CompiledPath - Evaluating path: $['novelId']
21:12:16.884 [main @coroutine#42] DEBUG com.jayway.jsonpath.internal.path.CompiledPath - Evaluating path: $['novelName']
21:12:16.884 [main @coroutine#42] DEBUG com.jayway.jsonpath.internal.path.CompiledPath - Evaluating path: $['authorName']
21:12:16.884 [main @coroutine#42] DEBUG com.jayway.jsonpath.internal.path.CompiledPath - Evaluating path: $['averageScore']
21:12:16.884 [main @coroutine#42] DEBUG com.jayway.jsonpath.internal.path.CompiledPath - Evaluating path: $..['className']
21:12:16.884 [main @coroutine#42] DEBUG com.jayway.jsonpath.internal.path.CompiledPath - Evaluating path: $['wordNum']
21:12:16.884 [main @coroutine#42] DEBUG com.jayway.jsonpath.internal.path.CompiledPath - Evaluating path: $['summary']
21:12:16.884 [main @coroutine#42] DEBUG com.jayway.jsonpath.internal.path.CompiledPath - Evaluating path: $['cover']
21:12:16.884 [main @coroutine#42] DEBUG com.jayway.jsonpath.internal.path.CompiledPath - Evaluating path: $['novelId']
21:12:16.884 [main @coroutine#42] DEBUG com.jayway.jsonpath.internal.path.CompiledPath - Evaluating path: $['novelName']
21:12:16.884 [main @coroutine#42] DEBUG com.jayway.jsonpath.internal.path.CompiledPath - Evaluating path: $['authorName']
21:12:16.884 [main @coroutine#42] DEBUG com.jayway.jsonpath.internal.path.CompiledPath - Evaluating path: $['averageScore']
21:12:16.884 [main @coroutine#42] DEBUG com.jayway.jsonpath.internal.path.CompiledPath - Evaluating path: $..['className']
21:12:16.884 [main @coroutine#42] DEBUG com.jayway.jsonpath.internal.path.CompiledPath - Evaluating path: $['wordNum']
21:12:16.884 [main @coroutine#42] DEBUG com.jayway.jsonpath.internal.path.CompiledPath - Evaluating path: $['summary']
21:12:16.884 [main @coroutine#42] DEBUG com.jayway.jsonpath.internal.path.CompiledPath - Evaluating path: $['cover']
21:12:16.884 [main @coroutine#42] DEBUG com.jayway.jsonpath.internal.path.CompiledPath - Evaluating path: $['novelId']
21:12:16.884 [main @coroutine#42] DEBUG com.jayway.jsonpath.internal.path.CompiledPath - Evaluating path: $['novelName']
21:12:16.884 [main @coroutine#42] DEBUG com.jayway.jsonpath.internal.path.CompiledPath - Evaluating path: $['authorName']
21:12:16.884 [main @coroutine#42] DEBUG com.jayway.jsonpath.internal.path.CompiledPath - Evaluating path: $['averageScore']
21:12:16.884 [main @coroutine#42] DEBUG com.jayway.jsonpath.internal.path.CompiledPath - Evaluating path: $..['className']
21:12:16.884 [main @coroutine#42] DEBUG com.jayway.jsonpath.internal.path.CompiledPath - Evaluating path: $['wordNum']
21:12:16.885 [main @coroutine#42] DEBUG com.jayway.jsonpath.internal.path.CompiledPath - Evaluating path: $['summary']
21:12:16.885 [main @coroutine#42] DEBUG com.jayway.jsonpath.internal.path.CompiledPath - Evaluating path: $['cover']
21:12:16.885 [main @coroutine#42] DEBUG com.jayway.jsonpath.internal.path.CompiledPath - Evaluating path: $['novelId']
21:12:16.885 [main @coroutine#42] DEBUG com.jayway.jsonpath.internal.path.CompiledPath - Evaluating path: $['novelName']
21:12:16.885 [main @coroutine#42] DEBUG com.jayway.jsonpath.internal.path.CompiledPath - Evaluating path: $['authorName']
21:12:16.885 [main @coroutine#42] DEBUG com.jayway.jsonpath.internal.path.CompiledPath - Evaluating path: $['averageScore']
21:12:16.885 [main @coroutine#42] DEBUG com.jayway.jsonpath.internal.path.CompiledPath - Evaluating path: $..['className']
21:12:16.885 [main @coroutine#42] DEBUG com.jayway.jsonpath.internal.path.CompiledPath - Evaluating path: $['wordNum']
21:12:16.885 [main @coroutine#42] DEBUG com.jayway.jsonpath.internal.path.CompiledPath - Evaluating path: $['summary']
21:12:16.885 [main @coroutine#42] DEBUG com.jayway.jsonpath.internal.path.CompiledPath - Evaluating path: $['cover']
21:12:16.885 [main @coroutine#42] DEBUG com.jayway.jsonpath.internal.path.CompiledPath - Evaluating path: $['novelId']
21:12:16.885 [main @coroutine#42] DEBUG com.jayway.jsonpath.internal.path.CompiledPath - Evaluating path: $['novelName']
21:12:16.885 [main @coroutine#42] DEBUG com.jayway.jsonpath.internal.path.CompiledPath - Evaluating path: $['authorName']
21:12:16.885 [main @coroutine#42] DEBUG com.jayway.jsonpath.internal.path.CompiledPath - Evaluating path: $['averageScore']
21:12:16.885 [main @coroutine#42] DEBUG com.jayway.jsonpath.internal.path.CompiledPath - Evaluating path: $..['className']
21:12:16.885 [main @coroutine#42] DEBUG com.jayway.jsonpath.internal.path.CompiledPath - Evaluating path: $['wordNum']
21:12:16.885 [main @coroutine#42] DEBUG com.jayway.jsonpath.internal.path.CompiledPath - Evaluating path: $['summary']
21:12:16.885 [main @coroutine#42] DEBUG com.jayway.jsonpath.internal.path.CompiledPath - Evaluating path: $['cover']
21:12:16.885 [main @coroutine#42] DEBUG com.jayway.jsonpath.internal.path.CompiledPath - Evaluating path: $['novelId']
21:12:16.885 [main @coroutine#42] DEBUG com.jayway.jsonpath.internal.path.CompiledPath - Evaluating path: $['novelName']
21:12:16.885 [main @coroutine#42] DEBUG com.jayway.jsonpath.internal.path.CompiledPath - Evaluating path: $['authorName']
21:12:16.885 [main @coroutine#42] DEBUG com.jayway.jsonpath.internal.path.CompiledPath - Evaluating path: $['averageScore']
21:12:16.885 [main @coroutine#42] DEBUG com.jayway.jsonpath.internal.path.CompiledPath - Evaluating path: $..['className']
21:12:16.885 [main @coroutine#42] DEBUG com.jayway.jsonpath.internal.path.CompiledPath - Evaluating path: $['wordNum']
21:12:16.885 [main @coroutine#42] DEBUG com.jayway.jsonpath.internal.path.CompiledPath - Evaluating path: $['summary']
21:12:16.885 [main @coroutine#42] DEBUG com.jayway.jsonpath.internal.path.CompiledPath - Evaluating path: $['cover']
21:12:16.885 [main @coroutine#42] DEBUG com.jayway.jsonpath.internal.path.CompiledPath - Evaluating path: $['novelId']
21:12:16.886 [main @coroutine#42] DEBUG com.jayway.jsonpath.internal.path.CompiledPath - Evaluating path: $['novelName']
21:12:16.886 [main @coroutine#42] DEBUG com.jayway.jsonpath.internal.path.CompiledPath - Evaluating path: $['authorName']
21:12:16.886 [main @coroutine#42] DEBUG com.jayway.jsonpath.internal.path.CompiledPath - Evaluating path: $['averageScore']
21:12:16.886 [main @coroutine#42] DEBUG com.jayway.jsonpath.internal.path.CompiledPath - Evaluating path: $..['className']
21:12:16.886 [main @coroutine#42] DEBUG com.jayway.jsonpath.internal.path.CompiledPath - Evaluating path: $['wordNum']
21:12:16.886 [main @coroutine#42] DEBUG com.jayway.jsonpath.internal.path.CompiledPath - Evaluating path: $['summary']
21:12:16.886 [main @coroutine#42] DEBUG com.jayway.jsonpath.internal.path.CompiledPath - Evaluating path: $['cover']
21:12:16.886 [main @coroutine#42] DEBUG com.jayway.jsonpath.internal.path.CompiledPath - Evaluating path: $['novelId']
21:12:16.886 [main @coroutine#42] DEBUG com.jayway.jsonpath.internal.path.CompiledPath - Evaluating path: $['novelName']
21:12:16.886 [main @coroutine#42] DEBUG com.jayway.jsonpath.internal.path.CompiledPath - Evaluating path: $['authorName']
21:12:16.886 [main @coroutine#42] DEBUG com.jayway.jsonpath.internal.path.CompiledPath - Evaluating path: $['averageScore']
21:12:16.886 [main @coroutine#42] DEBUG com.jayway.jsonpath.internal.path.CompiledPath - Evaluating path: $..['className']
21:12:16.886 [main @coroutine#42] DEBUG com.jayway.jsonpath.internal.path.CompiledPath - Evaluating path: $['wordNum']
21:12:16.886 [main @coroutine#42] DEBUG com.jayway.jsonpath.internal.path.CompiledPath - Evaluating path: $['summary']
21:12:16.886 [main @coroutine#42] DEBUG com.jayway.jsonpath.internal.path.CompiledPath - Evaluating path: $['cover']
21:12:16.886 [main @coroutine#42] DEBUG com.jayway.jsonpath.internal.path.CompiledPath - Evaluating path: $['novelId']
21:12:16.886 [main] INFO cn.kong.app.model.NovelSourceTest -   �������: 15 ��
21:12:16.886 [main] INFO cn.kong.app.model.NovelSourceTest -     [1] ��ʬ�� | �����С��
21:12:16.886 [main] INFO cn.kong.app.model.NovelSourceTest -     [2] ��ʬ�� | ������ˮ
21:12:16.886 [main] INFO cn.kong.app.model.NovelSourceTest -     [3] ��ʬ�� | ��ʮ��
21:12:16.886 [main] INFO cn.kong.app.model.NovelSourceTest -   --- Step 2: ��ȡ���� ---
21:12:16.886 [OkHttp http://api.lemiyigou.com/...] DEBUG io.legado.app.model.DebugLog - --> GET http://api.lemiyigou.com/novel/b60xD7?isSearch=1 http/1.1
21:12:16.886 [OkHttp http://api.lemiyigou.com/...] DEBUG io.legado.app.model.DebugLog - client-source: android
21:12:16.886 [OkHttp http://api.lemiyigou.com/...] DEBUG io.legado.app.model.DebugLog - Authorization: bearereyJ0eXAiOiJKV1QiLCJhbGciOiJIUzI1NiJ9.eyJpc3MiOiJodHRwOlwvXC9hcGkuanhndHp4Yy5jb21cL2F1dGhcL3RoaXJkIiwiaWF0IjoxNjgzODkxNjUyLCJleHAiOjE3NzcyMDM2NTIsIm5iZiI6MTY4Mzg5MTY1MiwianRpIjoiR2JxWmI4bGZkbTVLYzBIViIsInN1YiI6Njg3ODYyLCJwcnYiOiJhMWNiMDM3MTgwMjk2YzZhMTkzOGVmMzBiNDM3OTQ2NzJkZDAxNmM1In0.mMxaC2SVyZKyjC6rdUqFVv5d9w_X36o0AdKD7szvE_Q
21:12:16.886 [OkHttp http://api.lemiyigou.com/...] DEBUG io.legado.app.model.DebugLog - client-brand: Redmi
21:12:16.886 [OkHttp http://api.lemiyigou.com/...] DEBUG io.legado.app.model.DebugLog - User-Agent: okhttp/4.9.2
21:12:16.886 [OkHttp http://api.lemiyigou.com/...] DEBUG io.legado.app.model.DebugLog - client-version: 2.3.0
21:12:16.886 [OkHttp http://api.lemiyigou.com/...] DEBUG io.legado.app.model.DebugLog - client-device: 2d37f6b5b6b2605373092c3dc65a3b39
21:12:16.886 [OkHttp http://api.lemiyigou.com/...] DEBUG io.legado.app.model.DebugLog - client-name: app.maoyankanshu.novel
21:12:16.886 [OkHttp http://api.lemiyigou.com/...] DEBUG io.legado.app.model.DebugLog - Keep-Alive: 300
21:12:16.886 [OkHttp http://api.lemiyigou.com/...] DEBUG io.legado.app.model.DebugLog - Connection: Keep-Alive
21:12:16.886 [OkHttp http://api.lemiyigou.com/...] DEBUG io.legado.app.model.DebugLog - Cache-Control: no-cache
21:12:16.886 [OkHttp http://api.lemiyigou.com/...] DEBUG io.legado.app.model.DebugLog - Host: api.lemiyigou.com
21:12:16.886 [OkHttp http://api.lemiyigou.com/...] DEBUG io.legado.app.model.DebugLog - Accept-Encoding: gzip
21:12:16.886 [OkHttp http://api.lemiyigou.com/...] DEBUG io.legado.app.model.DebugLog - --> END GET
21:12:17.065 [OkHttp http://api.lemiyigou.com/...] DEBUG io.legado.app.model.DebugLog - <-- 200 OK http://api.lemiyigou.com/novel/b60xD7?isSearch=1 (179ms)
21:12:17.065 [OkHttp http://api.lemiyigou.com/...] DEBUG io.legado.app.model.DebugLog - Server: nginx
21:12:17.065 [OkHttp http://api.lemiyigou.com/...] DEBUG io.legado.app.model.DebugLog - Date: Fri, 14 Aug 2026 12:29:44 GMT
21:12:17.065 [OkHttp http://api.lemiyigou.com/...] DEBUG io.legado.app.model.DebugLog - Content-Type: application/json
21:12:17.065 [OkHttp http://api.lemiyigou.com/...] DEBUG io.legado.app.model.DebugLog - Transfer-Encoding: chunked
21:12:17.065 [OkHttp http://api.lemiyigou.com/...] DEBUG io.legado.app.model.DebugLog - Connection: keep-alive
21:12:17.065 [OkHttp http://api.lemiyigou.com/...] DEBUG io.legado.app.model.DebugLog - Access-Control-Allow-Origin: *
21:12:17.065 [OkHttp http://api.lemiyigou.com/...] DEBUG io.legado.app.model.DebugLog - Access-Control-Allow-Methods: GET, POST, PUT, DELETE, OPTIONS, PATCH
21:12:17.065 [OkHttp http://api.lemiyigou.com/...] DEBUG io.legado.app.model.DebugLog - Access-Control-Allow-Headers: Authorization, Content-Type, Origin, Type, client-brand, client-device, client-version, client-source, client-name, alias-name
21:12:17.065 [OkHttp http://api.lemiyigou.com/...] DEBUG io.legado.app.model.DebugLog - Cache-Control: private, must-revalidate
21:12:17.065 [OkHttp http://api.lemiyigou.com/...] DEBUG io.legado.app.model.DebugLog - X-RateLimit-Limit: 120
21:12:17.065 [OkHttp http://api.lemiyigou.com/...] DEBUG io.legado.app.model.DebugLog - X-RateLimit-Remaining: 119
21:12:17.065 [OkHttp http://api.lemiyigou.com/...] DEBUG io.legado.app.model.DebugLog - pragma: no-cache
21:12:17.065 [OkHttp http://api.lemiyigou.com/...] DEBUG io.legado.app.model.DebugLog - expires: -1
21:12:17.065 [OkHttp http://api.lemiyigou.com/...] DEBUG io.legado.app.model.DebugLog - Content-Encoding: gzip
21:12:17.065 [OkHttp http://api.lemiyigou.com/...] DEBUG io.legado.app.model.DebugLog - X-Cache-Status: MISS
21:12:17.066 [OkHttp http://api.lemiyigou.com/...] DEBUG io.legado.app.model.DebugLog - 
21:12:17.066 [OkHttp http://api.lemiyigou.com/...] DEBUG io.legado.app.model.DebugLog - {"request_id":"15b0978e-9a0a-419f-bd69-bdd9d7831f76","msg":"��֤ʧ��","code":4005,"data":[]}
21:12:17.066 [OkHttp http://api.lemiyigou.com/...] DEBUG io.legado.app.model.DebugLog - <-- END HTTP (96-byte, 114-gzipped-byte body)
21:12:17.066 [main @coroutine#43] INFO io.legado.app.model.DebugLog - sourceUrl: http://api.lemiyigou.com, msg: �Ի�ȡ�ɹ�:http://api.lemiyigou.com/novel/b60xD7?isSearch=1
21:12:17.066 [main @coroutine#43] INFO io.legado.app.model.DebugLog - sourceUrl: http://api.lemiyigou.com, msg: ��ִ������ҳ��ʼ������
21:12:17.066 [main @coroutine#43] DEBUG com.jayway.jsonpath.internal.path.CompiledPath - Evaluating path: $['data']
21:12:17.066 [main @coroutine#43] INFO io.legado.app.model.DebugLog - sourceUrl: http://api.lemiyigou.com, msg: ����ȡ����
21:12:17.066 [main @coroutine#43] DEBUG com.jayway.jsonpath.internal.path.CompiledPath - Evaluating path: $['novelName']
com.jayway.jsonpath.PathNotFoundException: Expected to find an object with property ['novelName'] in path $ but found '
net.minidev.json.JSONArray'. This is not a json object according to the JsonProvider: 'com.jayway.jsonpath.spi.json.Jso
nSmartJsonProvider'.
21:12:17.066 [main @coroutine#43] INFO io.legado.app.model.DebugLog - sourceUrl: http://api.lemiyigou.com, msg: ��
21:12:17.066 [main @coroutine#43] INFO io.legado.app.model.DebugLog - sourceUrl: http://api.lemiyigou.com, msg: ����ȡ����
21:12:17.066 [main @coroutine#43] DEBUG com.jayway.jsonpath.internal.path.CompiledPath - Evaluating path: $['authorName']
21:12:17.067 [main @coroutine#43] INFO io.legado.app.model.DebugLog - sourceUrl: http://api.lemiyigou.com, msg: ��
21:12:17.067 [main @coroutine#43] INFO io.legado.app.model.DebugLog - sourceUrl: http://api.lemiyigou.com, msg: ����ȡ����
21:12:17.067 [main @coroutine#43] DEBUG com.jayway.jsonpath.internal.path.CompiledPath - Evaluating path: $..['tagName']
21:12:17.067 [main @coroutine#43] DEBUG com.jayway.jsonpath.internal.path.CompiledPath - Evaluating path: $['className']
21:12:17.067 [main @coroutine#43] DEBUG com.jayway.jsonpath.internal.path.CompiledPath - Evaluating path: $['averageScore']
com.jayway.jsonpath.PathNotFoundException: Expected to find an object with property ['authorName'] in path $ but found 
'net.minidev.json.JSONArray'. This is not a json object according to the JsonProvider: 'com.jayway.jsonpath.spi.json.Js
onSmartJsonProvider'.
com.jayway.jsonpath.PathNotFoundException: Expected to find an object with property ['className'] in path $ but found '
net.minidev.json.JSONArray'. This is not a json object according to the JsonProvider: 'com.jayway.jsonpath.spi.json.Jso
nSmartJsonProvider'.
com.jayway.jsonpath.PathNotFoundException: Expected to find an object with property ['averageScore'] in path $ but foun
d 'net.minidev.json.JSONArray'. This is not a json object according to the JsonProvider: 'com.jayway.jsonpath.spi.json.
JsonSmartJsonProvider'.
com.jayway.jsonpath.PathNotFoundException: Expected to find an object with property ['lastChapter'] in path $ but found
 'net.minidev.json.JSONArray'. This is not a json object according to the JsonProvider: 'com.jayway.jsonpath.spi.json.J
sonSmartJsonProvider'.
com.jayway.jsonpath.PathNotFoundException: Expected to find an object with property ['wordNum'] in path $ but found 'ne
t.minidev.json.JSONArray'. This is not a json object according to the JsonProvider: 'com.jayway.jsonpath.spi.json.JsonS
martJsonProvider'.
21:12:17.067 [main @coroutine#43] DEBUG com.jayway.jsonpath.internal.path.CompiledPath - Evaluating path: $['lastChapter']['decTime']
21:12:17.067 [main @coroutine#43] INFO io.legado.app.model.DebugLog - sourceUrl: http://api.lemiyigou.com, msg: ��,��,,
21:12:17.067 [main @coroutine#43] INFO io.legado.app.model.DebugLog - sourceUrl: http://api.lemiyigou.com, msg: ����ȡ����
21:12:17.067 [main @coroutine#43] DEBUG com.jayway.jsonpath.internal.path.CompiledPath - Evaluating path: $['wordNum']
21:12:17.067 [main @coroutine#43] INFO io.legado.app.model.DebugLog - sourceUrl: http://api.lemiyigou.com, msg: ��null
21:12:17.067 [main @coroutine#43] INFO io.legado.app.model.DebugLog - sourceUrl: http://api.lemiyigou.com, msg: ����ȡ�����½�
21:12:17.067 [main @coroutine#43] DEBUG com.jayway.jsonpath.internal.path.CompiledPath - Evaluating path: $['lastChapter']['chapterName']
com.jayway.jsonpath.PathNotFoundException: Expected to find an object with property ['lastChapter'] in path $ but found
 'net.minidev.json.JSONArray'. This is not a json object according to the JsonProvider: 'com.jayway.jsonpath.spi.json.J
sonSmartJsonProvider'.
21:12:17.067 [main @coroutine#43] INFO io.legado.app.model.DebugLog - sourceUrl: http://api.lemiyigou.com, msg: ��null
21:12:17.067 [main @coroutine#43] INFO io.legado.app.model.DebugLog - sourceUrl: http://api.lemiyigou.com, msg: ����ȡ���
21:12:17.067 [main @coroutine#43] DEBUG com.jayway.jsonpath.internal.path.CompiledPath - Evaluating path: $..['summary']
21:12:17.067 [main @coroutine#43] INFO io.legado.app.model.DebugLog - sourceUrl: http://api.lemiyigou.com, msg: ����������
21:12:17.067 [main @coroutine#43] INFO io.legado.app.model.DebugLog - sourceUrl: http://api.lemiyigou.com, msg: ����ȡ��������
21:12:17.067 [main @coroutine#43] DEBUG com.jayway.jsonpath.internal.path.CompiledPath - Evaluating path: $..['cover']
21:12:17.067 [main @coroutine#43] INFO io.legado.app.model.DebugLog - sourceUrl: http://api.lemiyigou.com, msg: ��null
21:12:17.067 [main @coroutine#43] INFO io.legado.app.model.DebugLog - sourceUrl: http://api.lemiyigou.com, msg: ����ȡĿ¼����
21:12:17.067 [main @coroutine#43] DEBUG com.jayway.jsonpath.internal.path.CompiledPath - Evaluating path: $['novelId']
21:12:17.067 [main @coroutine#43] INFO io.legado.app.model.DebugLog - sourceUrl: http://api.lemiyigou.com, msg: ��http://api.lemiyigou.com/novel//chapters?readNum=1
com.jayway.jsonpath.PathNotFoundException: Expected to find an object with property ['novelId'] in path $ but found 'ne
t.minidev.json.JSONArray'. This is not a json object according to the JsonProvider: 'com.jayway.jsonpath.spi.json.JsonS
martJsonProvider'.
21:12:17.067 [main] INFO cn.kong.app.model.NovelSourceTest -   ����:  | ����: 
21:12:17.067 [main] INFO cn.kong.app.model.NovelSourceTest -   ���: ��������
21:12:17.067 [main] INFO cn.kong.app.model.NovelSourceTest -   --- Step 3: ��ȡĿ¼ ---
21:12:17.068 [OkHttp http://api.lemiyigou.com/...] DEBUG io.legado.app.model.DebugLog - --> GET http://api.lemiyigou.com/novel//chapters?readNum=1 http/1.1
21:12:17.068 [OkHttp http://api.lemiyigou.com/...] DEBUG io.legado.app.model.DebugLog - client-source: android
21:12:17.068 [OkHttp http://api.lemiyigou.com/...] DEBUG io.legado.app.model.DebugLog - Authorization: bearereyJ0eXAiOiJKV1QiLCJhbGciOiJIUzI1NiJ9.eyJpc3MiOiJodHRwOlwvXC9hcGkuanhndHp4Yy5jb21cL2F1dGhcL3RoaXJkIiwiaWF0IjoxNjgzODkxNjUyLCJleHAiOjE3NzcyMDM2NTIsIm5iZiI6MTY4Mzg5MTY1MiwianRpIjoiR2JxWmI4bGZkbTVLYzBIViIsInN1YiI6Njg3ODYyLCJwcnYiOiJhMWNiMDM3MTgwMjk2YzZhMTkzOGVmMzBiNDM3OTQ2NzJkZDAxNmM1In0.mMxaC2SVyZKyjC6rdUqFVv5d9w_X36o0AdKD7szvE_Q
21:12:17.068 [OkHttp http://api.lemiyigou.com/...] DEBUG io.legado.app.model.DebugLog - client-brand: Redmi
21:12:17.068 [OkHttp http://api.lemiyigou.com/...] DEBUG io.legado.app.model.DebugLog - User-Agent: okhttp/4.9.2
21:12:17.068 [OkHttp http://api.lemiyigou.com/...] DEBUG io.legado.app.model.DebugLog - client-version: 2.3.0
21:12:17.068 [OkHttp http://api.lemiyigou.com/...] DEBUG io.legado.app.model.DebugLog - client-device: 2d37f6b5b6b2605373092c3dc65a3b39
21:12:17.068 [OkHttp http://api.lemiyigou.com/...] DEBUG io.legado.app.model.DebugLog - client-name: app.maoyankanshu.novel
21:12:17.068 [OkHttp http://api.lemiyigou.com/...] DEBUG io.legado.app.model.DebugLog - Keep-Alive: 300
21:12:17.068 [OkHttp http://api.lemiyigou.com/...] DEBUG io.legado.app.model.DebugLog - Connection: Keep-Alive
21:12:17.068 [OkHttp http://api.lemiyigou.com/...] DEBUG io.legado.app.model.DebugLog - Cache-Control: no-cache
21:12:17.068 [OkHttp http://api.lemiyigou.com/...] DEBUG io.legado.app.model.DebugLog - Host: api.lemiyigou.com
21:12:17.068 [OkHttp http://api.lemiyigou.com/...] DEBUG io.legado.app.model.DebugLog - Accept-Encoding: gzip
21:12:17.068 [OkHttp http://api.lemiyigou.com/...] DEBUG io.legado.app.model.DebugLog - --> END GET
21:12:17.232 [OkHttp http://api.lemiyigou.com/...] DEBUG io.legado.app.model.DebugLog - <-- 301 Moved Permanently http://api.lemiyigou.com/novel//chapters?readNum=1 (163ms)
21:12:17.232 [OkHttp http://api.lemiyigou.com/...] DEBUG io.legado.app.model.DebugLog - Server: nginx
21:12:17.232 [OkHttp http://api.lemiyigou.com/...] DEBUG io.legado.app.model.DebugLog - Date: Fri, 14 Aug 2026 12:29:44 GMT
21:12:17.232 [OkHttp http://api.lemiyigou.com/...] DEBUG io.legado.app.model.DebugLog - Content-Type: text/html
21:12:17.232 [OkHttp http://api.lemiyigou.com/...] DEBUG io.legado.app.model.DebugLog - Content-Length: 162
21:12:17.232 [OkHttp http://api.lemiyigou.com/...] DEBUG io.legado.app.model.DebugLog - Connection: keep-alive
21:12:17.232 [OkHttp http://api.lemiyigou.com/...] DEBUG io.legado.app.model.DebugLog - Location: http://api.lemiyigou.com/novel/chapters/?readNum=1
21:12:17.232 [OkHttp http://api.lemiyigou.com/...] DEBUG io.legado.app.model.DebugLog - X-Cache-Status: MISS
21:12:17.232 [OkHttp http://api.lemiyigou.com/...] DEBUG io.legado.app.model.DebugLog - 
21:12:17.232 [OkHttp http://api.lemiyigou.com/...] DEBUG io.legado.app.model.DebugLog - <html>
<head><title>301 Moved Permanently</title></head>
<body>
<center><h1>301 Moved Permanently</h1></center>
<hr><center>nginx</center>
</body>
</html>

21:12:17.232 [OkHttp http://api.lemiyigou.com/...] DEBUG io.legado.app.model.DebugLog - <-- END HTTP (162-byte body)
21:12:17.232 [OkHttp http://api.lemiyigou.com/...] DEBUG io.legado.app.model.DebugLog - --> GET http://api.lemiyigou.com/novel/chapters/?readNum=1 http/1.1
21:12:17.232 [OkHttp http://api.lemiyigou.com/...] DEBUG io.legado.app.model.DebugLog - client-source: android
21:12:17.232 [OkHttp http://api.lemiyigou.com/...] DEBUG io.legado.app.model.DebugLog - Authorization: bearereyJ0eXAiOiJKV1QiLCJhbGciOiJIUzI1NiJ9.eyJpc3MiOiJodHRwOlwvXC9hcGkuanhndHp4Yy5jb21cL2F1dGhcL3RoaXJkIiwiaWF0IjoxNjgzODkxNjUyLCJleHAiOjE3NzcyMDM2NTIsIm5iZiI6MTY4Mzg5MTY1MiwianRpIjoiR2JxWmI4bGZkbTVLYzBIViIsInN1YiI6Njg3ODYyLCJwcnYiOiJhMWNiMDM3MTgwMjk2YzZhMTkzOGVmMzBiNDM3OTQ2NzJkZDAxNmM1In0.mMxaC2SVyZKyjC6rdUqFVv5d9w_X36o0AdKD7szvE_Q
21:12:17.232 [OkHttp http://api.lemiyigou.com/...] DEBUG io.legado.app.model.DebugLog - client-brand: Redmi
21:12:17.232 [OkHttp http://api.lemiyigou.com/...] DEBUG io.legado.app.model.DebugLog - User-Agent: okhttp/4.9.2
21:12:17.232 [OkHttp http://api.lemiyigou.com/...] DEBUG io.legado.app.model.DebugLog - client-version: 2.3.0
21:12:17.232 [OkHttp http://api.lemiyigou.com/...] DEBUG io.legado.app.model.DebugLog - client-device: 2d37f6b5b6b2605373092c3dc65a3b39
21:12:17.232 [OkHttp http://api.lemiyigou.com/...] DEBUG io.legado.app.model.DebugLog - client-name: app.maoyankanshu.novel
21:12:17.232 [OkHttp http://api.lemiyigou.com/...] DEBUG io.legado.app.model.DebugLog - Keep-Alive: 300
21:12:17.232 [OkHttp http://api.lemiyigou.com/...] DEBUG io.legado.app.model.DebugLog - Connection: Keep-Alive
21:12:17.232 [OkHttp http://api.lemiyigou.com/...] DEBUG io.legado.app.model.DebugLog - Cache-Control: no-cache
21:12:17.232 [OkHttp http://api.lemiyigou.com/...] DEBUG io.legado.app.model.DebugLog - Host: api.lemiyigou.com
21:12:17.232 [OkHttp http://api.lemiyigou.com/...] DEBUG io.legado.app.model.DebugLog - Accept-Encoding: gzip
21:12:17.232 [OkHttp http://api.lemiyigou.com/...] DEBUG io.legado.app.model.DebugLog - --> END GET
21:12:17.397 [OkHttp http://api.lemiyigou.com/...] DEBUG io.legado.app.model.DebugLog - <-- 403 Forbidden http://api.lemiyigou.com/novel/chapters/?readNum=1 (164ms)
21:12:17.397 [OkHttp http://api.lemiyigou.com/...] DEBUG io.legado.app.model.DebugLog - Server: nginx
21:12:17.397 [OkHttp http://api.lemiyigou.com/...] DEBUG io.legado.app.model.DebugLog - Date: Fri, 14 Aug 2026 12:29:44 GMT
21:12:17.397 [OkHttp http://api.lemiyigou.com/...] DEBUG io.legado.app.model.DebugLog - Content-Type: text/html
21:12:17.397 [OkHttp http://api.lemiyigou.com/...] DEBUG io.legado.app.model.DebugLog - Content-Length: 146
21:12:17.397 [OkHttp http://api.lemiyigou.com/...] DEBUG io.legado.app.model.DebugLog - Connection: keep-alive
21:12:17.397 [OkHttp http://api.lemiyigou.com/...] DEBUG io.legado.app.model.DebugLog - 
21:12:17.397 [OkHttp http://api.lemiyigou.com/...] DEBUG io.legado.app.model.DebugLog - <html>
<head><title>403 Forbidden</title></head>
<body>
<center><h1>403 Forbidden</h1></center>
<hr><center>nginx</center>
</body>
</html>

21:12:17.397 [OkHttp http://api.lemiyigou.com/...] DEBUG io.legado.app.model.DebugLog - <-- END HTTP (146-byte body)
21:12:17.398 [main @coroutine#44] INFO io.legado.app.model.DebugLog - sourceUrl: http://api.lemiyigou.com, msg: �Ի�ȡ�ɹ�:http://api.lemiyigou.com/novel//chapters?readNum=1
21:12:17.398 [main @coroutine#44] INFO io.legado.app.model.DebugLog - sourceUrl: http://api.lemiyigou.com, msg: ����ȡĿ¼�б�
21:12:17.398 [main @coroutine#44] DEBUG com.jayway.jsonpath.internal.path.CompiledPath - Evaluating path: $['data']['list'][*]
com.jayway.jsonpath.PathNotFoundException: Expected to find an object with property ['data'] in path $ but found 'java.
lang.String'. This is not a json object according to the JsonProvider: 'com.jayway.jsonpath.spi.json.JsonSmartJsonProvi
der'.
21:12:17.398 [main @coroutine#44] INFO io.legado.app.model.DebugLog - sourceUrl: http://api.lemiyigou.com, msg: ���б��С:0
21:12:17.398 [main] ERROR cn.kong.app.model.NovelSourceTest -   �ؼ��� [��ʬ��] ���������쳣: Ŀ¼Ϊ��
io.legado.app.exception.TocEmptyException: Ŀ¼Ϊ��
21:12:17.398 [main] INFO cn.kong.app.model.NovelSourceTest - 
  -------- �ؼ��� [˭�������ɵ�] --------
21:12:17.398 [main] INFO cn.kong.app.model.NovelSourceTest -   --- Step 1: ���� [˭�������ɵ�] ---
21:12:17.400 [OkHttp http://api.lemiyigou.com/...] DEBUG io.legado.app.model.DebugLog - --> GET http://api.lemiyigou.com/search?page=1&keyword=%E8%B0%81%E8%AE%A9%E4%BB%96%E4%BF%AE%E4%BB%99%E7%9A%84 http/1.1
21:12:17.400 [OkHttp http://api.lemiyigou.com/...] DEBUG io.legado.app.model.DebugLog - client-source: android
21:12:17.400 [OkHttp http://api.lemiyigou.com/...] DEBUG io.legado.app.model.DebugLog - Authorization: bearereyJ0eXAiOiJKV1QiLCJhbGciOiJIUzI1NiJ9.eyJpc3MiOiJodHRwOlwvXC9hcGkuanhndHp4Yy5jb21cL2F1dGhcL3RoaXJkIiwiaWF0IjoxNjgzODkxNjUyLCJleHAiOjE3NzcyMDM2NTIsIm5iZiI6MTY4Mzg5MTY1MiwianRpIjoiR2JxWmI4bGZkbTVLYzBIViIsInN1YiI6Njg3ODYyLCJwcnYiOiJhMWNiMDM3MTgwMjk2YzZhMTkzOGVmMzBiNDM3OTQ2NzJkZDAxNmM1In0.mMxaC2SVyZKyjC6rdUqFVv5d9w_X36o0AdKD7szvE_Q
21:12:17.400 [OkHttp http://api.lemiyigou.com/...] DEBUG io.legado.app.model.DebugLog - client-brand: Redmi
21:12:17.400 [OkHttp http://api.lemiyigou.com/...] DEBUG io.legado.app.model.DebugLog - User-Agent: okhttp/4.9.2
21:12:17.400 [OkHttp http://api.lemiyigou.com/...] DEBUG io.legado.app.model.DebugLog - client-version: 2.3.0
21:12:17.400 [OkHttp http://api.lemiyigou.com/...] DEBUG io.legado.app.model.DebugLog - client-device: 2d37f6b5b6b2605373092c3dc65a3b39
21:12:17.400 [OkHttp http://api.lemiyigou.com/...] DEBUG io.legado.app.model.DebugLog - client-name: app.maoyankanshu.novel
21:12:17.400 [OkHttp http://api.lemiyigou.com/...] DEBUG io.legado.app.model.DebugLog - Keep-Alive: 300
21:12:17.400 [OkHttp http://api.lemiyigou.com/...] DEBUG io.legado.app.model.DebugLog - Connection: Keep-Alive
21:12:17.400 [OkHttp http://api.lemiyigou.com/...] DEBUG io.legado.app.model.DebugLog - Cache-Control: no-cache
21:12:17.400 [OkHttp http://api.lemiyigou.com/...] DEBUG io.legado.app.model.DebugLog - Host: api.lemiyigou.com
21:12:17.400 [OkHttp http://api.lemiyigou.com/...] DEBUG io.legado.app.model.DebugLog - Accept-Encoding: gzip
21:12:17.400 [OkHttp http://api.lemiyigou.com/...] DEBUG io.legado.app.model.DebugLog - --> END GET
21:12:17.560 [OkHttp http://api.lemiyigou.com/...] DEBUG io.legado.app.model.DebugLog - <-- 200 OK http://api.lemiyigou.com/search?page=1&keyword=%E8%B0%81%E8%AE%A9%E4%BB%96%E4%BF%AE%E4%BB%99%E7%9A%84 (160ms)
21:12:17.560 [OkHttp http://api.lemiyigou.com/...] DEBUG io.legado.app.model.DebugLog - Server: nginx
21:12:17.560 [OkHttp http://api.lemiyigou.com/...] DEBUG io.legado.app.model.DebugLog - Date: Fri, 14 Aug 2026 12:29:44 GMT
21:12:17.560 [OkHttp http://api.lemiyigou.com/...] DEBUG io.legado.app.model.DebugLog - Content-Type: application/json
21:12:17.560 [OkHttp http://api.lemiyigou.com/...] DEBUG io.legado.app.model.DebugLog - Transfer-Encoding: chunked
21:12:17.560 [OkHttp http://api.lemiyigou.com/...] DEBUG io.legado.app.model.DebugLog - Connection: keep-alive
21:12:17.560 [OkHttp http://api.lemiyigou.com/...] DEBUG io.legado.app.model.DebugLog - Access-Control-Allow-Origin: *
21:12:17.560 [OkHttp http://api.lemiyigou.com/...] DEBUG io.legado.app.model.DebugLog - Access-Control-Allow-Methods: GET, POST, PUT, DELETE, OPTIONS, PATCH
21:12:17.560 [OkHttp http://api.lemiyigou.com/...] DEBUG io.legado.app.model.DebugLog - Access-Control-Allow-Headers: Authorization, Content-Type, Origin, Type, client-brand, client-device, client-version, client-source, client-name, alias-name
21:12:17.560 [OkHttp http://api.lemiyigou.com/...] DEBUG io.legado.app.model.DebugLog - X-RateLimit-Limit: 120
21:12:17.560 [OkHttp http://api.lemiyigou.com/...] DEBUG io.legado.app.model.DebugLog - X-RateLimit-Remaining: 119
21:12:17.560 [OkHttp http://api.lemiyigou.com/...] DEBUG io.legado.app.model.DebugLog - Content-Encoding: gzip
21:12:17.560 [OkHttp http://api.lemiyigou.com/...] DEBUG io.legado.app.model.DebugLog - Cache-Control: max-age=86400
21:12:17.560 [OkHttp http://api.lemiyigou.com/...] DEBUG io.legado.app.model.DebugLog - X-Cache-Status: HIT
21:12:17.561 [OkHttp http://api.lemiyigou.com/...] DEBUG io.legado.app.model.DebugLog - 
21:12:17.561 [OkHttp http://api.lemiyigou.com/...] DEBUG io.legado.app.model.DebugLog - {"request_id":"efb284cd-a081-4863-9c8b-31d8a1f4115f","msg":"success","code":200,"data":[{"id":690079,"cover":"http:\/\/api.lemiyigou.com\/690\/690079.jpg","summary":"���ҷ���ǿ�������ɽ�ķ�������������ģ������Ҵ���ģ���˵ʷ����ʤ������д�ģ���Ϊʲô�һ�ʤ�˻��������������ң���½�������Լ��߲ɷ����˵������ʾ�ǳ���ŭ���ڶ��졣���ҷ���ǿ�������ɽ�ķ������Ҵ���ġ���½�������Լ��ߵĲɷ�ʱ���˵������ʾ�ǳ���ŭ�������������ձ���Ϊ��������","status":1,"novelName":"˭�������ɵģ�","authorId":"e5yjAB","authorName":"��׵���ѻ","wordNum":"476����","isComplete":0,"isFree":1,"promotionType":2,"createdAt":"2023-03-01 00:09","novelId":"b29xAP","averageScore":"9.7","scoreNum":0,"commentNum":0,"starNum":4.5,"categoryNames":[{"classId":"vbmOeY","className":"����"}],"tagNames":[],"hotInfo":305633,"readInfo":0,"collectInfo":0},{"id":714831,"cover":"http:\/\/api.lemiyigou.com\/714\/714831.jpg","summary":"����һƬ������˭�����참�ģ�������Ч���ˡ����ȶԿ����Ѿ���æ�ˡ�æ��æ�ɣ�����һ���ڣ��쵼����������ÿ�춼�����㣬û�����ˡ���","status":1,"novelName":"˭�����참�ģ�","authorId":"Xe0DNe","authorName":"����ͷ���˯","wordNum":"57����","isComplete":0,"isFree":1,"promotionType":2,"createdAt":"2024-09-16 01:31","novelId":"eXMPY5","averageScore":"0.0","scoreNum":0,"commentNum":0,"starNum":0,"categoryNames":[{"classId":"mbk5ez","className":"����"}],"tagNames":[],"hotInfo":2459,"readInfo":0,"collectInfo":0},{"id":698643,"cover":"http:\/\/api.lemiyigou.com\/698\/698643.jpg","summary":"��ˬ�ģ������ԣ�����ǰ������ս��Ҷ�쳽��ѹ�������ɨ�߾�����ȡ���İ���̫ƽ��ȴ��δ������������Ŵ�����ǿ���ݺ������Ǳ�����Ѫ�׷�ӡ������ɽ���أ������������ֻأ��������ó�������������˽�֪����������ȴ�ƹ׶�����Я��һ��������а�������.......��","status":1,"novelName":"˭������ɽ��","authorId":"ax6JR9","authorName":"ֻ���С˵","wordNum":"70����","isComplete":0,"isFree":1,"promotionType":2,"createdAt":"2023-12-13 15:42","novelId":"e099wX","averageScore":"0.0","scoreNum":0,"commentNum":0,"starNum":0,"categoryNames":[{"classId":"mbk5ez","className":"����"}],"tagNames":[],"hotInfo":1804,"readInfo":0,"collectInfo":0},{"id":715963,"cover":"http:\/\/api.lemiyigou.com\/715\/715963.jpg","summary":"�����������ģ����ɻ����򡿡�ʦ����������ǽ��ڳ����𣿡�����֮����Ե��ӵ����ʣ��Ѿ�������˵�������������Ǹ��������������ɽ�ŵ����硣���ǵ��Լ���ʱ�����ż�ª��ϵͳ�����˳�Ĭ�������뽣�ڡ����ӽ���ǧ�Ρ���ѧϰ�������ɡ������ú�û��������ȫ���ܾ���Ȼ���������ɽ�Ļ���Ϳ�ʼ��ò����ˡ���������Ļ������������ţ���Ҫ��ȫ��......���������������������С���ӵ��Թϡ�����û�˹涨������ֻ���������������ѧ��ֹ��������ȥ�����״������ˣ�Ȼ���ٻӽ���ǧ�Ρ���","status":1,"novelName":"˭���������ڵģ�","authorId":"eXQj9m","authorName":"�װ���","wordNum":"362����","isComplete":0,"isFree":1,"promotionType":2,"createdAt":"2024-10-12 15:29","novelId":"dG9A3L","averageScore":"0.0","scoreNum":0,"commentNum":0,"starNum":0,"categoryNames":[{"classId":"vbmOeY","className":"����"}],"tagNames":[],"hotInfo":13400,"readInfo":0,"collectInfo":0},{"id":700019,"cover":"http:\/\/api.lemiyigou.com\/700\/700019.jpg","summary":"������\u000b���似�ܡ�<N������Խ��ƽ�����磬��Ϊ��һ�����죬����������񼶾�̽ϵͳ��<NֻҪץ�����˻��߳ɹ��ư������ܻ��ϵͳ���������<N������ϵͳ�Ľ��������е㲻̫��������<N�����ң��ٷְٻ�ԭ�泮�����꣬����������ֻ��һ���ְ���ˣ���<N��С�ɹ��������������ܺ����֪������ĳ�����Ŀ��������һ���ƹ����ҵ�һ���ض��������˻��ԣ���ʱ��ͻȻע�⵽������ֵ���˿����������Ѿ�����һ���󵨵��뷨������\\n�����ǲ����ܴ򹤵ģ���������������������ûʲô�����ѵõ��㣬���꣬ȷ������һ�����Ŵ̼�����Ԫ����������˫�ֲ嶵���̼�ɪɪ��������\\n���Ǿ��찡���ⶼʲô�������似�ܣ����������Щ������\\n�����ܿ죬��������Щ������Ȼ�����̣����ڹؼ�ʱ��ȴ���ܷ�����Ч��\\n��������Щ�������۵ļ���һ����һ���ó�����ʱ���쵼��ͬ��ȫ��ɵ�ˡ�\\n��˭����������ģ���ٳ���������������������һ������û�Ķ����𣿣���\\n�������˵����ɣ������������컹�ܵ�ɶ����С�ӵÿ��ǵ��˾��죬Ҫ�������ûһ��ô���","status":1,"novelName":"˭����������ģ�","authorId":"bk2Ag5","authorName":"��ѻ�����ɻ�","wordNum":"101����","isComplete":0,"isFree":1,"promotionType":2,"createdAt":"2023-12-26 15:23","novelId":"dG9YNr","averageScore":"0.0","scoreNum":0,"commentNum":0,"starNum":0,"categoryNames":[{"classId":"mbk5ez","className":"����"}],"tagNames":[],"hotInfo":2357,"readInfo":0,"collectInfo":0},{"id":706360,"cover":"http:\/\/api.lemiyigou.com\/706\/706360.jpg","summary":"�������꣬��3\u0011\u0013�����������������Լ��������ǡ�<N����û���ְҵȦ��������ƾ�⼼������������һ�Ѳ��ѣ�׬������Ǯ����ǰ������ƽ������������������㡭�����ϣ�ȴ��һ�仰���Ʒ���\\n���ú�Ҫ������������ְҵ��\\n�úúã����ҳ����ǰɣ�","status":1,"novelName":"˭������ְҵ��","authorId":"aQkYEl","authorName":"ߴ��˹","wordNum":"254����","isComplete":0,"isFree":1,"promotionType":2,"createdAt":"2024-04-10 15:44","novelId":"dBnQwJ","averageScore":"0.0","scoreNum":0,"commentNum":0,"starNum":0,"categoryNames":[{"classId":"mep2bM","className":"��Ϸ"}],"tagNames":[],"hotInfo":2037,"readInfo":0,"collectInfo":0},{"id":699510,"cover":"http:\/\/api.lemiyigou.com\/699\/699510.jpg","summary":"��˵�ü����ˣ�����û���������̬��Χ�����͵���ô�£��µ���ô�򵥵Ķ�ʽ�������ѵ����������𣿲���ɣ�����ɣ���......���й������ԣ����������ʱ�ϡ�һ���ɳ�ȥ���������һ����������","status":1,"novelName":"˭������Χ��ģ�","authorId":"bY71MA","authorName":"���ҵľ�","wordNum":"146����","isComplete":0,"isFree":1,"promotionType":2,"createdAt":"2023-12-18 01:37","novelId":"avjYRX","averageScore":"0.0","scoreNum":0,"commentNum":0,"starNum":0,"categoryNames":[{"classId":"mbk5ez","className":"����"}],"tagNames":[],"hotInfo":48474,"readInfo":0,"collectInfo":0},{"id":721444,"cover":"http:\/\/api.lemiyigou.com\/721\/721444.jpg","summary":"��������ʲô�ǰ�������������������Ϊ������Ҹ���ս�����ˡ����������˵�����������Ʒ�������٤ũ��ͳ�Σ��ݻ�����������������һ�����������Ӱ��������ڲ��ˣ����������������������Ѿ�������ͨ�������ˣ��������ȭ������巷ǳ���ŭ�����κξ߱���в��а����ڣ���Ӧ�ñ����͵���ȭ���ã��������������̣�����ô�����������ȫ�������˸ı䣬��Ϊ���������㲻Ӧ�ù�����֡�����巣������˰������һ������֣��ǲ��ǰ׳��ˣ����ò����������������������Ϊ���ܣ�����ǰ������������������̲����ף�Ϊ���������������������С�","status":1,"novelName":"˭�����ɰ������ģ�","authorId":"aOgVVE","authorName":"����ͩ��","wordNum":"168����","isComplete":0,"isFree":1,"promotionType":2,"createdAt":"2025-02-03 12:32","novelId":"egkGjG","averageScore":"0.0","scoreNum":0,"commentNum":0,"starNum":0,"categoryNames":[{"classId":"zbq2dp","className":"�ƻ�"}],"tagNames":[],"hotInfo":8617,"readInfo":0,"collectInfo":0},{"id":728609,"cover":"http:\/\/api.lemiyigou.com\/728\/728609.jpg","summary":"����ת����������ѧԺ�еĻ�ë����������������ѧ���崿ѧ�������˼����������ǰ��·��������Ҫô��Ϊ��¶����#'����רԱ֮�������Ԩ��Ҫô�õ���ҵ֤�����Ҹ��������µ�����ƺ�ֻ��չ����ȫ�ķſκ�ϰ�ˡ�Ȼ�����Ǹ�ƾһ��֮���ͽ����Ŵ����ʪ��Ů�ˡ�������ѧ�ԣ�Ҳ�����崿��������֪ʶ����ж���ߵ�3000����������������ҹ�֮��������Ȯ�������������ٱ�������","status":1,"novelName":"˭��������ë�ģ�","authorId":"av8qVm","authorName":"�������","wordNum":"44����","isComplete":0,"isFree":1,"promotionType":2,"createdAt":"2025-04-14 00:52","novelId":"erYl7B","averageScore":"0.0","scoreNum":0,"commentNum":0,"starNum":0,"categoryNames":[{"classId":"zbq2dp","className":"�ƻ�"}],"tagNames":[],"hotInfo":2623,"readInfo":0,"collectInfo":0},{"id":714177,"cover":"http:\/\/api.lemiyigou.com\/714\/714177.jpg","summary":"�����ɱħ���ܽ�����⣬��˵��ɱ�û������ࡣ�������ո�̤�Ͽ�ħս������������³ŵ���˵���������Ҹ�������佫����ֻ�ܳ塣�������ո��������˾ͳ�ɱ��ȥ����������³ŵ���˵��������ħ������ç��ȥ�Ͷ��ˡ�ײ�Ϻڰ�ħ����ç��ȥ�Ͷ��ˡ�����ħ���٣�ç��ȥ�Ͷ��ˡ�ż�����鹫����ç����ç��ȥ�Ͷ��ˣ�����������������ç�򵱹أ���ħĪ����������������������֡�������������˭̸������ֱ�ӽ�顷����","status":1,"novelName":"˭����ç��ȥ�ģ�","authorId":"boZN2z","authorName":"�̳���","wordNum":"71����","isComplete":0,"isFree":1,"promotionType":2,"createdAt":"2024-09-01 12:13","novelId":"eZWGkv","averageScore":"0.0","scoreNum":0,"commentNum":0,"starNum":0,"categoryNames":[{"classId":"lejRej","className":"����"}],"tagNames":[],"hotInfo":1370,"readInfo":0,"collectInfo":0},{"id":744069,"cover":"http:\/\/api.lemiyigou.com\/744\/744069.jpg","summary":"��һ�꣬��̳ӭ���������Լ��Ĵ�ħ����ֻ���������ħ�����򡭡�����̫��ѧ�����װף�����Ϲ˵�����ﲻ��ѧ�ˡ������߽���ѧ����Ŀ�飺����������ǽ���һ������е�ԭ�����","status":1,"novelName":"˭����������ģ�","authorId":"bmYqM9","authorName":"ƿ��Ӱ","wordNum":"96����","isComplete":0,"isFree":1,"promotionType":2,"createdAt":"2026-03-15 18:46","novelId":"aOZw6B","averageScore":"0.0","scoreNum":0,"commentNum":0,"starNum":0,"categoryNames":[{"classId":"mbk5ez","className":"����"}],"tagNames":[],"hotInfo":828,"readInfo":0,"collectInfo":0},{"id":740376,"cover":"http:\/\/api.lemiyigou.com\/740\/740376.jpg","summary":"������������ʮ��Σ�û���뵱Ȼ��û����д����ȻҲû�гɹ������ɷ��Ĺۿ������������ս��ߡ�������Ҫ��������Է�������ʱ�䣬��������ʱ�����㽱�������̹�������ϵͳ��壬��������������֪���㲻�����ף�����Ҳ�������......�����裬����˵�ˡ��ҽ���ͼ������У��췢�������������Ҫ��ʮ������������ʲô���ʲô���ţ�ʲô����ƽ̨ȫ��ע�����������������̣��췢�������Ͻ����Ƕ��ж���������˭˵���׹�������ģ����������࣡�����׿�̫���ˣ�","status":1,"novelName":"����˭�������׵ģ�","authorId":"b2kR1d","authorName":"�κ�Ц����","wordNum":"44����","isComplete":0,"isFree":1,"promotionType":2,"createdAt":"2025-12-29 00:47","novelId":"bYMLxK","averageScore":"0.0","scoreNum":0,"commentNum":0,"starNum":0,"categoryNames":[{"classId":"mbk5ez","className":"����"}],"tagNames":[],"hotInfo":696,"readInfo":0,"collectInfo":0},{"id":747584,"cover":"http:\/\/api.lemiyigou.com\/747\/747584.jpg","summary":"�����ɡ�������������Ц��<N��С�״�Խ�����ɽ磬�ӳи�ҵ���˺ڷ�կ�󵱼ң�ƾ��һ˫�ܿ�͸����������۾�����÷���ˮ��<N���գ������������š�������������һλѹկ���ˣ��������ϻ������С����<N���ϣ��⾹Ȼ��һλ����Ů���ˣ�һŭ֮�½������������ɽ硣\\n�Ӵˣ����ɽ�������һ�������ŷ�ɥ���ĺ��ˡ���\\n����ʥŮ�۲�������Ը��Ϊѹկ���ˡ�\\n����������������ֻ�ܻ�������ҵ�����\\n����������������ȫ��˯��ֻ����һֻ�۱�һֻ�ۡ�\\n�����Ǹ߸����ϵ����ˣ�������������ԹԽ�����һ����·Ǯ��\\n��ƫƫ��������һ�����ˣ���ȴ�������˺����ݣ���Ϊ���������ٷ��������ġ���Ӣ�ۡ�\\n�����޴����ᵶ�������������˵��������ҵ��ս�ֻ������ؼ䡭�������ʽ��һ����������","status":1,"novelName":"˭������������ɵģ�","authorId":"dy997n","authorName":"�Ҷ������","wordNum":"125����","isComplete":0,"isFree":1,"promotionType":2,"createdAt":"2026-05-28 00:28","novelId":"e7A4pB","averageScore":"0.0","scoreNum":0,"commentNum":0,"starNum":0,"categoryNames":[{"classId":"nel5aK","className":"����"}],"tagNames":[],"hotInfo":289,"readInfo":0,"collectInfo":0},{"id":700630,"cover":"http:\/\/api.lemiyigou.com\/700\/700630.jpg","summary":"�����ɡ����޵���������Ц��<N���崩Խ����ħ���е��������磬Ϊ���Ա��������������۰�ʦѧ�գ�����ʦ��ȴ����ҡײƭ�ļٵ�ʿ��\\n��һ�꣬ʦ��������ڤ���������������Թۣ��ںϴ��֮����\\n�ڶ��꣬ʦ��������ʡ�Լ��ã�����ϼ��¶�������򷨲��֡�\\n�����꣬ʦ���������̤ʵ�أ���������·��������سɴ硣\\nʦ�𣺴������������ɡ�\\n���壺�����ˡ�","status":1,"novelName":"˭���������ɵģ�","authorId":"e16XO0","authorName":"���Ⱖ","wordNum":"152����","isComplete":0,"isFree":1,"promotionType":2,"createdAt":"2024-01-03 15:27","novelId":"bW8w5v","averageScore":"0.0","scoreNum":0,"commentNum":0,"starNum":0,"categoryNames":[{"classId":"vbmOeY","className":"����"}],"tagNames":[],"hotInfo":2152,"readInfo":0,"collectInfo":0},{"id":745187,"cover":"http:\/\/api.lemiyigou.com\/745\/745187.jpg","summary":"��������һ����ʿ�����䣬�����ۺ�ɫ��ʿ�����ˣ��ڰ�ͶƱ������š���������ʿ������������������ܻ�ӭ��ʿͶƱ�ֳ��ĲɷöԻ������ߣ���������������������ο�����һ�����������˵����ۣ���������Ǵ�����ҥ�����˽�֪�ҵ���Ϊ��̹�����Ӳ�˵����Ƕ��Ǵ�׻��������ߣ����ǹ��ڽ���ʥ���������飬���Ƶ���ʹ��FFR�����Ǳ����������£������θ��룿��������ǲ����������ƣ�����û��������Ը���𣿡����ߣ���....�����ߣ�������ǹ��ڲ�����ܻ�ӭ��ʿͶƱ�����Ʊ���������θ��룿�����������������ʣ��������Ǵ����ļ��ʣ�������������һ�飬�ҵ��������а��ĵļ�����ʿ���´����ܻ�ӭ��ʿͶƱ�ǵ�Ͷ��һƱ��лл�����ݳƣ���̸����������ʿ���������ڣ�Ŀ�����ҳ�������˭������������ʿ�ġ�����������ʿ����Ϊ��������","status":1,"novelName":"˭������������ʿ�ģ�","authorId":"aKL8lJ","authorName":"����պ���ӽ�","wordNum":"159����","isComplete":0,"isFree":1,"promotionType":2,"createdAt":"2026-04-11 19:52","novelId":"e09x1V","averageScore":"0.0","scoreNum":0,"commentNum":0,"starNum":0,"categoryNames":[{"classId":"zbq2dp","className":"�ƻ�"}],"tagNames":[],"hotInfo":6254,"readInfo":0,"collectInfo":0}]}
21:12:17.561 [OkHttp http://api.lemiyigou.com/...] DEBUG io.legado.app.model.DebugLog - <-- END HTTP (16010-byte, 6634-gzipped-byte body)
21:12:17.562 [main @coroutine#45] INFO io.legado.app.model.DebugLog - sourceUrl: http://api.lemiyigou.com, msg: �Ի�ȡ�ɹ�:
/search?page=1&keyword=˭�������ɵ�
21:12:17.562 [main @coroutine#45] INFO io.legado.app.model.DebugLog - sourceUrl: http://api.lemiyigou.com, msg: ����ȡ�鼮�б�
21:12:17.562 [main @coroutine#45] DEBUG com.jayway.jsonpath.internal.path.CompiledPath - Evaluating path: $['data'][*]
21:12:17.563 [main @coroutine#45] INFO io.legado.app.model.DebugLog - sourceUrl: http://api.lemiyigou.com, msg: ���б��С:15
21:12:17.563 [main @coroutine#45] INFO io.legado.app.model.DebugLog - sourceUrl: http://api.lemiyigou.com, msg: ����ȡ����
21:12:17.563 [main @coroutine#45] DEBUG com.jayway.jsonpath.internal.path.CompiledPath - Evaluating path: $['novelName']
21:12:17.563 [main @coroutine#45] INFO io.legado.app.model.DebugLog - sourceUrl: http://api.lemiyigou.com, msg: ��˭�������ɵģ�
21:12:17.563 [main @coroutine#45] INFO io.legado.app.model.DebugLog - sourceUrl: http://api.lemiyigou.com, msg: ����ȡ����
21:12:17.563 [main @coroutine#45] DEBUG com.jayway.jsonpath.internal.path.CompiledPath - Evaluating path: $['authorName']
21:12:17.563 [main @coroutine#45] INFO io.legado.app.model.DebugLog - sourceUrl: http://api.lemiyigou.com, msg: ����׵���ѻ
21:12:17.563 [main @coroutine#45] INFO io.legado.app.model.DebugLog - sourceUrl: http://api.lemiyigou.com, msg: ����ȡ����
21:12:17.563 [main @coroutine#45] DEBUG com.jayway.jsonpath.internal.path.CompiledPath - Evaluating path: $['averageScore']
21:12:17.563 [main @coroutine#45] DEBUG com.jayway.jsonpath.internal.path.CompiledPath - Evaluating path: $..['className']
21:12:17.563 [main @coroutine#45] INFO io.legado.app.model.DebugLog - sourceUrl: http://api.lemiyigou.com, msg: ������,9.7��
21:12:17.563 [main @coroutine#45] INFO io.legado.app.model.DebugLog - sourceUrl: http://api.lemiyigou.com, msg: ����ȡ����
21:12:17.563 [main @coroutine#45] DEBUG com.jayway.jsonpath.internal.path.CompiledPath - Evaluating path: $['wordNum']
21:12:17.563 [main @coroutine#45] INFO io.legado.app.model.DebugLog - sourceUrl: http://api.lemiyigou.com, msg: ��476����
21:12:17.563 [main @coroutine#45] INFO io.legado.app.model.DebugLog - sourceUrl: http://api.lemiyigou.com, msg: ����ȡ�����½�
21:12:17.563 [main @coroutine#45] INFO io.legado.app.model.DebugLog - sourceUrl: http://api.lemiyigou.com, msg: ��
21:12:17.563 [main @coroutine#45] INFO io.legado.app.model.DebugLog - sourceUrl: http://api.lemiyigou.com, msg: ����ȡ���
21:12:17.563 [main @coroutine#45] DEBUG com.jayway.jsonpath.internal.path.CompiledPath - Evaluating path: $['summary']
21:12:17.563 [main @coroutine#45] INFO io.legado.app.model.DebugLog - sourceUrl: http://api.lemiyigou.com, msg: �����ҷ���ǿ�������ɽ�ķ�������������ģ������Ҵ���ģ���˵ʷ����ʤ������д�ģ���Ϊʲô�һ�ʤ�˻��������������ң���½�������Լ��߲ɷ����˵������ʾ�ǳ���ŭ���ڶ��졣���ҷ���ǿ�������ɽ�ķ������Ҵ���ġ���½�������Լ��ߵĲɷ�ʱ���˵������ʾ�ǳ���ŭ�������������ձ���Ϊ��������
21:12:17.563 [main @coroutine#45] INFO io.legado.app.model.DebugLog - sourceUrl: http://api.lemiyigou.com, msg: ����ȡ��������
21:12:17.563 [main @coroutine#45] DEBUG com.jayway.jsonpath.internal.path.CompiledPath - Evaluating path: $['cover']
21:12:17.563 [main @coroutine#45] INFO io.legado.app.model.DebugLog - sourceUrl: http://api.lemiyigou.com, msg: ��http://api.lemiyigou.com/690/690079.jpg
21:12:17.563 [main @coroutine#45] INFO io.legado.app.model.DebugLog - sourceUrl: http://api.lemiyigou.com, msg: ����ȡ����ҳ����
21:12:17.563 [main @coroutine#45] DEBUG com.jayway.jsonpath.internal.path.CompiledPath - Evaluating path: $['novelId']
21:12:17.563 [main @coroutine#45] INFO io.legado.app.model.DebugLog - sourceUrl: http://api.lemiyigou.com, msg: ��http://api.lemiyigou.com/novel/b29xAP?isSearch=1
21:12:17.563 [main @coroutine#45] DEBUG com.jayway.jsonpath.internal.path.CompiledPath - Evaluating path: $['novelName']
21:12:17.563 [main @coroutine#45] DEBUG com.jayway.jsonpath.internal.path.CompiledPath - Evaluating path: $['authorName']
21:12:17.563 [main @coroutine#45] DEBUG com.jayway.jsonpath.internal.path.CompiledPath - Evaluating path: $['averageScore']
21:12:17.563 [main @coroutine#45] DEBUG com.jayway.jsonpath.internal.path.CompiledPath - Evaluating path: $..['className']
21:12:17.563 [main @coroutine#45] DEBUG com.jayway.jsonpath.internal.path.CompiledPath - Evaluating path: $['wordNum']
21:12:17.563 [main @coroutine#45] DEBUG com.jayway.jsonpath.internal.path.CompiledPath - Evaluating path: $['summary']
21:12:17.563 [main @coroutine#45] DEBUG com.jayway.jsonpath.internal.path.CompiledPath - Evaluating path: $['cover']
21:12:17.563 [main @coroutine#45] DEBUG com.jayway.jsonpath.internal.path.CompiledPath - Evaluating path: $['novelId']
21:12:17.563 [main @coroutine#45] DEBUG com.jayway.jsonpath.internal.path.CompiledPath - Evaluating path: $['novelName']
21:12:17.563 [main @coroutine#45] DEBUG com.jayway.jsonpath.internal.path.CompiledPath - Evaluating path: $['authorName']
21:12:17.563 [main @coroutine#45] DEBUG com.jayway.jsonpath.internal.path.CompiledPath - Evaluating path: $['averageScore']
21:12:17.563 [main @coroutine#45] DEBUG com.jayway.jsonpath.internal.path.CompiledPath - Evaluating path: $..['className']
21:12:17.563 [main @coroutine#45] DEBUG com.jayway.jsonpath.internal.path.CompiledPath - Evaluating path: $['wordNum']
21:12:17.563 [main @coroutine#45] DEBUG com.jayway.jsonpath.internal.path.CompiledPath - Evaluating path: $['summary']
21:12:17.563 [main @coroutine#45] DEBUG com.jayway.jsonpath.internal.path.CompiledPath - Evaluating path: $['cover']
21:12:17.563 [main @coroutine#45] DEBUG com.jayway.jsonpath.internal.path.CompiledPath - Evaluating path: $['novelId']
21:12:17.564 [main @coroutine#45] DEBUG com.jayway.jsonpath.internal.path.CompiledPath - Evaluating path: $['novelName']
21:12:17.564 [main @coroutine#45] DEBUG com.jayway.jsonpath.internal.path.CompiledPath - Evaluating path: $['authorName']
21:12:17.564 [main @coroutine#45] DEBUG com.jayway.jsonpath.internal.path.CompiledPath - Evaluating path: $['averageScore']
21:12:17.564 [main @coroutine#45] DEBUG com.jayway.jsonpath.internal.path.CompiledPath - Evaluating path: $..['className']
21:12:17.564 [main @coroutine#45] DEBUG com.jayway.jsonpath.internal.path.CompiledPath - Evaluating path: $['wordNum']
21:12:17.564 [main @coroutine#45] DEBUG com.jayway.jsonpath.internal.path.CompiledPath - Evaluating path: $['summary']
21:12:17.564 [main @coroutine#45] DEBUG com.jayway.jsonpath.internal.path.CompiledPath - Evaluating path: $['cover']
21:12:17.564 [main @coroutine#45] DEBUG com.jayway.jsonpath.internal.path.CompiledPath - Evaluating path: $['novelId']
21:12:17.564 [main @coroutine#45] DEBUG com.jayway.jsonpath.internal.path.CompiledPath - Evaluating path: $['novelName']
21:12:17.564 [main @coroutine#45] DEBUG com.jayway.jsonpath.internal.path.CompiledPath - Evaluating path: $['authorName']
21:12:17.564 [main @coroutine#45] DEBUG com.jayway.jsonpath.internal.path.CompiledPath - Evaluating path: $['averageScore']
21:12:17.564 [main @coroutine#45] DEBUG com.jayway.jsonpath.internal.path.CompiledPath - Evaluating path: $..['className']
21:12:17.564 [main @coroutine#45] DEBUG com.jayway.jsonpath.internal.path.CompiledPath - Evaluating path: $['wordNum']
21:12:17.564 [main @coroutine#45] DEBUG com.jayway.jsonpath.internal.path.CompiledPath - Evaluating path: $['summary']
21:12:17.564 [main @coroutine#45] DEBUG com.jayway.jsonpath.internal.path.CompiledPath - Evaluating path: $['cover']
21:12:17.564 [main @coroutine#45] DEBUG com.jayway.jsonpath.internal.path.CompiledPath - Evaluating path: $['novelId']
21:12:17.564 [main @coroutine#45] DEBUG com.jayway.jsonpath.internal.path.CompiledPath - Evaluating path: $['novelName']
21:12:17.564 [main @coroutine#45] DEBUG com.jayway.jsonpath.internal.path.CompiledPath - Evaluating path: $['authorName']
21:12:17.564 [main @coroutine#45] DEBUG com.jayway.jsonpath.internal.path.CompiledPath - Evaluating path: $['averageScore']
21:12:17.564 [main @coroutine#45] DEBUG com.jayway.jsonpath.internal.path.CompiledPath - Evaluating path: $..['className']
21:12:17.564 [main @coroutine#45] DEBUG com.jayway.jsonpath.internal.path.CompiledPath - Evaluating path: $['wordNum']
21:12:17.564 [main @coroutine#45] DEBUG com.jayway.jsonpath.internal.path.CompiledPath - Evaluating path: $['summary']
21:12:17.564 [main @coroutine#45] DEBUG com.jayway.jsonpath.internal.path.CompiledPath - Evaluating path: $['cover']
21:12:17.564 [main @coroutine#45] DEBUG com.jayway.jsonpath.internal.path.CompiledPath - Evaluating path: $['novelId']
21:12:17.564 [main @coroutine#45] DEBUG com.jayway.jsonpath.internal.path.CompiledPath - Evaluating path: $['novelName']
21:12:17.564 [main @coroutine#45] DEBUG com.jayway.jsonpath.internal.path.CompiledPath - Evaluating path: $['authorName']
21:12:17.564 [main @coroutine#45] DEBUG com.jayway.jsonpath.internal.path.CompiledPath - Evaluating path: $['averageScore']
21:12:17.564 [main @coroutine#45] DEBUG com.jayway.jsonpath.internal.path.CompiledPath - Evaluating path: $..['className']
21:12:17.565 [main @coroutine#45] DEBUG com.jayway.jsonpath.internal.path.CompiledPath - Evaluating path: $['wordNum']
21:12:17.565 [main @coroutine#45] DEBUG com.jayway.jsonpath.internal.path.CompiledPath - Evaluating path: $['summary']
21:12:17.565 [main @coroutine#45] DEBUG com.jayway.jsonpath.internal.path.CompiledPath - Evaluating path: $['cover']
21:12:17.565 [main @coroutine#45] DEBUG com.jayway.jsonpath.internal.path.CompiledPath - Evaluating path: $['novelId']
21:12:17.565 [main @coroutine#45] DEBUG com.jayway.jsonpath.internal.path.CompiledPath - Evaluating path: $['novelName']
21:12:17.565 [main @coroutine#45] DEBUG com.jayway.jsonpath.internal.path.CompiledPath - Evaluating path: $['authorName']
21:12:17.565 [main @coroutine#45] DEBUG com.jayway.jsonpath.internal.path.CompiledPath - Evaluating path: $['averageScore']
21:12:17.565 [main @coroutine#45] DEBUG com.jayway.jsonpath.internal.path.CompiledPath - Evaluating path: $..['className']
21:12:17.565 [main @coroutine#45] DEBUG com.jayway.jsonpath.internal.path.CompiledPath - Evaluating path: $['wordNum']
21:12:17.565 [main @coroutine#45] DEBUG com.jayway.jsonpath.internal.path.CompiledPath - Evaluating path: $['summary']
21:12:17.565 [main @coroutine#45] DEBUG com.jayway.jsonpath.internal.path.CompiledPath - Evaluating path: $['cover']
21:12:17.565 [main @coroutine#45] DEBUG com.jayway.jsonpath.internal.path.CompiledPath - Evaluating path: $['novelId']
21:12:17.565 [main @coroutine#45] DEBUG com.jayway.jsonpath.internal.path.CompiledPath - Evaluating path: $['novelName']
21:12:17.565 [main @coroutine#45] DEBUG com.jayway.jsonpath.internal.path.CompiledPath - Evaluating path: $['authorName']
21:12:17.565 [main @coroutine#45] DEBUG com.jayway.jsonpath.internal.path.CompiledPath - Evaluating path: $['averageScore']
21:12:17.565 [main @coroutine#45] DEBUG com.jayway.jsonpath.internal.path.CompiledPath - Evaluating path: $..['className']
21:12:17.565 [main @coroutine#45] DEBUG com.jayway.jsonpath.internal.path.CompiledPath - Evaluating path: $['wordNum']
21:12:17.565 [main @coroutine#45] DEBUG com.jayway.jsonpath.internal.path.CompiledPath - Evaluating path: $['summary']
21:12:17.565 [main @coroutine#45] DEBUG com.jayway.jsonpath.internal.path.CompiledPath - Evaluating path: $['cover']
21:12:17.565 [main @coroutine#45] DEBUG com.jayway.jsonpath.internal.path.CompiledPath - Evaluating path: $['novelId']
21:12:17.565 [main @coroutine#45] DEBUG com.jayway.jsonpath.internal.path.CompiledPath - Evaluating path: $['novelName']
21:12:17.565 [main @coroutine#45] DEBUG com.jayway.jsonpath.internal.path.CompiledPath - Evaluating path: $['authorName']
21:12:17.565 [main @coroutine#45] DEBUG com.jayway.jsonpath.internal.path.CompiledPath - Evaluating path: $['averageScore']
21:12:17.565 [main @coroutine#45] DEBUG com.jayway.jsonpath.internal.path.CompiledPath - Evaluating path: $..['className']
21:12:17.565 [main @coroutine#45] DEBUG com.jayway.jsonpath.internal.path.CompiledPath - Evaluating path: $['wordNum']
21:12:17.565 [main @coroutine#45] DEBUG com.jayway.jsonpath.internal.path.CompiledPath - Evaluating path: $['summary']
21:12:17.565 [main @coroutine#45] DEBUG com.jayway.jsonpath.internal.path.CompiledPath - Evaluating path: $['cover']
21:12:17.565 [main @coroutine#45] DEBUG com.jayway.jsonpath.internal.path.CompiledPath - Evaluating path: $['novelId']
21:12:17.565 [main @coroutine#45] DEBUG com.jayway.jsonpath.internal.path.CompiledPath - Evaluating path: $['novelName']
21:12:17.565 [main @coroutine#45] DEBUG com.jayway.jsonpath.internal.path.CompiledPath - Evaluating path: $['authorName']
21:12:17.565 [main @coroutine#45] DEBUG com.jayway.jsonpath.internal.path.CompiledPath - Evaluating path: $['averageScore']
21:12:17.565 [main @coroutine#45] DEBUG com.jayway.jsonpath.internal.path.CompiledPath - Evaluating path: $..['className']
21:12:17.565 [main @coroutine#45] DEBUG com.jayway.jsonpath.internal.path.CompiledPath - Evaluating path: $['wordNum']
21:12:17.565 [main @coroutine#45] DEBUG com.jayway.jsonpath.internal.path.CompiledPath - Evaluating path: $['summary']
21:12:17.565 [main @coroutine#45] DEBUG com.jayway.jsonpath.internal.path.CompiledPath - Evaluating path: $['cover']
21:12:17.565 [main @coroutine#45] DEBUG com.jayway.jsonpath.internal.path.CompiledPath - Evaluating path: $['novelId']
21:12:17.565 [main @coroutine#45] DEBUG com.jayway.jsonpath.internal.path.CompiledPath - Evaluating path: $['novelName']
21:12:17.565 [main @coroutine#45] DEBUG com.jayway.jsonpath.internal.path.CompiledPath - Evaluating path: $['authorName']
21:12:17.565 [main @coroutine#45] DEBUG com.jayway.jsonpath.internal.path.CompiledPath - Evaluating path: $['averageScore']
21:12:17.565 [main @coroutine#45] DEBUG com.jayway.jsonpath.internal.path.CompiledPath - Evaluating path: $..['className']
21:12:17.565 [main @coroutine#45] DEBUG com.jayway.jsonpath.internal.path.CompiledPath - Evaluating path: $['wordNum']
21:12:17.565 [main @coroutine#45] DEBUG com.jayway.jsonpath.internal.path.CompiledPath - Evaluating path: $['summary']
21:12:17.565 [main @coroutine#45] DEBUG com.jayway.jsonpath.internal.path.CompiledPath - Evaluating path: $['cover']
21:12:17.565 [main @coroutine#45] DEBUG com.jayway.jsonpath.internal.path.CompiledPath - Evaluating path: $['novelId']
21:12:17.566 [main @coroutine#45] DEBUG com.jayway.jsonpath.internal.path.CompiledPath - Evaluating path: $['novelName']
21:12:17.566 [main @coroutine#45] DEBUG com.jayway.jsonpath.internal.path.CompiledPath - Evaluating path: $['authorName']
21:12:17.566 [main @coroutine#45] DEBUG com.jayway.jsonpath.internal.path.CompiledPath - Evaluating path: $['averageScore']
21:12:17.566 [main @coroutine#45] DEBUG com.jayway.jsonpath.internal.path.CompiledPath - Evaluating path: $..['className']
21:12:17.566 [main @coroutine#45] DEBUG com.jayway.jsonpath.internal.path.CompiledPath - Evaluating path: $['wordNum']
21:12:17.566 [main @coroutine#45] DEBUG com.jayway.jsonpath.internal.path.CompiledPath - Evaluating path: $['summary']
21:12:17.566 [main @coroutine#45] DEBUG com.jayway.jsonpath.internal.path.CompiledPath - Evaluating path: $['cover']
21:12:17.566 [main @coroutine#45] DEBUG com.jayway.jsonpath.internal.path.CompiledPath - Evaluating path: $['novelId']
21:12:17.566 [main @coroutine#45] DEBUG com.jayway.jsonpath.internal.path.CompiledPath - Evaluating path: $['novelName']
21:12:17.566 [main @coroutine#45] DEBUG com.jayway.jsonpath.internal.path.CompiledPath - Evaluating path: $['authorName']
21:12:17.566 [main @coroutine#45] DEBUG com.jayway.jsonpath.internal.path.CompiledPath - Evaluating path: $['averageScore']
21:12:17.566 [main @coroutine#45] DEBUG com.jayway.jsonpath.internal.path.CompiledPath - Evaluating path: $..['className']
21:12:17.566 [main @coroutine#45] DEBUG com.jayway.jsonpath.internal.path.CompiledPath - Evaluating path: $['wordNum']
21:12:17.566 [main @coroutine#45] DEBUG com.jayway.jsonpath.internal.path.CompiledPath - Evaluating path: $['summary']
21:12:17.566 [main @coroutine#45] DEBUG com.jayway.jsonpath.internal.path.CompiledPath - Evaluating path: $['cover']
21:12:17.566 [main @coroutine#45] DEBUG com.jayway.jsonpath.internal.path.CompiledPath - Evaluating path: $['novelId']
21:12:17.566 [main @coroutine#45] DEBUG com.jayway.jsonpath.internal.path.CompiledPath - Evaluating path: $['novelName']
21:12:17.566 [main @coroutine#45] DEBUG com.jayway.jsonpath.internal.path.CompiledPath - Evaluating path: $['authorName']
21:12:17.566 [main @coroutine#45] DEBUG com.jayway.jsonpath.internal.path.CompiledPath - Evaluating path: $['averageScore']
21:12:17.566 [main @coroutine#45] DEBUG com.jayway.jsonpath.internal.path.CompiledPath - Evaluating path: $..['className']
21:12:17.566 [main @coroutine#45] DEBUG com.jayway.jsonpath.internal.path.CompiledPath - Evaluating path: $['wordNum']
21:12:17.566 [main @coroutine#45] DEBUG com.jayway.jsonpath.internal.path.CompiledPath - Evaluating path: $['summary']
21:12:17.566 [main @coroutine#45] DEBUG com.jayway.jsonpath.internal.path.CompiledPath - Evaluating path: $['cover']
21:12:17.566 [main @coroutine#45] DEBUG com.jayway.jsonpath.internal.path.CompiledPath - Evaluating path: $['novelId']
21:12:17.566 [main] INFO cn.kong.app.model.NovelSourceTest -   �������: 15 ��
21:12:17.566 [main] INFO cn.kong.app.model.NovelSourceTest -     [1] ˭�������ɵģ� | ��׵���ѻ
21:12:17.566 [main] INFO cn.kong.app.model.NovelSourceTest -     [2] ˭�����참�ģ� | ����ͷ���˯
21:12:17.566 [main] INFO cn.kong.app.model.NovelSourceTest -     [3] ˭������ɽ�� | ֻ���С˵
21:12:17.566 [main] INFO cn.kong.app.model.NovelSourceTest -   --- Step 2: ��ȡ���� ---
21:12:17.567 [OkHttp http://api.lemiyigou.com/...] DEBUG io.legado.app.model.DebugLog - --> GET http://api.lemiyigou.com/novel/b29xAP?isSearch=1 http/1.1
21:12:17.567 [OkHttp http://api.lemiyigou.com/...] DEBUG io.legado.app.model.DebugLog - client-source: android
21:12:17.567 [OkHttp http://api.lemiyigou.com/...] DEBUG io.legado.app.model.DebugLog - Authorization: bearereyJ0eXAiOiJKV1QiLCJhbGciOiJIUzI1NiJ9.eyJpc3MiOiJodHRwOlwvXC9hcGkuanhndHp4Yy5jb21cL2F1dGhcL3RoaXJkIiwiaWF0IjoxNjgzODkxNjUyLCJleHAiOjE3NzcyMDM2NTIsIm5iZiI6MTY4Mzg5MTY1MiwianRpIjoiR2JxWmI4bGZkbTVLYzBIViIsInN1YiI6Njg3ODYyLCJwcnYiOiJhMWNiMDM3MTgwMjk2YzZhMTkzOGVmMzBiNDM3OTQ2NzJkZDAxNmM1In0.mMxaC2SVyZKyjC6rdUqFVv5d9w_X36o0AdKD7szvE_Q
21:12:17.567 [OkHttp http://api.lemiyigou.com/...] DEBUG io.legado.app.model.DebugLog - client-brand: Redmi
21:12:17.567 [OkHttp http://api.lemiyigou.com/...] DEBUG io.legado.app.model.DebugLog - User-Agent: okhttp/4.9.2
21:12:17.567 [OkHttp http://api.lemiyigou.com/...] DEBUG io.legado.app.model.DebugLog - client-version: 2.3.0
21:12:17.567 [OkHttp http://api.lemiyigou.com/...] DEBUG io.legado.app.model.DebugLog - client-device: 2d37f6b5b6b2605373092c3dc65a3b39
21:12:17.567 [OkHttp http://api.lemiyigou.com/...] DEBUG io.legado.app.model.DebugLog - client-name: app.maoyankanshu.novel
21:12:17.567 [OkHttp http://api.lemiyigou.com/...] DEBUG io.legado.app.model.DebugLog - Keep-Alive: 300
21:12:17.567 [OkHttp http://api.lemiyigou.com/...] DEBUG io.legado.app.model.DebugLog - Connection: Keep-Alive
21:12:17.567 [OkHttp http://api.lemiyigou.com/...] DEBUG io.legado.app.model.DebugLog - Cache-Control: no-cache
21:12:17.567 [OkHttp http://api.lemiyigou.com/...] DEBUG io.legado.app.model.DebugLog - Host: api.lemiyigou.com
21:12:17.567 [OkHttp http://api.lemiyigou.com/...] DEBUG io.legado.app.model.DebugLog - Accept-Encoding: gzip
21:12:17.567 [OkHttp http://api.lemiyigou.com/...] DEBUG io.legado.app.model.DebugLog - --> END GET
21:12:17.762 [OkHttp http://api.lemiyigou.com/...] DEBUG io.legado.app.model.DebugLog - <-- 200 OK http://api.lemiyigou.com/novel/b29xAP?isSearch=1 (194ms)
21:12:17.762 [OkHttp http://api.lemiyigou.com/...] DEBUG io.legado.app.model.DebugLog - Server: nginx
21:12:17.762 [OkHttp http://api.lemiyigou.com/...] DEBUG io.legado.app.model.DebugLog - Date: Fri, 14 Aug 2026 12:29:44 GMT
21:12:17.762 [OkHttp http://api.lemiyigou.com/...] DEBUG io.legado.app.model.DebugLog - Content-Type: application/json
21:12:17.762 [OkHttp http://api.lemiyigou.com/...] DEBUG io.legado.app.model.DebugLog - Transfer-Encoding: chunked
21:12:17.762 [OkHttp http://api.lemiyigou.com/...] DEBUG io.legado.app.model.DebugLog - Connection: keep-alive
21:12:17.762 [OkHttp http://api.lemiyigou.com/...] DEBUG io.legado.app.model.DebugLog - Access-Control-Allow-Origin: *
21:12:17.762 [OkHttp http://api.lemiyigou.com/...] DEBUG io.legado.app.model.DebugLog - Access-Control-Allow-Methods: GET, POST, PUT, DELETE, OPTIONS, PATCH
21:12:17.762 [OkHttp http://api.lemiyigou.com/...] DEBUG io.legado.app.model.DebugLog - Access-Control-Allow-Headers: Authorization, Content-Type, Origin, Type, client-brand, client-device, client-version, client-source, client-name, alias-name
21:12:17.762 [OkHttp http://api.lemiyigou.com/...] DEBUG io.legado.app.model.DebugLog - Cache-Control: private, must-revalidate
21:12:17.762 [OkHttp http://api.lemiyigou.com/...] DEBUG io.legado.app.model.DebugLog - X-RateLimit-Limit: 120
21:12:17.762 [OkHttp http://api.lemiyigou.com/...] DEBUG io.legado.app.model.DebugLog - X-RateLimit-Remaining: 119
21:12:17.762 [OkHttp http://api.lemiyigou.com/...] DEBUG io.legado.app.model.DebugLog - pragma: no-cache
21:12:17.762 [OkHttp http://api.lemiyigou.com/...] DEBUG io.legado.app.model.DebugLog - expires: -1
21:12:17.762 [OkHttp http://api.lemiyigou.com/...] DEBUG io.legado.app.model.DebugLog - Content-Encoding: gzip
21:12:17.762 [OkHttp http://api.lemiyigou.com/...] DEBUG io.legado.app.model.DebugLog - X-Cache-Status: MISS
21:12:17.762 [OkHttp http://api.lemiyigou.com/...] DEBUG io.legado.app.model.DebugLog - 
21:12:17.762 [OkHttp http://api.lemiyigou.com/...] DEBUG io.legado.app.model.DebugLog - {"request_id":"fdf008c9-3d3a-43e2-b6fc-a988aa63eaf4","msg":"��֤ʧ��","code":4005,"data":[]}
21:12:17.762 [OkHttp http://api.lemiyigou.com/...] DEBUG io.legado.app.model.DebugLog - <-- END HTTP (96-byte, 115-gzipped-byte body)
21:12:17.762 [main @coroutine#46] INFO io.legado.app.model.DebugLog - sourceUrl: http://api.lemiyigou.com, msg: �Ի�ȡ�ɹ�:http://api.lemiyigou.com/novel/b29xAP?isSearch=1
21:12:17.762 [main @coroutine#46] INFO io.legado.app.model.DebugLog - sourceUrl: http://api.lemiyigou.com, msg: ��ִ������ҳ��ʼ������
21:12:17.763 [main @coroutine#46] DEBUG com.jayway.jsonpath.internal.path.CompiledPath - Evaluating path: $['data']
21:12:17.763 [main @coroutine#46] INFO io.legado.app.model.DebugLog - sourceUrl: http://api.lemiyigou.com, msg: ����ȡ����
21:12:17.763 [main @coroutine#46] DEBUG com.jayway.jsonpath.internal.path.CompiledPath - Evaluating path: $['novelName']
com.jayway.jsonpath.PathNotFoundException: Expected to find an object with property ['novelName'] in path $ but found '
net.minidev.json.JSONArray'. This is not a json object according to the JsonProvider: 'com.jayway.jsonpath.spi.json.Jso
nSmartJsonProvider'.
21:12:17.763 [main @coroutine#46] INFO io.legado.app.model.DebugLog - sourceUrl: http://api.lemiyigou.com, msg: ��
21:12:17.763 [main @coroutine#46] INFO io.legado.app.model.DebugLog - sourceUrl: http://api.lemiyigou.com, msg: ����ȡ����
21:12:17.763 [main @coroutine#46] DEBUG com.jayway.jsonpath.internal.path.CompiledPath - Evaluating path: $['authorName']
21:12:17.763 [main @coroutine#46] INFO io.legado.app.model.DebugLog - sourceUrl: http://api.lemiyigou.com, msg: ��
21:12:17.763 [main @coroutine#46] INFO io.legado.app.model.DebugLog - sourceUrl: http://api.lemiyigou.com, msg: ����ȡ����
com.jayway.jsonpath.PathNotFoundException: Expected to find an object with property ['authorName'] in path $ but found 
'net.minidev.json.JSONArray'. This is not a json object according to the JsonProvider: 'com.jayway.jsonpath.spi.json.Js
onSmartJsonProvider'.
21:12:17.763 [main @coroutine#46] DEBUG com.jayway.jsonpath.internal.path.CompiledPath - Evaluating path: $..['tagName']
21:12:17.763 [main @coroutine#46] DEBUG com.jayway.jsonpath.internal.path.CompiledPath - Evaluating path: $['className']
21:12:17.763 [main @coroutine#46] DEBUG com.jayway.jsonpath.internal.path.CompiledPath - Evaluating path: $['averageScore']
21:12:17.763 [main @coroutine#46] DEBUG com.jayway.jsonpath.internal.path.CompiledPath - Evaluating path: $['lastChapter']['decTime']
com.jayway.jsonpath.PathNotFoundException: Expected to find an object with property ['className'] in path $ but found '
net.minidev.json.JSONArray'. This is not a json object according to the JsonProvider: 'com.jayway.jsonpath.spi.json.Jso
nSmartJsonProvider'.
com.jayway.jsonpath.PathNotFoundException: Expected to find an object with property ['averageScore'] in path $ but foun
d 'net.minidev.json.JSONArray'. This is not a json object according to the JsonProvider: 'com.jayway.jsonpath.spi.json.
JsonSmartJsonProvider'.
21:12:17.763 [main @coroutine#46] INFO io.legado.app.model.DebugLog - sourceUrl: http://api.lemiyigou.com, msg: ��,��,,
21:12:17.763 [main @coroutine#46] INFO io.legado.app.model.DebugLog - sourceUrl: http://api.lemiyigou.com, msg: ����ȡ����
21:12:17.763 [main @coroutine#46] DEBUG com.jayway.jsonpath.internal.path.CompiledPath - Evaluating path: $['wordNum']
com.jayway.jsonpath.PathNotFoundException: Expected to find an object with property ['lastChapter'] in path $ but found
 'net.minidev.json.JSONArray'. This is not a json object according to the JsonProvider: 'com.jayway.jsonpath.spi.json.J
sonSmartJsonProvider'.
21:12:17.763 [main @coroutine#46] INFO io.legado.app.model.DebugLog - sourceUrl: http://api.lemiyigou.com, msg: ��null
21:12:17.763 [main @coroutine#46] INFO io.legado.app.model.DebugLog - sourceUrl: http://api.lemiyigou.com, msg: ����ȡ�����½�
21:12:17.763 [main @coroutine#46] DEBUG com.jayway.jsonpath.internal.path.CompiledPath - Evaluating path: $['lastChapter']['chapterName']
com.jayway.jsonpath.PathNotFoundException: Expected to find an object with property ['wordNum'] in path $ but found 'ne
t.minidev.json.JSONArray'. This is not a json object according to the JsonProvider: 'com.jayway.jsonpath.spi.json.JsonS
martJsonProvider'.
com.jayway.jsonpath.PathNotFoundException: Expected to find an object with property ['lastChapter'] in path $ but found
 'net.minidev.json.JSONArray'. This is not a json object according to the JsonProvider: 'com.jayway.jsonpath.spi.json.J
sonSmartJsonProvider'.
21:12:17.763 [main @coroutine#46] INFO io.legado.app.model.DebugLog - sourceUrl: http://api.lemiyigou.com, msg: ��null
21:12:17.763 [main @coroutine#46] INFO io.legado.app.model.DebugLog - sourceUrl: http://api.lemiyigou.com, msg: ����ȡ���
21:12:17.763 [main @coroutine#46] DEBUG com.jayway.jsonpath.internal.path.CompiledPath - Evaluating path: $..['summary']
21:12:17.763 [main @coroutine#46] INFO io.legado.app.model.DebugLog - sourceUrl: http://api.lemiyigou.com, msg: ����������
21:12:17.763 [main @coroutine#46] INFO io.legado.app.model.DebugLog - sourceUrl: http://api.lemiyigou.com, msg: ����ȡ��������
21:12:17.763 [main @coroutine#46] DEBUG com.jayway.jsonpath.internal.path.CompiledPath - Evaluating path: $..['cover']
21:12:17.763 [main @coroutine#46] INFO io.legado.app.model.DebugLog - sourceUrl: http://api.lemiyigou.com, msg: ��null
21:12:17.763 [main @coroutine#46] INFO io.legado.app.model.DebugLog - sourceUrl: http://api.lemiyigou.com, msg: ����ȡĿ¼����
21:12:17.763 [main @coroutine#46] DEBUG com.jayway.jsonpath.internal.path.CompiledPath - Evaluating path: $['novelId']
com.jayway.jsonpath.PathNotFoundException: Expected to find an object with property ['novelId'] in path $ but found 'ne
t.minidev.json.JSONArray'. This is not a json object according to the JsonProvider: 'com.jayway.jsonpath.spi.json.JsonS
martJsonProvider'.
21:12:17.763 [main @coroutine#46] INFO io.legado.app.model.DebugLog - sourceUrl: http://api.lemiyigou.com, msg: ��http://api.lemiyigou.com/novel//chapters?readNum=1
21:12:17.763 [main] INFO cn.kong.app.model.NovelSourceTest -   ����:  | ����: 
21:12:17.763 [main] INFO cn.kong.app.model.NovelSourceTest -   ���: ��������
21:12:17.763 [main] INFO cn.kong.app.model.NovelSourceTest -   --- Step 3: ��ȡĿ¼ ---
21:12:17.764 [OkHttp http://api.lemiyigou.com/...] DEBUG io.legado.app.model.DebugLog - --> GET http://api.lemiyigou.com/novel//chapters?readNum=1 http/1.1
21:12:17.764 [OkHttp http://api.lemiyigou.com/...] DEBUG io.legado.app.model.DebugLog - client-source: android
21:12:17.764 [OkHttp http://api.lemiyigou.com/...] DEBUG io.legado.app.model.DebugLog - Authorization: bearereyJ0eXAiOiJKV1QiLCJhbGciOiJIUzI1NiJ9.eyJpc3MiOiJodHRwOlwvXC9hcGkuanhndHp4Yy5jb21cL2F1dGhcL3RoaXJkIiwiaWF0IjoxNjgzODkxNjUyLCJleHAiOjE3NzcyMDM2NTIsIm5iZiI6MTY4Mzg5MTY1MiwianRpIjoiR2JxWmI4bGZkbTVLYzBIViIsInN1YiI6Njg3ODYyLCJwcnYiOiJhMWNiMDM3MTgwMjk2YzZhMTkzOGVmMzBiNDM3OTQ2NzJkZDAxNmM1In0.mMxaC2SVyZKyjC6rdUqFVv5d9w_X36o0AdKD7szvE_Q
21:12:17.764 [OkHttp http://api.lemiyigou.com/...] DEBUG io.legado.app.model.DebugLog - client-brand: Redmi
21:12:17.764 [OkHttp http://api.lemiyigou.com/...] DEBUG io.legado.app.model.DebugLog - User-Agent: okhttp/4.9.2
21:12:17.764 [OkHttp http://api.lemiyigou.com/...] DEBUG io.legado.app.model.DebugLog - client-version: 2.3.0
21:12:17.764 [OkHttp http://api.lemiyigou.com/...] DEBUG io.legado.app.model.DebugLog - client-device: 2d37f6b5b6b2605373092c3dc65a3b39
21:12:17.764 [OkHttp http://api.lemiyigou.com/...] DEBUG io.legado.app.model.DebugLog - client-name: app.maoyankanshu.novel
21:12:17.764 [OkHttp http://api.lemiyigou.com/...] DEBUG io.legado.app.model.DebugLog - Keep-Alive: 300
21:12:17.764 [OkHttp http://api.lemiyigou.com/...] DEBUG io.legado.app.model.DebugLog - Connection: Keep-Alive
21:12:17.764 [OkHttp http://api.lemiyigou.com/...] DEBUG io.legado.app.model.DebugLog - Cache-Control: no-cache
21:12:17.764 [OkHttp http://api.lemiyigou.com/...] DEBUG io.legado.app.model.DebugLog - Host: api.lemiyigou.com
21:12:17.764 [OkHttp http://api.lemiyigou.com/...] DEBUG io.legado.app.model.DebugLog - Accept-Encoding: gzip
21:12:17.764 [OkHttp http://api.lemiyigou.com/...] DEBUG io.legado.app.model.DebugLog - --> END GET
21:12:17.924 [OkHttp http://api.lemiyigou.com/...] DEBUG io.legado.app.model.DebugLog - <-- 301 Moved Permanently http://api.lemiyigou.com/novel//chapters?readNum=1 (160ms)
21:12:17.924 [OkHttp http://api.lemiyigou.com/...] DEBUG io.legado.app.model.DebugLog - Server: nginx
21:12:17.924 [OkHttp http://api.lemiyigou.com/...] DEBUG io.legado.app.model.DebugLog - Date: Fri, 14 Aug 2026 12:29:44 GMT
21:12:17.924 [OkHttp http://api.lemiyigou.com/...] DEBUG io.legado.app.model.DebugLog - Content-Type: text/html
21:12:17.924 [OkHttp http://api.lemiyigou.com/...] DEBUG io.legado.app.model.DebugLog - Content-Length: 162
21:12:17.924 [OkHttp http://api.lemiyigou.com/...] DEBUG io.legado.app.model.DebugLog - Connection: keep-alive
21:12:17.924 [OkHttp http://api.lemiyigou.com/...] DEBUG io.legado.app.model.DebugLog - Location: http://api.lemiyigou.com/novel/chapters/?readNum=1
21:12:17.924 [OkHttp http://api.lemiyigou.com/...] DEBUG io.legado.app.model.DebugLog - X-Cache-Status: MISS
21:12:17.924 [OkHttp http://api.lemiyigou.com/...] DEBUG io.legado.app.model.DebugLog - 
21:12:17.924 [OkHttp http://api.lemiyigou.com/...] DEBUG io.legado.app.model.DebugLog - <html>
<head><title>301 Moved Permanently</title></head>
<body>
<center><h1>301 Moved Permanently</h1></center>
<hr><center>nginx</center>
</body>
</html>

21:12:17.924 [OkHttp http://api.lemiyigou.com/...] DEBUG io.legado.app.model.DebugLog - <-- END HTTP (162-byte body)
21:12:17.924 [OkHttp http://api.lemiyigou.com/...] DEBUG io.legado.app.model.DebugLog - --> GET http://api.lemiyigou.com/novel/chapters/?readNum=1 http/1.1
21:12:17.924 [OkHttp http://api.lemiyigou.com/...] DEBUG io.legado.app.model.DebugLog - client-source: android
21:12:17.924 [OkHttp http://api.lemiyigou.com/...] DEBUG io.legado.app.model.DebugLog - Authorization: bearereyJ0eXAiOiJKV1QiLCJhbGciOiJIUzI1NiJ9.eyJpc3MiOiJodHRwOlwvXC9hcGkuanhndHp4Yy5jb21cL2F1dGhcL3RoaXJkIiwiaWF0IjoxNjgzODkxNjUyLCJleHAiOjE3NzcyMDM2NTIsIm5iZiI6MTY4Mzg5MTY1MiwianRpIjoiR2JxWmI4bGZkbTVLYzBIViIsInN1YiI6Njg3ODYyLCJwcnYiOiJhMWNiMDM3MTgwMjk2YzZhMTkzOGVmMzBiNDM3OTQ2NzJkZDAxNmM1In0.mMxaC2SVyZKyjC6rdUqFVv5d9w_X36o0AdKD7szvE_Q
21:12:17.924 [OkHttp http://api.lemiyigou.com/...] DEBUG io.legado.app.model.DebugLog - client-brand: Redmi
21:12:17.924 [OkHttp http://api.lemiyigou.com/...] DEBUG io.legado.app.model.DebugLog - User-Agent: okhttp/4.9.2
21:12:17.924 [OkHttp http://api.lemiyigou.com/...] DEBUG io.legado.app.model.DebugLog - client-version: 2.3.0
21:12:17.924 [OkHttp http://api.lemiyigou.com/...] DEBUG io.legado.app.model.DebugLog - client-device: 2d37f6b5b6b2605373092c3dc65a3b39
21:12:17.924 [OkHttp http://api.lemiyigou.com/...] DEBUG io.legado.app.model.DebugLog - client-name: app.maoyankanshu.novel
21:12:17.924 [OkHttp http://api.lemiyigou.com/...] DEBUG io.legado.app.model.DebugLog - Keep-Alive: 300
21:12:17.924 [OkHttp http://api.lemiyigou.com/...] DEBUG io.legado.app.model.DebugLog - Connection: Keep-Alive
21:12:17.924 [OkHttp http://api.lemiyigou.com/...] DEBUG io.legado.app.model.DebugLog - Cache-Control: no-cache
21:12:17.924 [OkHttp http://api.lemiyigou.com/...] DEBUG io.legado.app.model.DebugLog - Host: api.lemiyigou.com
21:12:17.924 [OkHttp http://api.lemiyigou.com/...] DEBUG io.legado.app.model.DebugLog - Accept-Encoding: gzip
21:12:17.924 [OkHttp http://api.lemiyigou.com/...] DEBUG io.legado.app.model.DebugLog - --> END GET
21:12:18.087 [OkHttp http://api.lemiyigou.com/...] DEBUG io.legado.app.model.DebugLog - <-- 403 Forbidden http://api.lemiyigou.com/novel/chapters/?readNum=1 (162ms)
21:12:18.087 [OkHttp http://api.lemiyigou.com/...] DEBUG io.legado.app.model.DebugLog - Server: nginx
21:12:18.087 [OkHttp http://api.lemiyigou.com/...] DEBUG io.legado.app.model.DebugLog - Date: Fri, 14 Aug 2026 12:29:45 GMT
21:12:18.087 [OkHttp http://api.lemiyigou.com/...] DEBUG io.legado.app.model.DebugLog - Content-Type: text/html
21:12:18.087 [OkHttp http://api.lemiyigou.com/...] DEBUG io.legado.app.model.DebugLog - Content-Length: 146
21:12:18.087 [OkHttp http://api.lemiyigou.com/...] DEBUG io.legado.app.model.DebugLog - Connection: keep-alive
21:12:18.087 [OkHttp http://api.lemiyigou.com/...] DEBUG io.legado.app.model.DebugLog - 
21:12:18.087 [OkHttp http://api.lemiyigou.com/...] DEBUG io.legado.app.model.DebugLog - <html>
<head><title>403 Forbidden</title></head>
<body>
<center><h1>403 Forbidden</h1></center>
<hr><center>nginx</center>
</body>
</html>

21:12:18.087 [OkHttp http://api.lemiyigou.com/...] DEBUG io.legado.app.model.DebugLog - <-- END HTTP (146-byte body)
21:12:18.087 [main @coroutine#47] INFO io.legado.app.model.DebugLog - sourceUrl: http://api.lemiyigou.com, msg: �Ի�ȡ�ɹ�:http://api.lemiyigou.com/novel//chapters?readNum=1
21:12:18.087 [main @coroutine#47] INFO io.legado.app.model.DebugLog - sourceUrl: http://api.lemiyigou.com, msg: ����ȡĿ¼�б�
21:12:18.088 [main @coroutine#47] DEBUG com.jayway.jsonpath.internal.path.CompiledPath - Evaluating path: $['data']['list'][*]
com.jayway.jsonpath.PathNotFoundException: Expected to find an object with property ['data'] in path $ but found 'java.
lang.String'. This is not a json object according to the JsonProvider: 'com.jayway.jsonpath.spi.json.JsonSmartJsonProvi
der'.
21:12:18.088 [main @coroutine#47] INFO io.legado.app.model.DebugLog - sourceUrl: http://api.lemiyigou.com, msg: ���б��С:0
21:12:18.088 [main] ERROR cn.kong.app.model.NovelSourceTest -   �ؼ��� [˭�������ɵ�] ���������쳣: Ŀ¼Ϊ��
io.legado.app.exception.TocEmptyException: Ŀ¼Ϊ��
21:12:18.090 [main] DEBUG com.jayway.jsonpath.internal.path.CompiledPath - Evaluating path: $
21:12:18.093 [main] INFO cn.kong.app.model.NovelSourceTest - 
���������� ? ��èС˵ (https://api-bc.wtzw.com) ����������
21:12:18.093 [main] INFO cn.kong.app.model.NovelSourceTest - 
  -------- �ؼ��� [���Ʋ��] --------
21:12:18.093 [main] INFO cn.kong.app.model.NovelSourceTest -   --- Step 1: ���� [���Ʋ��] ---
21:12:18.349 [OkHttp https://api-bc.wtzw.com/...] DEBUG io.legado.app.model.DebugLog - --> GET https://api-bc.wtzw.com/api/v5/search/words?gender=3&imei_ip=2937357107&page=1&wd=%E6%96%97%E7%A0%B4%E8%8B%8D%E7%A9%B9&sign=372cfc44d833acdff663a43ba05d46c6 h2
21:12:18.349 [OkHttp https://api-bc.wtzw.com/...] DEBUG io.legado.app.model.DebugLog - net-env: 1
21:12:18.349 [OkHttp https://api-bc.wtzw.com/...] DEBUG io.legado.app.model.DebugLog - reg: 0
21:12:18.349 [OkHttp https://api-bc.wtzw.com/...] DEBUG io.legado.app.model.DebugLog - User-Agent: Mozilla/5.0 (Windows NT 10.0; Win64; x64) AppleWebKit/537.36 (KHTML, like Gecko) Chrome/75.0.3770.142 Safari/537.36
21:12:18.349 [OkHttp https://api-bc.wtzw.com/...] DEBUG io.legado.app.model.DebugLog - channel: unknown
21:12:18.349 [OkHttp https://api-bc.wtzw.com/...] DEBUG io.legado.app.model.DebugLog - sign: fc697243ab534ebaf51d2fa80f251cb4
21:12:18.349 [OkHttp https://api-bc.wtzw.com/...] DEBUG io.legado.app.model.DebugLog - platform: android
21:12:18.349 [OkHttp https://api-bc.wtzw.com/...] DEBUG io.legado.app.model.DebugLog - AUTHORIZATION: 
21:12:18.349 [OkHttp https://api-bc.wtzw.com/...] DEBUG io.legado.app.model.DebugLog - application-id: com.****.reader
21:12:18.349 [OkHttp https://api-bc.wtzw.com/...] DEBUG io.legado.app.model.DebugLog - app-version: 51110
21:12:18.349 [OkHttp https://api-bc.wtzw.com/...] DEBUG io.legado.app.model.DebugLog - qm-params: 
21:12:18.349 [OkHttp https://api-bc.wtzw.com/...] DEBUG io.legado.app.model.DebugLog - Keep-Alive: 300
21:12:18.349 [OkHttp https://api-bc.wtzw.com/...] DEBUG io.legado.app.model.DebugLog - Connection: Keep-Alive
21:12:18.349 [OkHttp https://api-bc.wtzw.com/...] DEBUG io.legado.app.model.DebugLog - Cache-Control: no-cache
21:12:18.349 [OkHttp https://api-bc.wtzw.com/...] DEBUG io.legado.app.model.DebugLog - Host: api-bc.wtzw.com
21:12:18.349 [OkHttp https://api-bc.wtzw.com/...] DEBUG io.legado.app.model.DebugLog - Accept-Encoding: gzip
21:12:18.349 [OkHttp https://api-bc.wtzw.com/...] DEBUG io.legado.app.model.DebugLog - --> END GET
21:12:18.612 [OkHttp https://api-bc.wtzw.com/...] DEBUG io.legado.app.model.DebugLog - <-- 200 https://api-bc.wtzw.com/api/v5/search/words?gender=3&imei_ip=2937357107&page=1&wd=%E6%96%97%E7%A0%B4%E8%8B%8D%E7%A9%B9&sign=372cfc44d833acdff663a43ba05d46c6 (262ms)
21:12:18.612 [OkHttp https://api-bc.wtzw.com/...] DEBUG io.legado.app.model.DebugLog - date: Fri, 14 Aug 2026 13:12:18 GMT
21:12:18.612 [OkHttp https://api-bc.wtzw.com/...] DEBUG io.legado.app.model.DebugLog - content-type: application/json; charset=utf-8
21:12:18.612 [OkHttp https://api-bc.wtzw.com/...] DEBUG io.legado.app.model.DebugLog - set-cookie: acw_tc=2760822b17867131384797926e7d9d050208f9c30f5132bdcd74712ddf558e;path=/;HttpOnly;Max-Age=1800
21:12:18.612 [OkHttp https://api-bc.wtzw.com/...] DEBUG io.legado.app.model.DebugLog - req-cost-time: 121
21:12:18.612 [OkHttp https://api-bc.wtzw.com/...] DEBUG io.legado.app.model.DebugLog - req-arrive-time: 1786713138483
21:12:18.612 [OkHttp https://api-bc.wtzw.com/...] DEBUG io.legado.app.model.DebugLog - resp-start-time: 1786713138605
21:12:18.612 [OkHttp https://api-bc.wtzw.com/...] DEBUG io.legado.app.model.DebugLog - x-envoy-upstream-service-time: 121
21:12:18.612 [OkHttp https://api-bc.wtzw.com/...] DEBUG io.legado.app.model.DebugLog - content-encoding: gzip
21:12:18.612 [OkHttp https://api-bc.wtzw.com/...] DEBUG io.legado.app.model.DebugLog - vary: Accept-Encoding
21:12:18.612 [OkHttp https://api-bc.wtzw.com/...] DEBUG io.legado.app.model.DebugLog - server: istio-envoy
21:12:18.612 [OkHttp https://api-bc.wtzw.com/...] DEBUG io.legado.app.model.DebugLog - 
21:12:18.612 [OkHttp https://api-bc.wtzw.com/...] DEBUG io.legado.app.model.DebugLog - {"data":{"id":"","type":"search_result","title":"�������","meta":{"books_click":"","page":"0","total_page":"32"},"categories":[],"tags":[],"books":[{"intro":"���������ڶ��������磬û�л���������ħ�����еģ������Ƿ��ܵ��۷�Ķ�����\n����ȼ��ƶȣ����ߣ���ʦ����ʦ�����飬���������ʣ����ڣ����𣬶�ʥ�����ۡ�\n����","characters":"��Ҫ�������","ptags":"Ӱ��,Ӱ��ԭ��,��Ϯ,�ϲ�,��è��ѡ,������Ʒ,��Ѫ,��Խ,ˬ��,���,����,���ɫ","words_num":"5353368","author":"�������","id":"1784900","score":"9.7","image_link":"https://cdn.wtzw.com/bookimg/public/images/cover/f0e5/858e75634e474b95ea0d12edfbe1c610_360x480.jpg","title":"\u003cb\u003e\u003cfont color='#ff4242'\u003e��\u003c/font\u003e\u003cfont color='#ff4242'\u003e��\u003c/font\u003e\u003cfont color='#ff4242'\u003e��\u003c/font\u003e\u003cfont color='#ff4242'\u003e�\u003c/font\u003e\u003c/b\u003e","alias_title":"��������ƿ֮Լ��","schema_baidu":"","download_url":"","data_source":"qimao","match_flag":"1","original_title":"���Ʋ��","original_alias_title":"��ƿ֮Լ��","original_author":"�������","type":"0","title_tag":""},{"intro":"����һ����Խ\u003cfont color='#ff4242'\u003e���Ʋ��\u003c/font\u003e����Ϊ��������ڣ�Ȼ��������ٶ�ΰ��Ĺ��¡���\n��Խ\u003cfont color='#ff4242'\u003e���Ʋ��\u003c/font\u003e����Ϊ��������ڣ�����ϵͳ��\n�����������Ҿ��ܱ�ǿ����\n����֮�����Ժ���ﾭ���ܿ������������ż�ë���ӽ������ˡ�\n��һ�����Ķ���Ҫ͵�����Ͻ�ȥ������������\n����λ����Ĺ�������£�����ʵ�����ǡ�\n���˴���壿Ц��������������Ψһ���壡�������壬��ָ����Ҳ����\n������濴�������Ĺ�����ʹ���Ǻ�Ц����\n��\u003cfont color='#ff4242'\u003e���Ʋ��\u003c/font\u003e��ʼ�����ϴ�ǧ���磬���������ͷ�𺳴�ǧ��","characters":"��Ҫ�������","ptags":"ɱ������,��������,ϵͳ,��Խ,ˬ��,����","words_num":"1839591","author":"���������","id":"9973869","score":"8.0","image_link":"https://cdn.wtzw.com/bookimg/public/images/cover/f0e5/6c5e534894c88272ad535ca72aabfc34_216x288.png","title":"\u003cfont color='#ff4242'\u003e��\u003c/font\u003e\u003cfont color='#ff4242'\u003e��\u003c/font\u003e\u003cfont color='#ff4242'\u003e��\u003c/font\u003e\u003cfont color='#ff4242'\u003e�\u003c/font\u003e֮�������","alias_title":"","schema_baidu":"","download_url":"","data_source":"qimao","match_flag":"0","original_title":"���Ʋ��֮�������","original_alias_title":"","original_author":"���������","type":"0","title_tag":""},{"intro":"...�����������ϵͳ����\u003cfont color='#ff4242'\u003e���Ʋ��\u003c/font\u003e��ʼ����������һ���ִ�����������еĹ��¡���","characters":"��Ҫ������","ptags":"����,��������,ϵͳ,��Խ,ˬ��,���","words_num":"1305560","author":"�����о�","id":"1788815","score":"8.9","image_link":"https://cdn.wtzw.com/bookimg/public/images/cover/f0e5/100c791c468c5a427acd3019ce175a58_216x288.jpg","title":"������\u003cfont color='#ff4242'\u003e��\u003c/font\u003e\u003cfont color='#ff4242'\u003e��\u003c/font\u003e\u003cfont color='#ff4242'\u003e��\u003c/font\u003e\u003cfont color='#ff4242'\u003e�\u003c/font\u003e��ʼ","alias_title":"","schema_baidu":"","download_url":"","data_source":"qimao","match_flag":"0","original_title":"�����Ӷ��Ʋ�񷿪ʼ","original_alias_title":"","original_author":"�����о�","type":"0","title_tag":""},{"intro":"...�ˣ���Խ�ĵط���Ȼ��\u003cfont color='#ff4242'\u003e���Ʋ��\u003c/font\u003e�����磬һ����ͨ�������ǿ�����ƵĶ�����½�����أ����ã���а�������Լ��Ľ���ָ���ϵͳ��Ϊ��׬ȡ��ݵ㣬��аֻ����װ�Ƶĵ�·��Խ��ԽԶ�ˡ���","characters":"��Ҫ�����а","ptags":"ɱ������,����Ի�,����,�������,ϵͳ,��Ů��,��Խ,ˬ��","words_num":"2739369","author":"ǧӰ�й�","id":"1788508","score":"8.7","image_link":"https://cdn.wtzw.com/bookimg/public/images/cover/f0e5/b8f9bf579ec21fab675c7b54e03d2993_216x288.jpg","title":"һ�д�\u003cfont color='#ff4242'\u003e��\u003c/font\u003e\u003cfont color='#ff4242'\u003e��\u003c/font\u003e\u003cfont color='#ff4242'\u003e��\u003c/font\u003e\u003cfont color='#ff4242'\u003e�\u003c/font\u003e��ʼ","alias_title":"","schema_baidu":"","download_url":"","data_source":"qimao","match_flag":"0","original_title":"һ�дӶ��Ʋ�񷿪ʼ","original_alias_title":"","original_author":"ǧӰ�й�","type":"0","title_tag":""},{"intro":"...��������һ����һ����\u003cfont color='#ff4242'\u003e���Ʋ��\u003c/font\u003e�������������ҵ����������������...�ɹ��ˣ�\n���Ǻ����ҳ�Ϊ�˶�����½����Ķ����档\n��ʥүү�������ף���Ʒ��ҩʦ�����裬��ֻ�Ǳ�ɽһ�ǣ�\n����Ϊ��������Ѿ������Ҵ�Խ�ߵ�����ˣ�û�뵽���ֻ�Ǹ���ʼ��\n��Ԫ����Ѭ���������ǹ���ĻԻ;Ϳ����������������ˡ���\n�����峤�ϣ���Ů�����£�������ү����������Ĺؼ�������\n��ɽ�����϶���������ү��ʲô���á���\n������Ȼ������ʮ��Ӷ�...��\n......","characters":"��Ҫ�������","ptags":"�޵���,��Ů��,��Խ,ˬ��,���","words_num":"2199162","author":"��⽳���","id":"9974952","score":"8.8","image_link":"https://cdn.wtzw.com/bookimg/public/images/cover/f0e5/472a462ee863eef52e06d8635484c8a9_216x288.jpg","title":"\u003cfont color='#ff4242'\u003e��\u003c/font\u003e\u003cfont color='#ff4242'\u003e��\u003c/font\u003e\u003cfont color='#ff4242'\u003e��\u003c/font\u003e\u003cfont color='#ff4242'\u003e�\u003c/font\u003e֮��������","alias_title":"","schema_baidu":"","download_url":"","data_source":"qimao","match_flag":"0","original_title":"���Ʋ��֮��������","original_alias_title":"","original_author":"��⽳���","type":"0","title_tag":""},{"intro":"��������\u003cfont color='#ff4242'\u003e���Ʋ��\u003c/font\u003e�����ҹ�r��ӵ��һ������������̳�ϵͳ�����ſ����һ����λ��֮�����ٴ�½������������ĵĻ��棬Զ���Ĺ�ƾ�ճ�����������½Ψ�Ҷ���ʲôԶ�Ű��壬̫��������˲���ô��Сү���Դ��쳯�Ļ��ĹŹ�������������һ��С��û�У�������������","characters":"","ptags":"","words_num":"1332407","author":"�λ�Ϧ��","id":"10009203","score":"8.0","image_link":"https://cdn.wtzw.com/bookimg/public/images/cover/f0e5/7b7195457c612c9f759978c620d9a3c4_216x288.jpg","title":"\u003cfont color='#ff4242'\u003e��\u003c/font\u003e\u003cfont color='#ff4242'\u003e��\u003c/font\u003e\u003cfont color='#ff4242'\u003e��\u003c/font\u003e\u003cfont color='#ff4242'\u003e�\u003c/font\u003e֮����̳�","alias_title":"","schema_baidu":"","download_url":"","data_source":"qimao","match_flag":"0","original_title":"���Ʋ��֮����̳�","original_alias_title":"","original_author":"�λ�Ϧ��","type":"0","title_tag":""},{"intro":"����Ϊһ������������ҩʦ����Ͷ���ң��һر��㣬��׬���Ⱑ���㻹�ڵ�ʲô�أ���\n���԰�������ҩ����ôǿ���������ʦ����������\n�����������Ҷ���������ҩֻҪ�㿪�ڣ��Ҿ͸�����������ʲô���ɲ������һ죿��\n��û��Ǯ������˵����⣬����ĸ�Դ������ûǮ����\n�����в��Ǵ��ɱɱ�������������ʡ���\n���G���������޵��ˣ�����۸�ү������\n����һ����һ�������׵Ĺ��¡�\n��ǰ�������׸��","characters":"��Ҫ�������","ptags":"��Խ,ˬ��,����","words_num":"790563","author":"������","id":"10004196","score":"8.0","image_link":"https://cdn.wtzw.com/bookimg/public/images/cover/f0e5/088fa9f0da3d106d8693af78965ed51d_216x288.png","title":"\u003cfont color='#ff4242'\u003e��\u003c/font\u003e\u003cfont color='#ff4242'\u003e��\u003c/font\u003e\u003cfont color='#ff4242'\u003e��\u003c/font\u003e\u003cfont color='#ff4242'\u003e�\u003c/font\u003e֮�ƶ�Ǭ��","alias_title":"","schema_baidu":"","download_url":"","data_source":"qimao","match_flag":"0","original_title":"���Ʋ��֮�ƶ�Ǭ��","original_alias_title":"","original_author":"������","type":"0","title_tag":""},{"intro":"������������ģ����ѳ�������꣬ȴ����Ϊ����ͼ���������꣬�ܾ����衭���ҿ����������ƾ����������꣬һ·����һ·��Ϯ����\n���湦�����汦�������ء�ս�콾�������޾����飬�ں�����Ѫ������ս���£������޵У�","characters":"��Ҫ���������,������","ptags":"ɱ������,����Ի�,��Ϯ,���,�ϲ�,��Ѫ,ˬ��,����,����ָ","words_num":"1085367","author":"������å","id":"114338","score":"8.8","image_link":"https://cdn.wtzw.com/bookimg/public/images/cover/9778/b9e6e5af8d73b575961bbf5ced4fab4d_216x288.jpg","title":"\u003cfont color='#ff4242'\u003e��\u003c/font\u003e\u003cfont color='#ff4242'\u003e��\u003c/font\u003e\u003cfont color='#ff4242'\u003e��\u003c/font\u003e\u003cfont color='#ff4242'\u003e�\u003c/font\u003e֮�������","alias_title":"","schema_baidu":"","download_url":"","data_source":"qimao","match_flag":"0","original_title":"���Ʋ��֮�������","original_alias_title":"","original_author":"������å","type":"0","title_tag":""},{"intro":"������½������Ϊ�𣬴���Ѫ�����������棡Ϊ���Լ��ĺ����Ϊ��ӵ�и�ǿ��ʵ���������Լ���������һ���������������������۱�ɶ��ͣ�������ǿ�ߣ�����֮�۷塣�������������似������һ�����ж��þ�̾���֣����ߣ�����һ����Խ��֮�۵�ǿ�ߣ����ϣ��������������š�Ȼ�������ǵ����ǣ���ȴ�����ˣ������ٴ��Ի͡���","characters":"��Ҫ�������","ptags":"ɱ������,��Ϯ,��Խ,ˬ��,���","words_num":"1093671","author":"�ɽ�","id":"1791132","score":"8.5","image_link":"https://cdn.wtzw.com/bookimg/public/images/cover/f0e5/0231294e46a39e6cea032f13ca04dfd7_216x288.jpg","title":"\u003cfont color='#ff4242'\u003e��\u003c/font\u003e\u003cfont color='#ff4242'\u003e��\u003c/font\u003e\u003cfont color='#ff4242'\u003e��\u003c/font\u003e\u003cfont color='#ff4242'\u003e�\u003c/font\u003e֮�����۷�","alias_title":"","schema_baidu":"","download_url":"","data_source":"qimao","match_flag":"0","original_title":"���Ʋ��֮�����۷�","original_alias_title":"","original_author":"�ɽ�","type":"0","title_tag":""},{"intro":"����ƿգ��������ǿ�ʼ���µ���㡣\n�ݺ��ǧ���磬�콾��˫��������������ʤ����\n�����ǵ�����Ӣ�ۺ����������ᣬ׷Ѱ������֮����\n��ǧ֮�⣬����а�廢�ӵ��飬�µķ籩Խ��Խ�ҡ�\n���ƺ���������ԭ��������������죬��Ѫ��ǧ��","characters":"","ptags":"","words_num":"6500649","author":"������ϼ","id":"13029636","score":"8.0","image_link":"https://cdn.wtzw.com/bookimg/public/images/cover/f0e5/e7f5aaca1b905eef979b552b1974bd9a_216x288.jpg","title":"\u003cfont color='#ff4242'\u003e��\u003c/font\u003e\u003cfont color='#ff4242'\u003e��\u003c/font\u003e\u003cfont color='#ff4242'\u003e��\u003c/font\u003e\u003cfont color='#ff4242'\u003e�\u003c/font\u003e��֮�׵�","alias_title":"","schema_baidu":"","download_url":"","data_source":"qimao","match_flag":"0","original_title":"���Ʋ����֮�׵�","original_alias_title":"","original_author":"������ϼ","type":"0","title_tag":""}]}}
21:12:18.612 [OkHttp https://api-bc.wtzw.com/...] DEBUG io.legado.app.model.DebugLog - <-- END HTTP (11898-byte, 4089-gzipped-byte body)
21:12:18.613 [main @coroutine#48] INFO io.legado.app.model.DebugLog - sourceUrl: https://api-bc.wtzw.com, msg: �Ի�ȡ�ɹ�:/api/v5/search/words?&gender=3&imei_ip=2937357107&page=1&wd=%E6%96%97%E7%A0%B4%E8%8B%8D%E7%A9%B9&sign=372cfc44d833acdff663a43ba05d46c6,{"headers":{"app-version":"51110","platform":"android","reg":"0","AUTHORIZATION":"","application-id":"com.****.reader","net-env":"1","channel":"unknown","qm-params":"","sign":"fc697243ab534ebaf51d2fa80f251cb4"}}
21:12:18.613 [main @coroutine#48] INFO io.legado.app.model.DebugLog - sourceUrl: https://api-bc.wtzw.com, msg: ����ȡ�鼮�б�
21:12:18.613 [main @coroutine#48] DEBUG com.jayway.jsonpath.internal.path.CompiledPath - Evaluating path: $['data']['books']
21:12:18.613 [main @coroutine#48] INFO io.legado.app.model.DebugLog - sourceUrl: https://api-bc.wtzw.com, msg: ���б��С:10
21:12:18.613 [main @coroutine#48] INFO io.legado.app.model.DebugLog - sourceUrl: https://api-bc.wtzw.com, msg: ����ȡ����
21:12:18.613 [main @coroutine#48] DEBUG com.jayway.jsonpath.internal.path.CompiledPath - Evaluating path: $['original_title']
21:12:18.613 [main @coroutine#48] INFO io.legado.app.model.DebugLog - sourceUrl: https://api-bc.wtzw.com, msg: �����Ʋ��
21:12:18.613 [main @coroutine#48] INFO io.legado.app.model.DebugLog - sourceUrl: https://api-bc.wtzw.com, msg: ����ȡ����
21:12:18.613 [main @coroutine#48] DEBUG com.jayway.jsonpath.internal.path.CompiledPath - Evaluating path: $['original_author']
21:12:18.613 [main @coroutine#48] INFO io.legado.app.model.DebugLog - sourceUrl: https://api-bc.wtzw.com, msg: ���������
21:12:18.613 [main @coroutine#48] INFO io.legado.app.model.DebugLog - sourceUrl: https://api-bc.wtzw.com, msg: ����ȡ����
21:12:18.613 [main @coroutine#48] INFO io.legado.app.model.DebugLog - sourceUrl: https://api-bc.wtzw.com, msg: ��null
21:12:18.613 [main @coroutine#48] INFO io.legado.app.model.DebugLog - sourceUrl: https://api-bc.wtzw.com, msg: ����ȡ����
21:12:18.613 [main @coroutine#48] DEBUG com.jayway.jsonpath.internal.path.CompiledPath - Evaluating path: $['words_num']
21:12:18.614 [main @coroutine#48] INFO io.legado.app.model.DebugLog - sourceUrl: https://api-bc.wtzw.com, msg: ��535.3����
21:12:18.614 [main @coroutine#48] INFO io.legado.app.model.DebugLog - sourceUrl: https://api-bc.wtzw.com, msg: ����ȡ�����½�
21:12:18.614 [main @coroutine#48] INFO io.legado.app.model.DebugLog - sourceUrl: https://api-bc.wtzw.com, msg: ��
21:12:18.614 [main @coroutine#48] INFO io.legado.app.model.DebugLog - sourceUrl: https://api-bc.wtzw.com, msg: ����ȡ���
21:12:18.614 [main @coroutine#48] DEBUG com.jayway.jsonpath.internal.path.CompiledPath - Evaluating path: $['intro']
21:12:18.614 [main @coroutine#48] DEBUG com.jayway.jsonpath.internal.path.CompiledPath - Evaluating path: $['ptags']
21:12:18.614 [main @coroutine#48] INFO io.legado.app.model.DebugLog - sourceUrl: https://api-bc.wtzw.com, msg: ��?? Ӱ��,Ӱ��ԭ��,��Ϯ,�ϲ�,��è��ѡ,������Ʒ,��Ѫ,��Խ,ˬ��,���,����,���ɫ
�������������ڶ��������磬û�л���������ħ�����еģ������Ƿ��ܵ��۷�Ķ�����
��������ȼ��ƶȣ����ߣ���ʦ����ʦ�����飬���������ʣ����ڣ����𣬶�ʥ�����ۡ�
��������
21:12:18.614 [main @coroutine#48] INFO io.legado.app.model.DebugLog - sourceUrl: https://api-bc.wtzw.com, msg: ����ȡ��������
21:12:18.614 [main @coroutine#48] DEBUG com.jayway.jsonpath.internal.path.CompiledPath - Evaluating path: $['image_link']
21:12:18.614 [main @coroutine#48] INFO io.legado.app.model.DebugLog - sourceUrl: https://api-bc.wtzw.com, msg: ��https://cdn.wtzw.com/bookimg/public/images/cover/f0e5/858e75634e474b95ea0d12edfbe1c610_360x480.jpg
21:12:18.614 [main @coroutine#48] INFO io.legado.app.model.DebugLog - sourceUrl: https://api-bc.wtzw.com, msg: ����ȡ����ҳ����
21:12:18.614 [main @coroutine#48] DEBUG com.jayway.jsonpath.internal.path.CompiledPath - Evaluating path: $['id']
21:12:18.619 [main @coroutine#48] INFO io.legado.app.model.DebugLog - sourceUrl: https://api-bc.wtzw.com, msg: ��https://api-bc.wtzw.com/api/v4/book/detail?&id=1784900&imei_ip=2937357107&teeny_mode=0&sign=615d74d8d9ee2822b3d34896d1612d12,{"headers":{"app-version":"51110","platform":"android","reg":"0","AUTHORIZATION":"","application-id":"com.****.reader","net-env":"1","channel":"unknown","qm-params":"","sign":"fc697243ab534ebaf51d2fa80f251cb4"}}
21:12:18.619 [main @coroutine#48] DEBUG com.jayway.jsonpath.internal.path.CompiledPath - Evaluating path: $['original_title']
21:12:18.619 [main @coroutine#48] DEBUG com.jayway.jsonpath.internal.path.CompiledPath - Evaluating path: $['original_author']
21:12:18.619 [main @coroutine#48] DEBUG com.jayway.jsonpath.internal.path.CompiledPath - Evaluating path: $['words_num']
21:12:18.619 [main @coroutine#48] DEBUG com.jayway.jsonpath.internal.path.CompiledPath - Evaluating path: $['intro']
21:12:18.619 [main @coroutine#48] DEBUG com.jayway.jsonpath.internal.path.CompiledPath - Evaluating path: $['ptags']
21:12:18.619 [main @coroutine#48] DEBUG com.jayway.jsonpath.internal.path.CompiledPath - Evaluating path: $['image_link']
21:12:18.619 [main @coroutine#48] DEBUG com.jayway.jsonpath.internal.path.CompiledPath - Evaluating path: $['id']
21:12:18.621 [main @coroutine#48] DEBUG com.jayway.jsonpath.internal.path.CompiledPath - Evaluating path: $['original_title']
21:12:18.621 [main @coroutine#48] DEBUG com.jayway.jsonpath.internal.path.CompiledPath - Evaluating path: $['original_author']
21:12:18.621 [main @coroutine#48] DEBUG com.jayway.jsonpath.internal.path.CompiledPath - Evaluating path: $['words_num']
21:12:18.621 [main @coroutine#48] DEBUG com.jayway.jsonpath.internal.path.CompiledPath - Evaluating path: $['intro']
21:12:18.621 [main @coroutine#48] DEBUG com.jayway.jsonpath.internal.path.CompiledPath - Evaluating path: $['ptags']
21:12:18.621 [main @coroutine#48] DEBUG com.jayway.jsonpath.internal.path.CompiledPath - Evaluating path: $['image_link']
21:12:18.621 [main @coroutine#48] DEBUG com.jayway.jsonpath.internal.path.CompiledPath - Evaluating path: $['id']
21:12:18.624 [main @coroutine#48] DEBUG com.jayway.jsonpath.internal.path.CompiledPath - Evaluating path: $['original_title']
21:12:18.624 [main @coroutine#48] DEBUG com.jayway.jsonpath.internal.path.CompiledPath - Evaluating path: $['original_author']
21:12:18.624 [main @coroutine#48] DEBUG com.jayway.jsonpath.internal.path.CompiledPath - Evaluating path: $['words_num']
21:12:18.624 [main @coroutine#48] DEBUG com.jayway.jsonpath.internal.path.CompiledPath - Evaluating path: $['intro']
21:12:18.624 [main @coroutine#48] DEBUG com.jayway.jsonpath.internal.path.CompiledPath - Evaluating path: $['ptags']
21:12:18.624 [main @coroutine#48] DEBUG com.jayway.jsonpath.internal.path.CompiledPath - Evaluating path: $['image_link']
21:12:18.624 [main @coroutine#48] DEBUG com.jayway.jsonpath.internal.path.CompiledPath - Evaluating path: $['id']
21:12:18.627 [main @coroutine#48] DEBUG com.jayway.jsonpath.internal.path.CompiledPath - Evaluating path: $['original_title']
21:12:18.627 [main @coroutine#48] DEBUG com.jayway.jsonpath.internal.path.CompiledPath - Evaluating path: $['original_author']
21:12:18.627 [main @coroutine#48] DEBUG com.jayway.jsonpath.internal.path.CompiledPath - Evaluating path: $['words_num']
21:12:18.627 [main @coroutine#48] DEBUG com.jayway.jsonpath.internal.path.CompiledPath - Evaluating path: $['intro']
21:12:18.627 [main @coroutine#48] DEBUG com.jayway.jsonpath.internal.path.CompiledPath - Evaluating path: $['ptags']
21:12:18.627 [main @coroutine#48] DEBUG com.jayway.jsonpath.internal.path.CompiledPath - Evaluating path: $['image_link']
21:12:18.628 [main @coroutine#48] DEBUG com.jayway.jsonpath.internal.path.CompiledPath - Evaluating path: $['id']
21:12:18.629 [main @coroutine#48] DEBUG com.jayway.jsonpath.internal.path.CompiledPath - Evaluating path: $['original_title']
21:12:18.629 [main @coroutine#48] DEBUG com.jayway.jsonpath.internal.path.CompiledPath - Evaluating path: $['original_author']
21:12:18.629 [main @coroutine#48] DEBUG com.jayway.jsonpath.internal.path.CompiledPath - Evaluating path: $['words_num']
21:12:18.629 [main @coroutine#48] DEBUG com.jayway.jsonpath.internal.path.CompiledPath - Evaluating path: $['intro']
21:12:18.629 [main @coroutine#48] DEBUG com.jayway.jsonpath.internal.path.CompiledPath - Evaluating path: $['ptags']
21:12:18.630 [main @coroutine#48] DEBUG com.jayway.jsonpath.internal.path.CompiledPath - Evaluating path: $['image_link']
21:12:18.630 [main @coroutine#48] DEBUG com.jayway.jsonpath.internal.path.CompiledPath - Evaluating path: $['id']
21:12:18.631 [main @coroutine#48] DEBUG com.jayway.jsonpath.internal.path.CompiledPath - Evaluating path: $['original_title']
21:12:18.631 [main @coroutine#48] DEBUG com.jayway.jsonpath.internal.path.CompiledPath - Evaluating path: $['original_author']
21:12:18.631 [main @coroutine#48] DEBUG com.jayway.jsonpath.internal.path.CompiledPath - Evaluating path: $['words_num']
21:12:18.631 [main @coroutine#48] DEBUG com.jayway.jsonpath.internal.path.CompiledPath - Evaluating path: $['intro']
21:12:18.631 [main @coroutine#48] DEBUG com.jayway.jsonpath.internal.path.CompiledPath - Evaluating path: $['ptags']
21:12:18.631 [main @coroutine#48] DEBUG com.jayway.jsonpath.internal.path.CompiledPath - Evaluating path: $['image_link']
21:12:18.631 [main @coroutine#48] DEBUG com.jayway.jsonpath.internal.path.CompiledPath - Evaluating path: $['id']
21:12:18.632 [main @coroutine#48] DEBUG com.jayway.jsonpath.internal.path.CompiledPath - Evaluating path: $['original_title']
21:12:18.632 [main @coroutine#48] DEBUG com.jayway.jsonpath.internal.path.CompiledPath - Evaluating path: $['original_author']
21:12:18.632 [main @coroutine#48] DEBUG com.jayway.jsonpath.internal.path.CompiledPath - Evaluating path: $['words_num']
21:12:18.632 [main @coroutine#48] DEBUG com.jayway.jsonpath.internal.path.CompiledPath - Evaluating path: $['intro']
21:12:18.632 [main @coroutine#48] DEBUG com.jayway.jsonpath.internal.path.CompiledPath - Evaluating path: $['ptags']
21:12:18.632 [main @coroutine#48] DEBUG com.jayway.jsonpath.internal.path.CompiledPath - Evaluating path: $['image_link']
21:12:18.632 [main @coroutine#48] DEBUG com.jayway.jsonpath.internal.path.CompiledPath - Evaluating path: $['id']
21:12:18.633 [main @coroutine#48] DEBUG com.jayway.jsonpath.internal.path.CompiledPath - Evaluating path: $['original_title']
21:12:18.633 [main @coroutine#48] DEBUG com.jayway.jsonpath.internal.path.CompiledPath - Evaluating path: $['original_author']
21:12:18.633 [main @coroutine#48] DEBUG com.jayway.jsonpath.internal.path.CompiledPath - Evaluating path: $['words_num']
21:12:18.633 [main @coroutine#48] DEBUG com.jayway.jsonpath.internal.path.CompiledPath - Evaluating path: $['intro']
21:12:18.633 [main @coroutine#48] DEBUG com.jayway.jsonpath.internal.path.CompiledPath - Evaluating path: $['ptags']
21:12:18.633 [main @coroutine#48] DEBUG com.jayway.jsonpath.internal.path.CompiledPath - Evaluating path: $['image_link']
21:12:18.633 [main @coroutine#48] DEBUG com.jayway.jsonpath.internal.path.CompiledPath - Evaluating path: $['id']
21:12:18.635 [main @coroutine#48] DEBUG com.jayway.jsonpath.internal.path.CompiledPath - Evaluating path: $['original_title']
21:12:18.635 [main @coroutine#48] DEBUG com.jayway.jsonpath.internal.path.CompiledPath - Evaluating path: $['original_author']
21:12:18.635 [main @coroutine#48] DEBUG com.jayway.jsonpath.internal.path.CompiledPath - Evaluating path: $['words_num']
21:12:18.635 [main @coroutine#48] DEBUG com.jayway.jsonpath.internal.path.CompiledPath - Evaluating path: $['intro']
21:12:18.635 [main @coroutine#48] DEBUG com.jayway.jsonpath.internal.path.CompiledPath - Evaluating path: $['ptags']
21:12:18.635 [main @coroutine#48] DEBUG com.jayway.jsonpath.internal.path.CompiledPath - Evaluating path: $['image_link']
21:12:18.635 [main @coroutine#48] DEBUG com.jayway.jsonpath.internal.path.CompiledPath - Evaluating path: $['id']
21:12:18.636 [main] INFO cn.kong.app.model.NovelSourceTest -   �������: 10 ��
21:12:18.636 [main] INFO cn.kong.app.model.NovelSourceTest -     [1] ���Ʋ�� | �������
21:12:18.636 [main] INFO cn.kong.app.model.NovelSourceTest -     [2] ���Ʋ��֮������� | ���������
21:12:18.636 [main] INFO cn.kong.app.model.NovelSourceTest -     [3] �����Ӷ��Ʋ�񷿪ʼ | �����о�
21:12:18.636 [main] INFO cn.kong.app.model.NovelSourceTest -   --- Step 2: ��ȡ���� ---
21:12:18.637 [OkHttp https://api-bc.wtzw.com/...] DEBUG io.legado.app.model.DebugLog - --> GET https://api-bc.wtzw.com/api/v4/book/detail?id=1784900&imei_ip=2937357107&teeny_mode=0&sign=615d74d8d9ee2822b3d34896d1612d12 h2
21:12:18.637 [OkHttp https://api-bc.wtzw.com/...] DEBUG io.legado.app.model.DebugLog - net-env: 1
21:12:18.637 [OkHttp https://api-bc.wtzw.com/...] DEBUG io.legado.app.model.DebugLog - reg: 0
21:12:18.637 [OkHttp https://api-bc.wtzw.com/...] DEBUG io.legado.app.model.DebugLog - User-Agent: Mozilla/5.0 (Windows NT 10.0; Win64; x64) AppleWebKit/537.36 (KHTML, like Gecko) Chrome/75.0.3770.142 Safari/537.36
21:12:18.637 [OkHttp https://api-bc.wtzw.com/...] DEBUG io.legado.app.model.DebugLog - channel: unknown
21:12:18.637 [OkHttp https://api-bc.wtzw.com/...] DEBUG io.legado.app.model.DebugLog - sign: fc697243ab534ebaf51d2fa80f251cb4
21:12:18.637 [OkHttp https://api-bc.wtzw.com/...] DEBUG io.legado.app.model.DebugLog - platform: android
21:12:18.637 [OkHttp https://api-bc.wtzw.com/...] DEBUG io.legado.app.model.DebugLog - AUTHORIZATION: 
21:12:18.637 [OkHttp https://api-bc.wtzw.com/...] DEBUG io.legado.app.model.DebugLog - application-id: com.****.reader
21:12:18.637 [OkHttp https://api-bc.wtzw.com/...] DEBUG io.legado.app.model.DebugLog - app-version: 51110
21:12:18.637 [OkHttp https://api-bc.wtzw.com/...] DEBUG io.legado.app.model.DebugLog - qm-params: 
21:12:18.637 [OkHttp https://api-bc.wtzw.com/...] DEBUG io.legado.app.model.DebugLog - Keep-Alive: 300
21:12:18.637 [OkHttp https://api-bc.wtzw.com/...] DEBUG io.legado.app.model.DebugLog - Connection: Keep-Alive
21:12:18.637 [OkHttp https://api-bc.wtzw.com/...] DEBUG io.legado.app.model.DebugLog - Cache-Control: no-cache
21:12:18.637 [OkHttp https://api-bc.wtzw.com/...] DEBUG io.legado.app.model.DebugLog - Host: api-bc.wtzw.com
21:12:18.637 [OkHttp https://api-bc.wtzw.com/...] DEBUG io.legado.app.model.DebugLog - Accept-Encoding: gzip
21:12:18.637 [OkHttp https://api-bc.wtzw.com/...] DEBUG io.legado.app.model.DebugLog - --> END GET
21:12:18.705 [OkHttp https://api-bc.wtzw.com/...] DEBUG io.legado.app.model.DebugLog - <-- 200 https://api-bc.wtzw.com/api/v4/book/detail?id=1784900&imei_ip=2937357107&teeny_mode=0&sign=615d74d8d9ee2822b3d34896d1612d12 (68ms)
21:12:18.705 [OkHttp https://api-bc.wtzw.com/...] DEBUG io.legado.app.model.DebugLog - date: Fri, 14 Aug 2026 13:12:18 GMT
21:12:18.705 [OkHttp https://api-bc.wtzw.com/...] DEBUG io.legado.app.model.DebugLog - content-type: application/json; charset=utf-8
21:12:18.705 [OkHttp https://api-bc.wtzw.com/...] DEBUG io.legado.app.model.DebugLog - set-cookie: acw_tc=2760822b17867131386817929e7d9d63403d428c3bee8e3ab1015a7588648e;path=/;HttpOnly;Max-Age=1800
21:12:18.705 [OkHttp https://api-bc.wtzw.com/...] DEBUG io.legado.app.model.DebugLog - req-cost-time: 11
21:12:18.705 [OkHttp https://api-bc.wtzw.com/...] DEBUG io.legado.app.model.DebugLog - req-arrive-time: 1786713138685
21:12:18.705 [OkHttp https://api-bc.wtzw.com/...] DEBUG io.legado.app.model.DebugLog - resp-start-time: 1786713138697
21:12:18.705 [OkHttp https://api-bc.wtzw.com/...] DEBUG io.legado.app.model.DebugLog - x-envoy-upstream-service-time: 11
21:12:18.705 [OkHttp https://api-bc.wtzw.com/...] DEBUG io.legado.app.model.DebugLog - content-encoding: gzip
21:12:18.705 [OkHttp https://api-bc.wtzw.com/...] DEBUG io.legado.app.model.DebugLog - vary: Accept-Encoding
21:12:18.705 [OkHttp https://api-bc.wtzw.com/...] DEBUG io.legado.app.model.DebugLog - server: istio-envoy
21:12:18.705 [OkHttp https://api-bc.wtzw.com/...] DEBUG io.legado.app.model.DebugLog - 
21:12:18.705 [OkHttp https://api-bc.wtzw.com/...] DEBUG io.legado.app.model.DebugLog - {"data":{"book":{"image_link":"https://cdn.wtzw.com/bookimg/public/images/cover/f0e5/858e75634e474b95ea0d12edfbe1c610_360x480.jpg","latest_chapter_id":"17059217111663","latest_chapter_title":"�����Ʋ�񷣺����֮·�����Ρ���ɫ���ǣ��£�","source":"����","source_id":"574","type":"0","id":"1784900","chapter_ver":"217","update_time":"1706060037","title":"���Ʋ��","alias_title":"��ƿ֮Լ��","characters":"����","author":"�������","is_over":"1","dominant_hue":"#c5cbd6","words_num":"5353368","category1":"202","category2":"39","category1_name":"�������","category2_name":"������½","category_type":"boy","intro":"���������ڶ��������磬û�л���������ħ�����еģ������Ƿ��ܵ��۷�Ķ�����\n����ȼ��ƶȣ����ߣ���ʦ����ʦ�����飬���������ʣ����ڣ����𣬶�ʥ�����ۡ�\n����","first_chapter_title":"��һ�� ��������","first_chapter_content":"����֮�������Σ���\n���Ų���ħʯ������������������Щ���۵�������֣��������ޱ��飬��������һĨ�Գ������յ����ƣ���Ϊ��������������΢�����ָ������Ĵ̽�������֮�У�����һ�������ĵ���ʹ��\n�����ף���֮�������Σ����𣺵ͼ���������ħʯ��֮�ԣ�һλ�������ӣ�����һ�۱�������ʾ��������Ϣ������ĮȻ�Ľ�֮�����˳�����\n�������ӻ��ո��ѿڣ����ǲ������������ͷ��ӿ�Ĺ㳡�ϴ�����һ�󳰷��ɧ����\n�����Σ��ٺ٣���Ȼ���������ϣ��������š���һ��������ԭ��̤������\n��������������ǰѼ���������������ˡ���\n��Ҫ�����峤�����ĸ��ף����ַ����ͱ����ϳ����壬�������������ˣ��Ļ��л�����ڼ����а׳԰׺ȡ���\n������������������̹�ǵ�������꣬�����ô���ǳ����ģ���˰�����\n��˭֪���أ���������ʲô�����£��ǵ����齵ŭ�˰ɡ���\n��Χ�����Ĳ�м��Ц�Լ���ϧ��̾����������ľ׮����ԭ�ص�������У�����һ�������̺ݺݵ���������һ�㣬�õ��������΢΢���١�\n���껺��̧��ͷ����¶��һ����Щ������������ӣ���ڵ�����ľȻ������Χ��Щ�����ͬ��������ɨ����������ǵ��Գ����ƺ���ø��ӿ�ɬ�ˡ�\n����Щ�ˣ�����˿̱������𣿻�������Ϊ����ǰ�����������Լ���ǰ¶������ǫ����Ц�ݣ����ԣ������Ҫ�ֻ���ȥ�ɡ�����ɬ��һЦ��������į��ת��������Ļص��˶�������һ�ţ��µ�����Ӱ������Χ�����磬��Щ����롣\n����һ�������ģ���\n���Ų����˵ĺ�����һ����Ů���ٵ���Ⱥ���ܳ�����Ů�ոճ���������������������С����࣬һ˫˫��΢���ȵ�Ŀ�⣬���ε���������Ů�����ա�\n��Ů���䲻��ʮ�����ң���Ȼ���㲻�Ͼ�ɫ��������������δ�ѵ�С����ȴ���̺��ŵ��������ģ��崿�����ģ�ì�ܵļ��ϣ��õ����ɹ��ĳ�Ϊ��ȫ����Ŀ�Ľ��㡭\n��Ů�첽��ǰ��С���ᳵ��·�Ĵ�������ڵ�ħʯ����Ȼ�󻺻������۾���\n����Ů����Ƭ��֮����ڵ�ħʯ��֮���ٴ������˹�â��\n����֮�����߶Σ���\n�����ģ���֮�����߶Σ�����:�߼�����\n��Ү�������Ų���Ա�������ĳɼ�����Ů���������˵����Ц�ݡ�\n���������߶ζ�֮�������˲��𣬰�����ȣ����¶���ֻ��Ҫ����ʱ�䣬�����ܳ�Ϊһ�������Ķ����˰ɡ���\n�������Ǽ��������Ӽ�������ﰡ����\n������Ⱥ�д�����һ������Ľ������Ů�����ϵ�Ц�ݸ��Ƕ��˼��֣������ģ����Ǻܶ�Ů�����޷����ܵ��ջ�\n��ƽ����ļ������û���Ц̸�ţ����ĵ����ߣ���Ȼ��͸����Χ����Ⱥ��ͣ������Ⱥ�����һ���µ���Ӱ�ϡ�\n��ü˼����˲�䣬���Ļ��Ǵ����˹�ȥ����ͷ�����ڵ����ˣ��Ѿ�����ͬһ���ײ�֮�ϣ��������������ı��֣�����󣬶���ֻ����Ϊ�����е��²���Ա�����츳����������򽫻��Ϊ�����ص�������ǿ�ߣ�ǰ;����˵�ǲ���������\n��������Ī������̾��һ�������������к�Ȼ���ֳ�����ǰ�������緢�����꣬����������ʮ��ӵ�оŶζ�֮����ʮһ��ͻ��ʮ�ζ�֮�����ɹ����۶�֮������һԾ��Ϊ�������֮��������Ķ��ߣ�\n���������꣬���Ŷ���Ǳ���޿ɹ�������֪�õö�����Ů���䴺�ĵ�������Ȼ����Ҳ������ǰ�����ġ�\nȻ����ŵĵ�·��ò���������۵ģ�����֮ǰ�����������ﵽ�۷��������꣬ȴ��ͻأ�Ľ��ܵ�������������п�Ĵ�������������������ʮ���ط������۵Ķ�֮������һҹ֮�䣬��Ϊ���У��������ڵĶ�֮����Ҳ������ʱ������ţ���ù����Խ��Խ�١�\n��֮����ʧ��ֱ�ӽ�������ǵ�����ʵ�����ϵĺ��ˡ�\n����ŵ���̳��һҹ���䵽������ͨ�˶�����ĵز������ִ�����õ�����Ӵ�ʧ�����ǣ����֮����Ҳ���𽥵ı���м�볰���������\nվ��Խ�ߣ�ˤ��Խ�ݣ���εĵ��䣬�������Ҳû������Ļ��ᡣ\n����һ������޹������\n���ֵ���Ⱥ�У�����Ա��������ٴ�����������\n��������Щ���ŵ�����������Ⱥ��Ȼ�İ��������������е����ߣ���Ȼת�ơ�\n���������߻��֮����һλ������ɫ��ȹ����Ů�������ŵ�վ����ƽ����������������δ��Ϊ���˵�עĿ���ı�ֺ���\n��Ů���䵭Ȼ�����ʣ���������������СС��ͣ�ȴ�ѳ����������ʣ����������պ����ǳ�����Ů������ε������ǡ�\n������ȹ��Ů��������ò��������������ǰ�����ģ����ɻ�Ҫ��ʤ�ϼ��֣�Ҳ�ѹ��ڳ������˶�����㶯����\n����΢�ƣ���Ϊ��޹������Ů�е�ħʯ��֮ǰ��С����������źڽ�˿�����们����£�¶��һ��ѩ�׽��۵����Ȼ���ᴥ��ʯ����\n΢΢������ʯ��֮�ϣ����۵Ĺ�â�ٴ����š�\n����֮�����ŶΣ����𣺸߼�����\n����ʯ��֮�ϵ����壬����������һ��ž���\n������Ȼ���Ŷ��ˣ����ǿֲ�������������һ���ĵ�һ�ˣ����·�޹��С��Ī���ˡ����ž�������Χ�����꣬���ǲ�������������һ����ĭ�����������η��\n��֮����ÿλ���ߵıؾ�֮·�����׶�֮����һ��ʮ�Σ������ڶ�֮������ʮ��֮ʱ���������۶�֮��������Ϊһ���������صĶ��ߣ�\n��Ⱥ�У���������ǳü����ʯ��ǰ����ȹ��Ů������������һĨ���ʡ�\n����ʯ���ϵ���Ϣ��һ�Ե��������ԱĮȻ�������Ͼ�ȻҲ�Ǻ�����¶����һ˿Ц�⣬������Ů��΢����������޹��С�㣬����֮����Ӧ�ñ������۶���֮���������ɹ��Ļ�����ô��ʮ���������Ϊһ�������Ķ��ߣ�������Ұ����ڵĵڶ��ˣ���\n�ǵģ��ڶ��ˣ���λ��һ�ˣ�������ȥ����Ź⻷�����ס�\n��лл������Ů΢΢���˵�ͷ��ƽ����С����δ��Ϊ���Ŀ佱������ϲ�ã������Ļ�ת�����Ȼ�������˳��ȵ�עĿ�У��������е�����Ⱥ���������Ƿ�������ǰ��\n�����׸�硣���ھ�����������ʱ����Ů�����˽Ų����������׹��������������������������ϣ���Ȼ¶��������Χ��ŮΪ֮���ʵ�����Ц�ݡ�\n�������ڻ����ʸ�������ô��ô?��������ǰ����Ѿ��ɳ�Ϊ���������貵����飬���׿�ɬ�ĵ����������Լ����Ǻ󣬼�Ϊ���������Լ����ɱ������𾴵��ˡ�\n�����׸�磬��ǰ��������޹��˵����Ҫ�ܷ��£���������������磬�������ˣ�����޹��΢Ц������������΢���۵�ɤ���ȴ��ů���ķΡ�\n���Ǻǣ������ˣ���Ҳֻ��˵���ѣ��㿴�����ڵ�ģ�������������𣿶��ҡ������磬�����Ͳ������ҡ��������Գ���һЦ��������ɺ�ĵ���\n��������׵��Ƿϣ���޹����ϸ��üë΢΢�����壬����ĵ��������׸�磬��Ȼ����֪���㾿������ô���£�������޹�����ţ��������վ������ȡ�����������ҫ�����ϡ��������˴���΢���˶٣���Ů����������ͷһ��¶��������糺죺����������׸�磬��ȷ�������ˡ���\n���Ǻǡ����������Ů�������ε�̹�ʻ���������ε�Ц��һ������ȴδ��˵ʲô���˲����������꣬�����ڵ�����ʵ��û���ʸ������飬��į�Ļ�ת��������Ź㳡֮�⻺����ȥ��\nվ��ԭ�����������ǻ�����������Ĺ¶���Ӱ����޹�������һ�ᣬȻ�������һ�ɼ��ʵ��Ǻ����У��첽׷����ȥ�������겢����С�\n","first_chapter_id":"17059214170001","second_chapter_id":"17059214180002","chapters":"1663","label":"","statement":"����Ʒ�ɡ����ġ���Ȩ��è����Ȩ�ɡ����ġ������������ʿ���ϵ��fawu@qimao.com�����ڰ����뷴������ϵ����","link":"https://cdn.wtzw.com/bookimg/shuku/book_download/3f/17849006a101e87d80c6_1.zip","attribute":{"leaderboard":"","leaderboard_title":"","leaderboard_jump_url":"","popularity":"275.6","popularity_title":"����ͬ����Top1%","reading":"229.5","reading_title":"93%���������ڿ�","score":"9.7","score_title":"����96%��ͬ����","reading_info_list":["275.6��","����?����ͬ����Top1%","23��","���ڶ�?93%���������ڿ�"],"rank_title":"��ԽͻΧ����,��ǰ�ŵ�###7###��","rank_jump_url":"freereader://bookstore_ranking?param={\"gender\":\"1\",\"type\":\"hot_list\",\"category_id\":\"373\",\"category_type\":\"2\"}","rank_type":"hot_list"},"is_show_delete_line":"0","chapter_list_desc":"����� ��1663��","update_time_desc":"","category_over_words":"������½?���?536����","book_tag_list":[{"id":"539","title":"Ӱ��","stat_code":"detail_tag_1_click"},{"id":"1333","title":"Ӱ��ԭ��","stat_code":"detail_tag_2_click"},{"id":"400","title":"��Ϯ","stat_code":"detail_tag_3_click"},{"id":"791","title":"�ϲ�","stat_code":"detail_tag_4_click"},{"id":"1385","title":"��è��ѡ","stat_code":"detail_tag_5_click"},{"id":"1400","title":"������Ʒ","stat_code":"detail_tag_6_click"},{"id":"1","title":"��Ѫ","stat_code":"detail_tag_7_click"},{"id":"373","title":"��Խ","stat_code":"detail_tag_8_click"},{"id":"570","title":"ˬ��","stat_code":"detail_tag_9_click"},{"id":"692","title":"���","stat_code":"detail_tag_10_click"},{"id":"717","title":"����","stat_code":"detail_tag_11_click"},{"id":"1409","title":"���ɫ","stat_code":"detail_tag_12_click"}],"book_preference":"1","publish_desc_list":[],"share_link":"https://app-share.wtzw.com/app-h5/freebook/article-detail/1784900","share_image_link":""},"comment":{"comment_count":"0","next_id":"","tag_list":[],"comment_list":[],"comment_switch":"1"},"id":"1784900","type":"books","title":"��Ʒ"}}
21:12:18.706 [OkHttp https://api-bc.wtzw.com/...] DEBUG io.legado.app.model.DebugLog - <-- END HTTP (11332-byte, 6179-gzipped-byte body)
21:12:18.706 [main @coroutine#49] INFO io.legado.app.model.DebugLog - sourceUrl: https://api-bc.wtzw.com, msg: �Ի�ȡ�ɹ�:https://api-bc.wtzw.com/api/v4/book/detail?&id=1784900&imei_ip=2937357107&teeny_mode=0&sign=615d74d8d9ee2822b3d34896d1612d12,{"headers":{"app-version":"51110","platform":"android","reg":"0","AUTHORIZATION":"","application-id":"com.****.reader","net-env":"1","channel":"unknown","qm-params":"","sign":"fc697243ab534ebaf51d2fa80f251cb4"}}
21:12:18.706 [main @coroutine#49] INFO io.legado.app.model.DebugLog - sourceUrl: https://api-bc.wtzw.com, msg: ��ִ������ҳ��ʼ������
21:12:18.707 [main @coroutine#49] DEBUG com.jayway.jsonpath.internal.path.CompiledPath - Evaluating path: $['data']['book']
21:12:18.707 [main @coroutine#49] INFO io.legado.app.model.DebugLog - sourceUrl: https://api-bc.wtzw.com, msg: ����ȡ����
21:12:18.708 [main @coroutine#49] DEBUG com.jayway.jsonpath.internal.path.CompiledPath - Evaluating path: $['id']
21:12:18.708 [main @coroutine#49] DEBUG com.jayway.jsonpath.internal.path.CompiledPath - Evaluating path: $['title']
21:12:18.708 [main @coroutine#49] INFO io.legado.app.model.DebugLog - sourceUrl: https://api-bc.wtzw.com, msg: �����Ʋ��
21:12:18.708 [main @coroutine#49] INFO io.legado.app.model.DebugLog - sourceUrl: https://api-bc.wtzw.com, msg: ����ȡ����
21:12:18.708 [main @coroutine#49] DEBUG com.jayway.jsonpath.internal.path.CompiledPath - Evaluating path: $['author']
21:12:18.708 [main @coroutine#49] INFO io.legado.app.model.DebugLog - sourceUrl: https://api-bc.wtzw.com, msg: ���������
21:12:18.708 [main @coroutine#49] INFO io.legado.app.model.DebugLog - sourceUrl: https://api-bc.wtzw.com, msg: ����ȡ����
21:12:18.709 [main @coroutine#49] DEBUG com.jayway.jsonpath.internal.path.CompiledPath - Evaluating path: $['update_time']
21:12:18.710 [main @coroutine#49] INFO io.legado.app.model.DebugLog - sourceUrl: https://api-bc.wtzw.com, msg: ��2024/01/24
21:12:18.710 [main @coroutine#49] INFO io.legado.app.model.DebugLog - sourceUrl: https://api-bc.wtzw.com, msg: ����ȡ����
21:12:18.710 [main @coroutine#49] DEBUG com.jayway.jsonpath.internal.path.CompiledPath - Evaluating path: $['words_num']
21:12:18.710 [main @coroutine#49] INFO io.legado.app.model.DebugLog - sourceUrl: https://api-bc.wtzw.com, msg: ��535.3����
21:12:18.710 [main @coroutine#49] INFO io.legado.app.model.DebugLog - sourceUrl: https://api-bc.wtzw.com, msg: ����ȡ�����½�
21:12:18.710 [main @coroutine#49] DEBUG com.jayway.jsonpath.internal.path.CompiledPath - Evaluating path: $['latest_chapter_title']
21:12:18.710 [main @coroutine#49] INFO io.legado.app.model.DebugLog - sourceUrl: https://api-bc.wtzw.com, msg: �������Ʋ�񷣺����֮·�����Ρ���ɫ���ǣ��£�
21:12:18.710 [main @coroutine#49] INFO io.legado.app.model.DebugLog - sourceUrl: https://api-bc.wtzw.com, msg: ����ȡ���
21:12:18.710 [main @coroutine#49] DEBUG com.jayway.jsonpath.internal.path.CompiledPath - Evaluating path: $['intro']
21:12:18.710 [main @coroutine#49] DEBUG com.jayway.jsonpath.internal.path.CompiledPath - Evaluating path: $['book_tag_list'][*]['title']
21:12:18.710 [main @coroutine#49] INFO io.legado.app.model.DebugLog - sourceUrl: https://api-bc.wtzw.com, msg: ����������??   Ӱ��,Ӱ��ԭ��,��Ϯ,�ϲ�,��è��ѡ,������Ʒ,��Ѫ,��Խ,ˬ��,���,����,���ɫ
����?
�������������ڶ��������磬û�л���������ħ�����еģ������Ƿ��ܵ��۷�Ķ�����
��������ȼ��ƶȣ����ߣ���ʦ����ʦ�����飬���������ʣ����ڣ����𣬶�ʥ�����ۡ�
��������
21:12:18.710 [main @coroutine#49] INFO io.legado.app.model.DebugLog - sourceUrl: https://api-bc.wtzw.com, msg: ����ȡ��������
21:12:18.710 [main @coroutine#49] DEBUG com.jayway.jsonpath.internal.path.CompiledPath - Evaluating path: $['image_link']
21:12:18.711 [main @coroutine#49] INFO io.legado.app.model.DebugLog - sourceUrl: https://api-bc.wtzw.com, msg: ��https://cdn.wtzw.com/bookimg/public/images/cover/f0e5/858e75634e474b95ea0d12edfbe1c610_360x480.jpg
21:12:18.711 [main @coroutine#49] INFO io.legado.app.model.DebugLog - sourceUrl: https://api-bc.wtzw.com, msg: ����ȡĿ¼����
21:12:18.711 [main @coroutine#49] DEBUG com.jayway.jsonpath.internal.path.CompiledPath - Evaluating path: $['id']
21:12:18.712 [main @coroutine#49] INFO io.legado.app.model.DebugLog - sourceUrl: https://api-bc.wtzw.com, msg: ��https://api-ks.wtzw.com/api/v1/chapter/chapter-list?&id=1784900&sign=23e3fc7f35699c89bad6c0b706b4b012,
21:12:18.712 [main] INFO cn.kong.app.model.NovelSourceTest -   ����: ���Ʋ�� | ����: �������
21:12:18.712 [main] INFO cn.kong.app.model.NovelSourceTest -   ���: ��������??   Ӱ��,Ӱ��ԭ��,��Ϯ,�ϲ�,��è��ѡ,������Ʒ,��Ѫ,��Խ,ˬ��,���,����,���ɫ
����?
�������������ڶ��������磬û�л���������ħ�����еģ������Ƿ��ܵ��۷�Ķ�����
��������...
21:12:18.712 [main] INFO cn.kong.app.model.NovelSourceTest -   --- Step 3: ��ȡĿ¼ ---
21:12:18.811 [OkHttp https://api-ks.wtzw.com/...] DEBUG io.legado.app.model.DebugLog - --> GET https://api-ks.wtzw.com/api/v1/chapter/chapter-list?id=1784900&sign=23e3fc7f35699c89bad6c0b706b4b012, h2
21:12:18.811 [OkHttp https://api-ks.wtzw.com/...] DEBUG io.legado.app.model.DebugLog - User-Agent: Mozilla/5.0 (Windows NT 10.0; Win64; x64) AppleWebKit/537.36 (KHTML, like Gecko) Chrome/75.0.3770.142 Safari/537.36
21:12:18.811 [OkHttp https://api-ks.wtzw.com/...] DEBUG io.legado.app.model.DebugLog - Keep-Alive: 300
21:12:18.811 [OkHttp https://api-ks.wtzw.com/...] DEBUG io.legado.app.model.DebugLog - Connection: Keep-Alive
21:12:18.811 [OkHttp https://api-ks.wtzw.com/...] DEBUG io.legado.app.model.DebugLog - Cache-Control: no-cache
21:12:18.811 [OkHttp https://api-ks.wtzw.com/...] DEBUG io.legado.app.model.DebugLog - Host: api-ks.wtzw.com
21:12:18.811 [OkHttp https://api-ks.wtzw.com/...] DEBUG io.legado.app.model.DebugLog - Accept-Encoding: gzip
21:12:18.811 [OkHttp https://api-ks.wtzw.com/...] DEBUG io.legado.app.model.DebugLog - --> END GET
21:12:18.897 [OkHttp https://api-ks.wtzw.com/...] DEBUG io.legado.app.model.DebugLog - <-- 200 https://api-ks.wtzw.com/api/v1/chapter/chapter-list?id=1784900&sign=23e3fc7f35699c89bad6c0b706b4b012, (85ms)
21:12:18.897 [OkHttp https://api-ks.wtzw.com/...] DEBUG io.legado.app.model.DebugLog - content-type: application/json; charset=utf-8
21:12:18.897 [OkHttp https://api-ks.wtzw.com/...] DEBUG io.legado.app.model.DebugLog - date: Fri, 14 Aug 2026 13:12:18 GMT
21:12:18.897 [OkHttp https://api-ks.wtzw.com/...] DEBUG io.legado.app.model.DebugLog - content-length: 131
21:12:18.897 [OkHttp https://api-ks.wtzw.com/...] DEBUG io.legado.app.model.DebugLog - req-cost-time: 1
21:12:18.897 [OkHttp https://api-ks.wtzw.com/...] DEBUG io.legado.app.model.DebugLog - req-arrive-time: 1786713138890
21:12:18.897 [OkHttp https://api-ks.wtzw.com/...] DEBUG io.legado.app.model.DebugLog - resp-start-time: 1786713138892
21:12:18.897 [OkHttp https://api-ks.wtzw.com/...] DEBUG io.legado.app.model.DebugLog - x-envoy-upstream-service-time: 1
21:12:18.897 [OkHttp https://api-ks.wtzw.com/...] DEBUG io.legado.app.model.DebugLog - server: istio-envoy
21:12:18.897 [OkHttp https://api-ks.wtzw.com/...] DEBUG io.legado.app.model.DebugLog - 
21:12:18.897 [OkHttp https://api-ks.wtzw.com/...] DEBUG io.legado.app.model.DebugLog - {"errors":{"id":"0","code":"44010120","level":"1","status":"200","title":"��ǩʧ��","popup_title":"","details":"��ǩʧ��"}}
21:12:18.897 [OkHttp https://api-ks.wtzw.com/...] DEBUG io.legado.app.model.DebugLog - <-- END HTTP (131-byte body)
21:12:18.898 [main @coroutine#50] INFO io.legado.app.model.DebugLog - sourceUrl: https://api-bc.wtzw.com, msg: �Ի�ȡ�ɹ�:https://api-ks.wtzw.com/api/v1/chapter/chapter-list?&id=1784900&sign=23e3fc7f35699c89bad6c0b706b4b012,
21:12:18.898 [main @coroutine#50] INFO io.legado.app.model.DebugLog - sourceUrl: https://api-bc.wtzw.com, msg: ����ȡĿ¼�б�
21:12:18.898 [main @coroutine#50] DEBUG com.jayway.jsonpath.internal.path.CompiledPath - Evaluating path: $['data']['chapter_lists']
com.jayway.jsonpath.PathNotFoundException: Missing property in path $['data']
21:12:18.898 [main @coroutine#50] INFO io.legado.app.model.DebugLog - sourceUrl: https://api-bc.wtzw.com, msg: ���б��С:0
21:12:18.898 [main] ERROR cn.kong.app.model.NovelSourceTest -   �ؼ��� [���Ʋ��] ���������쳣: Ŀ¼Ϊ��
io.legado.app.exception.TocEmptyException: Ŀ¼Ϊ��
21:12:18.898 [main] INFO cn.kong.app.model.NovelSourceTest - 
  -------- �ؼ��� [��ͨ��] --------
21:12:18.898 [main] INFO cn.kong.app.model.NovelSourceTest -   --- Step 1: ���� [��ͨ��] ---
21:12:18.901 [OkHttp https://api-bc.wtzw.com/...] DEBUG io.legado.app.model.DebugLog - --> GET https://api-bc.wtzw.com/api/v5/search/words?gender=3&imei_ip=2937357107&page=1&wd=%E7%A5%9E%E9%80%9A%E8%80%85&sign=9aa5317e61372b3470979b0c2c778478 h2
21:12:18.901 [OkHttp https://api-bc.wtzw.com/...] DEBUG io.legado.app.model.DebugLog - net-env: 1
21:12:18.901 [OkHttp https://api-bc.wtzw.com/...] DEBUG io.legado.app.model.DebugLog - reg: 0
21:12:18.901 [OkHttp https://api-bc.wtzw.com/...] DEBUG io.legado.app.model.DebugLog - User-Agent: Mozilla/5.0 (Windows NT 10.0; Win64; x64) AppleWebKit/537.36 (KHTML, like Gecko) Chrome/75.0.3770.142 Safari/537.36
21:12:18.901 [OkHttp https://api-bc.wtzw.com/...] DEBUG io.legado.app.model.DebugLog - channel: unknown
21:12:18.901 [OkHttp https://api-bc.wtzw.com/...] DEBUG io.legado.app.model.DebugLog - sign: fc697243ab534ebaf51d2fa80f251cb4
21:12:18.901 [OkHttp https://api-bc.wtzw.com/...] DEBUG io.legado.app.model.DebugLog - platform: android
21:12:18.901 [OkHttp https://api-bc.wtzw.com/...] DEBUG io.legado.app.model.DebugLog - AUTHORIZATION: 
21:12:18.901 [OkHttp https://api-bc.wtzw.com/...] DEBUG io.legado.app.model.DebugLog - application-id: com.****.reader
21:12:18.901 [OkHttp https://api-bc.wtzw.com/...] DEBUG io.legado.app.model.DebugLog - app-version: 51110
21:12:18.901 [OkHttp https://api-bc.wtzw.com/...] DEBUG io.legado.app.model.DebugLog - qm-params: 
21:12:18.901 [OkHttp https://api-bc.wtzw.com/...] DEBUG io.legado.app.model.DebugLog - Keep-Alive: 300
21:12:18.901 [OkHttp https://api-bc.wtzw.com/...] DEBUG io.legado.app.model.DebugLog - Connection: Keep-Alive
21:12:18.901 [OkHttp https://api-bc.wtzw.com/...] DEBUG io.legado.app.model.DebugLog - Cache-Control: no-cache
21:12:18.901 [OkHttp https://api-bc.wtzw.com/...] DEBUG io.legado.app.model.DebugLog - Host: api-bc.wtzw.com
21:12:18.901 [OkHttp https://api-bc.wtzw.com/...] DEBUG io.legado.app.model.DebugLog - Accept-Encoding: gzip
21:12:18.901 [OkHttp https://api-bc.wtzw.com/...] DEBUG io.legado.app.model.DebugLog - --> END GET
21:12:19.097 [OkHttp https://api-bc.wtzw.com/...] DEBUG io.legado.app.model.DebugLog - <-- 200 https://api-bc.wtzw.com/api/v5/search/words?gender=3&imei_ip=2937357107&page=1&wd=%E7%A5%9E%E9%80%9A%E8%80%85&sign=9aa5317e61372b3470979b0c2c778478 (195ms)
21:12:19.097 [OkHttp https://api-bc.wtzw.com/...] DEBUG io.legado.app.model.DebugLog - date: Fri, 14 Aug 2026 13:12:19 GMT
21:12:19.097 [OkHttp https://api-bc.wtzw.com/...] DEBUG io.legado.app.model.DebugLog - content-type: application/json; charset=utf-8
21:12:19.097 [OkHttp https://api-bc.wtzw.com/...] DEBUG io.legado.app.model.DebugLog - set-cookie: acw_tc=2760822b17867131389437936e7d9d66d176abae094d5fdeecfeb8ceb16079;path=/;HttpOnly;Max-Age=1800
21:12:19.097 [OkHttp https://api-bc.wtzw.com/...] DEBUG io.legado.app.model.DebugLog - req-cost-time: 142
21:12:19.097 [OkHttp https://api-bc.wtzw.com/...] DEBUG io.legado.app.model.DebugLog - req-arrive-time: 1786713138948
21:12:19.097 [OkHttp https://api-bc.wtzw.com/...] DEBUG io.legado.app.model.DebugLog - resp-start-time: 1786713139090
21:12:19.097 [OkHttp https://api-bc.wtzw.com/...] DEBUG io.legado.app.model.DebugLog - x-envoy-upstream-service-time: 142
21:12:19.097 [OkHttp https://api-bc.wtzw.com/...] DEBUG io.legado.app.model.DebugLog - content-encoding: gzip
21:12:19.097 [OkHttp https://api-bc.wtzw.com/...] DEBUG io.legado.app.model.DebugLog - vary: Accept-Encoding
21:12:19.097 [OkHttp https://api-bc.wtzw.com/...] DEBUG io.legado.app.model.DebugLog - server: istio-envoy
21:12:19.097 [OkHttp https://api-bc.wtzw.com/...] DEBUG io.legado.app.model.DebugLog - 
21:12:19.097 [OkHttp https://api-bc.wtzw.com/...] DEBUG io.legado.app.model.DebugLog - {"data":{"id":"","type":"search_result","title":"�������","meta":{"books_click":"","page":"0","total_page":"6"},"categories":[],"tags":[],"books":[{"intro":"���Ҹ��㣬��Զ���߲�����\r\n��������x��������\r\n��͵�Գ�񫸻����x���ķ����͵��\r\n�����۵��������ص㻯��\r\n�������Ƿ�����\r\n����","characters":"","ptags":"����,����,�ִ�����","words_num":"243478","author":"�Ͻ�","id":"2027395","score":"9.2","image_link":"https://cdn.wtzw.com/bookimg/public/images/cover/686496f71c970_216x288.jpg","title":"����\u003cfont color='#ff4242'\u003e��\u003c/font\u003e\u003cfont color='#ff4242'\u003eͨ\u003c/font\u003e","alias_title":"","schema_baidu":"","download_url":"","data_source":"qimao","match_flag":"0","original_title":"������ͨ","original_alias_title":"","original_author":"�Ͻ�","type":"0","title_tag":""},{"intro":"������Ƚ����������ͨ�ߡ����Բ��˹����ϣ����������ѧ����Ϊ�����ı���ϵͳ�����˽���������ӵĿ�ѧ��������ȫ�鲻�������������ܹ�ϵ��ְ��̸������ݳ�ͻ��ʵ�ֳ������ӵķ�������̽���˹�ͨ�����������Ҹ����ռ�������","characters":"","ptags":"�ɹ�ѧ,������־","words_num":"12179","author":"����","id":"10468995","score":"9.2","image_link":"https://cdn.wtzw.com/bookimg/public/images/cover/69b8f8b181c68_216x288.jpg","title":"��������\u003cfont color='#ff4242'\u003eͨ\u003c/font\u003e\u003cfont color='#ff4242'\u003e��\u003c/font\u003e����Ƚ��","alias_title":"","schema_baidu":"","download_url":"","data_source":"qimao","match_flag":"0","original_title":"��������ͨ�ߡ���Ƚ��","original_alias_title":"","original_author":"����","type":"0","title_tag":""},{"intro":"��ͨ����������������ͨ�����࣬����ǿ��\n���������������鱦������������Ϊ���ִ���ͨ����Ǭ���˻�������������ͨ�񳱣�\n���˻ʳɵ����ڴ�ǧ�Ƕ����ں��������","characters":"��Ҫ�����Ǭ","ptags":"ɱ������,���,����,�޵���,������,����,����","words_num":"9047841","author":"̫��\u003cfont color='#ff4242'\u003e��\u003c/font\u003e��","id":"1790712","score":"8.9","image_link":"https://cdn.wtzw.com/bookimg/public/images/cover/f0e5/991ec78fddbb5d3628186caf0c6fa842_216x288.jpg","title":"\u003cfont color='#ff4242'\u003e��\u003c/font\u003e\u003cfont color='#ff4242'\u003eͨ\u003c/font\u003e����","alias_title":"","schema_baidu":"","download_url":"","data_source":"qimao","match_flag":"0","original_title":"��ͨ����","original_alias_title":"","original_author":"̫������","type":"0","title_tag":""},{"intro":"����Ϊ�������ռǡ�ϵ�еĵ���ʮ�ᡣ��¼���ƴ�ʦ1996��3��1����4��30���ڼ���ռǣ���Ϊ����ơ�������ͨ���á��������¹��������������Ĵȱ����Ĳ��֡��ռ���ϸ���������ƴ�ʦÿ�յĺ뷨�г̡��ĵá��ƻ����۷𷨡���ѧ����ѧ�����ı�Ը��һ¯��ʵΪһ����ɮ֮�����ʰ�������ọ́�Ϊ�ִ������ʷ�Ľ�չ������ṩ����Ϊ���ĵ�һ�����ϣ���Ϊ������ұ����֮��������������֮���������пɻ������������µ���ʾ����֪��","characters":"","ptags":"����,�Ļ���ʷ,��ѧС˵,����,ɢ��,����,���,��ѧ����,�������","words_num":"77910","author":"���ƴ�ʦ","id":"1739202","score":"9.2","image_link":"https://cdn.wtzw.com/bookimg/public/images/cover/115f/f340e0498dbe4822f03bb89fca8330a2_216x288.jpg","title":"�����ռ�.40,\u003cfont color='#ff4242'\u003e��\u003c/font\u003e\u003cfont color='#ff4242'\u003eͨ\u003c/font\u003e����","alias_title":"","schema_baidu":"","download_url":"","data_source":"qimao","match_flag":"0","original_title":"�����ռ�.40,��ͨ����","original_alias_title":"","original_author":"���ƴ�ʦ","type":"0","title_tag":""},{"intro":"�����+���+��Ԫ��+����+������\n����һ�����������������ƪ����ÿ�����¶�Χ��ӵ�����������ġ������ࡱ����ͨ�˵�����չ����������һ����ʼ�ڻĵ���������Ķ�����Ե��\n����������͹����ˡ�������������׷��С��Ϊ������Ȯ�ε���ȴ�������ܲ���������һ����ǡ�ѱ���������������γ�Ϊ�ȵܵ�Ǳ��������أ������泤��½Զ������һ����è����Ϸ����������Ԫ����˼��Ϊ�о�������У���������Ůϣ�Ǹ���ɡ����⾯��������ȴ�ڳ�Ϧ�ദ�ж��˷��ģ����������֢���Ա���ί���ˡ��򡰹�Ѽɤ�������ĸ���Ů����Զ21��������ػ��ߡ��չ�����ľ����˺�������ܽ��ǵ�����������տ����\n�����е�������н������ģ��е��������������㺣��е���ʹ����˽�ļ������������ܳ�Ϊ���������츳�����¶�����Щ���ƻĵ������������ն�ָ��ͬһ����ů�Ĵ𰸣�����������������������꣬�����˴�����ʵ�����ӡ�","characters":"","ptags":"����,����,�ִ�����","words_num":"76746","author":"�з�����","id":"11583138","score":"9.2","image_link":"https://cdn.wtzw.com/bookimg/public/images/cover/69cb7e25c2519_216x288.jpg","title":"����ϵ�С�Ϊ��Ů���Ѹ���\u003cfont color='#ff4242'\u003e��\u003c/font\u003e\u003cfont color='#ff4242'\u003eͨ\u003c/font\u003e","alias_title":"","schema_baidu":"","download_url":"","data_source":"qimao","match_flag":"0","original_title":"����ϵ�С�Ϊ��Ů���Ѹ�����ͨ","original_alias_title":"","original_author":"�з�����","type":"0","title_tag":""},{"intro":"�����Ǻӣ���ż���ب���ֻأ������ɣ��һϢ�д棬������־��ֻ��������������������Ϲ���ͨ�����Ͳ���֮��������ս�����ǧ�����ɣ����Ϲ�Ѫ�����м̺�Ų�����־���ལ���ʣ�ɱ������֮�⣬������ͨ��ʥ����","characters":"��Ҫ�������","ptags":"ɱ������,��Ϯ,ˬ��,����,����ָ","words_num":"11396933","author":"����","id":"1653636","score":"8.7","image_link":"https://cdn.wtzw.com/bookimg/public/images/cover/cee6/bb46458c090e4702157cd77174684dee_216x288.jpg","title":"����\u003cfont color='#ff4242'\u003e��\u003c/font\u003e\u003cfont color='#ff4242'\u003eͨ\u003c/font\u003e","alias_title":"","schema_baidu":"","download_url":"","data_source":"qimao","match_flag":"0","original_title":"������ͨ","original_alias_title":"","original_author":"����","type":"0","title_tag":""},{"intro":"���Ƿ��������������ӣ�ȴ�����о��Բ����⡢�������ģ����Ϊ�����ġ�������ͨ�ߡ��𣿱���ϵͳ�Եؽ�ʾ�˴�ɸ�Ч���ӵľŴ���������������ܹ�ͨ���ġ����������������Ԧ�������ԡ���ת����ħ�����ٵ����˸��ѶȶԻ��������ݽ��������ֹ�ͨ��������������������˼ʱ��ݣ��������κγ����¶����������࣬����ʵ���������˵�������ӣ��ջ��ӯ������","characters":"","ptags":"�ɹ�ѧ,������־","words_num":"18624","author":"����","id":"2019525","score":"9.2","image_link":"https://cdn.wtzw.com/bookimg/public/images/cover/684920f9793b5_216x288.jpg","title":"��һ��������\u003cfont color='#ff4242'\u003eͨ\u003c/font\u003e\u003cfont color='#ff4242'\u003e��\u003c/font\u003e�������������ӵ�����","alias_title":"","schema_baidu":"","download_url":"","data_source":"qimao","match_flag":"0","original_title":"��һ��������ͨ�ߣ������������ӵ�����","original_alias_title":"","original_author":"����","type":"0","title_tag":""},{"intro":"������Ү³��ѧ���ֶ���ѧԺ��ŦԼ��ѧ�ȸ�У�Ĺ�ͨ�γ̱����������ԡ���ͨ��Ϊ������Ү³��ѧ��ŦԼ��ѧ���ֶ���ѧԺ������˹̹ҽѧԺ����������÷άʲҽ�ƴ�ѧ�����ݽ����ڿΣ�������ʦ��ѧ���Ļ�ӭ������Ϊ��Ч�罻��Ϊ��Ч�罻��������˵����������˽�����Ч��ͨ������������Ӧ�Ը���ͻ��״�����ִ��Ƽ����˼ʹ�ͨ��ø��ӷ��㣬ͬʱҲ��������֮��ľ�����Խ��ԽԶ���в����˿������罻������̸Ц������������ʵ������ȴ��֪�������������Ч��ͨ�����������˻������罻�־�֢�����ԣ���������Ϊһ���߶�λ�Ĺ�ͨ�ߣ����õش�������͹����еĸ������⣬����Ҫһ���ܺõ���Ϊָ�ϡ����ʵ����Ч�罻�������߿���?�������˼ʹ�ͨ�͹����ݽ������ҵ��ʮ���꣬�����˴�������Ч�罻�ļ��ɣ����磺��WIIFM��񡪡�����̸�����������״̬����ҵ��������˽�������������˵��������������Ϣ��ͼ���������ִ��˵ļ����ص��ѧ����֯���ԡ��Ӿ������ԡ����ñ������μ�ס�����������Ϣ����ż���������ʧ�ص�̸����������Ԥ���Ĺ���������߻��о��˴�������ʵ��������Ӧ�Ľ��������5����Ӧ���������ֳ���ϡ�ר����ʾ�ȣ����������Ǹ��õ�����������صļ��ɡ�","characters":"","ptags":"�ɹ�ѧ,������־","words_num":"89011","author":"���������ס���������������","id":"9706401","score":"9.2","image_link":"https://cdn.wtzw.com/bookimg/public/images/cover/694cf79cae9b5_216x288.jpg","title":"���ʵ����Ч�罻����һ���߶�λ�Ĺ�\u003cfont color='#ff4242'\u003eͨ\u003c/font\u003e\u003cfont color='#ff4242'\u003e��\u003c/font\u003e","alias_title":"","schema_baidu":"","download_url":"","data_source":"qimao","match_flag":"0","original_title":"���ʵ����Ч�罻����һ���߶�λ�Ĺ�ͨ��","original_alias_title":"","original_author":"���������ס���������������","type":"0","title_tag":""},{"intro":"������Ү³��ѧ���ֶ���ѧԺ��ŦԼ��ѧ�ȸ�У�Ĺ�ͨ�γ�\n�����������ԡ���ͨ��Ϊ������Ү³��ѧ��ŦԼ��ѧ���ֶ���ѧԺ������˹̹ҽѧԺ����������÷άʲҽ�ƴ�ѧ�����ݽ����ڿΣ�������ʦ��ѧ���Ļ�ӭ��\n����Ϊ��Ч�罻\n  ��Ϊ��Ч�罻��������˵����������˽�����Ч��ͨ������������Ӧ�Ը���ͻ��״����\n�ִ��Ƽ����˼ʹ�ͨ��ø��ӷ��㣬ͬʱҲ��������֮��ľ�����Խ��ԽԶ���в����˿������罻������̸Ц������������ʵ������ȴ��֪�������������Ч��ͨ�����������˻������罻�־�֢��\n���ԣ���������Ϊһ���߶�λ�Ĺ�ͨ�ߣ����õش�������͹����еĸ������⣬����Ҫһ���ܺõ���Ϊָ�ϡ����ʵ����Ч�罻\n�������� ����?�������˼ʹ�ͨ�͹����ݽ������ҵ��ʮ���꣬�����˴�������Ч�罻�ļ��ɣ����磺\n�� WIIFM��񡪡�����̸�����������״̬\n�� ��ҵ��������˽�������������˵����������\n�� ��Ϣ��ͼ���������ִ��˵ļ����ص��ѧ����֯����\n�� �Ӿ������ԡ����ñ������μ�ס�����������Ϣ\n�� ���ż���������ʧ�ص�̸����������Ԥ���Ĺ��\n���� \n���߻��о��˴�������ʵ��������Ӧ�Ľ��������5����Ӧ���������ֳ���ϡ�ר����ʾ�ȣ����������Ǹ��õ�����������صļ��ɡ�","characters":"","ptags":"����,�������","words_num":"90231","author":"���������ס�����","id":"1935004","score":"9.2","image_link":"https://cdn.wtzw.com/bookimg/public/images/cover/677bc90dadb42_216x288.jpg","title":"���ʵ����Ч�罻����һ���߶�λ�Ĺ�\u003cfont color='#ff4242'\u003eͨ\u003c/font\u003e\u003cfont color='#ff4242'\u003e��\u003c/font\u003e","alias_title":"","schema_baidu":"","download_url":"","data_source":"qimao","match_flag":"0","original_title":"���ʵ����Ч�罻����һ���߶�λ�Ĺ�ͨ��","original_alias_title":"","original_author":"���������ס�����","type":"0","title_tag":""},{"intro":"�༣���˵��ͨ���������ᷨ����Ҫ�ž� ���\n�����ù� ����ɳ�� ����ʤ ��","characters":"","ptags":"��ʷ,�Ļ�,�������","words_num":"1805","author":"����","id":"1917414","score":"9.2","image_link":"https://cdn.wtzw.com/bookimg/public/images/cover/6756b507020ba_216x288.jpg","title":"�༣���˵\u003cfont color='#ff4242'\u003e��\u003c/font\u003e\u003cfont color='#ff4242'\u003eͨ\u003c/font\u003e���������ᷨ����Ҫ��","alias_title":"","schema_baidu":"","download_url":"","data_source":"qimao","match_flag":"0","original_title":"�༣���˵��ͨ���������ᷨ����Ҫ��","original_alias_title":"","original_author":"����","type":"0","title_tag":""}]}}
21:12:19.098 [OkHttp https://api-bc.wtzw.com/...] DEBUG io.legado.app.model.DebugLog - <-- END HTTP (12856-byte, 4845-gzipped-byte body)
21:12:19.098 [main @coroutine#51] INFO io.legado.app.model.DebugLog - sourceUrl: https://api-bc.wtzw.com, msg: �Ի�ȡ�ɹ�:/api/v5/search/words?&gender=3&imei_ip=2937357107&page=1&wd=%E7%A5%9E%E9%80%9A%E8%80%85&sign=9aa5317e61372b3470979b0c2c778478,{"headers":{"app-version":"51110","platform":"android","reg":"0","AUTHORIZATION":"","application-id":"com.****.reader","net-env":"1","channel":"unknown","qm-params":"","sign":"fc697243ab534ebaf51d2fa80f251cb4"}}
21:12:19.098 [main @coroutine#51] INFO io.legado.app.model.DebugLog - sourceUrl: https://api-bc.wtzw.com, msg: ����ȡ�鼮�б�
21:12:19.098 [main @coroutine#51] DEBUG com.jayway.jsonpath.internal.path.CompiledPath - Evaluating path: $['data']['books']
21:12:19.098 [main @coroutine#51] INFO io.legado.app.model.DebugLog - sourceUrl: https://api-bc.wtzw.com, msg: ���б��С:10
21:12:19.098 [main @coroutine#51] INFO io.legado.app.model.DebugLog - sourceUrl: https://api-bc.wtzw.com, msg: ����ȡ����
21:12:19.099 [main @coroutine#51] DEBUG com.jayway.jsonpath.internal.path.CompiledPath - Evaluating path: $['original_title']
21:12:19.099 [main @coroutine#51] INFO io.legado.app.model.DebugLog - sourceUrl: https://api-bc.wtzw.com, msg: ��������ͨ
21:12:19.099 [main @coroutine#51] INFO io.legado.app.model.DebugLog - sourceUrl: https://api-bc.wtzw.com, msg: ����ȡ����
21:12:19.099 [main @coroutine#51] DEBUG com.jayway.jsonpath.internal.path.CompiledPath - Evaluating path: $['original_author']
21:12:19.099 [main @coroutine#51] INFO io.legado.app.model.DebugLog - sourceUrl: https://api-bc.wtzw.com, msg: ���Ͻ�
21:12:19.099 [main @coroutine#51] INFO io.legado.app.model.DebugLog - sourceUrl: https://api-bc.wtzw.com, msg: ����ȡ����
21:12:19.099 [main @coroutine#51] INFO io.legado.app.model.DebugLog - sourceUrl: https://api-bc.wtzw.com, msg: ��null
21:12:19.099 [main @coroutine#51] INFO io.legado.app.model.DebugLog - sourceUrl: https://api-bc.wtzw.com, msg: ����ȡ����
21:12:19.099 [main @coroutine#51] DEBUG com.jayway.jsonpath.internal.path.CompiledPath - Evaluating path: $['words_num']
21:12:19.099 [main @coroutine#51] INFO io.legado.app.model.DebugLog - sourceUrl: https://api-bc.wtzw.com, msg: ��24.3����
21:12:19.099 [main @coroutine#51] INFO io.legado.app.model.DebugLog - sourceUrl: https://api-bc.wtzw.com, msg: ����ȡ�����½�
21:12:19.099 [main @coroutine#51] INFO io.legado.app.model.DebugLog - sourceUrl: https://api-bc.wtzw.com, msg: ��
21:12:19.099 [main @coroutine#51] INFO io.legado.app.model.DebugLog - sourceUrl: https://api-bc.wtzw.com, msg: ����ȡ���
21:12:19.099 [main @coroutine#51] DEBUG com.jayway.jsonpath.internal.path.CompiledPath - Evaluating path: $['intro']
21:12:19.099 [main @coroutine#51] DEBUG com.jayway.jsonpath.internal.path.CompiledPath - Evaluating path: $['ptags']
21:12:19.099 [main @coroutine#51] INFO io.legado.app.model.DebugLog - sourceUrl: https://api-bc.wtzw.com, msg: ��?? ����,����,�ִ�����
�������Ҹ��㣬��Զ���߲�����
������������x��������
������͵�Գ�񫸻����x���ķ����͵��
���������۵��������ص㻯��
�����������Ƿ�����
21:12:19.099 [main @coroutine#51] INFO io.legado.app.model.DebugLog - sourceUrl: https://api-bc.wtzw.com, msg: ����ȡ��������
21:12:19.099 [main @coroutine#51] DEBUG com.jayway.jsonpath.internal.path.CompiledPath - Evaluating path: $['image_link']
21:12:19.099 [main @coroutine#51] INFO io.legado.app.model.DebugLog - sourceUrl: https://api-bc.wtzw.com, msg: ��https://cdn.wtzw.com/bookimg/public/images/cover/686496f71c970_216x288.jpg
21:12:19.099 [main @coroutine#51] INFO io.legado.app.model.DebugLog - sourceUrl: https://api-bc.wtzw.com, msg: ����ȡ����ҳ����
21:12:19.099 [main @coroutine#51] DEBUG com.jayway.jsonpath.internal.path.CompiledPath - Evaluating path: $['id']
21:12:19.100 [main @coroutine#51] INFO io.legado.app.model.DebugLog - sourceUrl: https://api-bc.wtzw.com, msg: ��https://api-bc.wtzw.com/api/v4/book/detail?&id=2027395&imei_ip=2937357107&teeny_mode=0&sign=20731ab8289d64fe2abc9f4e5b7bde86,{"headers":{"app-version":"51110","platform":"android","reg":"0","AUTHORIZATION":"","application-id":"com.****.reader","net-env":"1","channel":"unknown","qm-params":"","sign":"fc697243ab534ebaf51d2fa80f251cb4"}}
21:12:19.100 [main @coroutine#51] DEBUG com.jayway.jsonpath.internal.path.CompiledPath - Evaluating path: $['original_title']
21:12:19.100 [main @coroutine#51] DEBUG com.jayway.jsonpath.internal.path.CompiledPath - Evaluating path: $['original_author']
21:12:19.100 [main @coroutine#51] DEBUG com.jayway.jsonpath.internal.path.CompiledPath - Evaluating path: $['words_num']
21:12:19.101 [main @coroutine#51] DEBUG com.jayway.jsonpath.internal.path.CompiledPath - Evaluating path: $['intro']
21:12:19.101 [main @coroutine#51] DEBUG com.jayway.jsonpath.internal.path.CompiledPath - Evaluating path: $['ptags']
21:12:19.101 [main @coroutine#51] DEBUG com.jayway.jsonpath.internal.path.CompiledPath - Evaluating path: $['image_link']
21:12:19.101 [main @coroutine#51] DEBUG com.jayway.jsonpath.internal.path.CompiledPath - Evaluating path: $['id']
21:12:19.102 [main @coroutine#51] DEBUG com.jayway.jsonpath.internal.path.CompiledPath - Evaluating path: $['original_title']
21:12:19.102 [main @coroutine#51] DEBUG com.jayway.jsonpath.internal.path.CompiledPath - Evaluating path: $['original_author']
21:12:19.102 [main @coroutine#51] DEBUG com.jayway.jsonpath.internal.path.CompiledPath - Evaluating path: $['words_num']
21:12:19.102 [main @coroutine#51] DEBUG com.jayway.jsonpath.internal.path.CompiledPath - Evaluating path: $['intro']
21:12:19.102 [main @coroutine#51] DEBUG com.jayway.jsonpath.internal.path.CompiledPath - Evaluating path: $['ptags']
21:12:19.102 [main @coroutine#51] DEBUG com.jayway.jsonpath.internal.path.CompiledPath - Evaluating path: $['image_link']
21:12:19.102 [main @coroutine#51] DEBUG com.jayway.jsonpath.internal.path.CompiledPath - Evaluating path: $['id']
21:12:19.103 [main @coroutine#51] DEBUG com.jayway.jsonpath.internal.path.CompiledPath - Evaluating path: $['original_title']
21:12:19.103 [main @coroutine#51] DEBUG com.jayway.jsonpath.internal.path.CompiledPath - Evaluating path: $['original_author']
21:12:19.103 [main @coroutine#51] DEBUG com.jayway.jsonpath.internal.path.CompiledPath - Evaluating path: $['words_num']
21:12:19.103 [main @coroutine#51] DEBUG com.jayway.jsonpath.internal.path.CompiledPath - Evaluating path: $['intro']
21:12:19.103 [main @coroutine#51] DEBUG com.jayway.jsonpath.internal.path.CompiledPath - Evaluating path: $['ptags']
21:12:19.103 [main @coroutine#51] DEBUG com.jayway.jsonpath.internal.path.CompiledPath - Evaluating path: $['image_link']
21:12:19.103 [main @coroutine#51] DEBUG com.jayway.jsonpath.internal.path.CompiledPath - Evaluating path: $['id']
21:12:19.104 [main @coroutine#51] DEBUG com.jayway.jsonpath.internal.path.CompiledPath - Evaluating path: $['original_title']
21:12:19.104 [main @coroutine#51] DEBUG com.jayway.jsonpath.internal.path.CompiledPath - Evaluating path: $['original_author']
21:12:19.104 [main @coroutine#51] DEBUG com.jayway.jsonpath.internal.path.CompiledPath - Evaluating path: $['words_num']
21:12:19.104 [main @coroutine#51] DEBUG com.jayway.jsonpath.internal.path.CompiledPath - Evaluating path: $['intro']
21:12:19.104 [main @coroutine#51] DEBUG com.jayway.jsonpath.internal.path.CompiledPath - Evaluating path: $['ptags']
21:12:19.105 [main @coroutine#51] DEBUG com.jayway.jsonpath.internal.path.CompiledPath - Evaluating path: $['image_link']
21:12:19.105 [main @coroutine#51] DEBUG com.jayway.jsonpath.internal.path.CompiledPath - Evaluating path: $['id']
21:12:19.107 [main @coroutine#51] DEBUG com.jayway.jsonpath.internal.path.CompiledPath - Evaluating path: $['original_title']
21:12:19.107 [main @coroutine#51] DEBUG com.jayway.jsonpath.internal.path.CompiledPath - Evaluating path: $['original_author']
21:12:19.107 [main @coroutine#51] DEBUG com.jayway.jsonpath.internal.path.CompiledPath - Evaluating path: $['words_num']
21:12:19.107 [main @coroutine#51] DEBUG com.jayway.jsonpath.internal.path.CompiledPath - Evaluating path: $['intro']
21:12:19.107 [main @coroutine#51] DEBUG com.jayway.jsonpath.internal.path.CompiledPath - Evaluating path: $['ptags']
21:12:19.107 [main @coroutine#51] DEBUG com.jayway.jsonpath.internal.path.CompiledPath - Evaluating path: $['image_link']
21:12:19.107 [main @coroutine#51] DEBUG com.jayway.jsonpath.internal.path.CompiledPath - Evaluating path: $['id']
21:12:19.109 [main @coroutine#51] DEBUG com.jayway.jsonpath.internal.path.CompiledPath - Evaluating path: $['original_title']
21:12:19.109 [main @coroutine#51] DEBUG com.jayway.jsonpath.internal.path.CompiledPath - Evaluating path: $['original_author']
21:12:19.109 [main @coroutine#51] DEBUG com.jayway.jsonpath.internal.path.CompiledPath - Evaluating path: $['words_num']
21:12:19.109 [main @coroutine#51] DEBUG com.jayway.jsonpath.internal.path.CompiledPath - Evaluating path: $['intro']
21:12:19.109 [main @coroutine#51] DEBUG com.jayway.jsonpath.internal.path.CompiledPath - Evaluating path: $['ptags']
21:12:19.109 [main @coroutine#51] DEBUG com.jayway.jsonpath.internal.path.CompiledPath - Evaluating path: $['image_link']
21:12:19.109 [main @coroutine#51] DEBUG com.jayway.jsonpath.internal.path.CompiledPath - Evaluating path: $['id']
21:12:19.110 [main @coroutine#51] DEBUG com.jayway.jsonpath.internal.path.CompiledPath - Evaluating path: $['original_title']
21:12:19.110 [main @coroutine#51] DEBUG com.jayway.jsonpath.internal.path.CompiledPath - Evaluating path: $['original_author']
21:12:19.110 [main @coroutine#51] DEBUG com.jayway.jsonpath.internal.path.CompiledPath - Evaluating path: $['words_num']
21:12:19.110 [main @coroutine#51] DEBUG com.jayway.jsonpath.internal.path.CompiledPath - Evaluating path: $['intro']
21:12:19.110 [main @coroutine#51] DEBUG com.jayway.jsonpath.internal.path.CompiledPath - Evaluating path: $['ptags']
21:12:19.110 [main @coroutine#51] DEBUG com.jayway.jsonpath.internal.path.CompiledPath - Evaluating path: $['image_link']
21:12:19.110 [main @coroutine#51] DEBUG com.jayway.jsonpath.internal.path.CompiledPath - Evaluating path: $['id']
21:12:19.111 [main @coroutine#51] DEBUG com.jayway.jsonpath.internal.path.CompiledPath - Evaluating path: $['original_title']
21:12:19.111 [main @coroutine#51] DEBUG com.jayway.jsonpath.internal.path.CompiledPath - Evaluating path: $['original_author']
21:12:19.111 [main @coroutine#51] DEBUG com.jayway.jsonpath.internal.path.CompiledPath - Evaluating path: $['words_num']
21:12:19.111 [main @coroutine#51] DEBUG com.jayway.jsonpath.internal.path.CompiledPath - Evaluating path: $['intro']
21:12:19.111 [main @coroutine#51] DEBUG com.jayway.jsonpath.internal.path.CompiledPath - Evaluating path: $['ptags']
21:12:19.111 [main @coroutine#51] DEBUG com.jayway.jsonpath.internal.path.CompiledPath - Evaluating path: $['image_link']
21:12:19.111 [main @coroutine#51] DEBUG com.jayway.jsonpath.internal.path.CompiledPath - Evaluating path: $['id']
21:12:19.112 [main @coroutine#51] DEBUG com.jayway.jsonpath.internal.path.CompiledPath - Evaluating path: $['original_title']
21:12:19.112 [main @coroutine#51] DEBUG com.jayway.jsonpath.internal.path.CompiledPath - Evaluating path: $['original_author']
21:12:19.112 [main @coroutine#51] DEBUG com.jayway.jsonpath.internal.path.CompiledPath - Evaluating path: $['words_num']
21:12:19.112 [main @coroutine#51] DEBUG com.jayway.jsonpath.internal.path.CompiledPath - Evaluating path: $['intro']
21:12:19.112 [main @coroutine#51] DEBUG com.jayway.jsonpath.internal.path.CompiledPath - Evaluating path: $['ptags']
21:12:19.112 [main @coroutine#51] DEBUG com.jayway.jsonpath.internal.path.CompiledPath - Evaluating path: $['image_link']
21:12:19.112 [main @coroutine#51] DEBUG com.jayway.jsonpath.internal.path.CompiledPath - Evaluating path: $['id']
21:12:19.113 [main] INFO cn.kong.app.model.NovelSourceTest -   �������: 10 ��
21:12:19.113 [main] INFO cn.kong.app.model.NovelSourceTest -     [1] ������ͨ | �Ͻ�
21:12:19.113 [main] INFO cn.kong.app.model.NovelSourceTest -     [2] ��������ͨ�ߡ���Ƚ�� | ����
21:12:19.113 [main] INFO cn.kong.app.model.NovelSourceTest -     [3] ��ͨ���� | ̫������
21:12:19.113 [main] INFO cn.kong.app.model.NovelSourceTest -   --- Step 2: ��ȡ���� ---
21:12:19.114 [OkHttp https://api-bc.wtzw.com/...] DEBUG io.legado.app.model.DebugLog - --> GET https://api-bc.wtzw.com/api/v4/book/detail?id=2027395&imei_ip=2937357107&teeny_mode=0&sign=20731ab8289d64fe2abc9f4e5b7bde86 h2
21:12:19.114 [OkHttp https://api-bc.wtzw.com/...] DEBUG io.legado.app.model.DebugLog - net-env: 1
21:12:19.114 [OkHttp https://api-bc.wtzw.com/...] DEBUG io.legado.app.model.DebugLog - reg: 0
21:12:19.114 [OkHttp https://api-bc.wtzw.com/...] DEBUG io.legado.app.model.DebugLog - User-Agent: Mozilla/5.0 (Windows NT 10.0; Win64; x64) AppleWebKit/537.36 (KHTML, like Gecko) Chrome/75.0.3770.142 Safari/537.36
21:12:19.114 [OkHttp https://api-bc.wtzw.com/...] DEBUG io.legado.app.model.DebugLog - channel: unknown
21:12:19.114 [OkHttp https://api-bc.wtzw.com/...] DEBUG io.legado.app.model.DebugLog - sign: fc697243ab534ebaf51d2fa80f251cb4
21:12:19.114 [OkHttp https://api-bc.wtzw.com/...] DEBUG io.legado.app.model.DebugLog - platform: android
21:12:19.114 [OkHttp https://api-bc.wtzw.com/...] DEBUG io.legado.app.model.DebugLog - AUTHORIZATION: 
21:12:19.114 [OkHttp https://api-bc.wtzw.com/...] DEBUG io.legado.app.model.DebugLog - application-id: com.****.reader
21:12:19.114 [OkHttp https://api-bc.wtzw.com/...] DEBUG io.legado.app.model.DebugLog - app-version: 51110
21:12:19.114 [OkHttp https://api-bc.wtzw.com/...] DEBUG io.legado.app.model.DebugLog - qm-params: 
21:12:19.114 [OkHttp https://api-bc.wtzw.com/...] DEBUG io.legado.app.model.DebugLog - Keep-Alive: 300
21:12:19.114 [OkHttp https://api-bc.wtzw.com/...] DEBUG io.legado.app.model.DebugLog - Connection: Keep-Alive
21:12:19.114 [OkHttp https://api-bc.wtzw.com/...] DEBUG io.legado.app.model.DebugLog - Cache-Control: no-cache
21:12:19.114 [OkHttp https://api-bc.wtzw.com/...] DEBUG io.legado.app.model.DebugLog - Host: api-bc.wtzw.com
21:12:19.114 [OkHttp https://api-bc.wtzw.com/...] DEBUG io.legado.app.model.DebugLog - Accept-Encoding: gzip
21:12:19.114 [OkHttp https://api-bc.wtzw.com/...] DEBUG io.legado.app.model.DebugLog - --> END GET
21:12:19.172 [OkHttp https://api-bc.wtzw.com/...] DEBUG io.legado.app.model.DebugLog - <-- 200 https://api-bc.wtzw.com/api/v4/book/detail?id=2027395&imei_ip=2937357107&teeny_mode=0&sign=20731ab8289d64fe2abc9f4e5b7bde86 (58ms)
21:12:19.172 [OkHttp https://api-bc.wtzw.com/...] DEBUG io.legado.app.model.DebugLog - date: Fri, 14 Aug 2026 13:12:19 GMT
21:12:19.173 [OkHttp https://api-bc.wtzw.com/...] DEBUG io.legado.app.model.DebugLog - content-type: application/json; charset=utf-8
21:12:19.173 [OkHttp https://api-bc.wtzw.com/...] DEBUG io.legado.app.model.DebugLog - set-cookie: acw_tc=2760822b17867131391577942e7d9d60c4cd694f961e9c4094e32dc38df1d4;path=/;HttpOnly;Max-Age=1800
21:12:19.173 [OkHttp https://api-bc.wtzw.com/...] DEBUG io.legado.app.model.DebugLog - req-cost-time: 3
21:12:19.173 [OkHttp https://api-bc.wtzw.com/...] DEBUG io.legado.app.model.DebugLog - req-arrive-time: 1786713139160
21:12:19.173 [OkHttp https://api-bc.wtzw.com/...] DEBUG io.legado.app.model.DebugLog - resp-start-time: 1786713139164
21:12:19.173 [OkHttp https://api-bc.wtzw.com/...] DEBUG io.legado.app.model.DebugLog - x-envoy-upstream-service-time: 3
21:12:19.173 [OkHttp https://api-bc.wtzw.com/...] DEBUG io.legado.app.model.DebugLog - content-encoding: gzip
21:12:19.173 [OkHttp https://api-bc.wtzw.com/...] DEBUG io.legado.app.model.DebugLog - vary: Accept-Encoding
21:12:19.173 [OkHttp https://api-bc.wtzw.com/...] DEBUG io.legado.app.model.DebugLog - server: istio-envoy
21:12:19.173 [OkHttp https://api-bc.wtzw.com/...] DEBUG io.legado.app.model.DebugLog - 
21:12:19.173 [OkHttp https://api-bc.wtzw.com/...] DEBUG io.legado.app.model.DebugLog - {"data":{"book":{"image_link":"https://cdn.wtzw.com/bookimg/public/images/cover/686496f71c970_360x480.jpg","latest_chapter_id":"77","latest_chapter_title":"��77�� ���","source":"����ӡ��","source_id":"139","type":"2","id":"2027395","chapter_ver":"1","update_time":"1752476008","title":"������ͨ","alias_title":"","characters":"","author":"�Ͻ�","is_over":"1","dominant_hue":"#89a44c","words_num":"243478","category1":"257","category2":"260","category1_name":"����С˵","category2_name":"�ִ�����","category_type":"publish","intro":"���Ҹ��㣬��Զ���߲�����\r\n��������x��������\r\n��͵�Գ�񫸻����x���ķ����͵��\r\n�����۵��������ص㻯��\r\n�������Ƿ�����\r\n����","first_chapter_title":"","first_chapter_content":"","first_chapter_id":"","second_chapter_id":"","chapters":"77","label":"","statement":"����Ʒ�ɡ�����ӡ����Ȩ��è����Ȩ�ɡ�����ӡ�󡱸����������ʿ���ϵ��fawu@qimao.com�����ڰ����뷴������ϵ����","link":"https://cdn.wtzw.com/bookimg/shuku/book_download/00/20273956874a968a0c04_1.zip","attribute":{"leaderboard":"","leaderboard_title":"","leaderboard_jump_url":"","popularity":"1.5","popularity_title":"���������","reading":"1.4","reading_title":"�ڶ�����������","score":"9.2","score_title":"����90%��ͬ����","reading_info_list":["1.5��","����?���������","1105","���ڶ�?�ڶ�����������"],"rank_title":"","rank_jump_url":"","rank_type":""},"is_show_delete_line":"0","chapter_list_desc":"����� ��77��","update_time_desc":"","category_over_words":"�ִ�����?���?25����","book_tag_list":[{"id":"745","title":"����","stat_code":"detail_tag_1_click"},{"id":"758","title":"����","stat_code":"detail_tag_2_click"},{"id":"772","title":"�ִ�����","stat_code":"detail_tag_3_click"}],"book_preference":"2,3","publish_desc_list":[],"share_link":"https://app-share.wtzw.com/app-h5/freebook/article-detail/2027395","share_image_link":""},"comment":{"comment_count":"0","next_id":"","tag_list":[],"comment_list":[],"comment_switch":"1"},"id":"2027395","type":"books","title":"��Ʒ"}}
21:12:19.173 [OkHttp https://api-bc.wtzw.com/...] DEBUG io.legado.app.model.DebugLog - <-- END HTTP (2183-byte, 1181-gzipped-byte body)
21:12:19.173 [main @coroutine#52] INFO io.legado.app.model.DebugLog - sourceUrl: https://api-bc.wtzw.com, msg: �Ի�ȡ�ɹ�:https://api-bc.wtzw.com/api/v4/book/detail?&id=2027395&imei_ip=2937357107&teeny_mode=0&sign=20731ab8289d64fe2abc9f4e5b7bde86,{"headers":{"app-version":"51110","platform":"android","reg":"0","AUTHORIZATION":"","application-id":"com.****.reader","net-env":"1","channel":"unknown","qm-params":"","sign":"fc697243ab534ebaf51d2fa80f251cb4"}}
21:12:19.173 [main @coroutine#52] INFO io.legado.app.model.DebugLog - sourceUrl: https://api-bc.wtzw.com, msg: ��ִ������ҳ��ʼ������
21:12:19.173 [main @coroutine#52] DEBUG com.jayway.jsonpath.internal.path.CompiledPath - Evaluating path: $['data']['book']
21:12:19.173 [main @coroutine#52] INFO io.legado.app.model.DebugLog - sourceUrl: https://api-bc.wtzw.com, msg: ����ȡ����
21:12:19.174 [main @coroutine#52] DEBUG com.jayway.jsonpath.internal.path.CompiledPath - Evaluating path: $['id']
21:12:19.174 [main @coroutine#52] DEBUG com.jayway.jsonpath.internal.path.CompiledPath - Evaluating path: $['title']
21:12:19.174 [main @coroutine#52] INFO io.legado.app.model.DebugLog - sourceUrl: https://api-bc.wtzw.com, msg: ��������ͨ
21:12:19.174 [main @coroutine#52] INFO io.legado.app.model.DebugLog - sourceUrl: https://api-bc.wtzw.com, msg: ����ȡ����
21:12:19.174 [main @coroutine#52] DEBUG com.jayway.jsonpath.internal.path.CompiledPath - Evaluating path: $['author']
21:12:19.174 [main @coroutine#52] INFO io.legado.app.model.DebugLog - sourceUrl: https://api-bc.wtzw.com, msg: ���Ͻ�
21:12:19.174 [main @coroutine#52] INFO io.legado.app.model.DebugLog - sourceUrl: https://api-bc.wtzw.com, msg: ����ȡ����
21:12:19.174 [main @coroutine#52] DEBUG com.jayway.jsonpath.internal.path.CompiledPath - Evaluating path: $['update_time']
21:12:19.174 [main @coroutine#52] INFO io.legado.app.model.DebugLog - sourceUrl: https://api-bc.wtzw.com, msg: ��2025/07/14
21:12:19.174 [main @coroutine#52] INFO io.legado.app.model.DebugLog - sourceUrl: https://api-bc.wtzw.com, msg: ����ȡ����
21:12:19.174 [main @coroutine#52] DEBUG com.jayway.jsonpath.internal.path.CompiledPath - Evaluating path: $['words_num']
21:12:19.175 [main @coroutine#52] INFO io.legado.app.model.DebugLog - sourceUrl: https://api-bc.wtzw.com, msg: ��24.3����
21:12:19.175 [main @coroutine#52] INFO io.legado.app.model.DebugLog - sourceUrl: https://api-bc.wtzw.com, msg: ����ȡ�����½�
21:12:19.175 [main @coroutine#52] DEBUG com.jayway.jsonpath.internal.path.CompiledPath - Evaluating path: $['latest_chapter_title']
21:12:19.175 [main @coroutine#52] INFO io.legado.app.model.DebugLog - sourceUrl: https://api-bc.wtzw.com, msg: ����77�� ���
21:12:19.175 [main @coroutine#52] INFO io.legado.app.model.DebugLog - sourceUrl: https://api-bc.wtzw.com, msg: ����ȡ���
21:12:19.175 [main @coroutine#52] DEBUG com.jayway.jsonpath.internal.path.CompiledPath - Evaluating path: $['intro']
21:12:19.175 [main @coroutine#52] DEBUG com.jayway.jsonpath.internal.path.CompiledPath - Evaluating path: $['book_tag_list'][*]['title']
21:12:19.175 [main @coroutine#52] INFO io.legado.app.model.DebugLog - sourceUrl: https://api-bc.wtzw.com, msg: ����������??   ����,����,�ִ�����
����?
�������Ҹ��㣬��Զ���߲�����
������������x��������
������͵�Գ�񫸻����x���ķ����͵��
���������۵��������ص㻯��
�����������Ƿ�����
21:12:19.175 [main @coroutine#52] INFO io.legado.app.model.DebugLog - sourceUrl: https://api-bc.wtzw.com, msg: ����ȡ��������
21:12:19.175 [main @coroutine#52] DEBUG com.jayway.jsonpath.internal.path.CompiledPath - Evaluating path: $['image_link']
21:12:19.175 [main @coroutine#52] INFO io.legado.app.model.DebugLog - sourceUrl: https://api-bc.wtzw.com, msg: ��https://cdn.wtzw.com/bookimg/public/images/cover/686496f71c970_360x480.jpg
21:12:19.175 [main @coroutine#52] INFO io.legado.app.model.DebugLog - sourceUrl: https://api-bc.wtzw.com, msg: ����ȡĿ¼����
21:12:19.175 [main @coroutine#52] DEBUG com.jayway.jsonpath.internal.path.CompiledPath - Evaluating path: $['id']
21:12:19.177 [main @coroutine#52] INFO io.legado.app.model.DebugLog - sourceUrl: https://api-bc.wtzw.com, msg: ��https://api-ks.wtzw.com/api/v1/chapter/chapter-list?&id=2027395&sign=e7cde516217a531b42a5114c8d5d39a4,
21:12:19.177 [main] INFO cn.kong.app.model.NovelSourceTest -   ����: ������ͨ | ����: �Ͻ�
21:12:19.177 [main] INFO cn.kong.app.model.NovelSourceTest -   ���: ��������??   ����,����,�ִ�����
����?
�������Ҹ��㣬��Զ���߲�����
������������x��������
������͵�Գ�񫸻����x���ķ����͵��
���������۵��������ص㻯��
�����������Ƿ�����
21:12:19.177 [main] INFO cn.kong.app.model.NovelSourceTest -   --- Step 3: ��ȡĿ¼ ---
21:12:19.178 [OkHttp https://api-ks.wtzw.com/...] DEBUG io.legado.app.model.DebugLog - --> GET https://api-ks.wtzw.com/api/v1/chapter/chapter-list?id=2027395&sign=e7cde516217a531b42a5114c8d5d39a4, h2
21:12:19.178 [OkHttp https://api-ks.wtzw.com/...] DEBUG io.legado.app.model.DebugLog - User-Agent: Mozilla/5.0 (Windows NT 10.0; Win64; x64) AppleWebKit/537.36 (KHTML, like Gecko) Chrome/75.0.3770.142 Safari/537.36
21:12:19.178 [OkHttp https://api-ks.wtzw.com/...] DEBUG io.legado.app.model.DebugLog - Keep-Alive: 300
21:12:19.178 [OkHttp https://api-ks.wtzw.com/...] DEBUG io.legado.app.model.DebugLog - Connection: Keep-Alive
21:12:19.178 [OkHttp https://api-ks.wtzw.com/...] DEBUG io.legado.app.model.DebugLog - Cache-Control: no-cache
21:12:19.178 [OkHttp https://api-ks.wtzw.com/...] DEBUG io.legado.app.model.DebugLog - Host: api-ks.wtzw.com
21:12:19.178 [OkHttp https://api-ks.wtzw.com/...] DEBUG io.legado.app.model.DebugLog - Accept-Encoding: gzip
21:12:19.178 [OkHttp https://api-ks.wtzw.com/...] DEBUG io.legado.app.model.DebugLog - --> END GET
21:12:19.224 [OkHttp https://api-ks.wtzw.com/...] DEBUG io.legado.app.model.DebugLog - <-- 200 https://api-ks.wtzw.com/api/v1/chapter/chapter-list?id=2027395&sign=e7cde516217a531b42a5114c8d5d39a4, (46ms)
21:12:19.224 [OkHttp https://api-ks.wtzw.com/...] DEBUG io.legado.app.model.DebugLog - content-type: application/json; charset=utf-8
21:12:19.224 [OkHttp https://api-ks.wtzw.com/...] DEBUG io.legado.app.model.DebugLog - date: Fri, 14 Aug 2026 13:12:19 GMT
21:12:19.224 [OkHttp https://api-ks.wtzw.com/...] DEBUG io.legado.app.model.DebugLog - content-length: 131
21:12:19.224 [OkHttp https://api-ks.wtzw.com/...] DEBUG io.legado.app.model.DebugLog - req-cost-time: 2
21:12:19.224 [OkHttp https://api-ks.wtzw.com/...] DEBUG io.legado.app.model.DebugLog - req-arrive-time: 1786713139217
21:12:19.224 [OkHttp https://api-ks.wtzw.com/...] DEBUG io.legado.app.model.DebugLog - resp-start-time: 1786713139219
21:12:19.224 [OkHttp https://api-ks.wtzw.com/...] DEBUG io.legado.app.model.DebugLog - x-envoy-upstream-service-time: 2
21:12:19.224 [OkHttp https://api-ks.wtzw.com/...] DEBUG io.legado.app.model.DebugLog - server: istio-envoy
21:12:19.224 [OkHttp https://api-ks.wtzw.com/...] DEBUG io.legado.app.model.DebugLog - 
21:12:19.224 [OkHttp https://api-ks.wtzw.com/...] DEBUG io.legado.app.model.DebugLog - {"errors":{"id":"0","code":"44010120","level":"1","status":"200","title":"��ǩʧ��","popup_title":"","details":"��ǩʧ��"}}
21:12:19.224 [OkHttp https://api-ks.wtzw.com/...] DEBUG io.legado.app.model.DebugLog - <-- END HTTP (131-byte body)
21:12:19.224 [main @coroutine#53] INFO io.legado.app.model.DebugLog - sourceUrl: https://api-bc.wtzw.com, msg: �Ի�ȡ�ɹ�:https://api-ks.wtzw.com/api/v1/chapter/chapter-list?&id=2027395&sign=e7cde516217a531b42a5114c8d5d39a4,
21:12:19.225 [main @coroutine#53] INFO io.legado.app.model.DebugLog - sourceUrl: https://api-bc.wtzw.com, msg: ����ȡĿ¼�б�
21:12:19.225 [main @coroutine#53] DEBUG com.jayway.jsonpath.internal.path.CompiledPath - Evaluating path: $['data']['chapter_lists']
com.jayway.jsonpath.PathNotFoundException: Missing property in path $['data']
21:12:19.225 [main @coroutine#53] INFO io.legado.app.model.DebugLog - sourceUrl: https://api-bc.wtzw.com, msg: ���б��С:0
21:12:19.225 [main] ERROR cn.kong.app.model.NovelSourceTest -   �ؼ��� [��ͨ��] ���������쳣: Ŀ¼Ϊ��
io.legado.app.exception.TocEmptyException: Ŀ¼Ϊ��
21:12:19.225 [main] INFO cn.kong.app.model.NovelSourceTest - 
  -------- �ؼ��� [ҹ��������] --------
21:12:19.225 [main] INFO cn.kong.app.model.NovelSourceTest -   --- Step 1: ���� [ҹ��������] ---
21:12:19.227 [OkHttp https://api-bc.wtzw.com/...] DEBUG io.legado.app.model.DebugLog - --> GET https://api-bc.wtzw.com/api/v5/search/words?gender=3&imei_ip=2937357107&page=1&wd=%E5%A4%9C%E7%9A%84%E5%91%BD%E5%90%8D%E6%9C%AF&sign=f1c2a73e1ecaacf667dd0e8db2dbdb0a h2
21:12:19.227 [OkHttp https://api-bc.wtzw.com/...] DEBUG io.legado.app.model.DebugLog - net-env: 1
21:12:19.227 [OkHttp https://api-bc.wtzw.com/...] DEBUG io.legado.app.model.DebugLog - reg: 0
21:12:19.227 [OkHttp https://api-bc.wtzw.com/...] DEBUG io.legado.app.model.DebugLog - User-Agent: Mozilla/5.0 (Windows NT 10.0; Win64; x64) AppleWebKit/537.36 (KHTML, like Gecko) Chrome/75.0.3770.142 Safari/537.36
21:12:19.227 [OkHttp https://api-bc.wtzw.com/...] DEBUG io.legado.app.model.DebugLog - channel: unknown
21:12:19.227 [OkHttp https://api-bc.wtzw.com/...] DEBUG io.legado.app.model.DebugLog - sign: fc697243ab534ebaf51d2fa80f251cb4
21:12:19.227 [OkHttp https://api-bc.wtzw.com/...] DEBUG io.legado.app.model.DebugLog - platform: android
21:12:19.227 [OkHttp https://api-bc.wtzw.com/...] DEBUG io.legado.app.model.DebugLog - AUTHORIZATION: 
21:12:19.227 [OkHttp https://api-bc.wtzw.com/...] DEBUG io.legado.app.model.DebugLog - application-id: com.****.reader
21:12:19.227 [OkHttp https://api-bc.wtzw.com/...] DEBUG io.legado.app.model.DebugLog - app-version: 51110
21:12:19.227 [OkHttp https://api-bc.wtzw.com/...] DEBUG io.legado.app.model.DebugLog - qm-params: 
21:12:19.227 [OkHttp https://api-bc.wtzw.com/...] DEBUG io.legado.app.model.DebugLog - Keep-Alive: 300
21:12:19.227 [OkHttp https://api-bc.wtzw.com/...] DEBUG io.legado.app.model.DebugLog - Connection: Keep-Alive
21:12:19.227 [OkHttp https://api-bc.wtzw.com/...] DEBUG io.legado.app.model.DebugLog - Cache-Control: no-cache
21:12:19.227 [OkHttp https://api-bc.wtzw.com/...] DEBUG io.legado.app.model.DebugLog - Host: api-bc.wtzw.com
21:12:19.227 [OkHttp https://api-bc.wtzw.com/...] DEBUG io.legado.app.model.DebugLog - Accept-Encoding: gzip
21:12:19.227 [OkHttp https://api-bc.wtzw.com/...] DEBUG io.legado.app.model.DebugLog - --> END GET
21:12:19.409 [OkHttp https://api-bc.wtzw.com/...] DEBUG io.legado.app.model.DebugLog - <-- 200 https://api-bc.wtzw.com/api/v5/search/words?gender=3&imei_ip=2937357107&page=1&wd=%E5%A4%9C%E7%9A%84%E5%91%BD%E5%90%8D%E6%9C%AF&sign=f1c2a73e1ecaacf667dd0e8db2dbdb0a (181ms)
21:12:19.409 [OkHttp https://api-bc.wtzw.com/...] DEBUG io.legado.app.model.DebugLog - date: Fri, 14 Aug 2026 13:12:19 GMT
21:12:19.409 [OkHttp https://api-bc.wtzw.com/...] DEBUG io.legado.app.model.DebugLog - content-type: application/json; charset=utf-8
21:12:19.409 [OkHttp https://api-bc.wtzw.com/...] DEBUG io.legado.app.model.DebugLog - set-cookie: acw_tc=2760822b17867131392727943e7d9df3971d0b3379e0d7fb59a68001b73346;path=/;HttpOnly;Max-Age=1800
21:12:19.409 [OkHttp https://api-bc.wtzw.com/...] DEBUG io.legado.app.model.DebugLog - req-cost-time: 128
21:12:19.409 [OkHttp https://api-bc.wtzw.com/...] DEBUG io.legado.app.model.DebugLog - req-arrive-time: 1786713139275
21:12:19.409 [OkHttp https://api-bc.wtzw.com/...] DEBUG io.legado.app.model.DebugLog - resp-start-time: 1786713139403
21:12:19.409 [OkHttp https://api-bc.wtzw.com/...] DEBUG io.legado.app.model.DebugLog - x-envoy-upstream-service-time: 127
21:12:19.409 [OkHttp https://api-bc.wtzw.com/...] DEBUG io.legado.app.model.DebugLog - content-encoding: gzip
21:12:19.409 [OkHttp https://api-bc.wtzw.com/...] DEBUG io.legado.app.model.DebugLog - vary: Accept-Encoding
21:12:19.409 [OkHttp https://api-bc.wtzw.com/...] DEBUG io.legado.app.model.DebugLog - server: istio-envoy
21:12:19.409 [OkHttp https://api-bc.wtzw.com/...] DEBUG io.legado.app.model.DebugLog - 
21:12:19.409 [OkHttp https://api-bc.wtzw.com/...] DEBUG io.legado.app.model.DebugLog - {"data":{"id":"","type":"search_result","title":"�������","meta":{"books_click":"","page":"0","total_page":"50"},"categories":[],"tags":[],"books":[{"intro":"�����ϵ��޺��У�Ũ�ܵĸ�������£����ݺ�����ǰ�ˣ��ǿƼ�����֮������磬Ҳ����ʵ����õķֽ硣\n���������壬��ȥ��δ����\n����������������粢�棬��ǰ��һ�У�����ʱ��֮ǽ������ǰ��\n�ڰ������֡�\n����Ҫ���װ��ҵ����ѣ����ǲ���������ȥӦ�Ժڰ���Ҫ�û�","characters":"��Ҫ����쳾","ptags":"ɱ������,Ӱ��,��Ц,Ӱ��ԭ��,�޵���,��Ϯ,ǿ�߻ع�,��è��ѡ,������Ʒ,��Ѫ,��Խ,ˬ��,����,���ɫ","words_num":"3971803","author":"��˵��\u003cfont color='#ff4242'\u003e��\u003c/font\u003e����","id":"1784819","score":"9.7","image_link":"https://cdn.wtzw.com/bookimg/public/images/cover/f0e5/7f92895b56e989cf6df9064a168711bc_360x480.jpg","title":"\u003cb\u003e\u003cfont color='#ff4242'\u003eҹ\u003c/font\u003e\u003cfont color='#ff4242'\u003e��\u003c/font\u003e\u003cfont color='#ff4242'\u003e��\u003c/font\u003e\u003cfont color='#ff4242'\u003e��\u003c/font\u003e\u003cfont color='#ff4242'\u003e��\u003c/font\u003e\u003c/b\u003e","alias_title":"","schema_baidu":"","download_url":"","data_source":"qimao","match_flag":"1","original_title":"ҹ��������","original_alias_title":"","original_author":"��˵��������","type":"0","title_tag":""},{"intro":"������ҹ�����̻�Ϊ����̽���˶��������㡢�¶����������⡣ͨ��ʫ������Ժ�ϸ��������д��չ�����ִ������ĵĸ�������������˲������ӡ�","characters":"","ptags":"ʫ��,��ѧ����","words_num":"99367","author":"����������","id":"2045936","score":"9.2","image_link":"https://cdn.wtzw.com/bookimg/public/images/cover/6891db4a91187_216x288.jpg","title":"\u003cfont color='#ff4242'\u003eҹ\u003c/font\u003e\u003cfont color='#ff4242'\u003e��\u003c/font\u003e�̻�","alias_title":"","schema_baidu":"","download_url":"","data_source":"qimao","match_flag":"0","original_title":"ҹ���̻�","original_alias_title":"","original_author":"����������","type":"0","title_tag":""},{"intro":"����Ʒ��ҹ���н�������Ҷ����","characters":"","ptags":"����,�й���ѧ","words_num":"1660","author":"Ҷ��","id":"1913862","score":"9.6","image_link":"https://cdn.wtzw.com/bookimg/public/images/cover/6752ffe5681e8_216x288.jpg","title":"\u003cfont color='#ff4242'\u003eҹ\u003c/font\u003e\u003cfont color='#ff4242'\u003e��\u003c/font\u003e�н���","alias_title":"","schema_baidu":"","download_url":"","data_source":"qimao","match_flag":"0","original_title":"ҹ���н���","original_alias_title":"","original_author":"Ҷ��","type":"0","title_tag":""},{"intro":"ҹĻ���٣��ڰ�����ɢ��ͷ������꣬��ʪ�˺�ɫ��ɽ�������ɫ�ĺ�ˮ�������ã�ĵر��������������������ֵĳ��У�����������������ı�����������ڵĳ��У��˿���ʯ�װ���ˬ�ĺڰ��У��������������������塣ҹ��ĵƹ⿴��ȥ���Ƿ�Ĺ��һ��ѳ������۱�ʯ��\n��������ҹ����������µ������뿪�����������塢׹�䣬�������ı�Ե�������������û�еĶ�����","characters":"","ptags":"����","words_num":"108725","author":"[��] ����","id":"1968136","score":"9.6","image_link":"https://cdn.wtzw.com/bookimg/public/images/cover/67db763bbd3af_216x288.jpg","title":"��\u003cfont color='#ff4242'\u003eҹ\u003c/font\u003e\u003cfont color='#ff4242'\u003e��\u003c/font\u003e��","alias_title":"","schema_baidu":"","download_url":"","data_source":"qimao","match_flag":"0","original_title":"��ҹ�Ŀ�","original_alias_title":"","original_author":"[��] ����","type":"0","title_tag":""},{"intro":"���賿�������Ļ�����Ϊ�ִ��˵ļ����ճ���һ�����صġ�������ս����������������������������������ľ�������˥�Ľ��ǡ������������ܡ�������������ʹΪ��𣬿��������Ƕ���Ȼ���ɵ�ȫ�汳�ѡ��ⲻ�ǿն�������ѵ�룬����һ�����ִ�������ѧ��װ�������������2000��ǰ�����ھ�����Ϊ����ʱ�����ӵ����Ǳ�����ͻΧ��ͼ����ҹ��������ӹ�ָ��Ȩ������ʱ���Ǻ��У��������������������","characters":"","ptags":"����,�������","words_num":"31124","author":"����","id":"2038068","score":"9.2","image_link":"https://cdn.wtzw.com/bookimg/public/images/cover/68871faf0a28a_216x288.jpg","title":"���Ƶ��ھ����в���\u003cfont color='#ff4242'\u003eҹ\u003c/font\u003e\u003cfont color='#ff4242'\u003e��\u003c/font\u003e�ǻ�","alias_title":"","schema_baidu":"","download_url":"","data_source":"qimao","match_flag":"0","original_title":"���Ƶ��ھ����в���ҹ���ǻ�","original_alias_title":"","original_author":"����","type":"0","title_tag":""},{"intro":"��ϣ���ǻ��ƺ�ҹ�����硷�ǡ��ഺ���ľ�Ʒ���ʹ��顤ϣ��ϵ�С��е�һ�ᣬ���龫ѡȫ��������ѧ��ԭ��������Ʒ������ȫ��λչʾ�˺����ǳɳ��е���˼�롢�����顣���߶������������ഺ���������Уѧ���������л�Ծ�ڡ������뿼�ԡ������ı����ȹ���֪��Ʒ���ڿ���У԰�ഺд�֣��еĶ����ȫ����Сѧ�����Ĵ����л񽱣�ƾ�˻�ø�У������������ש�������ø���ʫ��ͼ�������֣���д�ഺ���軭���룬ک��ʱ��������ɳ������ǵ�������ǵ�˼�롢���ǵ���У�������У԰������Ϭ��ͨ���������ö��߲���������","characters":"","ptags":"������,�ٶ�����","words_num":"57868","author":"�����ı�����־��","id":"1929861","score":"9.2","image_link":"https://cdn.wtzw.com/bookimg/public/images/cover/677265db013a5_216x288.jpg","title":"ϣ���ǻ��ƺ�\u003cfont color='#ff4242'\u003eҹ\u003c/font\u003e\u003cfont color='#ff4242'\u003e��\u003c/font\u003e����","alias_title":"","schema_baidu":"","download_url":"","data_source":"qimao","match_flag":"0","original_title":"ϣ���ǻ��ƺ�ҹ������","original_alias_title":"","original_author":"�����ı�����־��","type":"0","title_tag":""},{"intro":"֣����Ϊ��ս��ӽ������ҹ���裬���������¼���������һ��İ��Ů���Ϲ�÷����Ƭ��Ů��л������֡���ͨ����Ƭ�ϵ�QQ��ϵ���Ϲ�÷����ҹƵ�����죬ȴ��֪�Ϲ�÷����ȥ����л�����������޹���������ֹ֣������Լʧ�١��������죬֣����ɤ�ӱ��������ΰ��㣬Σ��ʱ��л�����������һ�������첻��ҹ�ĺڡ���ڡ�����֣�����������⣬ѡ��л��������Ϲ�÷��ִ��Ҳ���氮��ǰ��ɢ��","characters":"","ptags":"����,����","words_num":"8177","author":"����Ҧ","id":"2076721","score":"9.2","image_link":"https://cdn.wtzw.com/bookimg/public/images/cover/68eca9e108f32_216x288.jpg","title":"���첻��\u003cfont color='#ff4242'\u003eҹ\u003c/font\u003e\u003cfont color='#ff4242'\u003e��\u003c/font\u003e��","alias_title":"","schema_baidu":"","download_url":"","data_source":"qimao","match_flag":"0","original_title":"���첻��ҹ�ĺ�","original_alias_title":"","original_author":"����Ҧ","type":"0","title_tag":""},{"intro":"�����첻��ҹ�ĺڣ��£�����������̽�ָ��������첻��ҹ�ĺڡ���Ӱ������������������ʷ�ϵĵ�λ���²����ݿ��ܰ��������ڲ�ͬ���ϵ�����汾���Լ�������Ӣ����������ҵ���ƶ����á�ͬʱ�������漰����������ӳ��ʱ�������������У�������Ϊ���ܹ����������ڵĹ�����ͨ������Щ�������ϸ���������߿���ȫ���˽����׸��������ֵ���Ļ����壬�Լ����ڻ�����̳�е���Ҫ��λ��","characters":"","ptags":"����,��ѧ����","words_num":"107091","author":"���ʯ ����","id":"2002157","score":"9.2","image_link":"https://cdn.wtzw.com/bookimg/public/images/cover/681db23c96542_216x288.jpg","title":"���첻��\u003cfont color='#ff4242'\u003eҹ\u003c/font\u003e\u003cfont color='#ff4242'\u003e��\u003c/font\u003e�ڣ��£�","alias_title":"","schema_baidu":"","download_url":"","data_source":"qimao","match_flag":"0","original_title":"���첻��ҹ�ĺڣ��£�","original_alias_title":"","original_author":"���ʯ ����","type":"0","title_tag":""},{"intro":"�����첻��ҹ�ĺڡ���һ�׾������������Ӣ�ݳ������������ʣ�����ʢ������������һ��������Դ����˵����ɣ�����˶԰����ִ�źͶԹ�ȥ�Ļ��䡣�ϲ�������ҪΧ�Ƹ����Ĵ�������������ں�չ������������Ӣ���ݳ����׸�ʱ����·���̣��Լ���������������ֶ԰�������κ;�����ͨ��ϸ�����д�������Ĺ��£��ö����ܹ����������������׸豳���������磬���ܵ���������еĽ��ڡ�","characters":"","ptags":"����,��ѧ����","words_num":"124870","author":"���ʯ ����","id":"2002156","score":"9.2","image_link":"https://cdn.wtzw.com/bookimg/public/images/cover/681db2382ca61_216x288.jpg","title":"���첻��\u003cfont color='#ff4242'\u003eҹ\u003c/font\u003e\u003cfont color='#ff4242'\u003e��\u003c/font\u003e�ڣ��ϣ�","alias_title":"","schema_baidu":"","download_url":"","data_source":"qimao","match_flag":"0","original_title":"���첻��ҹ�ĺڣ��ϣ�","original_alias_title":"","original_author":"���ʯ ����","type":"0","title_tag":""},{"intro":"�й�֪ʶ���ӷ����漰�����ˣ���һ��³Ѹ������³Ѹ����\r\n��Ϊ�������й�����׵����������ߣ���־������Ȩ�Ƽ��������","characters":"","ptags":"����,�������","words_num":"0","author":"������","id":"12493923","score":"9.2","image_link":"https://cdn.wtzw.com/bookimg/public/images/cover/6a30dfc2789e8_216x288.jpg","title":"��\u003cfont color='#ff4242'\u003eҹ\u003c/font\u003e\u003cfont color='#ff4242'\u003e��\u003c/font\u003e�Ĺ����֪ʶ����\u003cfont color='#ff4242'\u003e��\u003c/font\u003e����","alias_title":"","schema_baidu":"","download_url":"","data_source":"qimao","match_flag":"0","original_title":"��ҹ���Ĺ����֪ʶ���ӵ�����","original_alias_title":"","original_author":"������","type":"0","title_tag":""}]}}
21:12:19.410 [OkHttp https://api-bc.wtzw.com/...] DEBUG io.legado.app.model.DebugLog - <-- END HTTP (10520-byte, 4139-gzipped-byte body)
21:12:19.410 [main @coroutine#54] INFO io.legado.app.model.DebugLog - sourceUrl: https://api-bc.wtzw.com, msg: �Ի�ȡ�ɹ�:/api/v5/search/words?&gender=3&imei_ip=2937357107&page=1&wd=%E5%A4%9C%E7%9A%84%E5%91%BD%E5%90%8D%E6%9C%AF&sign=f1c2a73e1ecaacf667dd0e8db2dbdb0a,{"headers":{"app-version":"51110","platform":"android","reg":"0","AUTHORIZATION":"","application-id":"com.****.reader","net-env":"1","channel":"unknown","qm-params":"","sign":"fc697243ab534ebaf51d2fa80f251cb4"}}
21:12:19.410 [main @coroutine#54] INFO io.legado.app.model.DebugLog - sourceUrl: https://api-bc.wtzw.com, msg: ����ȡ�鼮�б�
21:12:19.410 [main @coroutine#54] DEBUG com.jayway.jsonpath.internal.path.CompiledPath - Evaluating path: $['data']['books']
21:12:19.411 [main @coroutine#54] INFO io.legado.app.model.DebugLog - sourceUrl: https://api-bc.wtzw.com, msg: ���б��С:10
21:12:19.411 [main @coroutine#54] INFO io.legado.app.model.DebugLog - sourceUrl: https://api-bc.wtzw.com, msg: ����ȡ����
21:12:19.411 [main @coroutine#54] DEBUG com.jayway.jsonpath.internal.path.CompiledPath - Evaluating path: $['original_title']
21:12:19.411 [main @coroutine#54] INFO io.legado.app.model.DebugLog - sourceUrl: https://api-bc.wtzw.com, msg: ��ҹ��������
21:12:19.411 [main @coroutine#54] INFO io.legado.app.model.DebugLog - sourceUrl: https://api-bc.wtzw.com, msg: ����ȡ����
21:12:19.411 [main @coroutine#54] DEBUG com.jayway.jsonpath.internal.path.CompiledPath - Evaluating path: $['original_author']
21:12:19.411 [main @coroutine#54] INFO io.legado.app.model.DebugLog - sourceUrl: https://api-bc.wtzw.com, msg: ����˵��������
21:12:19.411 [main @coroutine#54] INFO io.legado.app.model.DebugLog - sourceUrl: https://api-bc.wtzw.com, msg: ����ȡ����
21:12:19.411 [main @coroutine#54] INFO io.legado.app.model.DebugLog - sourceUrl: https://api-bc.wtzw.com, msg: ��null
21:12:19.411 [main @coroutine#54] INFO io.legado.app.model.DebugLog - sourceUrl: https://api-bc.wtzw.com, msg: ����ȡ����
21:12:19.411 [main @coroutine#54] DEBUG com.jayway.jsonpath.internal.path.CompiledPath - Evaluating path: $['words_num']
21:12:19.411 [main @coroutine#54] INFO io.legado.app.model.DebugLog - sourceUrl: https://api-bc.wtzw.com, msg: ��397.2����
21:12:19.411 [main @coroutine#54] INFO io.legado.app.model.DebugLog - sourceUrl: https://api-bc.wtzw.com, msg: ����ȡ�����½�
21:12:19.411 [main @coroutine#54] INFO io.legado.app.model.DebugLog - sourceUrl: https://api-bc.wtzw.com, msg: ��
21:12:19.411 [main @coroutine#54] INFO io.legado.app.model.DebugLog - sourceUrl: https://api-bc.wtzw.com, msg: ����ȡ���
21:12:19.411 [main @coroutine#54] DEBUG com.jayway.jsonpath.internal.path.CompiledPath - Evaluating path: $['intro']
21:12:19.411 [main @coroutine#54] DEBUG com.jayway.jsonpath.internal.path.CompiledPath - Evaluating path: $['ptags']
21:12:19.411 [main @coroutine#54] INFO io.legado.app.model.DebugLog - sourceUrl: https://api-bc.wtzw.com, msg: ��?? ɱ������,Ӱ��,��Ц,Ӱ��ԭ��,�޵���,��Ϯ,ǿ�߻ع�,��è��ѡ,������Ʒ,��Ѫ,��Խ,ˬ��,����,���ɫ
���������ϵ��޺��У�Ũ�ܵĸ�������£����ݺ�����ǰ�ˣ��ǿƼ�����֮������磬Ҳ����ʵ����õķֽ硣
�������������壬��ȥ��δ����
��������������������粢�棬��ǰ��һ�У�����ʱ��֮ǽ������ǰ��
�����ڰ������֡�
��������Ҫ���װ��ҵ����ѣ����ǲ���������ȥӦ�Ժڰ���Ҫ�û�
21:12:19.411 [main @coroutine#54] INFO io.legado.app.model.DebugLog - sourceUrl: https://api-bc.wtzw.com, msg: ����ȡ��������
21:12:19.411 [main @coroutine#54] DEBUG com.jayway.jsonpath.internal.path.CompiledPath - Evaluating path: $['image_link']
21:12:19.411 [main @coroutine#54] INFO io.legado.app.model.DebugLog - sourceUrl: https://api-bc.wtzw.com, msg: ��https://cdn.wtzw.com/bookimg/public/images/cover/f0e5/7f92895b56e989cf6df9064a168711bc_360x480.jpg
21:12:19.411 [main @coroutine#54] INFO io.legado.app.model.DebugLog - sourceUrl: https://api-bc.wtzw.com, msg: ����ȡ����ҳ����
21:12:19.411 [main @coroutine#54] DEBUG com.jayway.jsonpath.internal.path.CompiledPath - Evaluating path: $['id']
21:12:19.412 [main @coroutine#54] INFO io.legado.app.model.DebugLog - sourceUrl: https://api-bc.wtzw.com, msg: ��https://api-bc.wtzw.com/api/v4/book/detail?&id=1784819&imei_ip=2937357107&teeny_mode=0&sign=60fd0cee0d9afcc04156b19ab1ee59a5,{"headers":{"app-version":"51110","platform":"android","reg":"0","AUTHORIZATION":"","application-id":"com.****.reader","net-env":"1","channel":"unknown","qm-params":"","sign":"fc697243ab534ebaf51d2fa80f251cb4"}}
21:12:19.413 [main @coroutine#54] DEBUG com.jayway.jsonpath.internal.path.CompiledPath - Evaluating path: $['original_title']
21:12:19.413 [main @coroutine#54] DEBUG com.jayway.jsonpath.internal.path.CompiledPath - Evaluating path: $['original_author']
21:12:19.413 [main @coroutine#54] DEBUG com.jayway.jsonpath.internal.path.CompiledPath - Evaluating path: $['words_num']
21:12:19.413 [main @coroutine#54] DEBUG com.jayway.jsonpath.internal.path.CompiledPath - Evaluating path: $['intro']
21:12:19.413 [main @coroutine#54] DEBUG com.jayway.jsonpath.internal.path.CompiledPath - Evaluating path: $['ptags']
21:12:19.413 [main @coroutine#54] DEBUG com.jayway.jsonpath.internal.path.CompiledPath - Evaluating path: $['image_link']
21:12:19.413 [main @coroutine#54] DEBUG com.jayway.jsonpath.internal.path.CompiledPath - Evaluating path: $['id']
21:12:19.413 [main @coroutine#54] DEBUG com.jayway.jsonpath.internal.path.CompiledPath - Evaluating path: $['original_title']
21:12:19.413 [main @coroutine#54] DEBUG com.jayway.jsonpath.internal.path.CompiledPath - Evaluating path: $['original_author']
21:12:19.414 [main @coroutine#54] DEBUG com.jayway.jsonpath.internal.path.CompiledPath - Evaluating path: $['words_num']
21:12:19.414 [main @coroutine#54] DEBUG com.jayway.jsonpath.internal.path.CompiledPath - Evaluating path: $['intro']
21:12:19.414 [main @coroutine#54] DEBUG com.jayway.jsonpath.internal.path.CompiledPath - Evaluating path: $['ptags']
21:12:19.414 [main @coroutine#54] DEBUG com.jayway.jsonpath.internal.path.CompiledPath - Evaluating path: $['image_link']
21:12:19.414 [main @coroutine#54] DEBUG com.jayway.jsonpath.internal.path.CompiledPath - Evaluating path: $['id']
21:12:19.414 [main @coroutine#54] DEBUG com.jayway.jsonpath.internal.path.CompiledPath - Evaluating path: $['original_title']
21:12:19.414 [main @coroutine#54] DEBUG com.jayway.jsonpath.internal.path.CompiledPath - Evaluating path: $['original_author']
21:12:19.414 [main @coroutine#54] DEBUG com.jayway.jsonpath.internal.path.CompiledPath - Evaluating path: $['words_num']
21:12:19.414 [main @coroutine#54] DEBUG com.jayway.jsonpath.internal.path.CompiledPath - Evaluating path: $['intro']
21:12:19.414 [main @coroutine#54] DEBUG com.jayway.jsonpath.internal.path.CompiledPath - Evaluating path: $['ptags']
21:12:19.414 [main @coroutine#54] DEBUG com.jayway.jsonpath.internal.path.CompiledPath - Evaluating path: $['image_link']
21:12:19.415 [main @coroutine#54] DEBUG com.jayway.jsonpath.internal.path.CompiledPath - Evaluating path: $['id']
21:12:19.415 [main @coroutine#54] DEBUG com.jayway.jsonpath.internal.path.CompiledPath - Evaluating path: $['original_title']
21:12:19.415 [main @coroutine#54] DEBUG com.jayway.jsonpath.internal.path.CompiledPath - Evaluating path: $['original_author']
21:12:19.415 [main @coroutine#54] DEBUG com.jayway.jsonpath.internal.path.CompiledPath - Evaluating path: $['words_num']
21:12:19.415 [main @coroutine#54] DEBUG com.jayway.jsonpath.internal.path.CompiledPath - Evaluating path: $['intro']
21:12:19.415 [main @coroutine#54] DEBUG com.jayway.jsonpath.internal.path.CompiledPath - Evaluating path: $['ptags']
21:12:19.415 [main @coroutine#54] DEBUG com.jayway.jsonpath.internal.path.CompiledPath - Evaluating path: $['image_link']
21:12:19.415 [main @coroutine#54] DEBUG com.jayway.jsonpath.internal.path.CompiledPath - Evaluating path: $['id']
21:12:19.416 [main @coroutine#54] DEBUG com.jayway.jsonpath.internal.path.CompiledPath - Evaluating path: $['original_title']
21:12:19.416 [main @coroutine#54] DEBUG com.jayway.jsonpath.internal.path.CompiledPath - Evaluating path: $['original_author']
21:12:19.416 [main @coroutine#54] DEBUG com.jayway.jsonpath.internal.path.CompiledPath - Evaluating path: $['words_num']
21:12:19.416 [main @coroutine#54] DEBUG com.jayway.jsonpath.internal.path.CompiledPath - Evaluating path: $['intro']
21:12:19.416 [main @coroutine#54] DEBUG com.jayway.jsonpath.internal.path.CompiledPath - Evaluating path: $['ptags']
21:12:19.416 [main @coroutine#54] DEBUG com.jayway.jsonpath.internal.path.CompiledPath - Evaluating path: $['image_link']
21:12:19.416 [main @coroutine#54] DEBUG com.jayway.jsonpath.internal.path.CompiledPath - Evaluating path: $['id']
21:12:19.417 [main @coroutine#54] DEBUG com.jayway.jsonpath.internal.path.CompiledPath - Evaluating path: $['original_title']
21:12:19.417 [main @coroutine#54] DEBUG com.jayway.jsonpath.internal.path.CompiledPath - Evaluating path: $['original_author']
21:12:19.417 [main @coroutine#54] DEBUG com.jayway.jsonpath.internal.path.CompiledPath - Evaluating path: $['words_num']
21:12:19.417 [main @coroutine#54] DEBUG com.jayway.jsonpath.internal.path.CompiledPath - Evaluating path: $['intro']
21:12:19.417 [main @coroutine#54] DEBUG com.jayway.jsonpath.internal.path.CompiledPath - Evaluating path: $['ptags']
21:12:19.417 [main @coroutine#54] DEBUG com.jayway.jsonpath.internal.path.CompiledPath - Evaluating path: $['image_link']
21:12:19.417 [main @coroutine#54] DEBUG com.jayway.jsonpath.internal.path.CompiledPath - Evaluating path: $['id']
21:12:19.418 [main @coroutine#54] DEBUG com.jayway.jsonpath.internal.path.CompiledPath - Evaluating path: $['original_title']
21:12:19.418 [main @coroutine#54] DEBUG com.jayway.jsonpath.internal.path.CompiledPath - Evaluating path: $['original_author']
21:12:19.418 [main @coroutine#54] DEBUG com.jayway.jsonpath.internal.path.CompiledPath - Evaluating path: $['words_num']
21:12:19.418 [main @coroutine#54] DEBUG com.jayway.jsonpath.internal.path.CompiledPath - Evaluating path: $['intro']
21:12:19.418 [main @coroutine#54] DEBUG com.jayway.jsonpath.internal.path.CompiledPath - Evaluating path: $['ptags']
21:12:19.418 [main @coroutine#54] DEBUG com.jayway.jsonpath.internal.path.CompiledPath - Evaluating path: $['image_link']
21:12:19.418 [main @coroutine#54] DEBUG com.jayway.jsonpath.internal.path.CompiledPath - Evaluating path: $['id']
21:12:19.419 [main @coroutine#54] DEBUG com.jayway.jsonpath.internal.path.CompiledPath - Evaluating path: $['original_title']
21:12:19.419 [main @coroutine#54] DEBUG com.jayway.jsonpath.internal.path.CompiledPath - Evaluating path: $['original_author']
21:12:19.419 [main @coroutine#54] DEBUG com.jayway.jsonpath.internal.path.CompiledPath - Evaluating path: $['words_num']
21:12:19.419 [main @coroutine#54] DEBUG com.jayway.jsonpath.internal.path.CompiledPath - Evaluating path: $['intro']
21:12:19.419 [main @coroutine#54] DEBUG com.jayway.jsonpath.internal.path.CompiledPath - Evaluating path: $['ptags']
21:12:19.419 [main @coroutine#54] DEBUG com.jayway.jsonpath.internal.path.CompiledPath - Evaluating path: $['image_link']
21:12:19.419 [main @coroutine#54] DEBUG com.jayway.jsonpath.internal.path.CompiledPath - Evaluating path: $['id']
21:12:19.420 [main @coroutine#54] DEBUG com.jayway.jsonpath.internal.path.CompiledPath - Evaluating path: $['original_title']
21:12:19.420 [main @coroutine#54] DEBUG com.jayway.jsonpath.internal.path.CompiledPath - Evaluating path: $['original_author']
21:12:19.420 [main @coroutine#54] DEBUG com.jayway.jsonpath.internal.path.CompiledPath - Evaluating path: $['words_num']
21:12:19.420 [main @coroutine#54] DEBUG com.jayway.jsonpath.internal.path.CompiledPath - Evaluating path: $['intro']
21:12:19.420 [main @coroutine#54] DEBUG com.jayway.jsonpath.internal.path.CompiledPath - Evaluating path: $['ptags']
21:12:19.420 [main @coroutine#54] DEBUG com.jayway.jsonpath.internal.path.CompiledPath - Evaluating path: $['image_link']
21:12:19.420 [main @coroutine#54] DEBUG com.jayway.jsonpath.internal.path.CompiledPath - Evaluating path: $['id']
21:12:19.421 [main] INFO cn.kong.app.model.NovelSourceTest -   �������: 10 ��
21:12:19.421 [main] INFO cn.kong.app.model.NovelSourceTest -     [1] ҹ�������� | ��˵��������
21:12:19.421 [main] INFO cn.kong.app.model.NovelSourceTest -     [2] ҹ���̻� | ����������
21:12:19.421 [main] INFO cn.kong.app.model.NovelSourceTest -     [3] ҹ���н��� | Ҷ��
21:12:19.421 [main] INFO cn.kong.app.model.NovelSourceTest -   --- Step 2: ��ȡ���� ---
21:12:19.421 [OkHttp https://api-bc.wtzw.com/...] DEBUG io.legado.app.model.DebugLog - --> GET https://api-bc.wtzw.com/api/v4/book/detail?id=1784819&imei_ip=2937357107&teeny_mode=0&sign=60fd0cee0d9afcc04156b19ab1ee59a5 h2
21:12:19.421 [OkHttp https://api-bc.wtzw.com/...] DEBUG io.legado.app.model.DebugLog - net-env: 1
21:12:19.421 [OkHttp https://api-bc.wtzw.com/...] DEBUG io.legado.app.model.DebugLog - reg: 0
21:12:19.421 [OkHttp https://api-bc.wtzw.com/...] DEBUG io.legado.app.model.DebugLog - User-Agent: Mozilla/5.0 (Windows NT 10.0; Win64; x64) AppleWebKit/537.36 (KHTML, like Gecko) Chrome/75.0.3770.142 Safari/537.36
21:12:19.421 [OkHttp https://api-bc.wtzw.com/...] DEBUG io.legado.app.model.DebugLog - channel: unknown
21:12:19.421 [OkHttp https://api-bc.wtzw.com/...] DEBUG io.legado.app.model.DebugLog - sign: fc697243ab534ebaf51d2fa80f251cb4
21:12:19.421 [OkHttp https://api-bc.wtzw.com/...] DEBUG io.legado.app.model.DebugLog - platform: android
21:12:19.421 [OkHttp https://api-bc.wtzw.com/...] DEBUG io.legado.app.model.DebugLog - AUTHORIZATION: 
21:12:19.421 [OkHttp https://api-bc.wtzw.com/...] DEBUG io.legado.app.model.DebugLog - application-id: com.****.reader
21:12:19.421 [OkHttp https://api-bc.wtzw.com/...] DEBUG io.legado.app.model.DebugLog - app-version: 51110
21:12:19.421 [OkHttp https://api-bc.wtzw.com/...] DEBUG io.legado.app.model.DebugLog - qm-params: 
21:12:19.421 [OkHttp https://api-bc.wtzw.com/...] DEBUG io.legado.app.model.DebugLog - Keep-Alive: 300
21:12:19.421 [OkHttp https://api-bc.wtzw.com/...] DEBUG io.legado.app.model.DebugLog - Connection: Keep-Alive
21:12:19.421 [OkHttp https://api-bc.wtzw.com/...] DEBUG io.legado.app.model.DebugLog - Cache-Control: no-cache
21:12:19.421 [OkHttp https://api-bc.wtzw.com/...] DEBUG io.legado.app.model.DebugLog - Host: api-bc.wtzw.com
21:12:19.421 [OkHttp https://api-bc.wtzw.com/...] DEBUG io.legado.app.model.DebugLog - Accept-Encoding: gzip
21:12:19.421 [OkHttp https://api-bc.wtzw.com/...] DEBUG io.legado.app.model.DebugLog - --> END GET
21:12:19.503 [OkHttp https://api-bc.wtzw.com/...] DEBUG io.legado.app.model.DebugLog - <-- 200 https://api-bc.wtzw.com/api/v4/book/detail?id=1784819&imei_ip=2937357107&teeny_mode=0&sign=60fd0cee0d9afcc04156b19ab1ee59a5 (81ms)
21:12:19.503 [OkHttp https://api-bc.wtzw.com/...] DEBUG io.legado.app.model.DebugLog - date: Fri, 14 Aug 2026 13:12:19 GMT
21:12:19.503 [OkHttp https://api-bc.wtzw.com/...] DEBUG io.legado.app.model.DebugLog - content-type: application/json; charset=utf-8
21:12:19.503 [OkHttp https://api-bc.wtzw.com/...] DEBUG io.legado.app.model.DebugLog - set-cookie: acw_tc=2760822b17867131394667947e7d9d1fdc46290c52550cdb102a515f14e912;path=/;HttpOnly;Max-Age=1800
21:12:19.503 [OkHttp https://api-bc.wtzw.com/...] DEBUG io.legado.app.model.DebugLog - req-cost-time: 11
21:12:19.503 [OkHttp https://api-bc.wtzw.com/...] DEBUG io.legado.app.model.DebugLog - req-arrive-time: 1786713139470
21:12:19.503 [OkHttp https://api-bc.wtzw.com/...] DEBUG io.legado.app.model.DebugLog - resp-start-time: 1786713139482
21:12:19.503 [OkHttp https://api-bc.wtzw.com/...] DEBUG io.legado.app.model.DebugLog - x-envoy-upstream-service-time: 11
21:12:19.503 [OkHttp https://api-bc.wtzw.com/...] DEBUG io.legado.app.model.DebugLog - content-encoding: gzip
21:12:19.503 [OkHttp https://api-bc.wtzw.com/...] DEBUG io.legado.app.model.DebugLog - vary: Accept-Encoding
21:12:19.503 [OkHttp https://api-bc.wtzw.com/...] DEBUG io.legado.app.model.DebugLog - server: istio-envoy
21:12:19.503 [OkHttp https://api-bc.wtzw.com/...] DEBUG io.legado.app.model.DebugLog - 
21:12:19.503 [OkHttp https://api-bc.wtzw.com/...] DEBUG io.legado.app.model.DebugLog - {"data":{"book":{"image_link":"https://cdn.wtzw.com/bookimg/public/images/cover/f0e5/7f92895b56e989cf6df9064a168711bc_360x480.jpg","latest_chapter_id":"17059176771004","latest_chapter_title":"1000����ǣ�����","source":"����","source_id":"574","type":"0","id":"1784819","chapter_ver":"57","update_time":"1706060170","title":"ҹ��������","alias_title":"","characters":"�쳾","author":"��˵��������","is_over":"1","dominant_hue":"#68476f","words_num":"3971803","category1":"203","category2":"219","category1_name":"����","category2_name":"���и���","category_type":"boy","intro":"�����ϵ��޺��У�Ũ�ܵĸ�������£����ݺ�����ǰ�ˣ��ǿƼ�����֮������磬Ҳ����ʵ����õķֽ硣\n���������壬��ȥ��δ����\n����������������粢�棬��ǰ��һ�У�����ʱ��֮ǽ������ǰ��\n�ڰ������֡�\n����Ҫ���װ��ҵ����ѣ����ǲ���������ȥӦ�Ժڰ���Ҫ�û�","first_chapter_title":"1����ȵ��ˣ��ޣ�","first_chapter_content":"��һ���\nҹ�ĵ�һ�£�������\n����\n2022�꣬�\n��������С��ӻ�ɫ���׹�䣬��ƮƮ�����ڳ��нֵ��ϡ�\nʱֵ�＾��ʱ��ʱ���ܿ���û��ɡ�����ˣ����ֵ���ͷ���ҴҶ�����\n��խ�ľ����ͬ�����һ��ʮ�߰�������꣬��һλ��ү�Ӷ����ڳ���С������������档\n����֮���ȫ����Ұ������涼����ˮ�߳��˺�ɫ��ֻ�������µĵ��滹����һƬ����ش����������������綼ֻʣ����һ�龻����\n������׸ɾ�������γ����������ص�У���������\n������ǰ����һ���ƾɵ�ľ�������̣�ͷ�����Ǻ�ɫ�ġ��������С����ơ�\n���������������쳾˵���վ������������ͷ��ϡ�����ͷ����ԭ�ء�\n���һ����ԡ�������ͷ�����ĵ�˵����������µ�ʮ������������\n�����쳾���˶Է�һ��ƽ��˵���������������ˡ���\n��������ɱ����¶������ͼ��ذ�������ʱ�̡�\n��ͷ�������������Ӹ��ӵ��������ϣ��������䡣\n�쳾�������˵��߽��Ա߳��еĹ�̨��ӹ�̨�������Ǯ����������20��Ǯ�������\n��ͷ�������ֵĿ����쳾����ÿ�춼Ҫ�����20��Ǯ��������մ�������������Ӯ��20��Ǯ��������ȫ������ˣ�������˵���ܻ��ʮ���꣬�����ڲ���ʮ����Ҫ��ÿ������20��Ǯ���ҵ����ȥ����Ǯ����\n�����һ�����������ȥ������Ӯ�����ӣ����쳾����Ǯ���������Աߣ�ƽ���Ļش�����������������㲢��������\n��ͷ������������������̵Ķ���Щû�õĶ�������\n�쳾������һ�ۣ�����Ҫ����˵�Լ�����\n��ͷ������������\n��ͷû�����Ľ��������°ںã�Ȼ���е������������ˣ����̰ɡ���\n��һ�̣��쳾��Ȼ��ͷ��\n�Ǹո����Ź�ȥ��ʱ�䣬���Ǵ������лط�һ�㡣\n��ͷϮ�����ڣ����Ӻ����ϵĺ��䣬���Ժ���һһ�ص���\n��ֹ��Щ��\n��������ʱ����������·���Ĵ��壬�������Ÿ�����ĸ��ձ����ճ�¯���ձ��ο�һЩˮ������͸�����ϴ���Ⱦ����һ������\n���Ű�ɫȹ�ӵ�СŮ����ɡ�߹�����СƤЬ��Ь���ϻ�����ֻƯ���ĺ�����\n���֮�ϣ�Ʈҡ����ˮ���ں�ͬ���Ө��͸��\n��ͬ��ͷ��103·����������խ�ĺ�ͬ��һ����������һ��������ɫ���µ�Ů�˾�ɡ���򹫽���վ��\n�Ų�������ˮ����·��񿾮��ʱ����ˮ������Щ���ӵ���������Ե��������ž���\n��һ�У��쳾���������ǡ�\n��Źֵļ����������쳾�����������츳�������������ִ�ʱ�䳤�����ȡ��һ���浵��Ȼ���ȡ����Ƭ�浵������Ļ��档\n�쳾�����������ϵ����ӡ�\n��ͷȫ���ע�Ķ������̣���ÿ��֮��ĸ���Ҳ�Ƕľ�Լ������쳾������壬��ͷ��Ǯ֮��ѧ�塣\n��һĻ��Щ���죬����û����Գ���ʱӦ�е�ǫ�������󣬷���������һλ��ʦ��\n���췽�ڶ�ƽ�壬�ڷ����ڰ�ƽ�壬���������������˽��ߡ������쳾һ����Ų�������ӡ�\n��ͷ�۾�����գһ�£�ǰ�涼���������֣������벻ͨ��ô���˵��������Լ��������˶Է������ȴͻȻ���������ơ�\n������ʮ���еľ�������ڵ������Ľ������������˺�����ߵ�ɱ��ﵣ����쳾������˵�ţ�����ǰ������ǹ�԰���Ǹ������µ����ҿ��ˣ���ϲ��˳�ڿ��֣�����������ʮ���д���û�����⡣��\n�������ү�����������˼��Ȼ��С���ʵ���������Ӯ������\n��һ��������ѧ���ҽ��������ʮ���У���Ϳ��԰������һ����ˣ����쳾˵�������Ͼ��������µ�Ҳ����ô������\n��ͷ��ɫ��¶��һ˿ϲɫ��\n������ͻȻ�ʵ�����ѧһ��������Ӯ��������ѧ���ÿ���Ӯ�㣿��\n����֮�£��쳾����˼����������������˵���ܻ���ʮ�����𡭡����������ˡ���\n��ͷ��ɫһ�ͣ�������˵������˵�����ܻ��ʮ�š����ף�������Ӧ����������ϰ����������ô��ѧ��ô�磿��\n�쳾������ش���������ڵ��ˡ���\n�����ˣ�����ͷ���һ�¡�\n�쳾����������������С�Ŀ��Ʈҡ��С�����Ļ�У�û���ٻش�\n��ͷ˵��������С��������ô��������ô��ȥ�μ�����������㲻��˵��ȱǮ�𣬵��˹ھ�Ҳ��Ǯ�ð�����\n�����쳾ҡҡͷ������ֻ�ǽ�������׶���������������ѣ����������»��У������ϸ��־�¶���ˡ��ҵ�·�����������ֻ����ʱ�ġ���\n��ȫ�����������������ͷ�п���һ�£�������ǰ���ã���Ŀ�����������鶼�Ǳ���Ϲ��ġ���\n�껺��ͣ�ˡ�\n���ڴ�ʱ����ͷ�����쳾���һ�¡�\n��˳�������Ŀ�⿴ȥ�����ɿ�����ͬ����һ�Է���ǣ��һ��С�к�������\n����Ů�Ӵ��ž��µķ��£���������һ��������ӣ�������ϵ����ɫ�Һÿ��Ķд���\n�����ɵ�����Ҳ����ס�������ϵ�ϲ����ɫ���쳾ת����ߣ�������ͷ���ڸ��������ſڵ�����������̾����\n����Ů�ӿ������쳾�ı�Ӱ�������ں����쳾�����֣����쳾ͷҲû�ص���ʧ���˺�ͬ�ľ�ͷ��\n��ͬ���ߵ�ǽ�ܾ��ˣ���ɫǽ�����������һ��һ��߲��ĺ�שģ����\n�쳾Ҫ�ȵ������ˣ������ֲ�����ˡ�\n","first_chapter_id":"17059174900001","second_chapter_id":"17059174910002","chapters":"1004","label":"","statement":"����Ʒ�ɡ����ġ���Ȩ��è����Ȩ�ɡ����ġ������������ʿ���ϵ��fawu@qimao.com�����ڰ����뷴������ϵ����","link":"https://cdn.wtzw.com/bookimg/shuku/book_download/f4/1784819689c3f888a4d5_1.zip","attribute":{"leaderboard":"","leaderboard_title":"","leaderboard_jump_url":"","popularity":"76.7","popularity_title":"����ͬ����Top3%","reading":"63.5","reading_title":"87%���������ڿ�","score":"9.7","score_title":"����96%��ͬ����","reading_info_list":["76.7��","����?����ͬ����Top3%","6.4��","���ڶ�?87%���������ڿ�"],"rank_title":"","rank_jump_url":"","rank_type":""},"is_show_delete_line":"0","chapter_list_desc":"����� ��1004��","update_time_desc":"","category_over_words":"���и���?���?398����","book_tag_list":[{"id":"202","title":"ɱ������","stat_code":"detail_tag_1_click"},{"id":"539","title":"Ӱ��","stat_code":"detail_tag_2_click"},{"id":"788","title":"��Ц","stat_code":"detail_tag_3_click"},{"id":"1333","title":"Ӱ��ԭ��","stat_code":"detail_tag_4_click"},{"id":"305","title":"�޵���","stat_code":"detail_tag_5_click"},{"id":"400","title":"��Ϯ","stat_code":"detail_tag_6_click"},{"id":"402","title":"ǿ�߻ع�","stat_code":"detail_tag_7_click"},{"id":"1385","title":"��è��ѡ","stat_code":"detail_tag_8_click"},{"id":"1400","title":"������Ʒ","stat_code":"detail_tag_9_click"},{"id":"1","title":"��Ѫ","stat_code":"detail_tag_10_click"},{"id":"373","title":"��Խ","stat_code":"detail_tag_11_click"},{"id":"570","title":"ˬ��","stat_code":"detail_tag_12_click"},{"id":"758","title":"����","stat_code":"detail_tag_13_click"},{"id":"1409","title":"���ɫ","stat_code":"detail_tag_14_click"}],"book_preference":"1","publish_desc_list":[],"share_link":"https://app-share.wtzw.com/app-h5/freebook/article-detail/1784819","share_image_link":""},"comment":{"comment_count":"0","next_id":"","tag_list":[],"comment_list":[],"comment_switch":"1"},"id":"1784819","type":"books","title":"��Ʒ"}}
21:12:19.503 [OkHttp https://api-bc.wtzw.com/...] DEBUG io.legado.app.model.DebugLog - <-- END HTTP (8916-byte, 4955-gzipped-byte body)
21:12:19.503 [main @coroutine#55] INFO io.legado.app.model.DebugLog - sourceUrl: https://api-bc.wtzw.com, msg: �Ի�ȡ�ɹ�:https://api-bc.wtzw.com/api/v4/book/detail?&id=1784819&imei_ip=2937357107&teeny_mode=0&sign=60fd0cee0d9afcc04156b19ab1ee59a5,{"headers":{"app-version":"51110","platform":"android","reg":"0","AUTHORIZATION":"","application-id":"com.****.reader","net-env":"1","channel":"unknown","qm-params":"","sign":"fc697243ab534ebaf51d2fa80f251cb4"}}
21:12:19.503 [main @coroutine#55] INFO io.legado.app.model.DebugLog - sourceUrl: https://api-bc.wtzw.com, msg: ��ִ������ҳ��ʼ������
21:12:19.504 [main @coroutine#55] DEBUG com.jayway.jsonpath.internal.path.CompiledPath - Evaluating path: $['data']['book']
21:12:19.504 [main @coroutine#55] INFO io.legado.app.model.DebugLog - sourceUrl: https://api-bc.wtzw.com, msg: ����ȡ����
21:12:19.504 [main @coroutine#55] DEBUG com.jayway.jsonpath.internal.path.CompiledPath - Evaluating path: $['id']
21:12:19.504 [main @coroutine#55] DEBUG com.jayway.jsonpath.internal.path.CompiledPath - Evaluating path: $['title']
21:12:19.504 [main @coroutine#55] INFO io.legado.app.model.DebugLog - sourceUrl: https://api-bc.wtzw.com, msg: ��ҹ��������
21:12:19.504 [main @coroutine#55] INFO io.legado.app.model.DebugLog - sourceUrl: https://api-bc.wtzw.com, msg: ����ȡ����
21:12:19.504 [main @coroutine#55] DEBUG com.jayway.jsonpath.internal.path.CompiledPath - Evaluating path: $['author']
21:12:19.504 [main @coroutine#55] INFO io.legado.app.model.DebugLog - sourceUrl: https://api-bc.wtzw.com, msg: ����˵��������
21:12:19.504 [main @coroutine#55] INFO io.legado.app.model.DebugLog - sourceUrl: https://api-bc.wtzw.com, msg: ����ȡ����
21:12:19.504 [main @coroutine#55] DEBUG com.jayway.jsonpath.internal.path.CompiledPath - Evaluating path: $['update_time']
21:12:19.504 [main @coroutine#55] INFO io.legado.app.model.DebugLog - sourceUrl: https://api-bc.wtzw.com, msg: ��2024/01/24
21:12:19.505 [main @coroutine#55] INFO io.legado.app.model.DebugLog - sourceUrl: https://api-bc.wtzw.com, msg: ����ȡ����
21:12:19.505 [main @coroutine#55] DEBUG com.jayway.jsonpath.internal.path.CompiledPath - Evaluating path: $['words_num']
21:12:19.505 [main @coroutine#55] INFO io.legado.app.model.DebugLog - sourceUrl: https://api-bc.wtzw.com, msg: ��397.2����
21:12:19.505 [main @coroutine#55] INFO io.legado.app.model.DebugLog - sourceUrl: https://api-bc.wtzw.com, msg: ����ȡ�����½�
21:12:19.505 [main @coroutine#55] DEBUG com.jayway.jsonpath.internal.path.CompiledPath - Evaluating path: $['latest_chapter_title']
21:12:19.505 [main @coroutine#55] INFO io.legado.app.model.DebugLog - sourceUrl: https://api-bc.wtzw.com, msg: ��1000����ǣ�����
21:12:19.505 [main @coroutine#55] INFO io.legado.app.model.DebugLog - sourceUrl: https://api-bc.wtzw.com, msg: ����ȡ���
21:12:19.505 [main @coroutine#55] DEBUG com.jayway.jsonpath.internal.path.CompiledPath - Evaluating path: $['intro']
21:12:19.505 [main @coroutine#55] DEBUG com.jayway.jsonpath.internal.path.CompiledPath - Evaluating path: $['book_tag_list'][*]['title']
21:12:19.505 [main @coroutine#55] INFO io.legado.app.model.DebugLog - sourceUrl: https://api-bc.wtzw.com, msg: ����������??   ɱ������,Ӱ��,��Ц,Ӱ��ԭ��,�޵���,��Ϯ,ǿ�߻ع�,��è��ѡ,������Ʒ,��Ѫ,��Խ,ˬ��,����,���ɫ
����?
���������ϵ��޺��У�Ũ�ܵĸ�������£����ݺ�����ǰ�ˣ��ǿƼ�����֮������磬Ҳ����ʵ����õķֽ硣
�������������壬��ȥ��δ����
��������������������粢�棬��ǰ��һ�У�����ʱ��֮ǽ������ǰ��
�����ڰ������֡�
��������Ҫ���װ��ҵ����ѣ����ǲ���������ȥӦ�Ժڰ���Ҫ�û�
����
21:12:19.506 [main @coroutine#55] INFO io.legado.app.model.DebugLog - sourceUrl: https://api-bc.wtzw.com, msg: ����ȡ��������
21:12:19.506 [main @coroutine#55] DEBUG com.jayway.jsonpath.internal.path.CompiledPath - Evaluating path: $['image_link']
21:12:19.506 [main @coroutine#55] INFO io.legado.app.model.DebugLog - sourceUrl: https://api-bc.wtzw.com, msg: ��https://cdn.wtzw.com/bookimg/public/images/cover/f0e5/7f92895b56e989cf6df9064a168711bc_360x480.jpg
21:12:19.506 [main @coroutine#55] INFO io.legado.app.model.DebugLog - sourceUrl: https://api-bc.wtzw.com, msg: ����ȡĿ¼����
21:12:19.506 [main @coroutine#55] DEBUG com.jayway.jsonpath.internal.path.CompiledPath - Evaluating path: $['id']
21:12:19.507 [main @coroutine#55] INFO io.legado.app.model.DebugLog - sourceUrl: https://api-bc.wtzw.com, msg: ��https://api-ks.wtzw.com/api/v1/chapter/chapter-list?&id=1784819&sign=5591739c89981d760f816102277f21ac,
21:12:19.507 [main] INFO cn.kong.app.model.NovelSourceTest -   ����: ҹ�������� | ����: ��˵��������
21:12:19.507 [main] INFO cn.kong.app.model.NovelSourceTest -   ���: ��������??   ɱ������,Ӱ��,��Ц,Ӱ��ԭ��,�޵���,��Ϯ,ǿ�߻ع�,��è��ѡ,������Ʒ,��Ѫ,��Խ,ˬ��,����,���ɫ
����?
���������ϵ��޺��У�Ũ�ܵĸ�������£����ݺ�����ǰ�ˣ��ǿƼ�����...
21:12:19.507 [main] INFO cn.kong.app.model.NovelSourceTest -   --- Step 3: ��ȡĿ¼ ---
21:12:19.507 [OkHttp https://api-ks.wtzw.com/...] DEBUG io.legado.app.model.DebugLog - --> GET https://api-ks.wtzw.com/api/v1/chapter/chapter-list?id=1784819&sign=5591739c89981d760f816102277f21ac, h2
21:12:19.507 [OkHttp https://api-ks.wtzw.com/...] DEBUG io.legado.app.model.DebugLog - User-Agent: Mozilla/5.0 (Windows NT 10.0; Win64; x64) AppleWebKit/537.36 (KHTML, like Gecko) Chrome/75.0.3770.142 Safari/537.36
21:12:19.507 [OkHttp https://api-ks.wtzw.com/...] DEBUG io.legado.app.model.DebugLog - Keep-Alive: 300
21:12:19.507 [OkHttp https://api-ks.wtzw.com/...] DEBUG io.legado.app.model.DebugLog - Connection: Keep-Alive
21:12:19.507 [OkHttp https://api-ks.wtzw.com/...] DEBUG io.legado.app.model.DebugLog - Cache-Control: no-cache
21:12:19.507 [OkHttp https://api-ks.wtzw.com/...] DEBUG io.legado.app.model.DebugLog - Host: api-ks.wtzw.com
21:12:19.507 [OkHttp https://api-ks.wtzw.com/...] DEBUG io.legado.app.model.DebugLog - Accept-Encoding: gzip
21:12:19.507 [OkHttp https://api-ks.wtzw.com/...] DEBUG io.legado.app.model.DebugLog - --> END GET
21:12:19.553 [OkHttp https://api-ks.wtzw.com/...] DEBUG io.legado.app.model.DebugLog - <-- 200 https://api-ks.wtzw.com/api/v1/chapter/chapter-list?id=1784819&sign=5591739c89981d760f816102277f21ac, (45ms)
21:12:19.553 [OkHttp https://api-ks.wtzw.com/...] DEBUG io.legado.app.model.DebugLog - content-type: application/json; charset=utf-8
21:12:19.553 [OkHttp https://api-ks.wtzw.com/...] DEBUG io.legado.app.model.DebugLog - date: Fri, 14 Aug 2026 13:12:19 GMT
21:12:19.553 [OkHttp https://api-ks.wtzw.com/...] DEBUG io.legado.app.model.DebugLog - content-length: 131
21:12:19.553 [OkHttp https://api-ks.wtzw.com/...] DEBUG io.legado.app.model.DebugLog - req-cost-time: 1
21:12:19.553 [OkHttp https://api-ks.wtzw.com/...] DEBUG io.legado.app.model.DebugLog - req-arrive-time: 1786713139546
21:12:19.553 [OkHttp https://api-ks.wtzw.com/...] DEBUG io.legado.app.model.DebugLog - resp-start-time: 1786713139548
21:12:19.553 [OkHttp https://api-ks.wtzw.com/...] DEBUG io.legado.app.model.DebugLog - x-envoy-upstream-service-time: 1
21:12:19.553 [OkHttp https://api-ks.wtzw.com/...] DEBUG io.legado.app.model.DebugLog - server: istio-envoy
21:12:19.553 [OkHttp https://api-ks.wtzw.com/...] DEBUG io.legado.app.model.DebugLog - 
21:12:19.553 [OkHttp https://api-ks.wtzw.com/...] DEBUG io.legado.app.model.DebugLog - {"errors":{"id":"0","code":"44010120","level":"1","status":"200","title":"��ǩʧ��","popup_title":"","details":"��ǩʧ��"}}
21:12:19.553 [OkHttp https://api-ks.wtzw.com/...] DEBUG io.legado.app.model.DebugLog - <-- END HTTP (131-byte body)
21:12:19.553 [main @coroutine#56] INFO io.legado.app.model.DebugLog - sourceUrl: https://api-bc.wtzw.com, msg: �Ի�ȡ�ɹ�:https://api-ks.wtzw.com/api/v1/chapter/chapter-list?&id=1784819&sign=5591739c89981d760f816102277f21ac,
21:12:19.553 [main @coroutine#56] INFO io.legado.app.model.DebugLog - sourceUrl: https://api-bc.wtzw.com, msg: ����ȡĿ¼�б�
21:12:19.553 [main @coroutine#56] DEBUG com.jayway.jsonpath.internal.path.CompiledPath - Evaluating path: $['data']['chapter_lists']
com.jayway.jsonpath.PathNotFoundException: Missing property in path $['data']
21:12:19.554 [main @coroutine#56] INFO io.legado.app.model.DebugLog - sourceUrl: https://api-bc.wtzw.com, msg: ���б��С:0
21:12:19.554 [main] ERROR cn.kong.app.model.NovelSourceTest -   �ؼ��� [ҹ��������] ���������쳣: Ŀ¼Ϊ��
io.legado.app.exception.TocEmptyException: Ŀ¼Ϊ��
21:12:19.554 [main] INFO cn.kong.app.model.NovelSourceTest - 
  -------- �ؼ��� [��ʬ��] --------
21:12:19.554 [main] INFO cn.kong.app.model.NovelSourceTest -   --- Step 1: ���� [��ʬ��] ---
21:12:19.557 [OkHttp https://api-bc.wtzw.com/...] DEBUG io.legado.app.model.DebugLog - --> GET https://api-bc.wtzw.com/api/v5/search/words?gender=3&imei_ip=2937357107&page=1&wd=%E6%8D%9E%E5%B0%B8%E4%BA%BA&sign=a4c4be95c901e39fb20b666131f93bae h2
21:12:19.557 [OkHttp https://api-bc.wtzw.com/...] DEBUG io.legado.app.model.DebugLog - net-env: 1
21:12:19.557 [OkHttp https://api-bc.wtzw.com/...] DEBUG io.legado.app.model.DebugLog - reg: 0
21:12:19.557 [OkHttp https://api-bc.wtzw.com/...] DEBUG io.legado.app.model.DebugLog - User-Agent: Mozilla/5.0 (Windows NT 10.0; Win64; x64) AppleWebKit/537.36 (KHTML, like Gecko) Chrome/75.0.3770.142 Safari/537.36
21:12:19.557 [OkHttp https://api-bc.wtzw.com/...] DEBUG io.legado.app.model.DebugLog - channel: unknown
21:12:19.557 [OkHttp https://api-bc.wtzw.com/...] DEBUG io.legado.app.model.DebugLog - sign: fc697243ab534ebaf51d2fa80f251cb4
21:12:19.557 [OkHttp https://api-bc.wtzw.com/...] DEBUG io.legado.app.model.DebugLog - platform: android
21:12:19.557 [OkHttp https://api-bc.wtzw.com/...] DEBUG io.legado.app.model.DebugLog - AUTHORIZATION: 
21:12:19.557 [OkHttp https://api-bc.wtzw.com/...] DEBUG io.legado.app.model.DebugLog - application-id: com.****.reader
21:12:19.557 [OkHttp https://api-bc.wtzw.com/...] DEBUG io.legado.app.model.DebugLog - app-version: 51110
21:12:19.557 [OkHttp https://api-bc.wtzw.com/...] DEBUG io.legado.app.model.DebugLog - qm-params: 
21:12:19.557 [OkHttp https://api-bc.wtzw.com/...] DEBUG io.legado.app.model.DebugLog - Keep-Alive: 300
21:12:19.557 [OkHttp https://api-bc.wtzw.com/...] DEBUG io.legado.app.model.DebugLog - Connection: Keep-Alive
21:12:19.557 [OkHttp https://api-bc.wtzw.com/...] DEBUG io.legado.app.model.DebugLog - Cache-Control: no-cache
21:12:19.557 [OkHttp https://api-bc.wtzw.com/...] DEBUG io.legado.app.model.DebugLog - Host: api-bc.wtzw.com
21:12:19.557 [OkHttp https://api-bc.wtzw.com/...] DEBUG io.legado.app.model.DebugLog - Accept-Encoding: gzip
21:12:19.557 [OkHttp https://api-bc.wtzw.com/...] DEBUG io.legado.app.model.DebugLog - --> END GET
21:12:19.787 [OkHttp https://api-bc.wtzw.com/...] DEBUG io.legado.app.model.DebugLog - <-- 200 https://api-bc.wtzw.com/api/v5/search/words?gender=3&imei_ip=2937357107&page=1&wd=%E6%8D%9E%E5%B0%B8%E4%BA%BA&sign=a4c4be95c901e39fb20b666131f93bae (231ms)
21:12:19.788 [OkHttp https://api-bc.wtzw.com/...] DEBUG io.legado.app.model.DebugLog - date: Fri, 14 Aug 2026 13:12:19 GMT
21:12:19.788 [OkHttp https://api-bc.wtzw.com/...] DEBUG io.legado.app.model.DebugLog - content-type: application/json; charset=utf-8
21:12:19.788 [OkHttp https://api-bc.wtzw.com/...] DEBUG io.legado.app.model.DebugLog - set-cookie: acw_tc=2760822b17867131396017949e7d9de31b98ec2e1f3fe9fe19d748b2002de0;path=/;HttpOnly;Max-Age=1800
21:12:19.788 [OkHttp https://api-bc.wtzw.com/...] DEBUG io.legado.app.model.DebugLog - req-cost-time: 173
21:12:19.788 [OkHttp https://api-bc.wtzw.com/...] DEBUG io.legado.app.model.DebugLog - req-arrive-time: 1786713139606
21:12:19.788 [OkHttp https://api-bc.wtzw.com/...] DEBUG io.legado.app.model.DebugLog - resp-start-time: 1786713139779
21:12:19.788 [OkHttp https://api-bc.wtzw.com/...] DEBUG io.legado.app.model.DebugLog - x-envoy-upstream-service-time: 173
21:12:19.788 [OkHttp https://api-bc.wtzw.com/...] DEBUG io.legado.app.model.DebugLog - content-encoding: gzip
21:12:19.788 [OkHttp https://api-bc.wtzw.com/...] DEBUG io.legado.app.model.DebugLog - vary: Accept-Encoding
21:12:19.788 [OkHttp https://api-bc.wtzw.com/...] DEBUG io.legado.app.model.DebugLog - server: istio-envoy
21:12:19.788 [OkHttp https://api-bc.wtzw.com/...] DEBUG io.legado.app.model.DebugLog - 
21:12:19.788 [OkHttp https://api-bc.wtzw.com/...] DEBUG io.legado.app.model.DebugLog - {"data":{"id":"","type":"search_result","title":"�������","meta":{"books_click":"","page":"0","total_page":"13"},"categories":[],"tags":[],"books":[{"intro":"...ˮ�������ꡣ\n�˳ƣ�\u003cfont color='#ff4242'\u003e��ʬ��\u003c/font\u003e��","characters":"��Ҫ�������ȱ","ptags":"��������,����,�ֲ�,����,��������","words_num":"2064356","author":"�Ǵ���ľ","id":"1925970","score":"8.4","image_link":"https://cdn.wtzw.com/bookimg/public/images/cover/5ef0/dc7506c5d331c841b953e6574548b363_216x288.jpg","title":"\u003cb\u003e\u003cfont color='#ff4242'\u003e��\u003c/font\u003e\u003cfont color='#ff4242'\u003eʬ\u003c/font\u003e\u003cfont color='#ff4242'\u003e��\u003c/font\u003e\u003c/b\u003e","alias_title":"","schema_baidu":"","download_url":"","data_source":"qimao","match_flag":"0","original_title":"��ʬ��","original_alias_title":"","original_author":"�Ǵ���ľ","type":"0","title_tag":""},{"intro":"�¼Ҷ��ӣ���ʬΪ����������Ϊ�㽲���ҵĹ��¡���","characters":"��Ҫ�������","ptags":"��ʵ���,��Ĺ,��ʬ,��ˮ,��������","words_num":"1017155","author":"���ۿ���","id":"200689","score":"9.0","image_link":"https://cdn.wtzw.com/bookimg/public/images/cover/e00d/c7b2d20e7733faf2739a1ca7d0196297_216x288.jpg","title":"\u003cb\u003e\u003cfont color='#ff4242'\u003e��\u003c/font\u003e\u003cfont color='#ff4242'\u003eʬ\u003c/font\u003e\u003cfont color='#ff4242'\u003e��\u003c/font\u003e\u003c/b\u003e","alias_title":"","schema_baidu":"","download_url":"","data_source":"qimao","match_flag":"0","original_title":"��ʬ��","original_alias_title":"","original_author":"���ۿ���","type":"0","title_tag":""},{"intro":"...������������Ϊ���ƺ�\u003cfont color='#ff4242'\u003e��ʬ��\u003c/font\u003e�������������ڴ��ڷ��ɺ͵��±�Ե������ϣ��ͨ��������£��ҿ��������ְҵ��������ɴ���������˽�ƺ�\u003cfont color='#ff4242'\u003e��ʬ��\u003c/font\u003e����ʵ����״̬��","characters":"","ptags":"�Ļ���ʷ,����,����,���,�������","words_num":"72944","author":"�𾴵�����","id":"1847600","score":"9.2","image_link":"https://cdn.wtzw.com/bookimg/public/images/cover/668366fdd790b_216x288.jpg","title":"�ƺ�\u003cfont color='#ff4242'\u003e��\u003c/font\u003e\u003cfont color='#ff4242'\u003eʬ\u003c/font\u003e\u003cfont color='#ff4242'\u003e��\u003c/font\u003e","alias_title":"","schema_baidu":"","download_url":"","data_source":"qimao","match_flag":"0","original_title":"�ƺ���ʬ��","original_alias_title":"","original_author":"�𾴵�����","type":"0","title_tag":""},{"intro":"...�����ˮ���������ԡ�\u003cfont color='#ff4242'\u003e��ʬ��\u003c/font\u003e�����뷹�ġ�\n\u003cfont color='#ff4242'\u003e��ʬ��\u003c/font\u003e�������̣���ɱ�������̡�ʬ���������̡��������β��̡�\nǧ��ƺӣ������и�ʬ�����С���","characters":"��Ҫ�����ˮ��,���¶","ptags":"̽��,����,��ˮ,�ֲ�,��һ�˳�,����,��������","words_num":"488231","author":"����̺쿪��","id":"1874456","score":"9.2","image_link":"https://cdn.wtzw.com/bookimg/public/images/cover/9bf3/3fecefd85ea1039b90d30a6c14cf2003_216x288.jpg","title":"����\u003cfont color='#ff4242'\u003e��\u003c/font\u003e\u003cfont color='#ff4242'\u003eʬ\u003c/font\u003e\u003cfont color='#ff4242'\u003e��\u003c/font\u003e","alias_title":"","schema_baidu":"","download_url":"","data_source":"qimao","match_flag":"0","original_title":"������ʬ��","original_alias_title":"","original_author":"����̺쿪��","type":"0","title_tag":""},{"intro":"...��ǰ���ұ����̵��ƺ�\u003cfont color='#ff4242'\u003e��ʬ��\u003c/font\u003e���ң����������ĸ�����������Ϊ\u003cfont color='#ff4242'\u003e��ʬ��\u003c/font\u003eΨһ�Ĵ��ˡ�\n�Ӵ��ұ����Ͼ�·��ѧϰ��ʬ��\n�����ǳ�����ʬ��������ݹǡ��ֻ����ǹŴ���ʬ���Ҷ�Ҫ����ʮ�������֮�н�����������\n��Ϊ�ұ���ѡ��ֻ���������Ӳд��Ļ���ȥ��","characters":"��Ҫ�������ı","ptags":"ɱ������,��Ů��,��ˮ,�ֲ�,����,��������","words_num":"1522811","author":"ϸ������","id":"1676602","score":"8.4","image_link":"https://cdn.wtzw.com/bookimg/public/images/cover/5ef0/515e5511eafebf1176817a1d56ea265f_216x288.jpg","title":"�ƺ�\u003cfont color='#ff4242'\u003e��\u003c/font\u003e\u003cfont color='#ff4242'\u003eʬ\u003c/font\u003e\u003cfont color='#ff4242'\u003e��\u003c/font\u003e","alias_title":"","schema_baidu":"","download_url":"","data_source":"qimao","match_flag":"0","original_title":"�ƺ���ʬ��","original_alias_title":"","original_author":"ϸ������","type":"0","title_tag":""},{"intro":"...������������Ϊ���ƺ�\u003cfont color='#ff4242'\u003e��ʬ��\u003c/font\u003e�������������ڴ��ڷ��ɺ͵��±�Ե������ϣ��ͨ��������£��ҿ��������ְҵ��������ɴ���������˽�ƺ�\u003cfont color='#ff4242'\u003e��ʬ��\u003c/font\u003e����ʵ����״̬��","characters":"","ptags":"����,����,�Ļ�,���,�������","words_num":"35784","author":"�𾴵�����","id":"1847598","score":"9.2","image_link":"https://cdn.wtzw.com/bookimg/public/images/cover/668366fb3752b_216x288.jpg","title":"�ƺ�\u003cfont color='#ff4242'\u003e��\u003c/font\u003e\u003cfont color='#ff4242'\u003eʬ\u003c/font\u003e\u003cfont color='#ff4242'\u003e��\u003c/font\u003e���ڶ�����","alias_title":"","schema_baidu":"","download_url":"","data_source":"qimao","match_flag":"0","original_title":"�ƺ���ʬ�ˣ��ڶ�����","original_alias_title":"","original_author":"�𾴵�����","type":"0","title_tag":""},{"intro":"...������������Ϊ���ƺ�\u003cfont color='#ff4242'\u003e��ʬ��\u003c/font\u003e�������������ڴ��ڷ��ɺ͵��±�Ե������ϣ��ͨ��������£��ҿ��������ְҵ��������ɴ���������˽�ƺ�\u003cfont color='#ff4242'\u003e��ʬ��\u003c/font\u003e����ʵ����״̬��","characters":"","ptags":"����,����,�������","words_num":"37144","author":"�Ϲ��ݹ���","id":"1847585","score":"9.2","image_link":"https://cdn.wtzw.com/bookimg/public/images/cover/668366f2e9243_216x288.jpg","title":"�ƺ�\u003cfont color='#ff4242'\u003e��\u003c/font\u003e\u003cfont color='#ff4242'\u003eʬ\u003c/font\u003e\u003cfont color='#ff4242'\u003e��\u003c/font\u003e����һ����","alias_title":"","schema_baidu":"","download_url":"","data_source":"qimao","match_flag":"0","original_title":"�ƺ���ʬ�ˣ���һ����","original_alias_title":"","original_author":"�Ϲ��ݹ���","type":"0","title_tag":""},{"intro":"...ǧˮ��һ���ƺӱ��ϵ�\u003cfont color='#ff4242'\u003e��ʬ��\u003c/font\u003e����һ�����Ҿ����������Ź��¡�\nһ�У���Ҫ�������ҳ���ʱ�����ӵ�����˵��...","characters":"��Ҫ�����ǧˮ","ptags":"����,�ֲ�,��������","words_num":"619368","author":"ǱˮС߶","id":"1759888","score":"8.0","image_link":"https://cdn.wtzw.com/bookimg/public/images/cover/9bf3/7c97263b8e257d2270e074765229c34f_216x288.jpg","title":"�ƺ�\u003cfont color='#ff4242'\u003e��\u003c/font\u003e\u003cfont color='#ff4242'\u003eʬ\u003c/font\u003e\u003cfont color='#ff4242'\u003e��\u003c/font\u003e","alias_title":"","schema_baidu":"","download_url":"","data_source":"qimao","match_flag":"0","original_title":"�ƺ���ʬ��","original_alias_title":"","original_author":"ǱˮС߶","type":"0","title_tag":""},{"intro":"...��ʬ������֮�𡭡�\n\u003cfont color='#ff4242'\u003e��ʬ��\u003c/font\u003e������ֻ��һ��ְҵ������һ��������Ǯ��ְҵ��\nֻҪǮ��������\u003cfont color='#ff4242'\u003e��ʬ��\u003c/font\u003e�����û��ʲô�ǲ����̵ġ�û��ʲô���ǲ����̵ġ�\n�ҽ������һ������\u003cfont color='#ff4242'\u003e��ʬ��\u003c/font\u003e����\n�����ң����㽲��ʲô����������\u003cfont color='#ff4242'\u003e��ʬ��\u003c/font\u003e����","characters":"��Ҫ�������","ptags":"��������,��ˮ,�ֲ�,��Ů��,����,��������","words_num":"452578","author":"��������","id":"1871474","score":"8.0","image_link":"https://cdn.wtzw.com/bookimg/public/images/cover/ec89/a2e32d697bdbd12e118571d7f3822b13_216x288.jpg","title":"����\u003cfont color='#ff4242'\u003e��\u003c/font\u003e\u003cfont color='#ff4242'\u003eʬ\u003c/font\u003e\u003cfont color='#ff4242'\u003e��\u003c/font\u003e","alias_title":"","schema_baidu":"","download_url":"","data_source":"qimao","match_flag":"0","original_title":"������ʬ��","original_alias_title":"","original_author":"��������","type":"0","title_tag":""},{"intro":"����һ��\u003cfont color='#ff4242'\u003e��ʬ��\u003c/font\u003e��ֻ�����˽��ɣ�����һ�ߺ�����ʬ���Ӵ���ҹ�����£�ֻ���Ҵ�ͷ���࣬վ������ˮ�����","characters":"��Ҫ����Գ���","ptags":"��ˮ,�ֲ�,����,��������","words_num":"550292","author":"�󽭳���","id":"1719653","score":"8.0","image_link":"https://cdn.wtzw.com/bookimg/public/images/cover/97e8/933e4e96c4c8fffdde8e3f369b8ab805_216x288.jpg","title":"����\u003cfont color='#ff4242'\u003e��\u003c/font\u003e\u003cfont color='#ff4242'\u003eʬ\u003c/font\u003e\u003cfont color='#ff4242'\u003e��\u003c/font\u003e","alias_title":"","schema_baidu":"","download_url":"","data_source":"qimao","match_flag":"0","original_title":"������ʬ��","original_alias_title":"","original_author":"�󽭳���","type":"0","title_tag":""}]}}
21:12:19.788 [OkHttp https://api-bc.wtzw.com/...] DEBUG io.legado.app.model.DebugLog - <-- END HTTP (9717-byte, 2479-gzipped-byte body)
21:12:19.789 [main @coroutine#57] INFO io.legado.app.model.DebugLog - sourceUrl: https://api-bc.wtzw.com, msg: �Ի�ȡ�ɹ�:/api/v5/search/words?&gender=3&imei_ip=2937357107&page=1&wd=%E6%8D%9E%E5%B0%B8%E4%BA%BA&sign=a4c4be95c901e39fb20b666131f93bae,{"headers":{"app-version":"51110","platform":"android","reg":"0","AUTHORIZATION":"","application-id":"com.****.reader","net-env":"1","channel":"unknown","qm-params":"","sign":"fc697243ab534ebaf51d2fa80f251cb4"}}
21:12:19.789 [main @coroutine#57] INFO io.legado.app.model.DebugLog - sourceUrl: https://api-bc.wtzw.com, msg: ����ȡ�鼮�б�
21:12:19.789 [main @coroutine#57] DEBUG com.jayway.jsonpath.internal.path.CompiledPath - Evaluating path: $['data']['books']
21:12:19.789 [main @coroutine#57] INFO io.legado.app.model.DebugLog - sourceUrl: https://api-bc.wtzw.com, msg: ���б��С:10
21:12:19.789 [main @coroutine#57] INFO io.legado.app.model.DebugLog - sourceUrl: https://api-bc.wtzw.com, msg: ����ȡ����
21:12:19.789 [main @coroutine#57] DEBUG com.jayway.jsonpath.internal.path.CompiledPath - Evaluating path: $['original_title']
21:12:19.789 [main @coroutine#57] INFO io.legado.app.model.DebugLog - sourceUrl: https://api-bc.wtzw.com, msg: ����ʬ��
21:12:19.789 [main @coroutine#57] INFO io.legado.app.model.DebugLog - sourceUrl: https://api-bc.wtzw.com, msg: ����ȡ����
21:12:19.789 [main @coroutine#57] DEBUG com.jayway.jsonpath.internal.path.CompiledPath - Evaluating path: $['original_author']
21:12:19.789 [main @coroutine#57] INFO io.legado.app.model.DebugLog - sourceUrl: https://api-bc.wtzw.com, msg: ���Ǵ���ľ
21:12:19.789 [main @coroutine#57] INFO io.legado.app.model.DebugLog - sourceUrl: https://api-bc.wtzw.com, msg: ����ȡ����
21:12:19.789 [main @coroutine#57] INFO io.legado.app.model.DebugLog - sourceUrl: https://api-bc.wtzw.com, msg: ��null
21:12:19.789 [main @coroutine#57] INFO io.legado.app.model.DebugLog - sourceUrl: https://api-bc.wtzw.com, msg: ����ȡ����
21:12:19.789 [main @coroutine#57] DEBUG com.jayway.jsonpath.internal.path.CompiledPath - Evaluating path: $['words_num']
21:12:19.789 [main @coroutine#57] INFO io.legado.app.model.DebugLog - sourceUrl: https://api-bc.wtzw.com, msg: ��206.4����
21:12:19.789 [main @coroutine#57] INFO io.legado.app.model.DebugLog - sourceUrl: https://api-bc.wtzw.com, msg: ����ȡ�����½�
21:12:19.789 [main @coroutine#57] INFO io.legado.app.model.DebugLog - sourceUrl: https://api-bc.wtzw.com, msg: ��
21:12:19.789 [main @coroutine#57] INFO io.legado.app.model.DebugLog - sourceUrl: https://api-bc.wtzw.com, msg: ����ȡ���
21:12:19.789 [main @coroutine#57] DEBUG com.jayway.jsonpath.internal.path.CompiledPath - Evaluating path: $['intro']
21:12:19.790 [main @coroutine#57] DEBUG com.jayway.jsonpath.internal.path.CompiledPath - Evaluating path: $['ptags']
21:12:19.790 [main @coroutine#57] INFO io.legado.app.model.DebugLog - sourceUrl: https://api-bc.wtzw.com, msg: ��?? ��������,����,�ֲ�,����,��������
����...ˮ�������ꡣ
�����˳ƣ���ʬ�ˡ�
21:12:19.790 [main @coroutine#57] INFO io.legado.app.model.DebugLog - sourceUrl: https://api-bc.wtzw.com, msg: ����ȡ��������
21:12:19.790 [main @coroutine#57] DEBUG com.jayway.jsonpath.internal.path.CompiledPath - Evaluating path: $['image_link']
21:12:19.790 [main @coroutine#57] INFO io.legado.app.model.DebugLog - sourceUrl: https://api-bc.wtzw.com, msg: ��https://cdn.wtzw.com/bookimg/public/images/cover/5ef0/dc7506c5d331c841b953e6574548b363_216x288.jpg
21:12:19.790 [main @coroutine#57] INFO io.legado.app.model.DebugLog - sourceUrl: https://api-bc.wtzw.com, msg: ����ȡ����ҳ����
21:12:19.790 [main @coroutine#57] DEBUG com.jayway.jsonpath.internal.path.CompiledPath - Evaluating path: $['id']
21:12:19.791 [main @coroutine#57] INFO io.legado.app.model.DebugLog - sourceUrl: https://api-bc.wtzw.com, msg: ��https://api-bc.wtzw.com/api/v4/book/detail?&id=1925970&imei_ip=2937357107&teeny_mode=0&sign=f9e3055ba3d7e4cbdb8f30881b8c14cd,{"headers":{"app-version":"51110","platform":"android","reg":"0","AUTHORIZATION":"","application-id":"com.****.reader","net-env":"1","channel":"unknown","qm-params":"","sign":"fc697243ab534ebaf51d2fa80f251cb4"}}
21:12:19.791 [main @coroutine#57] DEBUG com.jayway.jsonpath.internal.path.CompiledPath - Evaluating path: $['original_title']
21:12:19.791 [main @coroutine#57] DEBUG com.jayway.jsonpath.internal.path.CompiledPath - Evaluating path: $['original_author']
21:12:19.791 [main @coroutine#57] DEBUG com.jayway.jsonpath.internal.path.CompiledPath - Evaluating path: $['words_num']
21:12:19.791 [main @coroutine#57] DEBUG com.jayway.jsonpath.internal.path.CompiledPath - Evaluating path: $['intro']
21:12:19.791 [main @coroutine#57] DEBUG com.jayway.jsonpath.internal.path.CompiledPath - Evaluating path: $['ptags']
21:12:19.791 [main @coroutine#57] DEBUG com.jayway.jsonpath.internal.path.CompiledPath - Evaluating path: $['image_link']
21:12:19.791 [main @coroutine#57] DEBUG com.jayway.jsonpath.internal.path.CompiledPath - Evaluating path: $['id']
21:12:19.792 [main @coroutine#57] DEBUG com.jayway.jsonpath.internal.path.CompiledPath - Evaluating path: $['original_title']
21:12:19.792 [main @coroutine#57] DEBUG com.jayway.jsonpath.internal.path.CompiledPath - Evaluating path: $['original_author']
21:12:19.792 [main @coroutine#57] DEBUG com.jayway.jsonpath.internal.path.CompiledPath - Evaluating path: $['words_num']
21:12:19.792 [main @coroutine#57] DEBUG com.jayway.jsonpath.internal.path.CompiledPath - Evaluating path: $['intro']
21:12:19.792 [main @coroutine#57] DEBUG com.jayway.jsonpath.internal.path.CompiledPath - Evaluating path: $['ptags']
21:12:19.792 [main @coroutine#57] DEBUG com.jayway.jsonpath.internal.path.CompiledPath - Evaluating path: $['image_link']
21:12:19.792 [main @coroutine#57] DEBUG com.jayway.jsonpath.internal.path.CompiledPath - Evaluating path: $['id']
21:12:19.793 [main @coroutine#57] DEBUG com.jayway.jsonpath.internal.path.CompiledPath - Evaluating path: $['original_title']
21:12:19.793 [main @coroutine#57] DEBUG com.jayway.jsonpath.internal.path.CompiledPath - Evaluating path: $['original_author']
21:12:19.793 [main @coroutine#57] DEBUG com.jayway.jsonpath.internal.path.CompiledPath - Evaluating path: $['words_num']
21:12:19.793 [main @coroutine#57] DEBUG com.jayway.jsonpath.internal.path.CompiledPath - Evaluating path: $['intro']
21:12:19.793 [main @coroutine#57] DEBUG com.jayway.jsonpath.internal.path.CompiledPath - Evaluating path: $['ptags']
21:12:19.793 [main @coroutine#57] DEBUG com.jayway.jsonpath.internal.path.CompiledPath - Evaluating path: $['image_link']
21:12:19.793 [main @coroutine#57] DEBUG com.jayway.jsonpath.internal.path.CompiledPath - Evaluating path: $['id']
21:12:19.794 [main @coroutine#57] DEBUG com.jayway.jsonpath.internal.path.CompiledPath - Evaluating path: $['original_title']
21:12:19.794 [main @coroutine#57] DEBUG com.jayway.jsonpath.internal.path.CompiledPath - Evaluating path: $['original_author']
21:12:19.794 [main @coroutine#57] DEBUG com.jayway.jsonpath.internal.path.CompiledPath - Evaluating path: $['words_num']
21:12:19.794 [main @coroutine#57] DEBUG com.jayway.jsonpath.internal.path.CompiledPath - Evaluating path: $['intro']
21:12:19.794 [main @coroutine#57] DEBUG com.jayway.jsonpath.internal.path.CompiledPath - Evaluating path: $['ptags']
21:12:19.794 [main @coroutine#57] DEBUG com.jayway.jsonpath.internal.path.CompiledPath - Evaluating path: $['image_link']
21:12:19.794 [main @coroutine#57] DEBUG com.jayway.jsonpath.internal.path.CompiledPath - Evaluating path: $['id']
21:12:19.795 [main @coroutine#57] DEBUG com.jayway.jsonpath.internal.path.CompiledPath - Evaluating path: $['original_title']
21:12:19.795 [main @coroutine#57] DEBUG com.jayway.jsonpath.internal.path.CompiledPath - Evaluating path: $['original_author']
21:12:19.795 [main @coroutine#57] DEBUG com.jayway.jsonpath.internal.path.CompiledPath - Evaluating path: $['words_num']
21:12:19.795 [main @coroutine#57] DEBUG com.jayway.jsonpath.internal.path.CompiledPath - Evaluating path: $['intro']
21:12:19.795 [main @coroutine#57] DEBUG com.jayway.jsonpath.internal.path.CompiledPath - Evaluating path: $['ptags']
21:12:19.795 [main @coroutine#57] DEBUG com.jayway.jsonpath.internal.path.CompiledPath - Evaluating path: $['image_link']
21:12:19.795 [main @coroutine#57] DEBUG com.jayway.jsonpath.internal.path.CompiledPath - Evaluating path: $['id']
21:12:19.796 [main @coroutine#57] DEBUG com.jayway.jsonpath.internal.path.CompiledPath - Evaluating path: $['original_title']
21:12:19.796 [main @coroutine#57] DEBUG com.jayway.jsonpath.internal.path.CompiledPath - Evaluating path: $['original_author']
21:12:19.796 [main @coroutine#57] DEBUG com.jayway.jsonpath.internal.path.CompiledPath - Evaluating path: $['words_num']
21:12:19.796 [main @coroutine#57] DEBUG com.jayway.jsonpath.internal.path.CompiledPath - Evaluating path: $['intro']
21:12:19.796 [main @coroutine#57] DEBUG com.jayway.jsonpath.internal.path.CompiledPath - Evaluating path: $['ptags']
21:12:19.796 [main @coroutine#57] DEBUG com.jayway.jsonpath.internal.path.CompiledPath - Evaluating path: $['image_link']
21:12:19.796 [main @coroutine#57] DEBUG com.jayway.jsonpath.internal.path.CompiledPath - Evaluating path: $['id']
21:12:19.797 [main @coroutine#57] DEBUG com.jayway.jsonpath.internal.path.CompiledPath - Evaluating path: $['original_title']
21:12:19.797 [main @coroutine#57] DEBUG com.jayway.jsonpath.internal.path.CompiledPath - Evaluating path: $['original_author']
21:12:19.797 [main @coroutine#57] DEBUG com.jayway.jsonpath.internal.path.CompiledPath - Evaluating path: $['words_num']
21:12:19.798 [main @coroutine#57] DEBUG com.jayway.jsonpath.internal.path.CompiledPath - Evaluating path: $['intro']
21:12:19.798 [main @coroutine#57] DEBUG com.jayway.jsonpath.internal.path.CompiledPath - Evaluating path: $['ptags']
21:12:19.798 [main @coroutine#57] DEBUG com.jayway.jsonpath.internal.path.CompiledPath - Evaluating path: $['image_link']
21:12:19.798 [main @coroutine#57] DEBUG com.jayway.jsonpath.internal.path.CompiledPath - Evaluating path: $['id']
21:12:19.799 [main @coroutine#57] DEBUG com.jayway.jsonpath.internal.path.CompiledPath - Evaluating path: $['original_title']
21:12:19.799 [main @coroutine#57] DEBUG com.jayway.jsonpath.internal.path.CompiledPath - Evaluating path: $['original_author']
21:12:19.799 [main @coroutine#57] DEBUG com.jayway.jsonpath.internal.path.CompiledPath - Evaluating path: $['words_num']
21:12:19.799 [main @coroutine#57] DEBUG com.jayway.jsonpath.internal.path.CompiledPath - Evaluating path: $['intro']
21:12:19.799 [main @coroutine#57] DEBUG com.jayway.jsonpath.internal.path.CompiledPath - Evaluating path: $['ptags']
21:12:19.799 [main @coroutine#57] DEBUG com.jayway.jsonpath.internal.path.CompiledPath - Evaluating path: $['image_link']
21:12:19.799 [main @coroutine#57] DEBUG com.jayway.jsonpath.internal.path.CompiledPath - Evaluating path: $['id']
21:12:19.801 [main @coroutine#57] DEBUG com.jayway.jsonpath.internal.path.CompiledPath - Evaluating path: $['original_title']
21:12:19.801 [main @coroutine#57] DEBUG com.jayway.jsonpath.internal.path.CompiledPath - Evaluating path: $['original_author']
21:12:19.801 [main @coroutine#57] DEBUG com.jayway.jsonpath.internal.path.CompiledPath - Evaluating path: $['words_num']
21:12:19.801 [main @coroutine#57] DEBUG com.jayway.jsonpath.internal.path.CompiledPath - Evaluating path: $['intro']
21:12:19.801 [main @coroutine#57] DEBUG com.jayway.jsonpath.internal.path.CompiledPath - Evaluating path: $['ptags']
21:12:19.801 [main @coroutine#57] DEBUG com.jayway.jsonpath.internal.path.CompiledPath - Evaluating path: $['image_link']
21:12:19.801 [main @coroutine#57] DEBUG com.jayway.jsonpath.internal.path.CompiledPath - Evaluating path: $['id']
21:12:19.803 [main] INFO cn.kong.app.model.NovelSourceTest -   �������: 10 ��
21:12:19.803 [main] INFO cn.kong.app.model.NovelSourceTest -     [1] ��ʬ�� | �Ǵ���ľ
21:12:19.803 [main] INFO cn.kong.app.model.NovelSourceTest -     [2] ��ʬ�� | ���ۿ���
21:12:19.803 [main] INFO cn.kong.app.model.NovelSourceTest -     [3] �ƺ���ʬ�� | �𾴵�����
21:12:19.803 [main] INFO cn.kong.app.model.NovelSourceTest -   --- Step 2: ��ȡ���� ---
21:12:19.803 [OkHttp https://api-bc.wtzw.com/...] DEBUG io.legado.app.model.DebugLog - --> GET https://api-bc.wtzw.com/api/v4/book/detail?id=1925970&imei_ip=2937357107&teeny_mode=0&sign=f9e3055ba3d7e4cbdb8f30881b8c14cd h2
21:12:19.803 [OkHttp https://api-bc.wtzw.com/...] DEBUG io.legado.app.model.DebugLog - net-env: 1
21:12:19.803 [OkHttp https://api-bc.wtzw.com/...] DEBUG io.legado.app.model.DebugLog - reg: 0
21:12:19.803 [OkHttp https://api-bc.wtzw.com/...] DEBUG io.legado.app.model.DebugLog - User-Agent: Mozilla/5.0 (Windows NT 10.0; Win64; x64) AppleWebKit/537.36 (KHTML, like Gecko) Chrome/75.0.3770.142 Safari/537.36
21:12:19.803 [OkHttp https://api-bc.wtzw.com/...] DEBUG io.legado.app.model.DebugLog - channel: unknown
21:12:19.803 [OkHttp https://api-bc.wtzw.com/...] DEBUG io.legado.app.model.DebugLog - sign: fc697243ab534ebaf51d2fa80f251cb4
21:12:19.803 [OkHttp https://api-bc.wtzw.com/...] DEBUG io.legado.app.model.DebugLog - platform: android
21:12:19.803 [OkHttp https://api-bc.wtzw.com/...] DEBUG io.legado.app.model.DebugLog - AUTHORIZATION: 
21:12:19.803 [OkHttp https://api-bc.wtzw.com/...] DEBUG io.legado.app.model.DebugLog - application-id: com.****.reader
21:12:19.803 [OkHttp https://api-bc.wtzw.com/...] DEBUG io.legado.app.model.DebugLog - app-version: 51110
21:12:19.803 [OkHttp https://api-bc.wtzw.com/...] DEBUG io.legado.app.model.DebugLog - qm-params: 
21:12:19.803 [OkHttp https://api-bc.wtzw.com/...] DEBUG io.legado.app.model.DebugLog - Keep-Alive: 300
21:12:19.803 [OkHttp https://api-bc.wtzw.com/...] DEBUG io.legado.app.model.DebugLog - Connection: Keep-Alive
21:12:19.803 [OkHttp https://api-bc.wtzw.com/...] DEBUG io.legado.app.model.DebugLog - Cache-Control: no-cache
21:12:19.803 [OkHttp https://api-bc.wtzw.com/...] DEBUG io.legado.app.model.DebugLog - Host: api-bc.wtzw.com
21:12:19.803 [OkHttp https://api-bc.wtzw.com/...] DEBUG io.legado.app.model.DebugLog - Accept-Encoding: gzip
21:12:19.803 [OkHttp https://api-bc.wtzw.com/...] DEBUG io.legado.app.model.DebugLog - --> END GET
21:12:19.871 [OkHttp https://api-bc.wtzw.com/...] DEBUG io.legado.app.model.DebugLog - <-- 200 https://api-bc.wtzw.com/api/v4/book/detail?id=1925970&imei_ip=2937357107&teeny_mode=0&sign=f9e3055ba3d7e4cbdb8f30881b8c14cd (67ms)
21:12:19.871 [OkHttp https://api-bc.wtzw.com/...] DEBUG io.legado.app.model.DebugLog - date: Fri, 14 Aug 2026 13:12:19 GMT
21:12:19.871 [OkHttp https://api-bc.wtzw.com/...] DEBUG io.legado.app.model.DebugLog - content-type: application/json; charset=utf-8
21:12:19.871 [OkHttp https://api-bc.wtzw.com/...] DEBUG io.legado.app.model.DebugLog - set-cookie: acw_tc=2760822b17867131398487956e7d9dcdd29c4bb38d2acce3beef532b699b30;path=/;HttpOnly;Max-Age=1800
21:12:19.871 [OkHttp https://api-bc.wtzw.com/...] DEBUG io.legado.app.model.DebugLog - req-cost-time: 12
21:12:19.871 [OkHttp https://api-bc.wtzw.com/...] DEBUG io.legado.app.model.DebugLog - req-arrive-time: 1786713139852
21:12:19.871 [OkHttp https://api-bc.wtzw.com/...] DEBUG io.legado.app.model.DebugLog - resp-start-time: 1786713139865
21:12:19.871 [OkHttp https://api-bc.wtzw.com/...] DEBUG io.legado.app.model.DebugLog - x-envoy-upstream-service-time: 12
21:12:19.871 [OkHttp https://api-bc.wtzw.com/...] DEBUG io.legado.app.model.DebugLog - content-encoding: gzip
21:12:19.871 [OkHttp https://api-bc.wtzw.com/...] DEBUG io.legado.app.model.DebugLog - vary: Accept-Encoding
21:12:19.871 [OkHttp https://api-bc.wtzw.com/...] DEBUG io.legado.app.model.DebugLog - server: istio-envoy
21:12:19.872 [OkHttp https://api-bc.wtzw.com/...] DEBUG io.legado.app.model.DebugLog - 
21:12:19.872 [OkHttp https://api-bc.wtzw.com/...] DEBUG io.legado.app.model.DebugLog - {"data":{"book":{"image_link":"https://cdn.wtzw.com/bookimg/public/images/cover/5ef0/dc7506c5d331c841b953e6574548b363_360x480.jpg","latest_chapter_id":"17535516701022","latest_chapter_title":"��һǧ���ʮ����  ���","source":"����С˵","source_id":"60","type":"0","id":"1925970","chapter_ver":"5","update_time":"1753551678","title":"��ʬ��","alias_title":"","characters":"����ȱ","author":"�Ǵ���ľ","is_over":"1","dominant_hue":"#353d39","words_num":"2064356","category1":"204","category2":"229","category1_name":"��������","category2_name":"�ֲ�����","category_type":"boy","intro":"���Ӻ����������ݺᡣ\n����֮�²�֪��û����ԩ�꣬���ó�����\nΨ��һ���ˣ�����ˮ�������ꡣ\n�˳ƣ���ʬ�ˡ�","first_chapter_title":"��һ��?ֻҪ3000","first_chapter_content":"��½ˮ·��࣬�ٴ��㺣��\n���б㲻��һЩ�����ն�ĺ�����\n��������������ӵ��κӣ�ˮ���������У�ˮ·���ף����¾�ˮ�Ե�Ӣ�ۺú����޲��ƴ˵�Ϊ����ˮ·��\n������ˣ���Ȼ�кܶ�����ҰӾ����Ҫ����սһ����\nÿ�꣬������������ü������������Ҿ����Ҳ���ʬ�ǡ�\n�ر��ǽ���������������ҵ֮����ߵ���������������ࡣ\n����Ϊ������ҵ�ķ�չ���������������һ������������ֻҪÿ������ʧ������������ʮ�ˣ�����ӣ������κλ���С�\n���Ҹ���Ҹ棬��ô�����ӣ����ɵ��������쿴�š�\n�����ڴ����������Ĵ��ţ����ÿ����������������÷���������\nҲ����ˣ������Ǵ��ӣ��𽥵�����һ����������ְҵ��\n��ʬ�ˡ�\n��ʬ�˵Ĺ�����ְ����������һ����������Ǯȡʬ��Ǳˮ�������κ�����տͻ�������ǰ��������ʬ�������\n�Ͼ����������⣬������������ȫʬ����Ҷ����Ĺ�ء�\n����ǰ����ʬ�˺ܶ඼��ˮ���ŷ��˼�ְ������ˮ�Ժã�����������ְҵ��Ȼ���պܴ�����ȴ�쳣�ߣ����Ǻܶ�ŷ��˶��Ѽ���������˻�������ר�Ÿ����ŵ���\n����������߱�����һ�仰����һʬ����һ�꣬����ү������Ǯ����ǧ�𣬽����š�\n�ڱ��أ�����������ʬ�ˣ������κӵ�����ˮ����ʬ�塣\n�����˲��������κ���������һ���ֲ�ӵ�ʧ�٣��Ǳ�Ȼ��������������\nû���ĸ���ʬ�˸ҽ��������\n�������������ߵ��ˣ��Ǿ�����������ܵظ���������������\n������ʬ�ˣ�ֻҪ˳���Ǹ�ˮ�����밵�����յ���������ģ���û�������ĸ��˻��ܻ�����\n�ö���֮�����������ߵ�ʬ�壬������Ϊ�˹�أ�\n�����ǣ����汲����������Խ�Ĺ�أ�\nȻ�������������Ĺ�أ�ȴ�Ǳ�һ�����˸������ˡ�\n�������ϲ����Ƥñ���麵�̣�������Ǹ���һ����ɫ��������\n���꣬��һ����������ڴ�������Ʒ���\n������������ʬ�壬������һ������\n�����Ϣ�ڱ���˲��ը���˹���\n���Ƕ�˵�����ˡ�\nȻ�����˰��Ű��ɣ����Ǯ����ȥ����һ��ʧ���Ѿõ�ʬ�ǡ�\n��һ��һҹ�����˱㱳��һ����ȫ����������ʬ�����˰���\n��ʱ��ȫ�����ڣ�\n�Ӵˣ������˱����������ߣ��ڶ��˵ĳƺš�\n������ˣ������ҵ�������\n����⣡\n�κӵ�ʬ�壬��һ������̰���ߣ������ߵ�ʬ�ǣ�һ��ȴֻ���̾žߡ�\n��һ�߶����С�\n��û���µ�ʱ�򣬾ͱ��������ؼң�ȡ������ȱ��\n��С����������棬���ۿ����ƻ�������£������Ÿ��񷤣����ϸ���������ڹ���\nһ��һ�����ڶɶ�ȥ��\n������棬һֱ�����ҳ���\n����ʮ�������꣬����Ȼ�����ˣ�������ʬ��������ҹ�����������ڹ���ߣ�ֱ����ڹ�����һֻ�̶���ȥ��\n����˵��һ����������һ��ʮ��ֻ�̶�û�����⣬Ȼ�������ڹ�ȴֻ��һֻ��\n�Ҹо���Щ���Ծ���\n���Ѹճ�����С�ڹ��ݸ��ң��������صذ��������飬һ��һʮ�ĸ������ҡ�\nԭ�����¿�����ʬ�ģ����Ǹ��ף�����������ڹ���\nÿ�����������̳�һ��ʬ�壬����Ҫ��һֻ���̵�����Ϊ���ۡ�\n��ڹ��������⣬һ��ֻ���о�ֻ�̣����Ը���ÿ���ֻ���̾ž�ʬ�塣\n��Ҳ������ô����������ڹ����껳�У�ȴһ̥û�еĸ�Դ��\n����ֻ�ճ�����С�ڹ������Ǵ�ڹ������������������\n����...\n�����ˣ������������Щ���߰�������顣\n���ǣ�������ֻȡ������ĺڹ����㴫���˸��׺ʹ�ڹ��Ĺ��£���Ϊ����Ϊ������ҽ������ߵ���ʬ�ˣ�\n�����Ҷ�ʮ��\nһ����𣬱㱻�������������������������š�\n����ۼ���һȺ�ˣ���ͷ�ģ���һ�����ڡ�\nͨ�����˵����ۣ���֪�������ǵ����֡�\n���˽����������ӽ����ɭ��\n��λվ�ڶ����Աߣ����������µĹ���ң����Ƕ��˵�Ů��������ܷܷ��\n�����á���\n�����Ǿ��˽��ܹ����ġ��������˵������һ�ɹٷ���ζ����\n�������������Ժ��ﹹ�����ʬ�ˣ�����һ�¡����ҵ����񣬳����˾��Ⱥ����档\n�������˵�֪ͨ���ҳ���֪�������ǵ���ݼ�������Ŀ�ġ�\nԭ���������������Ů��������ǰ�����˹���������Ρ�\n��ʱ������ںͿͻ�������ҵ���ܣ���֧������Ů����\n��Ů����׼ʱ����͵͵�ϴ����棬�������ɽ�廬����ӣ��ں��������˾��ˡ�\n�ļ���ˮ����һ���˴������������⣬��ʱһ���˴������Ʒ���һ���ˡ�\n���գ�������Ů�����䲻����СŮ����Ҳ������ܷܷ����һ����ˮ�Ե��˾���\n��ʱ�����Ǹ��׽���ϴ�ֵ�ʱ��ڵ㣬�������Ȼ�Ҳ����˽�ȥ��ʬ��\n���ǣ�һֱ�ȵ��˽�����Ϣ�ų���������������\n����λ...С�磬�ܷ�������߰�����һ�ߺ��ǡ���\n����Ҫ����Ǯ���Ҷ����Ը����������˵����\n��Ƴ��һ������\nüë��Ũ�����ͽ�˶��������˵�����껹����ξ���Ϊ���ҳ�������\n˵ʵ������������������º�����ʬ�ǵģ��Ǻ�����ֻ��ڹ���\n���������\n�ҰѺ���г�����\nֻҪ����Χ���������ߣ����ǷͽУ�����ϸ����Ϣ���Ǿʹ������Ը����������ʬ�塣\n����ܿ�Ӽ���С�ܳ��������������ʱ��ͷ�߼磬ʮ��˧����\nһ���������㶢��������û��һ�������Χ�����ȱ�ϸ��ζ����\n�������������һϲ��˵�����������������3000�ͳɡ���\n˵��ģ�������������Σ�յط���Ҫ������ʮ�򶼲������⡣\n���ǣ����׸���˵����������һ����������Լ��������£�����ܸߣ�����ֻ��3��ͷ��ȡ���ֵ�г���\nȻ����������Ҫ����ݳ�������ȴ��һ㶣�����һ���Ų����ı��顣\n��ֻҪ3000����\n���ԣ�ֻҪ3000�����ҵ��˵�ͷ��\n","first_chapter_id":"17345019770001","second_chapter_id":"17345019770002","chapters":"1022","label":"","statement":"����Ʒ�ɡ�����С˵����Ȩ��è����Ȩ�ɡ�����С˵�������������ʿ���ϵ��fawu@qimao.com�����ڰ����뷴������ϵ����","link":"https://cdn.wtzw.com/bookimg/shuku/book_download/a3/1925970688513401caca_1.zip","attribute":{"leaderboard":"","leaderboard_title":"","leaderboard_jump_url":"","popularity":"2.1","popularity_title":"���������","reading":"1.2","reading_title":"�ڶ�����������","score":"8.4","score_title":"����80%��ͬ����","reading_info_list":["2.1��","����?���������","1157","���ڶ�?�ڶ�����������"],"rank_title":"","rank_jump_url":"","rank_type":""},"is_show_delete_line":"0","chapter_list_desc":"����� ��1022��","update_time_desc":"","category_over_words":"�ֲ�����?���?207����","book_tag_list":[{"id":"806","title":"��������","stat_code":"detail_tag_1_click"},{"id":"27","title":"����","stat_code":"detail_tag_2_click"},{"id":"567","title":"�ֲ�","stat_code":"detail_tag_3_click"},{"id":"758","title":"����","stat_code":"detail_tag_4_click"},{"id":"769","title":"��������","stat_code":"detail_tag_5_click"}],"book_preference":"1","publish_desc_list":[],"share_link":"https://app-share.wtzw.com/app-h5/freebook/article-detail/1925970","share_image_link":""},"comment":{"comment_count":"0","next_id":"","tag_list":[],"comment_list":[],"comment_switch":"1"},"id":"1925970","type":"books","title":"��Ʒ"}}
21:12:19.873 [OkHttp https://api-bc.wtzw.com/...] DEBUG io.legado.app.model.DebugLog - <-- END HTTP (8822-byte, 4920-gzipped-byte body)
21:12:19.873 [main @coroutine#58] INFO io.legado.app.model.DebugLog - sourceUrl: https://api-bc.wtzw.com, msg: �Ի�ȡ�ɹ�:https://api-bc.wtzw.com/api/v4/book/detail?&id=1925970&imei_ip=2937357107&teeny_mode=0&sign=f9e3055ba3d7e4cbdb8f30881b8c14cd,{"headers":{"app-version":"51110","platform":"android","reg":"0","AUTHORIZATION":"","application-id":"com.****.reader","net-env":"1","channel":"unknown","qm-params":"","sign":"fc697243ab534ebaf51d2fa80f251cb4"}}
21:12:19.873 [main @coroutine#58] INFO io.legado.app.model.DebugLog - sourceUrl: https://api-bc.wtzw.com, msg: ��ִ������ҳ��ʼ������
21:12:19.873 [main @coroutine#58] DEBUG com.jayway.jsonpath.internal.path.CompiledPath - Evaluating path: $['data']['book']
21:12:19.874 [main @coroutine#58] INFO io.legado.app.model.DebugLog - sourceUrl: https://api-bc.wtzw.com, msg: ����ȡ����
21:12:19.874 [main @coroutine#58] DEBUG com.jayway.jsonpath.internal.path.CompiledPath - Evaluating path: $['id']
21:12:19.874 [main @coroutine#58] DEBUG com.jayway.jsonpath.internal.path.CompiledPath - Evaluating path: $['title']
21:12:19.874 [main @coroutine#58] INFO io.legado.app.model.DebugLog - sourceUrl: https://api-bc.wtzw.com, msg: ����ʬ��
21:12:19.874 [main @coroutine#58] INFO io.legado.app.model.DebugLog - sourceUrl: https://api-bc.wtzw.com, msg: ����ȡ����
21:12:19.874 [main @coroutine#58] DEBUG com.jayway.jsonpath.internal.path.CompiledPath - Evaluating path: $['author']
21:12:19.874 [main @coroutine#58] INFO io.legado.app.model.DebugLog - sourceUrl: https://api-bc.wtzw.com, msg: ���Ǵ���ľ
21:12:19.874 [main @coroutine#58] INFO io.legado.app.model.DebugLog - sourceUrl: https://api-bc.wtzw.com, msg: ����ȡ����
21:12:19.875 [main @coroutine#58] DEBUG com.jayway.jsonpath.internal.path.CompiledPath - Evaluating path: $['update_time']
21:12:19.875 [main @coroutine#58] INFO io.legado.app.model.DebugLog - sourceUrl: https://api-bc.wtzw.com, msg: ��2025/07/27
21:12:19.875 [main @coroutine#58] INFO io.legado.app.model.DebugLog - sourceUrl: https://api-bc.wtzw.com, msg: ����ȡ����
21:12:19.875 [main @coroutine#58] DEBUG com.jayway.jsonpath.internal.path.CompiledPath - Evaluating path: $['words_num']
21:12:19.875 [main @coroutine#58] INFO io.legado.app.model.DebugLog - sourceUrl: https://api-bc.wtzw.com, msg: ��206.4����
21:12:19.875 [main @coroutine#58] INFO io.legado.app.model.DebugLog - sourceUrl: https://api-bc.wtzw.com, msg: ����ȡ�����½�
21:12:19.875 [main @coroutine#58] DEBUG com.jayway.jsonpath.internal.path.CompiledPath - Evaluating path: $['latest_chapter_title']
21:12:19.875 [main @coroutine#58] INFO io.legado.app.model.DebugLog - sourceUrl: https://api-bc.wtzw.com, msg: ����һǧ���ʮ����  ���
21:12:19.875 [main @coroutine#58] INFO io.legado.app.model.DebugLog - sourceUrl: https://api-bc.wtzw.com, msg: ����ȡ���
21:12:19.875 [main @coroutine#58] DEBUG com.jayway.jsonpath.internal.path.CompiledPath - Evaluating path: $['intro']
21:12:19.875 [main @coroutine#58] DEBUG com.jayway.jsonpath.internal.path.CompiledPath - Evaluating path: $['book_tag_list'][*]['title']
21:12:19.875 [main @coroutine#58] INFO io.legado.app.model.DebugLog - sourceUrl: https://api-bc.wtzw.com, msg: ����������??   ��������,����,�ֲ�,����,��������
����?
�������Ӻ����������ݺᡣ
��������֮�²�֪��û����ԩ�꣬���ó�����
����Ψ��һ���ˣ�����ˮ�������ꡣ
�����˳ƣ���ʬ�ˡ�
����
21:12:19.875 [main @coroutine#58] INFO io.legado.app.model.DebugLog - sourceUrl: https://api-bc.wtzw.com, msg: ����ȡ��������
21:12:19.875 [main @coroutine#58] DEBUG com.jayway.jsonpath.internal.path.CompiledPath - Evaluating path: $['image_link']
21:12:19.875 [main @coroutine#58] INFO io.legado.app.model.DebugLog - sourceUrl: https://api-bc.wtzw.com, msg: ��https://cdn.wtzw.com/bookimg/public/images/cover/5ef0/dc7506c5d331c841b953e6574548b363_360x480.jpg
21:12:19.875 [main @coroutine#58] INFO io.legado.app.model.DebugLog - sourceUrl: https://api-bc.wtzw.com, msg: ����ȡĿ¼����
21:12:19.876 [main @coroutine#58] DEBUG com.jayway.jsonpath.internal.path.CompiledPath - Evaluating path: $['id']
21:12:19.876 [main @coroutine#58] INFO io.legado.app.model.DebugLog - sourceUrl: https://api-bc.wtzw.com, msg: ��https://api-ks.wtzw.com/api/v1/chapter/chapter-list?&id=1925970&sign=8ba25f8d0da796470f43acadaf53dc61,
21:12:19.876 [main] INFO cn.kong.app.model.NovelSourceTest -   ����: ��ʬ�� | ����: �Ǵ���ľ
21:12:19.876 [main] INFO cn.kong.app.model.NovelSourceTest -   ���: ��������??   ��������,����,�ֲ�,����,��������
����?
�������Ӻ����������ݺᡣ
��������֮�²�֪��û����ԩ�꣬���ó�����
����Ψ��һ���ˣ�����ˮ�������ꡣ
�����˳ƣ���ʬ�ˡ�
����
21:12:19.876 [main] INFO cn.kong.app.model.NovelSourceTest -   --- Step 3: ��ȡĿ¼ ---
21:12:19.877 [OkHttp https://api-ks.wtzw.com/...] DEBUG io.legado.app.model.DebugLog - --> GET https://api-ks.wtzw.com/api/v1/chapter/chapter-list?id=1925970&sign=8ba25f8d0da796470f43acadaf53dc61, h2
21:12:19.877 [OkHttp https://api-ks.wtzw.com/...] DEBUG io.legado.app.model.DebugLog - User-Agent: Mozilla/5.0 (Windows NT 10.0; Win64; x64) AppleWebKit/537.36 (KHTML, like Gecko) Chrome/75.0.3770.142 Safari/537.36
21:12:19.877 [OkHttp https://api-ks.wtzw.com/...] DEBUG io.legado.app.model.DebugLog - Keep-Alive: 300
21:12:19.877 [OkHttp https://api-ks.wtzw.com/...] DEBUG io.legado.app.model.DebugLog - Connection: Keep-Alive
21:12:19.877 [OkHttp https://api-ks.wtzw.com/...] DEBUG io.legado.app.model.DebugLog - Cache-Control: no-cache
21:12:19.877 [OkHttp https://api-ks.wtzw.com/...] DEBUG io.legado.app.model.DebugLog - Host: api-ks.wtzw.com
21:12:19.877 [OkHttp https://api-ks.wtzw.com/...] DEBUG io.legado.app.model.DebugLog - Accept-Encoding: gzip
21:12:19.877 [OkHttp https://api-ks.wtzw.com/...] DEBUG io.legado.app.model.DebugLog - --> END GET
21:12:19.932 [OkHttp https://api-ks.wtzw.com/...] DEBUG io.legado.app.model.DebugLog - <-- 200 https://api-ks.wtzw.com/api/v1/chapter/chapter-list?id=1925970&sign=8ba25f8d0da796470f43acadaf53dc61, (55ms)
21:12:19.932 [OkHttp https://api-ks.wtzw.com/...] DEBUG io.legado.app.model.DebugLog - content-type: application/json; charset=utf-8
21:12:19.932 [OkHttp https://api-ks.wtzw.com/...] DEBUG io.legado.app.model.DebugLog - date: Fri, 14 Aug 2026 13:12:19 GMT
21:12:19.932 [OkHttp https://api-ks.wtzw.com/...] DEBUG io.legado.app.model.DebugLog - content-length: 131
21:12:19.932 [OkHttp https://api-ks.wtzw.com/...] DEBUG io.legado.app.model.DebugLog - req-cost-time: 1
21:12:19.932 [OkHttp https://api-ks.wtzw.com/...] DEBUG io.legado.app.model.DebugLog - req-arrive-time: 1786713139916
21:12:19.932 [OkHttp https://api-ks.wtzw.com/...] DEBUG io.legado.app.model.DebugLog - resp-start-time: 1786713139918
21:12:19.932 [OkHttp https://api-ks.wtzw.com/...] DEBUG io.legado.app.model.DebugLog - x-envoy-upstream-service-time: 1
21:12:19.932 [OkHttp https://api-ks.wtzw.com/...] DEBUG io.legado.app.model.DebugLog - server: istio-envoy
21:12:19.932 [OkHttp https://api-ks.wtzw.com/...] DEBUG io.legado.app.model.DebugLog - 
21:12:19.932 [OkHttp https://api-ks.wtzw.com/...] DEBUG io.legado.app.model.DebugLog - {"errors":{"id":"0","code":"44010120","level":"1","status":"200","title":"��ǩʧ��","popup_title":"","details":"��ǩʧ��"}}
21:12:19.932 [OkHttp https://api-ks.wtzw.com/...] DEBUG io.legado.app.model.DebugLog - <-- END HTTP (131-byte body)
21:12:19.932 [main @coroutine#59] INFO io.legado.app.model.DebugLog - sourceUrl: https://api-bc.wtzw.com, msg: �Ի�ȡ�ɹ�:https://api-ks.wtzw.com/api/v1/chapter/chapter-list?&id=1925970&sign=8ba25f8d0da796470f43acadaf53dc61,
21:12:19.932 [main @coroutine#59] INFO io.legado.app.model.DebugLog - sourceUrl: https://api-bc.wtzw.com, msg: ����ȡĿ¼�б�
21:12:19.933 [main @coroutine#59] DEBUG com.jayway.jsonpath.internal.path.CompiledPath - Evaluating path: $['data']['chapter_lists']
com.jayway.jsonpath.PathNotFoundException: Missing property in path $['data']
21:12:19.933 [main @coroutine#59] INFO io.legado.app.model.DebugLog - sourceUrl: https://api-bc.wtzw.com, msg: ���б��С:0
21:12:19.933 [main] ERROR cn.kong.app.model.NovelSourceTest -   �ؼ��� [��ʬ��] ���������쳣: Ŀ¼Ϊ��
io.legado.app.exception.TocEmptyException: Ŀ¼Ϊ��
21:12:19.933 [main] INFO cn.kong.app.model.NovelSourceTest - 
  -------- �ؼ��� [˭�������ɵ�] --------
21:12:19.933 [main] INFO cn.kong.app.model.NovelSourceTest -   --- Step 1: ���� [˭�������ɵ�] ---
21:12:19.935 [OkHttp https://api-bc.wtzw.com/...] DEBUG io.legado.app.model.DebugLog - --> GET https://api-bc.wtzw.com/api/v5/search/words?gender=3&imei_ip=2937357107&page=1&wd=%E8%B0%81%E8%AE%A9%E4%BB%96%E4%BF%AE%E4%BB%99%E7%9A%84&sign=fd41befc57558408f9ff7741449b54aa h2
21:12:19.935 [OkHttp https://api-bc.wtzw.com/...] DEBUG io.legado.app.model.DebugLog - net-env: 1
21:12:19.935 [OkHttp https://api-bc.wtzw.com/...] DEBUG io.legado.app.model.DebugLog - reg: 0
21:12:19.935 [OkHttp https://api-bc.wtzw.com/...] DEBUG io.legado.app.model.DebugLog - User-Agent: Mozilla/5.0 (Windows NT 10.0; Win64; x64) AppleWebKit/537.36 (KHTML, like Gecko) Chrome/75.0.3770.142 Safari/537.36
21:12:19.935 [OkHttp https://api-bc.wtzw.com/...] DEBUG io.legado.app.model.DebugLog - channel: unknown
21:12:19.935 [OkHttp https://api-bc.wtzw.com/...] DEBUG io.legado.app.model.DebugLog - sign: fc697243ab534ebaf51d2fa80f251cb4
21:12:19.935 [OkHttp https://api-bc.wtzw.com/...] DEBUG io.legado.app.model.DebugLog - platform: android
21:12:19.935 [OkHttp https://api-bc.wtzw.com/...] DEBUG io.legado.app.model.DebugLog - AUTHORIZATION: 
21:12:19.935 [OkHttp https://api-bc.wtzw.com/...] DEBUG io.legado.app.model.DebugLog - application-id: com.****.reader
21:12:19.935 [OkHttp https://api-bc.wtzw.com/...] DEBUG io.legado.app.model.DebugLog - app-version: 51110
21:12:19.935 [OkHttp https://api-bc.wtzw.com/...] DEBUG io.legado.app.model.DebugLog - qm-params: 
21:12:19.935 [OkHttp https://api-bc.wtzw.com/...] DEBUG io.legado.app.model.DebugLog - Keep-Alive: 300
21:12:19.935 [OkHttp https://api-bc.wtzw.com/...] DEBUG io.legado.app.model.DebugLog - Connection: Keep-Alive
21:12:19.935 [OkHttp https://api-bc.wtzw.com/...] DEBUG io.legado.app.model.DebugLog - Cache-Control: no-cache
21:12:19.935 [OkHttp https://api-bc.wtzw.com/...] DEBUG io.legado.app.model.DebugLog - Host: api-bc.wtzw.com
21:12:19.935 [OkHttp https://api-bc.wtzw.com/...] DEBUG io.legado.app.model.DebugLog - Accept-Encoding: gzip
21:12:19.935 [OkHttp https://api-bc.wtzw.com/...] DEBUG io.legado.app.model.DebugLog - --> END GET
21:12:20.158 [OkHttp https://api-bc.wtzw.com/...] DEBUG io.legado.app.model.DebugLog - <-- 200 https://api-bc.wtzw.com/api/v5/search/words?gender=3&imei_ip=2937357107&page=1&wd=%E8%B0%81%E8%AE%A9%E4%BB%96%E4%BF%AE%E4%BB%99%E7%9A%84&sign=fd41befc57558408f9ff7741449b54aa (222ms)
21:12:20.158 [OkHttp https://api-bc.wtzw.com/...] DEBUG io.legado.app.model.DebugLog - date: Fri, 14 Aug 2026 13:12:20 GMT
21:12:20.158 [OkHttp https://api-bc.wtzw.com/...] DEBUG io.legado.app.model.DebugLog - content-type: application/json; charset=utf-8
21:12:20.158 [OkHttp https://api-bc.wtzw.com/...] DEBUG io.legado.app.model.DebugLog - set-cookie: acw_tc=2760822b17867131399797962e7d9de23aeb3ce7c4023cfd7ecaf6c6b5c84d;path=/;HttpOnly;Max-Age=1800
21:12:20.158 [OkHttp https://api-bc.wtzw.com/...] DEBUG io.legado.app.model.DebugLog - req-cost-time: 167
21:12:20.158 [OkHttp https://api-bc.wtzw.com/...] DEBUG io.legado.app.model.DebugLog - req-arrive-time: 1786713139982
21:12:20.158 [OkHttp https://api-bc.wtzw.com/...] DEBUG io.legado.app.model.DebugLog - resp-start-time: 1786713140149
21:12:20.158 [OkHttp https://api-bc.wtzw.com/...] DEBUG io.legado.app.model.DebugLog - x-envoy-upstream-service-time: 166
21:12:20.158 [OkHttp https://api-bc.wtzw.com/...] DEBUG io.legado.app.model.DebugLog - content-encoding: gzip
21:12:20.158 [OkHttp https://api-bc.wtzw.com/...] DEBUG io.legado.app.model.DebugLog - vary: Accept-Encoding
21:12:20.158 [OkHttp https://api-bc.wtzw.com/...] DEBUG io.legado.app.model.DebugLog - server: istio-envoy
21:12:20.158 [OkHttp https://api-bc.wtzw.com/...] DEBUG io.legado.app.model.DebugLog - 
21:12:20.158 [OkHttp https://api-bc.wtzw.com/...] DEBUG io.legado.app.model.DebugLog - {"data":{"id":"","type":"search_result","title":"�������","meta":{"books_click":"","page":"0","total_page":"50"},"categories":[],"tags":[],"books":[{"intro":"����������������ĳ��磬�ڱ��̲���÷�����������޷�ʤ������ǰ������������ϵͳ��\n�������������ɣ�������Ѫ���޵С�\n���±��ͣ�һ���ݺ�ѧԺ�޵У�\n��ʲô����˵�������޵У�������������һȭ����\n��ʲô����˵�����Ѫ�纣�����㿴���ҵ���Ѫ���ҵ�һ��Ѫ����һ�����棡��\n�����˻������������ʱ�򣬳�������̤�������ɵ�·;��\n�����ǻ���Ŭ������������ͨ�����ˣ�����\n����\n�����ð��ţ�һ��С���޵������ˡ���","characters":"��Ҫ�������","ptags":"�Զ�,����,ϵͳ,��Ѫ,��Խ,����,����","words_num":"92747","author":"�ߵ�\u003cfont color='#ff4242'\u003e��\u003c/font\u003e��","id":"1879528","score":"8.4","image_link":"https://cdn.wtzw.com/bookimg/public/images/cover/9bf3/71f18e859a0a8ce506068cea99d96c29_216x288.jpg","title":"�������磺\u003cfont color='#ff4242'\u003e˭\u003c/font\u003e\u003cfont color='#ff4242'\u003e��\u003c/font\u003e\u003cfont color='#ff4242'\u003e��\u003c/font\u003e\u003cfont color='#ff4242'\u003e��\u003c/font\u003e\u003cfont color='#ff4242'\u003e��\u003c/font\u003e\u003cfont color='#ff4242'\u003e��\u003c/font\u003e��","alias_title":"","schema_baidu":"","download_url":"","data_source":"qimao","match_flag":"0","original_title":"�������磺˭�������ɵģ�","original_alias_title":"","original_author":"�ߵߵı�","type":"0","title_tag":""},{"intro":"����������꣬���������һ���ӣ�\n��ʮ���ˣ�һ���޳ɣ���ս���������б�ҵ������ѡ�񵱱���\n�����±�ϵͳ����ɹ�\n������5\n�ٶȣ�5.3\n����\n�츳��������־���ճ���⿡��������ס�����ʳ�׾��ܻ�����Լӳɡ���\n�ξ�������������գ�˳�������˴��±���������ϵͳ�ĸ���������һ�����±�������\n��ʲô�������±����¼��ž����������һ��������\n���˳����ݰɣ������ĸ�Ӫ������ֻʣ�²���һ�ٺ����ˡ���\n�����棬���ŵ�һ�����±�ռ��������ָ�Ӳ�����\n����\n���׳����ͬ��������˭���������±��ģ���","characters":"��Ҫ�����ս","ptags":"���ֱ�,ϵͳ,��Ѫ,����,����,����","words_num":"2020456","author":"���˳ٵ�","id":"10077291","score":"9.1","image_link":"https://cdn.wtzw.com/bookimg/public/images/cover/f0e5/c93b7964356e64a3e78fa6904117e530_216x288.jpg","title":"\u003cfont color='#ff4242'\u003e˭\u003c/font\u003e\u003cfont color='#ff4242'\u003e��\u003c/font\u003e\u003cfont color='#ff4242'\u003e��\u003c/font\u003e�����±�\u003cfont color='#ff4242'\u003e��\u003c/font\u003e��","alias_title":"","schema_baidu":"","download_url":"","data_source":"qimao","match_flag":"0","original_title":"˭���������±��ģ�","original_alias_title":"","original_author":"���˳ٵ�","type":"0","title_tag":""},{"intro":"�����ô����ɽ������ô�������η嵱���Ҳ�ܺ�ţ���㲻�����𣿾�ϲ���㿴�������ָɲ����ҵ����ӡ���\n�ᵤ���˲������һ���˵���������棡�����η��������ǿ�����ֵ����ɽ緭��Ϊ�ƣ�\n���η���ţ�����ȭͷ�������������ϻ���","characters":"","ptags":"����","words_num":"103121","author":"��ת\u003cfont color='#ff4242'\u003e��\u003c/font\u003e����","id":"11583246","score":"9.2","image_link":"https://cdn.wtzw.com/bookimg/public/images/cover/69cb7e4917903_216x288.jpg","title":"����\u003cfont color='#ff4242'\u003e��\u003c/font\u003e\u003cfont color='#ff4242'\u003e��\u003c/font\u003e��","alias_title":"","schema_baidu":"","download_url":"","data_source":"qimao","match_flag":"0","original_title":"�������ɴ�","original_alias_title":"","original_author":"��ת������","type":"0","title_tag":""},{"intro":"���굱�����������������ҳ���ȫ�����õ�Ц����\r\n��һ�����ϴ�ͱ���ү�ӵ绰ק�������ڶ��������������������ӻ�¯����һ�Σ�ȫ��ǩ�ַ��ˣ����鱨������£�������ת�����ˡ��������ڹ����ˡ�\r\n�������ͻ�û���ǣ�������ˡ���һ����\r\n������ϵͳ�󶨳ɹ�������������������Ϊ���۾��ˡ���ǰ״̬���Ǿ��ˡ�����ʧ�ܡ���\r\n����īˮû�ɣ��˻����ȵģ�ϵͳ�����������ý���ָ������ȥ������\r\n������������ص��ҵĵ�һ�ٷ�����ү�Ӷ����´ɲ�ף���Ƥ��û̧������ŷ��ˣ�������С�š��������ף����ǰ�ѻ��°��ˣ����������Դ�����\r\nһ���Ǳ��������ϵͳ��һ���Ǳ���������ӵ�үү��\r\n���Ҽ����м䷢��һ�����ٵ�����ʵ����ǰ�����ܻ�ȥȫ����ϵӲ������һ�Σ�������ϵͳ��������Ѿ�����ע���ˡ�\r\n���뵱�����������ˡ�\r\n�������飬ȫ�Ұ����Դ������ᡣ\r\nϵͳ����ʱ��������ү�ӵĲ�������Ͽġ��¼����ȴ��ţ����񲻴���Ϊ���ٿ��ڶ����ˡ�\r\n���Ǹ���ҽ���ҵ�������壬����Ҳ��̫���������","characters":"��Ҫ�������,������","ptags":"��Ϯ,��Ѫ,����,����,����","words_num":"155603","author":"СѽС��ͷ","id":"12819390","score":"9.2","image_link":"https://cdn.wtzw.com/bookimg/public/images/cover/a3c6/ddaa664914715c7a90caf2dd72194606_216x288.jpg","title":"\u003cfont color='#ff4242'\u003e˭\u003c/font\u003e\u003cfont color='#ff4242'\u003e��\u003c/font\u003e\u003cfont color='#ff4242'\u003e��\u003c/font\u003e�ٴ�����\u003cfont color='#ff4242'\u003e��\u003c/font\u003e��","alias_title":"","schema_baidu":"","download_url":"","data_source":"qimao","match_flag":"0","original_title":"˭�����ٴ�����ģ�","original_alias_title":"","original_author":"СѽС��ͷ","type":"0","title_tag":""},{"intro":"������2���߶�����ľ�ƷС˵���ɷ����Ķ���\nľҶ52�ꡣ\n��ս�������Ĵ���Ӱ�򸾼ݺ���ȥ��������Ҳ�����ľҶ��\n����ҩʦ����ë���Լ���ʱ���Ų�һ�������������꣬�����Լ���һ��ϵͳ�����������뵽�˳�˼֮�С�\n.......\n����󣬲�֪�������˷�����ŭ����˭��˭���������ߵģ���","characters":"","ptags":"�������,��Խ,����","words_num":"1350201","author":"����\u003cfont color='#ff4242'\u003e��\u003c/font\u003e�ܾ�����","id":"10070052","score":"8.6","image_link":"https://cdn.wtzw.com/bookimg/public/images/cover/f0e5/eaad404476cea9cdb4662a1349c00827_216x288.png","title":"��Ӱ��\u003cfont color='#ff4242'\u003e˭\u003c/font\u003e\u003cfont color='#ff4242'\u003e��\u003c/font\u003e\u003cfont color='#ff4242'\u003e��\u003c/font\u003e������\u003cfont color='#ff4242'\u003e��\u003c/font\u003e","alias_title":"","schema_baidu":"","download_url":"","data_source":"qimao","match_flag":"0","original_title":"��Ӱ��˭���������ߵ�","original_alias_title":"","original_author":"����ĺܾ�����","type":"0","title_tag":""},{"intro":"����˫�����ӵ���ߣ���������Ϊ����Ļƽ�֮�ı�����꣬�������ܹ��Զ�������꣬�����������ױȵĻ굼ʦ�츳��\nʷ����ѧԺ�����뵽����������Ϊ��������ʷ����֮�����˵ĳ����Ѿ���ʼת����\n����һ�꼶�����������������Ժ�������Ժ��ħ���ĳƺţ�\n����ʱ�䣬�����Ժ�޵��֣���ѹͬ����\n����ʱ�䣬ʷ����ѧԺ��ѧ������ʦ��������ս��һ���飡\n����ʷ�����˱����˭������ʷ���˵ģ�\n��ˬ�ģ���ϲ���룩","characters":"��Ҫ�������","ptags":"��Ů��,��Խ,ˬ��,���,����ָ","words_num":"3576488","author":"�Ա��¶�4","id":"10077255","score":"9.2","image_link":"https://cdn.wtzw.com/bookimg/public/images/cover/f0e5/09c35acbadc7ad7cc59e55d42d78d800_216x288.jpg","title":"���޾�����\u003cfont color='#ff4242'\u003e˭\u003c/font\u003e\u003cfont color='#ff4242'\u003e��\u003c/font\u003e\u003cfont color='#ff4242'\u003e��\u003c/font\u003e��ʷ����\u003cfont color='#ff4242'\u003e��\u003c/font\u003e��","alias_title":"","schema_baidu":"","download_url":"","data_source":"qimao","match_flag":"0","original_title":"���޾�����˭������ʷ���˵ģ�","original_alias_title":"","original_author":"�Ա��¶�4","type":"0","title_tag":""},{"intro":"���㽪Ϭ������󴩽�����磬���˸�����ϵͳ��\nϵͳ����ʮ���ڰ��붥�����ţ�����Ĩɱ��\n��Ϭ�㣺�����Ҿ��\n�����ȿ��ޣ��ѱ����ǻ۶����ڡ�������ý��п������ǳ�Ŭ�����ϡ�\n���ڣ����������������֮һ��ɽ��ǰ��\ņͷһ�������ŵ��գ����ս�ɢ��\nϵͳ����ʱ�����ڼ���˻����\n��Ϭ�㿴������ĥͺ�˵�ľ���͡�Ŭ������ʮ�ꡱ�ıʼǣ���ǰһ�ڡ�\n#˵�õ�Ŭ�����лر���\n#����������һ��Ҳ������ȥ��\n��ϵͳ�������㡿�����ھ�����������","characters":"��Ҫ�����Ϭ��","ptags":"����,����,����,����,ϵͳ,��Խ,���,��������","words_num":"247035","author":"�Ͻ���������","id":"10117383","score":"8.0","image_link":"https://cdn.wtzw.com/bookimg/public/images/cover/298f/11eb94fc10c8db161ca338ca04874b3a_216x288.jpg","title":"\u003cfont color='#ff4242'\u003e˭\u003c/font\u003e\u003cfont color='#ff4242'\u003e��\u003c/font\u003e����ô\u003cfont color='#ff4242'\u003e��\u003c/font\u003e\u003cfont color='#ff4242'\u003e��\u003c/font\u003e\u003cfont color='#ff4242'\u003e��\u003c/font\u003e��","alias_title":"","schema_baidu":"","download_url":"","data_source":"qimao","match_flag":"0","original_title":"˭������ô���ɵģ�","original_alias_title":"","original_author":"�Ͻ���������","type":"0","title_tag":""},{"intro":"������Խ���ɽ磬���˱��˻����ļ���ϲ�������������ѱ�ϵͳ��\nֻҪ���˺��Ƴ����ߣ��Է�ͻ�ơ���©�������ܻ���ʮ������������\n����ͻ���������㣬�����ٱ���Ϊ�ඥ��ֱ��������\n���ߵ������µò�ȱ�������������Ϲ��ɾ�����������������\n��������һ˿�������⣬�����򽣹��ڣ�\n���ɽ���Դȫ��������¢�ϣ��ײ���ʿһ��ֻ�ܵ��ڻ����ۣ�\n����վ�ϸ�̨����һ����\n���������������죬�ŵ�ʦ�������ƾ֣�������ǿ���ѱ��������\n����ײ���ʿ��ۣ��ߺ���ʦ��¼����������Ը�����ÿ�����·��","characters":"��Ҫ�������","ptags":"����Ի�,��Ϯ,������,����,ϵͳ,��Խ,ˬ��,����","words_num":"355646","author":"���Լ����\u003cfont color='#ff4242'\u003e��\u003c/font\u003e����","id":"12828039","score":"8.0","image_link":"https://cdn.wtzw.com/bookimg/public/images/cover/6942/62c1960f3fcb29d61d00d092dd16773d_216x288.jpg","title":"\u003cfont color='#ff4242'\u003e˭\u003c/font\u003e\u003cfont color='#ff4242'\u003e��\u003c/font\u003e����ɹ�ѧ��ʦ\u003cfont color='#ff4242'\u003e��\u003c/font\u003e\u003cfont color='#ff4242'\u003e��\u003c/font\u003e\u003cfont color='#ff4242'\u003e��\u003c/font\u003e��","alias_title":"","schema_baidu":"","download_url":"","data_source":"qimao","match_flag":"0","original_title":"˭������ɹ�ѧ��ʦ���ɵģ�","original_alias_title":"","original_author":"���Լ���������","type":"0","title_tag":""},{"intro":"���裬����ȥ���ӵ�������\n��������壬�������ٹ�����ο����̾��˵�����������˵����\n------\n�����ҵ��ո�ս����������Ҫ�����һ���һ���СС�Ļ����𺳣���\n�ֳ�30mm���ջ��ڣ����ż翹���ڣ������׵׻���ս���ֲ�ɱ����\n���Է������ú˵����ҷ�����������������","characters":"��Ҫ���������","ptags":"ɱ������,��������,��Ϯ,ˬ��,����,����","words_num":"1117902","author":"�೤�Ҳ���","id":"10067886","score":"9.3","image_link":"https://cdn.wtzw.com/bookimg/public/images/cover/f0e5/d27c273defda52b6bb1eb9a0ec61dc41_216x288.png","title":"��������壬\u003cfont color='#ff4242'\u003e˭\u003c/font\u003e\u003cfont color='#ff4242'\u003e��\u003c/font\u003e\u003cfont color='#ff4242'\u003e��\u003c/font\u003e����\u003cfont color='#ff4242'\u003e��\u003c/font\u003e��","alias_title":"","schema_baidu":"","download_url":"","data_source":"qimao","match_flag":"0","original_title":"��������壬˭���������ģ�","original_alias_title":"","original_author":"�೤�Ҳ���","type":"0","title_tag":""},{"intro":"�Ŵ���������ˬ�ģ���������ת��������һ����Я������������\n��ͥ�����һ�����ģ���������Ϊ���ɶ𶯷��Ĵ���棬�����һͬ�����·����١�\nת��Ϊ���������Σ����������츳������ʮ�����н�Ԫ��״Ԫ����̤��;������˫ȫ���˵У�ƽ���ҡ����ɱ��������ܣ�ƾһ�����һ·����������ة�࣬��κ��������˼������ٻ���\n��������λת���ɶ���֪����ϲ����Ե����ӵ�ұ��������ڲ࣬����Բ����\n�ٻ�֮�۵ø��˵㻯������ǰ���ɼ�����Ȼ�ǹٹ�����Я����Ǳ�����棬���ƾ��õ���ȫԱ�����ط���ͥ������ǧ����Ե��\nһ·���ң����ˡ��һ��ˡ����������գ����������ˬ�ĵı��漶�򿪷�ʽ��","characters":"","ptags":"����","words_num":"249732","author":"������","id":"12373974","score":"9.2","image_link":"https://cdn.wtzw.com/bookimg/public/images/cover/6a291e2ddb7a9_216x288.jpg","title":"����\u003cfont color='#ff4242'\u003e��\u003c/font\u003e\u003cfont color='#ff4242'\u003e��\u003c/font\u003e��","alias_title":"","schema_baidu":"","download_url":"","data_source":"qimao","match_flag":"0","original_title":"�������ɴ�","original_alias_title":"","original_author":"������","type":"0","title_tag":""}]}}
21:12:20.158 [OkHttp https://api-bc.wtzw.com/...] DEBUG io.legado.app.model.DebugLog - <-- END HTTP (14223-byte, 5833-gzipped-byte body)
21:12:20.159 [main @coroutine#60] INFO io.legado.app.model.DebugLog - sourceUrl: https://api-bc.wtzw.com, msg: �Ի�ȡ�ɹ�:/api/v5/search/words?&gender=3&imei_ip=2937357107&page=1&wd=%E8%B0%81%E8%AE%A9%E4%BB%96%E4%BF%AE%E4%BB%99%E7%9A%84&sign=fd41befc57558408f9ff7741449b54aa,{"headers":{"app-version":"51110","platform":"android","reg":"0","AUTHORIZATION":"","application-id":"com.****.reader","net-env":"1","channel":"unknown","qm-params":"","sign":"fc697243ab534ebaf51d2fa80f251cb4"}}
21:12:20.159 [main @coroutine#60] INFO io.legado.app.model.DebugLog - sourceUrl: https://api-bc.wtzw.com, msg: ����ȡ�鼮�б�
21:12:20.159 [main @coroutine#60] DEBUG com.jayway.jsonpath.internal.path.CompiledPath - Evaluating path: $['data']['books']
21:12:20.160 [main @coroutine#60] INFO io.legado.app.model.DebugLog - sourceUrl: https://api-bc.wtzw.com, msg: ���б��С:10
21:12:20.160 [main @coroutine#60] INFO io.legado.app.model.DebugLog - sourceUrl: https://api-bc.wtzw.com, msg: ����ȡ����
21:12:20.160 [main @coroutine#60] DEBUG com.jayway.jsonpath.internal.path.CompiledPath - Evaluating path: $['original_title']
21:12:20.160 [main @coroutine#60] INFO io.legado.app.model.DebugLog - sourceUrl: https://api-bc.wtzw.com, msg: ���������磺˭�������ɵģ�
21:12:20.160 [main @coroutine#60] INFO io.legado.app.model.DebugLog - sourceUrl: https://api-bc.wtzw.com, msg: ����ȡ����
21:12:20.160 [main @coroutine#60] DEBUG com.jayway.jsonpath.internal.path.CompiledPath - Evaluating path: $['original_author']
21:12:20.160 [main @coroutine#60] INFO io.legado.app.model.DebugLog - sourceUrl: https://api-bc.wtzw.com, msg: ���ߵߵı�
21:12:20.160 [main @coroutine#60] INFO io.legado.app.model.DebugLog - sourceUrl: https://api-bc.wtzw.com, msg: ����ȡ����
21:12:20.160 [main @coroutine#60] INFO io.legado.app.model.DebugLog - sourceUrl: https://api-bc.wtzw.com, msg: ��null
21:12:20.160 [main @coroutine#60] INFO io.legado.app.model.DebugLog - sourceUrl: https://api-bc.wtzw.com, msg: ����ȡ����
21:12:20.160 [main @coroutine#60] DEBUG com.jayway.jsonpath.internal.path.CompiledPath - Evaluating path: $['words_num']
21:12:20.160 [main @coroutine#60] INFO io.legado.app.model.DebugLog - sourceUrl: https://api-bc.wtzw.com, msg: ��9.3����
21:12:20.160 [main @coroutine#60] INFO io.legado.app.model.DebugLog - sourceUrl: https://api-bc.wtzw.com, msg: ����ȡ�����½�
21:12:20.160 [main @coroutine#60] INFO io.legado.app.model.DebugLog - sourceUrl: https://api-bc.wtzw.com, msg: ��
21:12:20.160 [main @coroutine#60] INFO io.legado.app.model.DebugLog - sourceUrl: https://api-bc.wtzw.com, msg: ����ȡ���
21:12:20.160 [main @coroutine#60] DEBUG com.jayway.jsonpath.internal.path.CompiledPath - Evaluating path: $['intro']
21:12:20.160 [main @coroutine#60] DEBUG com.jayway.jsonpath.internal.path.CompiledPath - Evaluating path: $['ptags']
21:12:20.160 [main @coroutine#60] INFO io.legado.app.model.DebugLog - sourceUrl: https://api-bc.wtzw.com, msg: ��?? �Զ�,����,ϵͳ,��Ѫ,��Խ,����,����
��������������������ĳ��磬�ڱ��̲���÷�����������޷�ʤ������ǰ������������ϵͳ��
�����������������ɣ�������Ѫ���޵С�
�������±��ͣ�һ���ݺ�ѧԺ�޵У�
������ʲô����˵�������޵У�������������һȭ����
������ʲô����˵�����Ѫ�纣�����㿴���ҵ���Ѫ���ҵ�һ��Ѫ����һ�����棡��
���������˻������������ʱ�򣬳�������̤�������ɵ�·;��
���������ǻ���Ŭ������������ͨ�����ˣ�����
��������
���������ð��ţ�һ��С���޵������ˡ���
21:12:20.160 [main @coroutine#60] INFO io.legado.app.model.DebugLog - sourceUrl: https://api-bc.wtzw.com, msg: ����ȡ��������
21:12:20.160 [main @coroutine#60] DEBUG com.jayway.jsonpath.internal.path.CompiledPath - Evaluating path: $['image_link']
21:12:20.160 [main @coroutine#60] INFO io.legado.app.model.DebugLog - sourceUrl: https://api-bc.wtzw.com, msg: ��https://cdn.wtzw.com/bookimg/public/images/cover/9bf3/71f18e859a0a8ce506068cea99d96c29_216x288.jpg
21:12:20.160 [main @coroutine#60] INFO io.legado.app.model.DebugLog - sourceUrl: https://api-bc.wtzw.com, msg: ����ȡ����ҳ����
21:12:20.160 [main @coroutine#60] DEBUG com.jayway.jsonpath.internal.path.CompiledPath - Evaluating path: $['id']
21:12:20.161 [main @coroutine#60] INFO io.legado.app.model.DebugLog - sourceUrl: https://api-bc.wtzw.com, msg: ��https://api-bc.wtzw.com/api/v4/book/detail?&id=1879528&imei_ip=2937357107&teeny_mode=0&sign=69d58e3945d6c4faa2e4a0fe422df791,{"headers":{"app-version":"51110","platform":"android","reg":"0","AUTHORIZATION":"","application-id":"com.****.reader","net-env":"1","channel":"unknown","qm-params":"","sign":"fc697243ab534ebaf51d2fa80f251cb4"}}
21:12:20.161 [main @coroutine#60] DEBUG com.jayway.jsonpath.internal.path.CompiledPath - Evaluating path: $['original_title']
21:12:20.161 [main @coroutine#60] DEBUG com.jayway.jsonpath.internal.path.CompiledPath - Evaluating path: $['original_author']
21:12:20.161 [main @coroutine#60] DEBUG com.jayway.jsonpath.internal.path.CompiledPath - Evaluating path: $['words_num']
21:12:20.161 [main @coroutine#60] DEBUG com.jayway.jsonpath.internal.path.CompiledPath - Evaluating path: $['intro']
21:12:20.161 [main @coroutine#60] DEBUG com.jayway.jsonpath.internal.path.CompiledPath - Evaluating path: $['ptags']
21:12:20.161 [main @coroutine#60] DEBUG com.jayway.jsonpath.internal.path.CompiledPath - Evaluating path: $['image_link']
21:12:20.161 [main @coroutine#60] DEBUG com.jayway.jsonpath.internal.path.CompiledPath - Evaluating path: $['id']
21:12:20.162 [main @coroutine#60] DEBUG com.jayway.jsonpath.internal.path.CompiledPath - Evaluating path: $['original_title']
21:12:20.162 [main @coroutine#60] DEBUG com.jayway.jsonpath.internal.path.CompiledPath - Evaluating path: $['original_author']
21:12:20.162 [main @coroutine#60] DEBUG com.jayway.jsonpath.internal.path.CompiledPath - Evaluating path: $['words_num']
21:12:20.163 [main @coroutine#60] DEBUG com.jayway.jsonpath.internal.path.CompiledPath - Evaluating path: $['intro']
21:12:20.163 [main @coroutine#60] DEBUG com.jayway.jsonpath.internal.path.CompiledPath - Evaluating path: $['ptags']
21:12:20.163 [main @coroutine#60] DEBUG com.jayway.jsonpath.internal.path.CompiledPath - Evaluating path: $['image_link']
21:12:20.163 [main @coroutine#60] DEBUG com.jayway.jsonpath.internal.path.CompiledPath - Evaluating path: $['id']
21:12:20.164 [main @coroutine#60] DEBUG com.jayway.jsonpath.internal.path.CompiledPath - Evaluating path: $['original_title']
21:12:20.164 [main @coroutine#60] DEBUG com.jayway.jsonpath.internal.path.CompiledPath - Evaluating path: $['original_author']
21:12:20.164 [main @coroutine#60] DEBUG com.jayway.jsonpath.internal.path.CompiledPath - Evaluating path: $['words_num']
21:12:20.164 [main @coroutine#60] DEBUG com.jayway.jsonpath.internal.path.CompiledPath - Evaluating path: $['intro']
21:12:20.164 [main @coroutine#60] DEBUG com.jayway.jsonpath.internal.path.CompiledPath - Evaluating path: $['ptags']
21:12:20.164 [main @coroutine#60] DEBUG com.jayway.jsonpath.internal.path.CompiledPath - Evaluating path: $['image_link']
21:12:20.164 [main @coroutine#60] DEBUG com.jayway.jsonpath.internal.path.CompiledPath - Evaluating path: $['id']
21:12:20.165 [main @coroutine#60] DEBUG com.jayway.jsonpath.internal.path.CompiledPath - Evaluating path: $['original_title']
21:12:20.165 [main @coroutine#60] DEBUG com.jayway.jsonpath.internal.path.CompiledPath - Evaluating path: $['original_author']
21:12:20.165 [main @coroutine#60] DEBUG com.jayway.jsonpath.internal.path.CompiledPath - Evaluating path: $['words_num']
21:12:20.165 [main @coroutine#60] DEBUG com.jayway.jsonpath.internal.path.CompiledPath - Evaluating path: $['intro']
21:12:20.165 [main @coroutine#60] DEBUG com.jayway.jsonpath.internal.path.CompiledPath - Evaluating path: $['ptags']
21:12:20.165 [main @coroutine#60] DEBUG com.jayway.jsonpath.internal.path.CompiledPath - Evaluating path: $['image_link']
21:12:20.165 [main @coroutine#60] DEBUG com.jayway.jsonpath.internal.path.CompiledPath - Evaluating path: $['id']
21:12:20.165 [main @coroutine#60] DEBUG com.jayway.jsonpath.internal.path.CompiledPath - Evaluating path: $['original_title']
21:12:20.165 [main @coroutine#60] DEBUG com.jayway.jsonpath.internal.path.CompiledPath - Evaluating path: $['original_author']
21:12:20.165 [main @coroutine#60] DEBUG com.jayway.jsonpath.internal.path.CompiledPath - Evaluating path: $['words_num']
21:12:20.165 [main @coroutine#60] DEBUG com.jayway.jsonpath.internal.path.CompiledPath - Evaluating path: $['intro']
21:12:20.165 [main @coroutine#60] DEBUG com.jayway.jsonpath.internal.path.CompiledPath - Evaluating path: $['ptags']
21:12:20.165 [main @coroutine#60] DEBUG com.jayway.jsonpath.internal.path.CompiledPath - Evaluating path: $['image_link']
21:12:20.165 [main @coroutine#60] DEBUG com.jayway.jsonpath.internal.path.CompiledPath - Evaluating path: $['id']
21:12:20.166 [main @coroutine#60] DEBUG com.jayway.jsonpath.internal.path.CompiledPath - Evaluating path: $['original_title']
21:12:20.166 [main @coroutine#60] DEBUG com.jayway.jsonpath.internal.path.CompiledPath - Evaluating path: $['original_author']
21:12:20.166 [main @coroutine#60] DEBUG com.jayway.jsonpath.internal.path.CompiledPath - Evaluating path: $['words_num']
21:12:20.166 [main @coroutine#60] DEBUG com.jayway.jsonpath.internal.path.CompiledPath - Evaluating path: $['intro']
21:12:20.166 [main @coroutine#60] DEBUG com.jayway.jsonpath.internal.path.CompiledPath - Evaluating path: $['ptags']
21:12:20.166 [main @coroutine#60] DEBUG com.jayway.jsonpath.internal.path.CompiledPath - Evaluating path: $['image_link']
21:12:20.166 [main @coroutine#60] DEBUG com.jayway.jsonpath.internal.path.CompiledPath - Evaluating path: $['id']
21:12:20.166 [main @coroutine#60] DEBUG com.jayway.jsonpath.internal.path.CompiledPath - Evaluating path: $['original_title']
21:12:20.166 [main @coroutine#60] DEBUG com.jayway.jsonpath.internal.path.CompiledPath - Evaluating path: $['original_author']
21:12:20.166 [main @coroutine#60] DEBUG com.jayway.jsonpath.internal.path.CompiledPath - Evaluating path: $['words_num']
21:12:20.166 [main @coroutine#60] DEBUG com.jayway.jsonpath.internal.path.CompiledPath - Evaluating path: $['intro']
21:12:20.168 [main @coroutine#60] DEBUG com.jayway.jsonpath.internal.path.CompiledPath - Evaluating path: $['ptags']
21:12:20.168 [main @coroutine#60] DEBUG com.jayway.jsonpath.internal.path.CompiledPath - Evaluating path: $['image_link']
21:12:20.168 [main @coroutine#60] DEBUG com.jayway.jsonpath.internal.path.CompiledPath - Evaluating path: $['id']
21:12:20.168 [main @coroutine#60] DEBUG com.jayway.jsonpath.internal.path.CompiledPath - Evaluating path: $['original_title']
21:12:20.168 [main @coroutine#60] DEBUG com.jayway.jsonpath.internal.path.CompiledPath - Evaluating path: $['original_author']
21:12:20.168 [main @coroutine#60] DEBUG com.jayway.jsonpath.internal.path.CompiledPath - Evaluating path: $['words_num']
21:12:20.168 [main @coroutine#60] DEBUG com.jayway.jsonpath.internal.path.CompiledPath - Evaluating path: $['intro']
21:12:20.168 [main @coroutine#60] DEBUG com.jayway.jsonpath.internal.path.CompiledPath - Evaluating path: $['ptags']
21:12:20.168 [main @coroutine#60] DEBUG com.jayway.jsonpath.internal.path.CompiledPath - Evaluating path: $['image_link']
21:12:20.168 [main @coroutine#60] DEBUG com.jayway.jsonpath.internal.path.CompiledPath - Evaluating path: $['id']
21:12:20.169 [main @coroutine#60] DEBUG com.jayway.jsonpath.internal.path.CompiledPath - Evaluating path: $['original_title']
21:12:20.169 [main @coroutine#60] DEBUG com.jayway.jsonpath.internal.path.CompiledPath - Evaluating path: $['original_author']
21:12:20.169 [main @coroutine#60] DEBUG com.jayway.jsonpath.internal.path.CompiledPath - Evaluating path: $['words_num']
21:12:20.169 [main @coroutine#60] DEBUG com.jayway.jsonpath.internal.path.CompiledPath - Evaluating path: $['intro']
21:12:20.169 [main @coroutine#60] DEBUG com.jayway.jsonpath.internal.path.CompiledPath - Evaluating path: $['ptags']
21:12:20.169 [main @coroutine#60] DEBUG com.jayway.jsonpath.internal.path.CompiledPath - Evaluating path: $['image_link']
21:12:20.169 [main @coroutine#60] DEBUG com.jayway.jsonpath.internal.path.CompiledPath - Evaluating path: $['id']
21:12:20.170 [main] INFO cn.kong.app.model.NovelSourceTest -   �������: 10 ��
21:12:20.170 [main] INFO cn.kong.app.model.NovelSourceTest -     [1] �������磺˭�������ɵģ� | �ߵߵı�
21:12:20.170 [main] INFO cn.kong.app.model.NovelSourceTest -     [2] ˭���������±��ģ� | ���˳ٵ�
21:12:20.170 [main] INFO cn.kong.app.model.NovelSourceTest -     [3] �������ɴ� | ��ת������
21:12:20.170 [main] INFO cn.kong.app.model.NovelSourceTest -   --- Step 2: ��ȡ���� ---
21:12:20.170 [OkHttp https://api-bc.wtzw.com/...] DEBUG io.legado.app.model.DebugLog - --> GET https://api-bc.wtzw.com/api/v4/book/detail?id=1879528&imei_ip=2937357107&teeny_mode=0&sign=69d58e3945d6c4faa2e4a0fe422df791 h2
21:12:20.170 [OkHttp https://api-bc.wtzw.com/...] DEBUG io.legado.app.model.DebugLog - net-env: 1
21:12:20.170 [OkHttp https://api-bc.wtzw.com/...] DEBUG io.legado.app.model.DebugLog - reg: 0
21:12:20.170 [OkHttp https://api-bc.wtzw.com/...] DEBUG io.legado.app.model.DebugLog - User-Agent: Mozilla/5.0 (Windows NT 10.0; Win64; x64) AppleWebKit/537.36 (KHTML, like Gecko) Chrome/75.0.3770.142 Safari/537.36
21:12:20.170 [OkHttp https://api-bc.wtzw.com/...] DEBUG io.legado.app.model.DebugLog - channel: unknown
21:12:20.170 [OkHttp https://api-bc.wtzw.com/...] DEBUG io.legado.app.model.DebugLog - sign: fc697243ab534ebaf51d2fa80f251cb4
21:12:20.170 [OkHttp https://api-bc.wtzw.com/...] DEBUG io.legado.app.model.DebugLog - platform: android
21:12:20.170 [OkHttp https://api-bc.wtzw.com/...] DEBUG io.legado.app.model.DebugLog - AUTHORIZATION: 
21:12:20.170 [OkHttp https://api-bc.wtzw.com/...] DEBUG io.legado.app.model.DebugLog - application-id: com.****.reader
21:12:20.170 [OkHttp https://api-bc.wtzw.com/...] DEBUG io.legado.app.model.DebugLog - app-version: 51110
21:12:20.170 [OkHttp https://api-bc.wtzw.com/...] DEBUG io.legado.app.model.DebugLog - qm-params: 
21:12:20.170 [OkHttp https://api-bc.wtzw.com/...] DEBUG io.legado.app.model.DebugLog - Keep-Alive: 300
21:12:20.170 [OkHttp https://api-bc.wtzw.com/...] DEBUG io.legado.app.model.DebugLog - Connection: Keep-Alive
21:12:20.170 [OkHttp https://api-bc.wtzw.com/...] DEBUG io.legado.app.model.DebugLog - Cache-Control: no-cache
21:12:20.170 [OkHttp https://api-bc.wtzw.com/...] DEBUG io.legado.app.model.DebugLog - Host: api-bc.wtzw.com
21:12:20.170 [OkHttp https://api-bc.wtzw.com/...] DEBUG io.legado.app.model.DebugLog - Accept-Encoding: gzip
21:12:20.170 [OkHttp https://api-bc.wtzw.com/...] DEBUG io.legado.app.model.DebugLog - --> END GET
21:12:20.236 [OkHttp https://api-bc.wtzw.com/...] DEBUG io.legado.app.model.DebugLog - <-- 200 https://api-bc.wtzw.com/api/v4/book/detail?id=1879528&imei_ip=2937357107&teeny_mode=0&sign=69d58e3945d6c4faa2e4a0fe422df791 (65ms)
21:12:20.236 [OkHttp https://api-bc.wtzw.com/...] DEBUG io.legado.app.model.DebugLog - date: Fri, 14 Aug 2026 13:12:20 GMT
21:12:20.236 [OkHttp https://api-bc.wtzw.com/...] DEBUG io.legado.app.model.DebugLog - content-type: application/json; charset=utf-8
21:12:20.236 [OkHttp https://api-bc.wtzw.com/...] DEBUG io.legado.app.model.DebugLog - set-cookie: acw_tc=2760822b17867131402147967e7d9dd62365d914ce6e8117f5b8c2b0137675;path=/;HttpOnly;Max-Age=1800
21:12:20.236 [OkHttp https://api-bc.wtzw.com/...] DEBUG io.legado.app.model.DebugLog - req-cost-time: 8
21:12:20.236 [OkHttp https://api-bc.wtzw.com/...] DEBUG io.legado.app.model.DebugLog - req-arrive-time: 1786713140217
21:12:20.236 [OkHttp https://api-bc.wtzw.com/...] DEBUG io.legado.app.model.DebugLog - resp-start-time: 1786713140226
21:12:20.236 [OkHttp https://api-bc.wtzw.com/...] DEBUG io.legado.app.model.DebugLog - x-envoy-upstream-service-time: 8
21:12:20.236 [OkHttp https://api-bc.wtzw.com/...] DEBUG io.legado.app.model.DebugLog - content-encoding: gzip
21:12:20.236 [OkHttp https://api-bc.wtzw.com/...] DEBUG io.legado.app.model.DebugLog - vary: Accept-Encoding
21:12:20.236 [OkHttp https://api-bc.wtzw.com/...] DEBUG io.legado.app.model.DebugLog - server: istio-envoy
21:12:20.236 [OkHttp https://api-bc.wtzw.com/...] DEBUG io.legado.app.model.DebugLog - 
21:12:20.236 [OkHttp https://api-bc.wtzw.com/...] DEBUG io.legado.app.model.DebugLog - {"data":{"book":{"image_link":"https://cdn.wtzw.com/bookimg/public/images/cover/9bf3/71f18e859a0a8ce506068cea99d96c29_360x480.jpg","latest_chapter_id":"17309057980044","latest_chapter_title":"����ʮ�����ٴ������ݲ�����","source":"�ݺ�������","source_id":"83","type":"0","id":"1879528","chapter_ver":"12","update_time":"1730905799","title":"�������磺˭�������ɵģ�","alias_title":"","characters":"����","author":"�ߵߵı�","is_over":"1","dominant_hue":"#405964","words_num":"92747","category1":"203","category2":"219","category1_name":"����","category2_name":"���и���","category_type":"boy","intro":"����������������ĳ��磬�ڱ��̲���÷�����������޷�ʤ������ǰ������������ϵͳ��\n�������������ɣ�������Ѫ���޵С�\n���±��ͣ�һ���ݺ�ѧԺ�޵У�\n��ʲô����˵�������޵У�������������һȭ����\n��ʲô����˵�����Ѫ�纣�����㿴���ҵ���Ѫ���ҵ�һ��Ѫ����һ�����棡��\n�����˻������������ʱ�򣬳�������̤�������ɵ�·;��\n�����ǻ���Ŭ������������ͨ�����ˣ�����\n����\n�����ð��ţ�һ��С���޵������ˡ���","first_chapter_title":"��һ�½���ָ����","first_chapter_content":"����һ�������������ѧԺ����VS����ѧԺ���塣��\n��̨�����쳹ȫ���Ĺ㲥�������ж��е������Լ����۵ĵƹ⡣\n��Ϣ���ڣ�һλ��������Ŀ����Щ���͡�\n�������ǣ���Խ�ˣ���\n�����糱ˮӿ�������Ժ��У�\n������ٽ��ղ���������Щ��Ϣ��������һ���������磬��ԭ�����������ˡ�\n��Ҫ����ԭ����ô���ģ���ɶ�Ҫ��л���ĺá���÷������ͨ��кҩҪ����ս��������������������������ȵ�Ӯ���ⳡ������\nֻ�����������������һ����������������˾綾֮�\n��ԭ��Ҳ������Խ����֮ǰ�����ˡ�\nǰ���ĸ��������ʱ��֪���٣����ͽ��һ���������Ҳ����ò����\n������һ����÷������������÷��������ʶ�����ʱ��ͱ����ġ�\n�����磬��������Ϊ������������εĽ�Ʒ��ҩ�����ô����󣬸���Ҳ���˷ѡ���\n�����������Ͼ�Ҫͻ���ˣ�������ҩ����\n����������ң���ȥ��ֱ�����䣬������Ӯ�ñ����������ҩ��������\n������������������Դ���̧ͷ��ȥ��\n���������ˣ�üͷ΢�壬����ĸ���β���Ͼ��µ����գ���֪���Ƕ����˵İ��¹⡣\n������ֱֱ�����ţ�Ҫ����Ҫ������Ӧ�����·��Ǿ������Ķ���һ�㡣\n�˿̣������������������ǲ��ͣ���������ֱֱ�Ŀ��ų��硣\n��λ����������÷�������ܿ����λ����������÷�������������ȴ�����ڵĳ�����Ż���ѡ�\n��ܿƽ���ﾭ�����ǰ���̧���Լ�����ϲ�����и���ϴ�Խ�����\n�����֮����λPUA����......\n���䵽�������üͷ���塣\n�������ˣ�����ôһ����÷����\n����������˵����ͬʱ����ԭ���е�������\n�����磬���ڸ���˵������\n������˵����վ���ſڵİ�ܿüͷһ�壬���ϵĲ�������Ũ�����������\n��������������ѧԺ���油�������ף���һ��ǰ����ս���������׵ģ���ʲô�����򣿡�\n����������Ȩ��Ϊ����ã������𣡡�\n�������أ���\n������ǹ�����Ц��Ŀ�⵭Ȼ�ؿ��Ű�ܿ��\n���ݼ��䣬���������ѧԺ������ѧԺ�Ľ���������˫��ѧԱ�Ѻý��������ɹ��ı�����\n����˵�ǽ�����������˵����ѹ������ѧԺ�����ķ��涼�����ѧԺǿ��\n�����������һ������ĵط����Ǳ�������ʤ��������˫���������õ�������ҩ������\n�����磬��ʲô��˼���ѵ��㲻Ը�⣿��\n��ܿ����֪����ԭ���Ѿ����ˣ���������˵���ģ��Ǹմ�Խ�����ĳ��硣\n��������Σ���������Σ���\n��������������Ϸ�ʣ����ɲ���ԭ������ô���ױ�PUA��\n��������Ҫ������������������\n��ܿ���ԣ���ɫ��ʱ������ȥ������Ҳ��������\n������������ΪԶ����֮�ϣ�����ʲô������������\n��ʶ��ģ��Ͻ��˳�����������ٰ������µ���ҩ����Ҳ�ó�������\n�����ұߵĿڴ��԰ɣ������Ͻ���������\n������û�У���\n˵�ţ���̧��Ҫȥ�ͳ���Ŀڴ���\n����ÿ��Ҳ�ǳ��������ó���\n��������\n��������������һ�����Ŀ���ܿ��С�֡�\nԭ������û�ж�����Դ����α�����õ���ҩ����ϡȱ�ޱȡ�\n���ڰ�ܿ��ֹ��Ҫ���ó�����µ���ҩ����������Ҫ���������õ���ҩ������������֮�����������е����ġ�\n��ܿ���ִ�ɺ����������ŵĿ��ų��硣\n�����Ȼ�Һ��ң���\n������ӡ���У�ԭ��Ӧ���������������������������ˣ�����һ��������˳�Ĺ���\nһ��������Ȼ�ᷴ���ˣ�\n��ܿ����ɫ�����������������\n�������û�������㣬��ʱ��������̨�ϣ���û�˸�����ʬ����\n��һ����Ь��Ҳ��϶��ҵ���Ӯ����\n���絭Į���������ð�ֱܿ��ţ�����Ȼ������һ����Ь��\n��������......�㾹�����ң�����\n����ľ��������ɵ�档��\n����üͷ�����������ĵ����������Ͼͻ���̨�����Ǹ������˴�ſ�¡�\n�������㣬����ȥ����Ժ���������Է�������ȫ��С����ȫ�������ļһ��\n����˵ʲô����\n��ܿ�����Ʒ����̲�ס���һ������������Χ�˵�ע�⡣\n�˿���������ļ���Ҫ�γ�Ѫ�����ؿھ��������\n�������Ҳ�ǿ����˰�����\n��̯����ôһ����÷��������Ұ�����\n��ܿ������Χ�˵Ļ�����ɫ�ѿ�����������͵��ű���аɣ�������Ϊһ�����ˣ���\n����ʱ���֪������������Ϊ����ã���\n��˵�Ŷ�ݺݵĿ��˳���һ�ۣ�ת����ȥ��\n����ҡҡͷ��ǰ������ô���������̲�Ů�ġ�\n������Ȼ��ˬ�ˣ����ǽ�����ǰ�ı�����ȴ�Ƕ㲻��ȥ�ˡ�\n���Ҳ�������ף����Ǹ������Ѿ��������ˣ�ʵ������̫�󣬲��ð찡����\n���������ȥ������̾����\n���ڴ�ʱ��\n����������\nһ�������������Ȼ�ڳ�����Ժ������𣬳������Ҳ�ڴ˿̷�����\n������ָ�����ˡ���\n����⵽��������������磬����ϵͳ�Ѽ����\n�����ɣ����䣿��\n�����ϲ�����Ǵ˿������û���ˣ���һ�����̲�ס������Ц������\n�����ɶԸ��䣬����ô���Ҷ��벻�������������Ż��䣿��\n�����������磬���䣺18��\n���������ޡ�\n�����ܣ��ޡ�\n������ֵ���ޡ�\n��ע������ֵΪ����һ����ĵر�����Ϊ����ֵ�������ڳ齱��������Ϊ�����Ӽ��������ȵȡ�\n����ĵر�����\n�������¿ɷ����ˣ�������һ��ƶ���ѧ����ƽʱ��������Դ����ѧԺ����������������ʲô��ŵر���\n����������⵽���������п����ɵ�����Ƿ����ɣ���\n���������У���\n����󾪣����漴�����뵽����һƿѧԺÿ���¶��Ჹ������ҩ�������Һ��\n�����ó����Һ��û��˿����ԥ˵���������ɡ���\n���ɺ͸��䣬���붼������룬�������ɣ�����ԥһ�붼�Ƕ����ɵĲ����ء�\n�������С���������ϣ���ǰ����ֵ����100��\n��ϵͳ��������ȫ��ת��Ϊ��Ϊ�Ļ�������������ʲô��Ϊ����\n����������������һ������Ϊ���󲿷���Ϊ������ԼΪ����һ�㣬ȫ������������Ϊ���ɽ���������Ϊ�������������㣬�Ƿ���������\n���ǡ���\n������Ͻ�����ֵȫ���㵽����Ϊ�ϣ�������û�й�����Ҳû�м��ܣ�����ֵ��ֻ��������Ϊ�ϡ�\nԭ��֮ǰ����������ȭ���͡���ɽ�ơ�������������������Ϊϵͳ�����ϣ���������ֵҲ�޷������������ϡ�\n�����粢���ں�����£������������������㣬��������׵���������ǿŨ��Ϊ����һ�㣬����һ�������׵ĸ������ߣ���������û���κ�ѹ����\n��������ǰ��Ϊ�������ڣ����㡿\n","first_chapter_id":"17296092030001","second_chapter_id":"17296092030002","chapters":"44","label":"","statement":"����Ʒ�ɡ��ݺ�����������Ȩ��è����Ȩ�ɡ��ݺ��������������������ʿ���ϵ��fawu@qimao.com�����ڰ����뷴������ϵ����","link":"https://cdn.wtzw.com/bookimg/shuku/book_download/8d/1879528672b86c77e2da_1.zip","attribute":{"leaderboard":"","leaderboard_title":"","leaderboard_jump_url":"","popularity":"1.9","popularity_title":"���������","reading":"1.8","reading_title":"�ڶ�����������","score":"8.4","score_title":"����80%��ͬ����","reading_info_list":["1.9��","����?���������","1246","���ڶ�?�ڶ�����������"],"rank_title":"","rank_jump_url":"","rank_type":""},"is_show_delete_line":"0","chapter_list_desc":"����� ��44��","update_time_desc":"","category_over_words":"���и���?���?10����","book_tag_list":[{"id":"526","title":"�Զ�","stat_code":"detail_tag_1_click"},{"id":"840","title":"����","stat_code":"detail_tag_2_click"},{"id":"782","title":"ϵͳ","stat_code":"detail_tag_3_click"},{"id":"1","title":"��Ѫ","stat_code":"detail_tag_4_click"},{"id":"373","title":"��Խ","stat_code":"detail_tag_5_click"},{"id":"717","title":"����","stat_code":"detail_tag_6_click"},{"id":"758","title":"����","stat_code":"detail_tag_7_click"}],"book_preference":"1","publish_desc_list":[],"share_link":"https://app-share.wtzw.com/app-h5/freebook/article-detail/1879528","share_image_link":""},"comment":{"comment_count":"0","next_id":"","tag_list":[],"comment_list":[],"comment_switch":"1"},"id":"1879528","type":"books","title":"��Ʒ"}}
21:12:20.236 [OkHttp https://api-bc.wtzw.com/...] DEBUG io.legado.app.model.DebugLog - <-- END HTTP (10229-byte, 5428-gzipped-byte body)
21:12:20.237 [main @coroutine#61] INFO io.legado.app.model.DebugLog - sourceUrl: https://api-bc.wtzw.com, msg: �Ի�ȡ�ɹ�:https://api-bc.wtzw.com/api/v4/book/detail?&id=1879528&imei_ip=2937357107&teeny_mode=0&sign=69d58e3945d6c4faa2e4a0fe422df791,{"headers":{"app-version":"51110","platform":"android","reg":"0","AUTHORIZATION":"","application-id":"com.****.reader","net-env":"1","channel":"unknown","qm-params":"","sign":"fc697243ab534ebaf51d2fa80f251cb4"}}
21:12:20.237 [main @coroutine#61] INFO io.legado.app.model.DebugLog - sourceUrl: https://api-bc.wtzw.com, msg: ��ִ������ҳ��ʼ������
21:12:20.237 [main @coroutine#61] DEBUG com.jayway.jsonpath.internal.path.CompiledPath - Evaluating path: $['data']['book']
21:12:20.238 [main @coroutine#61] INFO io.legado.app.model.DebugLog - sourceUrl: https://api-bc.wtzw.com, msg: ����ȡ����
21:12:20.238 [main @coroutine#61] DEBUG com.jayway.jsonpath.internal.path.CompiledPath - Evaluating path: $['id']
21:12:20.238 [main @coroutine#61] DEBUG com.jayway.jsonpath.internal.path.CompiledPath - Evaluating path: $['title']
21:12:20.238 [main @coroutine#61] INFO io.legado.app.model.DebugLog - sourceUrl: https://api-bc.wtzw.com, msg: ���������磺˭�������ɵģ�
21:12:20.238 [main @coroutine#61] INFO io.legado.app.model.DebugLog - sourceUrl: https://api-bc.wtzw.com, msg: ����ȡ����
21:12:20.238 [main @coroutine#61] DEBUG com.jayway.jsonpath.internal.path.CompiledPath - Evaluating path: $['author']
21:12:20.238 [main @coroutine#61] INFO io.legado.app.model.DebugLog - sourceUrl: https://api-bc.wtzw.com, msg: ���ߵߵı�
21:12:20.238 [main @coroutine#61] INFO io.legado.app.model.DebugLog - sourceUrl: https://api-bc.wtzw.com, msg: ����ȡ����
21:12:20.239 [main @coroutine#61] DEBUG com.jayway.jsonpath.internal.path.CompiledPath - Evaluating path: $['update_time']
21:12:20.239 [main @coroutine#61] INFO io.legado.app.model.DebugLog - sourceUrl: https://api-bc.wtzw.com, msg: ��2024/11/06
21:12:20.240 [main @coroutine#61] INFO io.legado.app.model.DebugLog - sourceUrl: https://api-bc.wtzw.com, msg: ����ȡ����
21:12:20.240 [main @coroutine#61] DEBUG com.jayway.jsonpath.internal.path.CompiledPath - Evaluating path: $['words_num']
21:12:20.240 [main @coroutine#61] INFO io.legado.app.model.DebugLog - sourceUrl: https://api-bc.wtzw.com, msg: ��9.3����
21:12:20.240 [main @coroutine#61] INFO io.legado.app.model.DebugLog - sourceUrl: https://api-bc.wtzw.com, msg: ����ȡ�����½�
21:12:20.240 [main @coroutine#61] DEBUG com.jayway.jsonpath.internal.path.CompiledPath - Evaluating path: $['latest_chapter_title']
21:12:20.240 [main @coroutine#61] INFO io.legado.app.model.DebugLog - sourceUrl: https://api-bc.wtzw.com, msg: ������ʮ�����ٴ������ݲ�����
21:12:20.240 [main @coroutine#61] INFO io.legado.app.model.DebugLog - sourceUrl: https://api-bc.wtzw.com, msg: ����ȡ���
21:12:20.240 [main @coroutine#61] DEBUG com.jayway.jsonpath.internal.path.CompiledPath - Evaluating path: $['intro']
21:12:20.240 [main @coroutine#61] DEBUG com.jayway.jsonpath.internal.path.CompiledPath - Evaluating path: $['book_tag_list'][*]['title']
21:12:20.241 [main @coroutine#61] INFO io.legado.app.model.DebugLog - sourceUrl: https://api-bc.wtzw.com, msg: ����������??   �Զ�,����,ϵͳ,��Ѫ,��Խ,����,����
����?
��������������������ĳ��磬�ڱ��̲���÷�����������޷�ʤ������ǰ������������ϵͳ��
�����������������ɣ�������Ѫ���޵С�
�������±��ͣ�һ���ݺ�ѧԺ�޵У�
������ʲô����˵�������޵У�������������һȭ����
������ʲô����˵�����Ѫ�纣��
�������㿴���ҵ���Ѫ���ҵ�һ��Ѫ����һ�����棡��
���������˻������������ʱ�򣬳�������̤�������ɵ�·;��
���������ǻ���Ŭ������������ͨ�����ˣ�����
��������
���������ð��ţ�һ��С���޵������ˡ���
����
21:12:20.241 [main @coroutine#61] INFO io.legado.app.model.DebugLog - sourceUrl: https://api-bc.wtzw.com, msg: ����ȡ��������
21:12:20.241 [main @coroutine#61] DEBUG com.jayway.jsonpath.internal.path.CompiledPath - Evaluating path: $['image_link']
21:12:20.241 [main @coroutine#61] INFO io.legado.app.model.DebugLog - sourceUrl: https://api-bc.wtzw.com, msg: ��https://cdn.wtzw.com/bookimg/public/images/cover/9bf3/71f18e859a0a8ce506068cea99d96c29_360x480.jpg
21:12:20.241 [main @coroutine#61] INFO io.legado.app.model.DebugLog - sourceUrl: https://api-bc.wtzw.com, msg: ����ȡĿ¼����
21:12:20.241 [main @coroutine#61] DEBUG com.jayway.jsonpath.internal.path.CompiledPath - Evaluating path: $['id']
21:12:20.242 [main @coroutine#61] INFO io.legado.app.model.DebugLog - sourceUrl: https://api-bc.wtzw.com, msg: ��https://api-ks.wtzw.com/api/v1/chapter/chapter-list?&id=1879528&sign=7e234f88be9b8e7b6dd7d5778200137b,
21:12:20.242 [main] INFO cn.kong.app.model.NovelSourceTest -   ����: �������磺˭�������ɵģ� | ����: �ߵߵı�
21:12:20.242 [main] INFO cn.kong.app.model.NovelSourceTest -   ���: ��������??   �Զ�,����,ϵͳ,��Ѫ,��Խ,����,����
����?
��������������������ĳ��磬�ڱ��̲���÷�����������޷�ʤ������ǰ������������ϵͳ��
�����������������ɣ�������Ѫ���޵С�
����...
21:12:20.242 [main] INFO cn.kong.app.model.NovelSourceTest -   --- Step 3: ��ȡĿ¼ ---
21:12:20.243 [OkHttp https://api-ks.wtzw.com/...] DEBUG io.legado.app.model.DebugLog - --> GET https://api-ks.wtzw.com/api/v1/chapter/chapter-list?id=1879528&sign=7e234f88be9b8e7b6dd7d5778200137b, h2
21:12:20.243 [OkHttp https://api-ks.wtzw.com/...] DEBUG io.legado.app.model.DebugLog - User-Agent: Mozilla/5.0 (Windows NT 10.0; Win64; x64) AppleWebKit/537.36 (KHTML, like Gecko) Chrome/75.0.3770.142 Safari/537.36
21:12:20.243 [OkHttp https://api-ks.wtzw.com/...] DEBUG io.legado.app.model.DebugLog - Keep-Alive: 300
21:12:20.243 [OkHttp https://api-ks.wtzw.com/...] DEBUG io.legado.app.model.DebugLog - Connection: Keep-Alive
21:12:20.243 [OkHttp https://api-ks.wtzw.com/...] DEBUG io.legado.app.model.DebugLog - Cache-Control: no-cache
21:12:20.243 [OkHttp https://api-ks.wtzw.com/...] DEBUG io.legado.app.model.DebugLog - Host: api-ks.wtzw.com
21:12:20.243 [OkHttp https://api-ks.wtzw.com/...] DEBUG io.legado.app.model.DebugLog - Accept-Encoding: gzip
21:12:20.243 [OkHttp https://api-ks.wtzw.com/...] DEBUG io.legado.app.model.DebugLog - --> END GET
21:12:20.301 [OkHttp https://api-ks.wtzw.com/...] DEBUG io.legado.app.model.DebugLog - <-- 200 https://api-ks.wtzw.com/api/v1/chapter/chapter-list?id=1879528&sign=7e234f88be9b8e7b6dd7d5778200137b, (58ms)
21:12:20.301 [OkHttp https://api-ks.wtzw.com/...] DEBUG io.legado.app.model.DebugLog - content-type: application/json; charset=utf-8
21:12:20.301 [OkHttp https://api-ks.wtzw.com/...] DEBUG io.legado.app.model.DebugLog - date: Fri, 14 Aug 2026 13:12:20 GMT
21:12:20.301 [OkHttp https://api-ks.wtzw.com/...] DEBUG io.legado.app.model.DebugLog - content-length: 131
21:12:20.301 [OkHttp https://api-ks.wtzw.com/...] DEBUG io.legado.app.model.DebugLog - req-cost-time: 7
21:12:20.301 [OkHttp https://api-ks.wtzw.com/...] DEBUG io.legado.app.model.DebugLog - req-arrive-time: 1786713140287
21:12:20.301 [OkHttp https://api-ks.wtzw.com/...] DEBUG io.legado.app.model.DebugLog - resp-start-time: 1786713140294
21:12:20.301 [OkHttp https://api-ks.wtzw.com/...] DEBUG io.legado.app.model.DebugLog - x-envoy-upstream-service-time: 7
21:12:20.301 [OkHttp https://api-ks.wtzw.com/...] DEBUG io.legado.app.model.DebugLog - server: istio-envoy
21:12:20.301 [OkHttp https://api-ks.wtzw.com/...] DEBUG io.legado.app.model.DebugLog - 
21:12:20.301 [OkHttp https://api-ks.wtzw.com/...] DEBUG io.legado.app.model.DebugLog - {"errors":{"id":"0","code":"44010120","level":"1","status":"200","title":"��ǩʧ��","popup_title":"","details":"��ǩʧ��"}}
21:12:20.301 [OkHttp https://api-ks.wtzw.com/...] DEBUG io.legado.app.model.DebugLog - <-- END HTTP (131-byte body)
21:12:20.302 [main @coroutine#62] INFO io.legado.app.model.DebugLog - sourceUrl: https://api-bc.wtzw.com, msg: �Ի�ȡ�ɹ�:https://api-ks.wtzw.com/api/v1/chapter/chapter-list?&id=1879528&sign=7e234f88be9b8e7b6dd7d5778200137b,
21:12:20.302 [main @coroutine#62] INFO io.legado.app.model.DebugLog - sourceUrl: https://api-bc.wtzw.com, msg: ����ȡĿ¼�б�
21:12:20.302 [main @coroutine#62] DEBUG com.jayway.jsonpath.internal.path.CompiledPath - Evaluating path: $['data']['chapter_lists']
com.jayway.jsonpath.PathNotFoundException: Missing property in path $['data']
21:12:20.302 [main @coroutine#62] INFO io.legado.app.model.DebugLog - sourceUrl: https://api-bc.wtzw.com, msg: ���б��С:0
21:12:20.302 [main] ERROR cn.kong.app.model.NovelSourceTest -   �ؼ��� [˭�������ɵ�] ���������쳣: Ŀ¼Ϊ��
io.legado.app.exception.TocEmptyException: Ŀ¼Ϊ��
21:12:20.302 [main] INFO cn.kong.app.model.NovelSourceTest - 
========== ��Դ�������̲������ ==========
[INFO] Tests run: 1, Failures: 0, Errors: 0, Skipped: 0, Time elapsed: 45.527 s - in cn.kong.app.model.NovelSourceTest
[INFO] 
[INFO] Results:
[INFO] 
[INFO] Tests run: 1, Failures: 0, Errors: 0, Skipped: 0
[INFO] 
[INFO] 
[INFO] --- jacoco-maven-plugin:0.8.11:report (report) @ reader-engine ---
[INFO] Loading execution data file E:\WorkSpace\IDEA\reader-engine\target\jacoco.exec
[INFO] Analyzed bundle 'reader-engine' with 200 classes
[WARNING] Classes in bundle 'reader-engine' do not match with execution data. For report generation the same class files must be used as at runtime.
[WARNING] Execution data for class io/legado/app/data/entities/BookSource does not match.
[WARNING] Execution data for class io/legado/app/utils/EncoderUtils does not match.
[WARNING] Execution data for class io/legado/app/model/analyzeRule/AnalyzeRule does not match.
[WARNING] Execution data for class io/legado/app/model/analyzeRule/AnalyzeUrl does not match.
[WARNING] Execution data for class io/legado/app/help/JsExtensions$DefaultImpls does not match.
[WARNING] Execution data for class io/legado/app/data/entities/BaseSource$DefaultImpls does not match.
[INFO] ------------------------------------------------------------------------
[INFO] BUILD SUCCESS
[INFO] ------------------------------------------------------------------------
[INFO] Total time:  01:24 min
[INFO] Finished at: 2026-08-14T21:12:21+08:00
[INFO] ------------------------------------------------------------------------
